[2026-05-01T19:50:11.194+0000] {local_task_job_runner.py:120} INFO - ::group::Pre task execution logs
[2026-05-01T19:50:11.235+0000] {taskinstance.py:2076} INFO - Dependencies all met for dep_context=non-requeueable deps ti=<TaskInstance: coffee_pipeline.dbt_staging scheduled__2025-01-10T00:00:00+00:00 [queued]>
[2026-05-01T19:50:11.253+0000] {taskinstance.py:2076} INFO - Dependencies all met for dep_context=requeueable deps ti=<TaskInstance: coffee_pipeline.dbt_staging scheduled__2025-01-10T00:00:00+00:00 [queued]>
[2026-05-01T19:50:11.254+0000] {taskinstance.py:2306} INFO - Starting attempt 1 of 2
[2026-05-01T19:50:11.290+0000] {taskinstance.py:2330} INFO - Executing <Task(BashOperator): dbt_staging> on 2025-01-10 00:00:00+00:00
[2026-05-01T19:50:11.321+0000] {warnings.py:112} WARNING - /home/***/.local/lib/python3.12/site-packages/***/task/task_runner/standard_task_runner.py:62: DeprecationWarning: This process (pid=1329) is multi-threaded, use of fork() may lead to deadlocks in the child.
  pid = os.fork()

[2026-05-01T19:50:11.332+0000] {standard_task_runner.py:64} INFO - Started process 1331 to run task
[2026-05-01T19:50:11.327+0000] {standard_task_runner.py:90} INFO - Running: ['***', 'tasks', 'run', 'coffee_pipeline', 'dbt_staging', 'scheduled__2025-01-10T00:00:00+00:00', '--job-id', '58', '--raw', '--subdir', 'DAGS_FOLDER/coffee_pipeline.py', '--cfg-path', '/tmp/tmph57hjyij']
[2026-05-01T19:50:11.338+0000] {standard_task_runner.py:91} INFO - Job 58: Subtask dbt_staging
[2026-05-01T19:50:11.481+0000] {task_command.py:426} INFO - Running <TaskInstance: coffee_pipeline.dbt_staging scheduled__2025-01-10T00:00:00+00:00 [running]> on host ***-worker
[2026-05-01T19:50:11.658+0000] {taskinstance.py:2648} INFO - Exporting env vars: AIRFLOW_CTX_DAG_OWNER='Khangelani' AIRFLOW_CTX_DAG_ID='coffee_pipeline' AIRFLOW_CTX_TASK_ID='dbt_staging' AIRFLOW_CTX_EXECUTION_DATE='2025-01-10T00:00:00+00:00' AIRFLOW_CTX_TRY_NUMBER='1' AIRFLOW_CTX_DAG_RUN_ID='scheduled__2025-01-10T00:00:00+00:00'
[2026-05-01T19:50:11.663+0000] {taskinstance.py:430} INFO - ::endgroup::
[2026-05-01T19:50:11.667+0000] {subprocess.py:63} INFO - Tmp dir root location: /tmp
[2026-05-01T19:50:11.670+0000] {subprocess.py:75} INFO - Running command: ['/usr/bin/bash', '-c', '\n        cd /opt/***/project/transform/coffee_project &&\n        dbt run --select staging --target prod\n        ']
[2026-05-01T19:50:11.691+0000] {subprocess.py:86} INFO - Output:
[2026-05-01T19:50:15.175+0000] {subprocess.py:93} INFO - [0m19:50:15  Running with dbt=1.8.7
[2026-05-01T19:50:18.722+0000] {subprocess.py:93} INFO - [0m19:50:18  Registered adapter: bigquery=1.9.2
[2026-05-01T19:50:19.231+0000] {subprocess.py:93} INFO - [0m19:50:19  [[33mWARNING[0m]: Configuration paths exist in your dbt_project.yml file which do not apply to any resources.
[2026-05-01T19:50:19.233+0000] {subprocess.py:93} INFO - There are 1 unused configuration paths:
[2026-05-01T19:50:19.235+0000] {subprocess.py:93} INFO - - models.coffee_project.example
[2026-05-01T19:50:19.602+0000] {subprocess.py:93} INFO - [0m19:50:19  Found 5 models, 2 data tests, 1 source, 489 macros
[2026-05-01T19:50:19.611+0000] {subprocess.py:93} INFO - [0m19:50:19
[2026-05-01T19:50:23.228+0000] {subprocess.py:93} INFO - [0m19:50:23  Concurrency: 4 threads (target='prod')
[2026-05-01T19:50:23.232+0000] {subprocess.py:93} INFO - [0m19:50:23
[2026-05-01T19:50:23.252+0000] {subprocess.py:93} INFO - [0m19:50:23  1 of 1 START sql view model coffee_prod.staging_lower_manhattan ................ [RUN]
[2026-05-01T19:50:27.786+0000] {subprocess.py:93} INFO - [0m19:50:27  1 of 1 OK created sql view model coffee_prod.staging_lower_manhattan ........... [[32mCREATE VIEW (0 processed)[0m in 4.52s]
[2026-05-01T19:50:27.866+0000] {subprocess.py:93} INFO - [0m19:50:27
[2026-05-01T19:50:27.870+0000] {subprocess.py:93} INFO - [0m19:50:27  Finished running 1 view model in 0 hours 0 minutes and 8.25 seconds (8.25s).
[2026-05-01T19:50:28.313+0000] {subprocess.py:93} INFO - [0m19:50:28
[2026-05-01T19:50:28.316+0000] {subprocess.py:93} INFO - [0m19:50:28  [32mCompleted successfully[0m
[2026-05-01T19:50:28.320+0000] {subprocess.py:93} INFO - [0m19:50:28
[2026-05-01T19:50:28.323+0000] {subprocess.py:93} INFO - [0m19:50:28  Done. PASS=1 WARN=0 ERROR=0 SKIP=0 TOTAL=1
[2026-05-01T19:50:30.943+0000] {subprocess.py:97} INFO - Command exited with return code 0
[2026-05-01T19:50:30.946+0000] {taskinstance.py:441} INFO - ::group::Post task execution logs
[2026-05-01T19:50:30.976+0000] {taskinstance.py:1206} INFO - Marking task as SUCCESS. dag_id=coffee_pipeline, task_id=dbt_staging, run_id=scheduled__2025-01-10T00:00:00+00:00, execution_date=20250110T000000, start_date=20260501T195011, end_date=20260501T195030
[2026-05-01T19:50:31.041+0000] {local_task_job_runner.py:243} INFO - Task exited with return code 0
[2026-05-01T19:50:31.092+0000] {taskinstance.py:3503} INFO - 1 downstream tasks scheduled from follow-on schedule check
[2026-05-01T19:50:31.096+0000] {local_task_job_runner.py:222} INFO - ::endgroup::
