[2026-05-01T19:57:42.518+0000] {local_task_job_runner.py:120} INFO - ::group::Pre task execution logs
[2026-05-01T19:57:42.555+0000] {taskinstance.py:2076} INFO - Dependencies all met for dep_context=non-requeueable deps ti=<TaskInstance: coffee_pipeline.dbt_staging scheduled__2025-01-15T00:00:00+00:00 [queued]>
[2026-05-01T19:57:42.569+0000] {taskinstance.py:2076} INFO - Dependencies all met for dep_context=requeueable deps ti=<TaskInstance: coffee_pipeline.dbt_staging scheduled__2025-01-15T00:00:00+00:00 [queued]>
[2026-05-01T19:57:42.570+0000] {taskinstance.py:2306} INFO - Starting attempt 1 of 2
[2026-05-01T19:57:42.597+0000] {taskinstance.py:2330} INFO - Executing <Task(BashOperator): dbt_staging> on 2025-01-15 00:00:00+00:00
[2026-05-01T19:57:42.606+0000] {warnings.py:112} WARNING - /home/***/.local/lib/python3.12/site-packages/***/task/task_runner/standard_task_runner.py:62: DeprecationWarning: This process (pid=1709) is multi-threaded, use of fork() may lead to deadlocks in the child.
  pid = os.fork()

[2026-05-01T19:57:42.610+0000] {standard_task_runner.py:64} INFO - Started process 1718 to run task
[2026-05-01T19:57:42.619+0000] {standard_task_runner.py:90} INFO - Running: ['***', 'tasks', 'run', 'coffee_pipeline', 'dbt_staging', 'scheduled__2025-01-15T00:00:00+00:00', '--job-id', '83', '--raw', '--subdir', 'DAGS_FOLDER/coffee_pipeline.py', '--cfg-path', '/tmp/tmpambv4i4e']
[2026-05-01T19:57:42.622+0000] {standard_task_runner.py:91} INFO - Job 83: Subtask dbt_staging
[2026-05-01T19:57:42.704+0000] {task_command.py:426} INFO - Running <TaskInstance: coffee_pipeline.dbt_staging scheduled__2025-01-15T00:00:00+00:00 [running]> on host ***-worker
[2026-05-01T19:57:42.911+0000] {taskinstance.py:2648} INFO - Exporting env vars: AIRFLOW_CTX_DAG_OWNER='Khangelani' AIRFLOW_CTX_DAG_ID='coffee_pipeline' AIRFLOW_CTX_TASK_ID='dbt_staging' AIRFLOW_CTX_EXECUTION_DATE='2025-01-15T00:00:00+00:00' AIRFLOW_CTX_TRY_NUMBER='1' AIRFLOW_CTX_DAG_RUN_ID='scheduled__2025-01-15T00:00:00+00:00'
[2026-05-01T19:57:42.915+0000] {taskinstance.py:430} INFO - ::endgroup::
[2026-05-01T19:57:42.921+0000] {subprocess.py:63} INFO - Tmp dir root location: /tmp
[2026-05-01T19:57:42.926+0000] {subprocess.py:75} INFO - Running command: ['/usr/bin/bash', '-c', '\n        cd /opt/***/project/transform/coffee_project &&\n        dbt run --select staging --target prod\n        ']
[2026-05-01T19:57:42.981+0000] {subprocess.py:86} INFO - Output:
[2026-05-01T19:57:52.521+0000] {subprocess.py:93} INFO - [0m19:57:52  Running with dbt=1.8.7
[2026-05-01T19:58:04.238+0000] {subprocess.py:93} INFO - [0m19:58:04  Registered adapter: bigquery=1.9.2
[2026-05-01T19:58:05.966+0000] {subprocess.py:93} INFO - [0m19:58:05  [[33mWARNING[0m]: Configuration paths exist in your dbt_project.yml file which do not apply to any resources.
[2026-05-01T19:58:05.969+0000] {subprocess.py:93} INFO - There are 1 unused configuration paths:
[2026-05-01T19:58:05.971+0000] {subprocess.py:93} INFO - - models.coffee_project.example
[2026-05-01T19:58:06.603+0000] {subprocess.py:93} INFO - [0m19:58:06  Found 5 models, 2 data tests, 1 source, 489 macros
[2026-05-01T19:58:06.616+0000] {subprocess.py:93} INFO - [0m19:58:06
[2026-05-01T19:58:10.577+0000] {subprocess.py:93} INFO - [0m19:58:10  Concurrency: 4 threads (target='prod')
[2026-05-01T19:58:10.581+0000] {subprocess.py:93} INFO - [0m19:58:10
[2026-05-01T19:58:10.606+0000] {subprocess.py:93} INFO - [0m19:58:10  1 of 1 START sql view model coffee_prod.staging_lower_manhattan ................ [RUN]
[2026-05-01T19:58:15.232+0000] {subprocess.py:93} INFO - [0m19:58:15  1 of 1 OK created sql view model coffee_prod.staging_lower_manhattan ........... [[32mCREATE VIEW (0 processed)[0m in 4.61s]
[2026-05-01T19:58:15.303+0000] {subprocess.py:93} INFO - [0m19:58:15
[2026-05-01T19:58:15.306+0000] {subprocess.py:93} INFO - [0m19:58:15  Finished running 1 view model in 0 hours 0 minutes and 8.68 seconds (8.68s).
[2026-05-01T19:58:15.686+0000] {subprocess.py:93} INFO - [0m19:58:15
[2026-05-01T19:58:15.693+0000] {subprocess.py:93} INFO - [0m19:58:15  [32mCompleted successfully[0m
[2026-05-01T19:58:15.701+0000] {subprocess.py:93} INFO - [0m19:58:15
[2026-05-01T19:58:15.705+0000] {subprocess.py:93} INFO - [0m19:58:15  Done. PASS=1 WARN=0 ERROR=0 SKIP=0 TOTAL=1
[2026-05-01T19:58:18.226+0000] {subprocess.py:97} INFO - Command exited with return code 0
[2026-05-01T19:58:18.229+0000] {taskinstance.py:441} INFO - ::group::Post task execution logs
[2026-05-01T19:58:18.266+0000] {taskinstance.py:1206} INFO - Marking task as SUCCESS. dag_id=coffee_pipeline, task_id=dbt_staging, run_id=scheduled__2025-01-15T00:00:00+00:00, execution_date=20250115T000000, start_date=20260501T195742, end_date=20260501T195818
[2026-05-01T19:58:18.314+0000] {local_task_job_runner.py:243} INFO - Task exited with return code 0
[2026-05-01T19:58:18.347+0000] {taskinstance.py:3503} INFO - 1 downstream tasks scheduled from follow-on schedule check
[2026-05-01T19:58:18.350+0000] {local_task_job_runner.py:222} INFO - ::endgroup::
