[2026-05-01T15:23:18.633+0000] {local_task_job_runner.py:120} INFO - ::group::Pre task execution logs
[2026-05-01T15:23:18.662+0000] {taskinstance.py:2076} INFO - Dependencies all met for dep_context=non-requeueable deps ti=<TaskInstance: coffee_pipeline.dbt_staging scheduled__2025-01-02T00:00:00+00:00 [queued]>
[2026-05-01T15:23:18.673+0000] {taskinstance.py:2076} INFO - Dependencies all met for dep_context=requeueable deps ti=<TaskInstance: coffee_pipeline.dbt_staging scheduled__2025-01-02T00:00:00+00:00 [queued]>
[2026-05-01T15:23:18.674+0000] {taskinstance.py:2306} INFO - Starting attempt 1 of 2
[2026-05-01T15:23:18.691+0000] {taskinstance.py:2330} INFO - Executing <Task(BashOperator): dbt_staging> on 2025-01-02 00:00:00+00:00
[2026-05-01T15:23:18.699+0000] {warnings.py:112} WARNING - /home/***/.local/lib/python3.12/site-packages/***/task/task_runner/standard_task_runner.py:62: DeprecationWarning: This process (pid=178) is multi-threaded, use of fork() may lead to deadlocks in the child.
  pid = os.fork()

[2026-05-01T15:23:18.702+0000] {standard_task_runner.py:64} INFO - Started process 180 to run task
[2026-05-01T15:23:18.703+0000] {standard_task_runner.py:90} INFO - Running: ['***', 'tasks', 'run', 'coffee_pipeline', 'dbt_staging', 'scheduled__2025-01-02T00:00:00+00:00', '--job-id', '9', '--raw', '--subdir', 'DAGS_FOLDER/coffee_pipeline.py', '--cfg-path', '/tmp/tmpzm5sqmyk']
[2026-05-01T15:23:18.705+0000] {standard_task_runner.py:91} INFO - Job 9: Subtask dbt_staging
[2026-05-01T15:23:18.772+0000] {task_command.py:426} INFO - Running <TaskInstance: coffee_pipeline.dbt_staging scheduled__2025-01-02T00:00:00+00:00 [running]> on host 689d755758de
[2026-05-01T15:23:18.865+0000] {taskinstance.py:2648} INFO - Exporting env vars: AIRFLOW_CTX_DAG_OWNER='Khangelani' AIRFLOW_CTX_DAG_ID='coffee_pipeline' AIRFLOW_CTX_TASK_ID='dbt_staging' AIRFLOW_CTX_EXECUTION_DATE='2025-01-02T00:00:00+00:00' AIRFLOW_CTX_TRY_NUMBER='1' AIRFLOW_CTX_DAG_RUN_ID='scheduled__2025-01-02T00:00:00+00:00'
[2026-05-01T15:23:18.868+0000] {taskinstance.py:430} INFO - ::endgroup::
[2026-05-01T15:23:18.871+0000] {subprocess.py:63} INFO - Tmp dir root location: /tmp
[2026-05-01T15:23:18.873+0000] {subprocess.py:75} INFO - Running command: ['/usr/bin/bash', '-c', '\n        cd /opt/***/project/transform/coffee_project\n        dbt run --select staging --target prod\n        ']
[2026-05-01T15:23:18.889+0000] {subprocess.py:86} INFO - Output:
[2026-05-01T15:23:18.892+0000] {subprocess.py:93} INFO - /usr/bin/bash: line 2: cd: /opt/***/project/transform/coffee_project: No such file or directory
[2026-05-01T15:23:18.893+0000] {subprocess.py:93} INFO - /usr/bin/bash: line 3: dbt: command not found
[2026-05-01T15:23:18.895+0000] {subprocess.py:97} INFO - Command exited with return code 127
[2026-05-01T15:23:18.897+0000] {taskinstance.py:441} INFO - ::group::Post task execution logs
[2026-05-01T15:23:18.911+0000] {taskinstance.py:2905} ERROR - Task failed with exception
Traceback (most recent call last):
  File "/home/airflow/.local/lib/python3.12/site-packages/airflow/models/taskinstance.py", line 465, in _execute_task
    result = _execute_callable(context=context, **execute_callable_kwargs)
             ^^^^^^^^^^^^^^^^^^^^^^^^^^^^^^^^^^^^^^^^^^^^^^^^^^^^^^^^^^^^^
  File "/home/airflow/.local/lib/python3.12/site-packages/airflow/models/taskinstance.py", line 432, in _execute_callable
    return execute_callable(context=context, **execute_callable_kwargs)
           ^^^^^^^^^^^^^^^^^^^^^^^^^^^^^^^^^^^^^^^^^^^^^^^^^^^^^^^^^^^^
  File "/home/airflow/.local/lib/python3.12/site-packages/airflow/models/baseoperator.py", line 401, in wrapper
    return func(self, *args, **kwargs)
           ^^^^^^^^^^^^^^^^^^^^^^^^^^^
  File "/home/airflow/.local/lib/python3.12/site-packages/airflow/operators/bash.py", line 243, in execute
    raise AirflowException(
airflow.exceptions.AirflowException: Bash command failed. The command returned a non-zero exit code 127.
[2026-05-01T15:23:18.917+0000] {taskinstance.py:1206} INFO - Marking task as UP_FOR_RETRY. dag_id=coffee_pipeline, task_id=dbt_staging, run_id=scheduled__2025-01-02T00:00:00+00:00, execution_date=20250102T000000, start_date=20260501T152318, end_date=20260501T152318
[2026-05-01T15:23:18.934+0000] {standard_task_runner.py:110} ERROR - Failed to execute job 9 for task dbt_staging (Bash command failed. The command returned a non-zero exit code 127.; 180)
[2026-05-01T15:23:18.962+0000] {local_task_job_runner.py:243} INFO - Task exited with return code 1
[2026-05-01T15:23:18.989+0000] {taskinstance.py:3503} INFO - 0 downstream tasks scheduled from follow-on schedule check
[2026-05-01T15:23:18.992+0000] {local_task_job_runner.py:222} INFO - ::endgroup::
