[2026-05-01T19:54:43.863+0000] {local_task_job_runner.py:120} INFO - ::group::Pre task execution logs
[2026-05-01T19:54:43.899+0000] {taskinstance.py:2076} INFO - Dependencies all met for dep_context=non-requeueable deps ti=<TaskInstance: coffee_pipeline.dbt_staging scheduled__2025-01-13T00:00:00+00:00 [queued]>
[2026-05-01T19:54:43.913+0000] {taskinstance.py:2076} INFO - Dependencies all met for dep_context=requeueable deps ti=<TaskInstance: coffee_pipeline.dbt_staging scheduled__2025-01-13T00:00:00+00:00 [queued]>
[2026-05-01T19:54:43.915+0000] {taskinstance.py:2306} INFO - Starting attempt 1 of 2
[2026-05-01T19:54:43.943+0000] {taskinstance.py:2330} INFO - Executing <Task(BashOperator): dbt_staging> on 2025-01-13 00:00:00+00:00
[2026-05-01T19:54:43.957+0000] {warnings.py:112} WARNING - /home/***/.local/lib/python3.12/site-packages/***/task/task_runner/standard_task_runner.py:62: DeprecationWarning: This process (pid=1561) is multi-threaded, use of fork() may lead to deadlocks in the child.
  pid = os.fork()

[2026-05-01T19:54:43.960+0000] {standard_task_runner.py:64} INFO - Started process 1564 to run task
[2026-05-01T19:54:43.968+0000] {standard_task_runner.py:90} INFO - Running: ['***', 'tasks', 'run', 'coffee_pipeline', 'dbt_staging', 'scheduled__2025-01-13T00:00:00+00:00', '--job-id', '73', '--raw', '--subdir', 'DAGS_FOLDER/coffee_pipeline.py', '--cfg-path', '/tmp/tmpm75kazu5']
[2026-05-01T19:54:43.976+0000] {standard_task_runner.py:91} INFO - Job 73: Subtask dbt_staging
[2026-05-01T19:54:44.063+0000] {task_command.py:426} INFO - Running <TaskInstance: coffee_pipeline.dbt_staging scheduled__2025-01-13T00:00:00+00:00 [running]> on host ***-worker
[2026-05-01T19:54:44.261+0000] {taskinstance.py:2648} INFO - Exporting env vars: AIRFLOW_CTX_DAG_OWNER='Khangelani' AIRFLOW_CTX_DAG_ID='coffee_pipeline' AIRFLOW_CTX_TASK_ID='dbt_staging' AIRFLOW_CTX_EXECUTION_DATE='2025-01-13T00:00:00+00:00' AIRFLOW_CTX_TRY_NUMBER='1' AIRFLOW_CTX_DAG_RUN_ID='scheduled__2025-01-13T00:00:00+00:00'
[2026-05-01T19:54:44.265+0000] {taskinstance.py:430} INFO - ::endgroup::
[2026-05-01T19:54:44.268+0000] {subprocess.py:63} INFO - Tmp dir root location: /tmp
[2026-05-01T19:54:44.271+0000] {subprocess.py:75} INFO - Running command: ['/usr/bin/bash', '-c', '\n        cd /opt/***/project/transform/coffee_project &&\n        dbt run --select staging --target prod\n        ']
[2026-05-01T19:54:44.291+0000] {subprocess.py:86} INFO - Output:
[2026-05-01T19:54:48.436+0000] {subprocess.py:93} INFO - [0m19:54:48  Running with dbt=1.8.7
[2026-05-01T19:54:51.953+0000] {subprocess.py:93} INFO - [0m19:54:51  Registered adapter: bigquery=1.9.2
[2026-05-01T19:54:53.006+0000] {subprocess.py:93} INFO - [0m19:54:53  [[33mWARNING[0m]: Configuration paths exist in your dbt_project.yml file which do not apply to any resources.
[2026-05-01T19:54:53.008+0000] {subprocess.py:93} INFO - There are 1 unused configuration paths:
[2026-05-01T19:54:53.010+0000] {subprocess.py:93} INFO - - models.coffee_project.example
[2026-05-01T19:54:53.418+0000] {subprocess.py:93} INFO - [0m19:54:53  Found 5 models, 2 data tests, 1 source, 489 macros
[2026-05-01T19:54:53.432+0000] {subprocess.py:93} INFO - [0m19:54:53
[2026-05-01T19:54:57.172+0000] {subprocess.py:93} INFO - [0m19:54:57  Concurrency: 4 threads (target='prod')
[2026-05-01T19:54:57.194+0000] {subprocess.py:93} INFO - [0m19:54:57
[2026-05-01T19:54:57.232+0000] {subprocess.py:93} INFO - [0m19:54:57  1 of 1 START sql view model coffee_prod.staging_lower_manhattan ................ [RUN]
[2026-05-01T19:55:02.318+0000] {subprocess.py:93} INFO - [0m19:55:02  1 of 1 OK created sql view model coffee_prod.staging_lower_manhattan ........... [[32mCREATE VIEW (0 processed)[0m in 5.07s]
[2026-05-01T19:55:02.389+0000] {subprocess.py:93} INFO - [0m19:55:02
[2026-05-01T19:55:02.392+0000] {subprocess.py:93} INFO - [0m19:55:02  Finished running 1 view model in 0 hours 0 minutes and 8.95 seconds (8.95s).
[2026-05-01T19:55:02.928+0000] {subprocess.py:93} INFO - [0m19:55:02
[2026-05-01T19:55:02.932+0000] {subprocess.py:93} INFO - [0m19:55:02  [32mCompleted successfully[0m
[2026-05-01T19:55:02.935+0000] {subprocess.py:93} INFO - [0m19:55:02
[2026-05-01T19:55:02.956+0000] {subprocess.py:93} INFO - [0m19:55:02  Done. PASS=1 WARN=0 ERROR=0 SKIP=0 TOTAL=1
[2026-05-01T19:55:05.303+0000] {subprocess.py:97} INFO - Command exited with return code 0
[2026-05-01T19:55:05.306+0000] {taskinstance.py:441} INFO - ::group::Post task execution logs
[2026-05-01T19:55:05.350+0000] {taskinstance.py:1206} INFO - Marking task as SUCCESS. dag_id=coffee_pipeline, task_id=dbt_staging, run_id=scheduled__2025-01-13T00:00:00+00:00, execution_date=20250113T000000, start_date=20260501T195443, end_date=20260501T195505
[2026-05-01T19:55:05.435+0000] {local_task_job_runner.py:243} INFO - Task exited with return code 0
[2026-05-01T19:55:05.499+0000] {taskinstance.py:3503} INFO - 1 downstream tasks scheduled from follow-on schedule check
[2026-05-01T19:55:05.502+0000] {local_task_job_runner.py:222} INFO - ::endgroup::
