[2026-05-01T19:54:31.417+0000] {local_task_job_runner.py:120} INFO - ::group::Pre task execution logs
[2026-05-01T19:54:31.473+0000] {taskinstance.py:2076} INFO - Dependencies all met for dep_context=non-requeueable deps ti=<TaskInstance: coffee_pipeline.ingest_data scheduled__2025-01-13T00:00:00+00:00 [queued]>
[2026-05-01T19:54:31.501+0000] {taskinstance.py:2076} INFO - Dependencies all met for dep_context=requeueable deps ti=<TaskInstance: coffee_pipeline.ingest_data scheduled__2025-01-13T00:00:00+00:00 [queued]>
[2026-05-01T19:54:31.503+0000] {taskinstance.py:2306} INFO - Starting attempt 1 of 2
[2026-05-01T19:54:31.529+0000] {taskinstance.py:2330} INFO - Executing <Task(PythonOperator): ingest_data> on 2025-01-13 00:00:00+00:00
[2026-05-01T19:54:31.547+0000] {warnings.py:112} WARNING - /home/***/.local/lib/python3.12/site-packages/***/task/task_runner/standard_task_runner.py:62: DeprecationWarning: This process (pid=1552) is multi-threaded, use of fork() may lead to deadlocks in the child.
  pid = os.fork()

[2026-05-01T19:54:31.550+0000] {standard_task_runner.py:64} INFO - Started process 1554 to run task
[2026-05-01T19:54:31.546+0000] {standard_task_runner.py:90} INFO - Running: ['***', 'tasks', 'run', 'coffee_pipeline', 'ingest_data', 'scheduled__2025-01-13T00:00:00+00:00', '--job-id', '72', '--raw', '--subdir', 'DAGS_FOLDER/coffee_pipeline.py', '--cfg-path', '/tmp/tmpsg3sz15n']
[2026-05-01T19:54:31.557+0000] {standard_task_runner.py:91} INFO - Job 72: Subtask ingest_data
[2026-05-01T19:54:31.766+0000] {task_command.py:426} INFO - Running <TaskInstance: coffee_pipeline.ingest_data scheduled__2025-01-13T00:00:00+00:00 [running]> on host ***-worker
[2026-05-01T19:54:32.006+0000] {taskinstance.py:2648} INFO - Exporting env vars: AIRFLOW_CTX_DAG_OWNER='Khangelani' AIRFLOW_CTX_DAG_ID='coffee_pipeline' AIRFLOW_CTX_TASK_ID='ingest_data' AIRFLOW_CTX_EXECUTION_DATE='2025-01-13T00:00:00+00:00' AIRFLOW_CTX_TRY_NUMBER='1' AIRFLOW_CTX_DAG_RUN_ID='scheduled__2025-01-13T00:00:00+00:00'
[2026-05-01T19:54:32.012+0000] {taskinstance.py:430} INFO - ::endgroup::
[2026-05-01T19:54:32.339+0000] {logging_mixin.py:188} INFO - Processing file: /opt/***/project/data/Lower_Manhattan.csv → coffee-shop-updated.coffee_raw.raw_lower_manhattan
[2026-05-01T19:54:41.000+0000] {logging_mixin.py:188} INFO - Loaded 47781 rows into coffee-shop-updated.coffee_raw.raw_lower_manhattan
[2026-05-01T19:54:41.001+0000] {python.py:237} INFO - Done. Returned value was: None
[2026-05-01T19:54:41.003+0000] {taskinstance.py:441} INFO - ::group::Post task execution logs
[2026-05-01T19:54:41.021+0000] {taskinstance.py:1206} INFO - Marking task as SUCCESS. dag_id=coffee_pipeline, task_id=ingest_data, run_id=scheduled__2025-01-13T00:00:00+00:00, execution_date=20250113T000000, start_date=20260501T195431, end_date=20260501T195441
[2026-05-01T19:54:41.091+0000] {local_task_job_runner.py:243} INFO - Task exited with return code 0
[2026-05-01T19:54:41.125+0000] {taskinstance.py:3503} INFO - 1 downstream tasks scheduled from follow-on schedule check
[2026-05-01T19:54:41.134+0000] {local_task_job_runner.py:222} INFO - ::endgroup::
