[2026-05-01T13:24:17.666+0000] {processor.py:161} INFO - Started process (PID=55) to work on /home/airflow/.local/lib/python3.12/site-packages/airflow/example_dags/example_sensor_decorator.py
[2026-05-01T13:24:17.674+0000] {processor.py:830} INFO - Processing file /home/airflow/.local/lib/python3.12/site-packages/airflow/example_dags/example_sensor_decorator.py for tasks to queue
[2026-05-01T13:24:17.685+0000] {logging_mixin.py:188} INFO - [2026-05-01T13:24:17.684+0000] {dagbag.py:545} INFO - Filling up the DagBag from /home/airflow/.local/lib/python3.12/site-packages/airflow/example_dags/example_sensor_decorator.py
[2026-05-01T13:24:17.804+0000] {processor.py:840} INFO - DAG(s) 'example_sensor_decorator' retrieved from /home/airflow/.local/lib/python3.12/site-packages/airflow/example_dags/example_sensor_decorator.py
[2026-05-01T13:24:19.468+0000] {logging_mixin.py:188} INFO - [2026-05-01T13:24:19.467+0000] {override.py:1858} INFO - Created Permission View: can delete on DAG:example_sensor_decorator
[2026-05-01T13:24:19.569+0000] {logging_mixin.py:188} INFO - [2026-05-01T13:24:19.569+0000] {override.py:1858} INFO - Created Permission View: can edit on DAG:example_sensor_decorator
[2026-05-01T13:24:19.619+0000] {logging_mixin.py:188} INFO - [2026-05-01T13:24:19.616+0000] {override.py:1858} INFO - Created Permission View: can read on DAG:example_sensor_decorator
[2026-05-01T13:24:19.628+0000] {logging_mixin.py:188} INFO - [2026-05-01T13:24:19.625+0000] {dag.py:3089} INFO - Sync 1 DAGs
[2026-05-01T13:24:19.718+0000] {logging_mixin.py:188} INFO - [2026-05-01T13:24:19.718+0000] {dag.py:3111} INFO - Creating ORM DAG for example_sensor_decorator
[2026-05-01T13:24:19.730+0000] {logging_mixin.py:188} INFO - [2026-05-01T13:24:19.728+0000] {dag.py:3947} INFO - Setting next_dagrun for example_sensor_decorator to None, run_after=None
[2026-05-01T13:24:19.838+0000] {processor.py:183} INFO - Processing /home/airflow/.local/lib/python3.12/site-packages/airflow/example_dags/example_sensor_decorator.py took 2.227 seconds
[2026-05-01T13:25:15.267+0000] {processor.py:161} INFO - Started process (PID=118) to work on /home/airflow/.local/lib/python3.12/site-packages/airflow/example_dags/example_sensor_decorator.py
[2026-05-01T13:25:15.277+0000] {processor.py:830} INFO - Processing file /home/airflow/.local/lib/python3.12/site-packages/airflow/example_dags/example_sensor_decorator.py for tasks to queue
[2026-05-01T13:25:15.294+0000] {logging_mixin.py:188} INFO - [2026-05-01T13:25:15.291+0000] {dagbag.py:545} INFO - Filling up the DagBag from /home/airflow/.local/lib/python3.12/site-packages/airflow/example_dags/example_sensor_decorator.py
[2026-05-01T13:25:15.338+0000] {processor.py:840} INFO - DAG(s) 'example_sensor_decorator' retrieved from /home/airflow/.local/lib/python3.12/site-packages/airflow/example_dags/example_sensor_decorator.py
[2026-05-01T13:25:15.444+0000] {logging_mixin.py:188} INFO - [2026-05-01T13:25:15.443+0000] {dag.py:3089} INFO - Sync 1 DAGs
[2026-05-01T13:25:15.578+0000] {logging_mixin.py:188} INFO - [2026-05-01T13:25:15.577+0000] {dag.py:3947} INFO - Setting next_dagrun for example_sensor_decorator to None, run_after=None
[2026-05-01T13:25:15.673+0000] {processor.py:183} INFO - Processing /home/airflow/.local/lib/python3.12/site-packages/airflow/example_dags/example_sensor_decorator.py took 0.438 seconds
[2026-05-01T13:25:46.304+0000] {processor.py:161} INFO - Started process (PID=174) to work on /home/airflow/.local/lib/python3.12/site-packages/airflow/example_dags/example_sensor_decorator.py
[2026-05-01T13:25:46.309+0000] {processor.py:830} INFO - Processing file /home/airflow/.local/lib/python3.12/site-packages/airflow/example_dags/example_sensor_decorator.py for tasks to queue
[2026-05-01T13:25:46.313+0000] {logging_mixin.py:188} INFO - [2026-05-01T13:25:46.312+0000] {dagbag.py:545} INFO - Filling up the DagBag from /home/airflow/.local/lib/python3.12/site-packages/airflow/example_dags/example_sensor_decorator.py
[2026-05-01T13:25:46.327+0000] {processor.py:840} INFO - DAG(s) 'example_sensor_decorator' retrieved from /home/airflow/.local/lib/python3.12/site-packages/airflow/example_dags/example_sensor_decorator.py
[2026-05-01T13:25:46.522+0000] {logging_mixin.py:188} INFO - [2026-05-01T13:25:46.522+0000] {dag.py:3089} INFO - Sync 1 DAGs
[2026-05-01T13:25:46.539+0000] {logging_mixin.py:188} INFO - [2026-05-01T13:25:46.539+0000] {dag.py:3947} INFO - Setting next_dagrun for example_sensor_decorator to None, run_after=None
[2026-05-01T13:25:46.574+0000] {processor.py:183} INFO - Processing /home/airflow/.local/lib/python3.12/site-packages/airflow/example_dags/example_sensor_decorator.py took 0.282 seconds
[2026-05-01T13:26:17.400+0000] {processor.py:161} INFO - Started process (PID=232) to work on /home/airflow/.local/lib/python3.12/site-packages/airflow/example_dags/example_sensor_decorator.py
[2026-05-01T13:26:17.404+0000] {processor.py:830} INFO - Processing file /home/airflow/.local/lib/python3.12/site-packages/airflow/example_dags/example_sensor_decorator.py for tasks to queue
[2026-05-01T13:26:17.411+0000] {logging_mixin.py:188} INFO - [2026-05-01T13:26:17.408+0000] {dagbag.py:545} INFO - Filling up the DagBag from /home/airflow/.local/lib/python3.12/site-packages/airflow/example_dags/example_sensor_decorator.py
[2026-05-01T13:26:17.427+0000] {processor.py:840} INFO - DAG(s) 'example_sensor_decorator' retrieved from /home/airflow/.local/lib/python3.12/site-packages/airflow/example_dags/example_sensor_decorator.py
[2026-05-01T13:26:17.461+0000] {logging_mixin.py:188} INFO - [2026-05-01T13:26:17.461+0000] {dag.py:3089} INFO - Sync 1 DAGs
[2026-05-01T13:26:17.495+0000] {logging_mixin.py:188} INFO - [2026-05-01T13:26:17.495+0000] {dag.py:3947} INFO - Setting next_dagrun for example_sensor_decorator to None, run_after=None
[2026-05-01T13:26:17.550+0000] {processor.py:183} INFO - Processing /home/airflow/.local/lib/python3.12/site-packages/airflow/example_dags/example_sensor_decorator.py took 0.164 seconds
[2026-05-01T13:26:47.708+0000] {processor.py:161} INFO - Started process (PID=290) to work on /home/airflow/.local/lib/python3.12/site-packages/airflow/example_dags/example_sensor_decorator.py
[2026-05-01T13:26:47.715+0000] {processor.py:830} INFO - Processing file /home/airflow/.local/lib/python3.12/site-packages/airflow/example_dags/example_sensor_decorator.py for tasks to queue
[2026-05-01T13:26:47.721+0000] {logging_mixin.py:188} INFO - [2026-05-01T13:26:47.720+0000] {dagbag.py:545} INFO - Filling up the DagBag from /home/airflow/.local/lib/python3.12/site-packages/airflow/example_dags/example_sensor_decorator.py
[2026-05-01T13:26:47.732+0000] {processor.py:840} INFO - DAG(s) 'example_sensor_decorator' retrieved from /home/airflow/.local/lib/python3.12/site-packages/airflow/example_dags/example_sensor_decorator.py
[2026-05-01T13:26:47.772+0000] {logging_mixin.py:188} INFO - [2026-05-01T13:26:47.772+0000] {dag.py:3089} INFO - Sync 1 DAGs
[2026-05-01T13:26:47.799+0000] {logging_mixin.py:188} INFO - [2026-05-01T13:26:47.799+0000] {dag.py:3947} INFO - Setting next_dagrun for example_sensor_decorator to None, run_after=None
[2026-05-01T13:26:47.846+0000] {processor.py:183} INFO - Processing /home/airflow/.local/lib/python3.12/site-packages/airflow/example_dags/example_sensor_decorator.py took 0.152 seconds
[2026-05-01T13:27:18.130+0000] {processor.py:161} INFO - Started process (PID=348) to work on /home/airflow/.local/lib/python3.12/site-packages/airflow/example_dags/example_sensor_decorator.py
[2026-05-01T13:27:18.140+0000] {processor.py:830} INFO - Processing file /home/airflow/.local/lib/python3.12/site-packages/airflow/example_dags/example_sensor_decorator.py for tasks to queue
[2026-05-01T13:27:18.154+0000] {logging_mixin.py:188} INFO - [2026-05-01T13:27:18.153+0000] {dagbag.py:545} INFO - Filling up the DagBag from /home/airflow/.local/lib/python3.12/site-packages/airflow/example_dags/example_sensor_decorator.py
[2026-05-01T13:27:18.185+0000] {processor.py:840} INFO - DAG(s) 'example_sensor_decorator' retrieved from /home/airflow/.local/lib/python3.12/site-packages/airflow/example_dags/example_sensor_decorator.py
[2026-05-01T13:27:18.283+0000] {logging_mixin.py:188} INFO - [2026-05-01T13:27:18.283+0000] {dag.py:3089} INFO - Sync 1 DAGs
[2026-05-01T13:27:18.342+0000] {logging_mixin.py:188} INFO - [2026-05-01T13:27:18.342+0000] {dag.py:3947} INFO - Setting next_dagrun for example_sensor_decorator to None, run_after=None
[2026-05-01T13:27:18.452+0000] {processor.py:183} INFO - Processing /home/airflow/.local/lib/python3.12/site-packages/airflow/example_dags/example_sensor_decorator.py took 0.339 seconds
[2026-05-01T13:27:49.244+0000] {processor.py:161} INFO - Started process (PID=407) to work on /home/airflow/.local/lib/python3.12/site-packages/airflow/example_dags/example_sensor_decorator.py
[2026-05-01T13:27:49.246+0000] {processor.py:830} INFO - Processing file /home/airflow/.local/lib/python3.12/site-packages/airflow/example_dags/example_sensor_decorator.py for tasks to queue
[2026-05-01T13:27:49.253+0000] {logging_mixin.py:188} INFO - [2026-05-01T13:27:49.253+0000] {dagbag.py:545} INFO - Filling up the DagBag from /home/airflow/.local/lib/python3.12/site-packages/airflow/example_dags/example_sensor_decorator.py
[2026-05-01T13:27:49.286+0000] {processor.py:840} INFO - DAG(s) 'example_sensor_decorator' retrieved from /home/airflow/.local/lib/python3.12/site-packages/airflow/example_dags/example_sensor_decorator.py
[2026-05-01T13:27:49.351+0000] {logging_mixin.py:188} INFO - [2026-05-01T13:27:49.351+0000] {dag.py:3089} INFO - Sync 1 DAGs
[2026-05-01T13:27:49.392+0000] {logging_mixin.py:188} INFO - [2026-05-01T13:27:49.392+0000] {dag.py:3947} INFO - Setting next_dagrun for example_sensor_decorator to None, run_after=None
[2026-05-01T13:27:49.448+0000] {processor.py:183} INFO - Processing /home/airflow/.local/lib/python3.12/site-packages/airflow/example_dags/example_sensor_decorator.py took 0.255 seconds
[2026-05-01T13:28:20.100+0000] {processor.py:161} INFO - Started process (PID=465) to work on /home/airflow/.local/lib/python3.12/site-packages/airflow/example_dags/example_sensor_decorator.py
[2026-05-01T13:28:20.113+0000] {processor.py:830} INFO - Processing file /home/airflow/.local/lib/python3.12/site-packages/airflow/example_dags/example_sensor_decorator.py for tasks to queue
[2026-05-01T13:28:20.125+0000] {logging_mixin.py:188} INFO - [2026-05-01T13:28:20.124+0000] {dagbag.py:545} INFO - Filling up the DagBag from /home/airflow/.local/lib/python3.12/site-packages/airflow/example_dags/example_sensor_decorator.py
[2026-05-01T13:28:20.148+0000] {processor.py:840} INFO - DAG(s) 'example_sensor_decorator' retrieved from /home/airflow/.local/lib/python3.12/site-packages/airflow/example_dags/example_sensor_decorator.py
[2026-05-01T13:28:20.222+0000] {logging_mixin.py:188} INFO - [2026-05-01T13:28:20.222+0000] {dag.py:3089} INFO - Sync 1 DAGs
[2026-05-01T13:28:20.280+0000] {logging_mixin.py:188} INFO - [2026-05-01T13:28:20.279+0000] {dag.py:3947} INFO - Setting next_dagrun for example_sensor_decorator to None, run_after=None
[2026-05-01T13:28:20.348+0000] {processor.py:183} INFO - Processing /home/airflow/.local/lib/python3.12/site-packages/airflow/example_dags/example_sensor_decorator.py took 0.267 seconds
[2026-05-01T13:28:50.566+0000] {processor.py:161} INFO - Started process (PID=523) to work on /home/airflow/.local/lib/python3.12/site-packages/airflow/example_dags/example_sensor_decorator.py
[2026-05-01T13:28:50.569+0000] {processor.py:830} INFO - Processing file /home/airflow/.local/lib/python3.12/site-packages/airflow/example_dags/example_sensor_decorator.py for tasks to queue
[2026-05-01T13:28:50.574+0000] {logging_mixin.py:188} INFO - [2026-05-01T13:28:50.573+0000] {dagbag.py:545} INFO - Filling up the DagBag from /home/airflow/.local/lib/python3.12/site-packages/airflow/example_dags/example_sensor_decorator.py
[2026-05-01T13:28:50.592+0000] {processor.py:840} INFO - DAG(s) 'example_sensor_decorator' retrieved from /home/airflow/.local/lib/python3.12/site-packages/airflow/example_dags/example_sensor_decorator.py
[2026-05-01T13:28:50.627+0000] {logging_mixin.py:188} INFO - [2026-05-01T13:28:50.626+0000] {dag.py:3089} INFO - Sync 1 DAGs
[2026-05-01T13:28:50.655+0000] {logging_mixin.py:188} INFO - [2026-05-01T13:28:50.655+0000] {dag.py:3947} INFO - Setting next_dagrun for example_sensor_decorator to None, run_after=None
[2026-05-01T13:28:50.695+0000] {processor.py:183} INFO - Processing /home/airflow/.local/lib/python3.12/site-packages/airflow/example_dags/example_sensor_decorator.py took 0.142 seconds
[2026-05-01T13:29:21.007+0000] {processor.py:161} INFO - Started process (PID=581) to work on /home/airflow/.local/lib/python3.12/site-packages/airflow/example_dags/example_sensor_decorator.py
[2026-05-01T13:29:21.011+0000] {processor.py:830} INFO - Processing file /home/airflow/.local/lib/python3.12/site-packages/airflow/example_dags/example_sensor_decorator.py for tasks to queue
[2026-05-01T13:29:21.017+0000] {logging_mixin.py:188} INFO - [2026-05-01T13:29:21.017+0000] {dagbag.py:545} INFO - Filling up the DagBag from /home/airflow/.local/lib/python3.12/site-packages/airflow/example_dags/example_sensor_decorator.py
[2026-05-01T13:29:21.034+0000] {processor.py:840} INFO - DAG(s) 'example_sensor_decorator' retrieved from /home/airflow/.local/lib/python3.12/site-packages/airflow/example_dags/example_sensor_decorator.py
[2026-05-01T13:29:21.110+0000] {logging_mixin.py:188} INFO - [2026-05-01T13:29:21.110+0000] {dag.py:3089} INFO - Sync 1 DAGs
[2026-05-01T13:29:21.139+0000] {logging_mixin.py:188} INFO - [2026-05-01T13:29:21.138+0000] {dag.py:3947} INFO - Setting next_dagrun for example_sensor_decorator to None, run_after=None
[2026-05-01T13:29:21.177+0000] {processor.py:183} INFO - Processing /home/airflow/.local/lib/python3.12/site-packages/airflow/example_dags/example_sensor_decorator.py took 0.188 seconds
[2026-05-01T13:29:51.585+0000] {processor.py:161} INFO - Started process (PID=639) to work on /home/airflow/.local/lib/python3.12/site-packages/airflow/example_dags/example_sensor_decorator.py
[2026-05-01T13:29:51.589+0000] {processor.py:830} INFO - Processing file /home/airflow/.local/lib/python3.12/site-packages/airflow/example_dags/example_sensor_decorator.py for tasks to queue
[2026-05-01T13:29:51.594+0000] {logging_mixin.py:188} INFO - [2026-05-01T13:29:51.593+0000] {dagbag.py:545} INFO - Filling up the DagBag from /home/airflow/.local/lib/python3.12/site-packages/airflow/example_dags/example_sensor_decorator.py
[2026-05-01T13:29:51.609+0000] {processor.py:840} INFO - DAG(s) 'example_sensor_decorator' retrieved from /home/airflow/.local/lib/python3.12/site-packages/airflow/example_dags/example_sensor_decorator.py
[2026-05-01T13:29:51.654+0000] {logging_mixin.py:188} INFO - [2026-05-01T13:29:51.653+0000] {dag.py:3089} INFO - Sync 1 DAGs
[2026-05-01T13:29:51.682+0000] {logging_mixin.py:188} INFO - [2026-05-01T13:29:51.682+0000] {dag.py:3947} INFO - Setting next_dagrun for example_sensor_decorator to None, run_after=None
[2026-05-01T13:29:51.743+0000] {processor.py:183} INFO - Processing /home/airflow/.local/lib/python3.12/site-packages/airflow/example_dags/example_sensor_decorator.py took 0.171 seconds
[2026-05-01T13:30:21.868+0000] {processor.py:161} INFO - Started process (PID=697) to work on /home/airflow/.local/lib/python3.12/site-packages/airflow/example_dags/example_sensor_decorator.py
[2026-05-01T13:30:21.872+0000] {processor.py:830} INFO - Processing file /home/airflow/.local/lib/python3.12/site-packages/airflow/example_dags/example_sensor_decorator.py for tasks to queue
[2026-05-01T13:30:21.878+0000] {logging_mixin.py:188} INFO - [2026-05-01T13:30:21.877+0000] {dagbag.py:545} INFO - Filling up the DagBag from /home/airflow/.local/lib/python3.12/site-packages/airflow/example_dags/example_sensor_decorator.py
[2026-05-01T13:30:21.897+0000] {processor.py:840} INFO - DAG(s) 'example_sensor_decorator' retrieved from /home/airflow/.local/lib/python3.12/site-packages/airflow/example_dags/example_sensor_decorator.py
[2026-05-01T13:30:22.024+0000] {logging_mixin.py:188} INFO - [2026-05-01T13:30:22.024+0000] {dag.py:3089} INFO - Sync 1 DAGs
[2026-05-01T13:30:22.093+0000] {logging_mixin.py:188} INFO - [2026-05-01T13:30:22.093+0000] {dag.py:3947} INFO - Setting next_dagrun for example_sensor_decorator to None, run_after=None
[2026-05-01T13:30:22.134+0000] {processor.py:183} INFO - Processing /home/airflow/.local/lib/python3.12/site-packages/airflow/example_dags/example_sensor_decorator.py took 0.284 seconds
[2026-05-01T13:30:52.557+0000] {processor.py:161} INFO - Started process (PID=755) to work on /home/airflow/.local/lib/python3.12/site-packages/airflow/example_dags/example_sensor_decorator.py
[2026-05-01T13:30:52.560+0000] {processor.py:830} INFO - Processing file /home/airflow/.local/lib/python3.12/site-packages/airflow/example_dags/example_sensor_decorator.py for tasks to queue
[2026-05-01T13:30:52.567+0000] {logging_mixin.py:188} INFO - [2026-05-01T13:30:52.566+0000] {dagbag.py:545} INFO - Filling up the DagBag from /home/airflow/.local/lib/python3.12/site-packages/airflow/example_dags/example_sensor_decorator.py
[2026-05-01T13:30:52.584+0000] {processor.py:840} INFO - DAG(s) 'example_sensor_decorator' retrieved from /home/airflow/.local/lib/python3.12/site-packages/airflow/example_dags/example_sensor_decorator.py
[2026-05-01T13:30:52.616+0000] {logging_mixin.py:188} INFO - [2026-05-01T13:30:52.616+0000] {dag.py:3089} INFO - Sync 1 DAGs
[2026-05-01T13:30:52.654+0000] {logging_mixin.py:188} INFO - [2026-05-01T13:30:52.653+0000] {dag.py:3947} INFO - Setting next_dagrun for example_sensor_decorator to None, run_after=None
[2026-05-01T13:30:52.694+0000] {processor.py:183} INFO - Processing /home/airflow/.local/lib/python3.12/site-packages/airflow/example_dags/example_sensor_decorator.py took 0.150 seconds
[2026-05-01T13:31:23.296+0000] {processor.py:161} INFO - Started process (PID=813) to work on /home/airflow/.local/lib/python3.12/site-packages/airflow/example_dags/example_sensor_decorator.py
[2026-05-01T13:31:23.308+0000] {processor.py:830} INFO - Processing file /home/airflow/.local/lib/python3.12/site-packages/airflow/example_dags/example_sensor_decorator.py for tasks to queue
[2026-05-01T13:31:23.320+0000] {logging_mixin.py:188} INFO - [2026-05-01T13:31:23.320+0000] {dagbag.py:545} INFO - Filling up the DagBag from /home/airflow/.local/lib/python3.12/site-packages/airflow/example_dags/example_sensor_decorator.py
[2026-05-01T13:31:23.376+0000] {processor.py:840} INFO - DAG(s) 'example_sensor_decorator' retrieved from /home/airflow/.local/lib/python3.12/site-packages/airflow/example_dags/example_sensor_decorator.py
[2026-05-01T13:31:23.494+0000] {logging_mixin.py:188} INFO - [2026-05-01T13:31:23.493+0000] {dag.py:3089} INFO - Sync 1 DAGs
[2026-05-01T13:31:23.566+0000] {logging_mixin.py:188} INFO - [2026-05-01T13:31:23.566+0000] {dag.py:3947} INFO - Setting next_dagrun for example_sensor_decorator to None, run_after=None
[2026-05-01T13:31:23.686+0000] {processor.py:183} INFO - Processing /home/airflow/.local/lib/python3.12/site-packages/airflow/example_dags/example_sensor_decorator.py took 0.442 seconds
[2026-05-01T13:31:54.377+0000] {processor.py:161} INFO - Started process (PID=870) to work on /home/airflow/.local/lib/python3.12/site-packages/airflow/example_dags/example_sensor_decorator.py
[2026-05-01T13:31:54.380+0000] {processor.py:830} INFO - Processing file /home/airflow/.local/lib/python3.12/site-packages/airflow/example_dags/example_sensor_decorator.py for tasks to queue
[2026-05-01T13:31:54.386+0000] {logging_mixin.py:188} INFO - [2026-05-01T13:31:54.385+0000] {dagbag.py:545} INFO - Filling up the DagBag from /home/airflow/.local/lib/python3.12/site-packages/airflow/example_dags/example_sensor_decorator.py
[2026-05-01T13:31:54.397+0000] {processor.py:840} INFO - DAG(s) 'example_sensor_decorator' retrieved from /home/airflow/.local/lib/python3.12/site-packages/airflow/example_dags/example_sensor_decorator.py
[2026-05-01T13:31:54.428+0000] {logging_mixin.py:188} INFO - [2026-05-01T13:31:54.427+0000] {dag.py:3089} INFO - Sync 1 DAGs
[2026-05-01T13:31:54.449+0000] {logging_mixin.py:188} INFO - [2026-05-01T13:31:54.449+0000] {dag.py:3947} INFO - Setting next_dagrun for example_sensor_decorator to None, run_after=None
[2026-05-01T13:31:54.485+0000] {processor.py:183} INFO - Processing /home/airflow/.local/lib/python3.12/site-packages/airflow/example_dags/example_sensor_decorator.py took 0.120 seconds
[2026-05-01T13:32:25.012+0000] {processor.py:161} INFO - Started process (PID=928) to work on /home/airflow/.local/lib/python3.12/site-packages/airflow/example_dags/example_sensor_decorator.py
[2026-05-01T13:32:25.015+0000] {processor.py:830} INFO - Processing file /home/airflow/.local/lib/python3.12/site-packages/airflow/example_dags/example_sensor_decorator.py for tasks to queue
[2026-05-01T13:32:25.020+0000] {logging_mixin.py:188} INFO - [2026-05-01T13:32:25.019+0000] {dagbag.py:545} INFO - Filling up the DagBag from /home/airflow/.local/lib/python3.12/site-packages/airflow/example_dags/example_sensor_decorator.py
[2026-05-01T13:32:25.034+0000] {processor.py:840} INFO - DAG(s) 'example_sensor_decorator' retrieved from /home/airflow/.local/lib/python3.12/site-packages/airflow/example_dags/example_sensor_decorator.py
[2026-05-01T13:32:25.063+0000] {logging_mixin.py:188} INFO - [2026-05-01T13:32:25.062+0000] {dag.py:3089} INFO - Sync 1 DAGs
[2026-05-01T13:32:25.087+0000] {logging_mixin.py:188} INFO - [2026-05-01T13:32:25.086+0000] {dag.py:3947} INFO - Setting next_dagrun for example_sensor_decorator to None, run_after=None
[2026-05-01T13:32:25.116+0000] {processor.py:183} INFO - Processing /home/airflow/.local/lib/python3.12/site-packages/airflow/example_dags/example_sensor_decorator.py took 0.114 seconds
[2026-05-01T13:32:56.138+0000] {processor.py:161} INFO - Started process (PID=986) to work on /home/airflow/.local/lib/python3.12/site-packages/airflow/example_dags/example_sensor_decorator.py
[2026-05-01T13:32:56.142+0000] {processor.py:830} INFO - Processing file /home/airflow/.local/lib/python3.12/site-packages/airflow/example_dags/example_sensor_decorator.py for tasks to queue
[2026-05-01T13:32:56.146+0000] {logging_mixin.py:188} INFO - [2026-05-01T13:32:56.145+0000] {dagbag.py:545} INFO - Filling up the DagBag from /home/airflow/.local/lib/python3.12/site-packages/airflow/example_dags/example_sensor_decorator.py
[2026-05-01T13:32:56.158+0000] {processor.py:840} INFO - DAG(s) 'example_sensor_decorator' retrieved from /home/airflow/.local/lib/python3.12/site-packages/airflow/example_dags/example_sensor_decorator.py
[2026-05-01T13:32:56.211+0000] {logging_mixin.py:188} INFO - [2026-05-01T13:32:56.210+0000] {dag.py:3089} INFO - Sync 1 DAGs
[2026-05-01T13:32:56.262+0000] {logging_mixin.py:188} INFO - [2026-05-01T13:32:56.260+0000] {dag.py:3947} INFO - Setting next_dagrun for example_sensor_decorator to None, run_after=None
[2026-05-01T13:32:56.337+0000] {processor.py:183} INFO - Processing /home/airflow/.local/lib/python3.12/site-packages/airflow/example_dags/example_sensor_decorator.py took 0.235 seconds
[2026-05-01T13:33:26.871+0000] {processor.py:161} INFO - Started process (PID=1044) to work on /home/airflow/.local/lib/python3.12/site-packages/airflow/example_dags/example_sensor_decorator.py
[2026-05-01T13:33:26.875+0000] {processor.py:830} INFO - Processing file /home/airflow/.local/lib/python3.12/site-packages/airflow/example_dags/example_sensor_decorator.py for tasks to queue
[2026-05-01T13:33:26.882+0000] {logging_mixin.py:188} INFO - [2026-05-01T13:33:26.881+0000] {dagbag.py:545} INFO - Filling up the DagBag from /home/airflow/.local/lib/python3.12/site-packages/airflow/example_dags/example_sensor_decorator.py
[2026-05-01T13:33:26.905+0000] {processor.py:840} INFO - DAG(s) 'example_sensor_decorator' retrieved from /home/airflow/.local/lib/python3.12/site-packages/airflow/example_dags/example_sensor_decorator.py
[2026-05-01T13:33:26.949+0000] {logging_mixin.py:188} INFO - [2026-05-01T13:33:26.949+0000] {dag.py:3089} INFO - Sync 1 DAGs
[2026-05-01T13:33:26.973+0000] {logging_mixin.py:188} INFO - [2026-05-01T13:33:26.972+0000] {dag.py:3947} INFO - Setting next_dagrun for example_sensor_decorator to None, run_after=None
[2026-05-01T13:33:27.008+0000] {processor.py:183} INFO - Processing /home/airflow/.local/lib/python3.12/site-packages/airflow/example_dags/example_sensor_decorator.py took 0.155 seconds
[2026-05-01T13:33:57.282+0000] {processor.py:161} INFO - Started process (PID=1102) to work on /home/airflow/.local/lib/python3.12/site-packages/airflow/example_dags/example_sensor_decorator.py
[2026-05-01T13:33:57.310+0000] {processor.py:830} INFO - Processing file /home/airflow/.local/lib/python3.12/site-packages/airflow/example_dags/example_sensor_decorator.py for tasks to queue
[2026-05-01T13:33:57.343+0000] {logging_mixin.py:188} INFO - [2026-05-01T13:33:57.331+0000] {dagbag.py:545} INFO - Filling up the DagBag from /home/airflow/.local/lib/python3.12/site-packages/airflow/example_dags/example_sensor_decorator.py
[2026-05-01T13:33:57.369+0000] {processor.py:840} INFO - DAG(s) 'example_sensor_decorator' retrieved from /home/airflow/.local/lib/python3.12/site-packages/airflow/example_dags/example_sensor_decorator.py
[2026-05-01T13:33:57.400+0000] {logging_mixin.py:188} INFO - [2026-05-01T13:33:57.400+0000] {dag.py:3089} INFO - Sync 1 DAGs
[2026-05-01T13:33:57.422+0000] {logging_mixin.py:188} INFO - [2026-05-01T13:33:57.422+0000] {dag.py:3947} INFO - Setting next_dagrun for example_sensor_decorator to None, run_after=None
[2026-05-01T13:33:57.459+0000] {processor.py:183} INFO - Processing /home/airflow/.local/lib/python3.12/site-packages/airflow/example_dags/example_sensor_decorator.py took 0.211 seconds
[2026-05-01T13:34:27.895+0000] {processor.py:161} INFO - Started process (PID=1160) to work on /home/airflow/.local/lib/python3.12/site-packages/airflow/example_dags/example_sensor_decorator.py
[2026-05-01T13:34:27.903+0000] {processor.py:830} INFO - Processing file /home/airflow/.local/lib/python3.12/site-packages/airflow/example_dags/example_sensor_decorator.py for tasks to queue
[2026-05-01T13:34:27.914+0000] {logging_mixin.py:188} INFO - [2026-05-01T13:34:27.914+0000] {dagbag.py:545} INFO - Filling up the DagBag from /home/airflow/.local/lib/python3.12/site-packages/airflow/example_dags/example_sensor_decorator.py
[2026-05-01T13:34:27.931+0000] {processor.py:840} INFO - DAG(s) 'example_sensor_decorator' retrieved from /home/airflow/.local/lib/python3.12/site-packages/airflow/example_dags/example_sensor_decorator.py
[2026-05-01T13:34:27.989+0000] {logging_mixin.py:188} INFO - [2026-05-01T13:34:27.988+0000] {dag.py:3089} INFO - Sync 1 DAGs
[2026-05-01T13:34:28.018+0000] {logging_mixin.py:188} INFO - [2026-05-01T13:34:28.018+0000] {dag.py:3947} INFO - Setting next_dagrun for example_sensor_decorator to None, run_after=None
[2026-05-01T13:34:28.055+0000] {processor.py:183} INFO - Processing /home/airflow/.local/lib/python3.12/site-packages/airflow/example_dags/example_sensor_decorator.py took 0.178 seconds
[2026-05-01T13:34:58.769+0000] {processor.py:161} INFO - Started process (PID=1212) to work on /home/airflow/.local/lib/python3.12/site-packages/airflow/example_dags/example_sensor_decorator.py
[2026-05-01T13:34:58.778+0000] {processor.py:830} INFO - Processing file /home/airflow/.local/lib/python3.12/site-packages/airflow/example_dags/example_sensor_decorator.py for tasks to queue
[2026-05-01T13:34:58.794+0000] {logging_mixin.py:188} INFO - [2026-05-01T13:34:58.793+0000] {dagbag.py:545} INFO - Filling up the DagBag from /home/airflow/.local/lib/python3.12/site-packages/airflow/example_dags/example_sensor_decorator.py
[2026-05-01T13:34:58.839+0000] {processor.py:840} INFO - DAG(s) 'example_sensor_decorator' retrieved from /home/airflow/.local/lib/python3.12/site-packages/airflow/example_dags/example_sensor_decorator.py
[2026-05-01T13:34:58.957+0000] {logging_mixin.py:188} INFO - [2026-05-01T13:34:58.957+0000] {dag.py:3089} INFO - Sync 1 DAGs
[2026-05-01T13:34:58.993+0000] {logging_mixin.py:188} INFO - [2026-05-01T13:34:58.991+0000] {dag.py:3947} INFO - Setting next_dagrun for example_sensor_decorator to None, run_after=None
[2026-05-01T13:34:59.072+0000] {processor.py:183} INFO - Processing /home/airflow/.local/lib/python3.12/site-packages/airflow/example_dags/example_sensor_decorator.py took 0.338 seconds
[2026-05-01T13:35:29.743+0000] {processor.py:161} INFO - Started process (PID=1270) to work on /home/airflow/.local/lib/python3.12/site-packages/airflow/example_dags/example_sensor_decorator.py
[2026-05-01T13:35:29.748+0000] {processor.py:830} INFO - Processing file /home/airflow/.local/lib/python3.12/site-packages/airflow/example_dags/example_sensor_decorator.py for tasks to queue
[2026-05-01T13:35:29.752+0000] {logging_mixin.py:188} INFO - [2026-05-01T13:35:29.751+0000] {dagbag.py:545} INFO - Filling up the DagBag from /home/airflow/.local/lib/python3.12/site-packages/airflow/example_dags/example_sensor_decorator.py
[2026-05-01T13:35:29.763+0000] {processor.py:840} INFO - DAG(s) 'example_sensor_decorator' retrieved from /home/airflow/.local/lib/python3.12/site-packages/airflow/example_dags/example_sensor_decorator.py
[2026-05-01T13:35:29.822+0000] {logging_mixin.py:188} INFO - [2026-05-01T13:35:29.821+0000] {dag.py:3089} INFO - Sync 1 DAGs
[2026-05-01T13:35:29.853+0000] {logging_mixin.py:188} INFO - [2026-05-01T13:35:29.853+0000] {dag.py:3947} INFO - Setting next_dagrun for example_sensor_decorator to None, run_after=None
[2026-05-01T13:35:29.893+0000] {processor.py:183} INFO - Processing /home/airflow/.local/lib/python3.12/site-packages/airflow/example_dags/example_sensor_decorator.py took 0.162 seconds
[2026-05-01T13:36:00.641+0000] {processor.py:161} INFO - Started process (PID=1328) to work on /home/airflow/.local/lib/python3.12/site-packages/airflow/example_dags/example_sensor_decorator.py
[2026-05-01T13:36:00.648+0000] {processor.py:830} INFO - Processing file /home/airflow/.local/lib/python3.12/site-packages/airflow/example_dags/example_sensor_decorator.py for tasks to queue
[2026-05-01T13:36:00.659+0000] {logging_mixin.py:188} INFO - [2026-05-01T13:36:00.659+0000] {dagbag.py:545} INFO - Filling up the DagBag from /home/airflow/.local/lib/python3.12/site-packages/airflow/example_dags/example_sensor_decorator.py
[2026-05-01T13:36:00.686+0000] {processor.py:840} INFO - DAG(s) 'example_sensor_decorator' retrieved from /home/airflow/.local/lib/python3.12/site-packages/airflow/example_dags/example_sensor_decorator.py
[2026-05-01T13:36:00.767+0000] {logging_mixin.py:188} INFO - [2026-05-01T13:36:00.767+0000] {dag.py:3089} INFO - Sync 1 DAGs
[2026-05-01T13:36:00.815+0000] {logging_mixin.py:188} INFO - [2026-05-01T13:36:00.815+0000] {dag.py:3947} INFO - Setting next_dagrun for example_sensor_decorator to None, run_after=None
[2026-05-01T13:36:00.880+0000] {processor.py:183} INFO - Processing /home/airflow/.local/lib/python3.12/site-packages/airflow/example_dags/example_sensor_decorator.py took 0.277 seconds
[2026-05-01T13:36:31.797+0000] {processor.py:161} INFO - Started process (PID=1386) to work on /home/airflow/.local/lib/python3.12/site-packages/airflow/example_dags/example_sensor_decorator.py
[2026-05-01T13:36:31.801+0000] {processor.py:830} INFO - Processing file /home/airflow/.local/lib/python3.12/site-packages/airflow/example_dags/example_sensor_decorator.py for tasks to queue
[2026-05-01T13:36:31.806+0000] {logging_mixin.py:188} INFO - [2026-05-01T13:36:31.806+0000] {dagbag.py:545} INFO - Filling up the DagBag from /home/airflow/.local/lib/python3.12/site-packages/airflow/example_dags/example_sensor_decorator.py
[2026-05-01T13:36:31.820+0000] {processor.py:840} INFO - DAG(s) 'example_sensor_decorator' retrieved from /home/airflow/.local/lib/python3.12/site-packages/airflow/example_dags/example_sensor_decorator.py
[2026-05-01T13:36:31.859+0000] {logging_mixin.py:188} INFO - [2026-05-01T13:36:31.859+0000] {dag.py:3089} INFO - Sync 1 DAGs
[2026-05-01T13:36:31.884+0000] {logging_mixin.py:188} INFO - [2026-05-01T13:36:31.883+0000] {dag.py:3947} INFO - Setting next_dagrun for example_sensor_decorator to None, run_after=None
[2026-05-01T13:36:31.917+0000] {processor.py:183} INFO - Processing /home/airflow/.local/lib/python3.12/site-packages/airflow/example_dags/example_sensor_decorator.py took 0.130 seconds
[2026-05-01T13:37:02.637+0000] {processor.py:161} INFO - Started process (PID=1444) to work on /home/airflow/.local/lib/python3.12/site-packages/airflow/example_dags/example_sensor_decorator.py
[2026-05-01T13:37:02.640+0000] {processor.py:830} INFO - Processing file /home/airflow/.local/lib/python3.12/site-packages/airflow/example_dags/example_sensor_decorator.py for tasks to queue
[2026-05-01T13:37:02.644+0000] {logging_mixin.py:188} INFO - [2026-05-01T13:37:02.644+0000] {dagbag.py:545} INFO - Filling up the DagBag from /home/airflow/.local/lib/python3.12/site-packages/airflow/example_dags/example_sensor_decorator.py
[2026-05-01T13:37:02.654+0000] {processor.py:840} INFO - DAG(s) 'example_sensor_decorator' retrieved from /home/airflow/.local/lib/python3.12/site-packages/airflow/example_dags/example_sensor_decorator.py
[2026-05-01T13:37:02.681+0000] {logging_mixin.py:188} INFO - [2026-05-01T13:37:02.680+0000] {dag.py:3089} INFO - Sync 1 DAGs
[2026-05-01T13:37:02.700+0000] {logging_mixin.py:188} INFO - [2026-05-01T13:37:02.699+0000] {dag.py:3947} INFO - Setting next_dagrun for example_sensor_decorator to None, run_after=None
[2026-05-01T13:37:02.728+0000] {processor.py:183} INFO - Processing /home/airflow/.local/lib/python3.12/site-packages/airflow/example_dags/example_sensor_decorator.py took 0.100 seconds
[2026-05-01T13:37:33.172+0000] {processor.py:161} INFO - Started process (PID=1501) to work on /home/airflow/.local/lib/python3.12/site-packages/airflow/example_dags/example_sensor_decorator.py
[2026-05-01T13:37:33.175+0000] {processor.py:830} INFO - Processing file /home/airflow/.local/lib/python3.12/site-packages/airflow/example_dags/example_sensor_decorator.py for tasks to queue
[2026-05-01T13:37:33.181+0000] {logging_mixin.py:188} INFO - [2026-05-01T13:37:33.180+0000] {dagbag.py:545} INFO - Filling up the DagBag from /home/airflow/.local/lib/python3.12/site-packages/airflow/example_dags/example_sensor_decorator.py
[2026-05-01T13:37:33.201+0000] {processor.py:840} INFO - DAG(s) 'example_sensor_decorator' retrieved from /home/airflow/.local/lib/python3.12/site-packages/airflow/example_dags/example_sensor_decorator.py
[2026-05-01T13:37:33.234+0000] {logging_mixin.py:188} INFO - [2026-05-01T13:37:33.233+0000] {dag.py:3089} INFO - Sync 1 DAGs
[2026-05-01T13:37:33.252+0000] {logging_mixin.py:188} INFO - [2026-05-01T13:37:33.252+0000] {dag.py:3947} INFO - Setting next_dagrun for example_sensor_decorator to None, run_after=None
[2026-05-01T13:37:33.294+0000] {processor.py:183} INFO - Processing /home/airflow/.local/lib/python3.12/site-packages/airflow/example_dags/example_sensor_decorator.py took 0.136 seconds
[2026-05-01T13:38:04.011+0000] {processor.py:161} INFO - Started process (PID=1558) to work on /home/airflow/.local/lib/python3.12/site-packages/airflow/example_dags/example_sensor_decorator.py
[2026-05-01T13:38:04.014+0000] {processor.py:830} INFO - Processing file /home/airflow/.local/lib/python3.12/site-packages/airflow/example_dags/example_sensor_decorator.py for tasks to queue
[2026-05-01T13:38:04.020+0000] {logging_mixin.py:188} INFO - [2026-05-01T13:38:04.018+0000] {dagbag.py:545} INFO - Filling up the DagBag from /home/airflow/.local/lib/python3.12/site-packages/airflow/example_dags/example_sensor_decorator.py
[2026-05-01T13:38:04.036+0000] {processor.py:840} INFO - DAG(s) 'example_sensor_decorator' retrieved from /home/airflow/.local/lib/python3.12/site-packages/airflow/example_dags/example_sensor_decorator.py
[2026-05-01T13:38:04.081+0000] {logging_mixin.py:188} INFO - [2026-05-01T13:38:04.081+0000] {dag.py:3089} INFO - Sync 1 DAGs
[2026-05-01T13:38:04.110+0000] {logging_mixin.py:188} INFO - [2026-05-01T13:38:04.110+0000] {dag.py:3947} INFO - Setting next_dagrun for example_sensor_decorator to None, run_after=None
[2026-05-01T13:38:04.366+0000] {processor.py:183} INFO - Processing /home/airflow/.local/lib/python3.12/site-packages/airflow/example_dags/example_sensor_decorator.py took 0.379 seconds
[2026-05-01T13:38:34.577+0000] {processor.py:161} INFO - Started process (PID=1616) to work on /home/airflow/.local/lib/python3.12/site-packages/airflow/example_dags/example_sensor_decorator.py
[2026-05-01T13:38:34.580+0000] {processor.py:830} INFO - Processing file /home/airflow/.local/lib/python3.12/site-packages/airflow/example_dags/example_sensor_decorator.py for tasks to queue
[2026-05-01T13:38:34.588+0000] {logging_mixin.py:188} INFO - [2026-05-01T13:38:34.588+0000] {dagbag.py:545} INFO - Filling up the DagBag from /home/airflow/.local/lib/python3.12/site-packages/airflow/example_dags/example_sensor_decorator.py
[2026-05-01T13:38:34.614+0000] {processor.py:840} INFO - DAG(s) 'example_sensor_decorator' retrieved from /home/airflow/.local/lib/python3.12/site-packages/airflow/example_dags/example_sensor_decorator.py
[2026-05-01T13:38:34.673+0000] {logging_mixin.py:188} INFO - [2026-05-01T13:38:34.672+0000] {dag.py:3089} INFO - Sync 1 DAGs
[2026-05-01T13:38:34.702+0000] {logging_mixin.py:188} INFO - [2026-05-01T13:38:34.702+0000] {dag.py:3947} INFO - Setting next_dagrun for example_sensor_decorator to None, run_after=None
[2026-05-01T13:38:34.742+0000] {processor.py:183} INFO - Processing /home/airflow/.local/lib/python3.12/site-packages/airflow/example_dags/example_sensor_decorator.py took 0.184 seconds
[2026-05-01T13:39:05.356+0000] {processor.py:161} INFO - Started process (PID=1674) to work on /home/airflow/.local/lib/python3.12/site-packages/airflow/example_dags/example_sensor_decorator.py
[2026-05-01T13:39:05.359+0000] {processor.py:830} INFO - Processing file /home/airflow/.local/lib/python3.12/site-packages/airflow/example_dags/example_sensor_decorator.py for tasks to queue
[2026-05-01T13:39:05.366+0000] {logging_mixin.py:188} INFO - [2026-05-01T13:39:05.365+0000] {dagbag.py:545} INFO - Filling up the DagBag from /home/airflow/.local/lib/python3.12/site-packages/airflow/example_dags/example_sensor_decorator.py
[2026-05-01T13:39:05.402+0000] {processor.py:840} INFO - DAG(s) 'example_sensor_decorator' retrieved from /home/airflow/.local/lib/python3.12/site-packages/airflow/example_dags/example_sensor_decorator.py
[2026-05-01T13:39:05.440+0000] {logging_mixin.py:188} INFO - [2026-05-01T13:39:05.440+0000] {dag.py:3089} INFO - Sync 1 DAGs
[2026-05-01T13:39:05.468+0000] {logging_mixin.py:188} INFO - [2026-05-01T13:39:05.468+0000] {dag.py:3947} INFO - Setting next_dagrun for example_sensor_decorator to None, run_after=None
[2026-05-01T13:39:05.495+0000] {processor.py:183} INFO - Processing /home/airflow/.local/lib/python3.12/site-packages/airflow/example_dags/example_sensor_decorator.py took 0.152 seconds
[2026-05-01T13:39:36.063+0000] {processor.py:161} INFO - Started process (PID=1732) to work on /home/airflow/.local/lib/python3.12/site-packages/airflow/example_dags/example_sensor_decorator.py
[2026-05-01T13:39:36.066+0000] {processor.py:830} INFO - Processing file /home/airflow/.local/lib/python3.12/site-packages/airflow/example_dags/example_sensor_decorator.py for tasks to queue
[2026-05-01T13:39:36.080+0000] {logging_mixin.py:188} INFO - [2026-05-01T13:39:36.079+0000] {dagbag.py:545} INFO - Filling up the DagBag from /home/airflow/.local/lib/python3.12/site-packages/airflow/example_dags/example_sensor_decorator.py
[2026-05-01T13:39:36.094+0000] {processor.py:840} INFO - DAG(s) 'example_sensor_decorator' retrieved from /home/airflow/.local/lib/python3.12/site-packages/airflow/example_dags/example_sensor_decorator.py
[2026-05-01T13:39:36.130+0000] {logging_mixin.py:188} INFO - [2026-05-01T13:39:36.130+0000] {dag.py:3089} INFO - Sync 1 DAGs
[2026-05-01T13:39:36.181+0000] {logging_mixin.py:188} INFO - [2026-05-01T13:39:36.181+0000] {dag.py:3947} INFO - Setting next_dagrun for example_sensor_decorator to None, run_after=None
[2026-05-01T13:39:36.233+0000] {processor.py:183} INFO - Processing /home/airflow/.local/lib/python3.12/site-packages/airflow/example_dags/example_sensor_decorator.py took 0.195 seconds
[2026-05-01T13:40:07.383+0000] {processor.py:161} INFO - Started process (PID=1790) to work on /home/airflow/.local/lib/python3.12/site-packages/airflow/example_dags/example_sensor_decorator.py
[2026-05-01T13:40:07.386+0000] {processor.py:830} INFO - Processing file /home/airflow/.local/lib/python3.12/site-packages/airflow/example_dags/example_sensor_decorator.py for tasks to queue
[2026-05-01T13:40:07.390+0000] {logging_mixin.py:188} INFO - [2026-05-01T13:40:07.389+0000] {dagbag.py:545} INFO - Filling up the DagBag from /home/airflow/.local/lib/python3.12/site-packages/airflow/example_dags/example_sensor_decorator.py
[2026-05-01T13:40:07.579+0000] {processor.py:840} INFO - DAG(s) 'example_sensor_decorator' retrieved from /home/airflow/.local/lib/python3.12/site-packages/airflow/example_dags/example_sensor_decorator.py
[2026-05-01T13:40:07.632+0000] {logging_mixin.py:188} INFO - [2026-05-01T13:40:07.631+0000] {dag.py:3089} INFO - Sync 1 DAGs
[2026-05-01T13:40:07.658+0000] {logging_mixin.py:188} INFO - [2026-05-01T13:40:07.658+0000] {dag.py:3947} INFO - Setting next_dagrun for example_sensor_decorator to None, run_after=None
[2026-05-01T13:40:07.689+0000] {processor.py:183} INFO - Processing /home/airflow/.local/lib/python3.12/site-packages/airflow/example_dags/example_sensor_decorator.py took 0.315 seconds
[2026-05-01T13:42:18.899+0000] {processor.py:161} INFO - Started process (PID=44) to work on /home/airflow/.local/lib/python3.12/site-packages/airflow/example_dags/example_sensor_decorator.py
[2026-05-01T13:42:18.902+0000] {processor.py:830} INFO - Processing file /home/airflow/.local/lib/python3.12/site-packages/airflow/example_dags/example_sensor_decorator.py for tasks to queue
[2026-05-01T13:42:18.915+0000] {logging_mixin.py:188} INFO - [2026-05-01T13:42:18.912+0000] {dagbag.py:545} INFO - Filling up the DagBag from /home/airflow/.local/lib/python3.12/site-packages/airflow/example_dags/example_sensor_decorator.py
[2026-05-01T13:42:18.956+0000] {processor.py:840} INFO - DAG(s) 'example_sensor_decorator' retrieved from /home/airflow/.local/lib/python3.12/site-packages/airflow/example_dags/example_sensor_decorator.py
[2026-05-01T13:42:19.685+0000] {logging_mixin.py:188} INFO - [2026-05-01T13:42:19.685+0000] {dag.py:3089} INFO - Sync 1 DAGs
[2026-05-01T13:42:19.778+0000] {logging_mixin.py:188} INFO - [2026-05-01T13:42:19.778+0000] {dag.py:3947} INFO - Setting next_dagrun for example_sensor_decorator to None, run_after=None
[2026-05-01T13:42:19.940+0000] {processor.py:183} INFO - Processing /home/airflow/.local/lib/python3.12/site-packages/airflow/example_dags/example_sensor_decorator.py took 1.066 seconds
[2026-05-01T13:42:54.314+0000] {processor.py:161} INFO - Started process (PID=102) to work on /home/airflow/.local/lib/python3.12/site-packages/airflow/example_dags/example_sensor_decorator.py
[2026-05-01T13:42:54.318+0000] {processor.py:830} INFO - Processing file /home/airflow/.local/lib/python3.12/site-packages/airflow/example_dags/example_sensor_decorator.py for tasks to queue
[2026-05-01T13:42:54.330+0000] {logging_mixin.py:188} INFO - [2026-05-01T13:42:54.329+0000] {dagbag.py:545} INFO - Filling up the DagBag from /home/airflow/.local/lib/python3.12/site-packages/airflow/example_dags/example_sensor_decorator.py
[2026-05-01T13:42:54.345+0000] {processor.py:840} INFO - DAG(s) 'example_sensor_decorator' retrieved from /home/airflow/.local/lib/python3.12/site-packages/airflow/example_dags/example_sensor_decorator.py
[2026-05-01T13:42:54.392+0000] {logging_mixin.py:188} INFO - [2026-05-01T13:42:54.392+0000] {dag.py:3089} INFO - Sync 1 DAGs
[2026-05-01T13:42:54.422+0000] {logging_mixin.py:188} INFO - [2026-05-01T13:42:54.422+0000] {dag.py:3947} INFO - Setting next_dagrun for example_sensor_decorator to None, run_after=None
[2026-05-01T13:42:54.460+0000] {processor.py:183} INFO - Processing /home/airflow/.local/lib/python3.12/site-packages/airflow/example_dags/example_sensor_decorator.py took 0.162 seconds
[2026-05-01T13:43:27.444+0000] {processor.py:161} INFO - Started process (PID=150) to work on /home/airflow/.local/lib/python3.12/site-packages/airflow/example_dags/example_sensor_decorator.py
[2026-05-01T13:43:27.451+0000] {processor.py:830} INFO - Processing file /home/airflow/.local/lib/python3.12/site-packages/airflow/example_dags/example_sensor_decorator.py for tasks to queue
[2026-05-01T13:43:27.472+0000] {logging_mixin.py:188} INFO - [2026-05-01T13:43:27.471+0000] {dagbag.py:545} INFO - Filling up the DagBag from /home/airflow/.local/lib/python3.12/site-packages/airflow/example_dags/example_sensor_decorator.py
[2026-05-01T13:43:27.509+0000] {processor.py:840} INFO - DAG(s) 'example_sensor_decorator' retrieved from /home/airflow/.local/lib/python3.12/site-packages/airflow/example_dags/example_sensor_decorator.py
[2026-05-01T13:43:27.619+0000] {logging_mixin.py:188} INFO - [2026-05-01T13:43:27.612+0000] {dag.py:3089} INFO - Sync 1 DAGs
[2026-05-01T13:43:27.670+0000] {logging_mixin.py:188} INFO - [2026-05-01T13:43:27.670+0000] {dag.py:3947} INFO - Setting next_dagrun for example_sensor_decorator to None, run_after=None
[2026-05-01T13:43:27.722+0000] {processor.py:183} INFO - Processing /home/airflow/.local/lib/python3.12/site-packages/airflow/example_dags/example_sensor_decorator.py took 0.295 seconds
[2026-05-01T13:43:58.516+0000] {processor.py:161} INFO - Started process (PID=208) to work on /home/airflow/.local/lib/python3.12/site-packages/airflow/example_dags/example_sensor_decorator.py
[2026-05-01T13:43:58.519+0000] {processor.py:830} INFO - Processing file /home/airflow/.local/lib/python3.12/site-packages/airflow/example_dags/example_sensor_decorator.py for tasks to queue
[2026-05-01T13:43:58.536+0000] {logging_mixin.py:188} INFO - [2026-05-01T13:43:58.530+0000] {dagbag.py:545} INFO - Filling up the DagBag from /home/airflow/.local/lib/python3.12/site-packages/airflow/example_dags/example_sensor_decorator.py
[2026-05-01T13:43:58.570+0000] {processor.py:840} INFO - DAG(s) 'example_sensor_decorator' retrieved from /home/airflow/.local/lib/python3.12/site-packages/airflow/example_dags/example_sensor_decorator.py
[2026-05-01T13:43:58.738+0000] {logging_mixin.py:188} INFO - [2026-05-01T13:43:58.737+0000] {dag.py:3089} INFO - Sync 1 DAGs
[2026-05-01T13:43:58.768+0000] {logging_mixin.py:188} INFO - [2026-05-01T13:43:58.768+0000] {dag.py:3947} INFO - Setting next_dagrun for example_sensor_decorator to None, run_after=None
[2026-05-01T13:43:58.804+0000] {processor.py:183} INFO - Processing /home/airflow/.local/lib/python3.12/site-packages/airflow/example_dags/example_sensor_decorator.py took 0.300 seconds
[2026-05-01T13:44:30.528+0000] {processor.py:161} INFO - Started process (PID=265) to work on /home/airflow/.local/lib/python3.12/site-packages/airflow/example_dags/example_sensor_decorator.py
[2026-05-01T13:44:30.536+0000] {processor.py:830} INFO - Processing file /home/airflow/.local/lib/python3.12/site-packages/airflow/example_dags/example_sensor_decorator.py for tasks to queue
[2026-05-01T13:44:30.543+0000] {logging_mixin.py:188} INFO - [2026-05-01T13:44:30.542+0000] {dagbag.py:545} INFO - Filling up the DagBag from /home/airflow/.local/lib/python3.12/site-packages/airflow/example_dags/example_sensor_decorator.py
[2026-05-01T13:44:30.580+0000] {processor.py:840} INFO - DAG(s) 'example_sensor_decorator' retrieved from /home/airflow/.local/lib/python3.12/site-packages/airflow/example_dags/example_sensor_decorator.py
[2026-05-01T13:44:30.654+0000] {logging_mixin.py:188} INFO - [2026-05-01T13:44:30.653+0000] {dag.py:3089} INFO - Sync 1 DAGs
[2026-05-01T13:44:30.698+0000] {logging_mixin.py:188} INFO - [2026-05-01T13:44:30.697+0000] {dag.py:3947} INFO - Setting next_dagrun for example_sensor_decorator to None, run_after=None
[2026-05-01T13:44:30.778+0000] {processor.py:183} INFO - Processing /home/airflow/.local/lib/python3.12/site-packages/airflow/example_dags/example_sensor_decorator.py took 0.290 seconds
[2026-05-01T13:45:01.435+0000] {processor.py:161} INFO - Started process (PID=323) to work on /home/airflow/.local/lib/python3.12/site-packages/airflow/example_dags/example_sensor_decorator.py
[2026-05-01T13:45:01.464+0000] {processor.py:830} INFO - Processing file /home/airflow/.local/lib/python3.12/site-packages/airflow/example_dags/example_sensor_decorator.py for tasks to queue
[2026-05-01T13:45:01.479+0000] {logging_mixin.py:188} INFO - [2026-05-01T13:45:01.477+0000] {dagbag.py:545} INFO - Filling up the DagBag from /home/airflow/.local/lib/python3.12/site-packages/airflow/example_dags/example_sensor_decorator.py
[2026-05-01T13:45:01.512+0000] {processor.py:840} INFO - DAG(s) 'example_sensor_decorator' retrieved from /home/airflow/.local/lib/python3.12/site-packages/airflow/example_dags/example_sensor_decorator.py
[2026-05-01T13:45:01.603+0000] {logging_mixin.py:188} INFO - [2026-05-01T13:45:01.603+0000] {dag.py:3089} INFO - Sync 1 DAGs
[2026-05-01T13:45:01.659+0000] {logging_mixin.py:188} INFO - [2026-05-01T13:45:01.659+0000] {dag.py:3947} INFO - Setting next_dagrun for example_sensor_decorator to None, run_after=None
[2026-05-01T13:45:01.770+0000] {processor.py:183} INFO - Processing /home/airflow/.local/lib/python3.12/site-packages/airflow/example_dags/example_sensor_decorator.py took 0.365 seconds
[2026-05-01T13:45:32.193+0000] {processor.py:161} INFO - Started process (PID=381) to work on /home/airflow/.local/lib/python3.12/site-packages/airflow/example_dags/example_sensor_decorator.py
[2026-05-01T13:45:32.210+0000] {processor.py:830} INFO - Processing file /home/airflow/.local/lib/python3.12/site-packages/airflow/example_dags/example_sensor_decorator.py for tasks to queue
[2026-05-01T13:45:32.230+0000] {logging_mixin.py:188} INFO - [2026-05-01T13:45:32.226+0000] {dagbag.py:545} INFO - Filling up the DagBag from /home/airflow/.local/lib/python3.12/site-packages/airflow/example_dags/example_sensor_decorator.py
[2026-05-01T13:45:32.292+0000] {processor.py:840} INFO - DAG(s) 'example_sensor_decorator' retrieved from /home/airflow/.local/lib/python3.12/site-packages/airflow/example_dags/example_sensor_decorator.py
[2026-05-01T13:45:32.406+0000] {logging_mixin.py:188} INFO - [2026-05-01T13:45:32.405+0000] {dag.py:3089} INFO - Sync 1 DAGs
[2026-05-01T13:45:32.442+0000] {logging_mixin.py:188} INFO - [2026-05-01T13:45:32.442+0000] {dag.py:3947} INFO - Setting next_dagrun for example_sensor_decorator to None, run_after=None
[2026-05-01T13:45:32.484+0000] {processor.py:183} INFO - Processing /home/airflow/.local/lib/python3.12/site-packages/airflow/example_dags/example_sensor_decorator.py took 0.321 seconds
[2026-05-01T13:46:02.533+0000] {processor.py:161} INFO - Started process (PID=439) to work on /home/airflow/.local/lib/python3.12/site-packages/airflow/example_dags/example_sensor_decorator.py
[2026-05-01T13:46:02.536+0000] {processor.py:830} INFO - Processing file /home/airflow/.local/lib/python3.12/site-packages/airflow/example_dags/example_sensor_decorator.py for tasks to queue
[2026-05-01T13:46:02.541+0000] {logging_mixin.py:188} INFO - [2026-05-01T13:46:02.540+0000] {dagbag.py:545} INFO - Filling up the DagBag from /home/airflow/.local/lib/python3.12/site-packages/airflow/example_dags/example_sensor_decorator.py
[2026-05-01T13:46:02.555+0000] {processor.py:840} INFO - DAG(s) 'example_sensor_decorator' retrieved from /home/airflow/.local/lib/python3.12/site-packages/airflow/example_dags/example_sensor_decorator.py
[2026-05-01T13:46:02.590+0000] {logging_mixin.py:188} INFO - [2026-05-01T13:46:02.590+0000] {dag.py:3089} INFO - Sync 1 DAGs
[2026-05-01T13:46:02.610+0000] {logging_mixin.py:188} INFO - [2026-05-01T13:46:02.610+0000] {dag.py:3947} INFO - Setting next_dagrun for example_sensor_decorator to None, run_after=None
[2026-05-01T13:46:02.638+0000] {processor.py:183} INFO - Processing /home/airflow/.local/lib/python3.12/site-packages/airflow/example_dags/example_sensor_decorator.py took 0.114 seconds
[2026-05-01T13:46:33.077+0000] {processor.py:161} INFO - Started process (PID=497) to work on /home/airflow/.local/lib/python3.12/site-packages/airflow/example_dags/example_sensor_decorator.py
[2026-05-01T13:46:33.081+0000] {processor.py:830} INFO - Processing file /home/airflow/.local/lib/python3.12/site-packages/airflow/example_dags/example_sensor_decorator.py for tasks to queue
[2026-05-01T13:46:33.085+0000] {logging_mixin.py:188} INFO - [2026-05-01T13:46:33.085+0000] {dagbag.py:545} INFO - Filling up the DagBag from /home/airflow/.local/lib/python3.12/site-packages/airflow/example_dags/example_sensor_decorator.py
[2026-05-01T13:46:33.097+0000] {processor.py:840} INFO - DAG(s) 'example_sensor_decorator' retrieved from /home/airflow/.local/lib/python3.12/site-packages/airflow/example_dags/example_sensor_decorator.py
[2026-05-01T13:46:33.129+0000] {logging_mixin.py:188} INFO - [2026-05-01T13:46:33.129+0000] {dag.py:3089} INFO - Sync 1 DAGs
[2026-05-01T13:46:33.152+0000] {logging_mixin.py:188} INFO - [2026-05-01T13:46:33.151+0000] {dag.py:3947} INFO - Setting next_dagrun for example_sensor_decorator to None, run_after=None
[2026-05-01T13:46:33.187+0000] {processor.py:183} INFO - Processing /home/airflow/.local/lib/python3.12/site-packages/airflow/example_dags/example_sensor_decorator.py took 0.128 seconds
[2026-05-01T13:47:03.409+0000] {processor.py:161} INFO - Started process (PID=553) to work on /home/airflow/.local/lib/python3.12/site-packages/airflow/example_dags/example_sensor_decorator.py
[2026-05-01T13:47:03.411+0000] {processor.py:830} INFO - Processing file /home/airflow/.local/lib/python3.12/site-packages/airflow/example_dags/example_sensor_decorator.py for tasks to queue
[2026-05-01T13:47:03.416+0000] {logging_mixin.py:188} INFO - [2026-05-01T13:47:03.415+0000] {dagbag.py:545} INFO - Filling up the DagBag from /home/airflow/.local/lib/python3.12/site-packages/airflow/example_dags/example_sensor_decorator.py
[2026-05-01T13:47:03.426+0000] {processor.py:840} INFO - DAG(s) 'example_sensor_decorator' retrieved from /home/airflow/.local/lib/python3.12/site-packages/airflow/example_dags/example_sensor_decorator.py
[2026-05-01T13:47:03.453+0000] {logging_mixin.py:188} INFO - [2026-05-01T13:47:03.453+0000] {dag.py:3089} INFO - Sync 1 DAGs
[2026-05-01T13:47:03.479+0000] {logging_mixin.py:188} INFO - [2026-05-01T13:47:03.479+0000] {dag.py:3947} INFO - Setting next_dagrun for example_sensor_decorator to None, run_after=None
[2026-05-01T13:47:03.535+0000] {processor.py:183} INFO - Processing /home/airflow/.local/lib/python3.12/site-packages/airflow/example_dags/example_sensor_decorator.py took 0.137 seconds
[2026-05-01T13:47:35.288+0000] {processor.py:161} INFO - Started process (PID=611) to work on /home/airflow/.local/lib/python3.12/site-packages/airflow/example_dags/example_sensor_decorator.py
[2026-05-01T13:47:35.293+0000] {processor.py:830} INFO - Processing file /home/airflow/.local/lib/python3.12/site-packages/airflow/example_dags/example_sensor_decorator.py for tasks to queue
[2026-05-01T13:47:35.301+0000] {logging_mixin.py:188} INFO - [2026-05-01T13:47:35.301+0000] {dagbag.py:545} INFO - Filling up the DagBag from /home/airflow/.local/lib/python3.12/site-packages/airflow/example_dags/example_sensor_decorator.py
[2026-05-01T13:47:35.323+0000] {processor.py:840} INFO - DAG(s) 'example_sensor_decorator' retrieved from /home/airflow/.local/lib/python3.12/site-packages/airflow/example_dags/example_sensor_decorator.py
[2026-05-01T13:47:35.400+0000] {logging_mixin.py:188} INFO - [2026-05-01T13:47:35.400+0000] {dag.py:3089} INFO - Sync 1 DAGs
[2026-05-01T13:47:35.448+0000] {logging_mixin.py:188} INFO - [2026-05-01T13:47:35.448+0000] {dag.py:3947} INFO - Setting next_dagrun for example_sensor_decorator to None, run_after=None
[2026-05-01T13:47:35.508+0000] {processor.py:183} INFO - Processing /home/airflow/.local/lib/python3.12/site-packages/airflow/example_dags/example_sensor_decorator.py took 0.249 seconds
[2026-05-01T13:48:06.414+0000] {processor.py:161} INFO - Started process (PID=668) to work on /home/airflow/.local/lib/python3.12/site-packages/airflow/example_dags/example_sensor_decorator.py
[2026-05-01T13:48:06.421+0000] {processor.py:830} INFO - Processing file /home/airflow/.local/lib/python3.12/site-packages/airflow/example_dags/example_sensor_decorator.py for tasks to queue
[2026-05-01T13:48:06.426+0000] {logging_mixin.py:188} INFO - [2026-05-01T13:48:06.425+0000] {dagbag.py:545} INFO - Filling up the DagBag from /home/airflow/.local/lib/python3.12/site-packages/airflow/example_dags/example_sensor_decorator.py
[2026-05-01T13:48:06.444+0000] {processor.py:840} INFO - DAG(s) 'example_sensor_decorator' retrieved from /home/airflow/.local/lib/python3.12/site-packages/airflow/example_dags/example_sensor_decorator.py
[2026-05-01T13:48:06.506+0000] {logging_mixin.py:188} INFO - [2026-05-01T13:48:06.506+0000] {dag.py:3089} INFO - Sync 1 DAGs
[2026-05-01T13:48:06.545+0000] {logging_mixin.py:188} INFO - [2026-05-01T13:48:06.544+0000] {dag.py:3947} INFO - Setting next_dagrun for example_sensor_decorator to None, run_after=None
[2026-05-01T13:48:06.643+0000] {processor.py:183} INFO - Processing /home/airflow/.local/lib/python3.12/site-packages/airflow/example_dags/example_sensor_decorator.py took 0.250 seconds
[2026-05-01T13:48:36.789+0000] {processor.py:161} INFO - Started process (PID=725) to work on /home/airflow/.local/lib/python3.12/site-packages/airflow/example_dags/example_sensor_decorator.py
[2026-05-01T13:48:36.791+0000] {processor.py:830} INFO - Processing file /home/airflow/.local/lib/python3.12/site-packages/airflow/example_dags/example_sensor_decorator.py for tasks to queue
[2026-05-01T13:48:36.795+0000] {logging_mixin.py:188} INFO - [2026-05-01T13:48:36.794+0000] {dagbag.py:545} INFO - Filling up the DagBag from /home/airflow/.local/lib/python3.12/site-packages/airflow/example_dags/example_sensor_decorator.py
[2026-05-01T13:48:36.807+0000] {processor.py:840} INFO - DAG(s) 'example_sensor_decorator' retrieved from /home/airflow/.local/lib/python3.12/site-packages/airflow/example_dags/example_sensor_decorator.py
[2026-05-01T13:48:36.840+0000] {logging_mixin.py:188} INFO - [2026-05-01T13:48:36.840+0000] {dag.py:3089} INFO - Sync 1 DAGs
[2026-05-01T13:48:36.859+0000] {logging_mixin.py:188} INFO - [2026-05-01T13:48:36.859+0000] {dag.py:3947} INFO - Setting next_dagrun for example_sensor_decorator to None, run_after=None
[2026-05-01T13:48:36.883+0000] {processor.py:183} INFO - Processing /home/airflow/.local/lib/python3.12/site-packages/airflow/example_dags/example_sensor_decorator.py took 0.101 seconds
[2026-05-01T13:49:07.270+0000] {processor.py:161} INFO - Started process (PID=783) to work on /home/airflow/.local/lib/python3.12/site-packages/airflow/example_dags/example_sensor_decorator.py
[2026-05-01T13:49:07.273+0000] {processor.py:830} INFO - Processing file /home/airflow/.local/lib/python3.12/site-packages/airflow/example_dags/example_sensor_decorator.py for tasks to queue
[2026-05-01T13:49:07.278+0000] {logging_mixin.py:188} INFO - [2026-05-01T13:49:07.277+0000] {dagbag.py:545} INFO - Filling up the DagBag from /home/airflow/.local/lib/python3.12/site-packages/airflow/example_dags/example_sensor_decorator.py
[2026-05-01T13:49:07.288+0000] {processor.py:840} INFO - DAG(s) 'example_sensor_decorator' retrieved from /home/airflow/.local/lib/python3.12/site-packages/airflow/example_dags/example_sensor_decorator.py
[2026-05-01T13:49:07.322+0000] {logging_mixin.py:188} INFO - [2026-05-01T13:49:07.321+0000] {dag.py:3089} INFO - Sync 1 DAGs
[2026-05-01T13:49:07.342+0000] {logging_mixin.py:188} INFO - [2026-05-01T13:49:07.341+0000] {dag.py:3947} INFO - Setting next_dagrun for example_sensor_decorator to None, run_after=None
[2026-05-01T13:49:07.375+0000] {processor.py:183} INFO - Processing /home/airflow/.local/lib/python3.12/site-packages/airflow/example_dags/example_sensor_decorator.py took 0.120 seconds
[2026-05-01T13:49:38.080+0000] {processor.py:161} INFO - Started process (PID=841) to work on /home/airflow/.local/lib/python3.12/site-packages/airflow/example_dags/example_sensor_decorator.py
[2026-05-01T13:49:38.085+0000] {processor.py:830} INFO - Processing file /home/airflow/.local/lib/python3.12/site-packages/airflow/example_dags/example_sensor_decorator.py for tasks to queue
[2026-05-01T13:49:38.089+0000] {logging_mixin.py:188} INFO - [2026-05-01T13:49:38.089+0000] {dagbag.py:545} INFO - Filling up the DagBag from /home/airflow/.local/lib/python3.12/site-packages/airflow/example_dags/example_sensor_decorator.py
[2026-05-01T13:49:38.099+0000] {processor.py:840} INFO - DAG(s) 'example_sensor_decorator' retrieved from /home/airflow/.local/lib/python3.12/site-packages/airflow/example_dags/example_sensor_decorator.py
[2026-05-01T13:49:38.130+0000] {logging_mixin.py:188} INFO - [2026-05-01T13:49:38.130+0000] {dag.py:3089} INFO - Sync 1 DAGs
[2026-05-01T13:49:38.148+0000] {logging_mixin.py:188} INFO - [2026-05-01T13:49:38.148+0000] {dag.py:3947} INFO - Setting next_dagrun for example_sensor_decorator to None, run_after=None
[2026-05-01T13:49:38.180+0000] {processor.py:183} INFO - Processing /home/airflow/.local/lib/python3.12/site-packages/airflow/example_dags/example_sensor_decorator.py took 0.112 seconds
[2026-05-01T13:50:10.328+0000] {processor.py:161} INFO - Started process (PID=896) to work on /home/airflow/.local/lib/python3.12/site-packages/airflow/example_dags/example_sensor_decorator.py
[2026-05-01T13:50:10.332+0000] {processor.py:830} INFO - Processing file /home/airflow/.local/lib/python3.12/site-packages/airflow/example_dags/example_sensor_decorator.py for tasks to queue
[2026-05-01T13:50:10.337+0000] {logging_mixin.py:188} INFO - [2026-05-01T13:50:10.336+0000] {dagbag.py:545} INFO - Filling up the DagBag from /home/airflow/.local/lib/python3.12/site-packages/airflow/example_dags/example_sensor_decorator.py
[2026-05-01T13:50:10.352+0000] {processor.py:840} INFO - DAG(s) 'example_sensor_decorator' retrieved from /home/airflow/.local/lib/python3.12/site-packages/airflow/example_dags/example_sensor_decorator.py
[2026-05-01T13:50:10.389+0000] {logging_mixin.py:188} INFO - [2026-05-01T13:50:10.389+0000] {dag.py:3089} INFO - Sync 1 DAGs
[2026-05-01T13:50:10.434+0000] {logging_mixin.py:188} INFO - [2026-05-01T13:50:10.434+0000] {dag.py:3947} INFO - Setting next_dagrun for example_sensor_decorator to None, run_after=None
[2026-05-01T13:50:10.499+0000] {processor.py:183} INFO - Processing /home/airflow/.local/lib/python3.12/site-packages/airflow/example_dags/example_sensor_decorator.py took 0.180 seconds
[2026-05-01T13:50:40.641+0000] {processor.py:161} INFO - Started process (PID=953) to work on /home/airflow/.local/lib/python3.12/site-packages/airflow/example_dags/example_sensor_decorator.py
[2026-05-01T13:50:40.644+0000] {processor.py:830} INFO - Processing file /home/airflow/.local/lib/python3.12/site-packages/airflow/example_dags/example_sensor_decorator.py for tasks to queue
[2026-05-01T13:50:40.652+0000] {logging_mixin.py:188} INFO - [2026-05-01T13:50:40.652+0000] {dagbag.py:545} INFO - Filling up the DagBag from /home/airflow/.local/lib/python3.12/site-packages/airflow/example_dags/example_sensor_decorator.py
[2026-05-01T13:50:40.667+0000] {processor.py:840} INFO - DAG(s) 'example_sensor_decorator' retrieved from /home/airflow/.local/lib/python3.12/site-packages/airflow/example_dags/example_sensor_decorator.py
[2026-05-01T13:50:40.699+0000] {logging_mixin.py:188} INFO - [2026-05-01T13:50:40.699+0000] {dag.py:3089} INFO - Sync 1 DAGs
[2026-05-01T13:50:40.728+0000] {logging_mixin.py:188} INFO - [2026-05-01T13:50:40.727+0000] {dag.py:3947} INFO - Setting next_dagrun for example_sensor_decorator to None, run_after=None
[2026-05-01T13:50:40.759+0000] {processor.py:183} INFO - Processing /home/airflow/.local/lib/python3.12/site-packages/airflow/example_dags/example_sensor_decorator.py took 0.126 seconds
[2026-05-01T13:51:12.366+0000] {processor.py:161} INFO - Started process (PID=1010) to work on /home/airflow/.local/lib/python3.12/site-packages/airflow/example_dags/example_sensor_decorator.py
[2026-05-01T13:51:12.388+0000] {processor.py:830} INFO - Processing file /home/airflow/.local/lib/python3.12/site-packages/airflow/example_dags/example_sensor_decorator.py for tasks to queue
[2026-05-01T13:51:12.399+0000] {logging_mixin.py:188} INFO - [2026-05-01T13:51:12.399+0000] {dagbag.py:545} INFO - Filling up the DagBag from /home/airflow/.local/lib/python3.12/site-packages/airflow/example_dags/example_sensor_decorator.py
[2026-05-01T13:51:12.444+0000] {processor.py:840} INFO - DAG(s) 'example_sensor_decorator' retrieved from /home/airflow/.local/lib/python3.12/site-packages/airflow/example_dags/example_sensor_decorator.py
[2026-05-01T13:51:12.531+0000] {logging_mixin.py:188} INFO - [2026-05-01T13:51:12.530+0000] {dag.py:3089} INFO - Sync 1 DAGs
[2026-05-01T13:51:12.603+0000] {logging_mixin.py:188} INFO - [2026-05-01T13:51:12.602+0000] {dag.py:3947} INFO - Setting next_dagrun for example_sensor_decorator to None, run_after=None
[2026-05-01T13:51:12.727+0000] {processor.py:183} INFO - Processing /home/airflow/.local/lib/python3.12/site-packages/airflow/example_dags/example_sensor_decorator.py took 0.387 seconds
[2026-05-01T13:51:42.884+0000] {processor.py:161} INFO - Started process (PID=1068) to work on /home/airflow/.local/lib/python3.12/site-packages/airflow/example_dags/example_sensor_decorator.py
[2026-05-01T13:51:42.889+0000] {processor.py:830} INFO - Processing file /home/airflow/.local/lib/python3.12/site-packages/airflow/example_dags/example_sensor_decorator.py for tasks to queue
[2026-05-01T13:51:42.896+0000] {logging_mixin.py:188} INFO - [2026-05-01T13:51:42.895+0000] {dagbag.py:545} INFO - Filling up the DagBag from /home/airflow/.local/lib/python3.12/site-packages/airflow/example_dags/example_sensor_decorator.py
[2026-05-01T13:51:42.915+0000] {processor.py:840} INFO - DAG(s) 'example_sensor_decorator' retrieved from /home/airflow/.local/lib/python3.12/site-packages/airflow/example_dags/example_sensor_decorator.py
[2026-05-01T13:51:42.954+0000] {logging_mixin.py:188} INFO - [2026-05-01T13:51:42.954+0000] {dag.py:3089} INFO - Sync 1 DAGs
[2026-05-01T13:51:42.991+0000] {logging_mixin.py:188} INFO - [2026-05-01T13:51:42.991+0000] {dag.py:3947} INFO - Setting next_dagrun for example_sensor_decorator to None, run_after=None
[2026-05-01T13:51:43.039+0000] {processor.py:183} INFO - Processing /home/airflow/.local/lib/python3.12/site-packages/airflow/example_dags/example_sensor_decorator.py took 0.169 seconds
[2026-05-01T13:52:13.127+0000] {processor.py:161} INFO - Started process (PID=1125) to work on /home/airflow/.local/lib/python3.12/site-packages/airflow/example_dags/example_sensor_decorator.py
[2026-05-01T13:52:13.131+0000] {processor.py:830} INFO - Processing file /home/airflow/.local/lib/python3.12/site-packages/airflow/example_dags/example_sensor_decorator.py for tasks to queue
[2026-05-01T13:52:13.136+0000] {logging_mixin.py:188} INFO - [2026-05-01T13:52:13.136+0000] {dagbag.py:545} INFO - Filling up the DagBag from /home/airflow/.local/lib/python3.12/site-packages/airflow/example_dags/example_sensor_decorator.py
[2026-05-01T13:52:13.169+0000] {processor.py:840} INFO - DAG(s) 'example_sensor_decorator' retrieved from /home/airflow/.local/lib/python3.12/site-packages/airflow/example_dags/example_sensor_decorator.py
[2026-05-01T13:52:13.237+0000] {logging_mixin.py:188} INFO - [2026-05-01T13:52:13.234+0000] {dag.py:3089} INFO - Sync 1 DAGs
[2026-05-01T13:52:13.280+0000] {logging_mixin.py:188} INFO - [2026-05-01T13:52:13.280+0000] {dag.py:3947} INFO - Setting next_dagrun for example_sensor_decorator to None, run_after=None
[2026-05-01T13:52:13.314+0000] {processor.py:183} INFO - Processing /home/airflow/.local/lib/python3.12/site-packages/airflow/example_dags/example_sensor_decorator.py took 0.196 seconds
[2026-05-01T13:52:44.960+0000] {processor.py:161} INFO - Started process (PID=1183) to work on /home/airflow/.local/lib/python3.12/site-packages/airflow/example_dags/example_sensor_decorator.py
[2026-05-01T13:52:44.968+0000] {processor.py:830} INFO - Processing file /home/airflow/.local/lib/python3.12/site-packages/airflow/example_dags/example_sensor_decorator.py for tasks to queue
[2026-05-01T13:52:44.978+0000] {logging_mixin.py:188} INFO - [2026-05-01T13:52:44.978+0000] {dagbag.py:545} INFO - Filling up the DagBag from /home/airflow/.local/lib/python3.12/site-packages/airflow/example_dags/example_sensor_decorator.py
[2026-05-01T13:52:45.013+0000] {processor.py:840} INFO - DAG(s) 'example_sensor_decorator' retrieved from /home/airflow/.local/lib/python3.12/site-packages/airflow/example_dags/example_sensor_decorator.py
[2026-05-01T13:52:45.109+0000] {logging_mixin.py:188} INFO - [2026-05-01T13:52:45.108+0000] {dag.py:3089} INFO - Sync 1 DAGs
[2026-05-01T13:52:45.157+0000] {logging_mixin.py:188} INFO - [2026-05-01T13:52:45.155+0000] {dag.py:3947} INFO - Setting next_dagrun for example_sensor_decorator to None, run_after=None
[2026-05-01T13:52:45.210+0000] {processor.py:183} INFO - Processing /home/airflow/.local/lib/python3.12/site-packages/airflow/example_dags/example_sensor_decorator.py took 0.290 seconds
[2026-05-01T13:53:15.428+0000] {processor.py:161} INFO - Started process (PID=1241) to work on /home/airflow/.local/lib/python3.12/site-packages/airflow/example_dags/example_sensor_decorator.py
[2026-05-01T13:53:15.431+0000] {processor.py:830} INFO - Processing file /home/airflow/.local/lib/python3.12/site-packages/airflow/example_dags/example_sensor_decorator.py for tasks to queue
[2026-05-01T13:53:15.436+0000] {logging_mixin.py:188} INFO - [2026-05-01T13:53:15.436+0000] {dagbag.py:545} INFO - Filling up the DagBag from /home/airflow/.local/lib/python3.12/site-packages/airflow/example_dags/example_sensor_decorator.py
[2026-05-01T13:53:15.450+0000] {processor.py:840} INFO - DAG(s) 'example_sensor_decorator' retrieved from /home/airflow/.local/lib/python3.12/site-packages/airflow/example_dags/example_sensor_decorator.py
[2026-05-01T13:53:15.476+0000] {logging_mixin.py:188} INFO - [2026-05-01T13:53:15.476+0000] {dag.py:3089} INFO - Sync 1 DAGs
[2026-05-01T13:53:15.493+0000] {logging_mixin.py:188} INFO - [2026-05-01T13:53:15.492+0000] {dag.py:3947} INFO - Setting next_dagrun for example_sensor_decorator to None, run_after=None
[2026-05-01T13:53:15.520+0000] {processor.py:183} INFO - Processing /home/airflow/.local/lib/python3.12/site-packages/airflow/example_dags/example_sensor_decorator.py took 0.101 seconds
