[2026-05-01T13:24:34.053+0000] {processor.py:161} INFO - Started process (PID=71) to work on /home/airflow/.local/lib/python3.12/site-packages/airflow/example_dags/example_branch_operator.py
[2026-05-01T13:24:34.082+0000] {processor.py:830} INFO - Processing file /home/airflow/.local/lib/python3.12/site-packages/airflow/example_dags/example_branch_operator.py for tasks to queue
[2026-05-01T13:24:34.103+0000] {logging_mixin.py:188} INFO - [2026-05-01T13:24:34.103+0000] {dagbag.py:545} INFO - Filling up the DagBag from /home/airflow/.local/lib/python3.12/site-packages/airflow/example_dags/example_branch_operator.py
[2026-05-01T13:24:34.231+0000] {processor.py:840} INFO - DAG(s) 'example_branch_operator' retrieved from /home/airflow/.local/lib/python3.12/site-packages/airflow/example_dags/example_branch_operator.py
[2026-05-01T13:24:35.453+0000] {logging_mixin.py:188} INFO - [2026-05-01T13:24:35.452+0000] {override.py:1858} INFO - Created Permission View: can delete on DAG:example_branch_operator
[2026-05-01T13:24:35.564+0000] {logging_mixin.py:188} INFO - [2026-05-01T13:24:35.563+0000] {override.py:1858} INFO - Created Permission View: can edit on DAG:example_branch_operator
[2026-05-01T13:24:35.606+0000] {logging_mixin.py:188} INFO - [2026-05-01T13:24:35.606+0000] {override.py:1858} INFO - Created Permission View: can read on DAG:example_branch_operator
[2026-05-01T13:24:35.609+0000] {logging_mixin.py:188} INFO - [2026-05-01T13:24:35.609+0000] {dag.py:3089} INFO - Sync 1 DAGs
[2026-05-01T13:24:35.761+0000] {logging_mixin.py:188} INFO - [2026-05-01T13:24:35.760+0000] {dag.py:3111} INFO - Creating ORM DAG for example_branch_operator
[2026-05-01T13:24:35.918+0000] {logging_mixin.py:188} INFO - [2026-05-01T13:24:35.917+0000] {dag.py:3947} INFO - Setting next_dagrun for example_branch_operator to 2026-04-30 00:00:00+00:00, run_after=2026-05-01 00:00:00+00:00
[2026-05-01T13:24:36.197+0000] {processor.py:183} INFO - Processing /home/airflow/.local/lib/python3.12/site-packages/airflow/example_dags/example_branch_operator.py took 2.220 seconds
[2026-05-01T13:25:25.159+0000] {processor.py:161} INFO - Started process (PID=134) to work on /home/airflow/.local/lib/python3.12/site-packages/airflow/example_dags/example_branch_operator.py
[2026-05-01T13:25:25.178+0000] {processor.py:830} INFO - Processing file /home/airflow/.local/lib/python3.12/site-packages/airflow/example_dags/example_branch_operator.py for tasks to queue
[2026-05-01T13:25:25.190+0000] {logging_mixin.py:188} INFO - [2026-05-01T13:25:25.189+0000] {dagbag.py:545} INFO - Filling up the DagBag from /home/airflow/.local/lib/python3.12/site-packages/airflow/example_dags/example_branch_operator.py
[2026-05-01T13:25:25.661+0000] {processor.py:840} INFO - DAG(s) 'example_branch_operator' retrieved from /home/airflow/.local/lib/python3.12/site-packages/airflow/example_dags/example_branch_operator.py
[2026-05-01T13:25:25.792+0000] {logging_mixin.py:188} INFO - [2026-05-01T13:25:25.792+0000] {dag.py:3089} INFO - Sync 1 DAGs
[2026-05-01T13:25:26.119+0000] {logging_mixin.py:188} INFO - [2026-05-01T13:25:26.118+0000] {dag.py:3947} INFO - Setting next_dagrun for example_branch_operator to 2026-04-30 00:00:00+00:00, run_after=2026-05-01 00:00:00+00:00
[2026-05-01T13:25:26.456+0000] {processor.py:183} INFO - Processing /home/airflow/.local/lib/python3.12/site-packages/airflow/example_dags/example_branch_operator.py took 1.505 seconds
[2026-05-01T13:25:56.783+0000] {processor.py:161} INFO - Started process (PID=192) to work on /home/airflow/.local/lib/python3.12/site-packages/airflow/example_dags/example_branch_operator.py
[2026-05-01T13:25:56.795+0000] {processor.py:830} INFO - Processing file /home/airflow/.local/lib/python3.12/site-packages/airflow/example_dags/example_branch_operator.py for tasks to queue
[2026-05-01T13:25:56.818+0000] {logging_mixin.py:188} INFO - [2026-05-01T13:25:56.817+0000] {dagbag.py:545} INFO - Filling up the DagBag from /home/airflow/.local/lib/python3.12/site-packages/airflow/example_dags/example_branch_operator.py
[2026-05-01T13:25:56.878+0000] {processor.py:840} INFO - DAG(s) 'example_branch_operator' retrieved from /home/airflow/.local/lib/python3.12/site-packages/airflow/example_dags/example_branch_operator.py
[2026-05-01T13:25:57.220+0000] {logging_mixin.py:188} INFO - [2026-05-01T13:25:57.220+0000] {dag.py:3089} INFO - Sync 1 DAGs
[2026-05-01T13:25:57.268+0000] {logging_mixin.py:188} INFO - [2026-05-01T13:25:57.268+0000] {dag.py:3947} INFO - Setting next_dagrun for example_branch_operator to 2026-04-30 00:00:00+00:00, run_after=2026-05-01 00:00:00+00:00
[2026-05-01T13:25:57.308+0000] {processor.py:183} INFO - Processing /home/airflow/.local/lib/python3.12/site-packages/airflow/example_dags/example_branch_operator.py took 0.556 seconds
[2026-05-01T13:26:27.550+0000] {processor.py:161} INFO - Started process (PID=250) to work on /home/airflow/.local/lib/python3.12/site-packages/airflow/example_dags/example_branch_operator.py
[2026-05-01T13:26:27.553+0000] {processor.py:830} INFO - Processing file /home/airflow/.local/lib/python3.12/site-packages/airflow/example_dags/example_branch_operator.py for tasks to queue
[2026-05-01T13:26:27.561+0000] {logging_mixin.py:188} INFO - [2026-05-01T13:26:27.559+0000] {dagbag.py:545} INFO - Filling up the DagBag from /home/airflow/.local/lib/python3.12/site-packages/airflow/example_dags/example_branch_operator.py
[2026-05-01T13:26:27.595+0000] {processor.py:840} INFO - DAG(s) 'example_branch_operator' retrieved from /home/airflow/.local/lib/python3.12/site-packages/airflow/example_dags/example_branch_operator.py
[2026-05-01T13:26:27.652+0000] {logging_mixin.py:188} INFO - [2026-05-01T13:26:27.652+0000] {dag.py:3089} INFO - Sync 1 DAGs
[2026-05-01T13:26:27.691+0000] {logging_mixin.py:188} INFO - [2026-05-01T13:26:27.691+0000] {dag.py:3947} INFO - Setting next_dagrun for example_branch_operator to 2026-04-30 00:00:00+00:00, run_after=2026-05-01 00:00:00+00:00
[2026-05-01T13:26:27.723+0000] {processor.py:183} INFO - Processing /home/airflow/.local/lib/python3.12/site-packages/airflow/example_dags/example_branch_operator.py took 0.188 seconds
[2026-05-01T13:26:58.392+0000] {processor.py:161} INFO - Started process (PID=308) to work on /home/airflow/.local/lib/python3.12/site-packages/airflow/example_dags/example_branch_operator.py
[2026-05-01T13:26:58.395+0000] {processor.py:830} INFO - Processing file /home/airflow/.local/lib/python3.12/site-packages/airflow/example_dags/example_branch_operator.py for tasks to queue
[2026-05-01T13:26:58.401+0000] {logging_mixin.py:188} INFO - [2026-05-01T13:26:58.400+0000] {dagbag.py:545} INFO - Filling up the DagBag from /home/airflow/.local/lib/python3.12/site-packages/airflow/example_dags/example_branch_operator.py
[2026-05-01T13:26:58.429+0000] {processor.py:840} INFO - DAG(s) 'example_branch_operator' retrieved from /home/airflow/.local/lib/python3.12/site-packages/airflow/example_dags/example_branch_operator.py
[2026-05-01T13:26:58.475+0000] {logging_mixin.py:188} INFO - [2026-05-01T13:26:58.475+0000] {dag.py:3089} INFO - Sync 1 DAGs
[2026-05-01T13:26:58.512+0000] {logging_mixin.py:188} INFO - [2026-05-01T13:26:58.511+0000] {dag.py:3947} INFO - Setting next_dagrun for example_branch_operator to 2026-04-30 00:00:00+00:00, run_after=2026-05-01 00:00:00+00:00
[2026-05-01T13:26:58.549+0000] {processor.py:183} INFO - Processing /home/airflow/.local/lib/python3.12/site-packages/airflow/example_dags/example_branch_operator.py took 0.161 seconds
[2026-05-01T13:27:28.813+0000] {processor.py:161} INFO - Started process (PID=367) to work on /home/airflow/.local/lib/python3.12/site-packages/airflow/example_dags/example_branch_operator.py
[2026-05-01T13:27:28.816+0000] {processor.py:830} INFO - Processing file /home/airflow/.local/lib/python3.12/site-packages/airflow/example_dags/example_branch_operator.py for tasks to queue
[2026-05-01T13:27:28.820+0000] {logging_mixin.py:188} INFO - [2026-05-01T13:27:28.819+0000] {dagbag.py:545} INFO - Filling up the DagBag from /home/airflow/.local/lib/python3.12/site-packages/airflow/example_dags/example_branch_operator.py
[2026-05-01T13:27:28.858+0000] {processor.py:840} INFO - DAG(s) 'example_branch_operator' retrieved from /home/airflow/.local/lib/python3.12/site-packages/airflow/example_dags/example_branch_operator.py
[2026-05-01T13:27:28.902+0000] {logging_mixin.py:188} INFO - [2026-05-01T13:27:28.902+0000] {dag.py:3089} INFO - Sync 1 DAGs
[2026-05-01T13:27:28.930+0000] {logging_mixin.py:188} INFO - [2026-05-01T13:27:28.930+0000] {dag.py:3947} INFO - Setting next_dagrun for example_branch_operator to 2026-04-30 00:00:00+00:00, run_after=2026-05-01 00:00:00+00:00
[2026-05-01T13:27:28.953+0000] {processor.py:183} INFO - Processing /home/airflow/.local/lib/python3.12/site-packages/airflow/example_dags/example_branch_operator.py took 0.151 seconds
[2026-05-01T13:27:59.505+0000] {processor.py:161} INFO - Started process (PID=425) to work on /home/airflow/.local/lib/python3.12/site-packages/airflow/example_dags/example_branch_operator.py
[2026-05-01T13:27:59.509+0000] {processor.py:830} INFO - Processing file /home/airflow/.local/lib/python3.12/site-packages/airflow/example_dags/example_branch_operator.py for tasks to queue
[2026-05-01T13:27:59.516+0000] {logging_mixin.py:188} INFO - [2026-05-01T13:27:59.515+0000] {dagbag.py:545} INFO - Filling up the DagBag from /home/airflow/.local/lib/python3.12/site-packages/airflow/example_dags/example_branch_operator.py
[2026-05-01T13:27:59.555+0000] {processor.py:840} INFO - DAG(s) 'example_branch_operator' retrieved from /home/airflow/.local/lib/python3.12/site-packages/airflow/example_dags/example_branch_operator.py
[2026-05-01T13:27:59.618+0000] {logging_mixin.py:188} INFO - [2026-05-01T13:27:59.617+0000] {dag.py:3089} INFO - Sync 1 DAGs
[2026-05-01T13:27:59.660+0000] {logging_mixin.py:188} INFO - [2026-05-01T13:27:59.660+0000] {dag.py:3947} INFO - Setting next_dagrun for example_branch_operator to 2026-04-30 00:00:00+00:00, run_after=2026-05-01 00:00:00+00:00
[2026-05-01T13:27:59.692+0000] {processor.py:183} INFO - Processing /home/airflow/.local/lib/python3.12/site-packages/airflow/example_dags/example_branch_operator.py took 0.202 seconds
[2026-05-01T13:28:30.401+0000] {processor.py:161} INFO - Started process (PID=483) to work on /home/airflow/.local/lib/python3.12/site-packages/airflow/example_dags/example_branch_operator.py
[2026-05-01T13:28:30.425+0000] {processor.py:830} INFO - Processing file /home/airflow/.local/lib/python3.12/site-packages/airflow/example_dags/example_branch_operator.py for tasks to queue
[2026-05-01T13:28:30.444+0000] {logging_mixin.py:188} INFO - [2026-05-01T13:28:30.441+0000] {dagbag.py:545} INFO - Filling up the DagBag from /home/airflow/.local/lib/python3.12/site-packages/airflow/example_dags/example_branch_operator.py
[2026-05-01T13:28:30.757+0000] {processor.py:840} INFO - DAG(s) 'example_branch_operator' retrieved from /home/airflow/.local/lib/python3.12/site-packages/airflow/example_dags/example_branch_operator.py
[2026-05-01T13:28:30.991+0000] {logging_mixin.py:188} INFO - [2026-05-01T13:28:30.991+0000] {dag.py:3089} INFO - Sync 1 DAGs
[2026-05-01T13:28:31.480+0000] {logging_mixin.py:188} INFO - [2026-05-01T13:28:31.480+0000] {dag.py:3947} INFO - Setting next_dagrun for example_branch_operator to 2026-04-30 00:00:00+00:00, run_after=2026-05-01 00:00:00+00:00
[2026-05-01T13:28:31.608+0000] {processor.py:183} INFO - Processing /home/airflow/.local/lib/python3.12/site-packages/airflow/example_dags/example_branch_operator.py took 1.241 seconds
[2026-05-01T13:29:02.386+0000] {processor.py:161} INFO - Started process (PID=541) to work on /home/airflow/.local/lib/python3.12/site-packages/airflow/example_dags/example_branch_operator.py
[2026-05-01T13:29:02.391+0000] {processor.py:830} INFO - Processing file /home/airflow/.local/lib/python3.12/site-packages/airflow/example_dags/example_branch_operator.py for tasks to queue
[2026-05-01T13:29:02.398+0000] {logging_mixin.py:188} INFO - [2026-05-01T13:29:02.397+0000] {dagbag.py:545} INFO - Filling up the DagBag from /home/airflow/.local/lib/python3.12/site-packages/airflow/example_dags/example_branch_operator.py
[2026-05-01T13:29:02.461+0000] {processor.py:840} INFO - DAG(s) 'example_branch_operator' retrieved from /home/airflow/.local/lib/python3.12/site-packages/airflow/example_dags/example_branch_operator.py
[2026-05-01T13:29:02.538+0000] {logging_mixin.py:188} INFO - [2026-05-01T13:29:02.537+0000] {dag.py:3089} INFO - Sync 1 DAGs
[2026-05-01T13:29:02.589+0000] {logging_mixin.py:188} INFO - [2026-05-01T13:29:02.589+0000] {dag.py:3947} INFO - Setting next_dagrun for example_branch_operator to 2026-04-30 00:00:00+00:00, run_after=2026-05-01 00:00:00+00:00
[2026-05-01T13:29:02.634+0000] {processor.py:183} INFO - Processing /home/airflow/.local/lib/python3.12/site-packages/airflow/example_dags/example_branch_operator.py took 0.278 seconds
[2026-05-01T13:29:33.228+0000] {processor.py:161} INFO - Started process (PID=599) to work on /home/airflow/.local/lib/python3.12/site-packages/airflow/example_dags/example_branch_operator.py
[2026-05-01T13:29:33.233+0000] {processor.py:830} INFO - Processing file /home/airflow/.local/lib/python3.12/site-packages/airflow/example_dags/example_branch_operator.py for tasks to queue
[2026-05-01T13:29:33.239+0000] {logging_mixin.py:188} INFO - [2026-05-01T13:29:33.238+0000] {dagbag.py:545} INFO - Filling up the DagBag from /home/airflow/.local/lib/python3.12/site-packages/airflow/example_dags/example_branch_operator.py
[2026-05-01T13:29:33.278+0000] {processor.py:840} INFO - DAG(s) 'example_branch_operator' retrieved from /home/airflow/.local/lib/python3.12/site-packages/airflow/example_dags/example_branch_operator.py
[2026-05-01T13:29:33.340+0000] {logging_mixin.py:188} INFO - [2026-05-01T13:29:33.340+0000] {dag.py:3089} INFO - Sync 1 DAGs
[2026-05-01T13:29:33.389+0000] {logging_mixin.py:188} INFO - [2026-05-01T13:29:33.389+0000] {dag.py:3947} INFO - Setting next_dagrun for example_branch_operator to 2026-04-30 00:00:00+00:00, run_after=2026-05-01 00:00:00+00:00
[2026-05-01T13:29:33.422+0000] {processor.py:183} INFO - Processing /home/airflow/.local/lib/python3.12/site-packages/airflow/example_dags/example_branch_operator.py took 0.217 seconds
[2026-05-01T13:30:03.744+0000] {processor.py:161} INFO - Started process (PID=657) to work on /home/airflow/.local/lib/python3.12/site-packages/airflow/example_dags/example_branch_operator.py
[2026-05-01T13:30:03.747+0000] {processor.py:830} INFO - Processing file /home/airflow/.local/lib/python3.12/site-packages/airflow/example_dags/example_branch_operator.py for tasks to queue
[2026-05-01T13:30:03.754+0000] {logging_mixin.py:188} INFO - [2026-05-01T13:30:03.753+0000] {dagbag.py:545} INFO - Filling up the DagBag from /home/airflow/.local/lib/python3.12/site-packages/airflow/example_dags/example_branch_operator.py
[2026-05-01T13:30:03.788+0000] {processor.py:840} INFO - DAG(s) 'example_branch_operator' retrieved from /home/airflow/.local/lib/python3.12/site-packages/airflow/example_dags/example_branch_operator.py
[2026-05-01T13:30:03.837+0000] {logging_mixin.py:188} INFO - [2026-05-01T13:30:03.837+0000] {dag.py:3089} INFO - Sync 1 DAGs
[2026-05-01T13:30:03.876+0000] {logging_mixin.py:188} INFO - [2026-05-01T13:30:03.876+0000] {dag.py:3947} INFO - Setting next_dagrun for example_branch_operator to 2026-04-30 00:00:00+00:00, run_after=2026-05-01 00:00:00+00:00
[2026-05-01T13:30:03.905+0000] {processor.py:183} INFO - Processing /home/airflow/.local/lib/python3.12/site-packages/airflow/example_dags/example_branch_operator.py took 0.172 seconds
[2026-05-01T13:30:34.217+0000] {processor.py:161} INFO - Started process (PID=715) to work on /home/airflow/.local/lib/python3.12/site-packages/airflow/example_dags/example_branch_operator.py
[2026-05-01T13:30:34.220+0000] {processor.py:830} INFO - Processing file /home/airflow/.local/lib/python3.12/site-packages/airflow/example_dags/example_branch_operator.py for tasks to queue
[2026-05-01T13:30:34.226+0000] {logging_mixin.py:188} INFO - [2026-05-01T13:30:34.226+0000] {dagbag.py:545} INFO - Filling up the DagBag from /home/airflow/.local/lib/python3.12/site-packages/airflow/example_dags/example_branch_operator.py
[2026-05-01T13:30:34.261+0000] {processor.py:840} INFO - DAG(s) 'example_branch_operator' retrieved from /home/airflow/.local/lib/python3.12/site-packages/airflow/example_dags/example_branch_operator.py
[2026-05-01T13:30:34.319+0000] {logging_mixin.py:188} INFO - [2026-05-01T13:30:34.319+0000] {dag.py:3089} INFO - Sync 1 DAGs
[2026-05-01T13:30:34.417+0000] {logging_mixin.py:188} INFO - [2026-05-01T13:30:34.416+0000] {dag.py:3947} INFO - Setting next_dagrun for example_branch_operator to 2026-04-30 00:00:00+00:00, run_after=2026-05-01 00:00:00+00:00
[2026-05-01T13:30:34.453+0000] {processor.py:183} INFO - Processing /home/airflow/.local/lib/python3.12/site-packages/airflow/example_dags/example_branch_operator.py took 0.251 seconds
[2026-05-01T13:31:04.729+0000] {processor.py:161} INFO - Started process (PID=773) to work on /home/airflow/.local/lib/python3.12/site-packages/airflow/example_dags/example_branch_operator.py
[2026-05-01T13:31:04.734+0000] {processor.py:830} INFO - Processing file /home/airflow/.local/lib/python3.12/site-packages/airflow/example_dags/example_branch_operator.py for tasks to queue
[2026-05-01T13:31:04.741+0000] {logging_mixin.py:188} INFO - [2026-05-01T13:31:04.740+0000] {dagbag.py:545} INFO - Filling up the DagBag from /home/airflow/.local/lib/python3.12/site-packages/airflow/example_dags/example_branch_operator.py
[2026-05-01T13:31:04.771+0000] {processor.py:840} INFO - DAG(s) 'example_branch_operator' retrieved from /home/airflow/.local/lib/python3.12/site-packages/airflow/example_dags/example_branch_operator.py
[2026-05-01T13:31:04.825+0000] {logging_mixin.py:188} INFO - [2026-05-01T13:31:04.825+0000] {dag.py:3089} INFO - Sync 1 DAGs
[2026-05-01T13:31:04.871+0000] {logging_mixin.py:188} INFO - [2026-05-01T13:31:04.871+0000] {dag.py:3947} INFO - Setting next_dagrun for example_branch_operator to 2026-04-30 00:00:00+00:00, run_after=2026-05-01 00:00:00+00:00
[2026-05-01T13:31:04.906+0000] {processor.py:183} INFO - Processing /home/airflow/.local/lib/python3.12/site-packages/airflow/example_dags/example_branch_operator.py took 0.193 seconds
[2026-05-01T13:31:35.497+0000] {processor.py:161} INFO - Started process (PID=831) to work on /home/airflow/.local/lib/python3.12/site-packages/airflow/example_dags/example_branch_operator.py
[2026-05-01T13:31:35.522+0000] {processor.py:830} INFO - Processing file /home/airflow/.local/lib/python3.12/site-packages/airflow/example_dags/example_branch_operator.py for tasks to queue
[2026-05-01T13:31:35.613+0000] {logging_mixin.py:188} INFO - [2026-05-01T13:31:35.610+0000] {dagbag.py:545} INFO - Filling up the DagBag from /home/airflow/.local/lib/python3.12/site-packages/airflow/example_dags/example_branch_operator.py
[2026-05-01T13:31:35.686+0000] {processor.py:840} INFO - DAG(s) 'example_branch_operator' retrieved from /home/airflow/.local/lib/python3.12/site-packages/airflow/example_dags/example_branch_operator.py
[2026-05-01T13:31:35.921+0000] {logging_mixin.py:188} INFO - [2026-05-01T13:31:35.920+0000] {dag.py:3089} INFO - Sync 1 DAGs
[2026-05-01T13:31:36.004+0000] {logging_mixin.py:188} INFO - [2026-05-01T13:31:36.004+0000] {dag.py:3947} INFO - Setting next_dagrun for example_branch_operator to 2026-04-30 00:00:00+00:00, run_after=2026-05-01 00:00:00+00:00
[2026-05-01T13:31:36.051+0000] {processor.py:183} INFO - Processing /home/airflow/.local/lib/python3.12/site-packages/airflow/example_dags/example_branch_operator.py took 0.578 seconds
[2026-05-01T13:32:07.504+0000] {processor.py:161} INFO - Started process (PID=887) to work on /home/airflow/.local/lib/python3.12/site-packages/airflow/example_dags/example_branch_operator.py
[2026-05-01T13:32:07.506+0000] {processor.py:830} INFO - Processing file /home/airflow/.local/lib/python3.12/site-packages/airflow/example_dags/example_branch_operator.py for tasks to queue
[2026-05-01T13:32:07.514+0000] {logging_mixin.py:188} INFO - [2026-05-01T13:32:07.512+0000] {dagbag.py:545} INFO - Filling up the DagBag from /home/airflow/.local/lib/python3.12/site-packages/airflow/example_dags/example_branch_operator.py
[2026-05-01T13:32:07.558+0000] {processor.py:840} INFO - DAG(s) 'example_branch_operator' retrieved from /home/airflow/.local/lib/python3.12/site-packages/airflow/example_dags/example_branch_operator.py
[2026-05-01T13:32:07.683+0000] {logging_mixin.py:188} INFO - [2026-05-01T13:32:07.682+0000] {dag.py:3089} INFO - Sync 1 DAGs
[2026-05-01T13:32:08.000+0000] {logging_mixin.py:188} INFO - [2026-05-01T13:32:08.000+0000] {dag.py:3947} INFO - Setting next_dagrun for example_branch_operator to 2026-04-30 00:00:00+00:00, run_after=2026-05-01 00:00:00+00:00
[2026-05-01T13:32:08.133+0000] {processor.py:183} INFO - Processing /home/airflow/.local/lib/python3.12/site-packages/airflow/example_dags/example_branch_operator.py took 0.644 seconds
[2026-05-01T13:32:39.101+0000] {processor.py:161} INFO - Started process (PID=945) to work on /home/airflow/.local/lib/python3.12/site-packages/airflow/example_dags/example_branch_operator.py
[2026-05-01T13:32:39.106+0000] {processor.py:830} INFO - Processing file /home/airflow/.local/lib/python3.12/site-packages/airflow/example_dags/example_branch_operator.py for tasks to queue
[2026-05-01T13:32:39.111+0000] {logging_mixin.py:188} INFO - [2026-05-01T13:32:39.110+0000] {dagbag.py:545} INFO - Filling up the DagBag from /home/airflow/.local/lib/python3.12/site-packages/airflow/example_dags/example_branch_operator.py
[2026-05-01T13:32:39.164+0000] {processor.py:840} INFO - DAG(s) 'example_branch_operator' retrieved from /home/airflow/.local/lib/python3.12/site-packages/airflow/example_dags/example_branch_operator.py
[2026-05-01T13:32:39.253+0000] {logging_mixin.py:188} INFO - [2026-05-01T13:32:39.253+0000] {dag.py:3089} INFO - Sync 1 DAGs
[2026-05-01T13:32:39.321+0000] {logging_mixin.py:188} INFO - [2026-05-01T13:32:39.321+0000] {dag.py:3947} INFO - Setting next_dagrun for example_branch_operator to 2026-04-30 00:00:00+00:00, run_after=2026-05-01 00:00:00+00:00
[2026-05-01T13:32:39.386+0000] {processor.py:183} INFO - Processing /home/airflow/.local/lib/python3.12/site-packages/airflow/example_dags/example_branch_operator.py took 0.320 seconds
[2026-05-01T13:33:09.507+0000] {processor.py:161} INFO - Started process (PID=1004) to work on /home/airflow/.local/lib/python3.12/site-packages/airflow/example_dags/example_branch_operator.py
[2026-05-01T13:33:09.512+0000] {processor.py:830} INFO - Processing file /home/airflow/.local/lib/python3.12/site-packages/airflow/example_dags/example_branch_operator.py for tasks to queue
[2026-05-01T13:33:09.517+0000] {logging_mixin.py:188} INFO - [2026-05-01T13:33:09.516+0000] {dagbag.py:545} INFO - Filling up the DagBag from /home/airflow/.local/lib/python3.12/site-packages/airflow/example_dags/example_branch_operator.py
[2026-05-01T13:33:09.587+0000] {processor.py:840} INFO - DAG(s) 'example_branch_operator' retrieved from /home/airflow/.local/lib/python3.12/site-packages/airflow/example_dags/example_branch_operator.py
[2026-05-01T13:33:09.642+0000] {logging_mixin.py:188} INFO - [2026-05-01T13:33:09.642+0000] {dag.py:3089} INFO - Sync 1 DAGs
[2026-05-01T13:33:09.682+0000] {logging_mixin.py:188} INFO - [2026-05-01T13:33:09.682+0000] {dag.py:3947} INFO - Setting next_dagrun for example_branch_operator to 2026-04-30 00:00:00+00:00, run_after=2026-05-01 00:00:00+00:00
[2026-05-01T13:33:09.730+0000] {processor.py:183} INFO - Processing /home/airflow/.local/lib/python3.12/site-packages/airflow/example_dags/example_branch_operator.py took 0.261 seconds
[2026-05-01T13:33:40.395+0000] {processor.py:161} INFO - Started process (PID=1061) to work on /home/airflow/.local/lib/python3.12/site-packages/airflow/example_dags/example_branch_operator.py
[2026-05-01T13:33:40.401+0000] {processor.py:830} INFO - Processing file /home/airflow/.local/lib/python3.12/site-packages/airflow/example_dags/example_branch_operator.py for tasks to queue
[2026-05-01T13:33:40.411+0000] {logging_mixin.py:188} INFO - [2026-05-01T13:33:40.410+0000] {dagbag.py:545} INFO - Filling up the DagBag from /home/airflow/.local/lib/python3.12/site-packages/airflow/example_dags/example_branch_operator.py
[2026-05-01T13:33:40.462+0000] {processor.py:840} INFO - DAG(s) 'example_branch_operator' retrieved from /home/airflow/.local/lib/python3.12/site-packages/airflow/example_dags/example_branch_operator.py
[2026-05-01T13:33:40.542+0000] {logging_mixin.py:188} INFO - [2026-05-01T13:33:40.542+0000] {dag.py:3089} INFO - Sync 1 DAGs
[2026-05-01T13:33:40.617+0000] {logging_mixin.py:188} INFO - [2026-05-01T13:33:40.616+0000] {dag.py:3947} INFO - Setting next_dagrun for example_branch_operator to 2026-04-30 00:00:00+00:00, run_after=2026-05-01 00:00:00+00:00
[2026-05-01T13:33:40.651+0000] {processor.py:183} INFO - Processing /home/airflow/.local/lib/python3.12/site-packages/airflow/example_dags/example_branch_operator.py took 0.280 seconds
[2026-05-01T13:34:10.855+0000] {processor.py:161} INFO - Started process (PID=1119) to work on /home/airflow/.local/lib/python3.12/site-packages/airflow/example_dags/example_branch_operator.py
[2026-05-01T13:34:10.859+0000] {processor.py:830} INFO - Processing file /home/airflow/.local/lib/python3.12/site-packages/airflow/example_dags/example_branch_operator.py for tasks to queue
[2026-05-01T13:34:10.865+0000] {logging_mixin.py:188} INFO - [2026-05-01T13:34:10.865+0000] {dagbag.py:545} INFO - Filling up the DagBag from /home/airflow/.local/lib/python3.12/site-packages/airflow/example_dags/example_branch_operator.py
[2026-05-01T13:34:10.902+0000] {processor.py:840} INFO - DAG(s) 'example_branch_operator' retrieved from /home/airflow/.local/lib/python3.12/site-packages/airflow/example_dags/example_branch_operator.py
[2026-05-01T13:34:10.944+0000] {logging_mixin.py:188} INFO - [2026-05-01T13:34:10.944+0000] {dag.py:3089} INFO - Sync 1 DAGs
[2026-05-01T13:34:10.978+0000] {logging_mixin.py:188} INFO - [2026-05-01T13:34:10.978+0000] {dag.py:3947} INFO - Setting next_dagrun for example_branch_operator to 2026-04-30 00:00:00+00:00, run_after=2026-05-01 00:00:00+00:00
[2026-05-01T13:34:11.022+0000] {processor.py:183} INFO - Processing /home/airflow/.local/lib/python3.12/site-packages/airflow/example_dags/example_branch_operator.py took 0.183 seconds
[2026-05-01T13:34:41.294+0000] {processor.py:161} INFO - Started process (PID=1177) to work on /home/airflow/.local/lib/python3.12/site-packages/airflow/example_dags/example_branch_operator.py
[2026-05-01T13:34:41.302+0000] {processor.py:830} INFO - Processing file /home/airflow/.local/lib/python3.12/site-packages/airflow/example_dags/example_branch_operator.py for tasks to queue
[2026-05-01T13:34:41.311+0000] {logging_mixin.py:188} INFO - [2026-05-01T13:34:41.310+0000] {dagbag.py:545} INFO - Filling up the DagBag from /home/airflow/.local/lib/python3.12/site-packages/airflow/example_dags/example_branch_operator.py
[2026-05-01T13:34:41.403+0000] {processor.py:840} INFO - DAG(s) 'example_branch_operator' retrieved from /home/airflow/.local/lib/python3.12/site-packages/airflow/example_dags/example_branch_operator.py
[2026-05-01T13:34:41.486+0000] {logging_mixin.py:188} INFO - [2026-05-01T13:34:41.486+0000] {dag.py:3089} INFO - Sync 1 DAGs
[2026-05-01T13:34:41.523+0000] {logging_mixin.py:188} INFO - [2026-05-01T13:34:41.523+0000] {dag.py:3947} INFO - Setting next_dagrun for example_branch_operator to 2026-04-30 00:00:00+00:00, run_after=2026-05-01 00:00:00+00:00
[2026-05-01T13:34:41.552+0000] {processor.py:183} INFO - Processing /home/airflow/.local/lib/python3.12/site-packages/airflow/example_dags/example_branch_operator.py took 0.296 seconds
[2026-05-01T13:35:11.651+0000] {processor.py:161} INFO - Started process (PID=1234) to work on /home/airflow/.local/lib/python3.12/site-packages/airflow/example_dags/example_branch_operator.py
[2026-05-01T13:35:11.655+0000] {processor.py:830} INFO - Processing file /home/airflow/.local/lib/python3.12/site-packages/airflow/example_dags/example_branch_operator.py for tasks to queue
[2026-05-01T13:35:11.663+0000] {logging_mixin.py:188} INFO - [2026-05-01T13:35:11.663+0000] {dagbag.py:545} INFO - Filling up the DagBag from /home/airflow/.local/lib/python3.12/site-packages/airflow/example_dags/example_branch_operator.py
[2026-05-01T13:35:11.700+0000] {processor.py:840} INFO - DAG(s) 'example_branch_operator' retrieved from /home/airflow/.local/lib/python3.12/site-packages/airflow/example_dags/example_branch_operator.py
[2026-05-01T13:35:11.768+0000] {logging_mixin.py:188} INFO - [2026-05-01T13:35:11.768+0000] {dag.py:3089} INFO - Sync 1 DAGs
[2026-05-01T13:35:11.807+0000] {logging_mixin.py:188} INFO - [2026-05-01T13:35:11.807+0000] {dag.py:3947} INFO - Setting next_dagrun for example_branch_operator to 2026-04-30 00:00:00+00:00, run_after=2026-05-01 00:00:00+00:00
[2026-05-01T13:35:11.835+0000] {processor.py:183} INFO - Processing /home/airflow/.local/lib/python3.12/site-packages/airflow/example_dags/example_branch_operator.py took 0.202 seconds
[2026-05-01T13:35:41.939+0000] {processor.py:161} INFO - Started process (PID=1292) to work on /home/airflow/.local/lib/python3.12/site-packages/airflow/example_dags/example_branch_operator.py
[2026-05-01T13:35:41.942+0000] {processor.py:830} INFO - Processing file /home/airflow/.local/lib/python3.12/site-packages/airflow/example_dags/example_branch_operator.py for tasks to queue
[2026-05-01T13:35:41.947+0000] {logging_mixin.py:188} INFO - [2026-05-01T13:35:41.946+0000] {dagbag.py:545} INFO - Filling up the DagBag from /home/airflow/.local/lib/python3.12/site-packages/airflow/example_dags/example_branch_operator.py
[2026-05-01T13:35:41.979+0000] {processor.py:840} INFO - DAG(s) 'example_branch_operator' retrieved from /home/airflow/.local/lib/python3.12/site-packages/airflow/example_dags/example_branch_operator.py
[2026-05-01T13:35:42.025+0000] {logging_mixin.py:188} INFO - [2026-05-01T13:35:42.024+0000] {dag.py:3089} INFO - Sync 1 DAGs
[2026-05-01T13:35:42.060+0000] {logging_mixin.py:188} INFO - [2026-05-01T13:35:42.060+0000] {dag.py:3947} INFO - Setting next_dagrun for example_branch_operator to 2026-04-30 00:00:00+00:00, run_after=2026-05-01 00:00:00+00:00
[2026-05-01T13:35:42.096+0000] {processor.py:183} INFO - Processing /home/airflow/.local/lib/python3.12/site-packages/airflow/example_dags/example_branch_operator.py took 0.175 seconds
[2026-05-01T13:36:12.937+0000] {processor.py:161} INFO - Started process (PID=1350) to work on /home/airflow/.local/lib/python3.12/site-packages/airflow/example_dags/example_branch_operator.py
[2026-05-01T13:36:12.940+0000] {processor.py:830} INFO - Processing file /home/airflow/.local/lib/python3.12/site-packages/airflow/example_dags/example_branch_operator.py for tasks to queue
[2026-05-01T13:36:12.950+0000] {logging_mixin.py:188} INFO - [2026-05-01T13:36:12.949+0000] {dagbag.py:545} INFO - Filling up the DagBag from /home/airflow/.local/lib/python3.12/site-packages/airflow/example_dags/example_branch_operator.py
[2026-05-01T13:36:12.984+0000] {processor.py:840} INFO - DAG(s) 'example_branch_operator' retrieved from /home/airflow/.local/lib/python3.12/site-packages/airflow/example_dags/example_branch_operator.py
[2026-05-01T13:36:13.087+0000] {logging_mixin.py:188} INFO - [2026-05-01T13:36:13.086+0000] {dag.py:3089} INFO - Sync 1 DAGs
[2026-05-01T13:36:13.137+0000] {logging_mixin.py:188} INFO - [2026-05-01T13:36:13.137+0000] {dag.py:3947} INFO - Setting next_dagrun for example_branch_operator to 2026-04-30 00:00:00+00:00, run_after=2026-05-01 00:00:00+00:00
[2026-05-01T13:36:13.200+0000] {processor.py:183} INFO - Processing /home/airflow/.local/lib/python3.12/site-packages/airflow/example_dags/example_branch_operator.py took 0.281 seconds
[2026-05-01T13:36:43.810+0000] {processor.py:161} INFO - Started process (PID=1408) to work on /home/airflow/.local/lib/python3.12/site-packages/airflow/example_dags/example_branch_operator.py
[2026-05-01T13:36:43.813+0000] {processor.py:830} INFO - Processing file /home/airflow/.local/lib/python3.12/site-packages/airflow/example_dags/example_branch_operator.py for tasks to queue
[2026-05-01T13:36:43.824+0000] {logging_mixin.py:188} INFO - [2026-05-01T13:36:43.822+0000] {dagbag.py:545} INFO - Filling up the DagBag from /home/airflow/.local/lib/python3.12/site-packages/airflow/example_dags/example_branch_operator.py
[2026-05-01T13:36:43.955+0000] {processor.py:840} INFO - DAG(s) 'example_branch_operator' retrieved from /home/airflow/.local/lib/python3.12/site-packages/airflow/example_dags/example_branch_operator.py
[2026-05-01T13:36:44.059+0000] {logging_mixin.py:188} INFO - [2026-05-01T13:36:44.058+0000] {dag.py:3089} INFO - Sync 1 DAGs
[2026-05-01T13:36:44.127+0000] {logging_mixin.py:188} INFO - [2026-05-01T13:36:44.126+0000] {dag.py:3947} INFO - Setting next_dagrun for example_branch_operator to 2026-04-30 00:00:00+00:00, run_after=2026-05-01 00:00:00+00:00
[2026-05-01T13:36:44.178+0000] {processor.py:183} INFO - Processing /home/airflow/.local/lib/python3.12/site-packages/airflow/example_dags/example_branch_operator.py took 0.398 seconds
[2026-05-01T13:37:14.654+0000] {processor.py:161} INFO - Started process (PID=1466) to work on /home/airflow/.local/lib/python3.12/site-packages/airflow/example_dags/example_branch_operator.py
[2026-05-01T13:37:14.658+0000] {processor.py:830} INFO - Processing file /home/airflow/.local/lib/python3.12/site-packages/airflow/example_dags/example_branch_operator.py for tasks to queue
[2026-05-01T13:37:14.664+0000] {logging_mixin.py:188} INFO - [2026-05-01T13:37:14.663+0000] {dagbag.py:545} INFO - Filling up the DagBag from /home/airflow/.local/lib/python3.12/site-packages/airflow/example_dags/example_branch_operator.py
[2026-05-01T13:37:14.707+0000] {processor.py:840} INFO - DAG(s) 'example_branch_operator' retrieved from /home/airflow/.local/lib/python3.12/site-packages/airflow/example_dags/example_branch_operator.py
[2026-05-01T13:37:14.813+0000] {logging_mixin.py:188} INFO - [2026-05-01T13:37:14.812+0000] {dag.py:3089} INFO - Sync 1 DAGs
[2026-05-01T13:37:14.868+0000] {logging_mixin.py:188} INFO - [2026-05-01T13:37:14.868+0000] {dag.py:3947} INFO - Setting next_dagrun for example_branch_operator to 2026-04-30 00:00:00+00:00, run_after=2026-05-01 00:00:00+00:00
[2026-05-01T13:37:14.992+0000] {processor.py:183} INFO - Processing /home/airflow/.local/lib/python3.12/site-packages/airflow/example_dags/example_branch_operator.py took 0.381 seconds
[2026-05-01T13:37:45.471+0000] {processor.py:161} INFO - Started process (PID=1523) to work on /home/airflow/.local/lib/python3.12/site-packages/airflow/example_dags/example_branch_operator.py
[2026-05-01T13:37:45.474+0000] {processor.py:830} INFO - Processing file /home/airflow/.local/lib/python3.12/site-packages/airflow/example_dags/example_branch_operator.py for tasks to queue
[2026-05-01T13:37:45.479+0000] {logging_mixin.py:188} INFO - [2026-05-01T13:37:45.479+0000] {dagbag.py:545} INFO - Filling up the DagBag from /home/airflow/.local/lib/python3.12/site-packages/airflow/example_dags/example_branch_operator.py
[2026-05-01T13:37:45.505+0000] {processor.py:840} INFO - DAG(s) 'example_branch_operator' retrieved from /home/airflow/.local/lib/python3.12/site-packages/airflow/example_dags/example_branch_operator.py
[2026-05-01T13:37:45.547+0000] {logging_mixin.py:188} INFO - [2026-05-01T13:37:45.547+0000] {dag.py:3089} INFO - Sync 1 DAGs
[2026-05-01T13:37:45.578+0000] {logging_mixin.py:188} INFO - [2026-05-01T13:37:45.578+0000] {dag.py:3947} INFO - Setting next_dagrun for example_branch_operator to 2026-04-30 00:00:00+00:00, run_after=2026-05-01 00:00:00+00:00
[2026-05-01T13:37:45.607+0000] {processor.py:183} INFO - Processing /home/airflow/.local/lib/python3.12/site-packages/airflow/example_dags/example_branch_operator.py took 0.145 seconds
[2026-05-01T13:38:15.945+0000] {processor.py:161} INFO - Started process (PID=1580) to work on /home/airflow/.local/lib/python3.12/site-packages/airflow/example_dags/example_branch_operator.py
[2026-05-01T13:38:15.949+0000] {processor.py:830} INFO - Processing file /home/airflow/.local/lib/python3.12/site-packages/airflow/example_dags/example_branch_operator.py for tasks to queue
[2026-05-01T13:38:15.954+0000] {logging_mixin.py:188} INFO - [2026-05-01T13:38:15.953+0000] {dagbag.py:545} INFO - Filling up the DagBag from /home/airflow/.local/lib/python3.12/site-packages/airflow/example_dags/example_branch_operator.py
[2026-05-01T13:38:15.987+0000] {processor.py:840} INFO - DAG(s) 'example_branch_operator' retrieved from /home/airflow/.local/lib/python3.12/site-packages/airflow/example_dags/example_branch_operator.py
[2026-05-01T13:38:16.035+0000] {logging_mixin.py:188} INFO - [2026-05-01T13:38:16.035+0000] {dag.py:3089} INFO - Sync 1 DAGs
[2026-05-01T13:38:16.074+0000] {logging_mixin.py:188} INFO - [2026-05-01T13:38:16.074+0000] {dag.py:3947} INFO - Setting next_dagrun for example_branch_operator to 2026-04-30 00:00:00+00:00, run_after=2026-05-01 00:00:00+00:00
[2026-05-01T13:38:16.108+0000] {processor.py:183} INFO - Processing /home/airflow/.local/lib/python3.12/site-packages/airflow/example_dags/example_branch_operator.py took 0.179 seconds
[2026-05-01T13:38:46.945+0000] {processor.py:161} INFO - Started process (PID=1638) to work on /home/airflow/.local/lib/python3.12/site-packages/airflow/example_dags/example_branch_operator.py
[2026-05-01T13:38:46.954+0000] {processor.py:830} INFO - Processing file /home/airflow/.local/lib/python3.12/site-packages/airflow/example_dags/example_branch_operator.py for tasks to queue
[2026-05-01T13:38:46.969+0000] {logging_mixin.py:188} INFO - [2026-05-01T13:38:46.967+0000] {dagbag.py:545} INFO - Filling up the DagBag from /home/airflow/.local/lib/python3.12/site-packages/airflow/example_dags/example_branch_operator.py
[2026-05-01T13:38:47.077+0000] {processor.py:840} INFO - DAG(s) 'example_branch_operator' retrieved from /home/airflow/.local/lib/python3.12/site-packages/airflow/example_dags/example_branch_operator.py
[2026-05-01T13:38:47.261+0000] {logging_mixin.py:188} INFO - [2026-05-01T13:38:47.261+0000] {dag.py:3089} INFO - Sync 1 DAGs
[2026-05-01T13:38:47.360+0000] {logging_mixin.py:188} INFO - [2026-05-01T13:38:47.360+0000] {dag.py:3947} INFO - Setting next_dagrun for example_branch_operator to 2026-04-30 00:00:00+00:00, run_after=2026-05-01 00:00:00+00:00
[2026-05-01T13:38:47.392+0000] {processor.py:183} INFO - Processing /home/airflow/.local/lib/python3.12/site-packages/airflow/example_dags/example_branch_operator.py took 0.458 seconds
[2026-05-01T13:39:17.696+0000] {processor.py:161} INFO - Started process (PID=1702) to work on /home/airflow/.local/lib/python3.12/site-packages/airflow/example_dags/example_branch_operator.py
[2026-05-01T13:39:17.699+0000] {processor.py:830} INFO - Processing file /home/airflow/.local/lib/python3.12/site-packages/airflow/example_dags/example_branch_operator.py for tasks to queue
[2026-05-01T13:39:17.703+0000] {logging_mixin.py:188} INFO - [2026-05-01T13:39:17.702+0000] {dagbag.py:545} INFO - Filling up the DagBag from /home/airflow/.local/lib/python3.12/site-packages/airflow/example_dags/example_branch_operator.py
[2026-05-01T13:39:17.732+0000] {processor.py:840} INFO - DAG(s) 'example_branch_operator' retrieved from /home/airflow/.local/lib/python3.12/site-packages/airflow/example_dags/example_branch_operator.py
[2026-05-01T13:39:17.960+0000] {logging_mixin.py:188} INFO - [2026-05-01T13:39:17.959+0000] {dag.py:3089} INFO - Sync 1 DAGs
[2026-05-01T13:39:17.992+0000] {logging_mixin.py:188} INFO - [2026-05-01T13:39:17.991+0000] {dag.py:3947} INFO - Setting next_dagrun for example_branch_operator to 2026-04-30 00:00:00+00:00, run_after=2026-05-01 00:00:00+00:00
[2026-05-01T13:39:18.022+0000] {processor.py:183} INFO - Processing /home/airflow/.local/lib/python3.12/site-packages/airflow/example_dags/example_branch_operator.py took 0.337 seconds
[2026-05-01T13:39:48.738+0000] {processor.py:161} INFO - Started process (PID=1760) to work on /home/airflow/.local/lib/python3.12/site-packages/airflow/example_dags/example_branch_operator.py
[2026-05-01T13:39:48.924+0000] {processor.py:830} INFO - Processing file /home/airflow/.local/lib/python3.12/site-packages/airflow/example_dags/example_branch_operator.py for tasks to queue
[2026-05-01T13:39:48.949+0000] {logging_mixin.py:188} INFO - [2026-05-01T13:39:48.946+0000] {dagbag.py:545} INFO - Filling up the DagBag from /home/airflow/.local/lib/python3.12/site-packages/airflow/example_dags/example_branch_operator.py
[2026-05-01T13:39:49.019+0000] {processor.py:840} INFO - DAG(s) 'example_branch_operator' retrieved from /home/airflow/.local/lib/python3.12/site-packages/airflow/example_dags/example_branch_operator.py
[2026-05-01T13:39:49.084+0000] {logging_mixin.py:188} INFO - [2026-05-01T13:39:49.083+0000] {dag.py:3089} INFO - Sync 1 DAGs
[2026-05-01T13:39:49.437+0000] {logging_mixin.py:188} INFO - [2026-05-01T13:39:49.437+0000] {dag.py:3947} INFO - Setting next_dagrun for example_branch_operator to 2026-04-30 00:00:00+00:00, run_after=2026-05-01 00:00:00+00:00
[2026-05-01T13:39:49.486+0000] {processor.py:183} INFO - Processing /home/airflow/.local/lib/python3.12/site-packages/airflow/example_dags/example_branch_operator.py took 0.764 seconds
[2026-05-01T13:40:20.166+0000] {processor.py:161} INFO - Started process (PID=1819) to work on /home/airflow/.local/lib/python3.12/site-packages/airflow/example_dags/example_branch_operator.py
[2026-05-01T13:40:20.171+0000] {processor.py:830} INFO - Processing file /home/airflow/.local/lib/python3.12/site-packages/airflow/example_dags/example_branch_operator.py for tasks to queue
[2026-05-01T13:40:20.178+0000] {logging_mixin.py:188} INFO - [2026-05-01T13:40:20.177+0000] {dagbag.py:545} INFO - Filling up the DagBag from /home/airflow/.local/lib/python3.12/site-packages/airflow/example_dags/example_branch_operator.py
[2026-05-01T13:40:20.219+0000] {processor.py:840} INFO - DAG(s) 'example_branch_operator' retrieved from /home/airflow/.local/lib/python3.12/site-packages/airflow/example_dags/example_branch_operator.py
[2026-05-01T13:40:20.276+0000] {logging_mixin.py:188} INFO - [2026-05-01T13:40:20.275+0000] {dag.py:3089} INFO - Sync 1 DAGs
[2026-05-01T13:40:20.317+0000] {logging_mixin.py:188} INFO - [2026-05-01T13:40:20.316+0000] {dag.py:3947} INFO - Setting next_dagrun for example_branch_operator to 2026-04-30 00:00:00+00:00, run_after=2026-05-01 00:00:00+00:00
[2026-05-01T13:40:20.355+0000] {processor.py:183} INFO - Processing /home/airflow/.local/lib/python3.12/site-packages/airflow/example_dags/example_branch_operator.py took 0.213 seconds
[2026-05-01T13:42:39.623+0000] {processor.py:161} INFO - Started process (PID=60) to work on /home/airflow/.local/lib/python3.12/site-packages/airflow/example_dags/example_branch_operator.py
[2026-05-01T13:42:39.626+0000] {processor.py:830} INFO - Processing file /home/airflow/.local/lib/python3.12/site-packages/airflow/example_dags/example_branch_operator.py for tasks to queue
[2026-05-01T13:42:39.637+0000] {logging_mixin.py:188} INFO - [2026-05-01T13:42:39.637+0000] {dagbag.py:545} INFO - Filling up the DagBag from /home/airflow/.local/lib/python3.12/site-packages/airflow/example_dags/example_branch_operator.py
[2026-05-01T13:42:39.801+0000] {processor.py:840} INFO - DAG(s) 'example_branch_operator' retrieved from /home/airflow/.local/lib/python3.12/site-packages/airflow/example_dags/example_branch_operator.py
[2026-05-01T13:42:39.868+0000] {logging_mixin.py:188} INFO - [2026-05-01T13:42:39.868+0000] {dag.py:3089} INFO - Sync 1 DAGs
[2026-05-01T13:42:40.153+0000] {logging_mixin.py:188} INFO - [2026-05-01T13:42:40.153+0000] {dag.py:3947} INFO - Setting next_dagrun for example_branch_operator to 2026-04-30 00:00:00+00:00, run_after=2026-05-01 00:00:00+00:00
[2026-05-01T13:42:40.265+0000] {processor.py:183} INFO - Processing /home/airflow/.local/lib/python3.12/site-packages/airflow/example_dags/example_branch_operator.py took 0.681 seconds
[2026-05-01T13:43:10.852+0000] {processor.py:161} INFO - Started process (PID=117) to work on /home/airflow/.local/lib/python3.12/site-packages/airflow/example_dags/example_branch_operator.py
[2026-05-01T13:43:10.867+0000] {processor.py:830} INFO - Processing file /home/airflow/.local/lib/python3.12/site-packages/airflow/example_dags/example_branch_operator.py for tasks to queue
[2026-05-01T13:43:10.900+0000] {logging_mixin.py:188} INFO - [2026-05-01T13:43:10.890+0000] {dagbag.py:545} INFO - Filling up the DagBag from /home/airflow/.local/lib/python3.12/site-packages/airflow/example_dags/example_branch_operator.py
[2026-05-01T13:43:11.016+0000] {processor.py:840} INFO - DAG(s) 'example_branch_operator' retrieved from /home/airflow/.local/lib/python3.12/site-packages/airflow/example_dags/example_branch_operator.py
[2026-05-01T13:43:12.058+0000] {logging_mixin.py:188} INFO - [2026-05-01T13:43:12.057+0000] {dag.py:3089} INFO - Sync 1 DAGs
[2026-05-01T13:43:12.210+0000] {logging_mixin.py:188} INFO - [2026-05-01T13:43:12.209+0000] {dag.py:3947} INFO - Setting next_dagrun for example_branch_operator to 2026-04-30 00:00:00+00:00, run_after=2026-05-01 00:00:00+00:00
[2026-05-01T13:43:12.424+0000] {processor.py:183} INFO - Processing /home/airflow/.local/lib/python3.12/site-packages/airflow/example_dags/example_branch_operator.py took 1.600 seconds
[2026-05-01T13:43:43.091+0000] {processor.py:161} INFO - Started process (PID=176) to work on /home/airflow/.local/lib/python3.12/site-packages/airflow/example_dags/example_branch_operator.py
[2026-05-01T13:43:43.095+0000] {processor.py:830} INFO - Processing file /home/airflow/.local/lib/python3.12/site-packages/airflow/example_dags/example_branch_operator.py for tasks to queue
[2026-05-01T13:43:43.101+0000] {logging_mixin.py:188} INFO - [2026-05-01T13:43:43.100+0000] {dagbag.py:545} INFO - Filling up the DagBag from /home/airflow/.local/lib/python3.12/site-packages/airflow/example_dags/example_branch_operator.py
[2026-05-01T13:43:43.140+0000] {processor.py:840} INFO - DAG(s) 'example_branch_operator' retrieved from /home/airflow/.local/lib/python3.12/site-packages/airflow/example_dags/example_branch_operator.py
[2026-05-01T13:43:43.213+0000] {logging_mixin.py:188} INFO - [2026-05-01T13:43:43.213+0000] {dag.py:3089} INFO - Sync 1 DAGs
[2026-05-01T13:43:43.304+0000] {logging_mixin.py:188} INFO - [2026-05-01T13:43:43.303+0000] {dag.py:3947} INFO - Setting next_dagrun for example_branch_operator to 2026-04-30 00:00:00+00:00, run_after=2026-05-01 00:00:00+00:00
[2026-05-01T13:43:43.361+0000] {processor.py:183} INFO - Processing /home/airflow/.local/lib/python3.12/site-packages/airflow/example_dags/example_branch_operator.py took 0.288 seconds
[2026-05-01T13:44:14.074+0000] {processor.py:161} INFO - Started process (PID=234) to work on /home/airflow/.local/lib/python3.12/site-packages/airflow/example_dags/example_branch_operator.py
[2026-05-01T13:44:14.080+0000] {processor.py:830} INFO - Processing file /home/airflow/.local/lib/python3.12/site-packages/airflow/example_dags/example_branch_operator.py for tasks to queue
[2026-05-01T13:44:14.087+0000] {logging_mixin.py:188} INFO - [2026-05-01T13:44:14.086+0000] {dagbag.py:545} INFO - Filling up the DagBag from /home/airflow/.local/lib/python3.12/site-packages/airflow/example_dags/example_branch_operator.py
[2026-05-01T13:44:14.130+0000] {processor.py:840} INFO - DAG(s) 'example_branch_operator' retrieved from /home/airflow/.local/lib/python3.12/site-packages/airflow/example_dags/example_branch_operator.py
[2026-05-01T13:44:14.178+0000] {logging_mixin.py:188} INFO - [2026-05-01T13:44:14.178+0000] {dag.py:3089} INFO - Sync 1 DAGs
[2026-05-01T13:44:14.246+0000] {logging_mixin.py:188} INFO - [2026-05-01T13:44:14.245+0000] {dag.py:3947} INFO - Setting next_dagrun for example_branch_operator to 2026-04-30 00:00:00+00:00, run_after=2026-05-01 00:00:00+00:00
[2026-05-01T13:44:14.355+0000] {processor.py:183} INFO - Processing /home/airflow/.local/lib/python3.12/site-packages/airflow/example_dags/example_branch_operator.py took 0.296 seconds
[2026-05-01T13:44:44.966+0000] {processor.py:161} INFO - Started process (PID=291) to work on /home/airflow/.local/lib/python3.12/site-packages/airflow/example_dags/example_branch_operator.py
[2026-05-01T13:44:44.972+0000] {processor.py:830} INFO - Processing file /home/airflow/.local/lib/python3.12/site-packages/airflow/example_dags/example_branch_operator.py for tasks to queue
[2026-05-01T13:44:44.977+0000] {logging_mixin.py:188} INFO - [2026-05-01T13:44:44.976+0000] {dagbag.py:545} INFO - Filling up the DagBag from /home/airflow/.local/lib/python3.12/site-packages/airflow/example_dags/example_branch_operator.py
[2026-05-01T13:44:45.022+0000] {processor.py:840} INFO - DAG(s) 'example_branch_operator' retrieved from /home/airflow/.local/lib/python3.12/site-packages/airflow/example_dags/example_branch_operator.py
[2026-05-01T13:44:45.073+0000] {logging_mixin.py:188} INFO - [2026-05-01T13:44:45.072+0000] {dag.py:3089} INFO - Sync 1 DAGs
[2026-05-01T13:44:45.112+0000] {logging_mixin.py:188} INFO - [2026-05-01T13:44:45.111+0000] {dag.py:3947} INFO - Setting next_dagrun for example_branch_operator to 2026-04-30 00:00:00+00:00, run_after=2026-05-01 00:00:00+00:00
[2026-05-01T13:44:45.158+0000] {processor.py:183} INFO - Processing /home/airflow/.local/lib/python3.12/site-packages/airflow/example_dags/example_branch_operator.py took 0.210 seconds
[2026-05-01T13:45:15.910+0000] {processor.py:161} INFO - Started process (PID=349) to work on /home/airflow/.local/lib/python3.12/site-packages/airflow/example_dags/example_branch_operator.py
[2026-05-01T13:45:15.918+0000] {processor.py:830} INFO - Processing file /home/airflow/.local/lib/python3.12/site-packages/airflow/example_dags/example_branch_operator.py for tasks to queue
[2026-05-01T13:45:15.926+0000] {logging_mixin.py:188} INFO - [2026-05-01T13:45:15.926+0000] {dagbag.py:545} INFO - Filling up the DagBag from /home/airflow/.local/lib/python3.12/site-packages/airflow/example_dags/example_branch_operator.py
[2026-05-01T13:45:15.992+0000] {processor.py:840} INFO - DAG(s) 'example_branch_operator' retrieved from /home/airflow/.local/lib/python3.12/site-packages/airflow/example_dags/example_branch_operator.py
[2026-05-01T13:45:16.087+0000] {logging_mixin.py:188} INFO - [2026-05-01T13:45:16.086+0000] {dag.py:3089} INFO - Sync 1 DAGs
[2026-05-01T13:45:16.197+0000] {logging_mixin.py:188} INFO - [2026-05-01T13:45:16.197+0000] {dag.py:3947} INFO - Setting next_dagrun for example_branch_operator to 2026-04-30 00:00:00+00:00, run_after=2026-05-01 00:00:00+00:00
[2026-05-01T13:45:16.362+0000] {processor.py:183} INFO - Processing /home/airflow/.local/lib/python3.12/site-packages/airflow/example_dags/example_branch_operator.py took 0.477 seconds
[2026-05-01T13:45:47.647+0000] {processor.py:161} INFO - Started process (PID=407) to work on /home/airflow/.local/lib/python3.12/site-packages/airflow/example_dags/example_branch_operator.py
[2026-05-01T13:45:47.658+0000] {processor.py:830} INFO - Processing file /home/airflow/.local/lib/python3.12/site-packages/airflow/example_dags/example_branch_operator.py for tasks to queue
[2026-05-01T13:45:47.663+0000] {logging_mixin.py:188} INFO - [2026-05-01T13:45:47.663+0000] {dagbag.py:545} INFO - Filling up the DagBag from /home/airflow/.local/lib/python3.12/site-packages/airflow/example_dags/example_branch_operator.py
[2026-05-01T13:45:47.739+0000] {processor.py:840} INFO - DAG(s) 'example_branch_operator' retrieved from /home/airflow/.local/lib/python3.12/site-packages/airflow/example_dags/example_branch_operator.py
[2026-05-01T13:45:47.858+0000] {logging_mixin.py:188} INFO - [2026-05-01T13:45:47.858+0000] {dag.py:3089} INFO - Sync 1 DAGs
[2026-05-01T13:45:47.957+0000] {logging_mixin.py:188} INFO - [2026-05-01T13:45:47.957+0000] {dag.py:3947} INFO - Setting next_dagrun for example_branch_operator to 2026-04-30 00:00:00+00:00, run_after=2026-05-01 00:00:00+00:00
[2026-05-01T13:45:48.047+0000] {processor.py:183} INFO - Processing /home/airflow/.local/lib/python3.12/site-packages/airflow/example_dags/example_branch_operator.py took 0.473 seconds
[2026-05-01T13:46:18.199+0000] {processor.py:161} INFO - Started process (PID=466) to work on /home/airflow/.local/lib/python3.12/site-packages/airflow/example_dags/example_branch_operator.py
[2026-05-01T13:46:18.202+0000] {processor.py:830} INFO - Processing file /home/airflow/.local/lib/python3.12/site-packages/airflow/example_dags/example_branch_operator.py for tasks to queue
[2026-05-01T13:46:18.208+0000] {logging_mixin.py:188} INFO - [2026-05-01T13:46:18.207+0000] {dagbag.py:545} INFO - Filling up the DagBag from /home/airflow/.local/lib/python3.12/site-packages/airflow/example_dags/example_branch_operator.py
[2026-05-01T13:46:18.235+0000] {processor.py:840} INFO - DAG(s) 'example_branch_operator' retrieved from /home/airflow/.local/lib/python3.12/site-packages/airflow/example_dags/example_branch_operator.py
[2026-05-01T13:46:18.276+0000] {logging_mixin.py:188} INFO - [2026-05-01T13:46:18.276+0000] {dag.py:3089} INFO - Sync 1 DAGs
[2026-05-01T13:46:18.314+0000] {logging_mixin.py:188} INFO - [2026-05-01T13:46:18.313+0000] {dag.py:3947} INFO - Setting next_dagrun for example_branch_operator to 2026-04-30 00:00:00+00:00, run_after=2026-05-01 00:00:00+00:00
[2026-05-01T13:46:18.344+0000] {processor.py:183} INFO - Processing /home/airflow/.local/lib/python3.12/site-packages/airflow/example_dags/example_branch_operator.py took 0.154 seconds
[2026-05-01T13:46:48.730+0000] {processor.py:161} INFO - Started process (PID=522) to work on /home/airflow/.local/lib/python3.12/site-packages/airflow/example_dags/example_branch_operator.py
[2026-05-01T13:46:48.736+0000] {processor.py:830} INFO - Processing file /home/airflow/.local/lib/python3.12/site-packages/airflow/example_dags/example_branch_operator.py for tasks to queue
[2026-05-01T13:46:48.750+0000] {logging_mixin.py:188} INFO - [2026-05-01T13:46:48.749+0000] {dagbag.py:545} INFO - Filling up the DagBag from /home/airflow/.local/lib/python3.12/site-packages/airflow/example_dags/example_branch_operator.py
[2026-05-01T13:46:48.841+0000] {processor.py:840} INFO - DAG(s) 'example_branch_operator' retrieved from /home/airflow/.local/lib/python3.12/site-packages/airflow/example_dags/example_branch_operator.py
[2026-05-01T13:46:48.927+0000] {logging_mixin.py:188} INFO - [2026-05-01T13:46:48.927+0000] {dag.py:3089} INFO - Sync 1 DAGs
[2026-05-01T13:46:48.975+0000] {logging_mixin.py:188} INFO - [2026-05-01T13:46:48.975+0000] {dag.py:3947} INFO - Setting next_dagrun for example_branch_operator to 2026-04-30 00:00:00+00:00, run_after=2026-05-01 00:00:00+00:00
[2026-05-01T13:46:49.004+0000] {processor.py:183} INFO - Processing /home/airflow/.local/lib/python3.12/site-packages/airflow/example_dags/example_branch_operator.py took 0.306 seconds
[2026-05-01T13:47:19.087+0000] {processor.py:161} INFO - Started process (PID=580) to work on /home/airflow/.local/lib/python3.12/site-packages/airflow/example_dags/example_branch_operator.py
[2026-05-01T13:47:19.089+0000] {processor.py:830} INFO - Processing file /home/airflow/.local/lib/python3.12/site-packages/airflow/example_dags/example_branch_operator.py for tasks to queue
[2026-05-01T13:47:19.092+0000] {logging_mixin.py:188} INFO - [2026-05-01T13:47:19.092+0000] {dagbag.py:545} INFO - Filling up the DagBag from /home/airflow/.local/lib/python3.12/site-packages/airflow/example_dags/example_branch_operator.py
[2026-05-01T13:47:19.122+0000] {processor.py:840} INFO - DAG(s) 'example_branch_operator' retrieved from /home/airflow/.local/lib/python3.12/site-packages/airflow/example_dags/example_branch_operator.py
[2026-05-01T13:47:19.164+0000] {logging_mixin.py:188} INFO - [2026-05-01T13:47:19.163+0000] {dag.py:3089} INFO - Sync 1 DAGs
[2026-05-01T13:47:19.194+0000] {logging_mixin.py:188} INFO - [2026-05-01T13:47:19.193+0000] {dag.py:3947} INFO - Setting next_dagrun for example_branch_operator to 2026-04-30 00:00:00+00:00, run_after=2026-05-01 00:00:00+00:00
[2026-05-01T13:47:19.224+0000] {processor.py:183} INFO - Processing /home/airflow/.local/lib/python3.12/site-packages/airflow/example_dags/example_branch_operator.py took 0.146 seconds
[2026-05-01T13:47:49.395+0000] {processor.py:161} INFO - Started process (PID=637) to work on /home/airflow/.local/lib/python3.12/site-packages/airflow/example_dags/example_branch_operator.py
[2026-05-01T13:47:49.401+0000] {processor.py:830} INFO - Processing file /home/airflow/.local/lib/python3.12/site-packages/airflow/example_dags/example_branch_operator.py for tasks to queue
[2026-05-01T13:47:49.418+0000] {logging_mixin.py:188} INFO - [2026-05-01T13:47:49.417+0000] {dagbag.py:545} INFO - Filling up the DagBag from /home/airflow/.local/lib/python3.12/site-packages/airflow/example_dags/example_branch_operator.py
[2026-05-01T13:47:49.483+0000] {processor.py:840} INFO - DAG(s) 'example_branch_operator' retrieved from /home/airflow/.local/lib/python3.12/site-packages/airflow/example_dags/example_branch_operator.py
[2026-05-01T13:47:49.569+0000] {logging_mixin.py:188} INFO - [2026-05-01T13:47:49.568+0000] {dag.py:3089} INFO - Sync 1 DAGs
[2026-05-01T13:47:49.626+0000] {logging_mixin.py:188} INFO - [2026-05-01T13:47:49.626+0000] {dag.py:3947} INFO - Setting next_dagrun for example_branch_operator to 2026-04-30 00:00:00+00:00, run_after=2026-05-01 00:00:00+00:00
[2026-05-01T13:47:49.675+0000] {processor.py:183} INFO - Processing /home/airflow/.local/lib/python3.12/site-packages/airflow/example_dags/example_branch_operator.py took 0.304 seconds
[2026-05-01T13:48:20.277+0000] {processor.py:161} INFO - Started process (PID=694) to work on /home/airflow/.local/lib/python3.12/site-packages/airflow/example_dags/example_branch_operator.py
[2026-05-01T13:48:20.279+0000] {processor.py:830} INFO - Processing file /home/airflow/.local/lib/python3.12/site-packages/airflow/example_dags/example_branch_operator.py for tasks to queue
[2026-05-01T13:48:20.282+0000] {logging_mixin.py:188} INFO - [2026-05-01T13:48:20.282+0000] {dagbag.py:545} INFO - Filling up the DagBag from /home/airflow/.local/lib/python3.12/site-packages/airflow/example_dags/example_branch_operator.py
[2026-05-01T13:48:20.304+0000] {processor.py:840} INFO - DAG(s) 'example_branch_operator' retrieved from /home/airflow/.local/lib/python3.12/site-packages/airflow/example_dags/example_branch_operator.py
[2026-05-01T13:48:20.341+0000] {logging_mixin.py:188} INFO - [2026-05-01T13:48:20.341+0000] {dag.py:3089} INFO - Sync 1 DAGs
[2026-05-01T13:48:20.373+0000] {logging_mixin.py:188} INFO - [2026-05-01T13:48:20.372+0000] {dag.py:3947} INFO - Setting next_dagrun for example_branch_operator to 2026-04-30 00:00:00+00:00, run_after=2026-05-01 00:00:00+00:00
[2026-05-01T13:48:20.400+0000] {processor.py:183} INFO - Processing /home/airflow/.local/lib/python3.12/site-packages/airflow/example_dags/example_branch_operator.py took 0.131 seconds
[2026-05-01T13:48:51.071+0000] {processor.py:161} INFO - Started process (PID=751) to work on /home/airflow/.local/lib/python3.12/site-packages/airflow/example_dags/example_branch_operator.py
[2026-05-01T13:48:51.079+0000] {processor.py:830} INFO - Processing file /home/airflow/.local/lib/python3.12/site-packages/airflow/example_dags/example_branch_operator.py for tasks to queue
[2026-05-01T13:48:51.097+0000] {logging_mixin.py:188} INFO - [2026-05-01T13:48:51.097+0000] {dagbag.py:545} INFO - Filling up the DagBag from /home/airflow/.local/lib/python3.12/site-packages/airflow/example_dags/example_branch_operator.py
[2026-05-01T13:48:51.143+0000] {processor.py:840} INFO - DAG(s) 'example_branch_operator' retrieved from /home/airflow/.local/lib/python3.12/site-packages/airflow/example_dags/example_branch_operator.py
[2026-05-01T13:48:51.188+0000] {logging_mixin.py:188} INFO - [2026-05-01T13:48:51.188+0000] {dag.py:3089} INFO - Sync 1 DAGs
[2026-05-01T13:48:51.224+0000] {logging_mixin.py:188} INFO - [2026-05-01T13:48:51.224+0000] {dag.py:3947} INFO - Setting next_dagrun for example_branch_operator to 2026-04-30 00:00:00+00:00, run_after=2026-05-01 00:00:00+00:00
[2026-05-01T13:48:51.281+0000] {processor.py:183} INFO - Processing /home/airflow/.local/lib/python3.12/site-packages/airflow/example_dags/example_branch_operator.py took 0.278 seconds
[2026-05-01T13:49:21.675+0000] {processor.py:161} INFO - Started process (PID=810) to work on /home/airflow/.local/lib/python3.12/site-packages/airflow/example_dags/example_branch_operator.py
[2026-05-01T13:49:21.688+0000] {processor.py:830} INFO - Processing file /home/airflow/.local/lib/python3.12/site-packages/airflow/example_dags/example_branch_operator.py for tasks to queue
[2026-05-01T13:49:21.761+0000] {logging_mixin.py:188} INFO - [2026-05-01T13:49:21.757+0000] {dagbag.py:545} INFO - Filling up the DagBag from /home/airflow/.local/lib/python3.12/site-packages/airflow/example_dags/example_branch_operator.py
[2026-05-01T13:49:22.073+0000] {processor.py:840} INFO - DAG(s) 'example_branch_operator' retrieved from /home/airflow/.local/lib/python3.12/site-packages/airflow/example_dags/example_branch_operator.py
[2026-05-01T13:49:22.544+0000] {logging_mixin.py:188} INFO - [2026-05-01T13:49:22.543+0000] {dag.py:3089} INFO - Sync 1 DAGs
[2026-05-01T13:49:24.206+0000] {logging_mixin.py:188} INFO - [2026-05-01T13:49:23.910+0000] {dag.py:3947} INFO - Setting next_dagrun for example_branch_operator to 2026-04-30 00:00:00+00:00, run_after=2026-05-01 00:00:00+00:00
[2026-05-01T13:49:24.793+0000] {processor.py:183} INFO - Processing /home/airflow/.local/lib/python3.12/site-packages/airflow/example_dags/example_branch_operator.py took 3.191 seconds
[2026-05-01T13:49:55.759+0000] {processor.py:161} INFO - Started process (PID=873) to work on /home/airflow/.local/lib/python3.12/site-packages/airflow/example_dags/example_branch_operator.py
[2026-05-01T13:49:55.767+0000] {processor.py:830} INFO - Processing file /home/airflow/.local/lib/python3.12/site-packages/airflow/example_dags/example_branch_operator.py for tasks to queue
[2026-05-01T13:49:55.842+0000] {logging_mixin.py:188} INFO - [2026-05-01T13:49:55.841+0000] {dagbag.py:545} INFO - Filling up the DagBag from /home/airflow/.local/lib/python3.12/site-packages/airflow/example_dags/example_branch_operator.py
[2026-05-01T13:49:55.982+0000] {processor.py:840} INFO - DAG(s) 'example_branch_operator' retrieved from /home/airflow/.local/lib/python3.12/site-packages/airflow/example_dags/example_branch_operator.py
[2026-05-01T13:49:56.096+0000] {logging_mixin.py:188} INFO - [2026-05-01T13:49:56.095+0000] {dag.py:3089} INFO - Sync 1 DAGs
[2026-05-01T13:49:56.795+0000] {logging_mixin.py:188} INFO - [2026-05-01T13:49:56.793+0000] {dag.py:3947} INFO - Setting next_dagrun for example_branch_operator to 2026-04-30 00:00:00+00:00, run_after=2026-05-01 00:00:00+00:00
[2026-05-01T13:49:56.906+0000] {processor.py:183} INFO - Processing /home/airflow/.local/lib/python3.12/site-packages/airflow/example_dags/example_branch_operator.py took 1.180 seconds
[2026-05-01T13:50:27.227+0000] {processor.py:161} INFO - Started process (PID=930) to work on /home/airflow/.local/lib/python3.12/site-packages/airflow/example_dags/example_branch_operator.py
[2026-05-01T13:50:27.230+0000] {processor.py:830} INFO - Processing file /home/airflow/.local/lib/python3.12/site-packages/airflow/example_dags/example_branch_operator.py for tasks to queue
[2026-05-01T13:50:27.295+0000] {logging_mixin.py:188} INFO - [2026-05-01T13:50:27.293+0000] {dagbag.py:545} INFO - Filling up the DagBag from /home/airflow/.local/lib/python3.12/site-packages/airflow/example_dags/example_branch_operator.py
[2026-05-01T13:50:27.525+0000] {processor.py:840} INFO - DAG(s) 'example_branch_operator' retrieved from /home/airflow/.local/lib/python3.12/site-packages/airflow/example_dags/example_branch_operator.py
[2026-05-01T13:50:27.662+0000] {logging_mixin.py:188} INFO - [2026-05-01T13:50:27.661+0000] {dag.py:3089} INFO - Sync 1 DAGs
[2026-05-01T13:50:27.990+0000] {logging_mixin.py:188} INFO - [2026-05-01T13:50:27.989+0000] {dag.py:3947} INFO - Setting next_dagrun for example_branch_operator to 2026-04-30 00:00:00+00:00, run_after=2026-05-01 00:00:00+00:00
[2026-05-01T13:50:28.436+0000] {processor.py:183} INFO - Processing /home/airflow/.local/lib/python3.12/site-packages/airflow/example_dags/example_branch_operator.py took 1.240 seconds
[2026-05-01T13:50:59.266+0000] {processor.py:161} INFO - Started process (PID=987) to work on /home/airflow/.local/lib/python3.12/site-packages/airflow/example_dags/example_branch_operator.py
[2026-05-01T13:50:59.275+0000] {processor.py:830} INFO - Processing file /home/airflow/.local/lib/python3.12/site-packages/airflow/example_dags/example_branch_operator.py for tasks to queue
[2026-05-01T13:50:59.291+0000] {logging_mixin.py:188} INFO - [2026-05-01T13:50:59.288+0000] {dagbag.py:545} INFO - Filling up the DagBag from /home/airflow/.local/lib/python3.12/site-packages/airflow/example_dags/example_branch_operator.py
[2026-05-01T13:50:59.366+0000] {processor.py:840} INFO - DAG(s) 'example_branch_operator' retrieved from /home/airflow/.local/lib/python3.12/site-packages/airflow/example_dags/example_branch_operator.py
[2026-05-01T13:50:59.423+0000] {logging_mixin.py:188} INFO - [2026-05-01T13:50:59.423+0000] {dag.py:3089} INFO - Sync 1 DAGs
[2026-05-01T13:50:59.476+0000] {logging_mixin.py:188} INFO - [2026-05-01T13:50:59.474+0000] {dag.py:3947} INFO - Setting next_dagrun for example_branch_operator to 2026-04-30 00:00:00+00:00, run_after=2026-05-01 00:00:00+00:00
[2026-05-01T13:50:59.529+0000] {processor.py:183} INFO - Processing /home/airflow/.local/lib/python3.12/site-packages/airflow/example_dags/example_branch_operator.py took 0.338 seconds
[2026-05-01T13:51:30.007+0000] {processor.py:161} INFO - Started process (PID=1045) to work on /home/airflow/.local/lib/python3.12/site-packages/airflow/example_dags/example_branch_operator.py
[2026-05-01T13:51:30.014+0000] {processor.py:830} INFO - Processing file /home/airflow/.local/lib/python3.12/site-packages/airflow/example_dags/example_branch_operator.py for tasks to queue
[2026-05-01T13:51:30.019+0000] {logging_mixin.py:188} INFO - [2026-05-01T13:51:30.018+0000] {dagbag.py:545} INFO - Filling up the DagBag from /home/airflow/.local/lib/python3.12/site-packages/airflow/example_dags/example_branch_operator.py
[2026-05-01T13:51:30.052+0000] {processor.py:840} INFO - DAG(s) 'example_branch_operator' retrieved from /home/airflow/.local/lib/python3.12/site-packages/airflow/example_dags/example_branch_operator.py
[2026-05-01T13:51:30.114+0000] {logging_mixin.py:188} INFO - [2026-05-01T13:51:30.113+0000] {dag.py:3089} INFO - Sync 1 DAGs
[2026-05-01T13:51:30.183+0000] {logging_mixin.py:188} INFO - [2026-05-01T13:51:30.182+0000] {dag.py:3947} INFO - Setting next_dagrun for example_branch_operator to 2026-04-30 00:00:00+00:00, run_after=2026-05-01 00:00:00+00:00
[2026-05-01T13:51:30.232+0000] {processor.py:183} INFO - Processing /home/airflow/.local/lib/python3.12/site-packages/airflow/example_dags/example_branch_operator.py took 0.245 seconds
[2026-05-01T13:52:00.999+0000] {processor.py:161} INFO - Started process (PID=1102) to work on /home/airflow/.local/lib/python3.12/site-packages/airflow/example_dags/example_branch_operator.py
[2026-05-01T13:52:01.002+0000] {processor.py:830} INFO - Processing file /home/airflow/.local/lib/python3.12/site-packages/airflow/example_dags/example_branch_operator.py for tasks to queue
[2026-05-01T13:52:01.005+0000] {logging_mixin.py:188} INFO - [2026-05-01T13:52:01.005+0000] {dagbag.py:545} INFO - Filling up the DagBag from /home/airflow/.local/lib/python3.12/site-packages/airflow/example_dags/example_branch_operator.py
[2026-05-01T13:52:01.046+0000] {processor.py:840} INFO - DAG(s) 'example_branch_operator' retrieved from /home/airflow/.local/lib/python3.12/site-packages/airflow/example_dags/example_branch_operator.py
[2026-05-01T13:52:01.097+0000] {logging_mixin.py:188} INFO - [2026-05-01T13:52:01.093+0000] {dag.py:3089} INFO - Sync 1 DAGs
[2026-05-01T13:52:01.135+0000] {logging_mixin.py:188} INFO - [2026-05-01T13:52:01.135+0000] {dag.py:3947} INFO - Setting next_dagrun for example_branch_operator to 2026-04-30 00:00:00+00:00, run_after=2026-05-01 00:00:00+00:00
[2026-05-01T13:52:01.179+0000] {processor.py:183} INFO - Processing /home/airflow/.local/lib/python3.12/site-packages/airflow/example_dags/example_branch_operator.py took 0.205 seconds
[2026-05-01T13:52:31.284+0000] {processor.py:161} INFO - Started process (PID=1160) to work on /home/airflow/.local/lib/python3.12/site-packages/airflow/example_dags/example_branch_operator.py
[2026-05-01T13:52:31.290+0000] {processor.py:830} INFO - Processing file /home/airflow/.local/lib/python3.12/site-packages/airflow/example_dags/example_branch_operator.py for tasks to queue
[2026-05-01T13:52:31.297+0000] {logging_mixin.py:188} INFO - [2026-05-01T13:52:31.295+0000] {dagbag.py:545} INFO - Filling up the DagBag from /home/airflow/.local/lib/python3.12/site-packages/airflow/example_dags/example_branch_operator.py
[2026-05-01T13:52:31.335+0000] {processor.py:840} INFO - DAG(s) 'example_branch_operator' retrieved from /home/airflow/.local/lib/python3.12/site-packages/airflow/example_dags/example_branch_operator.py
[2026-05-01T13:52:31.387+0000] {logging_mixin.py:188} INFO - [2026-05-01T13:52:31.387+0000] {dag.py:3089} INFO - Sync 1 DAGs
[2026-05-01T13:52:31.431+0000] {logging_mixin.py:188} INFO - [2026-05-01T13:52:31.431+0000] {dag.py:3947} INFO - Setting next_dagrun for example_branch_operator to 2026-04-30 00:00:00+00:00, run_after=2026-05-01 00:00:00+00:00
[2026-05-01T13:52:31.465+0000] {processor.py:183} INFO - Processing /home/airflow/.local/lib/python3.12/site-packages/airflow/example_dags/example_branch_operator.py took 0.202 seconds
[2026-05-01T13:53:02.150+0000] {processor.py:161} INFO - Started process (PID=1218) to work on /home/airflow/.local/lib/python3.12/site-packages/airflow/example_dags/example_branch_operator.py
[2026-05-01T13:53:02.154+0000] {processor.py:830} INFO - Processing file /home/airflow/.local/lib/python3.12/site-packages/airflow/example_dags/example_branch_operator.py for tasks to queue
[2026-05-01T13:53:02.158+0000] {logging_mixin.py:188} INFO - [2026-05-01T13:53:02.157+0000] {dagbag.py:545} INFO - Filling up the DagBag from /home/airflow/.local/lib/python3.12/site-packages/airflow/example_dags/example_branch_operator.py
[2026-05-01T13:53:02.191+0000] {processor.py:840} INFO - DAG(s) 'example_branch_operator' retrieved from /home/airflow/.local/lib/python3.12/site-packages/airflow/example_dags/example_branch_operator.py
[2026-05-01T13:53:02.232+0000] {logging_mixin.py:188} INFO - [2026-05-01T13:53:02.232+0000] {dag.py:3089} INFO - Sync 1 DAGs
[2026-05-01T13:53:02.270+0000] {logging_mixin.py:188} INFO - [2026-05-01T13:53:02.270+0000] {dag.py:3947} INFO - Setting next_dagrun for example_branch_operator to 2026-04-30 00:00:00+00:00, run_after=2026-05-01 00:00:00+00:00
[2026-05-01T13:53:02.303+0000] {processor.py:183} INFO - Processing /home/airflow/.local/lib/python3.12/site-packages/airflow/example_dags/example_branch_operator.py took 0.171 seconds
[2026-05-01T13:53:32.837+0000] {processor.py:161} INFO - Started process (PID=1275) to work on /home/airflow/.local/lib/python3.12/site-packages/airflow/example_dags/example_branch_operator.py
[2026-05-01T13:53:32.840+0000] {processor.py:830} INFO - Processing file /home/airflow/.local/lib/python3.12/site-packages/airflow/example_dags/example_branch_operator.py for tasks to queue
[2026-05-01T13:53:32.845+0000] {logging_mixin.py:188} INFO - [2026-05-01T13:53:32.844+0000] {dagbag.py:545} INFO - Filling up the DagBag from /home/airflow/.local/lib/python3.12/site-packages/airflow/example_dags/example_branch_operator.py
[2026-05-01T13:53:32.870+0000] {processor.py:840} INFO - DAG(s) 'example_branch_operator' retrieved from /home/airflow/.local/lib/python3.12/site-packages/airflow/example_dags/example_branch_operator.py
[2026-05-01T13:53:32.914+0000] {logging_mixin.py:188} INFO - [2026-05-01T13:53:32.913+0000] {dag.py:3089} INFO - Sync 1 DAGs
[2026-05-01T13:53:32.962+0000] {logging_mixin.py:188} INFO - [2026-05-01T13:53:32.962+0000] {dag.py:3947} INFO - Setting next_dagrun for example_branch_operator to 2026-04-30 00:00:00+00:00, run_after=2026-05-01 00:00:00+00:00
[2026-05-01T13:53:33.010+0000] {processor.py:183} INFO - Processing /home/airflow/.local/lib/python3.12/site-packages/airflow/example_dags/example_branch_operator.py took 0.192 seconds
