[2026-05-01T13:24:30.106+0000] {processor.py:161} INFO - Started process (PID=68) to work on /home/airflow/.local/lib/python3.12/site-packages/airflow/example_dags/example_task_group_decorator.py
[2026-05-01T13:24:30.117+0000] {processor.py:830} INFO - Processing file /home/airflow/.local/lib/python3.12/site-packages/airflow/example_dags/example_task_group_decorator.py for tasks to queue
[2026-05-01T13:24:30.133+0000] {logging_mixin.py:188} INFO - [2026-05-01T13:24:30.133+0000] {dagbag.py:545} INFO - Filling up the DagBag from /home/airflow/.local/lib/python3.12/site-packages/airflow/example_dags/example_task_group_decorator.py
[2026-05-01T13:24:30.227+0000] {processor.py:840} INFO - DAG(s) 'example_task_group_decorator' retrieved from /home/airflow/.local/lib/python3.12/site-packages/airflow/example_dags/example_task_group_decorator.py
[2026-05-01T13:24:31.533+0000] {logging_mixin.py:188} INFO - [2026-05-01T13:24:31.532+0000] {override.py:1858} INFO - Created Permission View: can delete on DAG:example_task_group_decorator
[2026-05-01T13:24:31.646+0000] {logging_mixin.py:188} INFO - [2026-05-01T13:24:31.643+0000] {override.py:1858} INFO - Created Permission View: can edit on DAG:example_task_group_decorator
[2026-05-01T13:24:31.696+0000] {logging_mixin.py:188} INFO - [2026-05-01T13:24:31.696+0000] {override.py:1858} INFO - Created Permission View: can read on DAG:example_task_group_decorator
[2026-05-01T13:24:31.701+0000] {logging_mixin.py:188} INFO - [2026-05-01T13:24:31.700+0000] {dag.py:3089} INFO - Sync 1 DAGs
[2026-05-01T13:24:31.778+0000] {logging_mixin.py:188} INFO - [2026-05-01T13:24:31.778+0000] {dag.py:3111} INFO - Creating ORM DAG for example_task_group_decorator
[2026-05-01T13:24:31.900+0000] {logging_mixin.py:188} INFO - [2026-05-01T13:24:31.900+0000] {dag.py:3947} INFO - Setting next_dagrun for example_task_group_decorator to 2026-04-30 00:00:00+00:00, run_after=2026-05-01 00:00:00+00:00
[2026-05-01T13:24:32.005+0000] {processor.py:183} INFO - Processing /home/airflow/.local/lib/python3.12/site-packages/airflow/example_dags/example_task_group_decorator.py took 1.926 seconds
[2026-05-01T13:25:23.488+0000] {processor.py:161} INFO - Started process (PID=131) to work on /home/airflow/.local/lib/python3.12/site-packages/airflow/example_dags/example_task_group_decorator.py
[2026-05-01T13:25:23.500+0000] {processor.py:830} INFO - Processing file /home/airflow/.local/lib/python3.12/site-packages/airflow/example_dags/example_task_group_decorator.py for tasks to queue
[2026-05-01T13:25:23.521+0000] {logging_mixin.py:188} INFO - [2026-05-01T13:25:23.517+0000] {dagbag.py:545} INFO - Filling up the DagBag from /home/airflow/.local/lib/python3.12/site-packages/airflow/example_dags/example_task_group_decorator.py
[2026-05-01T13:25:23.651+0000] {processor.py:840} INFO - DAG(s) 'example_task_group_decorator' retrieved from /home/airflow/.local/lib/python3.12/site-packages/airflow/example_dags/example_task_group_decorator.py
[2026-05-01T13:25:23.723+0000] {logging_mixin.py:188} INFO - [2026-05-01T13:25:23.723+0000] {dag.py:3089} INFO - Sync 1 DAGs
[2026-05-01T13:25:23.870+0000] {logging_mixin.py:188} INFO - [2026-05-01T13:25:23.869+0000] {dag.py:3947} INFO - Setting next_dagrun for example_task_group_decorator to 2026-04-30 00:00:00+00:00, run_after=2026-05-01 00:00:00+00:00
[2026-05-01T13:25:24.055+0000] {processor.py:183} INFO - Processing /home/airflow/.local/lib/python3.12/site-packages/airflow/example_dags/example_task_group_decorator.py took 0.626 seconds
[2026-05-01T13:25:54.274+0000] {processor.py:161} INFO - Started process (PID=189) to work on /home/airflow/.local/lib/python3.12/site-packages/airflow/example_dags/example_task_group_decorator.py
[2026-05-01T13:25:54.277+0000] {processor.py:830} INFO - Processing file /home/airflow/.local/lib/python3.12/site-packages/airflow/example_dags/example_task_group_decorator.py for tasks to queue
[2026-05-01T13:25:54.284+0000] {logging_mixin.py:188} INFO - [2026-05-01T13:25:54.283+0000] {dagbag.py:545} INFO - Filling up the DagBag from /home/airflow/.local/lib/python3.12/site-packages/airflow/example_dags/example_task_group_decorator.py
[2026-05-01T13:25:54.345+0000] {processor.py:840} INFO - DAG(s) 'example_task_group_decorator' retrieved from /home/airflow/.local/lib/python3.12/site-packages/airflow/example_dags/example_task_group_decorator.py
[2026-05-01T13:25:54.529+0000] {logging_mixin.py:188} INFO - [2026-05-01T13:25:54.529+0000] {dag.py:3089} INFO - Sync 1 DAGs
[2026-05-01T13:25:54.566+0000] {logging_mixin.py:188} INFO - [2026-05-01T13:25:54.566+0000] {dag.py:3947} INFO - Setting next_dagrun for example_task_group_decorator to 2026-04-30 00:00:00+00:00, run_after=2026-05-01 00:00:00+00:00
[2026-05-01T13:25:54.599+0000] {processor.py:183} INFO - Processing /home/airflow/.local/lib/python3.12/site-packages/airflow/example_dags/example_task_group_decorator.py took 0.337 seconds
[2026-05-01T13:26:25.316+0000] {processor.py:161} INFO - Started process (PID=247) to work on /home/airflow/.local/lib/python3.12/site-packages/airflow/example_dags/example_task_group_decorator.py
[2026-05-01T13:26:25.320+0000] {processor.py:830} INFO - Processing file /home/airflow/.local/lib/python3.12/site-packages/airflow/example_dags/example_task_group_decorator.py for tasks to queue
[2026-05-01T13:26:25.324+0000] {logging_mixin.py:188} INFO - [2026-05-01T13:26:25.324+0000] {dagbag.py:545} INFO - Filling up the DagBag from /home/airflow/.local/lib/python3.12/site-packages/airflow/example_dags/example_task_group_decorator.py
[2026-05-01T13:26:25.345+0000] {processor.py:840} INFO - DAG(s) 'example_task_group_decorator' retrieved from /home/airflow/.local/lib/python3.12/site-packages/airflow/example_dags/example_task_group_decorator.py
[2026-05-01T13:26:25.383+0000] {logging_mixin.py:188} INFO - [2026-05-01T13:26:25.382+0000] {dag.py:3089} INFO - Sync 1 DAGs
[2026-05-01T13:26:25.414+0000] {logging_mixin.py:188} INFO - [2026-05-01T13:26:25.413+0000] {dag.py:3947} INFO - Setting next_dagrun for example_task_group_decorator to 2026-04-30 00:00:00+00:00, run_after=2026-05-01 00:00:00+00:00
[2026-05-01T13:26:25.441+0000] {processor.py:183} INFO - Processing /home/airflow/.local/lib/python3.12/site-packages/airflow/example_dags/example_task_group_decorator.py took 0.136 seconds
[2026-05-01T13:26:56.172+0000] {processor.py:161} INFO - Started process (PID=305) to work on /home/airflow/.local/lib/python3.12/site-packages/airflow/example_dags/example_task_group_decorator.py
[2026-05-01T13:26:56.175+0000] {processor.py:830} INFO - Processing file /home/airflow/.local/lib/python3.12/site-packages/airflow/example_dags/example_task_group_decorator.py for tasks to queue
[2026-05-01T13:26:56.179+0000] {logging_mixin.py:188} INFO - [2026-05-01T13:26:56.179+0000] {dagbag.py:545} INFO - Filling up the DagBag from /home/airflow/.local/lib/python3.12/site-packages/airflow/example_dags/example_task_group_decorator.py
[2026-05-01T13:26:56.197+0000] {processor.py:840} INFO - DAG(s) 'example_task_group_decorator' retrieved from /home/airflow/.local/lib/python3.12/site-packages/airflow/example_dags/example_task_group_decorator.py
[2026-05-01T13:26:56.230+0000] {logging_mixin.py:188} INFO - [2026-05-01T13:26:56.230+0000] {dag.py:3089} INFO - Sync 1 DAGs
[2026-05-01T13:26:56.259+0000] {logging_mixin.py:188} INFO - [2026-05-01T13:26:56.259+0000] {dag.py:3947} INFO - Setting next_dagrun for example_task_group_decorator to 2026-04-30 00:00:00+00:00, run_after=2026-05-01 00:00:00+00:00
[2026-05-01T13:26:56.291+0000] {processor.py:183} INFO - Processing /home/airflow/.local/lib/python3.12/site-packages/airflow/example_dags/example_task_group_decorator.py took 0.128 seconds
[2026-05-01T13:27:26.542+0000] {processor.py:161} INFO - Started process (PID=363) to work on /home/airflow/.local/lib/python3.12/site-packages/airflow/example_dags/example_task_group_decorator.py
[2026-05-01T13:27:26.546+0000] {processor.py:830} INFO - Processing file /home/airflow/.local/lib/python3.12/site-packages/airflow/example_dags/example_task_group_decorator.py for tasks to queue
[2026-05-01T13:27:26.550+0000] {logging_mixin.py:188} INFO - [2026-05-01T13:27:26.549+0000] {dagbag.py:545} INFO - Filling up the DagBag from /home/airflow/.local/lib/python3.12/site-packages/airflow/example_dags/example_task_group_decorator.py
[2026-05-01T13:27:26.570+0000] {processor.py:840} INFO - DAG(s) 'example_task_group_decorator' retrieved from /home/airflow/.local/lib/python3.12/site-packages/airflow/example_dags/example_task_group_decorator.py
[2026-05-01T13:27:26.603+0000] {logging_mixin.py:188} INFO - [2026-05-01T13:27:26.603+0000] {dag.py:3089} INFO - Sync 1 DAGs
[2026-05-01T13:27:26.633+0000] {logging_mixin.py:188} INFO - [2026-05-01T13:27:26.633+0000] {dag.py:3947} INFO - Setting next_dagrun for example_task_group_decorator to 2026-04-30 00:00:00+00:00, run_after=2026-05-01 00:00:00+00:00
[2026-05-01T13:27:26.659+0000] {processor.py:183} INFO - Processing /home/airflow/.local/lib/python3.12/site-packages/airflow/example_dags/example_task_group_decorator.py took 0.125 seconds
[2026-05-01T13:27:57.109+0000] {processor.py:161} INFO - Started process (PID=422) to work on /home/airflow/.local/lib/python3.12/site-packages/airflow/example_dags/example_task_group_decorator.py
[2026-05-01T13:27:57.113+0000] {processor.py:830} INFO - Processing file /home/airflow/.local/lib/python3.12/site-packages/airflow/example_dags/example_task_group_decorator.py for tasks to queue
[2026-05-01T13:27:57.118+0000] {logging_mixin.py:188} INFO - [2026-05-01T13:27:57.117+0000] {dagbag.py:545} INFO - Filling up the DagBag from /home/airflow/.local/lib/python3.12/site-packages/airflow/example_dags/example_task_group_decorator.py
[2026-05-01T13:27:57.138+0000] {processor.py:840} INFO - DAG(s) 'example_task_group_decorator' retrieved from /home/airflow/.local/lib/python3.12/site-packages/airflow/example_dags/example_task_group_decorator.py
[2026-05-01T13:27:57.180+0000] {logging_mixin.py:188} INFO - [2026-05-01T13:27:57.180+0000] {dag.py:3089} INFO - Sync 1 DAGs
[2026-05-01T13:27:57.216+0000] {logging_mixin.py:188} INFO - [2026-05-01T13:27:57.216+0000] {dag.py:3947} INFO - Setting next_dagrun for example_task_group_decorator to 2026-04-30 00:00:00+00:00, run_after=2026-05-01 00:00:00+00:00
[2026-05-01T13:27:57.248+0000] {processor.py:183} INFO - Processing /home/airflow/.local/lib/python3.12/site-packages/airflow/example_dags/example_task_group_decorator.py took 0.150 seconds
[2026-05-01T13:28:29.001+0000] {processor.py:161} INFO - Started process (PID=480) to work on /home/airflow/.local/lib/python3.12/site-packages/airflow/example_dags/example_task_group_decorator.py
[2026-05-01T13:28:29.022+0000] {processor.py:830} INFO - Processing file /home/airflow/.local/lib/python3.12/site-packages/airflow/example_dags/example_task_group_decorator.py for tasks to queue
[2026-05-01T13:28:29.110+0000] {logging_mixin.py:188} INFO - [2026-05-01T13:28:29.110+0000] {dagbag.py:545} INFO - Filling up the DagBag from /home/airflow/.local/lib/python3.12/site-packages/airflow/example_dags/example_task_group_decorator.py
[2026-05-01T13:28:29.165+0000] {processor.py:840} INFO - DAG(s) 'example_task_group_decorator' retrieved from /home/airflow/.local/lib/python3.12/site-packages/airflow/example_dags/example_task_group_decorator.py
[2026-05-01T13:28:29.396+0000] {logging_mixin.py:188} INFO - [2026-05-01T13:28:29.395+0000] {dag.py:3089} INFO - Sync 1 DAGs
[2026-05-01T13:28:29.502+0000] {logging_mixin.py:188} INFO - [2026-05-01T13:28:29.501+0000] {dag.py:3947} INFO - Setting next_dagrun for example_task_group_decorator to 2026-04-30 00:00:00+00:00, run_after=2026-05-01 00:00:00+00:00
[2026-05-01T13:28:29.565+0000] {processor.py:183} INFO - Processing /home/airflow/.local/lib/python3.12/site-packages/airflow/example_dags/example_task_group_decorator.py took 0.662 seconds
[2026-05-01T13:28:59.940+0000] {processor.py:161} INFO - Started process (PID=538) to work on /home/airflow/.local/lib/python3.12/site-packages/airflow/example_dags/example_task_group_decorator.py
[2026-05-01T13:28:59.942+0000] {processor.py:830} INFO - Processing file /home/airflow/.local/lib/python3.12/site-packages/airflow/example_dags/example_task_group_decorator.py for tasks to queue
[2026-05-01T13:28:59.949+0000] {logging_mixin.py:188} INFO - [2026-05-01T13:28:59.948+0000] {dagbag.py:545} INFO - Filling up the DagBag from /home/airflow/.local/lib/python3.12/site-packages/airflow/example_dags/example_task_group_decorator.py
[2026-05-01T13:28:59.979+0000] {processor.py:840} INFO - DAG(s) 'example_task_group_decorator' retrieved from /home/airflow/.local/lib/python3.12/site-packages/airflow/example_dags/example_task_group_decorator.py
[2026-05-01T13:29:00.029+0000] {logging_mixin.py:188} INFO - [2026-05-01T13:29:00.029+0000] {dag.py:3089} INFO - Sync 1 DAGs
[2026-05-01T13:29:00.071+0000] {logging_mixin.py:188} INFO - [2026-05-01T13:29:00.071+0000] {dag.py:3947} INFO - Setting next_dagrun for example_task_group_decorator to 2026-04-30 00:00:00+00:00, run_after=2026-05-01 00:00:00+00:00
[2026-05-01T13:29:00.118+0000] {processor.py:183} INFO - Processing /home/airflow/.local/lib/python3.12/site-packages/airflow/example_dags/example_task_group_decorator.py took 0.191 seconds
[2026-05-01T13:29:30.772+0000] {processor.py:161} INFO - Started process (PID=596) to work on /home/airflow/.local/lib/python3.12/site-packages/airflow/example_dags/example_task_group_decorator.py
[2026-05-01T13:29:30.776+0000] {processor.py:830} INFO - Processing file /home/airflow/.local/lib/python3.12/site-packages/airflow/example_dags/example_task_group_decorator.py for tasks to queue
[2026-05-01T13:29:30.784+0000] {logging_mixin.py:188} INFO - [2026-05-01T13:29:30.783+0000] {dagbag.py:545} INFO - Filling up the DagBag from /home/airflow/.local/lib/python3.12/site-packages/airflow/example_dags/example_task_group_decorator.py
[2026-05-01T13:29:30.832+0000] {processor.py:840} INFO - DAG(s) 'example_task_group_decorator' retrieved from /home/airflow/.local/lib/python3.12/site-packages/airflow/example_dags/example_task_group_decorator.py
[2026-05-01T13:29:30.884+0000] {logging_mixin.py:188} INFO - [2026-05-01T13:29:30.884+0000] {dag.py:3089} INFO - Sync 1 DAGs
[2026-05-01T13:29:30.942+0000] {logging_mixin.py:188} INFO - [2026-05-01T13:29:30.942+0000] {dag.py:3947} INFO - Setting next_dagrun for example_task_group_decorator to 2026-04-30 00:00:00+00:00, run_after=2026-05-01 00:00:00+00:00
[2026-05-01T13:29:30.985+0000] {processor.py:183} INFO - Processing /home/airflow/.local/lib/python3.12/site-packages/airflow/example_dags/example_task_group_decorator.py took 0.226 seconds
[2026-05-01T13:30:01.345+0000] {processor.py:161} INFO - Started process (PID=654) to work on /home/airflow/.local/lib/python3.12/site-packages/airflow/example_dags/example_task_group_decorator.py
[2026-05-01T13:30:01.348+0000] {processor.py:830} INFO - Processing file /home/airflow/.local/lib/python3.12/site-packages/airflow/example_dags/example_task_group_decorator.py for tasks to queue
[2026-05-01T13:30:01.353+0000] {logging_mixin.py:188} INFO - [2026-05-01T13:30:01.353+0000] {dagbag.py:545} INFO - Filling up the DagBag from /home/airflow/.local/lib/python3.12/site-packages/airflow/example_dags/example_task_group_decorator.py
[2026-05-01T13:30:01.382+0000] {processor.py:840} INFO - DAG(s) 'example_task_group_decorator' retrieved from /home/airflow/.local/lib/python3.12/site-packages/airflow/example_dags/example_task_group_decorator.py
[2026-05-01T13:30:01.432+0000] {logging_mixin.py:188} INFO - [2026-05-01T13:30:01.432+0000] {dag.py:3089} INFO - Sync 1 DAGs
[2026-05-01T13:30:01.468+0000] {logging_mixin.py:188} INFO - [2026-05-01T13:30:01.467+0000] {dag.py:3947} INFO - Setting next_dagrun for example_task_group_decorator to 2026-04-30 00:00:00+00:00, run_after=2026-05-01 00:00:00+00:00
[2026-05-01T13:30:01.507+0000] {processor.py:183} INFO - Processing /home/airflow/.local/lib/python3.12/site-packages/airflow/example_dags/example_task_group_decorator.py took 0.171 seconds
[2026-05-01T13:30:31.859+0000] {processor.py:161} INFO - Started process (PID=710) to work on /home/airflow/.local/lib/python3.12/site-packages/airflow/example_dags/example_task_group_decorator.py
[2026-05-01T13:30:31.861+0000] {processor.py:830} INFO - Processing file /home/airflow/.local/lib/python3.12/site-packages/airflow/example_dags/example_task_group_decorator.py for tasks to queue
[2026-05-01T13:30:31.867+0000] {logging_mixin.py:188} INFO - [2026-05-01T13:30:31.866+0000] {dagbag.py:545} INFO - Filling up the DagBag from /home/airflow/.local/lib/python3.12/site-packages/airflow/example_dags/example_task_group_decorator.py
[2026-05-01T13:30:31.937+0000] {processor.py:840} INFO - DAG(s) 'example_task_group_decorator' retrieved from /home/airflow/.local/lib/python3.12/site-packages/airflow/example_dags/example_task_group_decorator.py
[2026-05-01T13:30:32.012+0000] {logging_mixin.py:188} INFO - [2026-05-01T13:30:32.012+0000] {dag.py:3089} INFO - Sync 1 DAGs
[2026-05-01T13:30:32.050+0000] {logging_mixin.py:188} INFO - [2026-05-01T13:30:32.049+0000] {dag.py:3947} INFO - Setting next_dagrun for example_task_group_decorator to 2026-04-30 00:00:00+00:00, run_after=2026-05-01 00:00:00+00:00
[2026-05-01T13:30:32.085+0000] {processor.py:183} INFO - Processing /home/airflow/.local/lib/python3.12/site-packages/airflow/example_dags/example_task_group_decorator.py took 0.239 seconds
[2026-05-01T13:31:02.435+0000] {processor.py:161} INFO - Started process (PID=768) to work on /home/airflow/.local/lib/python3.12/site-packages/airflow/example_dags/example_task_group_decorator.py
[2026-05-01T13:31:02.438+0000] {processor.py:830} INFO - Processing file /home/airflow/.local/lib/python3.12/site-packages/airflow/example_dags/example_task_group_decorator.py for tasks to queue
[2026-05-01T13:31:02.441+0000] {logging_mixin.py:188} INFO - [2026-05-01T13:31:02.441+0000] {dagbag.py:545} INFO - Filling up the DagBag from /home/airflow/.local/lib/python3.12/site-packages/airflow/example_dags/example_task_group_decorator.py
[2026-05-01T13:31:02.461+0000] {processor.py:840} INFO - DAG(s) 'example_task_group_decorator' retrieved from /home/airflow/.local/lib/python3.12/site-packages/airflow/example_dags/example_task_group_decorator.py
[2026-05-01T13:31:02.497+0000] {logging_mixin.py:188} INFO - [2026-05-01T13:31:02.497+0000] {dag.py:3089} INFO - Sync 1 DAGs
[2026-05-01T13:31:02.526+0000] {logging_mixin.py:188} INFO - [2026-05-01T13:31:02.525+0000] {dag.py:3947} INFO - Setting next_dagrun for example_task_group_decorator to 2026-04-30 00:00:00+00:00, run_after=2026-05-01 00:00:00+00:00
[2026-05-01T13:31:02.553+0000] {processor.py:183} INFO - Processing /home/airflow/.local/lib/python3.12/site-packages/airflow/example_dags/example_task_group_decorator.py took 0.127 seconds
[2026-05-01T13:31:32.935+0000] {processor.py:161} INFO - Started process (PID=826) to work on /home/airflow/.local/lib/python3.12/site-packages/airflow/example_dags/example_task_group_decorator.py
[2026-05-01T13:31:32.946+0000] {processor.py:830} INFO - Processing file /home/airflow/.local/lib/python3.12/site-packages/airflow/example_dags/example_task_group_decorator.py for tasks to queue
[2026-05-01T13:31:32.951+0000] {logging_mixin.py:188} INFO - [2026-05-01T13:31:32.951+0000] {dagbag.py:545} INFO - Filling up the DagBag from /home/airflow/.local/lib/python3.12/site-packages/airflow/example_dags/example_task_group_decorator.py
[2026-05-01T13:31:32.998+0000] {processor.py:840} INFO - DAG(s) 'example_task_group_decorator' retrieved from /home/airflow/.local/lib/python3.12/site-packages/airflow/example_dags/example_task_group_decorator.py
[2026-05-01T13:31:33.068+0000] {logging_mixin.py:188} INFO - [2026-05-01T13:31:33.068+0000] {dag.py:3089} INFO - Sync 1 DAGs
[2026-05-01T13:31:33.302+0000] {logging_mixin.py:188} INFO - [2026-05-01T13:31:33.301+0000] {dag.py:3947} INFO - Setting next_dagrun for example_task_group_decorator to 2026-04-30 00:00:00+00:00, run_after=2026-05-01 00:00:00+00:00
[2026-05-01T13:31:33.376+0000] {processor.py:183} INFO - Processing /home/airflow/.local/lib/python3.12/site-packages/airflow/example_dags/example_task_group_decorator.py took 0.453 seconds
[2026-05-01T13:32:04.185+0000] {processor.py:161} INFO - Started process (PID=884) to work on /home/airflow/.local/lib/python3.12/site-packages/airflow/example_dags/example_task_group_decorator.py
[2026-05-01T13:32:04.192+0000] {processor.py:830} INFO - Processing file /home/airflow/.local/lib/python3.12/site-packages/airflow/example_dags/example_task_group_decorator.py for tasks to queue
[2026-05-01T13:32:04.205+0000] {logging_mixin.py:188} INFO - [2026-05-01T13:32:04.204+0000] {dagbag.py:545} INFO - Filling up the DagBag from /home/airflow/.local/lib/python3.12/site-packages/airflow/example_dags/example_task_group_decorator.py
[2026-05-01T13:32:04.259+0000] {processor.py:840} INFO - DAG(s) 'example_task_group_decorator' retrieved from /home/airflow/.local/lib/python3.12/site-packages/airflow/example_dags/example_task_group_decorator.py
[2026-05-01T13:32:04.414+0000] {logging_mixin.py:188} INFO - [2026-05-01T13:32:04.414+0000] {dag.py:3089} INFO - Sync 1 DAGs
[2026-05-01T13:32:04.449+0000] {logging_mixin.py:188} INFO - [2026-05-01T13:32:04.449+0000] {dag.py:3947} INFO - Setting next_dagrun for example_task_group_decorator to 2026-04-30 00:00:00+00:00, run_after=2026-05-01 00:00:00+00:00
[2026-05-01T13:32:04.481+0000] {processor.py:183} INFO - Processing /home/airflow/.local/lib/python3.12/site-packages/airflow/example_dags/example_task_group_decorator.py took 0.326 seconds
[2026-05-01T13:32:34.665+0000] {processor.py:161} INFO - Started process (PID=942) to work on /home/airflow/.local/lib/python3.12/site-packages/airflow/example_dags/example_task_group_decorator.py
[2026-05-01T13:32:34.679+0000] {processor.py:830} INFO - Processing file /home/airflow/.local/lib/python3.12/site-packages/airflow/example_dags/example_task_group_decorator.py for tasks to queue
[2026-05-01T13:32:34.688+0000] {logging_mixin.py:188} INFO - [2026-05-01T13:32:34.688+0000] {dagbag.py:545} INFO - Filling up the DagBag from /home/airflow/.local/lib/python3.12/site-packages/airflow/example_dags/example_task_group_decorator.py
[2026-05-01T13:32:34.712+0000] {processor.py:840} INFO - DAG(s) 'example_task_group_decorator' retrieved from /home/airflow/.local/lib/python3.12/site-packages/airflow/example_dags/example_task_group_decorator.py
[2026-05-01T13:32:34.753+0000] {logging_mixin.py:188} INFO - [2026-05-01T13:32:34.753+0000] {dag.py:3089} INFO - Sync 1 DAGs
[2026-05-01T13:32:34.789+0000] {logging_mixin.py:188} INFO - [2026-05-01T13:32:34.788+0000] {dag.py:3947} INFO - Setting next_dagrun for example_task_group_decorator to 2026-04-30 00:00:00+00:00, run_after=2026-05-01 00:00:00+00:00
[2026-05-01T13:32:34.817+0000] {processor.py:183} INFO - Processing /home/airflow/.local/lib/python3.12/site-packages/airflow/example_dags/example_task_group_decorator.py took 0.181 seconds
[2026-05-01T13:33:05.822+0000] {processor.py:161} INFO - Started process (PID=1000) to work on /home/airflow/.local/lib/python3.12/site-packages/airflow/example_dags/example_task_group_decorator.py
[2026-05-01T13:33:05.825+0000] {processor.py:830} INFO - Processing file /home/airflow/.local/lib/python3.12/site-packages/airflow/example_dags/example_task_group_decorator.py for tasks to queue
[2026-05-01T13:33:05.830+0000] {logging_mixin.py:188} INFO - [2026-05-01T13:33:05.829+0000] {dagbag.py:545} INFO - Filling up the DagBag from /home/airflow/.local/lib/python3.12/site-packages/airflow/example_dags/example_task_group_decorator.py
[2026-05-01T13:33:05.859+0000] {processor.py:840} INFO - DAG(s) 'example_task_group_decorator' retrieved from /home/airflow/.local/lib/python3.12/site-packages/airflow/example_dags/example_task_group_decorator.py
[2026-05-01T13:33:05.936+0000] {logging_mixin.py:188} INFO - [2026-05-01T13:33:05.936+0000] {dag.py:3089} INFO - Sync 1 DAGs
[2026-05-01T13:33:06.009+0000] {logging_mixin.py:188} INFO - [2026-05-01T13:33:06.009+0000] {dag.py:3947} INFO - Setting next_dagrun for example_task_group_decorator to 2026-04-30 00:00:00+00:00, run_after=2026-05-01 00:00:00+00:00
[2026-05-01T13:33:06.043+0000] {processor.py:183} INFO - Processing /home/airflow/.local/lib/python3.12/site-packages/airflow/example_dags/example_task_group_decorator.py took 0.239 seconds
[2026-05-01T13:33:36.153+0000] {processor.py:161} INFO - Started process (PID=1058) to work on /home/airflow/.local/lib/python3.12/site-packages/airflow/example_dags/example_task_group_decorator.py
[2026-05-01T13:33:36.157+0000] {processor.py:830} INFO - Processing file /home/airflow/.local/lib/python3.12/site-packages/airflow/example_dags/example_task_group_decorator.py for tasks to queue
[2026-05-01T13:33:36.161+0000] {logging_mixin.py:188} INFO - [2026-05-01T13:33:36.160+0000] {dagbag.py:545} INFO - Filling up the DagBag from /home/airflow/.local/lib/python3.12/site-packages/airflow/example_dags/example_task_group_decorator.py
[2026-05-01T13:33:36.186+0000] {processor.py:840} INFO - DAG(s) 'example_task_group_decorator' retrieved from /home/airflow/.local/lib/python3.12/site-packages/airflow/example_dags/example_task_group_decorator.py
[2026-05-01T13:33:36.222+0000] {logging_mixin.py:188} INFO - [2026-05-01T13:33:36.222+0000] {dag.py:3089} INFO - Sync 1 DAGs
[2026-05-01T13:33:36.256+0000] {logging_mixin.py:188} INFO - [2026-05-01T13:33:36.256+0000] {dag.py:3947} INFO - Setting next_dagrun for example_task_group_decorator to 2026-04-30 00:00:00+00:00, run_after=2026-05-01 00:00:00+00:00
[2026-05-01T13:33:36.284+0000] {processor.py:183} INFO - Processing /home/airflow/.local/lib/python3.12/site-packages/airflow/example_dags/example_task_group_decorator.py took 0.140 seconds
[2026-05-01T13:34:06.533+0000] {processor.py:161} INFO - Started process (PID=1116) to work on /home/airflow/.local/lib/python3.12/site-packages/airflow/example_dags/example_task_group_decorator.py
[2026-05-01T13:34:06.537+0000] {processor.py:830} INFO - Processing file /home/airflow/.local/lib/python3.12/site-packages/airflow/example_dags/example_task_group_decorator.py for tasks to queue
[2026-05-01T13:34:06.541+0000] {logging_mixin.py:188} INFO - [2026-05-01T13:34:06.541+0000] {dagbag.py:545} INFO - Filling up the DagBag from /home/airflow/.local/lib/python3.12/site-packages/airflow/example_dags/example_task_group_decorator.py
[2026-05-01T13:34:06.561+0000] {processor.py:840} INFO - DAG(s) 'example_task_group_decorator' retrieved from /home/airflow/.local/lib/python3.12/site-packages/airflow/example_dags/example_task_group_decorator.py
[2026-05-01T13:34:06.601+0000] {logging_mixin.py:188} INFO - [2026-05-01T13:34:06.601+0000] {dag.py:3089} INFO - Sync 1 DAGs
[2026-05-01T13:34:06.632+0000] {logging_mixin.py:188} INFO - [2026-05-01T13:34:06.632+0000] {dag.py:3947} INFO - Setting next_dagrun for example_task_group_decorator to 2026-04-30 00:00:00+00:00, run_after=2026-05-01 00:00:00+00:00
[2026-05-01T13:34:06.659+0000] {processor.py:183} INFO - Processing /home/airflow/.local/lib/python3.12/site-packages/airflow/example_dags/example_task_group_decorator.py took 0.137 seconds
[2026-05-01T13:34:36.917+0000] {processor.py:161} INFO - Started process (PID=1174) to work on /home/airflow/.local/lib/python3.12/site-packages/airflow/example_dags/example_task_group_decorator.py
[2026-05-01T13:34:36.920+0000] {processor.py:830} INFO - Processing file /home/airflow/.local/lib/python3.12/site-packages/airflow/example_dags/example_task_group_decorator.py for tasks to queue
[2026-05-01T13:34:36.923+0000] {logging_mixin.py:188} INFO - [2026-05-01T13:34:36.923+0000] {dagbag.py:545} INFO - Filling up the DagBag from /home/airflow/.local/lib/python3.12/site-packages/airflow/example_dags/example_task_group_decorator.py
[2026-05-01T13:34:36.947+0000] {processor.py:840} INFO - DAG(s) 'example_task_group_decorator' retrieved from /home/airflow/.local/lib/python3.12/site-packages/airflow/example_dags/example_task_group_decorator.py
[2026-05-01T13:34:36.983+0000] {logging_mixin.py:188} INFO - [2026-05-01T13:34:36.982+0000] {dag.py:3089} INFO - Sync 1 DAGs
[2026-05-01T13:34:37.012+0000] {logging_mixin.py:188} INFO - [2026-05-01T13:34:37.012+0000] {dag.py:3947} INFO - Setting next_dagrun for example_task_group_decorator to 2026-04-30 00:00:00+00:00, run_after=2026-05-01 00:00:00+00:00
[2026-05-01T13:34:37.039+0000] {processor.py:183} INFO - Processing /home/airflow/.local/lib/python3.12/site-packages/airflow/example_dags/example_task_group_decorator.py took 0.135 seconds
[2026-05-01T13:35:07.270+0000] {processor.py:161} INFO - Started process (PID=1231) to work on /home/airflow/.local/lib/python3.12/site-packages/airflow/example_dags/example_task_group_decorator.py
[2026-05-01T13:35:07.272+0000] {processor.py:830} INFO - Processing file /home/airflow/.local/lib/python3.12/site-packages/airflow/example_dags/example_task_group_decorator.py for tasks to queue
[2026-05-01T13:35:07.276+0000] {logging_mixin.py:188} INFO - [2026-05-01T13:35:07.276+0000] {dagbag.py:545} INFO - Filling up the DagBag from /home/airflow/.local/lib/python3.12/site-packages/airflow/example_dags/example_task_group_decorator.py
[2026-05-01T13:35:07.299+0000] {processor.py:840} INFO - DAG(s) 'example_task_group_decorator' retrieved from /home/airflow/.local/lib/python3.12/site-packages/airflow/example_dags/example_task_group_decorator.py
[2026-05-01T13:35:07.340+0000] {logging_mixin.py:188} INFO - [2026-05-01T13:35:07.340+0000] {dag.py:3089} INFO - Sync 1 DAGs
[2026-05-01T13:35:07.371+0000] {logging_mixin.py:188} INFO - [2026-05-01T13:35:07.370+0000] {dag.py:3947} INFO - Setting next_dagrun for example_task_group_decorator to 2026-04-30 00:00:00+00:00, run_after=2026-05-01 00:00:00+00:00
[2026-05-01T13:35:07.403+0000] {processor.py:183} INFO - Processing /home/airflow/.local/lib/python3.12/site-packages/airflow/example_dags/example_task_group_decorator.py took 0.141 seconds
[2026-05-01T13:35:37.676+0000] {processor.py:161} INFO - Started process (PID=1289) to work on /home/airflow/.local/lib/python3.12/site-packages/airflow/example_dags/example_task_group_decorator.py
[2026-05-01T13:35:37.679+0000] {processor.py:830} INFO - Processing file /home/airflow/.local/lib/python3.12/site-packages/airflow/example_dags/example_task_group_decorator.py for tasks to queue
[2026-05-01T13:35:37.683+0000] {logging_mixin.py:188} INFO - [2026-05-01T13:35:37.683+0000] {dagbag.py:545} INFO - Filling up the DagBag from /home/airflow/.local/lib/python3.12/site-packages/airflow/example_dags/example_task_group_decorator.py
[2026-05-01T13:35:37.703+0000] {processor.py:840} INFO - DAG(s) 'example_task_group_decorator' retrieved from /home/airflow/.local/lib/python3.12/site-packages/airflow/example_dags/example_task_group_decorator.py
[2026-05-01T13:35:37.737+0000] {logging_mixin.py:188} INFO - [2026-05-01T13:35:37.737+0000] {dag.py:3089} INFO - Sync 1 DAGs
[2026-05-01T13:35:37.766+0000] {logging_mixin.py:188} INFO - [2026-05-01T13:35:37.766+0000] {dag.py:3947} INFO - Setting next_dagrun for example_task_group_decorator to 2026-04-30 00:00:00+00:00, run_after=2026-05-01 00:00:00+00:00
[2026-05-01T13:35:37.795+0000] {processor.py:183} INFO - Processing /home/airflow/.local/lib/python3.12/site-packages/airflow/example_dags/example_task_group_decorator.py took 0.127 seconds
[2026-05-01T13:36:08.502+0000] {processor.py:161} INFO - Started process (PID=1347) to work on /home/airflow/.local/lib/python3.12/site-packages/airflow/example_dags/example_task_group_decorator.py
[2026-05-01T13:36:08.510+0000] {processor.py:830} INFO - Processing file /home/airflow/.local/lib/python3.12/site-packages/airflow/example_dags/example_task_group_decorator.py for tasks to queue
[2026-05-01T13:36:08.529+0000] {logging_mixin.py:188} INFO - [2026-05-01T13:36:08.525+0000] {dagbag.py:545} INFO - Filling up the DagBag from /home/airflow/.local/lib/python3.12/site-packages/airflow/example_dags/example_task_group_decorator.py
[2026-05-01T13:36:08.585+0000] {processor.py:840} INFO - DAG(s) 'example_task_group_decorator' retrieved from /home/airflow/.local/lib/python3.12/site-packages/airflow/example_dags/example_task_group_decorator.py
[2026-05-01T13:36:08.669+0000] {logging_mixin.py:188} INFO - [2026-05-01T13:36:08.669+0000] {dag.py:3089} INFO - Sync 1 DAGs
[2026-05-01T13:36:08.707+0000] {logging_mixin.py:188} INFO - [2026-05-01T13:36:08.707+0000] {dag.py:3947} INFO - Setting next_dagrun for example_task_group_decorator to 2026-04-30 00:00:00+00:00, run_after=2026-05-01 00:00:00+00:00
[2026-05-01T13:36:08.736+0000] {processor.py:183} INFO - Processing /home/airflow/.local/lib/python3.12/site-packages/airflow/example_dags/example_task_group_decorator.py took 0.257 seconds
[2026-05-01T13:36:39.491+0000] {processor.py:161} INFO - Started process (PID=1405) to work on /home/airflow/.local/lib/python3.12/site-packages/airflow/example_dags/example_task_group_decorator.py
[2026-05-01T13:36:39.496+0000] {processor.py:830} INFO - Processing file /home/airflow/.local/lib/python3.12/site-packages/airflow/example_dags/example_task_group_decorator.py for tasks to queue
[2026-05-01T13:36:39.505+0000] {logging_mixin.py:188} INFO - [2026-05-01T13:36:39.503+0000] {dagbag.py:545} INFO - Filling up the DagBag from /home/airflow/.local/lib/python3.12/site-packages/airflow/example_dags/example_task_group_decorator.py
[2026-05-01T13:36:39.542+0000] {processor.py:840} INFO - DAG(s) 'example_task_group_decorator' retrieved from /home/airflow/.local/lib/python3.12/site-packages/airflow/example_dags/example_task_group_decorator.py
[2026-05-01T13:36:39.602+0000] {logging_mixin.py:188} INFO - [2026-05-01T13:36:39.602+0000] {dag.py:3089} INFO - Sync 1 DAGs
[2026-05-01T13:36:39.654+0000] {logging_mixin.py:188} INFO - [2026-05-01T13:36:39.653+0000] {dag.py:3947} INFO - Setting next_dagrun for example_task_group_decorator to 2026-04-30 00:00:00+00:00, run_after=2026-05-01 00:00:00+00:00
[2026-05-01T13:36:39.693+0000] {processor.py:183} INFO - Processing /home/airflow/.local/lib/python3.12/site-packages/airflow/example_dags/example_task_group_decorator.py took 0.214 seconds
[2026-05-01T13:37:10.212+0000] {processor.py:161} INFO - Started process (PID=1463) to work on /home/airflow/.local/lib/python3.12/site-packages/airflow/example_dags/example_task_group_decorator.py
[2026-05-01T13:37:10.222+0000] {processor.py:830} INFO - Processing file /home/airflow/.local/lib/python3.12/site-packages/airflow/example_dags/example_task_group_decorator.py for tasks to queue
[2026-05-01T13:37:10.231+0000] {logging_mixin.py:188} INFO - [2026-05-01T13:37:10.230+0000] {dagbag.py:545} INFO - Filling up the DagBag from /home/airflow/.local/lib/python3.12/site-packages/airflow/example_dags/example_task_group_decorator.py
[2026-05-01T13:37:10.261+0000] {processor.py:840} INFO - DAG(s) 'example_task_group_decorator' retrieved from /home/airflow/.local/lib/python3.12/site-packages/airflow/example_dags/example_task_group_decorator.py
[2026-05-01T13:37:10.309+0000] {logging_mixin.py:188} INFO - [2026-05-01T13:37:10.308+0000] {dag.py:3089} INFO - Sync 1 DAGs
[2026-05-01T13:37:10.347+0000] {logging_mixin.py:188} INFO - [2026-05-01T13:37:10.347+0000] {dag.py:3947} INFO - Setting next_dagrun for example_task_group_decorator to 2026-04-30 00:00:00+00:00, run_after=2026-05-01 00:00:00+00:00
[2026-05-01T13:37:10.376+0000] {processor.py:183} INFO - Processing /home/airflow/.local/lib/python3.12/site-packages/airflow/example_dags/example_task_group_decorator.py took 0.175 seconds
[2026-05-01T13:37:41.264+0000] {processor.py:161} INFO - Started process (PID=1520) to work on /home/airflow/.local/lib/python3.12/site-packages/airflow/example_dags/example_task_group_decorator.py
[2026-05-01T13:37:41.266+0000] {processor.py:830} INFO - Processing file /home/airflow/.local/lib/python3.12/site-packages/airflow/example_dags/example_task_group_decorator.py for tasks to queue
[2026-05-01T13:37:41.270+0000] {logging_mixin.py:188} INFO - [2026-05-01T13:37:41.270+0000] {dagbag.py:545} INFO - Filling up the DagBag from /home/airflow/.local/lib/python3.12/site-packages/airflow/example_dags/example_task_group_decorator.py
[2026-05-01T13:37:41.288+0000] {processor.py:840} INFO - DAG(s) 'example_task_group_decorator' retrieved from /home/airflow/.local/lib/python3.12/site-packages/airflow/example_dags/example_task_group_decorator.py
[2026-05-01T13:37:41.322+0000] {logging_mixin.py:188} INFO - [2026-05-01T13:37:41.322+0000] {dag.py:3089} INFO - Sync 1 DAGs
[2026-05-01T13:37:41.349+0000] {logging_mixin.py:188} INFO - [2026-05-01T13:37:41.349+0000] {dag.py:3947} INFO - Setting next_dagrun for example_task_group_decorator to 2026-04-30 00:00:00+00:00, run_after=2026-05-01 00:00:00+00:00
[2026-05-01T13:37:41.378+0000] {processor.py:183} INFO - Processing /home/airflow/.local/lib/python3.12/site-packages/airflow/example_dags/example_task_group_decorator.py took 0.125 seconds
[2026-05-01T13:38:13.381+0000] {processor.py:161} INFO - Started process (PID=1577) to work on /home/airflow/.local/lib/python3.12/site-packages/airflow/example_dags/example_task_group_decorator.py
[2026-05-01T13:38:13.386+0000] {processor.py:830} INFO - Processing file /home/airflow/.local/lib/python3.12/site-packages/airflow/example_dags/example_task_group_decorator.py for tasks to queue
[2026-05-01T13:38:13.395+0000] {logging_mixin.py:188} INFO - [2026-05-01T13:38:13.394+0000] {dagbag.py:545} INFO - Filling up the DagBag from /home/airflow/.local/lib/python3.12/site-packages/airflow/example_dags/example_task_group_decorator.py
[2026-05-01T13:38:13.435+0000] {processor.py:840} INFO - DAG(s) 'example_task_group_decorator' retrieved from /home/airflow/.local/lib/python3.12/site-packages/airflow/example_dags/example_task_group_decorator.py
[2026-05-01T13:38:13.632+0000] {logging_mixin.py:188} INFO - [2026-05-01T13:38:13.631+0000] {dag.py:3089} INFO - Sync 1 DAGs
[2026-05-01T13:38:13.686+0000] {logging_mixin.py:188} INFO - [2026-05-01T13:38:13.686+0000] {dag.py:3947} INFO - Setting next_dagrun for example_task_group_decorator to 2026-04-30 00:00:00+00:00, run_after=2026-05-01 00:00:00+00:00
[2026-05-01T13:38:13.795+0000] {processor.py:183} INFO - Processing /home/airflow/.local/lib/python3.12/site-packages/airflow/example_dags/example_task_group_decorator.py took 0.433 seconds
[2026-05-01T13:38:44.466+0000] {processor.py:161} INFO - Started process (PID=1635) to work on /home/airflow/.local/lib/python3.12/site-packages/airflow/example_dags/example_task_group_decorator.py
[2026-05-01T13:38:44.468+0000] {processor.py:830} INFO - Processing file /home/airflow/.local/lib/python3.12/site-packages/airflow/example_dags/example_task_group_decorator.py for tasks to queue
[2026-05-01T13:38:44.472+0000] {logging_mixin.py:188} INFO - [2026-05-01T13:38:44.472+0000] {dagbag.py:545} INFO - Filling up the DagBag from /home/airflow/.local/lib/python3.12/site-packages/airflow/example_dags/example_task_group_decorator.py
[2026-05-01T13:38:44.500+0000] {processor.py:840} INFO - DAG(s) 'example_task_group_decorator' retrieved from /home/airflow/.local/lib/python3.12/site-packages/airflow/example_dags/example_task_group_decorator.py
[2026-05-01T13:38:44.537+0000] {logging_mixin.py:188} INFO - [2026-05-01T13:38:44.537+0000] {dag.py:3089} INFO - Sync 1 DAGs
[2026-05-01T13:38:44.733+0000] {logging_mixin.py:188} INFO - [2026-05-01T13:38:44.733+0000] {dag.py:3947} INFO - Setting next_dagrun for example_task_group_decorator to 2026-04-30 00:00:00+00:00, run_after=2026-05-01 00:00:00+00:00
[2026-05-01T13:38:44.762+0000] {processor.py:183} INFO - Processing /home/airflow/.local/lib/python3.12/site-packages/airflow/example_dags/example_task_group_decorator.py took 0.311 seconds
[2026-05-01T13:39:15.039+0000] {processor.py:161} INFO - Started process (PID=1693) to work on /home/airflow/.local/lib/python3.12/site-packages/airflow/example_dags/example_task_group_decorator.py
[2026-05-01T13:39:15.042+0000] {processor.py:830} INFO - Processing file /home/airflow/.local/lib/python3.12/site-packages/airflow/example_dags/example_task_group_decorator.py for tasks to queue
[2026-05-01T13:39:15.047+0000] {logging_mixin.py:188} INFO - [2026-05-01T13:39:15.046+0000] {dagbag.py:545} INFO - Filling up the DagBag from /home/airflow/.local/lib/python3.12/site-packages/airflow/example_dags/example_task_group_decorator.py
[2026-05-01T13:39:15.073+0000] {processor.py:840} INFO - DAG(s) 'example_task_group_decorator' retrieved from /home/airflow/.local/lib/python3.12/site-packages/airflow/example_dags/example_task_group_decorator.py
[2026-05-01T13:39:15.123+0000] {logging_mixin.py:188} INFO - [2026-05-01T13:39:15.122+0000] {dag.py:3089} INFO - Sync 1 DAGs
[2026-05-01T13:39:15.346+0000] {logging_mixin.py:188} INFO - [2026-05-01T13:39:15.346+0000] {dag.py:3947} INFO - Setting next_dagrun for example_task_group_decorator to 2026-04-30 00:00:00+00:00, run_after=2026-05-01 00:00:00+00:00
[2026-05-01T13:39:15.372+0000] {processor.py:183} INFO - Processing /home/airflow/.local/lib/python3.12/site-packages/airflow/example_dags/example_task_group_decorator.py took 0.344 seconds
[2026-05-01T13:39:46.285+0000] {processor.py:161} INFO - Started process (PID=1751) to work on /home/airflow/.local/lib/python3.12/site-packages/airflow/example_dags/example_task_group_decorator.py
[2026-05-01T13:39:46.290+0000] {processor.py:830} INFO - Processing file /home/airflow/.local/lib/python3.12/site-packages/airflow/example_dags/example_task_group_decorator.py for tasks to queue
[2026-05-01T13:39:46.306+0000] {logging_mixin.py:188} INFO - [2026-05-01T13:39:46.304+0000] {dagbag.py:545} INFO - Filling up the DagBag from /home/airflow/.local/lib/python3.12/site-packages/airflow/example_dags/example_task_group_decorator.py
[2026-05-01T13:39:46.362+0000] {processor.py:840} INFO - DAG(s) 'example_task_group_decorator' retrieved from /home/airflow/.local/lib/python3.12/site-packages/airflow/example_dags/example_task_group_decorator.py
[2026-05-01T13:39:46.432+0000] {logging_mixin.py:188} INFO - [2026-05-01T13:39:46.432+0000] {dag.py:3089} INFO - Sync 1 DAGs
[2026-05-01T13:39:46.471+0000] {logging_mixin.py:188} INFO - [2026-05-01T13:39:46.471+0000] {dag.py:3947} INFO - Setting next_dagrun for example_task_group_decorator to 2026-04-30 00:00:00+00:00, run_after=2026-05-01 00:00:00+00:00
[2026-05-01T13:39:46.510+0000] {processor.py:183} INFO - Processing /home/airflow/.local/lib/python3.12/site-packages/airflow/example_dags/example_task_group_decorator.py took 0.239 seconds
[2026-05-01T13:40:16.625+0000] {processor.py:161} INFO - Started process (PID=1809) to work on /home/airflow/.local/lib/python3.12/site-packages/airflow/example_dags/example_task_group_decorator.py
[2026-05-01T13:40:16.628+0000] {processor.py:830} INFO - Processing file /home/airflow/.local/lib/python3.12/site-packages/airflow/example_dags/example_task_group_decorator.py for tasks to queue
[2026-05-01T13:40:16.632+0000] {logging_mixin.py:188} INFO - [2026-05-01T13:40:16.632+0000] {dagbag.py:545} INFO - Filling up the DagBag from /home/airflow/.local/lib/python3.12/site-packages/airflow/example_dags/example_task_group_decorator.py
[2026-05-01T13:40:16.652+0000] {processor.py:840} INFO - DAG(s) 'example_task_group_decorator' retrieved from /home/airflow/.local/lib/python3.12/site-packages/airflow/example_dags/example_task_group_decorator.py
[2026-05-01T13:40:16.745+0000] {logging_mixin.py:188} INFO - [2026-05-01T13:40:16.744+0000] {dag.py:3089} INFO - Sync 1 DAGs
[2026-05-01T13:40:16.804+0000] {logging_mixin.py:188} INFO - [2026-05-01T13:40:16.803+0000] {dag.py:3947} INFO - Setting next_dagrun for example_task_group_decorator to 2026-04-30 00:00:00+00:00, run_after=2026-05-01 00:00:00+00:00
[2026-05-01T13:40:16.834+0000] {processor.py:183} INFO - Processing /home/airflow/.local/lib/python3.12/site-packages/airflow/example_dags/example_task_group_decorator.py took 0.220 seconds
[2026-05-01T13:42:37.036+0000] {processor.py:161} INFO - Started process (PID=57) to work on /home/airflow/.local/lib/python3.12/site-packages/airflow/example_dags/example_task_group_decorator.py
[2026-05-01T13:42:37.048+0000] {processor.py:830} INFO - Processing file /home/airflow/.local/lib/python3.12/site-packages/airflow/example_dags/example_task_group_decorator.py for tasks to queue
[2026-05-01T13:42:37.061+0000] {logging_mixin.py:188} INFO - [2026-05-01T13:42:37.060+0000] {dagbag.py:545} INFO - Filling up the DagBag from /home/airflow/.local/lib/python3.12/site-packages/airflow/example_dags/example_task_group_decorator.py
[2026-05-01T13:42:37.212+0000] {processor.py:840} INFO - DAG(s) 'example_task_group_decorator' retrieved from /home/airflow/.local/lib/python3.12/site-packages/airflow/example_dags/example_task_group_decorator.py
[2026-05-01T13:42:38.479+0000] {logging_mixin.py:188} INFO - [2026-05-01T13:42:38.478+0000] {dag.py:3089} INFO - Sync 1 DAGs
[2026-05-01T13:42:38.711+0000] {logging_mixin.py:188} INFO - [2026-05-01T13:42:38.704+0000] {dag.py:3947} INFO - Setting next_dagrun for example_task_group_decorator to 2026-04-30 00:00:00+00:00, run_after=2026-05-01 00:00:00+00:00
[2026-05-01T13:42:38.858+0000] {processor.py:183} INFO - Processing /home/airflow/.local/lib/python3.12/site-packages/airflow/example_dags/example_task_group_decorator.py took 1.861 seconds
[2026-05-01T13:43:09.147+0000] {processor.py:161} INFO - Started process (PID=115) to work on /home/airflow/.local/lib/python3.12/site-packages/airflow/example_dags/example_task_group_decorator.py
[2026-05-01T13:43:09.155+0000] {processor.py:830} INFO - Processing file /home/airflow/.local/lib/python3.12/site-packages/airflow/example_dags/example_task_group_decorator.py for tasks to queue
[2026-05-01T13:43:09.160+0000] {logging_mixin.py:188} INFO - [2026-05-01T13:43:09.159+0000] {dagbag.py:545} INFO - Filling up the DagBag from /home/airflow/.local/lib/python3.12/site-packages/airflow/example_dags/example_task_group_decorator.py
[2026-05-01T13:43:09.232+0000] {processor.py:840} INFO - DAG(s) 'example_task_group_decorator' retrieved from /home/airflow/.local/lib/python3.12/site-packages/airflow/example_dags/example_task_group_decorator.py
[2026-05-01T13:43:09.336+0000] {logging_mixin.py:188} INFO - [2026-05-01T13:43:09.335+0000] {dag.py:3089} INFO - Sync 1 DAGs
[2026-05-01T13:43:09.445+0000] {logging_mixin.py:188} INFO - [2026-05-01T13:43:09.445+0000] {dag.py:3947} INFO - Setting next_dagrun for example_task_group_decorator to 2026-04-30 00:00:00+00:00, run_after=2026-05-01 00:00:00+00:00
[2026-05-01T13:43:09.536+0000] {processor.py:183} INFO - Processing /home/airflow/.local/lib/python3.12/site-packages/airflow/example_dags/example_task_group_decorator.py took 0.411 seconds
[2026-05-01T13:43:39.678+0000] {processor.py:161} INFO - Started process (PID=173) to work on /home/airflow/.local/lib/python3.12/site-packages/airflow/example_dags/example_task_group_decorator.py
[2026-05-01T13:43:39.683+0000] {processor.py:830} INFO - Processing file /home/airflow/.local/lib/python3.12/site-packages/airflow/example_dags/example_task_group_decorator.py for tasks to queue
[2026-05-01T13:43:39.687+0000] {logging_mixin.py:188} INFO - [2026-05-01T13:43:39.687+0000] {dagbag.py:545} INFO - Filling up the DagBag from /home/airflow/.local/lib/python3.12/site-packages/airflow/example_dags/example_task_group_decorator.py
[2026-05-01T13:43:39.708+0000] {processor.py:840} INFO - DAG(s) 'example_task_group_decorator' retrieved from /home/airflow/.local/lib/python3.12/site-packages/airflow/example_dags/example_task_group_decorator.py
[2026-05-01T13:43:39.745+0000] {logging_mixin.py:188} INFO - [2026-05-01T13:43:39.745+0000] {dag.py:3089} INFO - Sync 1 DAGs
[2026-05-01T13:43:39.781+0000] {logging_mixin.py:188} INFO - [2026-05-01T13:43:39.781+0000] {dag.py:3947} INFO - Setting next_dagrun for example_task_group_decorator to 2026-04-30 00:00:00+00:00, run_after=2026-05-01 00:00:00+00:00
[2026-05-01T13:43:39.812+0000] {processor.py:183} INFO - Processing /home/airflow/.local/lib/python3.12/site-packages/airflow/example_dags/example_task_group_decorator.py took 0.144 seconds
[2026-05-01T13:44:10.293+0000] {processor.py:161} INFO - Started process (PID=231) to work on /home/airflow/.local/lib/python3.12/site-packages/airflow/example_dags/example_task_group_decorator.py
[2026-05-01T13:44:10.296+0000] {processor.py:830} INFO - Processing file /home/airflow/.local/lib/python3.12/site-packages/airflow/example_dags/example_task_group_decorator.py for tasks to queue
[2026-05-01T13:44:10.301+0000] {logging_mixin.py:188} INFO - [2026-05-01T13:44:10.300+0000] {dagbag.py:545} INFO - Filling up the DagBag from /home/airflow/.local/lib/python3.12/site-packages/airflow/example_dags/example_task_group_decorator.py
[2026-05-01T13:44:10.324+0000] {processor.py:840} INFO - DAG(s) 'example_task_group_decorator' retrieved from /home/airflow/.local/lib/python3.12/site-packages/airflow/example_dags/example_task_group_decorator.py
[2026-05-01T13:44:10.366+0000] {logging_mixin.py:188} INFO - [2026-05-01T13:44:10.366+0000] {dag.py:3089} INFO - Sync 1 DAGs
[2026-05-01T13:44:10.430+0000] {logging_mixin.py:188} INFO - [2026-05-01T13:44:10.429+0000] {dag.py:3947} INFO - Setting next_dagrun for example_task_group_decorator to 2026-04-30 00:00:00+00:00, run_after=2026-05-01 00:00:00+00:00
[2026-05-01T13:44:10.512+0000] {processor.py:183} INFO - Processing /home/airflow/.local/lib/python3.12/site-packages/airflow/example_dags/example_task_group_decorator.py took 0.230 seconds
[2026-05-01T13:44:40.629+0000] {processor.py:161} INFO - Started process (PID=288) to work on /home/airflow/.local/lib/python3.12/site-packages/airflow/example_dags/example_task_group_decorator.py
[2026-05-01T13:44:40.632+0000] {processor.py:830} INFO - Processing file /home/airflow/.local/lib/python3.12/site-packages/airflow/example_dags/example_task_group_decorator.py for tasks to queue
[2026-05-01T13:44:40.636+0000] {logging_mixin.py:188} INFO - [2026-05-01T13:44:40.635+0000] {dagbag.py:545} INFO - Filling up the DagBag from /home/airflow/.local/lib/python3.12/site-packages/airflow/example_dags/example_task_group_decorator.py
[2026-05-01T13:44:40.657+0000] {processor.py:840} INFO - DAG(s) 'example_task_group_decorator' retrieved from /home/airflow/.local/lib/python3.12/site-packages/airflow/example_dags/example_task_group_decorator.py
[2026-05-01T13:44:40.692+0000] {logging_mixin.py:188} INFO - [2026-05-01T13:44:40.692+0000] {dag.py:3089} INFO - Sync 1 DAGs
[2026-05-01T13:44:40.723+0000] {logging_mixin.py:188} INFO - [2026-05-01T13:44:40.723+0000] {dag.py:3947} INFO - Setting next_dagrun for example_task_group_decorator to 2026-04-30 00:00:00+00:00, run_after=2026-05-01 00:00:00+00:00
[2026-05-01T13:44:40.752+0000] {processor.py:183} INFO - Processing /home/airflow/.local/lib/python3.12/site-packages/airflow/example_dags/example_task_group_decorator.py took 0.131 seconds
[2026-05-01T13:45:13.056+0000] {processor.py:161} INFO - Started process (PID=346) to work on /home/airflow/.local/lib/python3.12/site-packages/airflow/example_dags/example_task_group_decorator.py
[2026-05-01T13:45:13.071+0000] {processor.py:830} INFO - Processing file /home/airflow/.local/lib/python3.12/site-packages/airflow/example_dags/example_task_group_decorator.py for tasks to queue
[2026-05-01T13:45:13.103+0000] {logging_mixin.py:188} INFO - [2026-05-01T13:45:13.103+0000] {dagbag.py:545} INFO - Filling up the DagBag from /home/airflow/.local/lib/python3.12/site-packages/airflow/example_dags/example_task_group_decorator.py
[2026-05-01T13:45:13.242+0000] {processor.py:840} INFO - DAG(s) 'example_task_group_decorator' retrieved from /home/airflow/.local/lib/python3.12/site-packages/airflow/example_dags/example_task_group_decorator.py
[2026-05-01T13:45:13.345+0000] {logging_mixin.py:188} INFO - [2026-05-01T13:45:13.344+0000] {dag.py:3089} INFO - Sync 1 DAGs
[2026-05-01T13:45:13.497+0000] {logging_mixin.py:188} INFO - [2026-05-01T13:45:13.496+0000] {dag.py:3947} INFO - Setting next_dagrun for example_task_group_decorator to 2026-04-30 00:00:00+00:00, run_after=2026-05-01 00:00:00+00:00
[2026-05-01T13:45:13.560+0000] {processor.py:183} INFO - Processing /home/airflow/.local/lib/python3.12/site-packages/airflow/example_dags/example_task_group_decorator.py took 0.553 seconds
[2026-05-01T13:45:46.203+0000] {processor.py:161} INFO - Started process (PID=404) to work on /home/airflow/.local/lib/python3.12/site-packages/airflow/example_dags/example_task_group_decorator.py
[2026-05-01T13:45:46.213+0000] {processor.py:830} INFO - Processing file /home/airflow/.local/lib/python3.12/site-packages/airflow/example_dags/example_task_group_decorator.py for tasks to queue
[2026-05-01T13:45:46.226+0000] {logging_mixin.py:188} INFO - [2026-05-01T13:45:46.226+0000] {dagbag.py:545} INFO - Filling up the DagBag from /home/airflow/.local/lib/python3.12/site-packages/airflow/example_dags/example_task_group_decorator.py
[2026-05-01T13:45:46.307+0000] {processor.py:840} INFO - DAG(s) 'example_task_group_decorator' retrieved from /home/airflow/.local/lib/python3.12/site-packages/airflow/example_dags/example_task_group_decorator.py
[2026-05-01T13:45:46.473+0000] {logging_mixin.py:188} INFO - [2026-05-01T13:45:46.473+0000] {dag.py:3089} INFO - Sync 1 DAGs
[2026-05-01T13:45:46.673+0000] {logging_mixin.py:188} INFO - [2026-05-01T13:45:46.673+0000] {dag.py:3947} INFO - Setting next_dagrun for example_task_group_decorator to 2026-04-30 00:00:00+00:00, run_after=2026-05-01 00:00:00+00:00
[2026-05-01T13:45:46.842+0000] {processor.py:183} INFO - Processing /home/airflow/.local/lib/python3.12/site-packages/airflow/example_dags/example_task_group_decorator.py took 0.672 seconds
[2026-05-01T13:46:17.668+0000] {processor.py:161} INFO - Started process (PID=460) to work on /home/airflow/.local/lib/python3.12/site-packages/airflow/example_dags/example_task_group_decorator.py
[2026-05-01T13:46:17.672+0000] {processor.py:830} INFO - Processing file /home/airflow/.local/lib/python3.12/site-packages/airflow/example_dags/example_task_group_decorator.py for tasks to queue
[2026-05-01T13:46:17.678+0000] {logging_mixin.py:188} INFO - [2026-05-01T13:46:17.677+0000] {dagbag.py:545} INFO - Filling up the DagBag from /home/airflow/.local/lib/python3.12/site-packages/airflow/example_dags/example_task_group_decorator.py
[2026-05-01T13:46:17.703+0000] {processor.py:840} INFO - DAG(s) 'example_task_group_decorator' retrieved from /home/airflow/.local/lib/python3.12/site-packages/airflow/example_dags/example_task_group_decorator.py
[2026-05-01T13:46:17.747+0000] {logging_mixin.py:188} INFO - [2026-05-01T13:46:17.746+0000] {dag.py:3089} INFO - Sync 1 DAGs
[2026-05-01T13:46:17.787+0000] {logging_mixin.py:188} INFO - [2026-05-01T13:46:17.786+0000] {dag.py:3947} INFO - Setting next_dagrun for example_task_group_decorator to 2026-04-30 00:00:00+00:00, run_after=2026-05-01 00:00:00+00:00
[2026-05-01T13:46:17.818+0000] {processor.py:183} INFO - Processing /home/airflow/.local/lib/python3.12/site-packages/airflow/example_dags/example_task_group_decorator.py took 0.168 seconds
[2026-05-01T13:46:48.052+0000] {processor.py:161} INFO - Started process (PID=518) to work on /home/airflow/.local/lib/python3.12/site-packages/airflow/example_dags/example_task_group_decorator.py
[2026-05-01T13:46:48.057+0000] {processor.py:830} INFO - Processing file /home/airflow/.local/lib/python3.12/site-packages/airflow/example_dags/example_task_group_decorator.py for tasks to queue
[2026-05-01T13:46:48.065+0000] {logging_mixin.py:188} INFO - [2026-05-01T13:46:48.063+0000] {dagbag.py:545} INFO - Filling up the DagBag from /home/airflow/.local/lib/python3.12/site-packages/airflow/example_dags/example_task_group_decorator.py
[2026-05-01T13:46:48.112+0000] {processor.py:840} INFO - DAG(s) 'example_task_group_decorator' retrieved from /home/airflow/.local/lib/python3.12/site-packages/airflow/example_dags/example_task_group_decorator.py
[2026-05-01T13:46:48.228+0000] {logging_mixin.py:188} INFO - [2026-05-01T13:46:48.227+0000] {dag.py:3089} INFO - Sync 1 DAGs
[2026-05-01T13:46:48.278+0000] {logging_mixin.py:188} INFO - [2026-05-01T13:46:48.278+0000] {dag.py:3947} INFO - Setting next_dagrun for example_task_group_decorator to 2026-04-30 00:00:00+00:00, run_after=2026-05-01 00:00:00+00:00
[2026-05-01T13:46:48.321+0000] {processor.py:183} INFO - Processing /home/airflow/.local/lib/python3.12/site-packages/airflow/example_dags/example_task_group_decorator.py took 0.292 seconds
[2026-05-01T13:47:18.507+0000] {processor.py:161} INFO - Started process (PID=576) to work on /home/airflow/.local/lib/python3.12/site-packages/airflow/example_dags/example_task_group_decorator.py
[2026-05-01T13:47:18.511+0000] {processor.py:830} INFO - Processing file /home/airflow/.local/lib/python3.12/site-packages/airflow/example_dags/example_task_group_decorator.py for tasks to queue
[2026-05-01T13:47:18.523+0000] {logging_mixin.py:188} INFO - [2026-05-01T13:47:18.522+0000] {dagbag.py:545} INFO - Filling up the DagBag from /home/airflow/.local/lib/python3.12/site-packages/airflow/example_dags/example_task_group_decorator.py
[2026-05-01T13:47:18.553+0000] {processor.py:840} INFO - DAG(s) 'example_task_group_decorator' retrieved from /home/airflow/.local/lib/python3.12/site-packages/airflow/example_dags/example_task_group_decorator.py
[2026-05-01T13:47:18.599+0000] {logging_mixin.py:188} INFO - [2026-05-01T13:47:18.598+0000] {dag.py:3089} INFO - Sync 1 DAGs
[2026-05-01T13:47:18.650+0000] {logging_mixin.py:188} INFO - [2026-05-01T13:47:18.650+0000] {dag.py:3947} INFO - Setting next_dagrun for example_task_group_decorator to 2026-04-30 00:00:00+00:00, run_after=2026-05-01 00:00:00+00:00
[2026-05-01T13:47:18.686+0000] {processor.py:183} INFO - Processing /home/airflow/.local/lib/python3.12/site-packages/airflow/example_dags/example_task_group_decorator.py took 0.193 seconds
[2026-05-01T13:47:48.917+0000] {processor.py:161} INFO - Started process (PID=634) to work on /home/airflow/.local/lib/python3.12/site-packages/airflow/example_dags/example_task_group_decorator.py
[2026-05-01T13:47:48.924+0000] {processor.py:830} INFO - Processing file /home/airflow/.local/lib/python3.12/site-packages/airflow/example_dags/example_task_group_decorator.py for tasks to queue
[2026-05-01T13:47:48.935+0000] {logging_mixin.py:188} INFO - [2026-05-01T13:47:48.934+0000] {dagbag.py:545} INFO - Filling up the DagBag from /home/airflow/.local/lib/python3.12/site-packages/airflow/example_dags/example_task_group_decorator.py
[2026-05-01T13:47:48.974+0000] {processor.py:840} INFO - DAG(s) 'example_task_group_decorator' retrieved from /home/airflow/.local/lib/python3.12/site-packages/airflow/example_dags/example_task_group_decorator.py
[2026-05-01T13:47:49.027+0000] {logging_mixin.py:188} INFO - [2026-05-01T13:47:49.026+0000] {dag.py:3089} INFO - Sync 1 DAGs
[2026-05-01T13:47:49.072+0000] {logging_mixin.py:188} INFO - [2026-05-01T13:47:49.071+0000] {dag.py:3947} INFO - Setting next_dagrun for example_task_group_decorator to 2026-04-30 00:00:00+00:00, run_after=2026-05-01 00:00:00+00:00
[2026-05-01T13:47:49.111+0000] {processor.py:183} INFO - Processing /home/airflow/.local/lib/python3.12/site-packages/airflow/example_dags/example_task_group_decorator.py took 0.215 seconds
[2026-05-01T13:48:19.912+0000] {processor.py:161} INFO - Started process (PID=691) to work on /home/airflow/.local/lib/python3.12/site-packages/airflow/example_dags/example_task_group_decorator.py
[2026-05-01T13:48:19.914+0000] {processor.py:830} INFO - Processing file /home/airflow/.local/lib/python3.12/site-packages/airflow/example_dags/example_task_group_decorator.py for tasks to queue
[2026-05-01T13:48:19.924+0000] {logging_mixin.py:188} INFO - [2026-05-01T13:48:19.923+0000] {dagbag.py:545} INFO - Filling up the DagBag from /home/airflow/.local/lib/python3.12/site-packages/airflow/example_dags/example_task_group_decorator.py
[2026-05-01T13:48:19.945+0000] {processor.py:840} INFO - DAG(s) 'example_task_group_decorator' retrieved from /home/airflow/.local/lib/python3.12/site-packages/airflow/example_dags/example_task_group_decorator.py
[2026-05-01T13:48:19.981+0000] {logging_mixin.py:188} INFO - [2026-05-01T13:48:19.981+0000] {dag.py:3089} INFO - Sync 1 DAGs
[2026-05-01T13:48:20.012+0000] {logging_mixin.py:188} INFO - [2026-05-01T13:48:20.012+0000] {dag.py:3947} INFO - Setting next_dagrun for example_task_group_decorator to 2026-04-30 00:00:00+00:00, run_after=2026-05-01 00:00:00+00:00
[2026-05-01T13:48:20.062+0000] {processor.py:183} INFO - Processing /home/airflow/.local/lib/python3.12/site-packages/airflow/example_dags/example_task_group_decorator.py took 0.170 seconds
[2026-05-01T13:48:50.537+0000] {processor.py:161} INFO - Started process (PID=748) to work on /home/airflow/.local/lib/python3.12/site-packages/airflow/example_dags/example_task_group_decorator.py
[2026-05-01T13:48:50.539+0000] {processor.py:830} INFO - Processing file /home/airflow/.local/lib/python3.12/site-packages/airflow/example_dags/example_task_group_decorator.py for tasks to queue
[2026-05-01T13:48:50.545+0000] {logging_mixin.py:188} INFO - [2026-05-01T13:48:50.544+0000] {dagbag.py:545} INFO - Filling up the DagBag from /home/airflow/.local/lib/python3.12/site-packages/airflow/example_dags/example_task_group_decorator.py
[2026-05-01T13:48:50.573+0000] {processor.py:840} INFO - DAG(s) 'example_task_group_decorator' retrieved from /home/airflow/.local/lib/python3.12/site-packages/airflow/example_dags/example_task_group_decorator.py
[2026-05-01T13:48:50.607+0000] {logging_mixin.py:188} INFO - [2026-05-01T13:48:50.606+0000] {dag.py:3089} INFO - Sync 1 DAGs
[2026-05-01T13:48:50.637+0000] {logging_mixin.py:188} INFO - [2026-05-01T13:48:50.637+0000] {dag.py:3947} INFO - Setting next_dagrun for example_task_group_decorator to 2026-04-30 00:00:00+00:00, run_after=2026-05-01 00:00:00+00:00
[2026-05-01T13:48:50.685+0000] {processor.py:183} INFO - Processing /home/airflow/.local/lib/python3.12/site-packages/airflow/example_dags/example_task_group_decorator.py took 0.174 seconds
[2026-05-01T13:49:20.914+0000] {processor.py:161} INFO - Started process (PID=806) to work on /home/airflow/.local/lib/python3.12/site-packages/airflow/example_dags/example_task_group_decorator.py
[2026-05-01T13:49:20.919+0000] {processor.py:830} INFO - Processing file /home/airflow/.local/lib/python3.12/site-packages/airflow/example_dags/example_task_group_decorator.py for tasks to queue
[2026-05-01T13:49:20.926+0000] {logging_mixin.py:188} INFO - [2026-05-01T13:49:20.925+0000] {dagbag.py:545} INFO - Filling up the DagBag from /home/airflow/.local/lib/python3.12/site-packages/airflow/example_dags/example_task_group_decorator.py
[2026-05-01T13:49:20.955+0000] {processor.py:840} INFO - DAG(s) 'example_task_group_decorator' retrieved from /home/airflow/.local/lib/python3.12/site-packages/airflow/example_dags/example_task_group_decorator.py
[2026-05-01T13:49:20.995+0000] {logging_mixin.py:188} INFO - [2026-05-01T13:49:20.995+0000] {dag.py:3089} INFO - Sync 1 DAGs
[2026-05-01T13:49:21.044+0000] {logging_mixin.py:188} INFO - [2026-05-01T13:49:21.043+0000] {dag.py:3947} INFO - Setting next_dagrun for example_task_group_decorator to 2026-04-30 00:00:00+00:00, run_after=2026-05-01 00:00:00+00:00
[2026-05-01T13:49:21.099+0000] {processor.py:183} INFO - Processing /home/airflow/.local/lib/python3.12/site-packages/airflow/example_dags/example_task_group_decorator.py took 0.200 seconds
[2026-05-01T13:49:51.543+0000] {processor.py:161} INFO - Started process (PID=864) to work on /home/airflow/.local/lib/python3.12/site-packages/airflow/example_dags/example_task_group_decorator.py
[2026-05-01T13:49:51.548+0000] {processor.py:830} INFO - Processing file /home/airflow/.local/lib/python3.12/site-packages/airflow/example_dags/example_task_group_decorator.py for tasks to queue
[2026-05-01T13:49:51.560+0000] {logging_mixin.py:188} INFO - [2026-05-01T13:49:51.558+0000] {dagbag.py:545} INFO - Filling up the DagBag from /home/airflow/.local/lib/python3.12/site-packages/airflow/example_dags/example_task_group_decorator.py
[2026-05-01T13:49:51.691+0000] {processor.py:840} INFO - DAG(s) 'example_task_group_decorator' retrieved from /home/airflow/.local/lib/python3.12/site-packages/airflow/example_dags/example_task_group_decorator.py
[2026-05-01T13:49:51.825+0000] {logging_mixin.py:188} INFO - [2026-05-01T13:49:51.825+0000] {dag.py:3089} INFO - Sync 1 DAGs
[2026-05-01T13:49:52.025+0000] {logging_mixin.py:188} INFO - [2026-05-01T13:49:52.009+0000] {dag.py:3947} INFO - Setting next_dagrun for example_task_group_decorator to 2026-04-30 00:00:00+00:00, run_after=2026-05-01 00:00:00+00:00
[2026-05-01T13:49:52.123+0000] {processor.py:183} INFO - Processing /home/airflow/.local/lib/python3.12/site-packages/airflow/example_dags/example_task_group_decorator.py took 0.602 seconds
[2026-05-01T13:50:23.046+0000] {processor.py:161} INFO - Started process (PID=921) to work on /home/airflow/.local/lib/python3.12/site-packages/airflow/example_dags/example_task_group_decorator.py
[2026-05-01T13:50:23.051+0000] {processor.py:830} INFO - Processing file /home/airflow/.local/lib/python3.12/site-packages/airflow/example_dags/example_task_group_decorator.py for tasks to queue
[2026-05-01T13:50:23.064+0000] {logging_mixin.py:188} INFO - [2026-05-01T13:50:23.061+0000] {dagbag.py:545} INFO - Filling up the DagBag from /home/airflow/.local/lib/python3.12/site-packages/airflow/example_dags/example_task_group_decorator.py
[2026-05-01T13:50:23.158+0000] {processor.py:840} INFO - DAG(s) 'example_task_group_decorator' retrieved from /home/airflow/.local/lib/python3.12/site-packages/airflow/example_dags/example_task_group_decorator.py
[2026-05-01T13:50:23.361+0000] {logging_mixin.py:188} INFO - [2026-05-01T13:50:23.361+0000] {dag.py:3089} INFO - Sync 1 DAGs
[2026-05-01T13:50:23.559+0000] {logging_mixin.py:188} INFO - [2026-05-01T13:50:23.559+0000] {dag.py:3947} INFO - Setting next_dagrun for example_task_group_decorator to 2026-04-30 00:00:00+00:00, run_after=2026-05-01 00:00:00+00:00
[2026-05-01T13:50:23.792+0000] {processor.py:183} INFO - Processing /home/airflow/.local/lib/python3.12/site-packages/airflow/example_dags/example_task_group_decorator.py took 0.779 seconds
[2026-05-01T13:50:54.446+0000] {processor.py:161} INFO - Started process (PID=981) to work on /home/airflow/.local/lib/python3.12/site-packages/airflow/example_dags/example_task_group_decorator.py
[2026-05-01T13:50:54.454+0000] {processor.py:830} INFO - Processing file /home/airflow/.local/lib/python3.12/site-packages/airflow/example_dags/example_task_group_decorator.py for tasks to queue
[2026-05-01T13:50:54.466+0000] {logging_mixin.py:188} INFO - [2026-05-01T13:50:54.465+0000] {dagbag.py:545} INFO - Filling up the DagBag from /home/airflow/.local/lib/python3.12/site-packages/airflow/example_dags/example_task_group_decorator.py
[2026-05-01T13:50:54.490+0000] {processor.py:840} INFO - DAG(s) 'example_task_group_decorator' retrieved from /home/airflow/.local/lib/python3.12/site-packages/airflow/example_dags/example_task_group_decorator.py
[2026-05-01T13:50:54.534+0000] {logging_mixin.py:188} INFO - [2026-05-01T13:50:54.534+0000] {dag.py:3089} INFO - Sync 1 DAGs
[2026-05-01T13:50:54.578+0000] {logging_mixin.py:188} INFO - [2026-05-01T13:50:54.577+0000] {dag.py:3947} INFO - Setting next_dagrun for example_task_group_decorator to 2026-04-30 00:00:00+00:00, run_after=2026-05-01 00:00:00+00:00
[2026-05-01T13:50:54.607+0000] {processor.py:183} INFO - Processing /home/airflow/.local/lib/python3.12/site-packages/airflow/example_dags/example_task_group_decorator.py took 0.199 seconds
[2026-05-01T13:51:24.824+0000] {processor.py:161} INFO - Started process (PID=1041) to work on /home/airflow/.local/lib/python3.12/site-packages/airflow/example_dags/example_task_group_decorator.py
[2026-05-01T13:51:24.837+0000] {processor.py:830} INFO - Processing file /home/airflow/.local/lib/python3.12/site-packages/airflow/example_dags/example_task_group_decorator.py for tasks to queue
[2026-05-01T13:51:24.855+0000] {logging_mixin.py:188} INFO - [2026-05-01T13:51:24.854+0000] {dagbag.py:545} INFO - Filling up the DagBag from /home/airflow/.local/lib/python3.12/site-packages/airflow/example_dags/example_task_group_decorator.py
[2026-05-01T13:51:24.974+0000] {processor.py:840} INFO - DAG(s) 'example_task_group_decorator' retrieved from /home/airflow/.local/lib/python3.12/site-packages/airflow/example_dags/example_task_group_decorator.py
[2026-05-01T13:51:25.172+0000] {logging_mixin.py:188} INFO - [2026-05-01T13:51:25.162+0000] {dag.py:3089} INFO - Sync 1 DAGs
[2026-05-01T13:51:25.230+0000] {logging_mixin.py:188} INFO - [2026-05-01T13:51:25.230+0000] {dag.py:3947} INFO - Setting next_dagrun for example_task_group_decorator to 2026-04-30 00:00:00+00:00, run_after=2026-05-01 00:00:00+00:00
[2026-05-01T13:51:25.268+0000] {processor.py:183} INFO - Processing /home/airflow/.local/lib/python3.12/site-packages/airflow/example_dags/example_task_group_decorator.py took 0.481 seconds
[2026-05-01T13:51:55.528+0000] {processor.py:161} INFO - Started process (PID=1098) to work on /home/airflow/.local/lib/python3.12/site-packages/airflow/example_dags/example_task_group_decorator.py
[2026-05-01T13:51:55.533+0000] {processor.py:830} INFO - Processing file /home/airflow/.local/lib/python3.12/site-packages/airflow/example_dags/example_task_group_decorator.py for tasks to queue
[2026-05-01T13:51:55.538+0000] {logging_mixin.py:188} INFO - [2026-05-01T13:51:55.537+0000] {dagbag.py:545} INFO - Filling up the DagBag from /home/airflow/.local/lib/python3.12/site-packages/airflow/example_dags/example_task_group_decorator.py
[2026-05-01T13:51:55.564+0000] {processor.py:840} INFO - DAG(s) 'example_task_group_decorator' retrieved from /home/airflow/.local/lib/python3.12/site-packages/airflow/example_dags/example_task_group_decorator.py
[2026-05-01T13:51:55.606+0000] {logging_mixin.py:188} INFO - [2026-05-01T13:51:55.605+0000] {dag.py:3089} INFO - Sync 1 DAGs
[2026-05-01T13:51:55.642+0000] {logging_mixin.py:188} INFO - [2026-05-01T13:51:55.641+0000] {dag.py:3947} INFO - Setting next_dagrun for example_task_group_decorator to 2026-04-30 00:00:00+00:00, run_after=2026-05-01 00:00:00+00:00
[2026-05-01T13:51:55.674+0000] {processor.py:183} INFO - Processing /home/airflow/.local/lib/python3.12/site-packages/airflow/example_dags/example_task_group_decorator.py took 0.160 seconds
[2026-05-01T13:52:26.610+0000] {processor.py:161} INFO - Started process (PID=1156) to work on /home/airflow/.local/lib/python3.12/site-packages/airflow/example_dags/example_task_group_decorator.py
[2026-05-01T13:52:26.613+0000] {processor.py:830} INFO - Processing file /home/airflow/.local/lib/python3.12/site-packages/airflow/example_dags/example_task_group_decorator.py for tasks to queue
[2026-05-01T13:52:26.619+0000] {logging_mixin.py:188} INFO - [2026-05-01T13:52:26.618+0000] {dagbag.py:545} INFO - Filling up the DagBag from /home/airflow/.local/lib/python3.12/site-packages/airflow/example_dags/example_task_group_decorator.py
[2026-05-01T13:52:26.660+0000] {processor.py:840} INFO - DAG(s) 'example_task_group_decorator' retrieved from /home/airflow/.local/lib/python3.12/site-packages/airflow/example_dags/example_task_group_decorator.py
[2026-05-01T13:52:26.784+0000] {logging_mixin.py:188} INFO - [2026-05-01T13:52:26.784+0000] {dag.py:3089} INFO - Sync 1 DAGs
[2026-05-01T13:52:26.856+0000] {logging_mixin.py:188} INFO - [2026-05-01T13:52:26.856+0000] {dag.py:3947} INFO - Setting next_dagrun for example_task_group_decorator to 2026-04-30 00:00:00+00:00, run_after=2026-05-01 00:00:00+00:00
[2026-05-01T13:52:26.958+0000] {processor.py:183} INFO - Processing /home/airflow/.local/lib/python3.12/site-packages/airflow/example_dags/example_task_group_decorator.py took 0.362 seconds
[2026-05-01T13:52:57.612+0000] {processor.py:161} INFO - Started process (PID=1214) to work on /home/airflow/.local/lib/python3.12/site-packages/airflow/example_dags/example_task_group_decorator.py
[2026-05-01T13:52:57.615+0000] {processor.py:830} INFO - Processing file /home/airflow/.local/lib/python3.12/site-packages/airflow/example_dags/example_task_group_decorator.py for tasks to queue
[2026-05-01T13:52:57.621+0000] {logging_mixin.py:188} INFO - [2026-05-01T13:52:57.620+0000] {dagbag.py:545} INFO - Filling up the DagBag from /home/airflow/.local/lib/python3.12/site-packages/airflow/example_dags/example_task_group_decorator.py
[2026-05-01T13:52:57.643+0000] {processor.py:840} INFO - DAG(s) 'example_task_group_decorator' retrieved from /home/airflow/.local/lib/python3.12/site-packages/airflow/example_dags/example_task_group_decorator.py
[2026-05-01T13:52:57.693+0000] {logging_mixin.py:188} INFO - [2026-05-01T13:52:57.693+0000] {dag.py:3089} INFO - Sync 1 DAGs
[2026-05-01T13:52:57.750+0000] {logging_mixin.py:188} INFO - [2026-05-01T13:52:57.750+0000] {dag.py:3947} INFO - Setting next_dagrun for example_task_group_decorator to 2026-04-30 00:00:00+00:00, run_after=2026-05-01 00:00:00+00:00
[2026-05-01T13:52:57.783+0000] {processor.py:183} INFO - Processing /home/airflow/.local/lib/python3.12/site-packages/airflow/example_dags/example_task_group_decorator.py took 0.191 seconds
[2026-05-01T13:53:28.382+0000] {processor.py:161} INFO - Started process (PID=1271) to work on /home/airflow/.local/lib/python3.12/site-packages/airflow/example_dags/example_task_group_decorator.py
[2026-05-01T13:53:28.397+0000] {processor.py:830} INFO - Processing file /home/airflow/.local/lib/python3.12/site-packages/airflow/example_dags/example_task_group_decorator.py for tasks to queue
[2026-05-01T13:53:28.418+0000] {logging_mixin.py:188} INFO - [2026-05-01T13:53:28.413+0000] {dagbag.py:545} INFO - Filling up the DagBag from /home/airflow/.local/lib/python3.12/site-packages/airflow/example_dags/example_task_group_decorator.py
[2026-05-01T13:53:28.508+0000] {processor.py:840} INFO - DAG(s) 'example_task_group_decorator' retrieved from /home/airflow/.local/lib/python3.12/site-packages/airflow/example_dags/example_task_group_decorator.py
[2026-05-01T13:53:29.220+0000] {logging_mixin.py:188} INFO - [2026-05-01T13:53:29.220+0000] {dag.py:3089} INFO - Sync 1 DAGs
[2026-05-01T13:53:29.325+0000] {logging_mixin.py:188} INFO - [2026-05-01T13:53:29.324+0000] {dag.py:3947} INFO - Setting next_dagrun for example_task_group_decorator to 2026-04-30 00:00:00+00:00, run_after=2026-05-01 00:00:00+00:00
[2026-05-01T13:53:29.468+0000] {processor.py:183} INFO - Processing /home/airflow/.local/lib/python3.12/site-packages/airflow/example_dags/example_task_group_decorator.py took 1.114 seconds
