[2026-05-01T13:24:15.861+0000] {processor.py:161} INFO - Started process (PID=53) to work on /home/airflow/.local/lib/python3.12/site-packages/airflow/example_dags/example_short_circuit_decorator.py
[2026-05-01T13:24:15.876+0000] {processor.py:830} INFO - Processing file /home/airflow/.local/lib/python3.12/site-packages/airflow/example_dags/example_short_circuit_decorator.py for tasks to queue
[2026-05-01T13:24:15.900+0000] {logging_mixin.py:188} INFO - [2026-05-01T13:24:15.895+0000] {dagbag.py:545} INFO - Filling up the DagBag from /home/airflow/.local/lib/python3.12/site-packages/airflow/example_dags/example_short_circuit_decorator.py
[2026-05-01T13:24:16.012+0000] {processor.py:840} INFO - DAG(s) 'example_short_circuit_decorator' retrieved from /home/airflow/.local/lib/python3.12/site-packages/airflow/example_dags/example_short_circuit_decorator.py
[2026-05-01T13:24:16.691+0000] {logging_mixin.py:188} INFO - [2026-05-01T13:24:16.691+0000] {override.py:1858} INFO - Created Permission View: can delete on DAG:example_short_circuit_decorator
[2026-05-01T13:24:16.760+0000] {logging_mixin.py:188} INFO - [2026-05-01T13:24:16.759+0000] {override.py:1858} INFO - Created Permission View: can edit on DAG:example_short_circuit_decorator
[2026-05-01T13:24:16.827+0000] {logging_mixin.py:188} INFO - [2026-05-01T13:24:16.826+0000] {override.py:1858} INFO - Created Permission View: can read on DAG:example_short_circuit_decorator
[2026-05-01T13:24:16.831+0000] {logging_mixin.py:188} INFO - [2026-05-01T13:24:16.829+0000] {dag.py:3089} INFO - Sync 1 DAGs
[2026-05-01T13:24:16.934+0000] {logging_mixin.py:188} INFO - [2026-05-01T13:24:16.934+0000] {dag.py:3111} INFO - Creating ORM DAG for example_short_circuit_decorator
[2026-05-01T13:24:17.084+0000] {logging_mixin.py:188} INFO - [2026-05-01T13:24:17.083+0000] {dag.py:3947} INFO - Setting next_dagrun for example_short_circuit_decorator to 2026-04-30 00:00:00+00:00, run_after=2026-05-01 00:00:00+00:00
[2026-05-01T13:24:17.194+0000] {processor.py:183} INFO - Processing /home/airflow/.local/lib/python3.12/site-packages/airflow/example_dags/example_short_circuit_decorator.py took 1.357 seconds
[2026-05-01T13:25:13.832+0000] {processor.py:161} INFO - Started process (PID=116) to work on /home/airflow/.local/lib/python3.12/site-packages/airflow/example_dags/example_short_circuit_decorator.py
[2026-05-01T13:25:13.849+0000] {processor.py:830} INFO - Processing file /home/airflow/.local/lib/python3.12/site-packages/airflow/example_dags/example_short_circuit_decorator.py for tasks to queue
[2026-05-01T13:25:13.883+0000] {logging_mixin.py:188} INFO - [2026-05-01T13:25:13.882+0000] {dagbag.py:545} INFO - Filling up the DagBag from /home/airflow/.local/lib/python3.12/site-packages/airflow/example_dags/example_short_circuit_decorator.py
[2026-05-01T13:25:13.999+0000] {processor.py:840} INFO - DAG(s) 'example_short_circuit_decorator' retrieved from /home/airflow/.local/lib/python3.12/site-packages/airflow/example_dags/example_short_circuit_decorator.py
[2026-05-01T13:25:14.225+0000] {logging_mixin.py:188} INFO - [2026-05-01T13:25:14.225+0000] {dag.py:3089} INFO - Sync 1 DAGs
[2026-05-01T13:25:14.427+0000] {logging_mixin.py:188} INFO - [2026-05-01T13:25:14.426+0000] {dag.py:3947} INFO - Setting next_dagrun for example_short_circuit_decorator to 2026-04-30 00:00:00+00:00, run_after=2026-05-01 00:00:00+00:00
[2026-05-01T13:25:14.504+0000] {processor.py:183} INFO - Processing /home/airflow/.local/lib/python3.12/site-packages/airflow/example_dags/example_short_circuit_decorator.py took 0.720 seconds
[2026-05-01T13:25:44.766+0000] {processor.py:161} INFO - Started process (PID=172) to work on /home/airflow/.local/lib/python3.12/site-packages/airflow/example_dags/example_short_circuit_decorator.py
[2026-05-01T13:25:44.769+0000] {processor.py:830} INFO - Processing file /home/airflow/.local/lib/python3.12/site-packages/airflow/example_dags/example_short_circuit_decorator.py for tasks to queue
[2026-05-01T13:25:44.773+0000] {logging_mixin.py:188} INFO - [2026-05-01T13:25:44.772+0000] {dagbag.py:545} INFO - Filling up the DagBag from /home/airflow/.local/lib/python3.12/site-packages/airflow/example_dags/example_short_circuit_decorator.py
[2026-05-01T13:25:44.787+0000] {processor.py:840} INFO - DAG(s) 'example_short_circuit_decorator' retrieved from /home/airflow/.local/lib/python3.12/site-packages/airflow/example_dags/example_short_circuit_decorator.py
[2026-05-01T13:25:44.976+0000] {logging_mixin.py:188} INFO - [2026-05-01T13:25:44.975+0000] {dag.py:3089} INFO - Sync 1 DAGs
[2026-05-01T13:25:45.093+0000] {logging_mixin.py:188} INFO - [2026-05-01T13:25:45.092+0000] {dag.py:3947} INFO - Setting next_dagrun for example_short_circuit_decorator to 2026-04-30 00:00:00+00:00, run_after=2026-05-01 00:00:00+00:00
[2026-05-01T13:25:45.206+0000] {processor.py:183} INFO - Processing /home/airflow/.local/lib/python3.12/site-packages/airflow/example_dags/example_short_circuit_decorator.py took 0.449 seconds
[2026-05-01T13:26:16.139+0000] {processor.py:161} INFO - Started process (PID=230) to work on /home/airflow/.local/lib/python3.12/site-packages/airflow/example_dags/example_short_circuit_decorator.py
[2026-05-01T13:26:16.142+0000] {processor.py:830} INFO - Processing file /home/airflow/.local/lib/python3.12/site-packages/airflow/example_dags/example_short_circuit_decorator.py for tasks to queue
[2026-05-01T13:26:16.148+0000] {logging_mixin.py:188} INFO - [2026-05-01T13:26:16.147+0000] {dagbag.py:545} INFO - Filling up the DagBag from /home/airflow/.local/lib/python3.12/site-packages/airflow/example_dags/example_short_circuit_decorator.py
[2026-05-01T13:26:16.165+0000] {processor.py:840} INFO - DAG(s) 'example_short_circuit_decorator' retrieved from /home/airflow/.local/lib/python3.12/site-packages/airflow/example_dags/example_short_circuit_decorator.py
[2026-05-01T13:26:16.229+0000] {logging_mixin.py:188} INFO - [2026-05-01T13:26:16.229+0000] {dag.py:3089} INFO - Sync 1 DAGs
[2026-05-01T13:26:16.273+0000] {logging_mixin.py:188} INFO - [2026-05-01T13:26:16.273+0000] {dag.py:3947} INFO - Setting next_dagrun for example_short_circuit_decorator to 2026-04-30 00:00:00+00:00, run_after=2026-05-01 00:00:00+00:00
[2026-05-01T13:26:16.307+0000] {processor.py:183} INFO - Processing /home/airflow/.local/lib/python3.12/site-packages/airflow/example_dags/example_short_circuit_decorator.py took 0.186 seconds
[2026-05-01T13:26:46.462+0000] {processor.py:161} INFO - Started process (PID=288) to work on /home/airflow/.local/lib/python3.12/site-packages/airflow/example_dags/example_short_circuit_decorator.py
[2026-05-01T13:26:46.466+0000] {processor.py:830} INFO - Processing file /home/airflow/.local/lib/python3.12/site-packages/airflow/example_dags/example_short_circuit_decorator.py for tasks to queue
[2026-05-01T13:26:46.472+0000] {logging_mixin.py:188} INFO - [2026-05-01T13:26:46.471+0000] {dagbag.py:545} INFO - Filling up the DagBag from /home/airflow/.local/lib/python3.12/site-packages/airflow/example_dags/example_short_circuit_decorator.py
[2026-05-01T13:26:46.511+0000] {processor.py:840} INFO - DAG(s) 'example_short_circuit_decorator' retrieved from /home/airflow/.local/lib/python3.12/site-packages/airflow/example_dags/example_short_circuit_decorator.py
[2026-05-01T13:26:46.591+0000] {logging_mixin.py:188} INFO - [2026-05-01T13:26:46.591+0000] {dag.py:3089} INFO - Sync 1 DAGs
[2026-05-01T13:26:46.639+0000] {logging_mixin.py:188} INFO - [2026-05-01T13:26:46.639+0000] {dag.py:3947} INFO - Setting next_dagrun for example_short_circuit_decorator to 2026-04-30 00:00:00+00:00, run_after=2026-05-01 00:00:00+00:00
[2026-05-01T13:26:46.670+0000] {processor.py:183} INFO - Processing /home/airflow/.local/lib/python3.12/site-packages/airflow/example_dags/example_short_circuit_decorator.py took 0.224 seconds
[2026-05-01T13:27:17.126+0000] {processor.py:161} INFO - Started process (PID=347) to work on /home/airflow/.local/lib/python3.12/site-packages/airflow/example_dags/example_short_circuit_decorator.py
[2026-05-01T13:27:17.129+0000] {processor.py:830} INFO - Processing file /home/airflow/.local/lib/python3.12/site-packages/airflow/example_dags/example_short_circuit_decorator.py for tasks to queue
[2026-05-01T13:27:17.143+0000] {logging_mixin.py:188} INFO - [2026-05-01T13:27:17.142+0000] {dagbag.py:545} INFO - Filling up the DagBag from /home/airflow/.local/lib/python3.12/site-packages/airflow/example_dags/example_short_circuit_decorator.py
[2026-05-01T13:27:17.163+0000] {processor.py:840} INFO - DAG(s) 'example_short_circuit_decorator' retrieved from /home/airflow/.local/lib/python3.12/site-packages/airflow/example_dags/example_short_circuit_decorator.py
[2026-05-01T13:27:17.253+0000] {logging_mixin.py:188} INFO - [2026-05-01T13:27:17.252+0000] {dag.py:3089} INFO - Sync 1 DAGs
[2026-05-01T13:27:17.352+0000] {logging_mixin.py:188} INFO - [2026-05-01T13:27:17.351+0000] {dag.py:3947} INFO - Setting next_dagrun for example_short_circuit_decorator to 2026-04-30 00:00:00+00:00, run_after=2026-05-01 00:00:00+00:00
[2026-05-01T13:27:17.442+0000] {processor.py:183} INFO - Processing /home/airflow/.local/lib/python3.12/site-packages/airflow/example_dags/example_short_circuit_decorator.py took 0.343 seconds
[2026-05-01T13:27:48.154+0000] {processor.py:161} INFO - Started process (PID=406) to work on /home/airflow/.local/lib/python3.12/site-packages/airflow/example_dags/example_short_circuit_decorator.py
[2026-05-01T13:27:48.157+0000] {processor.py:830} INFO - Processing file /home/airflow/.local/lib/python3.12/site-packages/airflow/example_dags/example_short_circuit_decorator.py for tasks to queue
[2026-05-01T13:27:48.162+0000] {logging_mixin.py:188} INFO - [2026-05-01T13:27:48.161+0000] {dagbag.py:545} INFO - Filling up the DagBag from /home/airflow/.local/lib/python3.12/site-packages/airflow/example_dags/example_short_circuit_decorator.py
[2026-05-01T13:27:48.176+0000] {processor.py:840} INFO - DAG(s) 'example_short_circuit_decorator' retrieved from /home/airflow/.local/lib/python3.12/site-packages/airflow/example_dags/example_short_circuit_decorator.py
[2026-05-01T13:27:48.207+0000] {logging_mixin.py:188} INFO - [2026-05-01T13:27:48.206+0000] {dag.py:3089} INFO - Sync 1 DAGs
[2026-05-01T13:27:48.235+0000] {logging_mixin.py:188} INFO - [2026-05-01T13:27:48.235+0000] {dag.py:3947} INFO - Setting next_dagrun for example_short_circuit_decorator to 2026-04-30 00:00:00+00:00, run_after=2026-05-01 00:00:00+00:00
[2026-05-01T13:27:48.262+0000] {processor.py:183} INFO - Processing /home/airflow/.local/lib/python3.12/site-packages/airflow/example_dags/example_short_circuit_decorator.py took 0.118 seconds
[2026-05-01T13:28:18.946+0000] {processor.py:161} INFO - Started process (PID=464) to work on /home/airflow/.local/lib/python3.12/site-packages/airflow/example_dags/example_short_circuit_decorator.py
[2026-05-01T13:28:18.950+0000] {processor.py:830} INFO - Processing file /home/airflow/.local/lib/python3.12/site-packages/airflow/example_dags/example_short_circuit_decorator.py for tasks to queue
[2026-05-01T13:28:18.954+0000] {logging_mixin.py:188} INFO - [2026-05-01T13:28:18.953+0000] {dagbag.py:545} INFO - Filling up the DagBag from /home/airflow/.local/lib/python3.12/site-packages/airflow/example_dags/example_short_circuit_decorator.py
[2026-05-01T13:28:18.967+0000] {processor.py:840} INFO - DAG(s) 'example_short_circuit_decorator' retrieved from /home/airflow/.local/lib/python3.12/site-packages/airflow/example_dags/example_short_circuit_decorator.py
[2026-05-01T13:28:19.002+0000] {logging_mixin.py:188} INFO - [2026-05-01T13:28:19.001+0000] {dag.py:3089} INFO - Sync 1 DAGs
[2026-05-01T13:28:19.031+0000] {logging_mixin.py:188} INFO - [2026-05-01T13:28:19.031+0000] {dag.py:3947} INFO - Setting next_dagrun for example_short_circuit_decorator to 2026-04-30 00:00:00+00:00, run_after=2026-05-01 00:00:00+00:00
[2026-05-01T13:28:19.058+0000] {processor.py:183} INFO - Processing /home/airflow/.local/lib/python3.12/site-packages/airflow/example_dags/example_short_circuit_decorator.py took 0.122 seconds
[2026-05-01T13:28:49.382+0000] {processor.py:161} INFO - Started process (PID=522) to work on /home/airflow/.local/lib/python3.12/site-packages/airflow/example_dags/example_short_circuit_decorator.py
[2026-05-01T13:28:49.386+0000] {processor.py:830} INFO - Processing file /home/airflow/.local/lib/python3.12/site-packages/airflow/example_dags/example_short_circuit_decorator.py for tasks to queue
[2026-05-01T13:28:49.390+0000] {logging_mixin.py:188} INFO - [2026-05-01T13:28:49.390+0000] {dagbag.py:545} INFO - Filling up the DagBag from /home/airflow/.local/lib/python3.12/site-packages/airflow/example_dags/example_short_circuit_decorator.py
[2026-05-01T13:28:49.403+0000] {processor.py:840} INFO - DAG(s) 'example_short_circuit_decorator' retrieved from /home/airflow/.local/lib/python3.12/site-packages/airflow/example_dags/example_short_circuit_decorator.py
[2026-05-01T13:28:49.440+0000] {logging_mixin.py:188} INFO - [2026-05-01T13:28:49.440+0000] {dag.py:3089} INFO - Sync 1 DAGs
[2026-05-01T13:28:49.474+0000] {logging_mixin.py:188} INFO - [2026-05-01T13:28:49.474+0000] {dag.py:3947} INFO - Setting next_dagrun for example_short_circuit_decorator to 2026-04-30 00:00:00+00:00, run_after=2026-05-01 00:00:00+00:00
[2026-05-01T13:28:49.501+0000] {processor.py:183} INFO - Processing /home/airflow/.local/lib/python3.12/site-packages/airflow/example_dags/example_short_circuit_decorator.py took 0.130 seconds
[2026-05-01T13:29:19.992+0000] {processor.py:161} INFO - Started process (PID=580) to work on /home/airflow/.local/lib/python3.12/site-packages/airflow/example_dags/example_short_circuit_decorator.py
[2026-05-01T13:29:20.004+0000] {processor.py:830} INFO - Processing file /home/airflow/.local/lib/python3.12/site-packages/airflow/example_dags/example_short_circuit_decorator.py for tasks to queue
[2026-05-01T13:29:20.033+0000] {logging_mixin.py:188} INFO - [2026-05-01T13:29:20.026+0000] {dagbag.py:545} INFO - Filling up the DagBag from /home/airflow/.local/lib/python3.12/site-packages/airflow/example_dags/example_short_circuit_decorator.py
[2026-05-01T13:29:20.067+0000] {processor.py:840} INFO - DAG(s) 'example_short_circuit_decorator' retrieved from /home/airflow/.local/lib/python3.12/site-packages/airflow/example_dags/example_short_circuit_decorator.py
[2026-05-01T13:29:20.149+0000] {logging_mixin.py:188} INFO - [2026-05-01T13:29:20.149+0000] {dag.py:3089} INFO - Sync 1 DAGs
[2026-05-01T13:29:20.186+0000] {logging_mixin.py:188} INFO - [2026-05-01T13:29:20.186+0000] {dag.py:3947} INFO - Setting next_dagrun for example_short_circuit_decorator to 2026-04-30 00:00:00+00:00, run_after=2026-05-01 00:00:00+00:00
[2026-05-01T13:29:20.217+0000] {processor.py:183} INFO - Processing /home/airflow/.local/lib/python3.12/site-packages/airflow/example_dags/example_short_circuit_decorator.py took 0.246 seconds
[2026-05-01T13:29:50.515+0000] {processor.py:161} INFO - Started process (PID=638) to work on /home/airflow/.local/lib/python3.12/site-packages/airflow/example_dags/example_short_circuit_decorator.py
[2026-05-01T13:29:50.517+0000] {processor.py:830} INFO - Processing file /home/airflow/.local/lib/python3.12/site-packages/airflow/example_dags/example_short_circuit_decorator.py for tasks to queue
[2026-05-01T13:29:50.525+0000] {logging_mixin.py:188} INFO - [2026-05-01T13:29:50.523+0000] {dagbag.py:545} INFO - Filling up the DagBag from /home/airflow/.local/lib/python3.12/site-packages/airflow/example_dags/example_short_circuit_decorator.py
[2026-05-01T13:29:50.541+0000] {processor.py:840} INFO - DAG(s) 'example_short_circuit_decorator' retrieved from /home/airflow/.local/lib/python3.12/site-packages/airflow/example_dags/example_short_circuit_decorator.py
[2026-05-01T13:29:50.578+0000] {logging_mixin.py:188} INFO - [2026-05-01T13:29:50.577+0000] {dag.py:3089} INFO - Sync 1 DAGs
[2026-05-01T13:29:50.612+0000] {logging_mixin.py:188} INFO - [2026-05-01T13:29:50.612+0000] {dag.py:3947} INFO - Setting next_dagrun for example_short_circuit_decorator to 2026-04-30 00:00:00+00:00, run_after=2026-05-01 00:00:00+00:00
[2026-05-01T13:29:50.649+0000] {processor.py:183} INFO - Processing /home/airflow/.local/lib/python3.12/site-packages/airflow/example_dags/example_short_circuit_decorator.py took 0.143 seconds
[2026-05-01T13:30:20.846+0000] {processor.py:161} INFO - Started process (PID=696) to work on /home/airflow/.local/lib/python3.12/site-packages/airflow/example_dags/example_short_circuit_decorator.py
[2026-05-01T13:30:20.852+0000] {processor.py:830} INFO - Processing file /home/airflow/.local/lib/python3.12/site-packages/airflow/example_dags/example_short_circuit_decorator.py for tasks to queue
[2026-05-01T13:30:20.856+0000] {logging_mixin.py:188} INFO - [2026-05-01T13:30:20.856+0000] {dagbag.py:545} INFO - Filling up the DagBag from /home/airflow/.local/lib/python3.12/site-packages/airflow/example_dags/example_short_circuit_decorator.py
[2026-05-01T13:30:20.910+0000] {processor.py:840} INFO - DAG(s) 'example_short_circuit_decorator' retrieved from /home/airflow/.local/lib/python3.12/site-packages/airflow/example_dags/example_short_circuit_decorator.py
[2026-05-01T13:30:20.990+0000] {logging_mixin.py:188} INFO - [2026-05-01T13:30:20.989+0000] {dag.py:3089} INFO - Sync 1 DAGs
[2026-05-01T13:30:21.060+0000] {logging_mixin.py:188} INFO - [2026-05-01T13:30:21.059+0000] {dag.py:3947} INFO - Setting next_dagrun for example_short_circuit_decorator to 2026-04-30 00:00:00+00:00, run_after=2026-05-01 00:00:00+00:00
[2026-05-01T13:30:21.107+0000] {processor.py:183} INFO - Processing /home/airflow/.local/lib/python3.12/site-packages/airflow/example_dags/example_short_circuit_decorator.py took 0.272 seconds
[2026-05-01T13:30:51.297+0000] {processor.py:161} INFO - Started process (PID=754) to work on /home/airflow/.local/lib/python3.12/site-packages/airflow/example_dags/example_short_circuit_decorator.py
[2026-05-01T13:30:51.300+0000] {processor.py:830} INFO - Processing file /home/airflow/.local/lib/python3.12/site-packages/airflow/example_dags/example_short_circuit_decorator.py for tasks to queue
[2026-05-01T13:30:51.307+0000] {logging_mixin.py:188} INFO - [2026-05-01T13:30:51.305+0000] {dagbag.py:545} INFO - Filling up the DagBag from /home/airflow/.local/lib/python3.12/site-packages/airflow/example_dags/example_short_circuit_decorator.py
[2026-05-01T13:30:51.342+0000] {processor.py:840} INFO - DAG(s) 'example_short_circuit_decorator' retrieved from /home/airflow/.local/lib/python3.12/site-packages/airflow/example_dags/example_short_circuit_decorator.py
[2026-05-01T13:30:51.398+0000] {logging_mixin.py:188} INFO - [2026-05-01T13:30:51.397+0000] {dag.py:3089} INFO - Sync 1 DAGs
[2026-05-01T13:30:51.445+0000] {logging_mixin.py:188} INFO - [2026-05-01T13:30:51.445+0000] {dag.py:3947} INFO - Setting next_dagrun for example_short_circuit_decorator to 2026-04-30 00:00:00+00:00, run_after=2026-05-01 00:00:00+00:00
[2026-05-01T13:30:51.481+0000] {processor.py:183} INFO - Processing /home/airflow/.local/lib/python3.12/site-packages/airflow/example_dags/example_short_circuit_decorator.py took 0.204 seconds
[2026-05-01T13:31:22.429+0000] {processor.py:161} INFO - Started process (PID=812) to work on /home/airflow/.local/lib/python3.12/site-packages/airflow/example_dags/example_short_circuit_decorator.py
[2026-05-01T13:31:22.433+0000] {processor.py:830} INFO - Processing file /home/airflow/.local/lib/python3.12/site-packages/airflow/example_dags/example_short_circuit_decorator.py for tasks to queue
[2026-05-01T13:31:22.445+0000] {logging_mixin.py:188} INFO - [2026-05-01T13:31:22.442+0000] {dagbag.py:545} INFO - Filling up the DagBag from /home/airflow/.local/lib/python3.12/site-packages/airflow/example_dags/example_short_circuit_decorator.py
[2026-05-01T13:31:22.522+0000] {processor.py:840} INFO - DAG(s) 'example_short_circuit_decorator' retrieved from /home/airflow/.local/lib/python3.12/site-packages/airflow/example_dags/example_short_circuit_decorator.py
[2026-05-01T13:31:22.641+0000] {logging_mixin.py:188} INFO - [2026-05-01T13:31:22.640+0000] {dag.py:3089} INFO - Sync 1 DAGs
[2026-05-01T13:31:22.855+0000] {logging_mixin.py:188} INFO - [2026-05-01T13:31:22.855+0000] {dag.py:3947} INFO - Setting next_dagrun for example_short_circuit_decorator to 2026-04-30 00:00:00+00:00, run_after=2026-05-01 00:00:00+00:00
[2026-05-01T13:31:23.070+0000] {processor.py:183} INFO - Processing /home/airflow/.local/lib/python3.12/site-packages/airflow/example_dags/example_short_circuit_decorator.py took 0.683 seconds
[2026-05-01T13:31:53.371+0000] {processor.py:161} INFO - Started process (PID=869) to work on /home/airflow/.local/lib/python3.12/site-packages/airflow/example_dags/example_short_circuit_decorator.py
[2026-05-01T13:31:53.374+0000] {processor.py:830} INFO - Processing file /home/airflow/.local/lib/python3.12/site-packages/airflow/example_dags/example_short_circuit_decorator.py for tasks to queue
[2026-05-01T13:31:53.380+0000] {logging_mixin.py:188} INFO - [2026-05-01T13:31:53.379+0000] {dagbag.py:545} INFO - Filling up the DagBag from /home/airflow/.local/lib/python3.12/site-packages/airflow/example_dags/example_short_circuit_decorator.py
[2026-05-01T13:31:53.400+0000] {processor.py:840} INFO - DAG(s) 'example_short_circuit_decorator' retrieved from /home/airflow/.local/lib/python3.12/site-packages/airflow/example_dags/example_short_circuit_decorator.py
[2026-05-01T13:31:53.451+0000] {logging_mixin.py:188} INFO - [2026-05-01T13:31:53.450+0000] {dag.py:3089} INFO - Sync 1 DAGs
[2026-05-01T13:31:53.493+0000] {logging_mixin.py:188} INFO - [2026-05-01T13:31:53.492+0000] {dag.py:3947} INFO - Setting next_dagrun for example_short_circuit_decorator to 2026-04-30 00:00:00+00:00, run_after=2026-05-01 00:00:00+00:00
[2026-05-01T13:31:53.532+0000] {processor.py:183} INFO - Processing /home/airflow/.local/lib/python3.12/site-packages/airflow/example_dags/example_short_circuit_decorator.py took 0.174 seconds
[2026-05-01T13:32:23.739+0000] {processor.py:161} INFO - Started process (PID=926) to work on /home/airflow/.local/lib/python3.12/site-packages/airflow/example_dags/example_short_circuit_decorator.py
[2026-05-01T13:32:23.741+0000] {processor.py:830} INFO - Processing file /home/airflow/.local/lib/python3.12/site-packages/airflow/example_dags/example_short_circuit_decorator.py for tasks to queue
[2026-05-01T13:32:23.755+0000] {logging_mixin.py:188} INFO - [2026-05-01T13:32:23.754+0000] {dagbag.py:545} INFO - Filling up the DagBag from /home/airflow/.local/lib/python3.12/site-packages/airflow/example_dags/example_short_circuit_decorator.py
[2026-05-01T13:32:23.773+0000] {processor.py:840} INFO - DAG(s) 'example_short_circuit_decorator' retrieved from /home/airflow/.local/lib/python3.12/site-packages/airflow/example_dags/example_short_circuit_decorator.py
[2026-05-01T13:32:23.822+0000] {logging_mixin.py:188} INFO - [2026-05-01T13:32:23.821+0000] {dag.py:3089} INFO - Sync 1 DAGs
[2026-05-01T13:32:23.868+0000] {logging_mixin.py:188} INFO - [2026-05-01T13:32:23.868+0000] {dag.py:3947} INFO - Setting next_dagrun for example_short_circuit_decorator to 2026-04-30 00:00:00+00:00, run_after=2026-05-01 00:00:00+00:00
[2026-05-01T13:32:23.914+0000] {processor.py:183} INFO - Processing /home/airflow/.local/lib/python3.12/site-packages/airflow/example_dags/example_short_circuit_decorator.py took 0.187 seconds
[2026-05-01T13:32:54.392+0000] {processor.py:161} INFO - Started process (PID=984) to work on /home/airflow/.local/lib/python3.12/site-packages/airflow/example_dags/example_short_circuit_decorator.py
[2026-05-01T13:32:54.401+0000] {processor.py:830} INFO - Processing file /home/airflow/.local/lib/python3.12/site-packages/airflow/example_dags/example_short_circuit_decorator.py for tasks to queue
[2026-05-01T13:32:54.417+0000] {logging_mixin.py:188} INFO - [2026-05-01T13:32:54.408+0000] {dagbag.py:545} INFO - Filling up the DagBag from /home/airflow/.local/lib/python3.12/site-packages/airflow/example_dags/example_short_circuit_decorator.py
[2026-05-01T13:32:54.522+0000] {processor.py:840} INFO - DAG(s) 'example_short_circuit_decorator' retrieved from /home/airflow/.local/lib/python3.12/site-packages/airflow/example_dags/example_short_circuit_decorator.py
[2026-05-01T13:32:54.620+0000] {logging_mixin.py:188} INFO - [2026-05-01T13:32:54.619+0000] {dag.py:3089} INFO - Sync 1 DAGs
[2026-05-01T13:32:54.932+0000] {logging_mixin.py:188} INFO - [2026-05-01T13:32:54.930+0000] {dag.py:3947} INFO - Setting next_dagrun for example_short_circuit_decorator to 2026-04-30 00:00:00+00:00, run_after=2026-05-01 00:00:00+00:00
[2026-05-01T13:32:54.980+0000] {processor.py:183} INFO - Processing /home/airflow/.local/lib/python3.12/site-packages/airflow/example_dags/example_short_circuit_decorator.py took 0.686 seconds
[2026-05-01T13:33:25.611+0000] {processor.py:161} INFO - Started process (PID=1042) to work on /home/airflow/.local/lib/python3.12/site-packages/airflow/example_dags/example_short_circuit_decorator.py
[2026-05-01T13:33:25.614+0000] {processor.py:830} INFO - Processing file /home/airflow/.local/lib/python3.12/site-packages/airflow/example_dags/example_short_circuit_decorator.py for tasks to queue
[2026-05-01T13:33:25.625+0000] {logging_mixin.py:188} INFO - [2026-05-01T13:33:25.620+0000] {dagbag.py:545} INFO - Filling up the DagBag from /home/airflow/.local/lib/python3.12/site-packages/airflow/example_dags/example_short_circuit_decorator.py
[2026-05-01T13:33:25.649+0000] {processor.py:840} INFO - DAG(s) 'example_short_circuit_decorator' retrieved from /home/airflow/.local/lib/python3.12/site-packages/airflow/example_dags/example_short_circuit_decorator.py
[2026-05-01T13:33:25.703+0000] {logging_mixin.py:188} INFO - [2026-05-01T13:33:25.703+0000] {dag.py:3089} INFO - Sync 1 DAGs
[2026-05-01T13:33:25.743+0000] {logging_mixin.py:188} INFO - [2026-05-01T13:33:25.743+0000] {dag.py:3947} INFO - Setting next_dagrun for example_short_circuit_decorator to 2026-04-30 00:00:00+00:00, run_after=2026-05-01 00:00:00+00:00
[2026-05-01T13:33:25.794+0000] {processor.py:183} INFO - Processing /home/airflow/.local/lib/python3.12/site-packages/airflow/example_dags/example_short_circuit_decorator.py took 0.195 seconds
[2026-05-01T13:33:55.970+0000] {processor.py:161} INFO - Started process (PID=1100) to work on /home/airflow/.local/lib/python3.12/site-packages/airflow/example_dags/example_short_circuit_decorator.py
[2026-05-01T13:33:55.973+0000] {processor.py:830} INFO - Processing file /home/airflow/.local/lib/python3.12/site-packages/airflow/example_dags/example_short_circuit_decorator.py for tasks to queue
[2026-05-01T13:33:55.980+0000] {logging_mixin.py:188} INFO - [2026-05-01T13:33:55.979+0000] {dagbag.py:545} INFO - Filling up the DagBag from /home/airflow/.local/lib/python3.12/site-packages/airflow/example_dags/example_short_circuit_decorator.py
[2026-05-01T13:33:55.997+0000] {processor.py:840} INFO - DAG(s) 'example_short_circuit_decorator' retrieved from /home/airflow/.local/lib/python3.12/site-packages/airflow/example_dags/example_short_circuit_decorator.py
[2026-05-01T13:33:56.041+0000] {logging_mixin.py:188} INFO - [2026-05-01T13:33:56.041+0000] {dag.py:3089} INFO - Sync 1 DAGs
[2026-05-01T13:33:56.103+0000] {logging_mixin.py:188} INFO - [2026-05-01T13:33:56.103+0000] {dag.py:3947} INFO - Setting next_dagrun for example_short_circuit_decorator to 2026-04-30 00:00:00+00:00, run_after=2026-05-01 00:00:00+00:00
[2026-05-01T13:33:56.174+0000] {processor.py:183} INFO - Processing /home/airflow/.local/lib/python3.12/site-packages/airflow/example_dags/example_short_circuit_decorator.py took 0.217 seconds
[2026-05-01T13:34:27.159+0000] {processor.py:161} INFO - Started process (PID=1154) to work on /home/airflow/.local/lib/python3.12/site-packages/airflow/example_dags/example_short_circuit_decorator.py
[2026-05-01T13:34:27.163+0000] {processor.py:830} INFO - Processing file /home/airflow/.local/lib/python3.12/site-packages/airflow/example_dags/example_short_circuit_decorator.py for tasks to queue
[2026-05-01T13:34:27.169+0000] {logging_mixin.py:188} INFO - [2026-05-01T13:34:27.168+0000] {dagbag.py:545} INFO - Filling up the DagBag from /home/airflow/.local/lib/python3.12/site-packages/airflow/example_dags/example_short_circuit_decorator.py
[2026-05-01T13:34:27.188+0000] {processor.py:840} INFO - DAG(s) 'example_short_circuit_decorator' retrieved from /home/airflow/.local/lib/python3.12/site-packages/airflow/example_dags/example_short_circuit_decorator.py
[2026-05-01T13:34:27.233+0000] {logging_mixin.py:188} INFO - [2026-05-01T13:34:27.233+0000] {dag.py:3089} INFO - Sync 1 DAGs
[2026-05-01T13:34:27.280+0000] {logging_mixin.py:188} INFO - [2026-05-01T13:34:27.280+0000] {dag.py:3947} INFO - Setting next_dagrun for example_short_circuit_decorator to 2026-04-30 00:00:00+00:00, run_after=2026-05-01 00:00:00+00:00
[2026-05-01T13:34:27.324+0000] {processor.py:183} INFO - Processing /home/airflow/.local/lib/python3.12/site-packages/airflow/example_dags/example_short_circuit_decorator.py took 0.179 seconds
[2026-05-01T13:34:58.448+0000] {processor.py:161} INFO - Started process (PID=1211) to work on /home/airflow/.local/lib/python3.12/site-packages/airflow/example_dags/example_short_circuit_decorator.py
[2026-05-01T13:34:58.452+0000] {processor.py:830} INFO - Processing file /home/airflow/.local/lib/python3.12/site-packages/airflow/example_dags/example_short_circuit_decorator.py for tasks to queue
[2026-05-01T13:34:58.460+0000] {logging_mixin.py:188} INFO - [2026-05-01T13:34:58.459+0000] {dagbag.py:545} INFO - Filling up the DagBag from /home/airflow/.local/lib/python3.12/site-packages/airflow/example_dags/example_short_circuit_decorator.py
[2026-05-01T13:34:58.497+0000] {processor.py:840} INFO - DAG(s) 'example_short_circuit_decorator' retrieved from /home/airflow/.local/lib/python3.12/site-packages/airflow/example_dags/example_short_circuit_decorator.py
[2026-05-01T13:34:58.545+0000] {logging_mixin.py:188} INFO - [2026-05-01T13:34:58.544+0000] {dag.py:3089} INFO - Sync 1 DAGs
[2026-05-01T13:34:58.627+0000] {logging_mixin.py:188} INFO - [2026-05-01T13:34:58.626+0000] {dag.py:3947} INFO - Setting next_dagrun for example_short_circuit_decorator to 2026-04-30 00:00:00+00:00, run_after=2026-05-01 00:00:00+00:00
[2026-05-01T13:34:58.676+0000] {processor.py:183} INFO - Processing /home/airflow/.local/lib/python3.12/site-packages/airflow/example_dags/example_short_circuit_decorator.py took 0.253 seconds
[2026-05-01T13:35:29.546+0000] {processor.py:161} INFO - Started process (PID=1269) to work on /home/airflow/.local/lib/python3.12/site-packages/airflow/example_dags/example_short_circuit_decorator.py
[2026-05-01T13:35:29.549+0000] {processor.py:830} INFO - Processing file /home/airflow/.local/lib/python3.12/site-packages/airflow/example_dags/example_short_circuit_decorator.py for tasks to queue
[2026-05-01T13:35:29.554+0000] {logging_mixin.py:188} INFO - [2026-05-01T13:35:29.553+0000] {dagbag.py:545} INFO - Filling up the DagBag from /home/airflow/.local/lib/python3.12/site-packages/airflow/example_dags/example_short_circuit_decorator.py
[2026-05-01T13:35:29.574+0000] {processor.py:840} INFO - DAG(s) 'example_short_circuit_decorator' retrieved from /home/airflow/.local/lib/python3.12/site-packages/airflow/example_dags/example_short_circuit_decorator.py
[2026-05-01T13:35:29.616+0000] {logging_mixin.py:188} INFO - [2026-05-01T13:35:29.615+0000] {dag.py:3089} INFO - Sync 1 DAGs
[2026-05-01T13:35:29.658+0000] {logging_mixin.py:188} INFO - [2026-05-01T13:35:29.658+0000] {dag.py:3947} INFO - Setting next_dagrun for example_short_circuit_decorator to 2026-04-30 00:00:00+00:00, run_after=2026-05-01 00:00:00+00:00
[2026-05-01T13:35:29.701+0000] {processor.py:183} INFO - Processing /home/airflow/.local/lib/python3.12/site-packages/airflow/example_dags/example_short_circuit_decorator.py took 0.166 seconds
[2026-05-01T13:36:00.265+0000] {processor.py:161} INFO - Started process (PID=1327) to work on /home/airflow/.local/lib/python3.12/site-packages/airflow/example_dags/example_short_circuit_decorator.py
[2026-05-01T13:36:00.268+0000] {processor.py:830} INFO - Processing file /home/airflow/.local/lib/python3.12/site-packages/airflow/example_dags/example_short_circuit_decorator.py for tasks to queue
[2026-05-01T13:36:00.276+0000] {logging_mixin.py:188} INFO - [2026-05-01T13:36:00.275+0000] {dagbag.py:545} INFO - Filling up the DagBag from /home/airflow/.local/lib/python3.12/site-packages/airflow/example_dags/example_short_circuit_decorator.py
[2026-05-01T13:36:00.316+0000] {processor.py:840} INFO - DAG(s) 'example_short_circuit_decorator' retrieved from /home/airflow/.local/lib/python3.12/site-packages/airflow/example_dags/example_short_circuit_decorator.py
[2026-05-01T13:36:00.379+0000] {logging_mixin.py:188} INFO - [2026-05-01T13:36:00.379+0000] {dag.py:3089} INFO - Sync 1 DAGs
[2026-05-01T13:36:00.465+0000] {logging_mixin.py:188} INFO - [2026-05-01T13:36:00.465+0000] {dag.py:3947} INFO - Setting next_dagrun for example_short_circuit_decorator to 2026-04-30 00:00:00+00:00, run_after=2026-05-01 00:00:00+00:00
[2026-05-01T13:36:00.538+0000] {processor.py:183} INFO - Processing /home/airflow/.local/lib/python3.12/site-packages/airflow/example_dags/example_short_circuit_decorator.py took 0.307 seconds
[2026-05-01T13:36:31.282+0000] {processor.py:161} INFO - Started process (PID=1385) to work on /home/airflow/.local/lib/python3.12/site-packages/airflow/example_dags/example_short_circuit_decorator.py
[2026-05-01T13:36:31.288+0000] {processor.py:830} INFO - Processing file /home/airflow/.local/lib/python3.12/site-packages/airflow/example_dags/example_short_circuit_decorator.py for tasks to queue
[2026-05-01T13:36:31.301+0000] {logging_mixin.py:188} INFO - [2026-05-01T13:36:31.300+0000] {dagbag.py:545} INFO - Filling up the DagBag from /home/airflow/.local/lib/python3.12/site-packages/airflow/example_dags/example_short_circuit_decorator.py
[2026-05-01T13:36:31.336+0000] {processor.py:840} INFO - DAG(s) 'example_short_circuit_decorator' retrieved from /home/airflow/.local/lib/python3.12/site-packages/airflow/example_dags/example_short_circuit_decorator.py
[2026-05-01T13:36:31.430+0000] {logging_mixin.py:188} INFO - [2026-05-01T13:36:31.429+0000] {dag.py:3089} INFO - Sync 1 DAGs
[2026-05-01T13:36:31.495+0000] {logging_mixin.py:188} INFO - [2026-05-01T13:36:31.495+0000] {dag.py:3947} INFO - Setting next_dagrun for example_short_circuit_decorator to 2026-04-30 00:00:00+00:00, run_after=2026-05-01 00:00:00+00:00
[2026-05-01T13:36:31.710+0000] {processor.py:183} INFO - Processing /home/airflow/.local/lib/python3.12/site-packages/airflow/example_dags/example_short_circuit_decorator.py took 0.451 seconds
[2026-05-01T13:37:02.459+0000] {processor.py:161} INFO - Started process (PID=1443) to work on /home/airflow/.local/lib/python3.12/site-packages/airflow/example_dags/example_short_circuit_decorator.py
[2026-05-01T13:37:02.462+0000] {processor.py:830} INFO - Processing file /home/airflow/.local/lib/python3.12/site-packages/airflow/example_dags/example_short_circuit_decorator.py for tasks to queue
[2026-05-01T13:37:02.467+0000] {logging_mixin.py:188} INFO - [2026-05-01T13:37:02.466+0000] {dagbag.py:545} INFO - Filling up the DagBag from /home/airflow/.local/lib/python3.12/site-packages/airflow/example_dags/example_short_circuit_decorator.py
[2026-05-01T13:37:02.485+0000] {processor.py:840} INFO - DAG(s) 'example_short_circuit_decorator' retrieved from /home/airflow/.local/lib/python3.12/site-packages/airflow/example_dags/example_short_circuit_decorator.py
[2026-05-01T13:37:02.521+0000] {logging_mixin.py:188} INFO - [2026-05-01T13:37:02.520+0000] {dag.py:3089} INFO - Sync 1 DAGs
[2026-05-01T13:37:02.556+0000] {logging_mixin.py:188} INFO - [2026-05-01T13:37:02.555+0000] {dag.py:3947} INFO - Setting next_dagrun for example_short_circuit_decorator to 2026-04-30 00:00:00+00:00, run_after=2026-05-01 00:00:00+00:00
[2026-05-01T13:37:02.585+0000] {processor.py:183} INFO - Processing /home/airflow/.local/lib/python3.12/site-packages/airflow/example_dags/example_short_circuit_decorator.py took 0.136 seconds
[2026-05-01T13:37:32.985+0000] {processor.py:161} INFO - Started process (PID=1500) to work on /home/airflow/.local/lib/python3.12/site-packages/airflow/example_dags/example_short_circuit_decorator.py
[2026-05-01T13:37:32.989+0000] {processor.py:830} INFO - Processing file /home/airflow/.local/lib/python3.12/site-packages/airflow/example_dags/example_short_circuit_decorator.py for tasks to queue
[2026-05-01T13:37:32.998+0000] {logging_mixin.py:188} INFO - [2026-05-01T13:37:32.994+0000] {dagbag.py:545} INFO - Filling up the DagBag from /home/airflow/.local/lib/python3.12/site-packages/airflow/example_dags/example_short_circuit_decorator.py
[2026-05-01T13:37:33.020+0000] {processor.py:840} INFO - DAG(s) 'example_short_circuit_decorator' retrieved from /home/airflow/.local/lib/python3.12/site-packages/airflow/example_dags/example_short_circuit_decorator.py
[2026-05-01T13:37:33.070+0000] {logging_mixin.py:188} INFO - [2026-05-01T13:37:33.069+0000] {dag.py:3089} INFO - Sync 1 DAGs
[2026-05-01T13:37:33.107+0000] {logging_mixin.py:188} INFO - [2026-05-01T13:37:33.107+0000] {dag.py:3947} INFO - Setting next_dagrun for example_short_circuit_decorator to 2026-04-30 00:00:00+00:00, run_after=2026-05-01 00:00:00+00:00
[2026-05-01T13:37:33.162+0000] {processor.py:183} INFO - Processing /home/airflow/.local/lib/python3.12/site-packages/airflow/example_dags/example_short_circuit_decorator.py took 0.187 seconds
[2026-05-01T13:38:03.472+0000] {processor.py:161} INFO - Started process (PID=1557) to work on /home/airflow/.local/lib/python3.12/site-packages/airflow/example_dags/example_short_circuit_decorator.py
[2026-05-01T13:38:03.477+0000] {processor.py:830} INFO - Processing file /home/airflow/.local/lib/python3.12/site-packages/airflow/example_dags/example_short_circuit_decorator.py for tasks to queue
[2026-05-01T13:38:03.483+0000] {logging_mixin.py:188} INFO - [2026-05-01T13:38:03.482+0000] {dagbag.py:545} INFO - Filling up the DagBag from /home/airflow/.local/lib/python3.12/site-packages/airflow/example_dags/example_short_circuit_decorator.py
[2026-05-01T13:38:03.511+0000] {processor.py:840} INFO - DAG(s) 'example_short_circuit_decorator' retrieved from /home/airflow/.local/lib/python3.12/site-packages/airflow/example_dags/example_short_circuit_decorator.py
[2026-05-01T13:38:03.574+0000] {logging_mixin.py:188} INFO - [2026-05-01T13:38:03.573+0000] {dag.py:3089} INFO - Sync 1 DAGs
[2026-05-01T13:38:03.889+0000] {logging_mixin.py:188} INFO - [2026-05-01T13:38:03.888+0000] {dag.py:3947} INFO - Setting next_dagrun for example_short_circuit_decorator to 2026-04-30 00:00:00+00:00, run_after=2026-05-01 00:00:00+00:00
[2026-05-01T13:38:03.921+0000] {processor.py:183} INFO - Processing /home/airflow/.local/lib/python3.12/site-packages/airflow/example_dags/example_short_circuit_decorator.py took 0.474 seconds
[2026-05-01T13:38:34.357+0000] {processor.py:161} INFO - Started process (PID=1615) to work on /home/airflow/.local/lib/python3.12/site-packages/airflow/example_dags/example_short_circuit_decorator.py
[2026-05-01T13:38:34.359+0000] {processor.py:830} INFO - Processing file /home/airflow/.local/lib/python3.12/site-packages/airflow/example_dags/example_short_circuit_decorator.py for tasks to queue
[2026-05-01T13:38:34.367+0000] {logging_mixin.py:188} INFO - [2026-05-01T13:38:34.366+0000] {dagbag.py:545} INFO - Filling up the DagBag from /home/airflow/.local/lib/python3.12/site-packages/airflow/example_dags/example_short_circuit_decorator.py
[2026-05-01T13:38:34.391+0000] {processor.py:840} INFO - DAG(s) 'example_short_circuit_decorator' retrieved from /home/airflow/.local/lib/python3.12/site-packages/airflow/example_dags/example_short_circuit_decorator.py
[2026-05-01T13:38:34.430+0000] {logging_mixin.py:188} INFO - [2026-05-01T13:38:34.429+0000] {dag.py:3089} INFO - Sync 1 DAGs
[2026-05-01T13:38:34.483+0000] {logging_mixin.py:188} INFO - [2026-05-01T13:38:34.483+0000] {dag.py:3947} INFO - Setting next_dagrun for example_short_circuit_decorator to 2026-04-30 00:00:00+00:00, run_after=2026-05-01 00:00:00+00:00
[2026-05-01T13:38:34.537+0000] {processor.py:183} INFO - Processing /home/airflow/.local/lib/python3.12/site-packages/airflow/example_dags/example_short_circuit_decorator.py took 0.195 seconds
[2026-05-01T13:39:05.136+0000] {processor.py:161} INFO - Started process (PID=1673) to work on /home/airflow/.local/lib/python3.12/site-packages/airflow/example_dags/example_short_circuit_decorator.py
[2026-05-01T13:39:05.139+0000] {processor.py:830} INFO - Processing file /home/airflow/.local/lib/python3.12/site-packages/airflow/example_dags/example_short_circuit_decorator.py for tasks to queue
[2026-05-01T13:39:05.145+0000] {logging_mixin.py:188} INFO - [2026-05-01T13:39:05.144+0000] {dagbag.py:545} INFO - Filling up the DagBag from /home/airflow/.local/lib/python3.12/site-packages/airflow/example_dags/example_short_circuit_decorator.py
[2026-05-01T13:39:05.167+0000] {processor.py:840} INFO - DAG(s) 'example_short_circuit_decorator' retrieved from /home/airflow/.local/lib/python3.12/site-packages/airflow/example_dags/example_short_circuit_decorator.py
[2026-05-01T13:39:05.212+0000] {logging_mixin.py:188} INFO - [2026-05-01T13:39:05.212+0000] {dag.py:3089} INFO - Sync 1 DAGs
[2026-05-01T13:39:05.255+0000] {logging_mixin.py:188} INFO - [2026-05-01T13:39:05.255+0000] {dag.py:3947} INFO - Setting next_dagrun for example_short_circuit_decorator to 2026-04-30 00:00:00+00:00, run_after=2026-05-01 00:00:00+00:00
[2026-05-01T13:39:05.321+0000] {processor.py:183} INFO - Processing /home/airflow/.local/lib/python3.12/site-packages/airflow/example_dags/example_short_circuit_decorator.py took 0.198 seconds
[2026-05-01T13:39:35.806+0000] {processor.py:161} INFO - Started process (PID=1731) to work on /home/airflow/.local/lib/python3.12/site-packages/airflow/example_dags/example_short_circuit_decorator.py
[2026-05-01T13:39:35.814+0000] {processor.py:830} INFO - Processing file /home/airflow/.local/lib/python3.12/site-packages/airflow/example_dags/example_short_circuit_decorator.py for tasks to queue
[2026-05-01T13:39:35.822+0000] {logging_mixin.py:188} INFO - [2026-05-01T13:39:35.820+0000] {dagbag.py:545} INFO - Filling up the DagBag from /home/airflow/.local/lib/python3.12/site-packages/airflow/example_dags/example_short_circuit_decorator.py
[2026-05-01T13:39:35.850+0000] {processor.py:840} INFO - DAG(s) 'example_short_circuit_decorator' retrieved from /home/airflow/.local/lib/python3.12/site-packages/airflow/example_dags/example_short_circuit_decorator.py
[2026-05-01T13:39:35.910+0000] {logging_mixin.py:188} INFO - [2026-05-01T13:39:35.909+0000] {dag.py:3089} INFO - Sync 1 DAGs
[2026-05-01T13:39:35.977+0000] {logging_mixin.py:188} INFO - [2026-05-01T13:39:35.976+0000] {dag.py:3947} INFO - Setting next_dagrun for example_short_circuit_decorator to 2026-04-30 00:00:00+00:00, run_after=2026-05-01 00:00:00+00:00
[2026-05-01T13:39:36.037+0000] {processor.py:183} INFO - Processing /home/airflow/.local/lib/python3.12/site-packages/airflow/example_dags/example_short_circuit_decorator.py took 0.251 seconds
[2026-05-01T13:40:06.926+0000] {processor.py:161} INFO - Started process (PID=1789) to work on /home/airflow/.local/lib/python3.12/site-packages/airflow/example_dags/example_short_circuit_decorator.py
[2026-05-01T13:40:06.929+0000] {processor.py:830} INFO - Processing file /home/airflow/.local/lib/python3.12/site-packages/airflow/example_dags/example_short_circuit_decorator.py for tasks to queue
[2026-05-01T13:40:06.940+0000] {logging_mixin.py:188} INFO - [2026-05-01T13:40:06.938+0000] {dagbag.py:545} INFO - Filling up the DagBag from /home/airflow/.local/lib/python3.12/site-packages/airflow/example_dags/example_short_circuit_decorator.py
[2026-05-01T13:40:07.198+0000] {processor.py:840} INFO - DAG(s) 'example_short_circuit_decorator' retrieved from /home/airflow/.local/lib/python3.12/site-packages/airflow/example_dags/example_short_circuit_decorator.py
[2026-05-01T13:40:07.259+0000] {logging_mixin.py:188} INFO - [2026-05-01T13:40:07.259+0000] {dag.py:3089} INFO - Sync 1 DAGs
[2026-05-01T13:40:07.294+0000] {logging_mixin.py:188} INFO - [2026-05-01T13:40:07.293+0000] {dag.py:3947} INFO - Setting next_dagrun for example_short_circuit_decorator to 2026-04-30 00:00:00+00:00, run_after=2026-05-01 00:00:00+00:00
[2026-05-01T13:40:07.319+0000] {processor.py:183} INFO - Processing /home/airflow/.local/lib/python3.12/site-packages/airflow/example_dags/example_short_circuit_decorator.py took 0.410 seconds
[2026-05-01T13:42:16.851+0000] {processor.py:161} INFO - Started process (PID=36) to work on /home/airflow/.local/lib/python3.12/site-packages/airflow/example_dags/example_short_circuit_decorator.py
[2026-05-01T13:42:16.857+0000] {processor.py:830} INFO - Processing file /home/airflow/.local/lib/python3.12/site-packages/airflow/example_dags/example_short_circuit_decorator.py for tasks to queue
[2026-05-01T13:42:16.880+0000] {logging_mixin.py:188} INFO - [2026-05-01T13:42:16.876+0000] {dagbag.py:545} INFO - Filling up the DagBag from /home/airflow/.local/lib/python3.12/site-packages/airflow/example_dags/example_short_circuit_decorator.py
[2026-05-01T13:42:16.979+0000] {processor.py:840} INFO - DAG(s) 'example_short_circuit_decorator' retrieved from /home/airflow/.local/lib/python3.12/site-packages/airflow/example_dags/example_short_circuit_decorator.py
[2026-05-01T13:42:18.285+0000] {logging_mixin.py:188} INFO - [2026-05-01T13:42:18.285+0000] {dag.py:3089} INFO - Sync 1 DAGs
[2026-05-01T13:42:18.423+0000] {logging_mixin.py:188} INFO - [2026-05-01T13:42:18.423+0000] {dag.py:3947} INFO - Setting next_dagrun for example_short_circuit_decorator to 2026-04-30 00:00:00+00:00, run_after=2026-05-01 00:00:00+00:00
[2026-05-01T13:42:18.510+0000] {processor.py:183} INFO - Processing /home/airflow/.local/lib/python3.12/site-packages/airflow/example_dags/example_short_circuit_decorator.py took 1.692 seconds
[2026-05-01T13:42:53.956+0000] {processor.py:161} INFO - Started process (PID=100) to work on /home/airflow/.local/lib/python3.12/site-packages/airflow/example_dags/example_short_circuit_decorator.py
[2026-05-01T13:42:53.966+0000] {processor.py:830} INFO - Processing file /home/airflow/.local/lib/python3.12/site-packages/airflow/example_dags/example_short_circuit_decorator.py for tasks to queue
[2026-05-01T13:42:53.983+0000] {logging_mixin.py:188} INFO - [2026-05-01T13:42:53.982+0000] {dagbag.py:545} INFO - Filling up the DagBag from /home/airflow/.local/lib/python3.12/site-packages/airflow/example_dags/example_short_circuit_decorator.py
[2026-05-01T13:42:54.069+0000] {processor.py:840} INFO - DAG(s) 'example_short_circuit_decorator' retrieved from /home/airflow/.local/lib/python3.12/site-packages/airflow/example_dags/example_short_circuit_decorator.py
[2026-05-01T13:42:54.166+0000] {logging_mixin.py:188} INFO - [2026-05-01T13:42:54.166+0000] {dag.py:3089} INFO - Sync 1 DAGs
[2026-05-01T13:42:54.203+0000] {logging_mixin.py:188} INFO - [2026-05-01T13:42:54.202+0000] {dag.py:3947} INFO - Setting next_dagrun for example_short_circuit_decorator to 2026-04-30 00:00:00+00:00, run_after=2026-05-01 00:00:00+00:00
[2026-05-01T13:42:54.253+0000] {processor.py:183} INFO - Processing /home/airflow/.local/lib/python3.12/site-packages/airflow/example_dags/example_short_circuit_decorator.py took 0.323 seconds
[2026-05-01T13:43:26.760+0000] {processor.py:161} INFO - Started process (PID=148) to work on /home/airflow/.local/lib/python3.12/site-packages/airflow/example_dags/example_short_circuit_decorator.py
[2026-05-01T13:43:26.773+0000] {processor.py:830} INFO - Processing file /home/airflow/.local/lib/python3.12/site-packages/airflow/example_dags/example_short_circuit_decorator.py for tasks to queue
[2026-05-01T13:43:26.779+0000] {logging_mixin.py:188} INFO - [2026-05-01T13:43:26.778+0000] {dagbag.py:545} INFO - Filling up the DagBag from /home/airflow/.local/lib/python3.12/site-packages/airflow/example_dags/example_short_circuit_decorator.py
[2026-05-01T13:43:26.824+0000] {processor.py:840} INFO - DAG(s) 'example_short_circuit_decorator' retrieved from /home/airflow/.local/lib/python3.12/site-packages/airflow/example_dags/example_short_circuit_decorator.py
[2026-05-01T13:43:27.032+0000] {logging_mixin.py:188} INFO - [2026-05-01T13:43:27.031+0000] {dag.py:3089} INFO - Sync 1 DAGs
[2026-05-01T13:43:27.250+0000] {logging_mixin.py:188} INFO - [2026-05-01T13:43:27.249+0000] {dag.py:3947} INFO - Setting next_dagrun for example_short_circuit_decorator to 2026-04-30 00:00:00+00:00, run_after=2026-05-01 00:00:00+00:00
[2026-05-01T13:43:27.344+0000] {processor.py:183} INFO - Processing /home/airflow/.local/lib/python3.12/site-packages/airflow/example_dags/example_short_circuit_decorator.py took 0.617 seconds
[2026-05-01T13:43:58.014+0000] {processor.py:161} INFO - Started process (PID=206) to work on /home/airflow/.local/lib/python3.12/site-packages/airflow/example_dags/example_short_circuit_decorator.py
[2026-05-01T13:43:58.018+0000] {processor.py:830} INFO - Processing file /home/airflow/.local/lib/python3.12/site-packages/airflow/example_dags/example_short_circuit_decorator.py for tasks to queue
[2026-05-01T13:43:58.024+0000] {logging_mixin.py:188} INFO - [2026-05-01T13:43:58.023+0000] {dagbag.py:545} INFO - Filling up the DagBag from /home/airflow/.local/lib/python3.12/site-packages/airflow/example_dags/example_short_circuit_decorator.py
[2026-05-01T13:43:58.062+0000] {processor.py:840} INFO - DAG(s) 'example_short_circuit_decorator' retrieved from /home/airflow/.local/lib/python3.12/site-packages/airflow/example_dags/example_short_circuit_decorator.py
[2026-05-01T13:43:58.254+0000] {logging_mixin.py:188} INFO - [2026-05-01T13:43:58.253+0000] {dag.py:3089} INFO - Sync 1 DAGs
[2026-05-01T13:43:58.319+0000] {logging_mixin.py:188} INFO - [2026-05-01T13:43:58.318+0000] {dag.py:3947} INFO - Setting next_dagrun for example_short_circuit_decorator to 2026-04-30 00:00:00+00:00, run_after=2026-05-01 00:00:00+00:00
[2026-05-01T13:43:58.411+0000] {processor.py:183} INFO - Processing /home/airflow/.local/lib/python3.12/site-packages/airflow/example_dags/example_short_circuit_decorator.py took 0.409 seconds
[2026-05-01T13:44:30.192+0000] {processor.py:161} INFO - Started process (PID=263) to work on /home/airflow/.local/lib/python3.12/site-packages/airflow/example_dags/example_short_circuit_decorator.py
[2026-05-01T13:44:30.194+0000] {processor.py:830} INFO - Processing file /home/airflow/.local/lib/python3.12/site-packages/airflow/example_dags/example_short_circuit_decorator.py for tasks to queue
[2026-05-01T13:44:30.203+0000] {logging_mixin.py:188} INFO - [2026-05-01T13:44:30.201+0000] {dagbag.py:545} INFO - Filling up the DagBag from /home/airflow/.local/lib/python3.12/site-packages/airflow/example_dags/example_short_circuit_decorator.py
[2026-05-01T13:44:30.262+0000] {processor.py:840} INFO - DAG(s) 'example_short_circuit_decorator' retrieved from /home/airflow/.local/lib/python3.12/site-packages/airflow/example_dags/example_short_circuit_decorator.py
[2026-05-01T13:44:30.326+0000] {logging_mixin.py:188} INFO - [2026-05-01T13:44:30.325+0000] {dag.py:3089} INFO - Sync 1 DAGs
[2026-05-01T13:44:30.391+0000] {logging_mixin.py:188} INFO - [2026-05-01T13:44:30.390+0000] {dag.py:3947} INFO - Setting next_dagrun for example_short_circuit_decorator to 2026-04-30 00:00:00+00:00, run_after=2026-05-01 00:00:00+00:00
[2026-05-01T13:44:30.422+0000] {processor.py:183} INFO - Processing /home/airflow/.local/lib/python3.12/site-packages/airflow/example_dags/example_short_circuit_decorator.py took 0.267 seconds
[2026-05-01T13:45:00.775+0000] {processor.py:161} INFO - Started process (PID=321) to work on /home/airflow/.local/lib/python3.12/site-packages/airflow/example_dags/example_short_circuit_decorator.py
[2026-05-01T13:45:00.779+0000] {processor.py:830} INFO - Processing file /home/airflow/.local/lib/python3.12/site-packages/airflow/example_dags/example_short_circuit_decorator.py for tasks to queue
[2026-05-01T13:45:00.791+0000] {logging_mixin.py:188} INFO - [2026-05-01T13:45:00.791+0000] {dagbag.py:545} INFO - Filling up the DagBag from /home/airflow/.local/lib/python3.12/site-packages/airflow/example_dags/example_short_circuit_decorator.py
[2026-05-01T13:45:00.810+0000] {processor.py:840} INFO - DAG(s) 'example_short_circuit_decorator' retrieved from /home/airflow/.local/lib/python3.12/site-packages/airflow/example_dags/example_short_circuit_decorator.py
[2026-05-01T13:45:00.970+0000] {logging_mixin.py:188} INFO - [2026-05-01T13:45:00.970+0000] {dag.py:3089} INFO - Sync 1 DAGs
[2026-05-01T13:45:01.140+0000] {logging_mixin.py:188} INFO - [2026-05-01T13:45:01.124+0000] {dag.py:3947} INFO - Setting next_dagrun for example_short_circuit_decorator to 2026-04-30 00:00:00+00:00, run_after=2026-05-01 00:00:00+00:00
[2026-05-01T13:45:01.254+0000] {processor.py:183} INFO - Processing /home/airflow/.local/lib/python3.12/site-packages/airflow/example_dags/example_short_circuit_decorator.py took 0.514 seconds
[2026-05-01T13:45:31.748+0000] {processor.py:161} INFO - Started process (PID=379) to work on /home/airflow/.local/lib/python3.12/site-packages/airflow/example_dags/example_short_circuit_decorator.py
[2026-05-01T13:45:31.761+0000] {processor.py:830} INFO - Processing file /home/airflow/.local/lib/python3.12/site-packages/airflow/example_dags/example_short_circuit_decorator.py for tasks to queue
[2026-05-01T13:45:31.778+0000] {logging_mixin.py:188} INFO - [2026-05-01T13:45:31.777+0000] {dagbag.py:545} INFO - Filling up the DagBag from /home/airflow/.local/lib/python3.12/site-packages/airflow/example_dags/example_short_circuit_decorator.py
[2026-05-01T13:45:31.829+0000] {processor.py:840} INFO - DAG(s) 'example_short_circuit_decorator' retrieved from /home/airflow/.local/lib/python3.12/site-packages/airflow/example_dags/example_short_circuit_decorator.py
[2026-05-01T13:45:31.940+0000] {logging_mixin.py:188} INFO - [2026-05-01T13:45:31.939+0000] {dag.py:3089} INFO - Sync 1 DAGs
[2026-05-01T13:45:32.004+0000] {logging_mixin.py:188} INFO - [2026-05-01T13:45:32.004+0000] {dag.py:3947} INFO - Setting next_dagrun for example_short_circuit_decorator to 2026-04-30 00:00:00+00:00, run_after=2026-05-01 00:00:00+00:00
[2026-05-01T13:45:32.044+0000] {processor.py:183} INFO - Processing /home/airflow/.local/lib/python3.12/site-packages/airflow/example_dags/example_short_circuit_decorator.py took 0.316 seconds
[2026-05-01T13:46:02.310+0000] {processor.py:161} INFO - Started process (PID=436) to work on /home/airflow/.local/lib/python3.12/site-packages/airflow/example_dags/example_short_circuit_decorator.py
[2026-05-01T13:46:02.313+0000] {processor.py:830} INFO - Processing file /home/airflow/.local/lib/python3.12/site-packages/airflow/example_dags/example_short_circuit_decorator.py for tasks to queue
[2026-05-01T13:46:02.320+0000] {logging_mixin.py:188} INFO - [2026-05-01T13:46:02.320+0000] {dagbag.py:545} INFO - Filling up the DagBag from /home/airflow/.local/lib/python3.12/site-packages/airflow/example_dags/example_short_circuit_decorator.py
[2026-05-01T13:46:02.338+0000] {processor.py:840} INFO - DAG(s) 'example_short_circuit_decorator' retrieved from /home/airflow/.local/lib/python3.12/site-packages/airflow/example_dags/example_short_circuit_decorator.py
[2026-05-01T13:46:02.379+0000] {logging_mixin.py:188} INFO - [2026-05-01T13:46:02.378+0000] {dag.py:3089} INFO - Sync 1 DAGs
[2026-05-01T13:46:02.408+0000] {logging_mixin.py:188} INFO - [2026-05-01T13:46:02.408+0000] {dag.py:3947} INFO - Setting next_dagrun for example_short_circuit_decorator to 2026-04-30 00:00:00+00:00, run_after=2026-05-01 00:00:00+00:00
[2026-05-01T13:46:02.441+0000] {processor.py:183} INFO - Processing /home/airflow/.local/lib/python3.12/site-packages/airflow/example_dags/example_short_circuit_decorator.py took 0.145 seconds
[2026-05-01T13:46:32.532+0000] {processor.py:161} INFO - Started process (PID=493) to work on /home/airflow/.local/lib/python3.12/site-packages/airflow/example_dags/example_short_circuit_decorator.py
[2026-05-01T13:46:32.534+0000] {processor.py:830} INFO - Processing file /home/airflow/.local/lib/python3.12/site-packages/airflow/example_dags/example_short_circuit_decorator.py for tasks to queue
[2026-05-01T13:46:32.539+0000] {logging_mixin.py:188} INFO - [2026-05-01T13:46:32.538+0000] {dagbag.py:545} INFO - Filling up the DagBag from /home/airflow/.local/lib/python3.12/site-packages/airflow/example_dags/example_short_circuit_decorator.py
[2026-05-01T13:46:32.566+0000] {processor.py:840} INFO - DAG(s) 'example_short_circuit_decorator' retrieved from /home/airflow/.local/lib/python3.12/site-packages/airflow/example_dags/example_short_circuit_decorator.py
[2026-05-01T13:46:32.612+0000] {logging_mixin.py:188} INFO - [2026-05-01T13:46:32.612+0000] {dag.py:3089} INFO - Sync 1 DAGs
[2026-05-01T13:46:32.655+0000] {logging_mixin.py:188} INFO - [2026-05-01T13:46:32.654+0000] {dag.py:3947} INFO - Setting next_dagrun for example_short_circuit_decorator to 2026-04-30 00:00:00+00:00, run_after=2026-05-01 00:00:00+00:00
[2026-05-01T13:46:32.693+0000] {processor.py:183} INFO - Processing /home/airflow/.local/lib/python3.12/site-packages/airflow/example_dags/example_short_circuit_decorator.py took 0.171 seconds
[2026-05-01T13:47:03.186+0000] {processor.py:161} INFO - Started process (PID=551) to work on /home/airflow/.local/lib/python3.12/site-packages/airflow/example_dags/example_short_circuit_decorator.py
[2026-05-01T13:47:03.190+0000] {processor.py:830} INFO - Processing file /home/airflow/.local/lib/python3.12/site-packages/airflow/example_dags/example_short_circuit_decorator.py for tasks to queue
[2026-05-01T13:47:03.196+0000] {logging_mixin.py:188} INFO - [2026-05-01T13:47:03.195+0000] {dagbag.py:545} INFO - Filling up the DagBag from /home/airflow/.local/lib/python3.12/site-packages/airflow/example_dags/example_short_circuit_decorator.py
[2026-05-01T13:47:03.211+0000] {processor.py:840} INFO - DAG(s) 'example_short_circuit_decorator' retrieved from /home/airflow/.local/lib/python3.12/site-packages/airflow/example_dags/example_short_circuit_decorator.py
[2026-05-01T13:47:03.272+0000] {logging_mixin.py:188} INFO - [2026-05-01T13:47:03.272+0000] {dag.py:3089} INFO - Sync 1 DAGs
[2026-05-01T13:47:03.318+0000] {logging_mixin.py:188} INFO - [2026-05-01T13:47:03.318+0000] {dag.py:3947} INFO - Setting next_dagrun for example_short_circuit_decorator to 2026-04-30 00:00:00+00:00, run_after=2026-05-01 00:00:00+00:00
[2026-05-01T13:47:03.355+0000] {processor.py:183} INFO - Processing /home/airflow/.local/lib/python3.12/site-packages/airflow/example_dags/example_short_circuit_decorator.py took 0.191 seconds
[2026-05-01T13:47:34.960+0000] {processor.py:161} INFO - Started process (PID=609) to work on /home/airflow/.local/lib/python3.12/site-packages/airflow/example_dags/example_short_circuit_decorator.py
[2026-05-01T13:47:34.975+0000] {processor.py:830} INFO - Processing file /home/airflow/.local/lib/python3.12/site-packages/airflow/example_dags/example_short_circuit_decorator.py for tasks to queue
[2026-05-01T13:47:34.994+0000] {logging_mixin.py:188} INFO - [2026-05-01T13:47:34.992+0000] {dagbag.py:545} INFO - Filling up the DagBag from /home/airflow/.local/lib/python3.12/site-packages/airflow/example_dags/example_short_circuit_decorator.py
[2026-05-01T13:47:35.073+0000] {processor.py:840} INFO - DAG(s) 'example_short_circuit_decorator' retrieved from /home/airflow/.local/lib/python3.12/site-packages/airflow/example_dags/example_short_circuit_decorator.py
[2026-05-01T13:47:35.121+0000] {logging_mixin.py:188} INFO - [2026-05-01T13:47:35.120+0000] {dag.py:3089} INFO - Sync 1 DAGs
[2026-05-01T13:47:35.159+0000] {logging_mixin.py:188} INFO - [2026-05-01T13:47:35.159+0000] {dag.py:3947} INFO - Setting next_dagrun for example_short_circuit_decorator to 2026-04-30 00:00:00+00:00, run_after=2026-05-01 00:00:00+00:00
[2026-05-01T13:47:35.189+0000] {processor.py:183} INFO - Processing /home/airflow/.local/lib/python3.12/site-packages/airflow/example_dags/example_short_circuit_decorator.py took 0.310 seconds
[2026-05-01T13:48:06.086+0000] {processor.py:161} INFO - Started process (PID=666) to work on /home/airflow/.local/lib/python3.12/site-packages/airflow/example_dags/example_short_circuit_decorator.py
[2026-05-01T13:48:06.090+0000] {processor.py:830} INFO - Processing file /home/airflow/.local/lib/python3.12/site-packages/airflow/example_dags/example_short_circuit_decorator.py for tasks to queue
[2026-05-01T13:48:06.095+0000] {logging_mixin.py:188} INFO - [2026-05-01T13:48:06.095+0000] {dagbag.py:545} INFO - Filling up the DagBag from /home/airflow/.local/lib/python3.12/site-packages/airflow/example_dags/example_short_circuit_decorator.py
[2026-05-01T13:48:06.121+0000] {processor.py:840} INFO - DAG(s) 'example_short_circuit_decorator' retrieved from /home/airflow/.local/lib/python3.12/site-packages/airflow/example_dags/example_short_circuit_decorator.py
[2026-05-01T13:48:06.191+0000] {logging_mixin.py:188} INFO - [2026-05-01T13:48:06.190+0000] {dag.py:3089} INFO - Sync 1 DAGs
[2026-05-01T13:48:06.280+0000] {logging_mixin.py:188} INFO - [2026-05-01T13:48:06.280+0000] {dag.py:3947} INFO - Setting next_dagrun for example_short_circuit_decorator to 2026-04-30 00:00:00+00:00, run_after=2026-05-01 00:00:00+00:00
[2026-05-01T13:48:06.362+0000] {processor.py:183} INFO - Processing /home/airflow/.local/lib/python3.12/site-packages/airflow/example_dags/example_short_circuit_decorator.py took 0.305 seconds
[2026-05-01T13:48:36.591+0000] {processor.py:161} INFO - Started process (PID=724) to work on /home/airflow/.local/lib/python3.12/site-packages/airflow/example_dags/example_short_circuit_decorator.py
[2026-05-01T13:48:36.594+0000] {processor.py:830} INFO - Processing file /home/airflow/.local/lib/python3.12/site-packages/airflow/example_dags/example_short_circuit_decorator.py for tasks to queue
[2026-05-01T13:48:36.599+0000] {logging_mixin.py:188} INFO - [2026-05-01T13:48:36.599+0000] {dagbag.py:545} INFO - Filling up the DagBag from /home/airflow/.local/lib/python3.12/site-packages/airflow/example_dags/example_short_circuit_decorator.py
[2026-05-01T13:48:36.620+0000] {processor.py:840} INFO - DAG(s) 'example_short_circuit_decorator' retrieved from /home/airflow/.local/lib/python3.12/site-packages/airflow/example_dags/example_short_circuit_decorator.py
[2026-05-01T13:48:36.674+0000] {logging_mixin.py:188} INFO - [2026-05-01T13:48:36.674+0000] {dag.py:3089} INFO - Sync 1 DAGs
[2026-05-01T13:48:36.708+0000] {logging_mixin.py:188} INFO - [2026-05-01T13:48:36.708+0000] {dag.py:3947} INFO - Setting next_dagrun for example_short_circuit_decorator to 2026-04-30 00:00:00+00:00, run_after=2026-05-01 00:00:00+00:00
[2026-05-01T13:48:36.743+0000] {processor.py:183} INFO - Processing /home/airflow/.local/lib/python3.12/site-packages/airflow/example_dags/example_short_circuit_decorator.py took 0.166 seconds
[2026-05-01T13:49:07.032+0000] {processor.py:161} INFO - Started process (PID=781) to work on /home/airflow/.local/lib/python3.12/site-packages/airflow/example_dags/example_short_circuit_decorator.py
[2026-05-01T13:49:07.036+0000] {processor.py:830} INFO - Processing file /home/airflow/.local/lib/python3.12/site-packages/airflow/example_dags/example_short_circuit_decorator.py for tasks to queue
[2026-05-01T13:49:07.041+0000] {logging_mixin.py:188} INFO - [2026-05-01T13:49:07.040+0000] {dagbag.py:545} INFO - Filling up the DagBag from /home/airflow/.local/lib/python3.12/site-packages/airflow/example_dags/example_short_circuit_decorator.py
[2026-05-01T13:49:07.059+0000] {processor.py:840} INFO - DAG(s) 'example_short_circuit_decorator' retrieved from /home/airflow/.local/lib/python3.12/site-packages/airflow/example_dags/example_short_circuit_decorator.py
[2026-05-01T13:49:07.101+0000] {logging_mixin.py:188} INFO - [2026-05-01T13:49:07.100+0000] {dag.py:3089} INFO - Sync 1 DAGs
[2026-05-01T13:49:07.154+0000] {logging_mixin.py:188} INFO - [2026-05-01T13:49:07.153+0000] {dag.py:3947} INFO - Setting next_dagrun for example_short_circuit_decorator to 2026-04-30 00:00:00+00:00, run_after=2026-05-01 00:00:00+00:00
[2026-05-01T13:49:07.195+0000] {processor.py:183} INFO - Processing /home/airflow/.local/lib/python3.12/site-packages/airflow/example_dags/example_short_circuit_decorator.py took 0.184 seconds
[2026-05-01T13:49:37.835+0000] {processor.py:161} INFO - Started process (PID=839) to work on /home/airflow/.local/lib/python3.12/site-packages/airflow/example_dags/example_short_circuit_decorator.py
[2026-05-01T13:49:37.838+0000] {processor.py:830} INFO - Processing file /home/airflow/.local/lib/python3.12/site-packages/airflow/example_dags/example_short_circuit_decorator.py for tasks to queue
[2026-05-01T13:49:37.843+0000] {logging_mixin.py:188} INFO - [2026-05-01T13:49:37.843+0000] {dagbag.py:545} INFO - Filling up the DagBag from /home/airflow/.local/lib/python3.12/site-packages/airflow/example_dags/example_short_circuit_decorator.py
[2026-05-01T13:49:37.866+0000] {processor.py:840} INFO - DAG(s) 'example_short_circuit_decorator' retrieved from /home/airflow/.local/lib/python3.12/site-packages/airflow/example_dags/example_short_circuit_decorator.py
[2026-05-01T13:49:37.911+0000] {logging_mixin.py:188} INFO - [2026-05-01T13:49:37.911+0000] {dag.py:3089} INFO - Sync 1 DAGs
[2026-05-01T13:49:37.968+0000] {logging_mixin.py:188} INFO - [2026-05-01T13:49:37.967+0000] {dag.py:3947} INFO - Setting next_dagrun for example_short_circuit_decorator to 2026-04-30 00:00:00+00:00, run_after=2026-05-01 00:00:00+00:00
[2026-05-01T13:49:38.015+0000] {processor.py:183} INFO - Processing /home/airflow/.local/lib/python3.12/site-packages/airflow/example_dags/example_short_circuit_decorator.py took 0.190 seconds
[2026-05-01T13:50:09.963+0000] {processor.py:161} INFO - Started process (PID=894) to work on /home/airflow/.local/lib/python3.12/site-packages/airflow/example_dags/example_short_circuit_decorator.py
[2026-05-01T13:50:09.968+0000] {processor.py:830} INFO - Processing file /home/airflow/.local/lib/python3.12/site-packages/airflow/example_dags/example_short_circuit_decorator.py for tasks to queue
[2026-05-01T13:50:09.978+0000] {logging_mixin.py:188} INFO - [2026-05-01T13:50:09.977+0000] {dagbag.py:545} INFO - Filling up the DagBag from /home/airflow/.local/lib/python3.12/site-packages/airflow/example_dags/example_short_circuit_decorator.py
[2026-05-01T13:50:10.019+0000] {processor.py:840} INFO - DAG(s) 'example_short_circuit_decorator' retrieved from /home/airflow/.local/lib/python3.12/site-packages/airflow/example_dags/example_short_circuit_decorator.py
[2026-05-01T13:50:10.100+0000] {logging_mixin.py:188} INFO - [2026-05-01T13:50:10.096+0000] {dag.py:3089} INFO - Sync 1 DAGs
[2026-05-01T13:50:10.157+0000] {logging_mixin.py:188} INFO - [2026-05-01T13:50:10.156+0000] {dag.py:3947} INFO - Setting next_dagrun for example_short_circuit_decorator to 2026-04-30 00:00:00+00:00, run_after=2026-05-01 00:00:00+00:00
[2026-05-01T13:50:10.243+0000] {processor.py:183} INFO - Processing /home/airflow/.local/lib/python3.12/site-packages/airflow/example_dags/example_short_circuit_decorator.py took 0.304 seconds
[2026-05-01T13:50:40.432+0000] {processor.py:161} INFO - Started process (PID=951) to work on /home/airflow/.local/lib/python3.12/site-packages/airflow/example_dags/example_short_circuit_decorator.py
[2026-05-01T13:50:40.435+0000] {processor.py:830} INFO - Processing file /home/airflow/.local/lib/python3.12/site-packages/airflow/example_dags/example_short_circuit_decorator.py for tasks to queue
[2026-05-01T13:50:40.440+0000] {logging_mixin.py:188} INFO - [2026-05-01T13:50:40.439+0000] {dagbag.py:545} INFO - Filling up the DagBag from /home/airflow/.local/lib/python3.12/site-packages/airflow/example_dags/example_short_circuit_decorator.py
[2026-05-01T13:50:40.467+0000] {processor.py:840} INFO - DAG(s) 'example_short_circuit_decorator' retrieved from /home/airflow/.local/lib/python3.12/site-packages/airflow/example_dags/example_short_circuit_decorator.py
[2026-05-01T13:50:40.514+0000] {logging_mixin.py:188} INFO - [2026-05-01T13:50:40.514+0000] {dag.py:3089} INFO - Sync 1 DAGs
[2026-05-01T13:50:40.555+0000] {logging_mixin.py:188} INFO - [2026-05-01T13:50:40.554+0000] {dag.py:3947} INFO - Setting next_dagrun for example_short_circuit_decorator to 2026-04-30 00:00:00+00:00, run_after=2026-05-01 00:00:00+00:00
[2026-05-01T13:50:40.584+0000] {processor.py:183} INFO - Processing /home/airflow/.local/lib/python3.12/site-packages/airflow/example_dags/example_short_circuit_decorator.py took 0.161 seconds
[2026-05-01T13:51:11.657+0000] {processor.py:161} INFO - Started process (PID=1008) to work on /home/airflow/.local/lib/python3.12/site-packages/airflow/example_dags/example_short_circuit_decorator.py
[2026-05-01T13:51:11.663+0000] {processor.py:830} INFO - Processing file /home/airflow/.local/lib/python3.12/site-packages/airflow/example_dags/example_short_circuit_decorator.py for tasks to queue
[2026-05-01T13:51:11.669+0000] {logging_mixin.py:188} INFO - [2026-05-01T13:51:11.668+0000] {dagbag.py:545} INFO - Filling up the DagBag from /home/airflow/.local/lib/python3.12/site-packages/airflow/example_dags/example_short_circuit_decorator.py
[2026-05-01T13:51:11.688+0000] {processor.py:840} INFO - DAG(s) 'example_short_circuit_decorator' retrieved from /home/airflow/.local/lib/python3.12/site-packages/airflow/example_dags/example_short_circuit_decorator.py
[2026-05-01T13:51:11.994+0000] {logging_mixin.py:188} INFO - [2026-05-01T13:51:11.993+0000] {dag.py:3089} INFO - Sync 1 DAGs
[2026-05-01T13:51:12.119+0000] {logging_mixin.py:188} INFO - [2026-05-01T13:51:12.119+0000] {dag.py:3947} INFO - Setting next_dagrun for example_short_circuit_decorator to 2026-04-30 00:00:00+00:00, run_after=2026-05-01 00:00:00+00:00
[2026-05-01T13:51:12.167+0000] {processor.py:183} INFO - Processing /home/airflow/.local/lib/python3.12/site-packages/airflow/example_dags/example_short_circuit_decorator.py took 0.526 seconds
[2026-05-01T13:51:42.300+0000] {processor.py:161} INFO - Started process (PID=1066) to work on /home/airflow/.local/lib/python3.12/site-packages/airflow/example_dags/example_short_circuit_decorator.py
[2026-05-01T13:51:42.309+0000] {processor.py:830} INFO - Processing file /home/airflow/.local/lib/python3.12/site-packages/airflow/example_dags/example_short_circuit_decorator.py for tasks to queue
[2026-05-01T13:51:42.317+0000] {logging_mixin.py:188} INFO - [2026-05-01T13:51:42.313+0000] {dagbag.py:545} INFO - Filling up the DagBag from /home/airflow/.local/lib/python3.12/site-packages/airflow/example_dags/example_short_circuit_decorator.py
[2026-05-01T13:51:42.351+0000] {processor.py:840} INFO - DAG(s) 'example_short_circuit_decorator' retrieved from /home/airflow/.local/lib/python3.12/site-packages/airflow/example_dags/example_short_circuit_decorator.py
[2026-05-01T13:51:42.418+0000] {logging_mixin.py:188} INFO - [2026-05-01T13:51:42.418+0000] {dag.py:3089} INFO - Sync 1 DAGs
[2026-05-01T13:51:42.502+0000] {logging_mixin.py:188} INFO - [2026-05-01T13:51:42.502+0000] {dag.py:3947} INFO - Setting next_dagrun for example_short_circuit_decorator to 2026-04-30 00:00:00+00:00, run_after=2026-05-01 00:00:00+00:00
[2026-05-01T13:51:42.577+0000] {processor.py:183} INFO - Processing /home/airflow/.local/lib/python3.12/site-packages/airflow/example_dags/example_short_circuit_decorator.py took 0.293 seconds
[2026-05-01T13:52:12.775+0000] {processor.py:161} INFO - Started process (PID=1123) to work on /home/airflow/.local/lib/python3.12/site-packages/airflow/example_dags/example_short_circuit_decorator.py
[2026-05-01T13:52:12.778+0000] {processor.py:830} INFO - Processing file /home/airflow/.local/lib/python3.12/site-packages/airflow/example_dags/example_short_circuit_decorator.py for tasks to queue
[2026-05-01T13:52:12.782+0000] {logging_mixin.py:188} INFO - [2026-05-01T13:52:12.781+0000] {dagbag.py:545} INFO - Filling up the DagBag from /home/airflow/.local/lib/python3.12/site-packages/airflow/example_dags/example_short_circuit_decorator.py
[2026-05-01T13:52:12.793+0000] {processor.py:840} INFO - DAG(s) 'example_short_circuit_decorator' retrieved from /home/airflow/.local/lib/python3.12/site-packages/airflow/example_dags/example_short_circuit_decorator.py
[2026-05-01T13:52:12.823+0000] {logging_mixin.py:188} INFO - [2026-05-01T13:52:12.822+0000] {dag.py:3089} INFO - Sync 1 DAGs
[2026-05-01T13:52:12.850+0000] {logging_mixin.py:188} INFO - [2026-05-01T13:52:12.850+0000] {dag.py:3947} INFO - Setting next_dagrun for example_short_circuit_decorator to 2026-04-30 00:00:00+00:00, run_after=2026-05-01 00:00:00+00:00
[2026-05-01T13:52:12.877+0000] {processor.py:183} INFO - Processing /home/airflow/.local/lib/python3.12/site-packages/airflow/example_dags/example_short_circuit_decorator.py took 0.111 seconds
[2026-05-01T13:52:44.043+0000] {processor.py:161} INFO - Started process (PID=1181) to work on /home/airflow/.local/lib/python3.12/site-packages/airflow/example_dags/example_short_circuit_decorator.py
[2026-05-01T13:52:44.057+0000] {processor.py:830} INFO - Processing file /home/airflow/.local/lib/python3.12/site-packages/airflow/example_dags/example_short_circuit_decorator.py for tasks to queue
[2026-05-01T13:52:44.076+0000] {logging_mixin.py:188} INFO - [2026-05-01T13:52:44.076+0000] {dagbag.py:545} INFO - Filling up the DagBag from /home/airflow/.local/lib/python3.12/site-packages/airflow/example_dags/example_short_circuit_decorator.py
[2026-05-01T13:52:44.125+0000] {processor.py:840} INFO - DAG(s) 'example_short_circuit_decorator' retrieved from /home/airflow/.local/lib/python3.12/site-packages/airflow/example_dags/example_short_circuit_decorator.py
[2026-05-01T13:52:44.330+0000] {logging_mixin.py:188} INFO - [2026-05-01T13:52:44.319+0000] {dag.py:3089} INFO - Sync 1 DAGs
[2026-05-01T13:52:44.487+0000] {logging_mixin.py:188} INFO - [2026-05-01T13:52:44.485+0000] {dag.py:3947} INFO - Setting next_dagrun for example_short_circuit_decorator to 2026-04-30 00:00:00+00:00, run_after=2026-05-01 00:00:00+00:00
[2026-05-01T13:52:44.728+0000] {processor.py:183} INFO - Processing /home/airflow/.local/lib/python3.12/site-packages/airflow/example_dags/example_short_circuit_decorator.py took 0.703 seconds
[2026-05-01T13:53:15.222+0000] {processor.py:161} INFO - Started process (PID=1239) to work on /home/airflow/.local/lib/python3.12/site-packages/airflow/example_dags/example_short_circuit_decorator.py
[2026-05-01T13:53:15.225+0000] {processor.py:830} INFO - Processing file /home/airflow/.local/lib/python3.12/site-packages/airflow/example_dags/example_short_circuit_decorator.py for tasks to queue
[2026-05-01T13:53:15.231+0000] {logging_mixin.py:188} INFO - [2026-05-01T13:53:15.230+0000] {dagbag.py:545} INFO - Filling up the DagBag from /home/airflow/.local/lib/python3.12/site-packages/airflow/example_dags/example_short_circuit_decorator.py
[2026-05-01T13:53:15.247+0000] {processor.py:840} INFO - DAG(s) 'example_short_circuit_decorator' retrieved from /home/airflow/.local/lib/python3.12/site-packages/airflow/example_dags/example_short_circuit_decorator.py
[2026-05-01T13:53:15.304+0000] {logging_mixin.py:188} INFO - [2026-05-01T13:53:15.303+0000] {dag.py:3089} INFO - Sync 1 DAGs
[2026-05-01T13:53:15.341+0000] {logging_mixin.py:188} INFO - [2026-05-01T13:53:15.341+0000] {dag.py:3947} INFO - Setting next_dagrun for example_short_circuit_decorator to 2026-04-30 00:00:00+00:00, run_after=2026-05-01 00:00:00+00:00
[2026-05-01T13:53:15.388+0000] {processor.py:183} INFO - Processing /home/airflow/.local/lib/python3.12/site-packages/airflow/example_dags/example_short_circuit_decorator.py took 0.181 seconds
