[2026-05-01T13:24:29.987+0000] {processor.py:161} INFO - Started process (PID=67) to work on /home/airflow/.local/lib/python3.12/site-packages/airflow/example_dags/example_python_operator.py
[2026-05-01T13:24:29.991+0000] {processor.py:830} INFO - Processing file /home/airflow/.local/lib/python3.12/site-packages/airflow/example_dags/example_python_operator.py for tasks to queue
[2026-05-01T13:24:30.003+0000] {logging_mixin.py:188} INFO - [2026-05-01T13:24:30.002+0000] {dagbag.py:545} INFO - Filling up the DagBag from /home/airflow/.local/lib/python3.12/site-packages/airflow/example_dags/example_python_operator.py
[2026-05-01T13:24:30.140+0000] {processor.py:840} INFO - DAG(s) 'example_python_operator' retrieved from /home/airflow/.local/lib/python3.12/site-packages/airflow/example_dags/example_python_operator.py
[2026-05-01T13:24:31.170+0000] {logging_mixin.py:188} INFO - [2026-05-01T13:24:31.168+0000] {override.py:1858} INFO - Created Permission View: can delete on DAG:example_python_operator
[2026-05-01T13:24:31.288+0000] {logging_mixin.py:188} INFO - [2026-05-01T13:24:31.286+0000] {override.py:1858} INFO - Created Permission View: can edit on DAG:example_python_operator
[2026-05-01T13:24:31.427+0000] {logging_mixin.py:188} INFO - [2026-05-01T13:24:31.427+0000] {override.py:1858} INFO - Created Permission View: can read on DAG:example_python_operator
[2026-05-01T13:24:31.432+0000] {logging_mixin.py:188} INFO - [2026-05-01T13:24:31.431+0000] {dag.py:3089} INFO - Sync 1 DAGs
[2026-05-01T13:24:31.503+0000] {logging_mixin.py:188} INFO - [2026-05-01T13:24:31.503+0000] {dag.py:3111} INFO - Creating ORM DAG for example_python_operator
[2026-05-01T13:24:31.522+0000] {logging_mixin.py:188} INFO - [2026-05-01T13:24:31.514+0000] {dag.py:3947} INFO - Setting next_dagrun for example_python_operator to None, run_after=None
[2026-05-01T13:24:31.649+0000] {processor.py:183} INFO - Processing /home/airflow/.local/lib/python3.12/site-packages/airflow/example_dags/example_python_operator.py took 1.732 seconds
[2026-05-01T13:25:23.043+0000] {processor.py:161} INFO - Started process (PID=130) to work on /home/airflow/.local/lib/python3.12/site-packages/airflow/example_dags/example_python_operator.py
[2026-05-01T13:25:23.049+0000] {processor.py:830} INFO - Processing file /home/airflow/.local/lib/python3.12/site-packages/airflow/example_dags/example_python_operator.py for tasks to queue
[2026-05-01T13:25:23.078+0000] {logging_mixin.py:188} INFO - [2026-05-01T13:25:23.077+0000] {dagbag.py:545} INFO - Filling up the DagBag from /home/airflow/.local/lib/python3.12/site-packages/airflow/example_dags/example_python_operator.py
[2026-05-01T13:25:23.156+0000] {processor.py:840} INFO - DAG(s) 'example_python_operator' retrieved from /home/airflow/.local/lib/python3.12/site-packages/airflow/example_dags/example_python_operator.py
[2026-05-01T13:25:23.345+0000] {logging_mixin.py:188} INFO - [2026-05-01T13:25:23.345+0000] {dag.py:3089} INFO - Sync 1 DAGs
[2026-05-01T13:25:23.526+0000] {logging_mixin.py:188} INFO - [2026-05-01T13:25:23.526+0000] {dag.py:3947} INFO - Setting next_dagrun for example_python_operator to None, run_after=None
[2026-05-01T13:25:23.622+0000] {processor.py:183} INFO - Processing /home/airflow/.local/lib/python3.12/site-packages/airflow/example_dags/example_python_operator.py took 0.625 seconds
[2026-05-01T13:25:53.826+0000] {processor.py:161} INFO - Started process (PID=188) to work on /home/airflow/.local/lib/python3.12/site-packages/airflow/example_dags/example_python_operator.py
[2026-05-01T13:25:53.829+0000] {processor.py:830} INFO - Processing file /home/airflow/.local/lib/python3.12/site-packages/airflow/example_dags/example_python_operator.py for tasks to queue
[2026-05-01T13:25:53.835+0000] {logging_mixin.py:188} INFO - [2026-05-01T13:25:53.835+0000] {dagbag.py:545} INFO - Filling up the DagBag from /home/airflow/.local/lib/python3.12/site-packages/airflow/example_dags/example_python_operator.py
[2026-05-01T13:25:53.857+0000] {processor.py:840} INFO - DAG(s) 'example_python_operator' retrieved from /home/airflow/.local/lib/python3.12/site-packages/airflow/example_dags/example_python_operator.py
[2026-05-01T13:25:54.128+0000] {logging_mixin.py:188} INFO - [2026-05-01T13:25:54.127+0000] {dag.py:3089} INFO - Sync 1 DAGs
[2026-05-01T13:25:54.158+0000] {logging_mixin.py:188} INFO - [2026-05-01T13:25:54.158+0000] {dag.py:3947} INFO - Setting next_dagrun for example_python_operator to None, run_after=None
[2026-05-01T13:25:54.208+0000] {processor.py:183} INFO - Processing /home/airflow/.local/lib/python3.12/site-packages/airflow/example_dags/example_python_operator.py took 0.395 seconds
[2026-05-01T13:26:24.320+0000] {processor.py:161} INFO - Started process (PID=246) to work on /home/airflow/.local/lib/python3.12/site-packages/airflow/example_dags/example_python_operator.py
[2026-05-01T13:26:24.327+0000] {processor.py:830} INFO - Processing file /home/airflow/.local/lib/python3.12/site-packages/airflow/example_dags/example_python_operator.py for tasks to queue
[2026-05-01T13:26:24.337+0000] {logging_mixin.py:188} INFO - [2026-05-01T13:26:24.336+0000] {dagbag.py:545} INFO - Filling up the DagBag from /home/airflow/.local/lib/python3.12/site-packages/airflow/example_dags/example_python_operator.py
[2026-05-01T13:26:24.366+0000] {processor.py:840} INFO - DAG(s) 'example_python_operator' retrieved from /home/airflow/.local/lib/python3.12/site-packages/airflow/example_dags/example_python_operator.py
[2026-05-01T13:26:24.404+0000] {logging_mixin.py:188} INFO - [2026-05-01T13:26:24.404+0000] {dag.py:3089} INFO - Sync 1 DAGs
[2026-05-01T13:26:24.436+0000] {logging_mixin.py:188} INFO - [2026-05-01T13:26:24.434+0000] {dag.py:3947} INFO - Setting next_dagrun for example_python_operator to None, run_after=None
[2026-05-01T13:26:24.467+0000] {processor.py:183} INFO - Processing /home/airflow/.local/lib/python3.12/site-packages/airflow/example_dags/example_python_operator.py took 0.166 seconds
[2026-05-01T13:26:54.986+0000] {processor.py:161} INFO - Started process (PID=304) to work on /home/airflow/.local/lib/python3.12/site-packages/airflow/example_dags/example_python_operator.py
[2026-05-01T13:26:54.990+0000] {processor.py:830} INFO - Processing file /home/airflow/.local/lib/python3.12/site-packages/airflow/example_dags/example_python_operator.py for tasks to queue
[2026-05-01T13:26:54.997+0000] {logging_mixin.py:188} INFO - [2026-05-01T13:26:54.997+0000] {dagbag.py:545} INFO - Filling up the DagBag from /home/airflow/.local/lib/python3.12/site-packages/airflow/example_dags/example_python_operator.py
[2026-05-01T13:26:55.023+0000] {processor.py:840} INFO - DAG(s) 'example_python_operator' retrieved from /home/airflow/.local/lib/python3.12/site-packages/airflow/example_dags/example_python_operator.py
[2026-05-01T13:26:55.058+0000] {logging_mixin.py:188} INFO - [2026-05-01T13:26:55.058+0000] {dag.py:3089} INFO - Sync 1 DAGs
[2026-05-01T13:26:55.085+0000] {logging_mixin.py:188} INFO - [2026-05-01T13:26:55.085+0000] {dag.py:3947} INFO - Setting next_dagrun for example_python_operator to None, run_after=None
[2026-05-01T13:26:55.121+0000] {processor.py:183} INFO - Processing /home/airflow/.local/lib/python3.12/site-packages/airflow/example_dags/example_python_operator.py took 0.146 seconds
[2026-05-01T13:27:25.373+0000] {processor.py:161} INFO - Started process (PID=362) to work on /home/airflow/.local/lib/python3.12/site-packages/airflow/example_dags/example_python_operator.py
[2026-05-01T13:27:25.376+0000] {processor.py:830} INFO - Processing file /home/airflow/.local/lib/python3.12/site-packages/airflow/example_dags/example_python_operator.py for tasks to queue
[2026-05-01T13:27:25.382+0000] {logging_mixin.py:188} INFO - [2026-05-01T13:27:25.381+0000] {dagbag.py:545} INFO - Filling up the DagBag from /home/airflow/.local/lib/python3.12/site-packages/airflow/example_dags/example_python_operator.py
[2026-05-01T13:27:25.399+0000] {processor.py:840} INFO - DAG(s) 'example_python_operator' retrieved from /home/airflow/.local/lib/python3.12/site-packages/airflow/example_dags/example_python_operator.py
[2026-05-01T13:27:25.437+0000] {logging_mixin.py:188} INFO - [2026-05-01T13:27:25.436+0000] {dag.py:3089} INFO - Sync 1 DAGs
[2026-05-01T13:27:25.458+0000] {logging_mixin.py:188} INFO - [2026-05-01T13:27:25.458+0000] {dag.py:3947} INFO - Setting next_dagrun for example_python_operator to None, run_after=None
[2026-05-01T13:27:25.503+0000] {processor.py:183} INFO - Processing /home/airflow/.local/lib/python3.12/site-packages/airflow/example_dags/example_python_operator.py took 0.143 seconds
[2026-05-01T13:27:55.991+0000] {processor.py:161} INFO - Started process (PID=421) to work on /home/airflow/.local/lib/python3.12/site-packages/airflow/example_dags/example_python_operator.py
[2026-05-01T13:27:55.995+0000] {processor.py:830} INFO - Processing file /home/airflow/.local/lib/python3.12/site-packages/airflow/example_dags/example_python_operator.py for tasks to queue
[2026-05-01T13:27:56.004+0000] {logging_mixin.py:188} INFO - [2026-05-01T13:27:56.003+0000] {dagbag.py:545} INFO - Filling up the DagBag from /home/airflow/.local/lib/python3.12/site-packages/airflow/example_dags/example_python_operator.py
[2026-05-01T13:27:56.033+0000] {processor.py:840} INFO - DAG(s) 'example_python_operator' retrieved from /home/airflow/.local/lib/python3.12/site-packages/airflow/example_dags/example_python_operator.py
[2026-05-01T13:27:56.082+0000] {logging_mixin.py:188} INFO - [2026-05-01T13:27:56.081+0000] {dag.py:3089} INFO - Sync 1 DAGs
[2026-05-01T13:27:56.109+0000] {logging_mixin.py:188} INFO - [2026-05-01T13:27:56.108+0000] {dag.py:3947} INFO - Setting next_dagrun for example_python_operator to None, run_after=None
[2026-05-01T13:27:56.142+0000] {processor.py:183} INFO - Processing /home/airflow/.local/lib/python3.12/site-packages/airflow/example_dags/example_python_operator.py took 0.169 seconds
[2026-05-01T13:28:27.982+0000] {processor.py:161} INFO - Started process (PID=479) to work on /home/airflow/.local/lib/python3.12/site-packages/airflow/example_dags/example_python_operator.py
[2026-05-01T13:28:28.018+0000] {processor.py:830} INFO - Processing file /home/airflow/.local/lib/python3.12/site-packages/airflow/example_dags/example_python_operator.py for tasks to queue
[2026-05-01T13:28:28.109+0000] {logging_mixin.py:188} INFO - [2026-05-01T13:28:28.100+0000] {dagbag.py:545} INFO - Filling up the DagBag from /home/airflow/.local/lib/python3.12/site-packages/airflow/example_dags/example_python_operator.py
[2026-05-01T13:28:28.193+0000] {processor.py:840} INFO - DAG(s) 'example_python_operator' retrieved from /home/airflow/.local/lib/python3.12/site-packages/airflow/example_dags/example_python_operator.py
[2026-05-01T13:28:28.432+0000] {logging_mixin.py:188} INFO - [2026-05-01T13:28:28.430+0000] {dag.py:3089} INFO - Sync 1 DAGs
[2026-05-01T13:28:28.766+0000] {logging_mixin.py:188} INFO - [2026-05-01T13:28:28.765+0000] {dag.py:3947} INFO - Setting next_dagrun for example_python_operator to None, run_after=None
[2026-05-01T13:28:28.914+0000] {processor.py:183} INFO - Processing /home/airflow/.local/lib/python3.12/site-packages/airflow/example_dags/example_python_operator.py took 1.017 seconds
[2026-05-01T13:28:59.926+0000] {processor.py:161} INFO - Started process (PID=537) to work on /home/airflow/.local/lib/python3.12/site-packages/airflow/example_dags/example_python_operator.py
[2026-05-01T13:28:59.930+0000] {processor.py:830} INFO - Processing file /home/airflow/.local/lib/python3.12/site-packages/airflow/example_dags/example_python_operator.py for tasks to queue
[2026-05-01T13:28:59.937+0000] {logging_mixin.py:188} INFO - [2026-05-01T13:28:59.936+0000] {dagbag.py:545} INFO - Filling up the DagBag from /home/airflow/.local/lib/python3.12/site-packages/airflow/example_dags/example_python_operator.py
[2026-05-01T13:28:59.956+0000] {processor.py:840} INFO - DAG(s) 'example_python_operator' retrieved from /home/airflow/.local/lib/python3.12/site-packages/airflow/example_dags/example_python_operator.py
[2026-05-01T13:29:00.002+0000] {logging_mixin.py:188} INFO - [2026-05-01T13:29:00.001+0000] {dag.py:3089} INFO - Sync 1 DAGs
[2026-05-01T13:29:00.036+0000] {logging_mixin.py:188} INFO - [2026-05-01T13:29:00.030+0000] {dag.py:3947} INFO - Setting next_dagrun for example_python_operator to None, run_after=None
[2026-05-01T13:29:00.080+0000] {processor.py:183} INFO - Processing /home/airflow/.local/lib/python3.12/site-packages/airflow/example_dags/example_python_operator.py took 0.168 seconds
[2026-05-01T13:29:30.751+0000] {processor.py:161} INFO - Started process (PID=595) to work on /home/airflow/.local/lib/python3.12/site-packages/airflow/example_dags/example_python_operator.py
[2026-05-01T13:29:30.756+0000] {processor.py:830} INFO - Processing file /home/airflow/.local/lib/python3.12/site-packages/airflow/example_dags/example_python_operator.py for tasks to queue
[2026-05-01T13:29:30.763+0000] {logging_mixin.py:188} INFO - [2026-05-01T13:29:30.761+0000] {dagbag.py:545} INFO - Filling up the DagBag from /home/airflow/.local/lib/python3.12/site-packages/airflow/example_dags/example_python_operator.py
[2026-05-01T13:29:30.790+0000] {processor.py:840} INFO - DAG(s) 'example_python_operator' retrieved from /home/airflow/.local/lib/python3.12/site-packages/airflow/example_dags/example_python_operator.py
[2026-05-01T13:29:30.845+0000] {logging_mixin.py:188} INFO - [2026-05-01T13:29:30.844+0000] {dag.py:3089} INFO - Sync 1 DAGs
[2026-05-01T13:29:30.870+0000] {logging_mixin.py:188} INFO - [2026-05-01T13:29:30.870+0000] {dag.py:3947} INFO - Setting next_dagrun for example_python_operator to None, run_after=None
[2026-05-01T13:29:30.916+0000] {processor.py:183} INFO - Processing /home/airflow/.local/lib/python3.12/site-packages/airflow/example_dags/example_python_operator.py took 0.179 seconds
[2026-05-01T13:30:01.335+0000] {processor.py:161} INFO - Started process (PID=653) to work on /home/airflow/.local/lib/python3.12/site-packages/airflow/example_dags/example_python_operator.py
[2026-05-01T13:30:01.338+0000] {processor.py:830} INFO - Processing file /home/airflow/.local/lib/python3.12/site-packages/airflow/example_dags/example_python_operator.py for tasks to queue
[2026-05-01T13:30:01.342+0000] {logging_mixin.py:188} INFO - [2026-05-01T13:30:01.342+0000] {dagbag.py:545} INFO - Filling up the DagBag from /home/airflow/.local/lib/python3.12/site-packages/airflow/example_dags/example_python_operator.py
[2026-05-01T13:30:01.361+0000] {processor.py:840} INFO - DAG(s) 'example_python_operator' retrieved from /home/airflow/.local/lib/python3.12/site-packages/airflow/example_dags/example_python_operator.py
[2026-05-01T13:30:01.416+0000] {logging_mixin.py:188} INFO - [2026-05-01T13:30:01.415+0000] {dag.py:3089} INFO - Sync 1 DAGs
[2026-05-01T13:30:01.441+0000] {logging_mixin.py:188} INFO - [2026-05-01T13:30:01.441+0000] {dag.py:3947} INFO - Setting next_dagrun for example_python_operator to None, run_after=None
[2026-05-01T13:30:01.475+0000] {processor.py:183} INFO - Processing /home/airflow/.local/lib/python3.12/site-packages/airflow/example_dags/example_python_operator.py took 0.152 seconds
[2026-05-01T13:30:31.849+0000] {processor.py:161} INFO - Started process (PID=709) to work on /home/airflow/.local/lib/python3.12/site-packages/airflow/example_dags/example_python_operator.py
[2026-05-01T13:30:31.853+0000] {processor.py:830} INFO - Processing file /home/airflow/.local/lib/python3.12/site-packages/airflow/example_dags/example_python_operator.py for tasks to queue
[2026-05-01T13:30:31.859+0000] {logging_mixin.py:188} INFO - [2026-05-01T13:30:31.859+0000] {dagbag.py:545} INFO - Filling up the DagBag from /home/airflow/.local/lib/python3.12/site-packages/airflow/example_dags/example_python_operator.py
[2026-05-01T13:30:31.897+0000] {processor.py:840} INFO - DAG(s) 'example_python_operator' retrieved from /home/airflow/.local/lib/python3.12/site-packages/airflow/example_dags/example_python_operator.py
[2026-05-01T13:30:31.991+0000] {logging_mixin.py:188} INFO - [2026-05-01T13:30:31.991+0000] {dag.py:3089} INFO - Sync 1 DAGs
[2026-05-01T13:30:32.015+0000] {logging_mixin.py:188} INFO - [2026-05-01T13:30:32.014+0000] {dag.py:3947} INFO - Setting next_dagrun for example_python_operator to None, run_after=None
[2026-05-01T13:30:32.042+0000] {processor.py:183} INFO - Processing /home/airflow/.local/lib/python3.12/site-packages/airflow/example_dags/example_python_operator.py took 0.205 seconds
[2026-05-01T13:31:02.199+0000] {processor.py:161} INFO - Started process (PID=767) to work on /home/airflow/.local/lib/python3.12/site-packages/airflow/example_dags/example_python_operator.py
[2026-05-01T13:31:02.211+0000] {processor.py:830} INFO - Processing file /home/airflow/.local/lib/python3.12/site-packages/airflow/example_dags/example_python_operator.py for tasks to queue
[2026-05-01T13:31:02.220+0000] {logging_mixin.py:188} INFO - [2026-05-01T13:31:02.219+0000] {dagbag.py:545} INFO - Filling up the DagBag from /home/airflow/.local/lib/python3.12/site-packages/airflow/example_dags/example_python_operator.py
[2026-05-01T13:31:02.242+0000] {processor.py:840} INFO - DAG(s) 'example_python_operator' retrieved from /home/airflow/.local/lib/python3.12/site-packages/airflow/example_dags/example_python_operator.py
[2026-05-01T13:31:02.276+0000] {logging_mixin.py:188} INFO - [2026-05-01T13:31:02.276+0000] {dag.py:3089} INFO - Sync 1 DAGs
[2026-05-01T13:31:02.304+0000] {logging_mixin.py:188} INFO - [2026-05-01T13:31:02.303+0000] {dag.py:3947} INFO - Setting next_dagrun for example_python_operator to None, run_after=None
[2026-05-01T13:31:02.355+0000] {processor.py:183} INFO - Processing /home/airflow/.local/lib/python3.12/site-packages/airflow/example_dags/example_python_operator.py took 0.178 seconds
[2026-05-01T13:31:32.644+0000] {processor.py:161} INFO - Started process (PID=825) to work on /home/airflow/.local/lib/python3.12/site-packages/airflow/example_dags/example_python_operator.py
[2026-05-01T13:31:32.649+0000] {processor.py:830} INFO - Processing file /home/airflow/.local/lib/python3.12/site-packages/airflow/example_dags/example_python_operator.py for tasks to queue
[2026-05-01T13:31:32.658+0000] {logging_mixin.py:188} INFO - [2026-05-01T13:31:32.656+0000] {dagbag.py:545} INFO - Filling up the DagBag from /home/airflow/.local/lib/python3.12/site-packages/airflow/example_dags/example_python_operator.py
[2026-05-01T13:31:32.687+0000] {processor.py:840} INFO - DAG(s) 'example_python_operator' retrieved from /home/airflow/.local/lib/python3.12/site-packages/airflow/example_dags/example_python_operator.py
[2026-05-01T13:31:32.751+0000] {logging_mixin.py:188} INFO - [2026-05-01T13:31:32.750+0000] {dag.py:3089} INFO - Sync 1 DAGs
[2026-05-01T13:31:32.795+0000] {logging_mixin.py:188} INFO - [2026-05-01T13:31:32.795+0000] {dag.py:3947} INFO - Setting next_dagrun for example_python_operator to None, run_after=None
[2026-05-01T13:31:32.864+0000] {processor.py:183} INFO - Processing /home/airflow/.local/lib/python3.12/site-packages/airflow/example_dags/example_python_operator.py took 0.238 seconds
[2026-05-01T13:32:03.757+0000] {processor.py:161} INFO - Started process (PID=883) to work on /home/airflow/.local/lib/python3.12/site-packages/airflow/example_dags/example_python_operator.py
[2026-05-01T13:32:03.762+0000] {processor.py:830} INFO - Processing file /home/airflow/.local/lib/python3.12/site-packages/airflow/example_dags/example_python_operator.py for tasks to queue
[2026-05-01T13:32:03.796+0000] {logging_mixin.py:188} INFO - [2026-05-01T13:32:03.795+0000] {dagbag.py:545} INFO - Filling up the DagBag from /home/airflow/.local/lib/python3.12/site-packages/airflow/example_dags/example_python_operator.py
[2026-05-01T13:32:03.890+0000] {processor.py:840} INFO - DAG(s) 'example_python_operator' retrieved from /home/airflow/.local/lib/python3.12/site-packages/airflow/example_dags/example_python_operator.py
[2026-05-01T13:32:03.954+0000] {logging_mixin.py:188} INFO - [2026-05-01T13:32:03.954+0000] {dag.py:3089} INFO - Sync 1 DAGs
[2026-05-01T13:32:03.995+0000] {logging_mixin.py:188} INFO - [2026-05-01T13:32:03.995+0000] {dag.py:3947} INFO - Setting next_dagrun for example_python_operator to None, run_after=None
[2026-05-01T13:32:04.039+0000] {processor.py:183} INFO - Processing /home/airflow/.local/lib/python3.12/site-packages/airflow/example_dags/example_python_operator.py took 0.344 seconds
[2026-05-01T13:32:34.418+0000] {processor.py:161} INFO - Started process (PID=941) to work on /home/airflow/.local/lib/python3.12/site-packages/airflow/example_dags/example_python_operator.py
[2026-05-01T13:32:34.420+0000] {processor.py:830} INFO - Processing file /home/airflow/.local/lib/python3.12/site-packages/airflow/example_dags/example_python_operator.py for tasks to queue
[2026-05-01T13:32:34.423+0000] {logging_mixin.py:188} INFO - [2026-05-01T13:32:34.423+0000] {dagbag.py:545} INFO - Filling up the DagBag from /home/airflow/.local/lib/python3.12/site-packages/airflow/example_dags/example_python_operator.py
[2026-05-01T13:32:34.476+0000] {processor.py:840} INFO - DAG(s) 'example_python_operator' retrieved from /home/airflow/.local/lib/python3.12/site-packages/airflow/example_dags/example_python_operator.py
[2026-05-01T13:32:34.537+0000] {logging_mixin.py:188} INFO - [2026-05-01T13:32:34.537+0000] {dag.py:3089} INFO - Sync 1 DAGs
[2026-05-01T13:32:34.557+0000] {logging_mixin.py:188} INFO - [2026-05-01T13:32:34.557+0000] {dag.py:3947} INFO - Setting next_dagrun for example_python_operator to None, run_after=None
[2026-05-01T13:32:34.648+0000] {processor.py:183} INFO - Processing /home/airflow/.local/lib/python3.12/site-packages/airflow/example_dags/example_python_operator.py took 0.259 seconds
[2026-05-01T13:33:05.466+0000] {processor.py:161} INFO - Started process (PID=999) to work on /home/airflow/.local/lib/python3.12/site-packages/airflow/example_dags/example_python_operator.py
[2026-05-01T13:33:05.474+0000] {processor.py:830} INFO - Processing file /home/airflow/.local/lib/python3.12/site-packages/airflow/example_dags/example_python_operator.py for tasks to queue
[2026-05-01T13:33:05.488+0000] {logging_mixin.py:188} INFO - [2026-05-01T13:33:05.487+0000] {dagbag.py:545} INFO - Filling up the DagBag from /home/airflow/.local/lib/python3.12/site-packages/airflow/example_dags/example_python_operator.py
[2026-05-01T13:33:05.544+0000] {processor.py:840} INFO - DAG(s) 'example_python_operator' retrieved from /home/airflow/.local/lib/python3.12/site-packages/airflow/example_dags/example_python_operator.py
[2026-05-01T13:33:05.666+0000] {logging_mixin.py:188} INFO - [2026-05-01T13:33:05.663+0000] {dag.py:3089} INFO - Sync 1 DAGs
[2026-05-01T13:33:05.706+0000] {logging_mixin.py:188} INFO - [2026-05-01T13:33:05.705+0000] {dag.py:3947} INFO - Setting next_dagrun for example_python_operator to None, run_after=None
[2026-05-01T13:33:05.745+0000] {processor.py:183} INFO - Processing /home/airflow/.local/lib/python3.12/site-packages/airflow/example_dags/example_python_operator.py took 0.296 seconds
[2026-05-01T13:33:35.801+0000] {processor.py:161} INFO - Started process (PID=1056) to work on /home/airflow/.local/lib/python3.12/site-packages/airflow/example_dags/example_python_operator.py
[2026-05-01T13:33:35.806+0000] {processor.py:830} INFO - Processing file /home/airflow/.local/lib/python3.12/site-packages/airflow/example_dags/example_python_operator.py for tasks to queue
[2026-05-01T13:33:35.810+0000] {logging_mixin.py:188} INFO - [2026-05-01T13:33:35.809+0000] {dagbag.py:545} INFO - Filling up the DagBag from /home/airflow/.local/lib/python3.12/site-packages/airflow/example_dags/example_python_operator.py
[2026-05-01T13:33:35.829+0000] {processor.py:840} INFO - DAG(s) 'example_python_operator' retrieved from /home/airflow/.local/lib/python3.12/site-packages/airflow/example_dags/example_python_operator.py
[2026-05-01T13:33:35.865+0000] {logging_mixin.py:188} INFO - [2026-05-01T13:33:35.865+0000] {dag.py:3089} INFO - Sync 1 DAGs
[2026-05-01T13:33:35.893+0000] {logging_mixin.py:188} INFO - [2026-05-01T13:33:35.892+0000] {dag.py:3947} INFO - Setting next_dagrun for example_python_operator to None, run_after=None
[2026-05-01T13:33:35.926+0000] {processor.py:183} INFO - Processing /home/airflow/.local/lib/python3.12/site-packages/airflow/example_dags/example_python_operator.py took 0.134 seconds
[2026-05-01T13:34:06.342+0000] {processor.py:161} INFO - Started process (PID=1115) to work on /home/airflow/.local/lib/python3.12/site-packages/airflow/example_dags/example_python_operator.py
[2026-05-01T13:34:06.346+0000] {processor.py:830} INFO - Processing file /home/airflow/.local/lib/python3.12/site-packages/airflow/example_dags/example_python_operator.py for tasks to queue
[2026-05-01T13:34:06.351+0000] {logging_mixin.py:188} INFO - [2026-05-01T13:34:06.350+0000] {dagbag.py:545} INFO - Filling up the DagBag from /home/airflow/.local/lib/python3.12/site-packages/airflow/example_dags/example_python_operator.py
[2026-05-01T13:34:06.371+0000] {processor.py:840} INFO - DAG(s) 'example_python_operator' retrieved from /home/airflow/.local/lib/python3.12/site-packages/airflow/example_dags/example_python_operator.py
[2026-05-01T13:34:06.415+0000] {logging_mixin.py:188} INFO - [2026-05-01T13:34:06.414+0000] {dag.py:3089} INFO - Sync 1 DAGs
[2026-05-01T13:34:06.443+0000] {logging_mixin.py:188} INFO - [2026-05-01T13:34:06.443+0000] {dag.py:3947} INFO - Setting next_dagrun for example_python_operator to None, run_after=None
[2026-05-01T13:34:06.485+0000] {processor.py:183} INFO - Processing /home/airflow/.local/lib/python3.12/site-packages/airflow/example_dags/example_python_operator.py took 0.162 seconds
[2026-05-01T13:34:36.739+0000] {processor.py:161} INFO - Started process (PID=1173) to work on /home/airflow/.local/lib/python3.12/site-packages/airflow/example_dags/example_python_operator.py
[2026-05-01T13:34:36.742+0000] {processor.py:830} INFO - Processing file /home/airflow/.local/lib/python3.12/site-packages/airflow/example_dags/example_python_operator.py for tasks to queue
[2026-05-01T13:34:36.750+0000] {logging_mixin.py:188} INFO - [2026-05-01T13:34:36.749+0000] {dagbag.py:545} INFO - Filling up the DagBag from /home/airflow/.local/lib/python3.12/site-packages/airflow/example_dags/example_python_operator.py
[2026-05-01T13:34:36.770+0000] {processor.py:840} INFO - DAG(s) 'example_python_operator' retrieved from /home/airflow/.local/lib/python3.12/site-packages/airflow/example_dags/example_python_operator.py
[2026-05-01T13:34:36.817+0000] {logging_mixin.py:188} INFO - [2026-05-01T13:34:36.816+0000] {dag.py:3089} INFO - Sync 1 DAGs
[2026-05-01T13:34:36.845+0000] {logging_mixin.py:188} INFO - [2026-05-01T13:34:36.845+0000] {dag.py:3947} INFO - Setting next_dagrun for example_python_operator to None, run_after=None
[2026-05-01T13:34:36.882+0000] {processor.py:183} INFO - Processing /home/airflow/.local/lib/python3.12/site-packages/airflow/example_dags/example_python_operator.py took 0.160 seconds
[2026-05-01T13:35:07.073+0000] {processor.py:161} INFO - Started process (PID=1230) to work on /home/airflow/.local/lib/python3.12/site-packages/airflow/example_dags/example_python_operator.py
[2026-05-01T13:35:07.098+0000] {processor.py:830} INFO - Processing file /home/airflow/.local/lib/python3.12/site-packages/airflow/example_dags/example_python_operator.py for tasks to queue
[2026-05-01T13:35:07.104+0000] {logging_mixin.py:188} INFO - [2026-05-01T13:35:07.103+0000] {dagbag.py:545} INFO - Filling up the DagBag from /home/airflow/.local/lib/python3.12/site-packages/airflow/example_dags/example_python_operator.py
[2026-05-01T13:35:07.122+0000] {processor.py:840} INFO - DAG(s) 'example_python_operator' retrieved from /home/airflow/.local/lib/python3.12/site-packages/airflow/example_dags/example_python_operator.py
[2026-05-01T13:35:07.159+0000] {logging_mixin.py:188} INFO - [2026-05-01T13:35:07.159+0000] {dag.py:3089} INFO - Sync 1 DAGs
[2026-05-01T13:35:07.186+0000] {logging_mixin.py:188} INFO - [2026-05-01T13:35:07.185+0000] {dag.py:3947} INFO - Setting next_dagrun for example_python_operator to None, run_after=None
[2026-05-01T13:35:07.223+0000] {processor.py:183} INFO - Processing /home/airflow/.local/lib/python3.12/site-packages/airflow/example_dags/example_python_operator.py took 0.161 seconds
[2026-05-01T13:35:37.511+0000] {processor.py:161} INFO - Started process (PID=1288) to work on /home/airflow/.local/lib/python3.12/site-packages/airflow/example_dags/example_python_operator.py
[2026-05-01T13:35:37.519+0000] {processor.py:830} INFO - Processing file /home/airflow/.local/lib/python3.12/site-packages/airflow/example_dags/example_python_operator.py for tasks to queue
[2026-05-01T13:35:37.526+0000] {logging_mixin.py:188} INFO - [2026-05-01T13:35:37.525+0000] {dagbag.py:545} INFO - Filling up the DagBag from /home/airflow/.local/lib/python3.12/site-packages/airflow/example_dags/example_python_operator.py
[2026-05-01T13:35:37.552+0000] {processor.py:840} INFO - DAG(s) 'example_python_operator' retrieved from /home/airflow/.local/lib/python3.12/site-packages/airflow/example_dags/example_python_operator.py
[2026-05-01T13:35:37.586+0000] {logging_mixin.py:188} INFO - [2026-05-01T13:35:37.586+0000] {dag.py:3089} INFO - Sync 1 DAGs
[2026-05-01T13:35:37.609+0000] {logging_mixin.py:188} INFO - [2026-05-01T13:35:37.608+0000] {dag.py:3947} INFO - Setting next_dagrun for example_python_operator to None, run_after=None
[2026-05-01T13:35:37.638+0000] {processor.py:183} INFO - Processing /home/airflow/.local/lib/python3.12/site-packages/airflow/example_dags/example_python_operator.py took 0.141 seconds
[2026-05-01T13:36:08.249+0000] {processor.py:161} INFO - Started process (PID=1346) to work on /home/airflow/.local/lib/python3.12/site-packages/airflow/example_dags/example_python_operator.py
[2026-05-01T13:36:08.254+0000] {processor.py:830} INFO - Processing file /home/airflow/.local/lib/python3.12/site-packages/airflow/example_dags/example_python_operator.py for tasks to queue
[2026-05-01T13:36:08.270+0000] {logging_mixin.py:188} INFO - [2026-05-01T13:36:08.268+0000] {dagbag.py:545} INFO - Filling up the DagBag from /home/airflow/.local/lib/python3.12/site-packages/airflow/example_dags/example_python_operator.py
[2026-05-01T13:36:08.302+0000] {processor.py:840} INFO - DAG(s) 'example_python_operator' retrieved from /home/airflow/.local/lib/python3.12/site-packages/airflow/example_dags/example_python_operator.py
[2026-05-01T13:36:08.364+0000] {logging_mixin.py:188} INFO - [2026-05-01T13:36:08.363+0000] {dag.py:3089} INFO - Sync 1 DAGs
[2026-05-01T13:36:08.399+0000] {logging_mixin.py:188} INFO - [2026-05-01T13:36:08.399+0000] {dag.py:3947} INFO - Setting next_dagrun for example_python_operator to None, run_after=None
[2026-05-01T13:36:08.428+0000] {processor.py:183} INFO - Processing /home/airflow/.local/lib/python3.12/site-packages/airflow/example_dags/example_python_operator.py took 0.209 seconds
[2026-05-01T13:36:39.202+0000] {processor.py:161} INFO - Started process (PID=1404) to work on /home/airflow/.local/lib/python3.12/site-packages/airflow/example_dags/example_python_operator.py
[2026-05-01T13:36:39.207+0000] {processor.py:830} INFO - Processing file /home/airflow/.local/lib/python3.12/site-packages/airflow/example_dags/example_python_operator.py for tasks to queue
[2026-05-01T13:36:39.216+0000] {logging_mixin.py:188} INFO - [2026-05-01T13:36:39.214+0000] {dagbag.py:545} INFO - Filling up the DagBag from /home/airflow/.local/lib/python3.12/site-packages/airflow/example_dags/example_python_operator.py
[2026-05-01T13:36:39.246+0000] {processor.py:840} INFO - DAG(s) 'example_python_operator' retrieved from /home/airflow/.local/lib/python3.12/site-packages/airflow/example_dags/example_python_operator.py
[2026-05-01T13:36:39.324+0000] {logging_mixin.py:188} INFO - [2026-05-01T13:36:39.324+0000] {dag.py:3089} INFO - Sync 1 DAGs
[2026-05-01T13:36:39.393+0000] {logging_mixin.py:188} INFO - [2026-05-01T13:36:39.393+0000] {dag.py:3947} INFO - Setting next_dagrun for example_python_operator to None, run_after=None
[2026-05-01T13:36:39.441+0000] {processor.py:183} INFO - Processing /home/airflow/.local/lib/python3.12/site-packages/airflow/example_dags/example_python_operator.py took 0.263 seconds
[2026-05-01T13:37:09.834+0000] {processor.py:161} INFO - Started process (PID=1462) to work on /home/airflow/.local/lib/python3.12/site-packages/airflow/example_dags/example_python_operator.py
[2026-05-01T13:37:09.837+0000] {processor.py:830} INFO - Processing file /home/airflow/.local/lib/python3.12/site-packages/airflow/example_dags/example_python_operator.py for tasks to queue
[2026-05-01T13:37:09.873+0000] {logging_mixin.py:188} INFO - [2026-05-01T13:37:09.869+0000] {dagbag.py:545} INFO - Filling up the DagBag from /home/airflow/.local/lib/python3.12/site-packages/airflow/example_dags/example_python_operator.py
[2026-05-01T13:37:09.914+0000] {processor.py:840} INFO - DAG(s) 'example_python_operator' retrieved from /home/airflow/.local/lib/python3.12/site-packages/airflow/example_dags/example_python_operator.py
[2026-05-01T13:37:10.016+0000] {logging_mixin.py:188} INFO - [2026-05-01T13:37:10.013+0000] {dag.py:3089} INFO - Sync 1 DAGs
[2026-05-01T13:37:10.096+0000] {logging_mixin.py:188} INFO - [2026-05-01T13:37:10.096+0000] {dag.py:3947} INFO - Setting next_dagrun for example_python_operator to None, run_after=None
[2026-05-01T13:37:10.155+0000] {processor.py:183} INFO - Processing /home/airflow/.local/lib/python3.12/site-packages/airflow/example_dags/example_python_operator.py took 0.354 seconds
[2026-05-01T13:37:41.076+0000] {processor.py:161} INFO - Started process (PID=1519) to work on /home/airflow/.local/lib/python3.12/site-packages/airflow/example_dags/example_python_operator.py
[2026-05-01T13:37:41.079+0000] {processor.py:830} INFO - Processing file /home/airflow/.local/lib/python3.12/site-packages/airflow/example_dags/example_python_operator.py for tasks to queue
[2026-05-01T13:37:41.082+0000] {logging_mixin.py:188} INFO - [2026-05-01T13:37:41.082+0000] {dagbag.py:545} INFO - Filling up the DagBag from /home/airflow/.local/lib/python3.12/site-packages/airflow/example_dags/example_python_operator.py
[2026-05-01T13:37:41.108+0000] {processor.py:840} INFO - DAG(s) 'example_python_operator' retrieved from /home/airflow/.local/lib/python3.12/site-packages/airflow/example_dags/example_python_operator.py
[2026-05-01T13:37:41.140+0000] {logging_mixin.py:188} INFO - [2026-05-01T13:37:41.140+0000] {dag.py:3089} INFO - Sync 1 DAGs
[2026-05-01T13:37:41.163+0000] {logging_mixin.py:188} INFO - [2026-05-01T13:37:41.163+0000] {dag.py:3947} INFO - Setting next_dagrun for example_python_operator to None, run_after=None
[2026-05-01T13:37:41.200+0000] {processor.py:183} INFO - Processing /home/airflow/.local/lib/python3.12/site-packages/airflow/example_dags/example_python_operator.py took 0.134 seconds
[2026-05-01T13:38:12.935+0000] {processor.py:161} INFO - Started process (PID=1576) to work on /home/airflow/.local/lib/python3.12/site-packages/airflow/example_dags/example_python_operator.py
[2026-05-01T13:38:12.941+0000] {processor.py:830} INFO - Processing file /home/airflow/.local/lib/python3.12/site-packages/airflow/example_dags/example_python_operator.py for tasks to queue
[2026-05-01T13:38:12.951+0000] {logging_mixin.py:188} INFO - [2026-05-01T13:38:12.950+0000] {dagbag.py:545} INFO - Filling up the DagBag from /home/airflow/.local/lib/python3.12/site-packages/airflow/example_dags/example_python_operator.py
[2026-05-01T13:38:13.037+0000] {processor.py:840} INFO - DAG(s) 'example_python_operator' retrieved from /home/airflow/.local/lib/python3.12/site-packages/airflow/example_dags/example_python_operator.py
[2026-05-01T13:38:13.096+0000] {logging_mixin.py:188} INFO - [2026-05-01T13:38:13.096+0000] {dag.py:3089} INFO - Sync 1 DAGs
[2026-05-01T13:38:13.223+0000] {logging_mixin.py:188} INFO - [2026-05-01T13:38:13.222+0000] {dag.py:3947} INFO - Setting next_dagrun for example_python_operator to None, run_after=None
[2026-05-01T13:38:13.287+0000] {processor.py:183} INFO - Processing /home/airflow/.local/lib/python3.12/site-packages/airflow/example_dags/example_python_operator.py took 0.476 seconds
[2026-05-01T13:38:44.019+0000] {processor.py:161} INFO - Started process (PID=1634) to work on /home/airflow/.local/lib/python3.12/site-packages/airflow/example_dags/example_python_operator.py
[2026-05-01T13:38:44.021+0000] {processor.py:830} INFO - Processing file /home/airflow/.local/lib/python3.12/site-packages/airflow/example_dags/example_python_operator.py for tasks to queue
[2026-05-01T13:38:44.026+0000] {logging_mixin.py:188} INFO - [2026-05-01T13:38:44.025+0000] {dagbag.py:545} INFO - Filling up the DagBag from /home/airflow/.local/lib/python3.12/site-packages/airflow/example_dags/example_python_operator.py
[2026-05-01T13:38:44.051+0000] {processor.py:840} INFO - DAG(s) 'example_python_operator' retrieved from /home/airflow/.local/lib/python3.12/site-packages/airflow/example_dags/example_python_operator.py
[2026-05-01T13:38:44.107+0000] {logging_mixin.py:188} INFO - [2026-05-01T13:38:44.106+0000] {dag.py:3089} INFO - Sync 1 DAGs
[2026-05-01T13:38:44.356+0000] {logging_mixin.py:188} INFO - [2026-05-01T13:38:44.356+0000] {dag.py:3947} INFO - Setting next_dagrun for example_python_operator to None, run_after=None
[2026-05-01T13:38:44.388+0000] {processor.py:183} INFO - Processing /home/airflow/.local/lib/python3.12/site-packages/airflow/example_dags/example_python_operator.py took 0.383 seconds
[2026-05-01T13:39:14.869+0000] {processor.py:161} INFO - Started process (PID=1692) to work on /home/airflow/.local/lib/python3.12/site-packages/airflow/example_dags/example_python_operator.py
[2026-05-01T13:39:14.871+0000] {processor.py:830} INFO - Processing file /home/airflow/.local/lib/python3.12/site-packages/airflow/example_dags/example_python_operator.py for tasks to queue
[2026-05-01T13:39:14.876+0000] {logging_mixin.py:188} INFO - [2026-05-01T13:39:14.875+0000] {dagbag.py:545} INFO - Filling up the DagBag from /home/airflow/.local/lib/python3.12/site-packages/airflow/example_dags/example_python_operator.py
[2026-05-01T13:39:14.898+0000] {processor.py:840} INFO - DAG(s) 'example_python_operator' retrieved from /home/airflow/.local/lib/python3.12/site-packages/airflow/example_dags/example_python_operator.py
[2026-05-01T13:39:14.933+0000] {logging_mixin.py:188} INFO - [2026-05-01T13:39:14.932+0000] {dag.py:3089} INFO - Sync 1 DAGs
[2026-05-01T13:39:14.952+0000] {logging_mixin.py:188} INFO - [2026-05-01T13:39:14.951+0000] {dag.py:3947} INFO - Setting next_dagrun for example_python_operator to None, run_after=None
[2026-05-01T13:39:15.160+0000] {processor.py:183} INFO - Processing /home/airflow/.local/lib/python3.12/site-packages/airflow/example_dags/example_python_operator.py took 0.304 seconds
[2026-05-01T13:39:45.251+0000] {processor.py:161} INFO - Started process (PID=1750) to work on /home/airflow/.local/lib/python3.12/site-packages/airflow/example_dags/example_python_operator.py
[2026-05-01T13:39:45.254+0000] {processor.py:830} INFO - Processing file /home/airflow/.local/lib/python3.12/site-packages/airflow/example_dags/example_python_operator.py for tasks to queue
[2026-05-01T13:39:45.258+0000] {logging_mixin.py:188} INFO - [2026-05-01T13:39:45.258+0000] {dagbag.py:545} INFO - Filling up the DagBag from /home/airflow/.local/lib/python3.12/site-packages/airflow/example_dags/example_python_operator.py
[2026-05-01T13:39:45.273+0000] {processor.py:840} INFO - DAG(s) 'example_python_operator' retrieved from /home/airflow/.local/lib/python3.12/site-packages/airflow/example_dags/example_python_operator.py
[2026-05-01T13:39:45.303+0000] {logging_mixin.py:188} INFO - [2026-05-01T13:39:45.303+0000] {dag.py:3089} INFO - Sync 1 DAGs
[2026-05-01T13:39:45.322+0000] {logging_mixin.py:188} INFO - [2026-05-01T13:39:45.322+0000] {dag.py:3947} INFO - Setting next_dagrun for example_python_operator to None, run_after=None
[2026-05-01T13:39:45.348+0000] {processor.py:183} INFO - Processing /home/airflow/.local/lib/python3.12/site-packages/airflow/example_dags/example_python_operator.py took 0.105 seconds
[2026-05-01T13:40:15.463+0000] {processor.py:161} INFO - Started process (PID=1808) to work on /home/airflow/.local/lib/python3.12/site-packages/airflow/example_dags/example_python_operator.py
[2026-05-01T13:40:15.466+0000] {processor.py:830} INFO - Processing file /home/airflow/.local/lib/python3.12/site-packages/airflow/example_dags/example_python_operator.py for tasks to queue
[2026-05-01T13:40:15.470+0000] {logging_mixin.py:188} INFO - [2026-05-01T13:40:15.469+0000] {dagbag.py:545} INFO - Filling up the DagBag from /home/airflow/.local/lib/python3.12/site-packages/airflow/example_dags/example_python_operator.py
[2026-05-01T13:40:15.484+0000] {processor.py:840} INFO - DAG(s) 'example_python_operator' retrieved from /home/airflow/.local/lib/python3.12/site-packages/airflow/example_dags/example_python_operator.py
[2026-05-01T13:40:15.517+0000] {logging_mixin.py:188} INFO - [2026-05-01T13:40:15.516+0000] {dag.py:3089} INFO - Sync 1 DAGs
[2026-05-01T13:40:15.535+0000] {logging_mixin.py:188} INFO - [2026-05-01T13:40:15.535+0000] {dag.py:3947} INFO - Setting next_dagrun for example_python_operator to None, run_after=None
[2026-05-01T13:40:15.564+0000] {processor.py:183} INFO - Processing /home/airflow/.local/lib/python3.12/site-packages/airflow/example_dags/example_python_operator.py took 0.110 seconds
[2026-05-01T13:42:36.622+0000] {processor.py:161} INFO - Started process (PID=56) to work on /home/airflow/.local/lib/python3.12/site-packages/airflow/example_dags/example_python_operator.py
[2026-05-01T13:42:36.632+0000] {processor.py:830} INFO - Processing file /home/airflow/.local/lib/python3.12/site-packages/airflow/example_dags/example_python_operator.py for tasks to queue
[2026-05-01T13:42:36.654+0000] {logging_mixin.py:188} INFO - [2026-05-01T13:42:36.652+0000] {dagbag.py:545} INFO - Filling up the DagBag from /home/airflow/.local/lib/python3.12/site-packages/airflow/example_dags/example_python_operator.py
[2026-05-01T13:42:36.789+0000] {processor.py:840} INFO - DAG(s) 'example_python_operator' retrieved from /home/airflow/.local/lib/python3.12/site-packages/airflow/example_dags/example_python_operator.py
[2026-05-01T13:42:36.853+0000] {logging_mixin.py:188} INFO - [2026-05-01T13:42:36.852+0000] {dag.py:3089} INFO - Sync 1 DAGs
[2026-05-01T13:42:36.973+0000] {logging_mixin.py:188} INFO - [2026-05-01T13:42:36.973+0000] {dag.py:3947} INFO - Setting next_dagrun for example_python_operator to None, run_after=None
[2026-05-01T13:42:37.092+0000] {processor.py:183} INFO - Processing /home/airflow/.local/lib/python3.12/site-packages/airflow/example_dags/example_python_operator.py took 0.526 seconds
[2026-05-01T13:43:07.806+0000] {processor.py:161} INFO - Started process (PID=114) to work on /home/airflow/.local/lib/python3.12/site-packages/airflow/example_dags/example_python_operator.py
[2026-05-01T13:43:07.810+0000] {processor.py:830} INFO - Processing file /home/airflow/.local/lib/python3.12/site-packages/airflow/example_dags/example_python_operator.py for tasks to queue
[2026-05-01T13:43:07.818+0000] {logging_mixin.py:188} INFO - [2026-05-01T13:43:07.817+0000] {dagbag.py:545} INFO - Filling up the DagBag from /home/airflow/.local/lib/python3.12/site-packages/airflow/example_dags/example_python_operator.py
[2026-05-01T13:43:07.847+0000] {processor.py:840} INFO - DAG(s) 'example_python_operator' retrieved from /home/airflow/.local/lib/python3.12/site-packages/airflow/example_dags/example_python_operator.py
[2026-05-01T13:43:08.231+0000] {logging_mixin.py:188} INFO - [2026-05-01T13:43:08.230+0000] {dag.py:3089} INFO - Sync 1 DAGs
[2026-05-01T13:43:08.272+0000] {logging_mixin.py:188} INFO - [2026-05-01T13:43:08.271+0000] {dag.py:3947} INFO - Setting next_dagrun for example_python_operator to None, run_after=None
[2026-05-01T13:43:08.335+0000] {processor.py:183} INFO - Processing /home/airflow/.local/lib/python3.12/site-packages/airflow/example_dags/example_python_operator.py took 0.542 seconds
[2026-05-01T13:43:38.420+0000] {processor.py:161} INFO - Started process (PID=172) to work on /home/airflow/.local/lib/python3.12/site-packages/airflow/example_dags/example_python_operator.py
[2026-05-01T13:43:38.423+0000] {processor.py:830} INFO - Processing file /home/airflow/.local/lib/python3.12/site-packages/airflow/example_dags/example_python_operator.py for tasks to queue
[2026-05-01T13:43:38.426+0000] {logging_mixin.py:188} INFO - [2026-05-01T13:43:38.426+0000] {dagbag.py:545} INFO - Filling up the DagBag from /home/airflow/.local/lib/python3.12/site-packages/airflow/example_dags/example_python_operator.py
[2026-05-01T13:43:38.444+0000] {processor.py:840} INFO - DAG(s) 'example_python_operator' retrieved from /home/airflow/.local/lib/python3.12/site-packages/airflow/example_dags/example_python_operator.py
[2026-05-01T13:43:38.494+0000] {logging_mixin.py:188} INFO - [2026-05-01T13:43:38.494+0000] {dag.py:3089} INFO - Sync 1 DAGs
[2026-05-01T13:43:38.529+0000] {logging_mixin.py:188} INFO - [2026-05-01T13:43:38.529+0000] {dag.py:3947} INFO - Setting next_dagrun for example_python_operator to None, run_after=None
[2026-05-01T13:43:38.596+0000] {processor.py:183} INFO - Processing /home/airflow/.local/lib/python3.12/site-packages/airflow/example_dags/example_python_operator.py took 0.185 seconds
[2026-05-01T13:44:09.060+0000] {processor.py:161} INFO - Started process (PID=230) to work on /home/airflow/.local/lib/python3.12/site-packages/airflow/example_dags/example_python_operator.py
[2026-05-01T13:44:09.074+0000] {processor.py:830} INFO - Processing file /home/airflow/.local/lib/python3.12/site-packages/airflow/example_dags/example_python_operator.py for tasks to queue
[2026-05-01T13:44:09.093+0000] {logging_mixin.py:188} INFO - [2026-05-01T13:44:09.091+0000] {dagbag.py:545} INFO - Filling up the DagBag from /home/airflow/.local/lib/python3.12/site-packages/airflow/example_dags/example_python_operator.py
[2026-05-01T13:44:09.129+0000] {processor.py:840} INFO - DAG(s) 'example_python_operator' retrieved from /home/airflow/.local/lib/python3.12/site-packages/airflow/example_dags/example_python_operator.py
[2026-05-01T13:44:09.221+0000] {logging_mixin.py:188} INFO - [2026-05-01T13:44:09.219+0000] {dag.py:3089} INFO - Sync 1 DAGs
[2026-05-01T13:44:09.283+0000] {logging_mixin.py:188} INFO - [2026-05-01T13:44:09.282+0000] {dag.py:3947} INFO - Setting next_dagrun for example_python_operator to None, run_after=None
[2026-05-01T13:44:09.316+0000] {processor.py:183} INFO - Processing /home/airflow/.local/lib/python3.12/site-packages/airflow/example_dags/example_python_operator.py took 0.290 seconds
[2026-05-01T13:44:39.522+0000] {processor.py:161} INFO - Started process (PID=287) to work on /home/airflow/.local/lib/python3.12/site-packages/airflow/example_dags/example_python_operator.py
[2026-05-01T13:44:39.525+0000] {processor.py:830} INFO - Processing file /home/airflow/.local/lib/python3.12/site-packages/airflow/example_dags/example_python_operator.py for tasks to queue
[2026-05-01T13:44:39.534+0000] {logging_mixin.py:188} INFO - [2026-05-01T13:44:39.533+0000] {dagbag.py:545} INFO - Filling up the DagBag from /home/airflow/.local/lib/python3.12/site-packages/airflow/example_dags/example_python_operator.py
[2026-05-01T13:44:39.574+0000] {processor.py:840} INFO - DAG(s) 'example_python_operator' retrieved from /home/airflow/.local/lib/python3.12/site-packages/airflow/example_dags/example_python_operator.py
[2026-05-01T13:44:39.620+0000] {logging_mixin.py:188} INFO - [2026-05-01T13:44:39.620+0000] {dag.py:3089} INFO - Sync 1 DAGs
[2026-05-01T13:44:39.644+0000] {logging_mixin.py:188} INFO - [2026-05-01T13:44:39.643+0000] {dag.py:3947} INFO - Setting next_dagrun for example_python_operator to None, run_after=None
[2026-05-01T13:44:39.673+0000] {processor.py:183} INFO - Processing /home/airflow/.local/lib/python3.12/site-packages/airflow/example_dags/example_python_operator.py took 0.173 seconds
[2026-05-01T13:45:12.994+0000] {processor.py:161} INFO - Started process (PID=345) to work on /home/airflow/.local/lib/python3.12/site-packages/airflow/example_dags/example_python_operator.py
[2026-05-01T13:45:13.005+0000] {processor.py:830} INFO - Processing file /home/airflow/.local/lib/python3.12/site-packages/airflow/example_dags/example_python_operator.py for tasks to queue
[2026-05-01T13:45:13.016+0000] {logging_mixin.py:188} INFO - [2026-05-01T13:45:13.015+0000] {dagbag.py:545} INFO - Filling up the DagBag from /home/airflow/.local/lib/python3.12/site-packages/airflow/example_dags/example_python_operator.py
[2026-05-01T13:45:13.079+0000] {processor.py:840} INFO - DAG(s) 'example_python_operator' retrieved from /home/airflow/.local/lib/python3.12/site-packages/airflow/example_dags/example_python_operator.py
[2026-05-01T13:45:13.156+0000] {logging_mixin.py:188} INFO - [2026-05-01T13:45:13.156+0000] {dag.py:3089} INFO - Sync 1 DAGs
[2026-05-01T13:45:13.192+0000] {logging_mixin.py:188} INFO - [2026-05-01T13:45:13.192+0000] {dag.py:3947} INFO - Setting next_dagrun for example_python_operator to None, run_after=None
[2026-05-01T13:45:13.258+0000] {processor.py:183} INFO - Processing /home/airflow/.local/lib/python3.12/site-packages/airflow/example_dags/example_python_operator.py took 0.281 seconds
[2026-05-01T13:45:45.515+0000] {processor.py:161} INFO - Started process (PID=403) to work on /home/airflow/.local/lib/python3.12/site-packages/airflow/example_dags/example_python_operator.py
[2026-05-01T13:45:45.520+0000] {processor.py:830} INFO - Processing file /home/airflow/.local/lib/python3.12/site-packages/airflow/example_dags/example_python_operator.py for tasks to queue
[2026-05-01T13:45:45.529+0000] {logging_mixin.py:188} INFO - [2026-05-01T13:45:45.528+0000] {dagbag.py:545} INFO - Filling up the DagBag from /home/airflow/.local/lib/python3.12/site-packages/airflow/example_dags/example_python_operator.py
[2026-05-01T13:45:45.585+0000] {processor.py:840} INFO - DAG(s) 'example_python_operator' retrieved from /home/airflow/.local/lib/python3.12/site-packages/airflow/example_dags/example_python_operator.py
[2026-05-01T13:45:45.679+0000] {logging_mixin.py:188} INFO - [2026-05-01T13:45:45.679+0000] {dag.py:3089} INFO - Sync 1 DAGs
[2026-05-01T13:45:45.743+0000] {logging_mixin.py:188} INFO - [2026-05-01T13:45:45.743+0000] {dag.py:3947} INFO - Setting next_dagrun for example_python_operator to None, run_after=None
[2026-05-01T13:45:45.942+0000] {processor.py:183} INFO - Processing /home/airflow/.local/lib/python3.12/site-packages/airflow/example_dags/example_python_operator.py took 0.465 seconds
[2026-05-01T13:46:16.522+0000] {processor.py:161} INFO - Started process (PID=459) to work on /home/airflow/.local/lib/python3.12/site-packages/airflow/example_dags/example_python_operator.py
[2026-05-01T13:46:16.525+0000] {processor.py:830} INFO - Processing file /home/airflow/.local/lib/python3.12/site-packages/airflow/example_dags/example_python_operator.py for tasks to queue
[2026-05-01T13:46:16.529+0000] {logging_mixin.py:188} INFO - [2026-05-01T13:46:16.529+0000] {dagbag.py:545} INFO - Filling up the DagBag from /home/airflow/.local/lib/python3.12/site-packages/airflow/example_dags/example_python_operator.py
[2026-05-01T13:46:16.544+0000] {processor.py:840} INFO - DAG(s) 'example_python_operator' retrieved from /home/airflow/.local/lib/python3.12/site-packages/airflow/example_dags/example_python_operator.py
[2026-05-01T13:46:16.580+0000] {logging_mixin.py:188} INFO - [2026-05-01T13:46:16.580+0000] {dag.py:3089} INFO - Sync 1 DAGs
[2026-05-01T13:46:16.600+0000] {logging_mixin.py:188} INFO - [2026-05-01T13:46:16.600+0000] {dag.py:3947} INFO - Setting next_dagrun for example_python_operator to None, run_after=None
[2026-05-01T13:46:16.629+0000] {processor.py:183} INFO - Processing /home/airflow/.local/lib/python3.12/site-packages/airflow/example_dags/example_python_operator.py took 0.120 seconds
[2026-05-01T13:46:47.691+0000] {processor.py:161} INFO - Started process (PID=517) to work on /home/airflow/.local/lib/python3.12/site-packages/airflow/example_dags/example_python_operator.py
[2026-05-01T13:46:47.709+0000] {processor.py:830} INFO - Processing file /home/airflow/.local/lib/python3.12/site-packages/airflow/example_dags/example_python_operator.py for tasks to queue
[2026-05-01T13:46:47.721+0000] {logging_mixin.py:188} INFO - [2026-05-01T13:46:47.721+0000] {dagbag.py:545} INFO - Filling up the DagBag from /home/airflow/.local/lib/python3.12/site-packages/airflow/example_dags/example_python_operator.py
[2026-05-01T13:46:47.745+0000] {processor.py:840} INFO - DAG(s) 'example_python_operator' retrieved from /home/airflow/.local/lib/python3.12/site-packages/airflow/example_dags/example_python_operator.py
[2026-05-01T13:46:47.809+0000] {logging_mixin.py:188} INFO - [2026-05-01T13:46:47.809+0000] {dag.py:3089} INFO - Sync 1 DAGs
[2026-05-01T13:46:47.842+0000] {logging_mixin.py:188} INFO - [2026-05-01T13:46:47.842+0000] {dag.py:3947} INFO - Setting next_dagrun for example_python_operator to None, run_after=None
[2026-05-01T13:46:47.937+0000] {processor.py:183} INFO - Processing /home/airflow/.local/lib/python3.12/site-packages/airflow/example_dags/example_python_operator.py took 0.433 seconds
[2026-05-01T13:47:18.492+0000] {processor.py:161} INFO - Started process (PID=575) to work on /home/airflow/.local/lib/python3.12/site-packages/airflow/example_dags/example_python_operator.py
[2026-05-01T13:47:18.497+0000] {processor.py:830} INFO - Processing file /home/airflow/.local/lib/python3.12/site-packages/airflow/example_dags/example_python_operator.py for tasks to queue
[2026-05-01T13:47:18.502+0000] {logging_mixin.py:188} INFO - [2026-05-01T13:47:18.501+0000] {dagbag.py:545} INFO - Filling up the DagBag from /home/airflow/.local/lib/python3.12/site-packages/airflow/example_dags/example_python_operator.py
[2026-05-01T13:47:18.531+0000] {processor.py:840} INFO - DAG(s) 'example_python_operator' retrieved from /home/airflow/.local/lib/python3.12/site-packages/airflow/example_dags/example_python_operator.py
[2026-05-01T13:47:18.571+0000] {logging_mixin.py:188} INFO - [2026-05-01T13:47:18.571+0000] {dag.py:3089} INFO - Sync 1 DAGs
[2026-05-01T13:47:18.592+0000] {logging_mixin.py:188} INFO - [2026-05-01T13:47:18.592+0000] {dag.py:3947} INFO - Setting next_dagrun for example_python_operator to None, run_after=None
[2026-05-01T13:47:18.632+0000] {processor.py:183} INFO - Processing /home/airflow/.local/lib/python3.12/site-packages/airflow/example_dags/example_python_operator.py took 0.159 seconds
[2026-05-01T13:47:48.893+0000] {processor.py:161} INFO - Started process (PID=633) to work on /home/airflow/.local/lib/python3.12/site-packages/airflow/example_dags/example_python_operator.py
[2026-05-01T13:47:48.908+0000] {processor.py:830} INFO - Processing file /home/airflow/.local/lib/python3.12/site-packages/airflow/example_dags/example_python_operator.py for tasks to queue
[2026-05-01T13:47:48.915+0000] {logging_mixin.py:188} INFO - [2026-05-01T13:47:48.914+0000] {dagbag.py:545} INFO - Filling up the DagBag from /home/airflow/.local/lib/python3.12/site-packages/airflow/example_dags/example_python_operator.py
[2026-05-01T13:47:48.946+0000] {processor.py:840} INFO - DAG(s) 'example_python_operator' retrieved from /home/airflow/.local/lib/python3.12/site-packages/airflow/example_dags/example_python_operator.py
[2026-05-01T13:47:48.995+0000] {logging_mixin.py:188} INFO - [2026-05-01T13:47:48.995+0000] {dag.py:3089} INFO - Sync 1 DAGs
[2026-05-01T13:47:49.021+0000] {logging_mixin.py:188} INFO - [2026-05-01T13:47:49.021+0000] {dag.py:3947} INFO - Setting next_dagrun for example_python_operator to None, run_after=None
[2026-05-01T13:47:49.052+0000] {processor.py:183} INFO - Processing /home/airflow/.local/lib/python3.12/site-packages/airflow/example_dags/example_python_operator.py took 0.180 seconds
[2026-05-01T13:48:19.883+0000] {processor.py:161} INFO - Started process (PID=690) to work on /home/airflow/.local/lib/python3.12/site-packages/airflow/example_dags/example_python_operator.py
[2026-05-01T13:48:19.889+0000] {processor.py:830} INFO - Processing file /home/airflow/.local/lib/python3.12/site-packages/airflow/example_dags/example_python_operator.py for tasks to queue
[2026-05-01T13:48:19.902+0000] {logging_mixin.py:188} INFO - [2026-05-01T13:48:19.901+0000] {dagbag.py:545} INFO - Filling up the DagBag from /home/airflow/.local/lib/python3.12/site-packages/airflow/example_dags/example_python_operator.py
[2026-05-01T13:48:19.933+0000] {processor.py:840} INFO - DAG(s) 'example_python_operator' retrieved from /home/airflow/.local/lib/python3.12/site-packages/airflow/example_dags/example_python_operator.py
[2026-05-01T13:48:19.969+0000] {logging_mixin.py:188} INFO - [2026-05-01T13:48:19.969+0000] {dag.py:3089} INFO - Sync 1 DAGs
[2026-05-01T13:48:19.991+0000] {logging_mixin.py:188} INFO - [2026-05-01T13:48:19.991+0000] {dag.py:3947} INFO - Setting next_dagrun for example_python_operator to None, run_after=None
[2026-05-01T13:48:20.024+0000] {processor.py:183} INFO - Processing /home/airflow/.local/lib/python3.12/site-packages/airflow/example_dags/example_python_operator.py took 0.148 seconds
[2026-05-01T13:48:50.511+0000] {processor.py:161} INFO - Started process (PID=747) to work on /home/airflow/.local/lib/python3.12/site-packages/airflow/example_dags/example_python_operator.py
[2026-05-01T13:48:50.514+0000] {processor.py:830} INFO - Processing file /home/airflow/.local/lib/python3.12/site-packages/airflow/example_dags/example_python_operator.py for tasks to queue
[2026-05-01T13:48:50.522+0000] {logging_mixin.py:188} INFO - [2026-05-01T13:48:50.520+0000] {dagbag.py:545} INFO - Filling up the DagBag from /home/airflow/.local/lib/python3.12/site-packages/airflow/example_dags/example_python_operator.py
[2026-05-01T13:48:50.556+0000] {processor.py:840} INFO - DAG(s) 'example_python_operator' retrieved from /home/airflow/.local/lib/python3.12/site-packages/airflow/example_dags/example_python_operator.py
[2026-05-01T13:48:50.589+0000] {logging_mixin.py:188} INFO - [2026-05-01T13:48:50.589+0000] {dag.py:3089} INFO - Sync 1 DAGs
[2026-05-01T13:48:50.610+0000] {logging_mixin.py:188} INFO - [2026-05-01T13:48:50.610+0000] {dag.py:3947} INFO - Setting next_dagrun for example_python_operator to None, run_after=None
[2026-05-01T13:48:50.638+0000] {processor.py:183} INFO - Processing /home/airflow/.local/lib/python3.12/site-packages/airflow/example_dags/example_python_operator.py took 0.148 seconds
[2026-05-01T13:49:20.890+0000] {processor.py:161} INFO - Started process (PID=805) to work on /home/airflow/.local/lib/python3.12/site-packages/airflow/example_dags/example_python_operator.py
[2026-05-01T13:49:20.895+0000] {processor.py:830} INFO - Processing file /home/airflow/.local/lib/python3.12/site-packages/airflow/example_dags/example_python_operator.py for tasks to queue
[2026-05-01T13:49:20.904+0000] {logging_mixin.py:188} INFO - [2026-05-01T13:49:20.903+0000] {dagbag.py:545} INFO - Filling up the DagBag from /home/airflow/.local/lib/python3.12/site-packages/airflow/example_dags/example_python_operator.py
[2026-05-01T13:49:20.939+0000] {processor.py:840} INFO - DAG(s) 'example_python_operator' retrieved from /home/airflow/.local/lib/python3.12/site-packages/airflow/example_dags/example_python_operator.py
[2026-05-01T13:49:20.981+0000] {logging_mixin.py:188} INFO - [2026-05-01T13:49:20.981+0000] {dag.py:3089} INFO - Sync 1 DAGs
[2026-05-01T13:49:21.006+0000] {logging_mixin.py:188} INFO - [2026-05-01T13:49:21.006+0000] {dag.py:3947} INFO - Setting next_dagrun for example_python_operator to None, run_after=None
[2026-05-01T13:49:21.049+0000] {processor.py:183} INFO - Processing /home/airflow/.local/lib/python3.12/site-packages/airflow/example_dags/example_python_operator.py took 0.175 seconds
[2026-05-01T13:49:51.137+0000] {processor.py:161} INFO - Started process (PID=863) to work on /home/airflow/.local/lib/python3.12/site-packages/airflow/example_dags/example_python_operator.py
[2026-05-01T13:49:51.149+0000] {processor.py:830} INFO - Processing file /home/airflow/.local/lib/python3.12/site-packages/airflow/example_dags/example_python_operator.py for tasks to queue
[2026-05-01T13:49:51.164+0000] {logging_mixin.py:188} INFO - [2026-05-01T13:49:51.163+0000] {dagbag.py:545} INFO - Filling up the DagBag from /home/airflow/.local/lib/python3.12/site-packages/airflow/example_dags/example_python_operator.py
[2026-05-01T13:49:51.247+0000] {processor.py:840} INFO - DAG(s) 'example_python_operator' retrieved from /home/airflow/.local/lib/python3.12/site-packages/airflow/example_dags/example_python_operator.py
[2026-05-01T13:49:51.322+0000] {logging_mixin.py:188} INFO - [2026-05-01T13:49:51.320+0000] {dag.py:3089} INFO - Sync 1 DAGs
[2026-05-01T13:49:51.392+0000] {logging_mixin.py:188} INFO - [2026-05-01T13:49:51.391+0000] {dag.py:3947} INFO - Setting next_dagrun for example_python_operator to None, run_after=None
[2026-05-01T13:49:51.454+0000] {processor.py:183} INFO - Processing /home/airflow/.local/lib/python3.12/site-packages/airflow/example_dags/example_python_operator.py took 0.362 seconds
[2026-05-01T13:50:21.704+0000] {processor.py:161} INFO - Started process (PID=920) to work on /home/airflow/.local/lib/python3.12/site-packages/airflow/example_dags/example_python_operator.py
[2026-05-01T13:50:21.708+0000] {processor.py:830} INFO - Processing file /home/airflow/.local/lib/python3.12/site-packages/airflow/example_dags/example_python_operator.py for tasks to queue
[2026-05-01T13:50:21.712+0000] {logging_mixin.py:188} INFO - [2026-05-01T13:50:21.712+0000] {dagbag.py:545} INFO - Filling up the DagBag from /home/airflow/.local/lib/python3.12/site-packages/airflow/example_dags/example_python_operator.py
[2026-05-01T13:50:21.732+0000] {processor.py:840} INFO - DAG(s) 'example_python_operator' retrieved from /home/airflow/.local/lib/python3.12/site-packages/airflow/example_dags/example_python_operator.py
[2026-05-01T13:50:21.777+0000] {logging_mixin.py:188} INFO - [2026-05-01T13:50:21.776+0000] {dag.py:3089} INFO - Sync 1 DAGs
[2026-05-01T13:50:21.843+0000] {logging_mixin.py:188} INFO - [2026-05-01T13:50:21.840+0000] {dag.py:3947} INFO - Setting next_dagrun for example_python_operator to None, run_after=None
[2026-05-01T13:50:21.992+0000] {processor.py:183} INFO - Processing /home/airflow/.local/lib/python3.12/site-packages/airflow/example_dags/example_python_operator.py took 0.302 seconds
[2026-05-01T13:50:53.187+0000] {processor.py:161} INFO - Started process (PID=977) to work on /home/airflow/.local/lib/python3.12/site-packages/airflow/example_dags/example_python_operator.py
[2026-05-01T13:50:53.193+0000] {processor.py:830} INFO - Processing file /home/airflow/.local/lib/python3.12/site-packages/airflow/example_dags/example_python_operator.py for tasks to queue
[2026-05-01T13:50:53.222+0000] {logging_mixin.py:188} INFO - [2026-05-01T13:50:53.220+0000] {dagbag.py:545} INFO - Filling up the DagBag from /home/airflow/.local/lib/python3.12/site-packages/airflow/example_dags/example_python_operator.py
[2026-05-01T13:50:53.271+0000] {processor.py:840} INFO - DAG(s) 'example_python_operator' retrieved from /home/airflow/.local/lib/python3.12/site-packages/airflow/example_dags/example_python_operator.py
[2026-05-01T13:50:53.356+0000] {logging_mixin.py:188} INFO - [2026-05-01T13:50:53.354+0000] {dag.py:3089} INFO - Sync 1 DAGs
[2026-05-01T13:50:53.381+0000] {logging_mixin.py:188} INFO - [2026-05-01T13:50:53.380+0000] {dag.py:3947} INFO - Setting next_dagrun for example_python_operator to None, run_after=None
[2026-05-01T13:50:53.414+0000] {processor.py:183} INFO - Processing /home/airflow/.local/lib/python3.12/site-packages/airflow/example_dags/example_python_operator.py took 0.252 seconds
[2026-05-01T13:51:23.563+0000] {processor.py:161} INFO - Started process (PID=1034) to work on /home/airflow/.local/lib/python3.12/site-packages/airflow/example_dags/example_python_operator.py
[2026-05-01T13:51:23.571+0000] {processor.py:830} INFO - Processing file /home/airflow/.local/lib/python3.12/site-packages/airflow/example_dags/example_python_operator.py for tasks to queue
[2026-05-01T13:51:23.578+0000] {logging_mixin.py:188} INFO - [2026-05-01T13:51:23.577+0000] {dagbag.py:545} INFO - Filling up the DagBag from /home/airflow/.local/lib/python3.12/site-packages/airflow/example_dags/example_python_operator.py
[2026-05-01T13:51:23.594+0000] {processor.py:840} INFO - DAG(s) 'example_python_operator' retrieved from /home/airflow/.local/lib/python3.12/site-packages/airflow/example_dags/example_python_operator.py
[2026-05-01T13:51:23.629+0000] {logging_mixin.py:188} INFO - [2026-05-01T13:51:23.628+0000] {dag.py:3089} INFO - Sync 1 DAGs
[2026-05-01T13:51:23.647+0000] {logging_mixin.py:188} INFO - [2026-05-01T13:51:23.647+0000] {dag.py:3947} INFO - Setting next_dagrun for example_python_operator to None, run_after=None
[2026-05-01T13:51:23.686+0000] {processor.py:183} INFO - Processing /home/airflow/.local/lib/python3.12/site-packages/airflow/example_dags/example_python_operator.py took 0.132 seconds
[2026-05-01T13:51:54.051+0000] {processor.py:161} INFO - Started process (PID=1092) to work on /home/airflow/.local/lib/python3.12/site-packages/airflow/example_dags/example_python_operator.py
[2026-05-01T13:51:54.057+0000] {processor.py:830} INFO - Processing file /home/airflow/.local/lib/python3.12/site-packages/airflow/example_dags/example_python_operator.py for tasks to queue
[2026-05-01T13:51:54.063+0000] {logging_mixin.py:188} INFO - [2026-05-01T13:51:54.063+0000] {dagbag.py:545} INFO - Filling up the DagBag from /home/airflow/.local/lib/python3.12/site-packages/airflow/example_dags/example_python_operator.py
[2026-05-01T13:51:54.082+0000] {processor.py:840} INFO - DAG(s) 'example_python_operator' retrieved from /home/airflow/.local/lib/python3.12/site-packages/airflow/example_dags/example_python_operator.py
[2026-05-01T13:51:54.309+0000] {logging_mixin.py:188} INFO - [2026-05-01T13:51:54.308+0000] {dag.py:3089} INFO - Sync 1 DAGs
[2026-05-01T13:51:54.345+0000] {logging_mixin.py:188} INFO - [2026-05-01T13:51:54.344+0000] {dag.py:3947} INFO - Setting next_dagrun for example_python_operator to None, run_after=None
[2026-05-01T13:51:54.402+0000] {processor.py:183} INFO - Processing /home/airflow/.local/lib/python3.12/site-packages/airflow/example_dags/example_python_operator.py took 0.359 seconds
[2026-05-01T13:52:24.560+0000] {processor.py:161} INFO - Started process (PID=1149) to work on /home/airflow/.local/lib/python3.12/site-packages/airflow/example_dags/example_python_operator.py
[2026-05-01T13:52:24.564+0000] {processor.py:830} INFO - Processing file /home/airflow/.local/lib/python3.12/site-packages/airflow/example_dags/example_python_operator.py for tasks to queue
[2026-05-01T13:52:24.570+0000] {logging_mixin.py:188} INFO - [2026-05-01T13:52:24.569+0000] {dagbag.py:545} INFO - Filling up the DagBag from /home/airflow/.local/lib/python3.12/site-packages/airflow/example_dags/example_python_operator.py
[2026-05-01T13:52:24.585+0000] {processor.py:840} INFO - DAG(s) 'example_python_operator' retrieved from /home/airflow/.local/lib/python3.12/site-packages/airflow/example_dags/example_python_operator.py
[2026-05-01T13:52:24.618+0000] {logging_mixin.py:188} INFO - [2026-05-01T13:52:24.618+0000] {dag.py:3089} INFO - Sync 1 DAGs
[2026-05-01T13:52:24.636+0000] {logging_mixin.py:188} INFO - [2026-05-01T13:52:24.636+0000] {dag.py:3947} INFO - Setting next_dagrun for example_python_operator to None, run_after=None
[2026-05-01T13:52:24.667+0000] {processor.py:183} INFO - Processing /home/airflow/.local/lib/python3.12/site-packages/airflow/example_dags/example_python_operator.py took 0.118 seconds
[2026-05-01T13:52:55.334+0000] {processor.py:161} INFO - Started process (PID=1213) to work on /home/airflow/.local/lib/python3.12/site-packages/airflow/example_dags/example_python_operator.py
[2026-05-01T13:52:55.337+0000] {processor.py:830} INFO - Processing file /home/airflow/.local/lib/python3.12/site-packages/airflow/example_dags/example_python_operator.py for tasks to queue
[2026-05-01T13:52:55.340+0000] {logging_mixin.py:188} INFO - [2026-05-01T13:52:55.340+0000] {dagbag.py:545} INFO - Filling up the DagBag from /home/airflow/.local/lib/python3.12/site-packages/airflow/example_dags/example_python_operator.py
[2026-05-01T13:52:55.354+0000] {processor.py:840} INFO - DAG(s) 'example_python_operator' retrieved from /home/airflow/.local/lib/python3.12/site-packages/airflow/example_dags/example_python_operator.py
[2026-05-01T13:52:55.404+0000] {logging_mixin.py:188} INFO - [2026-05-01T13:52:55.404+0000] {dag.py:3089} INFO - Sync 1 DAGs
[2026-05-01T13:52:55.434+0000] {logging_mixin.py:188} INFO - [2026-05-01T13:52:55.434+0000] {dag.py:3947} INFO - Setting next_dagrun for example_python_operator to None, run_after=None
[2026-05-01T13:52:55.465+0000] {processor.py:183} INFO - Processing /home/airflow/.local/lib/python3.12/site-packages/airflow/example_dags/example_python_operator.py took 0.138 seconds
[2026-05-01T13:53:25.848+0000] {processor.py:161} INFO - Started process (PID=1269) to work on /home/airflow/.local/lib/python3.12/site-packages/airflow/example_dags/example_python_operator.py
[2026-05-01T13:53:25.852+0000] {processor.py:830} INFO - Processing file /home/airflow/.local/lib/python3.12/site-packages/airflow/example_dags/example_python_operator.py for tasks to queue
[2026-05-01T13:53:25.862+0000] {logging_mixin.py:188} INFO - [2026-05-01T13:53:25.862+0000] {dagbag.py:545} INFO - Filling up the DagBag from /home/airflow/.local/lib/python3.12/site-packages/airflow/example_dags/example_python_operator.py
[2026-05-01T13:53:25.911+0000] {processor.py:840} INFO - DAG(s) 'example_python_operator' retrieved from /home/airflow/.local/lib/python3.12/site-packages/airflow/example_dags/example_python_operator.py
[2026-05-01T13:53:26.055+0000] {logging_mixin.py:188} INFO - [2026-05-01T13:53:26.054+0000] {dag.py:3089} INFO - Sync 1 DAGs
[2026-05-01T13:53:26.175+0000] {logging_mixin.py:188} INFO - [2026-05-01T13:53:26.173+0000] {dag.py:3947} INFO - Setting next_dagrun for example_python_operator to None, run_after=None
[2026-05-01T13:53:26.272+0000] {processor.py:183} INFO - Processing /home/airflow/.local/lib/python3.12/site-packages/airflow/example_dags/example_python_operator.py took 0.462 seconds
