[2026-05-01T13:24:39.740+0000] {processor.py:161} INFO - Started process (PID=76) to work on /home/airflow/.local/lib/python3.12/site-packages/airflow/example_dags/example_params_ui_tutorial.py
[2026-05-01T13:24:39.761+0000] {processor.py:830} INFO - Processing file /home/airflow/.local/lib/python3.12/site-packages/airflow/example_dags/example_params_ui_tutorial.py for tasks to queue
[2026-05-01T13:24:39.798+0000] {logging_mixin.py:188} INFO - [2026-05-01T13:24:39.784+0000] {dagbag.py:545} INFO - Filling up the DagBag from /home/airflow/.local/lib/python3.12/site-packages/airflow/example_dags/example_params_ui_tutorial.py
[2026-05-01T13:24:39.960+0000] {processor.py:840} INFO - DAG(s) 'example_params_ui_tutorial' retrieved from /home/airflow/.local/lib/python3.12/site-packages/airflow/example_dags/example_params_ui_tutorial.py
[2026-05-01T13:24:42.041+0000] {logging_mixin.py:188} INFO - [2026-05-01T13:24:42.038+0000] {override.py:1858} INFO - Created Permission View: can delete on DAG:example_params_ui_tutorial
[2026-05-01T13:24:42.113+0000] {logging_mixin.py:188} INFO - [2026-05-01T13:24:42.112+0000] {override.py:1858} INFO - Created Permission View: can edit on DAG:example_params_ui_tutorial
[2026-05-01T13:24:42.166+0000] {logging_mixin.py:188} INFO - [2026-05-01T13:24:42.166+0000] {override.py:1858} INFO - Created Permission View: can read on DAG:example_params_ui_tutorial
[2026-05-01T13:24:42.173+0000] {logging_mixin.py:188} INFO - [2026-05-01T13:24:42.173+0000] {dag.py:3089} INFO - Sync 1 DAGs
[2026-05-01T13:24:42.270+0000] {logging_mixin.py:188} INFO - [2026-05-01T13:24:42.269+0000] {dag.py:3111} INFO - Creating ORM DAG for example_params_ui_tutorial
[2026-05-01T13:24:42.279+0000] {logging_mixin.py:188} INFO - [2026-05-01T13:24:42.278+0000] {dag.py:3947} INFO - Setting next_dagrun for example_params_ui_tutorial to None, run_after=None
[2026-05-01T13:24:42.481+0000] {processor.py:183} INFO - Processing /home/airflow/.local/lib/python3.12/site-packages/airflow/example_dags/example_params_ui_tutorial.py took 2.858 seconds
[2026-05-01T13:25:29.951+0000] {processor.py:161} INFO - Started process (PID=139) to work on /home/airflow/.local/lib/python3.12/site-packages/airflow/example_dags/example_params_ui_tutorial.py
[2026-05-01T13:25:29.970+0000] {processor.py:830} INFO - Processing file /home/airflow/.local/lib/python3.12/site-packages/airflow/example_dags/example_params_ui_tutorial.py for tasks to queue
[2026-05-01T13:25:30.009+0000] {logging_mixin.py:188} INFO - [2026-05-01T13:25:29.995+0000] {dagbag.py:545} INFO - Filling up the DagBag from /home/airflow/.local/lib/python3.12/site-packages/airflow/example_dags/example_params_ui_tutorial.py
[2026-05-01T13:25:30.064+0000] {processor.py:840} INFO - DAG(s) 'example_params_ui_tutorial' retrieved from /home/airflow/.local/lib/python3.12/site-packages/airflow/example_dags/example_params_ui_tutorial.py
[2026-05-01T13:25:30.415+0000] {logging_mixin.py:188} INFO - [2026-05-01T13:25:30.414+0000] {dag.py:3089} INFO - Sync 1 DAGs
[2026-05-01T13:25:30.456+0000] {logging_mixin.py:188} INFO - [2026-05-01T13:25:30.456+0000] {dag.py:3947} INFO - Setting next_dagrun for example_params_ui_tutorial to None, run_after=None
[2026-05-01T13:25:30.624+0000] {processor.py:183} INFO - Processing /home/airflow/.local/lib/python3.12/site-packages/airflow/example_dags/example_params_ui_tutorial.py took 0.721 seconds
[2026-05-01T13:26:01.284+0000] {processor.py:161} INFO - Started process (PID=197) to work on /home/airflow/.local/lib/python3.12/site-packages/airflow/example_dags/example_params_ui_tutorial.py
[2026-05-01T13:26:01.287+0000] {processor.py:830} INFO - Processing file /home/airflow/.local/lib/python3.12/site-packages/airflow/example_dags/example_params_ui_tutorial.py for tasks to queue
[2026-05-01T13:26:01.301+0000] {logging_mixin.py:188} INFO - [2026-05-01T13:26:01.297+0000] {dagbag.py:545} INFO - Filling up the DagBag from /home/airflow/.local/lib/python3.12/site-packages/airflow/example_dags/example_params_ui_tutorial.py
[2026-05-01T13:26:01.349+0000] {processor.py:840} INFO - DAG(s) 'example_params_ui_tutorial' retrieved from /home/airflow/.local/lib/python3.12/site-packages/airflow/example_dags/example_params_ui_tutorial.py
[2026-05-01T13:26:01.660+0000] {logging_mixin.py:188} INFO - [2026-05-01T13:26:01.660+0000] {dag.py:3089} INFO - Sync 1 DAGs
[2026-05-01T13:26:01.729+0000] {logging_mixin.py:188} INFO - [2026-05-01T13:26:01.729+0000] {dag.py:3947} INFO - Setting next_dagrun for example_params_ui_tutorial to None, run_after=None
[2026-05-01T13:26:01.782+0000] {processor.py:183} INFO - Processing /home/airflow/.local/lib/python3.12/site-packages/airflow/example_dags/example_params_ui_tutorial.py took 0.537 seconds
[2026-05-01T13:26:32.223+0000] {processor.py:161} INFO - Started process (PID=255) to work on /home/airflow/.local/lib/python3.12/site-packages/airflow/example_dags/example_params_ui_tutorial.py
[2026-05-01T13:26:32.234+0000] {processor.py:830} INFO - Processing file /home/airflow/.local/lib/python3.12/site-packages/airflow/example_dags/example_params_ui_tutorial.py for tasks to queue
[2026-05-01T13:26:32.240+0000] {logging_mixin.py:188} INFO - [2026-05-01T13:26:32.239+0000] {dagbag.py:545} INFO - Filling up the DagBag from /home/airflow/.local/lib/python3.12/site-packages/airflow/example_dags/example_params_ui_tutorial.py
[2026-05-01T13:26:32.257+0000] {processor.py:840} INFO - DAG(s) 'example_params_ui_tutorial' retrieved from /home/airflow/.local/lib/python3.12/site-packages/airflow/example_dags/example_params_ui_tutorial.py
[2026-05-01T13:26:32.364+0000] {logging_mixin.py:188} INFO - [2026-05-01T13:26:32.364+0000] {dag.py:3089} INFO - Sync 1 DAGs
[2026-05-01T13:26:32.394+0000] {logging_mixin.py:188} INFO - [2026-05-01T13:26:32.394+0000] {dag.py:3947} INFO - Setting next_dagrun for example_params_ui_tutorial to None, run_after=None
[2026-05-01T13:26:32.431+0000] {processor.py:183} INFO - Processing /home/airflow/.local/lib/python3.12/site-packages/airflow/example_dags/example_params_ui_tutorial.py took 0.224 seconds
[2026-05-01T13:27:02.850+0000] {processor.py:161} INFO - Started process (PID=313) to work on /home/airflow/.local/lib/python3.12/site-packages/airflow/example_dags/example_params_ui_tutorial.py
[2026-05-01T13:27:02.858+0000] {processor.py:830} INFO - Processing file /home/airflow/.local/lib/python3.12/site-packages/airflow/example_dags/example_params_ui_tutorial.py for tasks to queue
[2026-05-01T13:27:02.864+0000] {logging_mixin.py:188} INFO - [2026-05-01T13:27:02.863+0000] {dagbag.py:545} INFO - Filling up the DagBag from /home/airflow/.local/lib/python3.12/site-packages/airflow/example_dags/example_params_ui_tutorial.py
[2026-05-01T13:27:02.888+0000] {processor.py:840} INFO - DAG(s) 'example_params_ui_tutorial' retrieved from /home/airflow/.local/lib/python3.12/site-packages/airflow/example_dags/example_params_ui_tutorial.py
[2026-05-01T13:27:02.984+0000] {logging_mixin.py:188} INFO - [2026-05-01T13:27:02.984+0000] {dag.py:3089} INFO - Sync 1 DAGs
[2026-05-01T13:27:03.018+0000] {logging_mixin.py:188} INFO - [2026-05-01T13:27:03.017+0000] {dag.py:3947} INFO - Setting next_dagrun for example_params_ui_tutorial to None, run_after=None
[2026-05-01T13:27:03.043+0000] {processor.py:183} INFO - Processing /home/airflow/.local/lib/python3.12/site-packages/airflow/example_dags/example_params_ui_tutorial.py took 0.207 seconds
[2026-05-01T13:27:33.374+0000] {processor.py:161} INFO - Started process (PID=371) to work on /home/airflow/.local/lib/python3.12/site-packages/airflow/example_dags/example_params_ui_tutorial.py
[2026-05-01T13:27:33.376+0000] {processor.py:830} INFO - Processing file /home/airflow/.local/lib/python3.12/site-packages/airflow/example_dags/example_params_ui_tutorial.py for tasks to queue
[2026-05-01T13:27:33.380+0000] {logging_mixin.py:188} INFO - [2026-05-01T13:27:33.379+0000] {dagbag.py:545} INFO - Filling up the DagBag from /home/airflow/.local/lib/python3.12/site-packages/airflow/example_dags/example_params_ui_tutorial.py
[2026-05-01T13:27:33.394+0000] {processor.py:840} INFO - DAG(s) 'example_params_ui_tutorial' retrieved from /home/airflow/.local/lib/python3.12/site-packages/airflow/example_dags/example_params_ui_tutorial.py
[2026-05-01T13:27:33.485+0000] {logging_mixin.py:188} INFO - [2026-05-01T13:27:33.485+0000] {dag.py:3089} INFO - Sync 1 DAGs
[2026-05-01T13:27:33.502+0000] {logging_mixin.py:188} INFO - [2026-05-01T13:27:33.502+0000] {dag.py:3947} INFO - Setting next_dagrun for example_params_ui_tutorial to None, run_after=None
[2026-05-01T13:27:33.531+0000] {processor.py:183} INFO - Processing /home/airflow/.local/lib/python3.12/site-packages/airflow/example_dags/example_params_ui_tutorial.py took 0.170 seconds
[2026-05-01T13:28:04.875+0000] {processor.py:161} INFO - Started process (PID=430) to work on /home/airflow/.local/lib/python3.12/site-packages/airflow/example_dags/example_params_ui_tutorial.py
[2026-05-01T13:28:04.901+0000] {processor.py:830} INFO - Processing file /home/airflow/.local/lib/python3.12/site-packages/airflow/example_dags/example_params_ui_tutorial.py for tasks to queue
[2026-05-01T13:28:05.245+0000] {logging_mixin.py:188} INFO - [2026-05-01T13:28:05.241+0000] {dagbag.py:545} INFO - Filling up the DagBag from /home/airflow/.local/lib/python3.12/site-packages/airflow/example_dags/example_params_ui_tutorial.py
[2026-05-01T13:28:05.368+0000] {processor.py:840} INFO - DAG(s) 'example_params_ui_tutorial' retrieved from /home/airflow/.local/lib/python3.12/site-packages/airflow/example_dags/example_params_ui_tutorial.py
[2026-05-01T13:28:05.633+0000] {logging_mixin.py:188} INFO - [2026-05-01T13:28:05.631+0000] {dag.py:3089} INFO - Sync 1 DAGs
[2026-05-01T13:28:05.677+0000] {logging_mixin.py:188} INFO - [2026-05-01T13:28:05.677+0000] {dag.py:3947} INFO - Setting next_dagrun for example_params_ui_tutorial to None, run_after=None
[2026-05-01T13:28:05.735+0000] {processor.py:183} INFO - Processing /home/airflow/.local/lib/python3.12/site-packages/airflow/example_dags/example_params_ui_tutorial.py took 1.048 seconds
[2026-05-01T13:28:36.185+0000] {processor.py:161} INFO - Started process (PID=488) to work on /home/airflow/.local/lib/python3.12/site-packages/airflow/example_dags/example_params_ui_tutorial.py
[2026-05-01T13:28:36.188+0000] {processor.py:830} INFO - Processing file /home/airflow/.local/lib/python3.12/site-packages/airflow/example_dags/example_params_ui_tutorial.py for tasks to queue
[2026-05-01T13:28:36.199+0000] {logging_mixin.py:188} INFO - [2026-05-01T13:28:36.198+0000] {dagbag.py:545} INFO - Filling up the DagBag from /home/airflow/.local/lib/python3.12/site-packages/airflow/example_dags/example_params_ui_tutorial.py
[2026-05-01T13:28:36.236+0000] {processor.py:840} INFO - DAG(s) 'example_params_ui_tutorial' retrieved from /home/airflow/.local/lib/python3.12/site-packages/airflow/example_dags/example_params_ui_tutorial.py
[2026-05-01T13:28:36.366+0000] {logging_mixin.py:188} INFO - [2026-05-01T13:28:36.366+0000] {dag.py:3089} INFO - Sync 1 DAGs
[2026-05-01T13:28:36.401+0000] {logging_mixin.py:188} INFO - [2026-05-01T13:28:36.401+0000] {dag.py:3947} INFO - Setting next_dagrun for example_params_ui_tutorial to None, run_after=None
[2026-05-01T13:28:36.458+0000] {processor.py:183} INFO - Processing /home/airflow/.local/lib/python3.12/site-packages/airflow/example_dags/example_params_ui_tutorial.py took 0.292 seconds
[2026-05-01T13:29:06.875+0000] {processor.py:161} INFO - Started process (PID=546) to work on /home/airflow/.local/lib/python3.12/site-packages/airflow/example_dags/example_params_ui_tutorial.py
[2026-05-01T13:29:06.878+0000] {processor.py:830} INFO - Processing file /home/airflow/.local/lib/python3.12/site-packages/airflow/example_dags/example_params_ui_tutorial.py for tasks to queue
[2026-05-01T13:29:06.895+0000] {logging_mixin.py:188} INFO - [2026-05-01T13:29:06.893+0000] {dagbag.py:545} INFO - Filling up the DagBag from /home/airflow/.local/lib/python3.12/site-packages/airflow/example_dags/example_params_ui_tutorial.py
[2026-05-01T13:29:06.937+0000] {processor.py:840} INFO - DAG(s) 'example_params_ui_tutorial' retrieved from /home/airflow/.local/lib/python3.12/site-packages/airflow/example_dags/example_params_ui_tutorial.py
[2026-05-01T13:29:07.058+0000] {logging_mixin.py:188} INFO - [2026-05-01T13:29:07.056+0000] {dag.py:3089} INFO - Sync 1 DAGs
[2026-05-01T13:29:07.079+0000] {logging_mixin.py:188} INFO - [2026-05-01T13:29:07.078+0000] {dag.py:3947} INFO - Setting next_dagrun for example_params_ui_tutorial to None, run_after=None
[2026-05-01T13:29:07.127+0000] {processor.py:183} INFO - Processing /home/airflow/.local/lib/python3.12/site-packages/airflow/example_dags/example_params_ui_tutorial.py took 0.269 seconds
[2026-05-01T13:29:37.960+0000] {processor.py:161} INFO - Started process (PID=604) to work on /home/airflow/.local/lib/python3.12/site-packages/airflow/example_dags/example_params_ui_tutorial.py
[2026-05-01T13:29:37.971+0000] {processor.py:830} INFO - Processing file /home/airflow/.local/lib/python3.12/site-packages/airflow/example_dags/example_params_ui_tutorial.py for tasks to queue
[2026-05-01T13:29:37.982+0000] {logging_mixin.py:188} INFO - [2026-05-01T13:29:37.978+0000] {dagbag.py:545} INFO - Filling up the DagBag from /home/airflow/.local/lib/python3.12/site-packages/airflow/example_dags/example_params_ui_tutorial.py
[2026-05-01T13:29:38.017+0000] {processor.py:840} INFO - DAG(s) 'example_params_ui_tutorial' retrieved from /home/airflow/.local/lib/python3.12/site-packages/airflow/example_dags/example_params_ui_tutorial.py
[2026-05-01T13:29:38.243+0000] {logging_mixin.py:188} INFO - [2026-05-01T13:29:38.240+0000] {dag.py:3089} INFO - Sync 1 DAGs
[2026-05-01T13:29:38.300+0000] {logging_mixin.py:188} INFO - [2026-05-01T13:29:38.299+0000] {dag.py:3947} INFO - Setting next_dagrun for example_params_ui_tutorial to None, run_after=None
[2026-05-01T13:29:38.402+0000] {processor.py:183} INFO - Processing /home/airflow/.local/lib/python3.12/site-packages/airflow/example_dags/example_params_ui_tutorial.py took 0.457 seconds
[2026-05-01T13:30:09.232+0000] {processor.py:161} INFO - Started process (PID=662) to work on /home/airflow/.local/lib/python3.12/site-packages/airflow/example_dags/example_params_ui_tutorial.py
[2026-05-01T13:30:09.235+0000] {processor.py:830} INFO - Processing file /home/airflow/.local/lib/python3.12/site-packages/airflow/example_dags/example_params_ui_tutorial.py for tasks to queue
[2026-05-01T13:30:09.244+0000] {logging_mixin.py:188} INFO - [2026-05-01T13:30:09.243+0000] {dagbag.py:545} INFO - Filling up the DagBag from /home/airflow/.local/lib/python3.12/site-packages/airflow/example_dags/example_params_ui_tutorial.py
[2026-05-01T13:30:09.264+0000] {processor.py:840} INFO - DAG(s) 'example_params_ui_tutorial' retrieved from /home/airflow/.local/lib/python3.12/site-packages/airflow/example_dags/example_params_ui_tutorial.py
[2026-05-01T13:30:09.398+0000] {logging_mixin.py:188} INFO - [2026-05-01T13:30:09.398+0000] {dag.py:3089} INFO - Sync 1 DAGs
[2026-05-01T13:30:09.466+0000] {logging_mixin.py:188} INFO - [2026-05-01T13:30:09.458+0000] {dag.py:3947} INFO - Setting next_dagrun for example_params_ui_tutorial to None, run_after=None
[2026-05-01T13:30:09.530+0000] {processor.py:183} INFO - Processing /home/airflow/.local/lib/python3.12/site-packages/airflow/example_dags/example_params_ui_tutorial.py took 0.319 seconds
[2026-05-01T13:30:39.778+0000] {processor.py:161} INFO - Started process (PID=720) to work on /home/airflow/.local/lib/python3.12/site-packages/airflow/example_dags/example_params_ui_tutorial.py
[2026-05-01T13:30:39.782+0000] {processor.py:830} INFO - Processing file /home/airflow/.local/lib/python3.12/site-packages/airflow/example_dags/example_params_ui_tutorial.py for tasks to queue
[2026-05-01T13:30:39.793+0000] {logging_mixin.py:188} INFO - [2026-05-01T13:30:39.791+0000] {dagbag.py:545} INFO - Filling up the DagBag from /home/airflow/.local/lib/python3.12/site-packages/airflow/example_dags/example_params_ui_tutorial.py
[2026-05-01T13:30:39.817+0000] {processor.py:840} INFO - DAG(s) 'example_params_ui_tutorial' retrieved from /home/airflow/.local/lib/python3.12/site-packages/airflow/example_dags/example_params_ui_tutorial.py
[2026-05-01T13:30:39.919+0000] {logging_mixin.py:188} INFO - [2026-05-01T13:30:39.919+0000] {dag.py:3089} INFO - Sync 1 DAGs
[2026-05-01T13:30:39.947+0000] {logging_mixin.py:188} INFO - [2026-05-01T13:30:39.947+0000] {dag.py:3947} INFO - Setting next_dagrun for example_params_ui_tutorial to None, run_after=None
[2026-05-01T13:30:39.989+0000] {processor.py:183} INFO - Processing /home/airflow/.local/lib/python3.12/site-packages/airflow/example_dags/example_params_ui_tutorial.py took 0.222 seconds
[2026-05-01T13:31:10.169+0000] {processor.py:161} INFO - Started process (PID=778) to work on /home/airflow/.local/lib/python3.12/site-packages/airflow/example_dags/example_params_ui_tutorial.py
[2026-05-01T13:31:10.172+0000] {processor.py:830} INFO - Processing file /home/airflow/.local/lib/python3.12/site-packages/airflow/example_dags/example_params_ui_tutorial.py for tasks to queue
[2026-05-01T13:31:10.176+0000] {logging_mixin.py:188} INFO - [2026-05-01T13:31:10.176+0000] {dagbag.py:545} INFO - Filling up the DagBag from /home/airflow/.local/lib/python3.12/site-packages/airflow/example_dags/example_params_ui_tutorial.py
[2026-05-01T13:31:10.187+0000] {processor.py:840} INFO - DAG(s) 'example_params_ui_tutorial' retrieved from /home/airflow/.local/lib/python3.12/site-packages/airflow/example_dags/example_params_ui_tutorial.py
[2026-05-01T13:31:10.254+0000] {logging_mixin.py:188} INFO - [2026-05-01T13:31:10.253+0000] {dag.py:3089} INFO - Sync 1 DAGs
[2026-05-01T13:31:10.271+0000] {logging_mixin.py:188} INFO - [2026-05-01T13:31:10.271+0000] {dag.py:3947} INFO - Setting next_dagrun for example_params_ui_tutorial to None, run_after=None
[2026-05-01T13:31:10.301+0000] {processor.py:183} INFO - Processing /home/airflow/.local/lib/python3.12/site-packages/airflow/example_dags/example_params_ui_tutorial.py took 0.140 seconds
[2026-05-01T13:31:40.545+0000] {processor.py:161} INFO - Started process (PID=836) to work on /home/airflow/.local/lib/python3.12/site-packages/airflow/example_dags/example_params_ui_tutorial.py
[2026-05-01T13:31:40.548+0000] {processor.py:830} INFO - Processing file /home/airflow/.local/lib/python3.12/site-packages/airflow/example_dags/example_params_ui_tutorial.py for tasks to queue
[2026-05-01T13:31:40.552+0000] {logging_mixin.py:188} INFO - [2026-05-01T13:31:40.551+0000] {dagbag.py:545} INFO - Filling up the DagBag from /home/airflow/.local/lib/python3.12/site-packages/airflow/example_dags/example_params_ui_tutorial.py
[2026-05-01T13:31:40.572+0000] {processor.py:840} INFO - DAG(s) 'example_params_ui_tutorial' retrieved from /home/airflow/.local/lib/python3.12/site-packages/airflow/example_dags/example_params_ui_tutorial.py
[2026-05-01T13:31:40.665+0000] {logging_mixin.py:188} INFO - [2026-05-01T13:31:40.664+0000] {dag.py:3089} INFO - Sync 1 DAGs
[2026-05-01T13:31:40.690+0000] {logging_mixin.py:188} INFO - [2026-05-01T13:31:40.690+0000] {dag.py:3947} INFO - Setting next_dagrun for example_params_ui_tutorial to None, run_after=None
[2026-05-01T13:31:40.720+0000] {processor.py:183} INFO - Processing /home/airflow/.local/lib/python3.12/site-packages/airflow/example_dags/example_params_ui_tutorial.py took 0.193 seconds
[2026-05-01T13:32:11.397+0000] {processor.py:161} INFO - Started process (PID=894) to work on /home/airflow/.local/lib/python3.12/site-packages/airflow/example_dags/example_params_ui_tutorial.py
[2026-05-01T13:32:11.403+0000] {processor.py:830} INFO - Processing file /home/airflow/.local/lib/python3.12/site-packages/airflow/example_dags/example_params_ui_tutorial.py for tasks to queue
[2026-05-01T13:32:11.413+0000] {logging_mixin.py:188} INFO - [2026-05-01T13:32:11.412+0000] {dagbag.py:545} INFO - Filling up the DagBag from /home/airflow/.local/lib/python3.12/site-packages/airflow/example_dags/example_params_ui_tutorial.py
[2026-05-01T13:32:11.442+0000] {processor.py:840} INFO - DAG(s) 'example_params_ui_tutorial' retrieved from /home/airflow/.local/lib/python3.12/site-packages/airflow/example_dags/example_params_ui_tutorial.py
[2026-05-01T13:32:11.557+0000] {logging_mixin.py:188} INFO - [2026-05-01T13:32:11.557+0000] {dag.py:3089} INFO - Sync 1 DAGs
[2026-05-01T13:32:11.671+0000] {logging_mixin.py:188} INFO - [2026-05-01T13:32:11.670+0000] {dag.py:3947} INFO - Setting next_dagrun for example_params_ui_tutorial to None, run_after=None
[2026-05-01T13:32:11.721+0000] {processor.py:183} INFO - Processing /home/airflow/.local/lib/python3.12/site-packages/airflow/example_dags/example_params_ui_tutorial.py took 0.353 seconds
[2026-05-01T13:32:42.068+0000] {processor.py:161} INFO - Started process (PID=952) to work on /home/airflow/.local/lib/python3.12/site-packages/airflow/example_dags/example_params_ui_tutorial.py
[2026-05-01T13:32:42.073+0000] {processor.py:830} INFO - Processing file /home/airflow/.local/lib/python3.12/site-packages/airflow/example_dags/example_params_ui_tutorial.py for tasks to queue
[2026-05-01T13:32:42.086+0000] {logging_mixin.py:188} INFO - [2026-05-01T13:32:42.084+0000] {dagbag.py:545} INFO - Filling up the DagBag from /home/airflow/.local/lib/python3.12/site-packages/airflow/example_dags/example_params_ui_tutorial.py
[2026-05-01T13:32:42.161+0000] {processor.py:840} INFO - DAG(s) 'example_params_ui_tutorial' retrieved from /home/airflow/.local/lib/python3.12/site-packages/airflow/example_dags/example_params_ui_tutorial.py
[2026-05-01T13:32:42.311+0000] {logging_mixin.py:188} INFO - [2026-05-01T13:32:42.311+0000] {dag.py:3089} INFO - Sync 1 DAGs
[2026-05-01T13:32:42.333+0000] {logging_mixin.py:188} INFO - [2026-05-01T13:32:42.333+0000] {dag.py:3947} INFO - Setting next_dagrun for example_params_ui_tutorial to None, run_after=None
[2026-05-01T13:32:42.365+0000] {processor.py:183} INFO - Processing /home/airflow/.local/lib/python3.12/site-packages/airflow/example_dags/example_params_ui_tutorial.py took 0.377 seconds
[2026-05-01T13:33:12.515+0000] {processor.py:161} INFO - Started process (PID=1010) to work on /home/airflow/.local/lib/python3.12/site-packages/airflow/example_dags/example_params_ui_tutorial.py
[2026-05-01T13:33:12.521+0000] {processor.py:830} INFO - Processing file /home/airflow/.local/lib/python3.12/site-packages/airflow/example_dags/example_params_ui_tutorial.py for tasks to queue
[2026-05-01T13:33:12.530+0000] {logging_mixin.py:188} INFO - [2026-05-01T13:33:12.528+0000] {dagbag.py:545} INFO - Filling up the DagBag from /home/airflow/.local/lib/python3.12/site-packages/airflow/example_dags/example_params_ui_tutorial.py
[2026-05-01T13:33:12.563+0000] {processor.py:840} INFO - DAG(s) 'example_params_ui_tutorial' retrieved from /home/airflow/.local/lib/python3.12/site-packages/airflow/example_dags/example_params_ui_tutorial.py
[2026-05-01T13:33:12.735+0000] {logging_mixin.py:188} INFO - [2026-05-01T13:33:12.734+0000] {dag.py:3089} INFO - Sync 1 DAGs
[2026-05-01T13:33:12.773+0000] {logging_mixin.py:188} INFO - [2026-05-01T13:33:12.773+0000] {dag.py:3947} INFO - Setting next_dagrun for example_params_ui_tutorial to None, run_after=None
[2026-05-01T13:33:12.847+0000] {processor.py:183} INFO - Processing /home/airflow/.local/lib/python3.12/site-packages/airflow/example_dags/example_params_ui_tutorial.py took 0.351 seconds
[2026-05-01T13:33:43.029+0000] {processor.py:161} INFO - Started process (PID=1068) to work on /home/airflow/.local/lib/python3.12/site-packages/airflow/example_dags/example_params_ui_tutorial.py
[2026-05-01T13:33:43.032+0000] {processor.py:830} INFO - Processing file /home/airflow/.local/lib/python3.12/site-packages/airflow/example_dags/example_params_ui_tutorial.py for tasks to queue
[2026-05-01T13:33:43.038+0000] {logging_mixin.py:188} INFO - [2026-05-01T13:33:43.037+0000] {dagbag.py:545} INFO - Filling up the DagBag from /home/airflow/.local/lib/python3.12/site-packages/airflow/example_dags/example_params_ui_tutorial.py
[2026-05-01T13:33:43.056+0000] {processor.py:840} INFO - DAG(s) 'example_params_ui_tutorial' retrieved from /home/airflow/.local/lib/python3.12/site-packages/airflow/example_dags/example_params_ui_tutorial.py
[2026-05-01T13:33:43.137+0000] {logging_mixin.py:188} INFO - [2026-05-01T13:33:43.136+0000] {dag.py:3089} INFO - Sync 1 DAGs
[2026-05-01T13:33:43.170+0000] {logging_mixin.py:188} INFO - [2026-05-01T13:33:43.169+0000] {dag.py:3947} INFO - Setting next_dagrun for example_params_ui_tutorial to None, run_after=None
[2026-05-01T13:33:43.209+0000] {processor.py:183} INFO - Processing /home/airflow/.local/lib/python3.12/site-packages/airflow/example_dags/example_params_ui_tutorial.py took 0.197 seconds
[2026-05-01T13:34:13.576+0000] {processor.py:161} INFO - Started process (PID=1126) to work on /home/airflow/.local/lib/python3.12/site-packages/airflow/example_dags/example_params_ui_tutorial.py
[2026-05-01T13:34:13.584+0000] {processor.py:830} INFO - Processing file /home/airflow/.local/lib/python3.12/site-packages/airflow/example_dags/example_params_ui_tutorial.py for tasks to queue
[2026-05-01T13:34:13.594+0000] {logging_mixin.py:188} INFO - [2026-05-01T13:34:13.593+0000] {dagbag.py:545} INFO - Filling up the DagBag from /home/airflow/.local/lib/python3.12/site-packages/airflow/example_dags/example_params_ui_tutorial.py
[2026-05-01T13:34:13.620+0000] {processor.py:840} INFO - DAG(s) 'example_params_ui_tutorial' retrieved from /home/airflow/.local/lib/python3.12/site-packages/airflow/example_dags/example_params_ui_tutorial.py
[2026-05-01T13:34:13.694+0000] {logging_mixin.py:188} INFO - [2026-05-01T13:34:13.693+0000] {dag.py:3089} INFO - Sync 1 DAGs
[2026-05-01T13:34:13.715+0000] {logging_mixin.py:188} INFO - [2026-05-01T13:34:13.715+0000] {dag.py:3947} INFO - Setting next_dagrun for example_params_ui_tutorial to None, run_after=None
[2026-05-01T13:34:13.744+0000] {processor.py:183} INFO - Processing /home/airflow/.local/lib/python3.12/site-packages/airflow/example_dags/example_params_ui_tutorial.py took 0.185 seconds
[2026-05-01T13:34:43.904+0000] {processor.py:161} INFO - Started process (PID=1182) to work on /home/airflow/.local/lib/python3.12/site-packages/airflow/example_dags/example_params_ui_tutorial.py
[2026-05-01T13:34:43.916+0000] {processor.py:830} INFO - Processing file /home/airflow/.local/lib/python3.12/site-packages/airflow/example_dags/example_params_ui_tutorial.py for tasks to queue
[2026-05-01T13:34:43.938+0000] {logging_mixin.py:188} INFO - [2026-05-01T13:34:43.933+0000] {dagbag.py:545} INFO - Filling up the DagBag from /home/airflow/.local/lib/python3.12/site-packages/airflow/example_dags/example_params_ui_tutorial.py
[2026-05-01T13:34:43.973+0000] {processor.py:840} INFO - DAG(s) 'example_params_ui_tutorial' retrieved from /home/airflow/.local/lib/python3.12/site-packages/airflow/example_dags/example_params_ui_tutorial.py
[2026-05-01T13:34:44.086+0000] {logging_mixin.py:188} INFO - [2026-05-01T13:34:44.086+0000] {dag.py:3089} INFO - Sync 1 DAGs
[2026-05-01T13:34:44.105+0000] {logging_mixin.py:188} INFO - [2026-05-01T13:34:44.105+0000] {dag.py:3947} INFO - Setting next_dagrun for example_params_ui_tutorial to None, run_after=None
[2026-05-01T13:34:44.136+0000] {processor.py:183} INFO - Processing /home/airflow/.local/lib/python3.12/site-packages/airflow/example_dags/example_params_ui_tutorial.py took 0.277 seconds
[2026-05-01T13:35:15.104+0000] {processor.py:161} INFO - Started process (PID=1239) to work on /home/airflow/.local/lib/python3.12/site-packages/airflow/example_dags/example_params_ui_tutorial.py
[2026-05-01T13:35:15.109+0000] {processor.py:830} INFO - Processing file /home/airflow/.local/lib/python3.12/site-packages/airflow/example_dags/example_params_ui_tutorial.py for tasks to queue
[2026-05-01T13:35:15.114+0000] {logging_mixin.py:188} INFO - [2026-05-01T13:35:15.114+0000] {dagbag.py:545} INFO - Filling up the DagBag from /home/airflow/.local/lib/python3.12/site-packages/airflow/example_dags/example_params_ui_tutorial.py
[2026-05-01T13:35:15.128+0000] {processor.py:840} INFO - DAG(s) 'example_params_ui_tutorial' retrieved from /home/airflow/.local/lib/python3.12/site-packages/airflow/example_dags/example_params_ui_tutorial.py
[2026-05-01T13:35:15.207+0000] {logging_mixin.py:188} INFO - [2026-05-01T13:35:15.207+0000] {dag.py:3089} INFO - Sync 1 DAGs
[2026-05-01T13:35:15.232+0000] {logging_mixin.py:188} INFO - [2026-05-01T13:35:15.231+0000] {dag.py:3947} INFO - Setting next_dagrun for example_params_ui_tutorial to None, run_after=None
[2026-05-01T13:35:15.283+0000] {processor.py:183} INFO - Processing /home/airflow/.local/lib/python3.12/site-packages/airflow/example_dags/example_params_ui_tutorial.py took 0.194 seconds
[2026-05-01T13:35:45.371+0000] {processor.py:161} INFO - Started process (PID=1297) to work on /home/airflow/.local/lib/python3.12/site-packages/airflow/example_dags/example_params_ui_tutorial.py
[2026-05-01T13:35:45.374+0000] {processor.py:830} INFO - Processing file /home/airflow/.local/lib/python3.12/site-packages/airflow/example_dags/example_params_ui_tutorial.py for tasks to queue
[2026-05-01T13:35:45.380+0000] {logging_mixin.py:188} INFO - [2026-05-01T13:35:45.379+0000] {dagbag.py:545} INFO - Filling up the DagBag from /home/airflow/.local/lib/python3.12/site-packages/airflow/example_dags/example_params_ui_tutorial.py
[2026-05-01T13:35:45.397+0000] {processor.py:840} INFO - DAG(s) 'example_params_ui_tutorial' retrieved from /home/airflow/.local/lib/python3.12/site-packages/airflow/example_dags/example_params_ui_tutorial.py
[2026-05-01T13:35:45.466+0000] {logging_mixin.py:188} INFO - [2026-05-01T13:35:45.466+0000] {dag.py:3089} INFO - Sync 1 DAGs
[2026-05-01T13:35:45.489+0000] {logging_mixin.py:188} INFO - [2026-05-01T13:35:45.488+0000] {dag.py:3947} INFO - Setting next_dagrun for example_params_ui_tutorial to None, run_after=None
[2026-05-01T13:35:45.525+0000] {processor.py:183} INFO - Processing /home/airflow/.local/lib/python3.12/site-packages/airflow/example_dags/example_params_ui_tutorial.py took 0.169 seconds
[2026-05-01T13:36:16.372+0000] {processor.py:161} INFO - Started process (PID=1361) to work on /home/airflow/.local/lib/python3.12/site-packages/airflow/example_dags/example_params_ui_tutorial.py
[2026-05-01T13:36:16.376+0000] {processor.py:830} INFO - Processing file /home/airflow/.local/lib/python3.12/site-packages/airflow/example_dags/example_params_ui_tutorial.py for tasks to queue
[2026-05-01T13:36:16.382+0000] {logging_mixin.py:188} INFO - [2026-05-01T13:36:16.382+0000] {dagbag.py:545} INFO - Filling up the DagBag from /home/airflow/.local/lib/python3.12/site-packages/airflow/example_dags/example_params_ui_tutorial.py
[2026-05-01T13:36:16.402+0000] {processor.py:840} INFO - DAG(s) 'example_params_ui_tutorial' retrieved from /home/airflow/.local/lib/python3.12/site-packages/airflow/example_dags/example_params_ui_tutorial.py
[2026-05-01T13:36:16.511+0000] {logging_mixin.py:188} INFO - [2026-05-01T13:36:16.509+0000] {dag.py:3089} INFO - Sync 1 DAGs
[2026-05-01T13:36:16.559+0000] {logging_mixin.py:188} INFO - [2026-05-01T13:36:16.559+0000] {dag.py:3947} INFO - Setting next_dagrun for example_params_ui_tutorial to None, run_after=None
[2026-05-01T13:36:16.612+0000] {processor.py:183} INFO - Processing /home/airflow/.local/lib/python3.12/site-packages/airflow/example_dags/example_params_ui_tutorial.py took 0.262 seconds
[2026-05-01T13:36:47.170+0000] {processor.py:161} INFO - Started process (PID=1419) to work on /home/airflow/.local/lib/python3.12/site-packages/airflow/example_dags/example_params_ui_tutorial.py
[2026-05-01T13:36:47.174+0000] {processor.py:830} INFO - Processing file /home/airflow/.local/lib/python3.12/site-packages/airflow/example_dags/example_params_ui_tutorial.py for tasks to queue
[2026-05-01T13:36:47.181+0000] {logging_mixin.py:188} INFO - [2026-05-01T13:36:47.180+0000] {dagbag.py:545} INFO - Filling up the DagBag from /home/airflow/.local/lib/python3.12/site-packages/airflow/example_dags/example_params_ui_tutorial.py
[2026-05-01T13:36:47.227+0000] {processor.py:840} INFO - DAG(s) 'example_params_ui_tutorial' retrieved from /home/airflow/.local/lib/python3.12/site-packages/airflow/example_dags/example_params_ui_tutorial.py
[2026-05-01T13:36:47.362+0000] {logging_mixin.py:188} INFO - [2026-05-01T13:36:47.362+0000] {dag.py:3089} INFO - Sync 1 DAGs
[2026-05-01T13:36:47.387+0000] {logging_mixin.py:188} INFO - [2026-05-01T13:36:47.387+0000] {dag.py:3947} INFO - Setting next_dagrun for example_params_ui_tutorial to None, run_after=None
[2026-05-01T13:36:47.422+0000] {processor.py:183} INFO - Processing /home/airflow/.local/lib/python3.12/site-packages/airflow/example_dags/example_params_ui_tutorial.py took 0.275 seconds
[2026-05-01T13:37:17.926+0000] {processor.py:161} INFO - Started process (PID=1476) to work on /home/airflow/.local/lib/python3.12/site-packages/airflow/example_dags/example_params_ui_tutorial.py
[2026-05-01T13:37:17.929+0000] {processor.py:830} INFO - Processing file /home/airflow/.local/lib/python3.12/site-packages/airflow/example_dags/example_params_ui_tutorial.py for tasks to queue
[2026-05-01T13:37:17.938+0000] {logging_mixin.py:188} INFO - [2026-05-01T13:37:17.937+0000] {dagbag.py:545} INFO - Filling up the DagBag from /home/airflow/.local/lib/python3.12/site-packages/airflow/example_dags/example_params_ui_tutorial.py
[2026-05-01T13:37:17.966+0000] {processor.py:840} INFO - DAG(s) 'example_params_ui_tutorial' retrieved from /home/airflow/.local/lib/python3.12/site-packages/airflow/example_dags/example_params_ui_tutorial.py
[2026-05-01T13:37:18.119+0000] {logging_mixin.py:188} INFO - [2026-05-01T13:37:18.111+0000] {dag.py:3089} INFO - Sync 1 DAGs
[2026-05-01T13:37:18.172+0000] {logging_mixin.py:188} INFO - [2026-05-01T13:37:18.171+0000] {dag.py:3947} INFO - Setting next_dagrun for example_params_ui_tutorial to None, run_after=None
[2026-05-01T13:37:18.234+0000] {processor.py:183} INFO - Processing /home/airflow/.local/lib/python3.12/site-packages/airflow/example_dags/example_params_ui_tutorial.py took 0.330 seconds
[2026-05-01T13:37:48.402+0000] {processor.py:161} INFO - Started process (PID=1533) to work on /home/airflow/.local/lib/python3.12/site-packages/airflow/example_dags/example_params_ui_tutorial.py
[2026-05-01T13:37:48.406+0000] {processor.py:830} INFO - Processing file /home/airflow/.local/lib/python3.12/site-packages/airflow/example_dags/example_params_ui_tutorial.py for tasks to queue
[2026-05-01T13:37:48.411+0000] {logging_mixin.py:188} INFO - [2026-05-01T13:37:48.411+0000] {dagbag.py:545} INFO - Filling up the DagBag from /home/airflow/.local/lib/python3.12/site-packages/airflow/example_dags/example_params_ui_tutorial.py
[2026-05-01T13:37:48.441+0000] {processor.py:840} INFO - DAG(s) 'example_params_ui_tutorial' retrieved from /home/airflow/.local/lib/python3.12/site-packages/airflow/example_dags/example_params_ui_tutorial.py
[2026-05-01T13:37:48.594+0000] {logging_mixin.py:188} INFO - [2026-05-01T13:37:48.593+0000] {dag.py:3089} INFO - Sync 1 DAGs
[2026-05-01T13:37:48.625+0000] {logging_mixin.py:188} INFO - [2026-05-01T13:37:48.625+0000] {dag.py:3947} INFO - Setting next_dagrun for example_params_ui_tutorial to None, run_after=None
[2026-05-01T13:37:48.680+0000] {processor.py:183} INFO - Processing /home/airflow/.local/lib/python3.12/site-packages/airflow/example_dags/example_params_ui_tutorial.py took 0.295 seconds
[2026-05-01T13:38:18.899+0000] {processor.py:161} INFO - Started process (PID=1591) to work on /home/airflow/.local/lib/python3.12/site-packages/airflow/example_dags/example_params_ui_tutorial.py
[2026-05-01T13:38:18.902+0000] {processor.py:830} INFO - Processing file /home/airflow/.local/lib/python3.12/site-packages/airflow/example_dags/example_params_ui_tutorial.py for tasks to queue
[2026-05-01T13:38:18.909+0000] {logging_mixin.py:188} INFO - [2026-05-01T13:38:18.908+0000] {dagbag.py:545} INFO - Filling up the DagBag from /home/airflow/.local/lib/python3.12/site-packages/airflow/example_dags/example_params_ui_tutorial.py
[2026-05-01T13:38:18.923+0000] {processor.py:840} INFO - DAG(s) 'example_params_ui_tutorial' retrieved from /home/airflow/.local/lib/python3.12/site-packages/airflow/example_dags/example_params_ui_tutorial.py
[2026-05-01T13:38:18.996+0000] {logging_mixin.py:188} INFO - [2026-05-01T13:38:18.995+0000] {dag.py:3089} INFO - Sync 1 DAGs
[2026-05-01T13:38:19.017+0000] {logging_mixin.py:188} INFO - [2026-05-01T13:38:19.017+0000] {dag.py:3947} INFO - Setting next_dagrun for example_params_ui_tutorial to None, run_after=None
[2026-05-01T13:38:19.054+0000] {processor.py:183} INFO - Processing /home/airflow/.local/lib/python3.12/site-packages/airflow/example_dags/example_params_ui_tutorial.py took 0.166 seconds
[2026-05-01T13:38:49.712+0000] {processor.py:161} INFO - Started process (PID=1649) to work on /home/airflow/.local/lib/python3.12/site-packages/airflow/example_dags/example_params_ui_tutorial.py
[2026-05-01T13:38:49.715+0000] {processor.py:830} INFO - Processing file /home/airflow/.local/lib/python3.12/site-packages/airflow/example_dags/example_params_ui_tutorial.py for tasks to queue
[2026-05-01T13:38:49.719+0000] {logging_mixin.py:188} INFO - [2026-05-01T13:38:49.718+0000] {dagbag.py:545} INFO - Filling up the DagBag from /home/airflow/.local/lib/python3.12/site-packages/airflow/example_dags/example_params_ui_tutorial.py
[2026-05-01T13:38:49.734+0000] {processor.py:840} INFO - DAG(s) 'example_params_ui_tutorial' retrieved from /home/airflow/.local/lib/python3.12/site-packages/airflow/example_dags/example_params_ui_tutorial.py
[2026-05-01T13:38:49.820+0000] {logging_mixin.py:188} INFO - [2026-05-01T13:38:49.820+0000] {dag.py:3089} INFO - Sync 1 DAGs
[2026-05-01T13:38:49.841+0000] {logging_mixin.py:188} INFO - [2026-05-01T13:38:49.841+0000] {dag.py:3947} INFO - Setting next_dagrun for example_params_ui_tutorial to None, run_after=None
[2026-05-01T13:38:49.881+0000] {processor.py:183} INFO - Processing /home/airflow/.local/lib/python3.12/site-packages/airflow/example_dags/example_params_ui_tutorial.py took 0.180 seconds
[2026-05-01T13:39:20.555+0000] {processor.py:161} INFO - Started process (PID=1707) to work on /home/airflow/.local/lib/python3.12/site-packages/airflow/example_dags/example_params_ui_tutorial.py
[2026-05-01T13:39:20.559+0000] {processor.py:830} INFO - Processing file /home/airflow/.local/lib/python3.12/site-packages/airflow/example_dags/example_params_ui_tutorial.py for tasks to queue
[2026-05-01T13:39:20.564+0000] {logging_mixin.py:188} INFO - [2026-05-01T13:39:20.563+0000] {dagbag.py:545} INFO - Filling up the DagBag from /home/airflow/.local/lib/python3.12/site-packages/airflow/example_dags/example_params_ui_tutorial.py
[2026-05-01T13:39:20.584+0000] {processor.py:840} INFO - DAG(s) 'example_params_ui_tutorial' retrieved from /home/airflow/.local/lib/python3.12/site-packages/airflow/example_dags/example_params_ui_tutorial.py
[2026-05-01T13:39:20.912+0000] {logging_mixin.py:188} INFO - [2026-05-01T13:39:20.911+0000] {dag.py:3089} INFO - Sync 1 DAGs
[2026-05-01T13:39:20.962+0000] {logging_mixin.py:188} INFO - [2026-05-01T13:39:20.962+0000] {dag.py:3947} INFO - Setting next_dagrun for example_params_ui_tutorial to None, run_after=None
[2026-05-01T13:39:21.026+0000] {processor.py:183} INFO - Processing /home/airflow/.local/lib/python3.12/site-packages/airflow/example_dags/example_params_ui_tutorial.py took 0.483 seconds
[2026-05-01T13:39:51.203+0000] {processor.py:161} INFO - Started process (PID=1765) to work on /home/airflow/.local/lib/python3.12/site-packages/airflow/example_dags/example_params_ui_tutorial.py
[2026-05-01T13:39:51.206+0000] {processor.py:830} INFO - Processing file /home/airflow/.local/lib/python3.12/site-packages/airflow/example_dags/example_params_ui_tutorial.py for tasks to queue
[2026-05-01T13:39:51.222+0000] {logging_mixin.py:188} INFO - [2026-05-01T13:39:51.221+0000] {dagbag.py:545} INFO - Filling up the DagBag from /home/airflow/.local/lib/python3.12/site-packages/airflow/example_dags/example_params_ui_tutorial.py
[2026-05-01T13:39:51.243+0000] {processor.py:840} INFO - DAG(s) 'example_params_ui_tutorial' retrieved from /home/airflow/.local/lib/python3.12/site-packages/airflow/example_dags/example_params_ui_tutorial.py
[2026-05-01T13:39:51.338+0000] {logging_mixin.py:188} INFO - [2026-05-01T13:39:51.338+0000] {dag.py:3089} INFO - Sync 1 DAGs
[2026-05-01T13:39:51.578+0000] {logging_mixin.py:188} INFO - [2026-05-01T13:39:51.577+0000] {dag.py:3947} INFO - Setting next_dagrun for example_params_ui_tutorial to None, run_after=None
[2026-05-01T13:39:51.628+0000] {processor.py:183} INFO - Processing /home/airflow/.local/lib/python3.12/site-packages/airflow/example_dags/example_params_ui_tutorial.py took 0.443 seconds
[2026-05-01T13:40:21.746+0000] {processor.py:161} INFO - Started process (PID=1824) to work on /home/airflow/.local/lib/python3.12/site-packages/airflow/example_dags/example_params_ui_tutorial.py
[2026-05-01T13:40:21.749+0000] {processor.py:830} INFO - Processing file /home/airflow/.local/lib/python3.12/site-packages/airflow/example_dags/example_params_ui_tutorial.py for tasks to queue
[2026-05-01T13:40:21.756+0000] {logging_mixin.py:188} INFO - [2026-05-01T13:40:21.755+0000] {dagbag.py:545} INFO - Filling up the DagBag from /home/airflow/.local/lib/python3.12/site-packages/airflow/example_dags/example_params_ui_tutorial.py
[2026-05-01T13:40:21.771+0000] {processor.py:840} INFO - DAG(s) 'example_params_ui_tutorial' retrieved from /home/airflow/.local/lib/python3.12/site-packages/airflow/example_dags/example_params_ui_tutorial.py
[2026-05-01T13:40:21.873+0000] {logging_mixin.py:188} INFO - [2026-05-01T13:40:21.872+0000] {dag.py:3089} INFO - Sync 1 DAGs
[2026-05-01T13:40:21.896+0000] {logging_mixin.py:188} INFO - [2026-05-01T13:40:21.895+0000] {dag.py:3947} INFO - Setting next_dagrun for example_params_ui_tutorial to None, run_after=None
[2026-05-01T13:40:21.932+0000] {processor.py:183} INFO - Processing /home/airflow/.local/lib/python3.12/site-packages/airflow/example_dags/example_params_ui_tutorial.py took 0.200 seconds
[2026-05-01T13:42:43.039+0000] {processor.py:161} INFO - Started process (PID=65) to work on /home/airflow/.local/lib/python3.12/site-packages/airflow/example_dags/example_params_ui_tutorial.py
[2026-05-01T13:42:43.051+0000] {processor.py:830} INFO - Processing file /home/airflow/.local/lib/python3.12/site-packages/airflow/example_dags/example_params_ui_tutorial.py for tasks to queue
[2026-05-01T13:42:43.074+0000] {logging_mixin.py:188} INFO - [2026-05-01T13:42:43.074+0000] {dagbag.py:545} INFO - Filling up the DagBag from /home/airflow/.local/lib/python3.12/site-packages/airflow/example_dags/example_params_ui_tutorial.py
[2026-05-01T13:42:43.241+0000] {processor.py:840} INFO - DAG(s) 'example_params_ui_tutorial' retrieved from /home/airflow/.local/lib/python3.12/site-packages/airflow/example_dags/example_params_ui_tutorial.py
[2026-05-01T13:42:44.232+0000] {logging_mixin.py:188} INFO - [2026-05-01T13:42:44.232+0000] {dag.py:3089} INFO - Sync 1 DAGs
[2026-05-01T13:42:44.301+0000] {logging_mixin.py:188} INFO - [2026-05-01T13:42:44.301+0000] {dag.py:3947} INFO - Setting next_dagrun for example_params_ui_tutorial to None, run_after=None
[2026-05-01T13:42:44.426+0000] {processor.py:183} INFO - Processing /home/airflow/.local/lib/python3.12/site-packages/airflow/example_dags/example_params_ui_tutorial.py took 1.439 seconds
[2026-05-01T13:43:15.954+0000] {processor.py:161} INFO - Started process (PID=124) to work on /home/airflow/.local/lib/python3.12/site-packages/airflow/example_dags/example_params_ui_tutorial.py
[2026-05-01T13:43:15.970+0000] {processor.py:830} INFO - Processing file /home/airflow/.local/lib/python3.12/site-packages/airflow/example_dags/example_params_ui_tutorial.py for tasks to queue
[2026-05-01T13:43:16.085+0000] {logging_mixin.py:188} INFO - [2026-05-01T13:43:16.073+0000] {dagbag.py:545} INFO - Filling up the DagBag from /home/airflow/.local/lib/python3.12/site-packages/airflow/example_dags/example_params_ui_tutorial.py
[2026-05-01T13:43:16.350+0000] {processor.py:840} INFO - DAG(s) 'example_params_ui_tutorial' retrieved from /home/airflow/.local/lib/python3.12/site-packages/airflow/example_dags/example_params_ui_tutorial.py
[2026-05-01T13:43:17.845+0000] {logging_mixin.py:188} INFO - [2026-05-01T13:43:17.844+0000] {dag.py:3089} INFO - Sync 1 DAGs
[2026-05-01T13:43:18.188+0000] {logging_mixin.py:188} INFO - [2026-05-01T13:43:18.188+0000] {dag.py:3947} INFO - Setting next_dagrun for example_params_ui_tutorial to None, run_after=None
[2026-05-01T13:43:18.895+0000] {processor.py:183} INFO - Processing /home/airflow/.local/lib/python3.12/site-packages/airflow/example_dags/example_params_ui_tutorial.py took 3.013 seconds
[2026-05-01T13:43:49.724+0000] {processor.py:161} INFO - Started process (PID=181) to work on /home/airflow/.local/lib/python3.12/site-packages/airflow/example_dags/example_params_ui_tutorial.py
[2026-05-01T13:43:49.731+0000] {processor.py:830} INFO - Processing file /home/airflow/.local/lib/python3.12/site-packages/airflow/example_dags/example_params_ui_tutorial.py for tasks to queue
[2026-05-01T13:43:49.740+0000] {logging_mixin.py:188} INFO - [2026-05-01T13:43:49.740+0000] {dagbag.py:545} INFO - Filling up the DagBag from /home/airflow/.local/lib/python3.12/site-packages/airflow/example_dags/example_params_ui_tutorial.py
[2026-05-01T13:43:49.767+0000] {processor.py:840} INFO - DAG(s) 'example_params_ui_tutorial' retrieved from /home/airflow/.local/lib/python3.12/site-packages/airflow/example_dags/example_params_ui_tutorial.py
[2026-05-01T13:43:50.131+0000] {logging_mixin.py:188} INFO - [2026-05-01T13:43:50.130+0000] {dag.py:3089} INFO - Sync 1 DAGs
[2026-05-01T13:43:50.349+0000] {logging_mixin.py:188} INFO - [2026-05-01T13:43:50.349+0000] {dag.py:3947} INFO - Setting next_dagrun for example_params_ui_tutorial to None, run_after=None
[2026-05-01T13:43:50.562+0000] {processor.py:183} INFO - Processing /home/airflow/.local/lib/python3.12/site-packages/airflow/example_dags/example_params_ui_tutorial.py took 0.850 seconds
[2026-05-01T13:44:21.623+0000] {processor.py:161} INFO - Started process (PID=244) to work on /home/airflow/.local/lib/python3.12/site-packages/airflow/example_dags/example_params_ui_tutorial.py
[2026-05-01T13:44:21.628+0000] {processor.py:830} INFO - Processing file /home/airflow/.local/lib/python3.12/site-packages/airflow/example_dags/example_params_ui_tutorial.py for tasks to queue
[2026-05-01T13:44:21.639+0000] {logging_mixin.py:188} INFO - [2026-05-01T13:44:21.639+0000] {dagbag.py:545} INFO - Filling up the DagBag from /home/airflow/.local/lib/python3.12/site-packages/airflow/example_dags/example_params_ui_tutorial.py
[2026-05-01T13:44:21.672+0000] {processor.py:840} INFO - DAG(s) 'example_params_ui_tutorial' retrieved from /home/airflow/.local/lib/python3.12/site-packages/airflow/example_dags/example_params_ui_tutorial.py
[2026-05-01T13:44:22.059+0000] {logging_mixin.py:188} INFO - [2026-05-01T13:44:22.058+0000] {dag.py:3089} INFO - Sync 1 DAGs
[2026-05-01T13:44:22.105+0000] {logging_mixin.py:188} INFO - [2026-05-01T13:44:22.105+0000] {dag.py:3947} INFO - Setting next_dagrun for example_params_ui_tutorial to None, run_after=None
[2026-05-01T13:44:22.138+0000] {processor.py:183} INFO - Processing /home/airflow/.local/lib/python3.12/site-packages/airflow/example_dags/example_params_ui_tutorial.py took 0.542 seconds
[2026-05-01T13:44:52.609+0000] {processor.py:161} INFO - Started process (PID=302) to work on /home/airflow/.local/lib/python3.12/site-packages/airflow/example_dags/example_params_ui_tutorial.py
[2026-05-01T13:44:52.615+0000] {processor.py:830} INFO - Processing file /home/airflow/.local/lib/python3.12/site-packages/airflow/example_dags/example_params_ui_tutorial.py for tasks to queue
[2026-05-01T13:44:52.622+0000] {logging_mixin.py:188} INFO - [2026-05-01T13:44:52.621+0000] {dagbag.py:545} INFO - Filling up the DagBag from /home/airflow/.local/lib/python3.12/site-packages/airflow/example_dags/example_params_ui_tutorial.py
[2026-05-01T13:44:52.646+0000] {processor.py:840} INFO - DAG(s) 'example_params_ui_tutorial' retrieved from /home/airflow/.local/lib/python3.12/site-packages/airflow/example_dags/example_params_ui_tutorial.py
[2026-05-01T13:44:52.736+0000] {logging_mixin.py:188} INFO - [2026-05-01T13:44:52.736+0000] {dag.py:3089} INFO - Sync 1 DAGs
[2026-05-01T13:44:52.763+0000] {logging_mixin.py:188} INFO - [2026-05-01T13:44:52.762+0000] {dag.py:3947} INFO - Setting next_dagrun for example_params_ui_tutorial to None, run_after=None
[2026-05-01T13:44:52.817+0000] {processor.py:183} INFO - Processing /home/airflow/.local/lib/python3.12/site-packages/airflow/example_dags/example_params_ui_tutorial.py took 0.231 seconds
[2026-05-01T13:45:23.133+0000] {processor.py:161} INFO - Started process (PID=360) to work on /home/airflow/.local/lib/python3.12/site-packages/airflow/example_dags/example_params_ui_tutorial.py
[2026-05-01T13:45:23.152+0000] {processor.py:830} INFO - Processing file /home/airflow/.local/lib/python3.12/site-packages/airflow/example_dags/example_params_ui_tutorial.py for tasks to queue
[2026-05-01T13:45:23.163+0000] {logging_mixin.py:188} INFO - [2026-05-01T13:45:23.160+0000] {dagbag.py:545} INFO - Filling up the DagBag from /home/airflow/.local/lib/python3.12/site-packages/airflow/example_dags/example_params_ui_tutorial.py
[2026-05-01T13:45:23.206+0000] {processor.py:840} INFO - DAG(s) 'example_params_ui_tutorial' retrieved from /home/airflow/.local/lib/python3.12/site-packages/airflow/example_dags/example_params_ui_tutorial.py
[2026-05-01T13:45:23.450+0000] {logging_mixin.py:188} INFO - [2026-05-01T13:45:23.450+0000] {dag.py:3089} INFO - Sync 1 DAGs
[2026-05-01T13:45:23.475+0000] {logging_mixin.py:188} INFO - [2026-05-01T13:45:23.475+0000] {dag.py:3947} INFO - Setting next_dagrun for example_params_ui_tutorial to None, run_after=None
[2026-05-01T13:45:23.528+0000] {processor.py:183} INFO - Processing /home/airflow/.local/lib/python3.12/site-packages/airflow/example_dags/example_params_ui_tutorial.py took 0.456 seconds
[2026-05-01T13:45:53.892+0000] {processor.py:161} INFO - Started process (PID=418) to work on /home/airflow/.local/lib/python3.12/site-packages/airflow/example_dags/example_params_ui_tutorial.py
[2026-05-01T13:45:53.898+0000] {processor.py:830} INFO - Processing file /home/airflow/.local/lib/python3.12/site-packages/airflow/example_dags/example_params_ui_tutorial.py for tasks to queue
[2026-05-01T13:45:53.905+0000] {logging_mixin.py:188} INFO - [2026-05-01T13:45:53.904+0000] {dagbag.py:545} INFO - Filling up the DagBag from /home/airflow/.local/lib/python3.12/site-packages/airflow/example_dags/example_params_ui_tutorial.py
[2026-05-01T13:45:53.922+0000] {processor.py:840} INFO - DAG(s) 'example_params_ui_tutorial' retrieved from /home/airflow/.local/lib/python3.12/site-packages/airflow/example_dags/example_params_ui_tutorial.py
[2026-05-01T13:45:54.158+0000] {logging_mixin.py:188} INFO - [2026-05-01T13:45:54.157+0000] {dag.py:3089} INFO - Sync 1 DAGs
[2026-05-01T13:45:54.184+0000] {logging_mixin.py:188} INFO - [2026-05-01T13:45:54.184+0000] {dag.py:3947} INFO - Setting next_dagrun for example_params_ui_tutorial to None, run_after=None
[2026-05-01T13:45:54.229+0000] {processor.py:183} INFO - Processing /home/airflow/.local/lib/python3.12/site-packages/airflow/example_dags/example_params_ui_tutorial.py took 0.363 seconds
[2026-05-01T13:46:24.989+0000] {processor.py:161} INFO - Started process (PID=476) to work on /home/airflow/.local/lib/python3.12/site-packages/airflow/example_dags/example_params_ui_tutorial.py
[2026-05-01T13:46:24.992+0000] {processor.py:830} INFO - Processing file /home/airflow/.local/lib/python3.12/site-packages/airflow/example_dags/example_params_ui_tutorial.py for tasks to queue
[2026-05-01T13:46:24.997+0000] {logging_mixin.py:188} INFO - [2026-05-01T13:46:24.996+0000] {dagbag.py:545} INFO - Filling up the DagBag from /home/airflow/.local/lib/python3.12/site-packages/airflow/example_dags/example_params_ui_tutorial.py
[2026-05-01T13:46:25.012+0000] {processor.py:840} INFO - DAG(s) 'example_params_ui_tutorial' retrieved from /home/airflow/.local/lib/python3.12/site-packages/airflow/example_dags/example_params_ui_tutorial.py
[2026-05-01T13:46:25.103+0000] {logging_mixin.py:188} INFO - [2026-05-01T13:46:25.102+0000] {dag.py:3089} INFO - Sync 1 DAGs
[2026-05-01T13:46:25.124+0000] {logging_mixin.py:188} INFO - [2026-05-01T13:46:25.124+0000] {dag.py:3947} INFO - Setting next_dagrun for example_params_ui_tutorial to None, run_after=None
[2026-05-01T13:46:25.169+0000] {processor.py:183} INFO - Processing /home/airflow/.local/lib/python3.12/site-packages/airflow/example_dags/example_params_ui_tutorial.py took 0.195 seconds
[2026-05-01T13:46:55.538+0000] {processor.py:161} INFO - Started process (PID=534) to work on /home/airflow/.local/lib/python3.12/site-packages/airflow/example_dags/example_params_ui_tutorial.py
[2026-05-01T13:46:55.547+0000] {processor.py:830} INFO - Processing file /home/airflow/.local/lib/python3.12/site-packages/airflow/example_dags/example_params_ui_tutorial.py for tasks to queue
[2026-05-01T13:46:55.557+0000] {logging_mixin.py:188} INFO - [2026-05-01T13:46:55.556+0000] {dagbag.py:545} INFO - Filling up the DagBag from /home/airflow/.local/lib/python3.12/site-packages/airflow/example_dags/example_params_ui_tutorial.py
[2026-05-01T13:46:55.606+0000] {processor.py:840} INFO - DAG(s) 'example_params_ui_tutorial' retrieved from /home/airflow/.local/lib/python3.12/site-packages/airflow/example_dags/example_params_ui_tutorial.py
[2026-05-01T13:46:55.818+0000] {logging_mixin.py:188} INFO - [2026-05-01T13:46:55.817+0000] {dag.py:3089} INFO - Sync 1 DAGs
[2026-05-01T13:46:55.867+0000] {logging_mixin.py:188} INFO - [2026-05-01T13:46:55.867+0000] {dag.py:3947} INFO - Setting next_dagrun for example_params_ui_tutorial to None, run_after=None
[2026-05-01T13:46:55.936+0000] {processor.py:183} INFO - Processing /home/airflow/.local/lib/python3.12/site-packages/airflow/example_dags/example_params_ui_tutorial.py took 0.412 seconds
[2026-05-01T13:47:26.075+0000] {processor.py:161} INFO - Started process (PID=592) to work on /home/airflow/.local/lib/python3.12/site-packages/airflow/example_dags/example_params_ui_tutorial.py
[2026-05-01T13:47:26.090+0000] {processor.py:830} INFO - Processing file /home/airflow/.local/lib/python3.12/site-packages/airflow/example_dags/example_params_ui_tutorial.py for tasks to queue
[2026-05-01T13:47:26.097+0000] {logging_mixin.py:188} INFO - [2026-05-01T13:47:26.096+0000] {dagbag.py:545} INFO - Filling up the DagBag from /home/airflow/.local/lib/python3.12/site-packages/airflow/example_dags/example_params_ui_tutorial.py
[2026-05-01T13:47:26.116+0000] {processor.py:840} INFO - DAG(s) 'example_params_ui_tutorial' retrieved from /home/airflow/.local/lib/python3.12/site-packages/airflow/example_dags/example_params_ui_tutorial.py
[2026-05-01T13:47:26.206+0000] {logging_mixin.py:188} INFO - [2026-05-01T13:47:26.206+0000] {dag.py:3089} INFO - Sync 1 DAGs
[2026-05-01T13:47:26.232+0000] {logging_mixin.py:188} INFO - [2026-05-01T13:47:26.231+0000] {dag.py:3947} INFO - Setting next_dagrun for example_params_ui_tutorial to None, run_after=None
[2026-05-01T13:47:26.265+0000] {processor.py:183} INFO - Processing /home/airflow/.local/lib/python3.12/site-packages/airflow/example_dags/example_params_ui_tutorial.py took 0.211 seconds
[2026-05-01T13:47:56.883+0000] {processor.py:161} INFO - Started process (PID=649) to work on /home/airflow/.local/lib/python3.12/site-packages/airflow/example_dags/example_params_ui_tutorial.py
[2026-05-01T13:47:56.888+0000] {processor.py:830} INFO - Processing file /home/airflow/.local/lib/python3.12/site-packages/airflow/example_dags/example_params_ui_tutorial.py for tasks to queue
[2026-05-01T13:47:56.894+0000] {logging_mixin.py:188} INFO - [2026-05-01T13:47:56.893+0000] {dagbag.py:545} INFO - Filling up the DagBag from /home/airflow/.local/lib/python3.12/site-packages/airflow/example_dags/example_params_ui_tutorial.py
[2026-05-01T13:47:56.912+0000] {processor.py:840} INFO - DAG(s) 'example_params_ui_tutorial' retrieved from /home/airflow/.local/lib/python3.12/site-packages/airflow/example_dags/example_params_ui_tutorial.py
[2026-05-01T13:47:57.105+0000] {logging_mixin.py:188} INFO - [2026-05-01T13:47:57.104+0000] {dag.py:3089} INFO - Sync 1 DAGs
[2026-05-01T13:47:57.131+0000] {logging_mixin.py:188} INFO - [2026-05-01T13:47:57.130+0000] {dag.py:3947} INFO - Setting next_dagrun for example_params_ui_tutorial to None, run_after=None
[2026-05-01T13:47:57.180+0000] {processor.py:183} INFO - Processing /home/airflow/.local/lib/python3.12/site-packages/airflow/example_dags/example_params_ui_tutorial.py took 0.312 seconds
[2026-05-01T13:48:27.647+0000] {processor.py:161} INFO - Started process (PID=706) to work on /home/airflow/.local/lib/python3.12/site-packages/airflow/example_dags/example_params_ui_tutorial.py
[2026-05-01T13:48:27.650+0000] {processor.py:830} INFO - Processing file /home/airflow/.local/lib/python3.12/site-packages/airflow/example_dags/example_params_ui_tutorial.py for tasks to queue
[2026-05-01T13:48:27.654+0000] {logging_mixin.py:188} INFO - [2026-05-01T13:48:27.653+0000] {dagbag.py:545} INFO - Filling up the DagBag from /home/airflow/.local/lib/python3.12/site-packages/airflow/example_dags/example_params_ui_tutorial.py
[2026-05-01T13:48:27.678+0000] {processor.py:840} INFO - DAG(s) 'example_params_ui_tutorial' retrieved from /home/airflow/.local/lib/python3.12/site-packages/airflow/example_dags/example_params_ui_tutorial.py
[2026-05-01T13:48:27.785+0000] {logging_mixin.py:188} INFO - [2026-05-01T13:48:27.785+0000] {dag.py:3089} INFO - Sync 1 DAGs
[2026-05-01T13:48:27.809+0000] {logging_mixin.py:188} INFO - [2026-05-01T13:48:27.809+0000] {dag.py:3947} INFO - Setting next_dagrun for example_params_ui_tutorial to None, run_after=None
[2026-05-01T13:48:27.841+0000] {processor.py:183} INFO - Processing /home/airflow/.local/lib/python3.12/site-packages/airflow/example_dags/example_params_ui_tutorial.py took 0.208 seconds
[2026-05-01T13:48:58.442+0000] {processor.py:161} INFO - Started process (PID=764) to work on /home/airflow/.local/lib/python3.12/site-packages/airflow/example_dags/example_params_ui_tutorial.py
[2026-05-01T13:48:58.446+0000] {processor.py:830} INFO - Processing file /home/airflow/.local/lib/python3.12/site-packages/airflow/example_dags/example_params_ui_tutorial.py for tasks to queue
[2026-05-01T13:48:58.452+0000] {logging_mixin.py:188} INFO - [2026-05-01T13:48:58.451+0000] {dagbag.py:545} INFO - Filling up the DagBag from /home/airflow/.local/lib/python3.12/site-packages/airflow/example_dags/example_params_ui_tutorial.py
[2026-05-01T13:48:58.473+0000] {processor.py:840} INFO - DAG(s) 'example_params_ui_tutorial' retrieved from /home/airflow/.local/lib/python3.12/site-packages/airflow/example_dags/example_params_ui_tutorial.py
[2026-05-01T13:48:58.556+0000] {logging_mixin.py:188} INFO - [2026-05-01T13:48:58.556+0000] {dag.py:3089} INFO - Sync 1 DAGs
[2026-05-01T13:48:58.574+0000] {logging_mixin.py:188} INFO - [2026-05-01T13:48:58.574+0000] {dag.py:3947} INFO - Setting next_dagrun for example_params_ui_tutorial to None, run_after=None
[2026-05-01T13:48:58.603+0000] {processor.py:183} INFO - Processing /home/airflow/.local/lib/python3.12/site-packages/airflow/example_dags/example_params_ui_tutorial.py took 0.177 seconds
[2026-05-01T13:49:29.473+0000] {processor.py:161} INFO - Started process (PID=822) to work on /home/airflow/.local/lib/python3.12/site-packages/airflow/example_dags/example_params_ui_tutorial.py
[2026-05-01T13:49:29.494+0000] {processor.py:830} INFO - Processing file /home/airflow/.local/lib/python3.12/site-packages/airflow/example_dags/example_params_ui_tutorial.py for tasks to queue
[2026-05-01T13:49:29.517+0000] {logging_mixin.py:188} INFO - [2026-05-01T13:49:29.516+0000] {dagbag.py:545} INFO - Filling up the DagBag from /home/airflow/.local/lib/python3.12/site-packages/airflow/example_dags/example_params_ui_tutorial.py
[2026-05-01T13:49:29.549+0000] {processor.py:840} INFO - DAG(s) 'example_params_ui_tutorial' retrieved from /home/airflow/.local/lib/python3.12/site-packages/airflow/example_dags/example_params_ui_tutorial.py
[2026-05-01T13:49:29.670+0000] {logging_mixin.py:188} INFO - [2026-05-01T13:49:29.669+0000] {dag.py:3089} INFO - Sync 1 DAGs
[2026-05-01T13:49:29.697+0000] {logging_mixin.py:188} INFO - [2026-05-01T13:49:29.696+0000] {dag.py:3947} INFO - Setting next_dagrun for example_params_ui_tutorial to None, run_after=None
[2026-05-01T13:49:29.724+0000] {processor.py:183} INFO - Processing /home/airflow/.local/lib/python3.12/site-packages/airflow/example_dags/example_params_ui_tutorial.py took 0.275 seconds
[2026-05-01T13:50:00.260+0000] {processor.py:161} INFO - Started process (PID=879) to work on /home/airflow/.local/lib/python3.12/site-packages/airflow/example_dags/example_params_ui_tutorial.py
[2026-05-01T13:50:00.274+0000] {processor.py:830} INFO - Processing file /home/airflow/.local/lib/python3.12/site-packages/airflow/example_dags/example_params_ui_tutorial.py for tasks to queue
[2026-05-01T13:50:00.292+0000] {logging_mixin.py:188} INFO - [2026-05-01T13:50:00.291+0000] {dagbag.py:545} INFO - Filling up the DagBag from /home/airflow/.local/lib/python3.12/site-packages/airflow/example_dags/example_params_ui_tutorial.py
[2026-05-01T13:50:00.338+0000] {processor.py:840} INFO - DAG(s) 'example_params_ui_tutorial' retrieved from /home/airflow/.local/lib/python3.12/site-packages/airflow/example_dags/example_params_ui_tutorial.py
[2026-05-01T13:50:00.455+0000] {logging_mixin.py:188} INFO - [2026-05-01T13:50:00.455+0000] {dag.py:3089} INFO - Sync 1 DAGs
[2026-05-01T13:50:00.480+0000] {logging_mixin.py:188} INFO - [2026-05-01T13:50:00.479+0000] {dag.py:3947} INFO - Setting next_dagrun for example_params_ui_tutorial to None, run_after=None
[2026-05-01T13:50:00.526+0000] {processor.py:183} INFO - Processing /home/airflow/.local/lib/python3.12/site-packages/airflow/example_dags/example_params_ui_tutorial.py took 0.299 seconds
[2026-05-01T13:50:31.224+0000] {processor.py:161} INFO - Started process (PID=936) to work on /home/airflow/.local/lib/python3.12/site-packages/airflow/example_dags/example_params_ui_tutorial.py
[2026-05-01T13:50:31.227+0000] {processor.py:830} INFO - Processing file /home/airflow/.local/lib/python3.12/site-packages/airflow/example_dags/example_params_ui_tutorial.py for tasks to queue
[2026-05-01T13:50:31.238+0000] {logging_mixin.py:188} INFO - [2026-05-01T13:50:31.238+0000] {dagbag.py:545} INFO - Filling up the DagBag from /home/airflow/.local/lib/python3.12/site-packages/airflow/example_dags/example_params_ui_tutorial.py
[2026-05-01T13:50:31.262+0000] {processor.py:840} INFO - DAG(s) 'example_params_ui_tutorial' retrieved from /home/airflow/.local/lib/python3.12/site-packages/airflow/example_dags/example_params_ui_tutorial.py
[2026-05-01T13:50:31.371+0000] {logging_mixin.py:188} INFO - [2026-05-01T13:50:31.370+0000] {dag.py:3089} INFO - Sync 1 DAGs
[2026-05-01T13:50:31.393+0000] {logging_mixin.py:188} INFO - [2026-05-01T13:50:31.393+0000] {dag.py:3947} INFO - Setting next_dagrun for example_params_ui_tutorial to None, run_after=None
[2026-05-01T13:50:31.430+0000] {processor.py:183} INFO - Processing /home/airflow/.local/lib/python3.12/site-packages/airflow/example_dags/example_params_ui_tutorial.py took 0.224 seconds
[2026-05-01T13:51:01.676+0000] {processor.py:161} INFO - Started process (PID=993) to work on /home/airflow/.local/lib/python3.12/site-packages/airflow/example_dags/example_params_ui_tutorial.py
[2026-05-01T13:51:01.679+0000] {processor.py:830} INFO - Processing file /home/airflow/.local/lib/python3.12/site-packages/airflow/example_dags/example_params_ui_tutorial.py for tasks to queue
[2026-05-01T13:51:01.694+0000] {logging_mixin.py:188} INFO - [2026-05-01T13:51:01.692+0000] {dagbag.py:545} INFO - Filling up the DagBag from /home/airflow/.local/lib/python3.12/site-packages/airflow/example_dags/example_params_ui_tutorial.py
[2026-05-01T13:51:01.715+0000] {processor.py:840} INFO - DAG(s) 'example_params_ui_tutorial' retrieved from /home/airflow/.local/lib/python3.12/site-packages/airflow/example_dags/example_params_ui_tutorial.py
[2026-05-01T13:51:01.826+0000] {logging_mixin.py:188} INFO - [2026-05-01T13:51:01.826+0000] {dag.py:3089} INFO - Sync 1 DAGs
[2026-05-01T13:51:01.902+0000] {logging_mixin.py:188} INFO - [2026-05-01T13:51:01.897+0000] {dag.py:3947} INFO - Setting next_dagrun for example_params_ui_tutorial to None, run_after=None
[2026-05-01T13:51:02.028+0000] {processor.py:183} INFO - Processing /home/airflow/.local/lib/python3.12/site-packages/airflow/example_dags/example_params_ui_tutorial.py took 0.368 seconds
[2026-05-01T13:51:32.584+0000] {processor.py:161} INFO - Started process (PID=1049) to work on /home/airflow/.local/lib/python3.12/site-packages/airflow/example_dags/example_params_ui_tutorial.py
[2026-05-01T13:51:32.588+0000] {processor.py:830} INFO - Processing file /home/airflow/.local/lib/python3.12/site-packages/airflow/example_dags/example_params_ui_tutorial.py for tasks to queue
[2026-05-01T13:51:32.595+0000] {logging_mixin.py:188} INFO - [2026-05-01T13:51:32.592+0000] {dagbag.py:545} INFO - Filling up the DagBag from /home/airflow/.local/lib/python3.12/site-packages/airflow/example_dags/example_params_ui_tutorial.py
[2026-05-01T13:51:32.623+0000] {processor.py:840} INFO - DAG(s) 'example_params_ui_tutorial' retrieved from /home/airflow/.local/lib/python3.12/site-packages/airflow/example_dags/example_params_ui_tutorial.py
[2026-05-01T13:51:32.773+0000] {logging_mixin.py:188} INFO - [2026-05-01T13:51:32.772+0000] {dag.py:3089} INFO - Sync 1 DAGs
[2026-05-01T13:51:32.845+0000] {logging_mixin.py:188} INFO - [2026-05-01T13:51:32.844+0000] {dag.py:3947} INFO - Setting next_dagrun for example_params_ui_tutorial to None, run_after=None
[2026-05-01T13:51:32.959+0000] {processor.py:183} INFO - Processing /home/airflow/.local/lib/python3.12/site-packages/airflow/example_dags/example_params_ui_tutorial.py took 0.402 seconds
[2026-05-01T13:52:04.462+0000] {processor.py:161} INFO - Started process (PID=1107) to work on /home/airflow/.local/lib/python3.12/site-packages/airflow/example_dags/example_params_ui_tutorial.py
[2026-05-01T13:52:04.466+0000] {processor.py:830} INFO - Processing file /home/airflow/.local/lib/python3.12/site-packages/airflow/example_dags/example_params_ui_tutorial.py for tasks to queue
[2026-05-01T13:52:04.474+0000] {logging_mixin.py:188} INFO - [2026-05-01T13:52:04.472+0000] {dagbag.py:545} INFO - Filling up the DagBag from /home/airflow/.local/lib/python3.12/site-packages/airflow/example_dags/example_params_ui_tutorial.py
[2026-05-01T13:52:04.493+0000] {processor.py:840} INFO - DAG(s) 'example_params_ui_tutorial' retrieved from /home/airflow/.local/lib/python3.12/site-packages/airflow/example_dags/example_params_ui_tutorial.py
[2026-05-01T13:52:04.591+0000] {logging_mixin.py:188} INFO - [2026-05-01T13:52:04.590+0000] {dag.py:3089} INFO - Sync 1 DAGs
[2026-05-01T13:52:04.685+0000] {logging_mixin.py:188} INFO - [2026-05-01T13:52:04.685+0000] {dag.py:3947} INFO - Setting next_dagrun for example_params_ui_tutorial to None, run_after=None
[2026-05-01T13:52:04.725+0000] {processor.py:183} INFO - Processing /home/airflow/.local/lib/python3.12/site-packages/airflow/example_dags/example_params_ui_tutorial.py took 0.274 seconds
[2026-05-01T13:52:34.870+0000] {processor.py:161} INFO - Started process (PID=1165) to work on /home/airflow/.local/lib/python3.12/site-packages/airflow/example_dags/example_params_ui_tutorial.py
[2026-05-01T13:52:34.875+0000] {processor.py:830} INFO - Processing file /home/airflow/.local/lib/python3.12/site-packages/airflow/example_dags/example_params_ui_tutorial.py for tasks to queue
[2026-05-01T13:52:34.879+0000] {logging_mixin.py:188} INFO - [2026-05-01T13:52:34.879+0000] {dagbag.py:545} INFO - Filling up the DagBag from /home/airflow/.local/lib/python3.12/site-packages/airflow/example_dags/example_params_ui_tutorial.py
[2026-05-01T13:52:34.891+0000] {processor.py:840} INFO - DAG(s) 'example_params_ui_tutorial' retrieved from /home/airflow/.local/lib/python3.12/site-packages/airflow/example_dags/example_params_ui_tutorial.py
[2026-05-01T13:52:34.984+0000] {logging_mixin.py:188} INFO - [2026-05-01T13:52:34.984+0000] {dag.py:3089} INFO - Sync 1 DAGs
[2026-05-01T13:52:35.021+0000] {logging_mixin.py:188} INFO - [2026-05-01T13:52:35.020+0000] {dag.py:3947} INFO - Setting next_dagrun for example_params_ui_tutorial to None, run_after=None
[2026-05-01T13:52:35.056+0000] {processor.py:183} INFO - Processing /home/airflow/.local/lib/python3.12/site-packages/airflow/example_dags/example_params_ui_tutorial.py took 0.194 seconds
[2026-05-01T13:53:05.641+0000] {processor.py:161} INFO - Started process (PID=1223) to work on /home/airflow/.local/lib/python3.12/site-packages/airflow/example_dags/example_params_ui_tutorial.py
[2026-05-01T13:53:05.645+0000] {processor.py:830} INFO - Processing file /home/airflow/.local/lib/python3.12/site-packages/airflow/example_dags/example_params_ui_tutorial.py for tasks to queue
[2026-05-01T13:53:05.654+0000] {logging_mixin.py:188} INFO - [2026-05-01T13:53:05.653+0000] {dagbag.py:545} INFO - Filling up the DagBag from /home/airflow/.local/lib/python3.12/site-packages/airflow/example_dags/example_params_ui_tutorial.py
[2026-05-01T13:53:05.674+0000] {processor.py:840} INFO - DAG(s) 'example_params_ui_tutorial' retrieved from /home/airflow/.local/lib/python3.12/site-packages/airflow/example_dags/example_params_ui_tutorial.py
[2026-05-01T13:53:05.874+0000] {logging_mixin.py:188} INFO - [2026-05-01T13:53:05.874+0000] {dag.py:3089} INFO - Sync 1 DAGs
[2026-05-01T13:53:05.897+0000] {logging_mixin.py:188} INFO - [2026-05-01T13:53:05.897+0000] {dag.py:3947} INFO - Setting next_dagrun for example_params_ui_tutorial to None, run_after=None
[2026-05-01T13:53:05.922+0000] {processor.py:183} INFO - Processing /home/airflow/.local/lib/python3.12/site-packages/airflow/example_dags/example_params_ui_tutorial.py took 0.293 seconds
