[2026-05-01T13:24:26.676+0000] {processor.py:161} INFO - Started process (PID=64) to work on /home/airflow/.local/lib/python3.12/site-packages/airflow/example_dags/example_sla_dag.py
[2026-05-01T13:24:26.690+0000] {processor.py:830} INFO - Processing file /home/airflow/.local/lib/python3.12/site-packages/airflow/example_dags/example_sla_dag.py for tasks to queue
[2026-05-01T13:24:26.710+0000] {logging_mixin.py:188} INFO - [2026-05-01T13:24:26.705+0000] {dagbag.py:545} INFO - Filling up the DagBag from /home/airflow/.local/lib/python3.12/site-packages/airflow/example_dags/example_sla_dag.py
[2026-05-01T13:24:26.815+0000] {processor.py:840} INFO - DAG(s) 'example_sla_dag' retrieved from /home/airflow/.local/lib/python3.12/site-packages/airflow/example_dags/example_sla_dag.py
[2026-05-01T13:24:27.594+0000] {logging_mixin.py:188} INFO - [2026-05-01T13:24:27.594+0000] {override.py:1858} INFO - Created Permission View: can delete on DAG:example_sla_dag
[2026-05-01T13:24:27.659+0000] {logging_mixin.py:188} INFO - [2026-05-01T13:24:27.659+0000] {override.py:1858} INFO - Created Permission View: can edit on DAG:example_sla_dag
[2026-05-01T13:24:27.699+0000] {logging_mixin.py:188} INFO - [2026-05-01T13:24:27.699+0000] {override.py:1858} INFO - Created Permission View: can read on DAG:example_sla_dag
[2026-05-01T13:24:27.704+0000] {logging_mixin.py:188} INFO - [2026-05-01T13:24:27.704+0000] {dag.py:3089} INFO - Sync 1 DAGs
[2026-05-01T13:24:27.798+0000] {logging_mixin.py:188} INFO - [2026-05-01T13:24:27.797+0000] {dag.py:3111} INFO - Creating ORM DAG for example_sla_dag
[2026-05-01T13:24:27.888+0000] {logging_mixin.py:188} INFO - [2026-05-01T13:24:27.887+0000] {dag.py:3947} INFO - Setting next_dagrun for example_sla_dag to 2026-05-01 13:22:00+00:00, run_after=2026-05-01 13:24:00+00:00
[2026-05-01T13:24:28.002+0000] {processor.py:183} INFO - Processing /home/airflow/.local/lib/python3.12/site-packages/airflow/example_dags/example_sla_dag.py took 1.384 seconds
[2026-05-01T13:25:21.937+0000] {processor.py:161} INFO - Started process (PID=127) to work on /home/airflow/.local/lib/python3.12/site-packages/airflow/example_dags/example_sla_dag.py
[2026-05-01T13:25:21.948+0000] {processor.py:830} INFO - Processing file /home/airflow/.local/lib/python3.12/site-packages/airflow/example_dags/example_sla_dag.py for tasks to queue
[2026-05-01T13:25:21.967+0000] {logging_mixin.py:188} INFO - [2026-05-01T13:25:21.966+0000] {dagbag.py:545} INFO - Filling up the DagBag from /home/airflow/.local/lib/python3.12/site-packages/airflow/example_dags/example_sla_dag.py
[2026-05-01T13:25:22.020+0000] {processor.py:840} INFO - DAG(s) 'example_sla_dag' retrieved from /home/airflow/.local/lib/python3.12/site-packages/airflow/example_dags/example_sla_dag.py
[2026-05-01T13:25:22.089+0000] {logging_mixin.py:188} INFO - [2026-05-01T13:25:22.089+0000] {dag.py:3089} INFO - Sync 1 DAGs
[2026-05-01T13:25:22.311+0000] {logging_mixin.py:188} INFO - [2026-05-01T13:25:22.310+0000] {dag.py:3947} INFO - Setting next_dagrun for example_sla_dag to 2026-05-01 13:22:00+00:00, run_after=2026-05-01 13:24:00+00:00
[2026-05-01T13:25:22.445+0000] {processor.py:183} INFO - Processing /home/airflow/.local/lib/python3.12/site-packages/airflow/example_dags/example_sla_dag.py took 0.589 seconds
[2026-05-01T13:25:52.664+0000] {processor.py:161} INFO - Started process (PID=185) to work on /home/airflow/.local/lib/python3.12/site-packages/airflow/example_dags/example_sla_dag.py
[2026-05-01T13:25:52.670+0000] {processor.py:830} INFO - Processing file /home/airflow/.local/lib/python3.12/site-packages/airflow/example_dags/example_sla_dag.py for tasks to queue
[2026-05-01T13:25:52.686+0000] {logging_mixin.py:188} INFO - [2026-05-01T13:25:52.685+0000] {dagbag.py:545} INFO - Filling up the DagBag from /home/airflow/.local/lib/python3.12/site-packages/airflow/example_dags/example_sla_dag.py
[2026-05-01T13:25:52.756+0000] {processor.py:840} INFO - DAG(s) 'example_sla_dag' retrieved from /home/airflow/.local/lib/python3.12/site-packages/airflow/example_dags/example_sla_dag.py
[2026-05-01T13:25:53.139+0000] {logging_mixin.py:188} INFO - [2026-05-01T13:25:53.139+0000] {dag.py:3089} INFO - Sync 1 DAGs
[2026-05-01T13:25:53.182+0000] {logging_mixin.py:188} INFO - [2026-05-01T13:25:53.182+0000] {dag.py:3947} INFO - Setting next_dagrun for example_sla_dag to 2026-05-01 13:22:00+00:00, run_after=2026-05-01 13:24:00+00:00
[2026-05-01T13:25:53.217+0000] {processor.py:183} INFO - Processing /home/airflow/.local/lib/python3.12/site-packages/airflow/example_dags/example_sla_dag.py took 0.571 seconds
[2026-05-01T13:26:23.486+0000] {processor.py:161} INFO - Started process (PID=243) to work on /home/airflow/.local/lib/python3.12/site-packages/airflow/example_dags/example_sla_dag.py
[2026-05-01T13:26:23.489+0000] {processor.py:830} INFO - Processing file /home/airflow/.local/lib/python3.12/site-packages/airflow/example_dags/example_sla_dag.py for tasks to queue
[2026-05-01T13:26:23.494+0000] {logging_mixin.py:188} INFO - [2026-05-01T13:26:23.494+0000] {dagbag.py:545} INFO - Filling up the DagBag from /home/airflow/.local/lib/python3.12/site-packages/airflow/example_dags/example_sla_dag.py
[2026-05-01T13:26:23.556+0000] {processor.py:840} INFO - DAG(s) 'example_sla_dag' retrieved from /home/airflow/.local/lib/python3.12/site-packages/airflow/example_dags/example_sla_dag.py
[2026-05-01T13:26:23.644+0000] {logging_mixin.py:188} INFO - [2026-05-01T13:26:23.644+0000] {dag.py:3089} INFO - Sync 1 DAGs
[2026-05-01T13:26:23.711+0000] {logging_mixin.py:188} INFO - [2026-05-01T13:26:23.710+0000] {dag.py:3947} INFO - Setting next_dagrun for example_sla_dag to 2026-05-01 13:24:00+00:00, run_after=2026-05-01 13:26:00+00:00
[2026-05-01T13:26:23.744+0000] {processor.py:183} INFO - Processing /home/airflow/.local/lib/python3.12/site-packages/airflow/example_dags/example_sla_dag.py took 0.284 seconds
[2026-05-01T13:26:53.798+0000] {processor.py:161} INFO - Started process (PID=301) to work on /home/airflow/.local/lib/python3.12/site-packages/airflow/example_dags/example_sla_dag.py
[2026-05-01T13:26:53.801+0000] {processor.py:830} INFO - Processing file /home/airflow/.local/lib/python3.12/site-packages/airflow/example_dags/example_sla_dag.py for tasks to queue
[2026-05-01T13:26:53.804+0000] {logging_mixin.py:188} INFO - [2026-05-01T13:26:53.804+0000] {dagbag.py:545} INFO - Filling up the DagBag from /home/airflow/.local/lib/python3.12/site-packages/airflow/example_dags/example_sla_dag.py
[2026-05-01T13:26:53.816+0000] {processor.py:840} INFO - DAG(s) 'example_sla_dag' retrieved from /home/airflow/.local/lib/python3.12/site-packages/airflow/example_dags/example_sla_dag.py
[2026-05-01T13:26:53.845+0000] {logging_mixin.py:188} INFO - [2026-05-01T13:26:53.844+0000] {dag.py:3089} INFO - Sync 1 DAGs
[2026-05-01T13:26:53.874+0000] {logging_mixin.py:188} INFO - [2026-05-01T13:26:53.873+0000] {dag.py:3947} INFO - Setting next_dagrun for example_sla_dag to 2026-05-01 13:24:00+00:00, run_after=2026-05-01 13:26:00+00:00
[2026-05-01T13:26:53.897+0000] {processor.py:183} INFO - Processing /home/airflow/.local/lib/python3.12/site-packages/airflow/example_dags/example_sla_dag.py took 0.107 seconds
[2026-05-01T13:27:24.172+0000] {processor.py:161} INFO - Started process (PID=359) to work on /home/airflow/.local/lib/python3.12/site-packages/airflow/example_dags/example_sla_dag.py
[2026-05-01T13:27:24.177+0000] {processor.py:830} INFO - Processing file /home/airflow/.local/lib/python3.12/site-packages/airflow/example_dags/example_sla_dag.py for tasks to queue
[2026-05-01T13:27:24.182+0000] {logging_mixin.py:188} INFO - [2026-05-01T13:27:24.181+0000] {dagbag.py:545} INFO - Filling up the DagBag from /home/airflow/.local/lib/python3.12/site-packages/airflow/example_dags/example_sla_dag.py
[2026-05-01T13:27:24.194+0000] {processor.py:840} INFO - DAG(s) 'example_sla_dag' retrieved from /home/airflow/.local/lib/python3.12/site-packages/airflow/example_dags/example_sla_dag.py
[2026-05-01T13:27:24.220+0000] {logging_mixin.py:188} INFO - [2026-05-01T13:27:24.220+0000] {dag.py:3089} INFO - Sync 1 DAGs
[2026-05-01T13:27:24.251+0000] {logging_mixin.py:188} INFO - [2026-05-01T13:27:24.250+0000] {dag.py:3947} INFO - Setting next_dagrun for example_sla_dag to 2026-05-01 13:24:00+00:00, run_after=2026-05-01 13:26:00+00:00
[2026-05-01T13:27:24.274+0000] {processor.py:183} INFO - Processing /home/airflow/.local/lib/python3.12/site-packages/airflow/example_dags/example_sla_dag.py took 0.111 seconds
[2026-05-01T13:27:54.906+0000] {processor.py:161} INFO - Started process (PID=418) to work on /home/airflow/.local/lib/python3.12/site-packages/airflow/example_dags/example_sla_dag.py
[2026-05-01T13:27:54.910+0000] {processor.py:830} INFO - Processing file /home/airflow/.local/lib/python3.12/site-packages/airflow/example_dags/example_sla_dag.py for tasks to queue
[2026-05-01T13:27:54.915+0000] {logging_mixin.py:188} INFO - [2026-05-01T13:27:54.914+0000] {dagbag.py:545} INFO - Filling up the DagBag from /home/airflow/.local/lib/python3.12/site-packages/airflow/example_dags/example_sla_dag.py
[2026-05-01T13:27:54.932+0000] {processor.py:840} INFO - DAG(s) 'example_sla_dag' retrieved from /home/airflow/.local/lib/python3.12/site-packages/airflow/example_dags/example_sla_dag.py
[2026-05-01T13:27:54.970+0000] {logging_mixin.py:188} INFO - [2026-05-01T13:27:54.970+0000] {dag.py:3089} INFO - Sync 1 DAGs
[2026-05-01T13:27:55.011+0000] {logging_mixin.py:188} INFO - [2026-05-01T13:27:55.011+0000] {dag.py:3947} INFO - Setting next_dagrun for example_sla_dag to 2026-05-01 13:24:00+00:00, run_after=2026-05-01 13:26:00+00:00
[2026-05-01T13:27:55.043+0000] {processor.py:183} INFO - Processing /home/airflow/.local/lib/python3.12/site-packages/airflow/example_dags/example_sla_dag.py took 0.152 seconds
[2026-05-01T13:28:26.669+0000] {processor.py:161} INFO - Started process (PID=476) to work on /home/airflow/.local/lib/python3.12/site-packages/airflow/example_dags/example_sla_dag.py
[2026-05-01T13:28:26.695+0000] {processor.py:830} INFO - Processing file /home/airflow/.local/lib/python3.12/site-packages/airflow/example_dags/example_sla_dag.py for tasks to queue
[2026-05-01T13:28:26.728+0000] {logging_mixin.py:188} INFO - [2026-05-01T13:28:26.727+0000] {dagbag.py:545} INFO - Filling up the DagBag from /home/airflow/.local/lib/python3.12/site-packages/airflow/example_dags/example_sla_dag.py
[2026-05-01T13:28:26.855+0000] {processor.py:840} INFO - DAG(s) 'example_sla_dag' retrieved from /home/airflow/.local/lib/python3.12/site-packages/airflow/example_dags/example_sla_dag.py
[2026-05-01T13:28:26.971+0000] {logging_mixin.py:188} INFO - [2026-05-01T13:28:26.969+0000] {dag.py:3089} INFO - Sync 1 DAGs
[2026-05-01T13:28:27.166+0000] {logging_mixin.py:188} INFO - [2026-05-01T13:28:27.164+0000] {dag.py:3947} INFO - Setting next_dagrun for example_sla_dag to 2026-05-01 13:26:00+00:00, run_after=2026-05-01 13:28:00+00:00
[2026-05-01T13:28:27.509+0000] {processor.py:183} INFO - Processing /home/airflow/.local/lib/python3.12/site-packages/airflow/example_dags/example_sla_dag.py took 0.883 seconds
[2026-05-01T13:28:57.871+0000] {processor.py:161} INFO - Started process (PID=534) to work on /home/airflow/.local/lib/python3.12/site-packages/airflow/example_dags/example_sla_dag.py
[2026-05-01T13:28:57.873+0000] {processor.py:830} INFO - Processing file /home/airflow/.local/lib/python3.12/site-packages/airflow/example_dags/example_sla_dag.py for tasks to queue
[2026-05-01T13:28:57.878+0000] {logging_mixin.py:188} INFO - [2026-05-01T13:28:57.878+0000] {dagbag.py:545} INFO - Filling up the DagBag from /home/airflow/.local/lib/python3.12/site-packages/airflow/example_dags/example_sla_dag.py
[2026-05-01T13:28:57.894+0000] {processor.py:840} INFO - DAG(s) 'example_sla_dag' retrieved from /home/airflow/.local/lib/python3.12/site-packages/airflow/example_dags/example_sla_dag.py
[2026-05-01T13:28:57.925+0000] {logging_mixin.py:188} INFO - [2026-05-01T13:28:57.924+0000] {dag.py:3089} INFO - Sync 1 DAGs
[2026-05-01T13:28:57.980+0000] {logging_mixin.py:188} INFO - [2026-05-01T13:28:57.979+0000] {dag.py:3947} INFO - Setting next_dagrun for example_sla_dag to 2026-05-01 13:26:00+00:00, run_after=2026-05-01 13:28:00+00:00
[2026-05-01T13:28:58.005+0000] {processor.py:183} INFO - Processing /home/airflow/.local/lib/python3.12/site-packages/airflow/example_dags/example_sla_dag.py took 0.148 seconds
[2026-05-01T13:29:28.463+0000] {processor.py:161} INFO - Started process (PID=592) to work on /home/airflow/.local/lib/python3.12/site-packages/airflow/example_dags/example_sla_dag.py
[2026-05-01T13:29:28.480+0000] {processor.py:830} INFO - Processing file /home/airflow/.local/lib/python3.12/site-packages/airflow/example_dags/example_sla_dag.py for tasks to queue
[2026-05-01T13:29:28.487+0000] {logging_mixin.py:188} INFO - [2026-05-01T13:29:28.487+0000] {dagbag.py:545} INFO - Filling up the DagBag from /home/airflow/.local/lib/python3.12/site-packages/airflow/example_dags/example_sla_dag.py
[2026-05-01T13:29:28.518+0000] {processor.py:840} INFO - DAG(s) 'example_sla_dag' retrieved from /home/airflow/.local/lib/python3.12/site-packages/airflow/example_dags/example_sla_dag.py
[2026-05-01T13:29:28.628+0000] {logging_mixin.py:188} INFO - [2026-05-01T13:29:28.627+0000] {dag.py:3089} INFO - Sync 1 DAGs
[2026-05-01T13:29:28.697+0000] {logging_mixin.py:188} INFO - [2026-05-01T13:29:28.697+0000] {dag.py:3947} INFO - Setting next_dagrun for example_sla_dag to 2026-05-01 13:26:00+00:00, run_after=2026-05-01 13:28:00+00:00
[2026-05-01T13:29:28.737+0000] {processor.py:183} INFO - Processing /home/airflow/.local/lib/python3.12/site-packages/airflow/example_dags/example_sla_dag.py took 0.308 seconds
[2026-05-01T13:29:59.392+0000] {processor.py:161} INFO - Started process (PID=648) to work on /home/airflow/.local/lib/python3.12/site-packages/airflow/example_dags/example_sla_dag.py
[2026-05-01T13:29:59.395+0000] {processor.py:830} INFO - Processing file /home/airflow/.local/lib/python3.12/site-packages/airflow/example_dags/example_sla_dag.py for tasks to queue
[2026-05-01T13:29:59.401+0000] {logging_mixin.py:188} INFO - [2026-05-01T13:29:59.400+0000] {dagbag.py:545} INFO - Filling up the DagBag from /home/airflow/.local/lib/python3.12/site-packages/airflow/example_dags/example_sla_dag.py
[2026-05-01T13:29:59.418+0000] {processor.py:840} INFO - DAG(s) 'example_sla_dag' retrieved from /home/airflow/.local/lib/python3.12/site-packages/airflow/example_dags/example_sla_dag.py
[2026-05-01T13:29:59.454+0000] {logging_mixin.py:188} INFO - [2026-05-01T13:29:59.454+0000] {dag.py:3089} INFO - Sync 1 DAGs
[2026-05-01T13:29:59.494+0000] {logging_mixin.py:188} INFO - [2026-05-01T13:29:59.494+0000] {dag.py:3947} INFO - Setting next_dagrun for example_sla_dag to 2026-05-01 13:26:00+00:00, run_after=2026-05-01 13:28:00+00:00
[2026-05-01T13:29:59.520+0000] {processor.py:183} INFO - Processing /home/airflow/.local/lib/python3.12/site-packages/airflow/example_dags/example_sla_dag.py took 0.147 seconds
[2026-05-01T13:30:29.608+0000] {processor.py:161} INFO - Started process (PID=706) to work on /home/airflow/.local/lib/python3.12/site-packages/airflow/example_dags/example_sla_dag.py
[2026-05-01T13:30:29.611+0000] {processor.py:830} INFO - Processing file /home/airflow/.local/lib/python3.12/site-packages/airflow/example_dags/example_sla_dag.py for tasks to queue
[2026-05-01T13:30:29.616+0000] {logging_mixin.py:188} INFO - [2026-05-01T13:30:29.616+0000] {dagbag.py:545} INFO - Filling up the DagBag from /home/airflow/.local/lib/python3.12/site-packages/airflow/example_dags/example_sla_dag.py
[2026-05-01T13:30:29.639+0000] {processor.py:840} INFO - DAG(s) 'example_sla_dag' retrieved from /home/airflow/.local/lib/python3.12/site-packages/airflow/example_dags/example_sla_dag.py
[2026-05-01T13:30:29.681+0000] {logging_mixin.py:188} INFO - [2026-05-01T13:30:29.681+0000] {dag.py:3089} INFO - Sync 1 DAGs
[2026-05-01T13:30:29.735+0000] {logging_mixin.py:188} INFO - [2026-05-01T13:30:29.734+0000] {dag.py:3947} INFO - Setting next_dagrun for example_sla_dag to 2026-05-01 13:28:00+00:00, run_after=2026-05-01 13:30:00+00:00
[2026-05-01T13:30:29.762+0000] {processor.py:183} INFO - Processing /home/airflow/.local/lib/python3.12/site-packages/airflow/example_dags/example_sla_dag.py took 0.168 seconds
[2026-05-01T13:30:59.847+0000] {processor.py:161} INFO - Started process (PID=764) to work on /home/airflow/.local/lib/python3.12/site-packages/airflow/example_dags/example_sla_dag.py
[2026-05-01T13:30:59.851+0000] {processor.py:830} INFO - Processing file /home/airflow/.local/lib/python3.12/site-packages/airflow/example_dags/example_sla_dag.py for tasks to queue
[2026-05-01T13:30:59.855+0000] {logging_mixin.py:188} INFO - [2026-05-01T13:30:59.855+0000] {dagbag.py:545} INFO - Filling up the DagBag from /home/airflow/.local/lib/python3.12/site-packages/airflow/example_dags/example_sla_dag.py
[2026-05-01T13:30:59.871+0000] {processor.py:840} INFO - DAG(s) 'example_sla_dag' retrieved from /home/airflow/.local/lib/python3.12/site-packages/airflow/example_dags/example_sla_dag.py
[2026-05-01T13:30:59.906+0000] {logging_mixin.py:188} INFO - [2026-05-01T13:30:59.905+0000] {dag.py:3089} INFO - Sync 1 DAGs
[2026-05-01T13:30:59.944+0000] {logging_mixin.py:188} INFO - [2026-05-01T13:30:59.944+0000] {dag.py:3947} INFO - Setting next_dagrun for example_sla_dag to 2026-05-01 13:28:00+00:00, run_after=2026-05-01 13:30:00+00:00
[2026-05-01T13:30:59.975+0000] {processor.py:183} INFO - Processing /home/airflow/.local/lib/python3.12/site-packages/airflow/example_dags/example_sla_dag.py took 0.140 seconds
[2026-05-01T13:31:30.565+0000] {processor.py:161} INFO - Started process (PID=822) to work on /home/airflow/.local/lib/python3.12/site-packages/airflow/example_dags/example_sla_dag.py
[2026-05-01T13:31:30.578+0000] {processor.py:830} INFO - Processing file /home/airflow/.local/lib/python3.12/site-packages/airflow/example_dags/example_sla_dag.py for tasks to queue
[2026-05-01T13:31:30.606+0000] {logging_mixin.py:188} INFO - [2026-05-01T13:31:30.605+0000] {dagbag.py:545} INFO - Filling up the DagBag from /home/airflow/.local/lib/python3.12/site-packages/airflow/example_dags/example_sla_dag.py
[2026-05-01T13:31:30.665+0000] {processor.py:840} INFO - DAG(s) 'example_sla_dag' retrieved from /home/airflow/.local/lib/python3.12/site-packages/airflow/example_dags/example_sla_dag.py
[2026-05-01T13:31:30.812+0000] {logging_mixin.py:188} INFO - [2026-05-01T13:31:30.811+0000] {dag.py:3089} INFO - Sync 1 DAGs
[2026-05-01T13:31:31.045+0000] {logging_mixin.py:188} INFO - [2026-05-01T13:31:31.045+0000] {dag.py:3947} INFO - Setting next_dagrun for example_sla_dag to 2026-05-01 13:28:00+00:00, run_after=2026-05-01 13:30:00+00:00
[2026-05-01T13:31:31.116+0000] {processor.py:183} INFO - Processing /home/airflow/.local/lib/python3.12/site-packages/airflow/example_dags/example_sla_dag.py took 0.571 seconds
[2026-05-01T13:32:01.628+0000] {processor.py:161} INFO - Started process (PID=880) to work on /home/airflow/.local/lib/python3.12/site-packages/airflow/example_dags/example_sla_dag.py
[2026-05-01T13:32:01.635+0000] {processor.py:830} INFO - Processing file /home/airflow/.local/lib/python3.12/site-packages/airflow/example_dags/example_sla_dag.py for tasks to queue
[2026-05-01T13:32:01.641+0000] {logging_mixin.py:188} INFO - [2026-05-01T13:32:01.640+0000] {dagbag.py:545} INFO - Filling up the DagBag from /home/airflow/.local/lib/python3.12/site-packages/airflow/example_dags/example_sla_dag.py
[2026-05-01T13:32:01.742+0000] {processor.py:840} INFO - DAG(s) 'example_sla_dag' retrieved from /home/airflow/.local/lib/python3.12/site-packages/airflow/example_dags/example_sla_dag.py
[2026-05-01T13:32:01.797+0000] {logging_mixin.py:188} INFO - [2026-05-01T13:32:01.796+0000] {dag.py:3089} INFO - Sync 1 DAGs
[2026-05-01T13:32:02.014+0000] {logging_mixin.py:188} INFO - [2026-05-01T13:32:02.011+0000] {dag.py:3947} INFO - Setting next_dagrun for example_sla_dag to 2026-05-01 13:30:00+00:00, run_after=2026-05-01 13:32:00+00:00
[2026-05-01T13:32:02.250+0000] {processor.py:183} INFO - Processing /home/airflow/.local/lib/python3.12/site-packages/airflow/example_dags/example_sla_dag.py took 0.661 seconds
[2026-05-01T13:32:32.972+0000] {processor.py:161} INFO - Started process (PID=938) to work on /home/airflow/.local/lib/python3.12/site-packages/airflow/example_dags/example_sla_dag.py
[2026-05-01T13:32:32.977+0000] {processor.py:830} INFO - Processing file /home/airflow/.local/lib/python3.12/site-packages/airflow/example_dags/example_sla_dag.py for tasks to queue
[2026-05-01T13:32:32.986+0000] {logging_mixin.py:188} INFO - [2026-05-01T13:32:32.986+0000] {dagbag.py:545} INFO - Filling up the DagBag from /home/airflow/.local/lib/python3.12/site-packages/airflow/example_dags/example_sla_dag.py
[2026-05-01T13:32:33.018+0000] {processor.py:840} INFO - DAG(s) 'example_sla_dag' retrieved from /home/airflow/.local/lib/python3.12/site-packages/airflow/example_dags/example_sla_dag.py
[2026-05-01T13:32:33.078+0000] {logging_mixin.py:188} INFO - [2026-05-01T13:32:33.078+0000] {dag.py:3089} INFO - Sync 1 DAGs
[2026-05-01T13:32:33.162+0000] {logging_mixin.py:188} INFO - [2026-05-01T13:32:33.162+0000] {dag.py:3947} INFO - Setting next_dagrun for example_sla_dag to 2026-05-01 13:30:00+00:00, run_after=2026-05-01 13:32:00+00:00
[2026-05-01T13:32:33.235+0000] {processor.py:183} INFO - Processing /home/airflow/.local/lib/python3.12/site-packages/airflow/example_dags/example_sla_dag.py took 0.303 seconds
[2026-05-01T13:33:04.054+0000] {processor.py:161} INFO - Started process (PID=996) to work on /home/airflow/.local/lib/python3.12/site-packages/airflow/example_dags/example_sla_dag.py
[2026-05-01T13:33:04.057+0000] {processor.py:830} INFO - Processing file /home/airflow/.local/lib/python3.12/site-packages/airflow/example_dags/example_sla_dag.py for tasks to queue
[2026-05-01T13:33:04.067+0000] {logging_mixin.py:188} INFO - [2026-05-01T13:33:04.064+0000] {dagbag.py:545} INFO - Filling up the DagBag from /home/airflow/.local/lib/python3.12/site-packages/airflow/example_dags/example_sla_dag.py
[2026-05-01T13:33:04.106+0000] {processor.py:840} INFO - DAG(s) 'example_sla_dag' retrieved from /home/airflow/.local/lib/python3.12/site-packages/airflow/example_dags/example_sla_dag.py
[2026-05-01T13:33:04.230+0000] {logging_mixin.py:188} INFO - [2026-05-01T13:33:04.229+0000] {dag.py:3089} INFO - Sync 1 DAGs
[2026-05-01T13:33:04.287+0000] {logging_mixin.py:188} INFO - [2026-05-01T13:33:04.287+0000] {dag.py:3947} INFO - Setting next_dagrun for example_sla_dag to 2026-05-01 13:30:00+00:00, run_after=2026-05-01 13:32:00+00:00
[2026-05-01T13:33:04.325+0000] {processor.py:183} INFO - Processing /home/airflow/.local/lib/python3.12/site-packages/airflow/example_dags/example_sla_dag.py took 0.284 seconds
[2026-05-01T13:33:34.432+0000] {processor.py:161} INFO - Started process (PID=1054) to work on /home/airflow/.local/lib/python3.12/site-packages/airflow/example_dags/example_sla_dag.py
[2026-05-01T13:33:34.437+0000] {processor.py:830} INFO - Processing file /home/airflow/.local/lib/python3.12/site-packages/airflow/example_dags/example_sla_dag.py for tasks to queue
[2026-05-01T13:33:34.443+0000] {logging_mixin.py:188} INFO - [2026-05-01T13:33:34.442+0000] {dagbag.py:545} INFO - Filling up the DagBag from /home/airflow/.local/lib/python3.12/site-packages/airflow/example_dags/example_sla_dag.py
[2026-05-01T13:33:34.461+0000] {processor.py:840} INFO - DAG(s) 'example_sla_dag' retrieved from /home/airflow/.local/lib/python3.12/site-packages/airflow/example_dags/example_sla_dag.py
[2026-05-01T13:33:34.500+0000] {logging_mixin.py:188} INFO - [2026-05-01T13:33:34.500+0000] {dag.py:3089} INFO - Sync 1 DAGs
[2026-05-01T13:33:34.545+0000] {logging_mixin.py:188} INFO - [2026-05-01T13:33:34.545+0000] {dag.py:3947} INFO - Setting next_dagrun for example_sla_dag to 2026-05-01 13:30:00+00:00, run_after=2026-05-01 13:32:00+00:00
[2026-05-01T13:33:34.576+0000] {processor.py:183} INFO - Processing /home/airflow/.local/lib/python3.12/site-packages/airflow/example_dags/example_sla_dag.py took 0.158 seconds
[2026-05-01T13:34:04.809+0000] {processor.py:161} INFO - Started process (PID=1112) to work on /home/airflow/.local/lib/python3.12/site-packages/airflow/example_dags/example_sla_dag.py
[2026-05-01T13:34:04.815+0000] {processor.py:830} INFO - Processing file /home/airflow/.local/lib/python3.12/site-packages/airflow/example_dags/example_sla_dag.py for tasks to queue
[2026-05-01T13:34:04.824+0000] {logging_mixin.py:188} INFO - [2026-05-01T13:34:04.822+0000] {dagbag.py:545} INFO - Filling up the DagBag from /home/airflow/.local/lib/python3.12/site-packages/airflow/example_dags/example_sla_dag.py
[2026-05-01T13:34:04.871+0000] {processor.py:840} INFO - DAG(s) 'example_sla_dag' retrieved from /home/airflow/.local/lib/python3.12/site-packages/airflow/example_dags/example_sla_dag.py
[2026-05-01T13:34:05.054+0000] {logging_mixin.py:188} INFO - [2026-05-01T13:34:05.054+0000] {dag.py:3089} INFO - Sync 1 DAGs
[2026-05-01T13:34:05.133+0000] {logging_mixin.py:188} INFO - [2026-05-01T13:34:05.132+0000] {dag.py:3947} INFO - Setting next_dagrun for example_sla_dag to 2026-05-01 13:32:00+00:00, run_after=2026-05-01 13:34:00+00:00
[2026-05-01T13:34:05.160+0000] {processor.py:183} INFO - Processing /home/airflow/.local/lib/python3.12/site-packages/airflow/example_dags/example_sla_dag.py took 0.375 seconds
[2026-05-01T13:34:35.466+0000] {processor.py:161} INFO - Started process (PID=1170) to work on /home/airflow/.local/lib/python3.12/site-packages/airflow/example_dags/example_sla_dag.py
[2026-05-01T13:34:35.469+0000] {processor.py:830} INFO - Processing file /home/airflow/.local/lib/python3.12/site-packages/airflow/example_dags/example_sla_dag.py for tasks to queue
[2026-05-01T13:34:35.473+0000] {logging_mixin.py:188} INFO - [2026-05-01T13:34:35.473+0000] {dagbag.py:545} INFO - Filling up the DagBag from /home/airflow/.local/lib/python3.12/site-packages/airflow/example_dags/example_sla_dag.py
[2026-05-01T13:34:35.491+0000] {processor.py:840} INFO - DAG(s) 'example_sla_dag' retrieved from /home/airflow/.local/lib/python3.12/site-packages/airflow/example_dags/example_sla_dag.py
[2026-05-01T13:34:35.519+0000] {logging_mixin.py:188} INFO - [2026-05-01T13:34:35.519+0000] {dag.py:3089} INFO - Sync 1 DAGs
[2026-05-01T13:34:35.558+0000] {logging_mixin.py:188} INFO - [2026-05-01T13:34:35.557+0000] {dag.py:3947} INFO - Setting next_dagrun for example_sla_dag to 2026-05-01 13:32:00+00:00, run_after=2026-05-01 13:34:00+00:00
[2026-05-01T13:34:35.598+0000] {processor.py:183} INFO - Processing /home/airflow/.local/lib/python3.12/site-packages/airflow/example_dags/example_sla_dag.py took 0.143 seconds
[2026-05-01T13:35:05.762+0000] {processor.py:161} INFO - Started process (PID=1227) to work on /home/airflow/.local/lib/python3.12/site-packages/airflow/example_dags/example_sla_dag.py
[2026-05-01T13:35:05.765+0000] {processor.py:830} INFO - Processing file /home/airflow/.local/lib/python3.12/site-packages/airflow/example_dags/example_sla_dag.py for tasks to queue
[2026-05-01T13:35:05.769+0000] {logging_mixin.py:188} INFO - [2026-05-01T13:35:05.769+0000] {dagbag.py:545} INFO - Filling up the DagBag from /home/airflow/.local/lib/python3.12/site-packages/airflow/example_dags/example_sla_dag.py
[2026-05-01T13:35:05.797+0000] {processor.py:840} INFO - DAG(s) 'example_sla_dag' retrieved from /home/airflow/.local/lib/python3.12/site-packages/airflow/example_dags/example_sla_dag.py
[2026-05-01T13:35:05.835+0000] {logging_mixin.py:188} INFO - [2026-05-01T13:35:05.835+0000] {dag.py:3089} INFO - Sync 1 DAGs
[2026-05-01T13:35:05.893+0000] {logging_mixin.py:188} INFO - [2026-05-01T13:35:05.892+0000] {dag.py:3947} INFO - Setting next_dagrun for example_sla_dag to 2026-05-01 13:32:00+00:00, run_after=2026-05-01 13:34:00+00:00
[2026-05-01T13:35:05.925+0000] {processor.py:183} INFO - Processing /home/airflow/.local/lib/python3.12/site-packages/airflow/example_dags/example_sla_dag.py took 0.178 seconds
[2026-05-01T13:35:36.252+0000] {processor.py:161} INFO - Started process (PID=1285) to work on /home/airflow/.local/lib/python3.12/site-packages/airflow/example_dags/example_sla_dag.py
[2026-05-01T13:35:36.254+0000] {processor.py:830} INFO - Processing file /home/airflow/.local/lib/python3.12/site-packages/airflow/example_dags/example_sla_dag.py for tasks to queue
[2026-05-01T13:35:36.259+0000] {logging_mixin.py:188} INFO - [2026-05-01T13:35:36.258+0000] {dagbag.py:545} INFO - Filling up the DagBag from /home/airflow/.local/lib/python3.12/site-packages/airflow/example_dags/example_sla_dag.py
[2026-05-01T13:35:36.276+0000] {processor.py:840} INFO - DAG(s) 'example_sla_dag' retrieved from /home/airflow/.local/lib/python3.12/site-packages/airflow/example_dags/example_sla_dag.py
[2026-05-01T13:35:36.304+0000] {logging_mixin.py:188} INFO - [2026-05-01T13:35:36.304+0000] {dag.py:3089} INFO - Sync 1 DAGs
[2026-05-01T13:35:36.357+0000] {logging_mixin.py:188} INFO - [2026-05-01T13:35:36.356+0000] {dag.py:3947} INFO - Setting next_dagrun for example_sla_dag to 2026-05-01 13:32:00+00:00, run_after=2026-05-01 13:34:00+00:00
[2026-05-01T13:35:36.385+0000] {processor.py:183} INFO - Processing /home/airflow/.local/lib/python3.12/site-packages/airflow/example_dags/example_sla_dag.py took 0.144 seconds
[2026-05-01T13:36:06.787+0000] {processor.py:161} INFO - Started process (PID=1343) to work on /home/airflow/.local/lib/python3.12/site-packages/airflow/example_dags/example_sla_dag.py
[2026-05-01T13:36:06.791+0000] {processor.py:830} INFO - Processing file /home/airflow/.local/lib/python3.12/site-packages/airflow/example_dags/example_sla_dag.py for tasks to queue
[2026-05-01T13:36:06.801+0000] {logging_mixin.py:188} INFO - [2026-05-01T13:36:06.799+0000] {dagbag.py:545} INFO - Filling up the DagBag from /home/airflow/.local/lib/python3.12/site-packages/airflow/example_dags/example_sla_dag.py
[2026-05-01T13:36:06.825+0000] {processor.py:840} INFO - DAG(s) 'example_sla_dag' retrieved from /home/airflow/.local/lib/python3.12/site-packages/airflow/example_dags/example_sla_dag.py
[2026-05-01T13:36:06.889+0000] {logging_mixin.py:188} INFO - [2026-05-01T13:36:06.888+0000] {dag.py:3089} INFO - Sync 1 DAGs
[2026-05-01T13:36:06.967+0000] {logging_mixin.py:188} INFO - [2026-05-01T13:36:06.967+0000] {dag.py:3947} INFO - Setting next_dagrun for example_sla_dag to 2026-05-01 13:34:00+00:00, run_after=2026-05-01 13:36:00+00:00
[2026-05-01T13:36:07.033+0000] {processor.py:183} INFO - Processing /home/airflow/.local/lib/python3.12/site-packages/airflow/example_dags/example_sla_dag.py took 0.269 seconds
[2026-05-01T13:36:37.563+0000] {processor.py:161} INFO - Started process (PID=1401) to work on /home/airflow/.local/lib/python3.12/site-packages/airflow/example_dags/example_sla_dag.py
[2026-05-01T13:36:37.571+0000] {processor.py:830} INFO - Processing file /home/airflow/.local/lib/python3.12/site-packages/airflow/example_dags/example_sla_dag.py for tasks to queue
[2026-05-01T13:36:37.592+0000] {logging_mixin.py:188} INFO - [2026-05-01T13:36:37.591+0000] {dagbag.py:545} INFO - Filling up the DagBag from /home/airflow/.local/lib/python3.12/site-packages/airflow/example_dags/example_sla_dag.py
[2026-05-01T13:36:37.623+0000] {processor.py:840} INFO - DAG(s) 'example_sla_dag' retrieved from /home/airflow/.local/lib/python3.12/site-packages/airflow/example_dags/example_sla_dag.py
[2026-05-01T13:36:37.673+0000] {logging_mixin.py:188} INFO - [2026-05-01T13:36:37.673+0000] {dag.py:3089} INFO - Sync 1 DAGs
[2026-05-01T13:36:37.730+0000] {logging_mixin.py:188} INFO - [2026-05-01T13:36:37.730+0000] {dag.py:3947} INFO - Setting next_dagrun for example_sla_dag to 2026-05-01 13:34:00+00:00, run_after=2026-05-01 13:36:00+00:00
[2026-05-01T13:36:37.802+0000] {processor.py:183} INFO - Processing /home/airflow/.local/lib/python3.12/site-packages/airflow/example_dags/example_sla_dag.py took 0.275 seconds
[2026-05-01T13:37:08.274+0000] {processor.py:161} INFO - Started process (PID=1459) to work on /home/airflow/.local/lib/python3.12/site-packages/airflow/example_dags/example_sla_dag.py
[2026-05-01T13:37:08.277+0000] {processor.py:830} INFO - Processing file /home/airflow/.local/lib/python3.12/site-packages/airflow/example_dags/example_sla_dag.py for tasks to queue
[2026-05-01T13:37:08.289+0000] {logging_mixin.py:188} INFO - [2026-05-01T13:37:08.280+0000] {dagbag.py:545} INFO - Filling up the DagBag from /home/airflow/.local/lib/python3.12/site-packages/airflow/example_dags/example_sla_dag.py
[2026-05-01T13:37:08.307+0000] {processor.py:840} INFO - DAG(s) 'example_sla_dag' retrieved from /home/airflow/.local/lib/python3.12/site-packages/airflow/example_dags/example_sla_dag.py
[2026-05-01T13:37:08.362+0000] {logging_mixin.py:188} INFO - [2026-05-01T13:37:08.361+0000] {dag.py:3089} INFO - Sync 1 DAGs
[2026-05-01T13:37:08.435+0000] {logging_mixin.py:188} INFO - [2026-05-01T13:37:08.428+0000] {dag.py:3947} INFO - Setting next_dagrun for example_sla_dag to 2026-05-01 13:34:00+00:00, run_after=2026-05-01 13:36:00+00:00
[2026-05-01T13:37:08.490+0000] {processor.py:183} INFO - Processing /home/airflow/.local/lib/python3.12/site-packages/airflow/example_dags/example_sla_dag.py took 0.228 seconds
[2026-05-01T13:37:38.837+0000] {processor.py:161} INFO - Started process (PID=1516) to work on /home/airflow/.local/lib/python3.12/site-packages/airflow/example_dags/example_sla_dag.py
[2026-05-01T13:37:38.840+0000] {processor.py:830} INFO - Processing file /home/airflow/.local/lib/python3.12/site-packages/airflow/example_dags/example_sla_dag.py for tasks to queue
[2026-05-01T13:37:38.846+0000] {logging_mixin.py:188} INFO - [2026-05-01T13:37:38.845+0000] {dagbag.py:545} INFO - Filling up the DagBag from /home/airflow/.local/lib/python3.12/site-packages/airflow/example_dags/example_sla_dag.py
[2026-05-01T13:37:38.866+0000] {processor.py:840} INFO - DAG(s) 'example_sla_dag' retrieved from /home/airflow/.local/lib/python3.12/site-packages/airflow/example_dags/example_sla_dag.py
[2026-05-01T13:37:38.896+0000] {logging_mixin.py:188} INFO - [2026-05-01T13:37:38.896+0000] {dag.py:3089} INFO - Sync 1 DAGs
[2026-05-01T13:37:38.936+0000] {logging_mixin.py:188} INFO - [2026-05-01T13:37:38.936+0000] {dag.py:3947} INFO - Setting next_dagrun for example_sla_dag to 2026-05-01 13:34:00+00:00, run_after=2026-05-01 13:36:00+00:00
[2026-05-01T13:37:38.974+0000] {processor.py:183} INFO - Processing /home/airflow/.local/lib/python3.12/site-packages/airflow/example_dags/example_sla_dag.py took 0.148 seconds
[2026-05-01T13:38:09.755+0000] {processor.py:161} INFO - Started process (PID=1573) to work on /home/airflow/.local/lib/python3.12/site-packages/airflow/example_dags/example_sla_dag.py
[2026-05-01T13:38:09.758+0000] {processor.py:830} INFO - Processing file /home/airflow/.local/lib/python3.12/site-packages/airflow/example_dags/example_sla_dag.py for tasks to queue
[2026-05-01T13:38:09.767+0000] {logging_mixin.py:188} INFO - [2026-05-01T13:38:09.763+0000] {dagbag.py:545} INFO - Filling up the DagBag from /home/airflow/.local/lib/python3.12/site-packages/airflow/example_dags/example_sla_dag.py
[2026-05-01T13:38:09.784+0000] {processor.py:840} INFO - DAG(s) 'example_sla_dag' retrieved from /home/airflow/.local/lib/python3.12/site-packages/airflow/example_dags/example_sla_dag.py
[2026-05-01T13:38:09.817+0000] {logging_mixin.py:188} INFO - [2026-05-01T13:38:09.817+0000] {dag.py:3089} INFO - Sync 1 DAGs
[2026-05-01T13:38:09.867+0000] {logging_mixin.py:188} INFO - [2026-05-01T13:38:09.867+0000] {dag.py:3947} INFO - Setting next_dagrun for example_sla_dag to 2026-05-01 13:36:00+00:00, run_after=2026-05-01 13:38:00+00:00
[2026-05-01T13:38:09.904+0000] {processor.py:183} INFO - Processing /home/airflow/.local/lib/python3.12/site-packages/airflow/example_dags/example_sla_dag.py took 0.160 seconds
[2026-05-01T13:38:40.142+0000] {processor.py:161} INFO - Started process (PID=1630) to work on /home/airflow/.local/lib/python3.12/site-packages/airflow/example_dags/example_sla_dag.py
[2026-05-01T13:38:40.145+0000] {processor.py:830} INFO - Processing file /home/airflow/.local/lib/python3.12/site-packages/airflow/example_dags/example_sla_dag.py for tasks to queue
[2026-05-01T13:38:40.150+0000] {logging_mixin.py:188} INFO - [2026-05-01T13:38:40.149+0000] {dagbag.py:545} INFO - Filling up the DagBag from /home/airflow/.local/lib/python3.12/site-packages/airflow/example_dags/example_sla_dag.py
[2026-05-01T13:38:40.169+0000] {processor.py:840} INFO - DAG(s) 'example_sla_dag' retrieved from /home/airflow/.local/lib/python3.12/site-packages/airflow/example_dags/example_sla_dag.py
[2026-05-01T13:38:40.202+0000] {logging_mixin.py:188} INFO - [2026-05-01T13:38:40.201+0000] {dag.py:3089} INFO - Sync 1 DAGs
[2026-05-01T13:38:40.240+0000] {logging_mixin.py:188} INFO - [2026-05-01T13:38:40.239+0000] {dag.py:3947} INFO - Setting next_dagrun for example_sla_dag to 2026-05-01 13:36:00+00:00, run_after=2026-05-01 13:38:00+00:00
[2026-05-01T13:38:40.476+0000] {processor.py:183} INFO - Processing /home/airflow/.local/lib/python3.12/site-packages/airflow/example_dags/example_sla_dag.py took 0.345 seconds
[2026-05-01T13:39:10.655+0000] {processor.py:161} INFO - Started process (PID=1688) to work on /home/airflow/.local/lib/python3.12/site-packages/airflow/example_dags/example_sla_dag.py
[2026-05-01T13:39:10.658+0000] {processor.py:830} INFO - Processing file /home/airflow/.local/lib/python3.12/site-packages/airflow/example_dags/example_sla_dag.py for tasks to queue
[2026-05-01T13:39:10.664+0000] {logging_mixin.py:188} INFO - [2026-05-01T13:39:10.663+0000] {dagbag.py:545} INFO - Filling up the DagBag from /home/airflow/.local/lib/python3.12/site-packages/airflow/example_dags/example_sla_dag.py
[2026-05-01T13:39:10.699+0000] {processor.py:840} INFO - DAG(s) 'example_sla_dag' retrieved from /home/airflow/.local/lib/python3.12/site-packages/airflow/example_dags/example_sla_dag.py
[2026-05-01T13:39:10.725+0000] {logging_mixin.py:188} INFO - [2026-05-01T13:39:10.725+0000] {dag.py:3089} INFO - Sync 1 DAGs
[2026-05-01T13:39:10.756+0000] {logging_mixin.py:188} INFO - [2026-05-01T13:39:10.756+0000] {dag.py:3947} INFO - Setting next_dagrun for example_sla_dag to 2026-05-01 13:36:00+00:00, run_after=2026-05-01 13:38:00+00:00
[2026-05-01T13:39:10.795+0000] {processor.py:183} INFO - Processing /home/airflow/.local/lib/python3.12/site-packages/airflow/example_dags/example_sla_dag.py took 0.162 seconds
[2026-05-01T13:39:41.807+0000] {processor.py:161} INFO - Started process (PID=1746) to work on /home/airflow/.local/lib/python3.12/site-packages/airflow/example_dags/example_sla_dag.py
[2026-05-01T13:39:41.814+0000] {processor.py:830} INFO - Processing file /home/airflow/.local/lib/python3.12/site-packages/airflow/example_dags/example_sla_dag.py for tasks to queue
[2026-05-01T13:39:41.833+0000] {logging_mixin.py:188} INFO - [2026-05-01T13:39:41.829+0000] {dagbag.py:545} INFO - Filling up the DagBag from /home/airflow/.local/lib/python3.12/site-packages/airflow/example_dags/example_sla_dag.py
[2026-05-01T13:39:41.885+0000] {processor.py:840} INFO - DAG(s) 'example_sla_dag' retrieved from /home/airflow/.local/lib/python3.12/site-packages/airflow/example_dags/example_sla_dag.py
[2026-05-01T13:39:41.988+0000] {logging_mixin.py:188} INFO - [2026-05-01T13:39:41.987+0000] {dag.py:3089} INFO - Sync 1 DAGs
[2026-05-01T13:39:42.064+0000] {logging_mixin.py:188} INFO - [2026-05-01T13:39:42.064+0000] {dag.py:3947} INFO - Setting next_dagrun for example_sla_dag to 2026-05-01 13:36:00+00:00, run_after=2026-05-01 13:38:00+00:00
[2026-05-01T13:39:42.118+0000] {processor.py:183} INFO - Processing /home/airflow/.local/lib/python3.12/site-packages/airflow/example_dags/example_sla_dag.py took 0.330 seconds
[2026-05-01T13:40:12.843+0000] {processor.py:161} INFO - Started process (PID=1804) to work on /home/airflow/.local/lib/python3.12/site-packages/airflow/example_dags/example_sla_dag.py
[2026-05-01T13:40:12.849+0000] {processor.py:830} INFO - Processing file /home/airflow/.local/lib/python3.12/site-packages/airflow/example_dags/example_sla_dag.py for tasks to queue
[2026-05-01T13:40:12.870+0000] {logging_mixin.py:188} INFO - [2026-05-01T13:40:12.863+0000] {dagbag.py:545} INFO - Filling up the DagBag from /home/airflow/.local/lib/python3.12/site-packages/airflow/example_dags/example_sla_dag.py
[2026-05-01T13:40:12.912+0000] {processor.py:840} INFO - DAG(s) 'example_sla_dag' retrieved from /home/airflow/.local/lib/python3.12/site-packages/airflow/example_dags/example_sla_dag.py
[2026-05-01T13:40:12.951+0000] {logging_mixin.py:188} INFO - [2026-05-01T13:40:12.951+0000] {dag.py:3089} INFO - Sync 1 DAGs
[2026-05-01T13:40:12.997+0000] {logging_mixin.py:188} INFO - [2026-05-01T13:40:12.997+0000] {dag.py:3947} INFO - Setting next_dagrun for example_sla_dag to 2026-05-01 13:38:00+00:00, run_after=2026-05-01 13:40:00+00:00
[2026-05-01T13:40:13.028+0000] {processor.py:183} INFO - Processing /home/airflow/.local/lib/python3.12/site-packages/airflow/example_dags/example_sla_dag.py took 0.217 seconds
[2026-05-01T13:42:33.214+0000] {processor.py:161} INFO - Started process (PID=53) to work on /home/airflow/.local/lib/python3.12/site-packages/airflow/example_dags/example_sla_dag.py
[2026-05-01T13:42:33.225+0000] {processor.py:830} INFO - Processing file /home/airflow/.local/lib/python3.12/site-packages/airflow/example_dags/example_sla_dag.py for tasks to queue
[2026-05-01T13:42:33.246+0000] {logging_mixin.py:188} INFO - [2026-05-01T13:42:33.244+0000] {dagbag.py:545} INFO - Filling up the DagBag from /home/airflow/.local/lib/python3.12/site-packages/airflow/example_dags/example_sla_dag.py
[2026-05-01T13:42:33.361+0000] {processor.py:840} INFO - DAG(s) 'example_sla_dag' retrieved from /home/airflow/.local/lib/python3.12/site-packages/airflow/example_dags/example_sla_dag.py
[2026-05-01T13:42:34.376+0000] {logging_mixin.py:188} INFO - [2026-05-01T13:42:34.376+0000] {dag.py:3089} INFO - Sync 1 DAGs
[2026-05-01T13:42:34.578+0000] {logging_mixin.py:188} INFO - [2026-05-01T13:42:34.573+0000] {dag.py:3947} INFO - Setting next_dagrun for example_sla_dag to 2026-05-01 13:40:00+00:00, run_after=2026-05-01 13:42:00+00:00
[2026-05-01T13:42:34.684+0000] {processor.py:183} INFO - Processing /home/airflow/.local/lib/python3.12/site-packages/airflow/example_dags/example_sla_dag.py took 1.522 seconds
[2026-05-01T13:43:05.539+0000] {processor.py:161} INFO - Started process (PID=111) to work on /home/airflow/.local/lib/python3.12/site-packages/airflow/example_dags/example_sla_dag.py
[2026-05-01T13:43:05.544+0000] {processor.py:830} INFO - Processing file /home/airflow/.local/lib/python3.12/site-packages/airflow/example_dags/example_sla_dag.py for tasks to queue
[2026-05-01T13:43:05.548+0000] {logging_mixin.py:188} INFO - [2026-05-01T13:43:05.547+0000] {dagbag.py:545} INFO - Filling up the DagBag from /home/airflow/.local/lib/python3.12/site-packages/airflow/example_dags/example_sla_dag.py
[2026-05-01T13:43:05.561+0000] {processor.py:840} INFO - DAG(s) 'example_sla_dag' retrieved from /home/airflow/.local/lib/python3.12/site-packages/airflow/example_dags/example_sla_dag.py
[2026-05-01T13:43:05.589+0000] {logging_mixin.py:188} INFO - [2026-05-01T13:43:05.588+0000] {dag.py:3089} INFO - Sync 1 DAGs
[2026-05-01T13:43:05.624+0000] {logging_mixin.py:188} INFO - [2026-05-01T13:43:05.624+0000] {dag.py:3947} INFO - Setting next_dagrun for example_sla_dag to 2026-05-01 13:40:00+00:00, run_after=2026-05-01 13:42:00+00:00
[2026-05-01T13:43:05.654+0000] {processor.py:183} INFO - Processing /home/airflow/.local/lib/python3.12/site-packages/airflow/example_dags/example_sla_dag.py took 0.124 seconds
[2026-05-01T13:43:36.103+0000] {processor.py:161} INFO - Started process (PID=169) to work on /home/airflow/.local/lib/python3.12/site-packages/airflow/example_dags/example_sla_dag.py
[2026-05-01T13:43:36.111+0000] {processor.py:830} INFO - Processing file /home/airflow/.local/lib/python3.12/site-packages/airflow/example_dags/example_sla_dag.py for tasks to queue
[2026-05-01T13:43:36.132+0000] {logging_mixin.py:188} INFO - [2026-05-01T13:43:36.121+0000] {dagbag.py:545} INFO - Filling up the DagBag from /home/airflow/.local/lib/python3.12/site-packages/airflow/example_dags/example_sla_dag.py
[2026-05-01T13:43:36.165+0000] {processor.py:840} INFO - DAG(s) 'example_sla_dag' retrieved from /home/airflow/.local/lib/python3.12/site-packages/airflow/example_dags/example_sla_dag.py
[2026-05-01T13:43:36.221+0000] {logging_mixin.py:188} INFO - [2026-05-01T13:43:36.221+0000] {dag.py:3089} INFO - Sync 1 DAGs
[2026-05-01T13:43:36.287+0000] {logging_mixin.py:188} INFO - [2026-05-01T13:43:36.287+0000] {dag.py:3947} INFO - Setting next_dagrun for example_sla_dag to 2026-05-01 13:40:00+00:00, run_after=2026-05-01 13:42:00+00:00
[2026-05-01T13:43:36.349+0000] {processor.py:183} INFO - Processing /home/airflow/.local/lib/python3.12/site-packages/airflow/example_dags/example_sla_dag.py took 0.261 seconds
[2026-05-01T13:44:06.689+0000] {processor.py:161} INFO - Started process (PID=227) to work on /home/airflow/.local/lib/python3.12/site-packages/airflow/example_dags/example_sla_dag.py
[2026-05-01T13:44:06.692+0000] {processor.py:830} INFO - Processing file /home/airflow/.local/lib/python3.12/site-packages/airflow/example_dags/example_sla_dag.py for tasks to queue
[2026-05-01T13:44:06.696+0000] {logging_mixin.py:188} INFO - [2026-05-01T13:44:06.695+0000] {dagbag.py:545} INFO - Filling up the DagBag from /home/airflow/.local/lib/python3.12/site-packages/airflow/example_dags/example_sla_dag.py
[2026-05-01T13:44:06.711+0000] {processor.py:840} INFO - DAG(s) 'example_sla_dag' retrieved from /home/airflow/.local/lib/python3.12/site-packages/airflow/example_dags/example_sla_dag.py
[2026-05-01T13:44:06.736+0000] {logging_mixin.py:188} INFO - [2026-05-01T13:44:06.736+0000] {dag.py:3089} INFO - Sync 1 DAGs
[2026-05-01T13:44:06.770+0000] {logging_mixin.py:188} INFO - [2026-05-01T13:44:06.770+0000] {dag.py:3947} INFO - Setting next_dagrun for example_sla_dag to 2026-05-01 13:42:00+00:00, run_after=2026-05-01 13:44:00+00:00
[2026-05-01T13:44:06.795+0000] {processor.py:183} INFO - Processing /home/airflow/.local/lib/python3.12/site-packages/airflow/example_dags/example_sla_dag.py took 0.115 seconds
[2026-05-01T13:44:37.227+0000] {processor.py:161} INFO - Started process (PID=284) to work on /home/airflow/.local/lib/python3.12/site-packages/airflow/example_dags/example_sla_dag.py
[2026-05-01T13:44:37.238+0000] {processor.py:830} INFO - Processing file /home/airflow/.local/lib/python3.12/site-packages/airflow/example_dags/example_sla_dag.py for tasks to queue
[2026-05-01T13:44:37.271+0000] {logging_mixin.py:188} INFO - [2026-05-01T13:44:37.270+0000] {dagbag.py:545} INFO - Filling up the DagBag from /home/airflow/.local/lib/python3.12/site-packages/airflow/example_dags/example_sla_dag.py
[2026-05-01T13:44:37.287+0000] {processor.py:840} INFO - DAG(s) 'example_sla_dag' retrieved from /home/airflow/.local/lib/python3.12/site-packages/airflow/example_dags/example_sla_dag.py
[2026-05-01T13:44:37.322+0000] {logging_mixin.py:188} INFO - [2026-05-01T13:44:37.322+0000] {dag.py:3089} INFO - Sync 1 DAGs
[2026-05-01T13:44:37.361+0000] {logging_mixin.py:188} INFO - [2026-05-01T13:44:37.361+0000] {dag.py:3947} INFO - Setting next_dagrun for example_sla_dag to 2026-05-01 13:42:00+00:00, run_after=2026-05-01 13:44:00+00:00
[2026-05-01T13:44:37.406+0000] {processor.py:183} INFO - Processing /home/airflow/.local/lib/python3.12/site-packages/airflow/example_dags/example_sla_dag.py took 0.194 seconds
[2026-05-01T13:45:11.324+0000] {processor.py:161} INFO - Started process (PID=342) to work on /home/airflow/.local/lib/python3.12/site-packages/airflow/example_dags/example_sla_dag.py
[2026-05-01T13:45:11.333+0000] {processor.py:830} INFO - Processing file /home/airflow/.local/lib/python3.12/site-packages/airflow/example_dags/example_sla_dag.py for tasks to queue
[2026-05-01T13:45:11.361+0000] {logging_mixin.py:188} INFO - [2026-05-01T13:45:11.358+0000] {dagbag.py:545} INFO - Filling up the DagBag from /home/airflow/.local/lib/python3.12/site-packages/airflow/example_dags/example_sla_dag.py
[2026-05-01T13:45:11.442+0000] {processor.py:840} INFO - DAG(s) 'example_sla_dag' retrieved from /home/airflow/.local/lib/python3.12/site-packages/airflow/example_dags/example_sla_dag.py
[2026-05-01T13:45:11.569+0000] {logging_mixin.py:188} INFO - [2026-05-01T13:45:11.552+0000] {dag.py:3089} INFO - Sync 1 DAGs
[2026-05-01T13:45:11.792+0000] {logging_mixin.py:188} INFO - [2026-05-01T13:45:11.785+0000] {dag.py:3947} INFO - Setting next_dagrun for example_sla_dag to 2026-05-01 13:42:00+00:00, run_after=2026-05-01 13:44:00+00:00
[2026-05-01T13:45:11.957+0000] {processor.py:183} INFO - Processing /home/airflow/.local/lib/python3.12/site-packages/airflow/example_dags/example_sla_dag.py took 0.691 seconds
[2026-05-01T13:45:42.943+0000] {processor.py:161} INFO - Started process (PID=398) to work on /home/airflow/.local/lib/python3.12/site-packages/airflow/example_dags/example_sla_dag.py
[2026-05-01T13:45:43.018+0000] {processor.py:830} INFO - Processing file /home/airflow/.local/lib/python3.12/site-packages/airflow/example_dags/example_sla_dag.py for tasks to queue
[2026-05-01T13:45:43.026+0000] {logging_mixin.py:188} INFO - [2026-05-01T13:45:43.025+0000] {dagbag.py:545} INFO - Filling up the DagBag from /home/airflow/.local/lib/python3.12/site-packages/airflow/example_dags/example_sla_dag.py
[2026-05-01T13:45:43.095+0000] {processor.py:840} INFO - DAG(s) 'example_sla_dag' retrieved from /home/airflow/.local/lib/python3.12/site-packages/airflow/example_dags/example_sla_dag.py
[2026-05-01T13:45:43.538+0000] {logging_mixin.py:188} INFO - [2026-05-01T13:45:43.538+0000] {dag.py:3089} INFO - Sync 1 DAGs
[2026-05-01T13:45:43.784+0000] {logging_mixin.py:188} INFO - [2026-05-01T13:45:43.783+0000] {dag.py:3947} INFO - Setting next_dagrun for example_sla_dag to 2026-05-01 13:42:00+00:00, run_after=2026-05-01 13:44:00+00:00
[2026-05-01T13:45:43.869+0000] {processor.py:183} INFO - Processing /home/airflow/.local/lib/python3.12/site-packages/airflow/example_dags/example_sla_dag.py took 1.040 seconds
[2026-05-01T13:46:14.271+0000] {processor.py:161} INFO - Started process (PID=456) to work on /home/airflow/.local/lib/python3.12/site-packages/airflow/example_dags/example_sla_dag.py
[2026-05-01T13:46:14.276+0000] {processor.py:830} INFO - Processing file /home/airflow/.local/lib/python3.12/site-packages/airflow/example_dags/example_sla_dag.py for tasks to queue
[2026-05-01T13:46:14.283+0000] {logging_mixin.py:188} INFO - [2026-05-01T13:46:14.283+0000] {dagbag.py:545} INFO - Filling up the DagBag from /home/airflow/.local/lib/python3.12/site-packages/airflow/example_dags/example_sla_dag.py
[2026-05-01T13:46:14.300+0000] {processor.py:840} INFO - DAG(s) 'example_sla_dag' retrieved from /home/airflow/.local/lib/python3.12/site-packages/airflow/example_dags/example_sla_dag.py
[2026-05-01T13:46:14.339+0000] {logging_mixin.py:188} INFO - [2026-05-01T13:46:14.339+0000] {dag.py:3089} INFO - Sync 1 DAGs
[2026-05-01T13:46:14.378+0000] {logging_mixin.py:188} INFO - [2026-05-01T13:46:14.377+0000] {dag.py:3947} INFO - Setting next_dagrun for example_sla_dag to 2026-05-01 13:44:00+00:00, run_after=2026-05-01 13:46:00+00:00
[2026-05-01T13:46:14.409+0000] {processor.py:183} INFO - Processing /home/airflow/.local/lib/python3.12/site-packages/airflow/example_dags/example_sla_dag.py took 0.152 seconds
[2026-05-01T13:46:44.743+0000] {processor.py:161} INFO - Started process (PID=514) to work on /home/airflow/.local/lib/python3.12/site-packages/airflow/example_dags/example_sla_dag.py
[2026-05-01T13:46:44.746+0000] {processor.py:830} INFO - Processing file /home/airflow/.local/lib/python3.12/site-packages/airflow/example_dags/example_sla_dag.py for tasks to queue
[2026-05-01T13:46:44.755+0000] {logging_mixin.py:188} INFO - [2026-05-01T13:46:44.755+0000] {dagbag.py:545} INFO - Filling up the DagBag from /home/airflow/.local/lib/python3.12/site-packages/airflow/example_dags/example_sla_dag.py
[2026-05-01T13:46:44.775+0000] {processor.py:840} INFO - DAG(s) 'example_sla_dag' retrieved from /home/airflow/.local/lib/python3.12/site-packages/airflow/example_dags/example_sla_dag.py
[2026-05-01T13:46:44.815+0000] {logging_mixin.py:188} INFO - [2026-05-01T13:46:44.814+0000] {dag.py:3089} INFO - Sync 1 DAGs
[2026-05-01T13:46:44.879+0000] {logging_mixin.py:188} INFO - [2026-05-01T13:46:44.878+0000] {dag.py:3947} INFO - Setting next_dagrun for example_sla_dag to 2026-05-01 13:44:00+00:00, run_after=2026-05-01 13:46:00+00:00
[2026-05-01T13:46:44.914+0000] {processor.py:183} INFO - Processing /home/airflow/.local/lib/python3.12/site-packages/airflow/example_dags/example_sla_dag.py took 0.187 seconds
[2026-05-01T13:47:15.171+0000] {processor.py:161} INFO - Started process (PID=572) to work on /home/airflow/.local/lib/python3.12/site-packages/airflow/example_dags/example_sla_dag.py
[2026-05-01T13:47:15.180+0000] {processor.py:830} INFO - Processing file /home/airflow/.local/lib/python3.12/site-packages/airflow/example_dags/example_sla_dag.py for tasks to queue
[2026-05-01T13:47:15.199+0000] {logging_mixin.py:188} INFO - [2026-05-01T13:47:15.195+0000] {dagbag.py:545} INFO - Filling up the DagBag from /home/airflow/.local/lib/python3.12/site-packages/airflow/example_dags/example_sla_dag.py
[2026-05-01T13:47:15.250+0000] {processor.py:840} INFO - DAG(s) 'example_sla_dag' retrieved from /home/airflow/.local/lib/python3.12/site-packages/airflow/example_dags/example_sla_dag.py
[2026-05-01T13:47:15.301+0000] {logging_mixin.py:188} INFO - [2026-05-01T13:47:15.300+0000] {dag.py:3089} INFO - Sync 1 DAGs
[2026-05-01T13:47:15.375+0000] {logging_mixin.py:188} INFO - [2026-05-01T13:47:15.375+0000] {dag.py:3947} INFO - Setting next_dagrun for example_sla_dag to 2026-05-01 13:44:00+00:00, run_after=2026-05-01 13:46:00+00:00
[2026-05-01T13:47:15.713+0000] {processor.py:183} INFO - Processing /home/airflow/.local/lib/python3.12/site-packages/airflow/example_dags/example_sla_dag.py took 0.571 seconds
[2026-05-01T13:47:46.594+0000] {processor.py:161} INFO - Started process (PID=631) to work on /home/airflow/.local/lib/python3.12/site-packages/airflow/example_dags/example_sla_dag.py
[2026-05-01T13:47:46.598+0000] {processor.py:830} INFO - Processing file /home/airflow/.local/lib/python3.12/site-packages/airflow/example_dags/example_sla_dag.py for tasks to queue
[2026-05-01T13:47:46.605+0000] {logging_mixin.py:188} INFO - [2026-05-01T13:47:46.604+0000] {dagbag.py:545} INFO - Filling up the DagBag from /home/airflow/.local/lib/python3.12/site-packages/airflow/example_dags/example_sla_dag.py
[2026-05-01T13:47:46.626+0000] {processor.py:840} INFO - DAG(s) 'example_sla_dag' retrieved from /home/airflow/.local/lib/python3.12/site-packages/airflow/example_dags/example_sla_dag.py
[2026-05-01T13:47:46.676+0000] {logging_mixin.py:188} INFO - [2026-05-01T13:47:46.676+0000] {dag.py:3089} INFO - Sync 1 DAGs
[2026-05-01T13:47:46.751+0000] {logging_mixin.py:188} INFO - [2026-05-01T13:47:46.751+0000] {dag.py:3947} INFO - Setting next_dagrun for example_sla_dag to 2026-05-01 13:44:00+00:00, run_after=2026-05-01 13:46:00+00:00
[2026-05-01T13:47:46.794+0000] {processor.py:183} INFO - Processing /home/airflow/.local/lib/python3.12/site-packages/airflow/example_dags/example_sla_dag.py took 0.213 seconds
[2026-05-01T13:48:17.685+0000] {processor.py:161} INFO - Started process (PID=688) to work on /home/airflow/.local/lib/python3.12/site-packages/airflow/example_dags/example_sla_dag.py
[2026-05-01T13:48:17.687+0000] {processor.py:830} INFO - Processing file /home/airflow/.local/lib/python3.12/site-packages/airflow/example_dags/example_sla_dag.py for tasks to queue
[2026-05-01T13:48:17.691+0000] {logging_mixin.py:188} INFO - [2026-05-01T13:48:17.690+0000] {dagbag.py:545} INFO - Filling up the DagBag from /home/airflow/.local/lib/python3.12/site-packages/airflow/example_dags/example_sla_dag.py
[2026-05-01T13:48:17.709+0000] {processor.py:840} INFO - DAG(s) 'example_sla_dag' retrieved from /home/airflow/.local/lib/python3.12/site-packages/airflow/example_dags/example_sla_dag.py
[2026-05-01T13:48:17.742+0000] {logging_mixin.py:188} INFO - [2026-05-01T13:48:17.742+0000] {dag.py:3089} INFO - Sync 1 DAGs
[2026-05-01T13:48:17.782+0000] {logging_mixin.py:188} INFO - [2026-05-01T13:48:17.782+0000] {dag.py:3947} INFO - Setting next_dagrun for example_sla_dag to 2026-05-01 13:46:00+00:00, run_after=2026-05-01 13:48:00+00:00
[2026-05-01T13:48:17.813+0000] {processor.py:183} INFO - Processing /home/airflow/.local/lib/python3.12/site-packages/airflow/example_dags/example_sla_dag.py took 0.148 seconds
[2026-05-01T13:48:48.283+0000] {processor.py:161} INFO - Started process (PID=745) to work on /home/airflow/.local/lib/python3.12/site-packages/airflow/example_dags/example_sla_dag.py
[2026-05-01T13:48:48.286+0000] {processor.py:830} INFO - Processing file /home/airflow/.local/lib/python3.12/site-packages/airflow/example_dags/example_sla_dag.py for tasks to queue
[2026-05-01T13:48:48.292+0000] {logging_mixin.py:188} INFO - [2026-05-01T13:48:48.291+0000] {dagbag.py:545} INFO - Filling up the DagBag from /home/airflow/.local/lib/python3.12/site-packages/airflow/example_dags/example_sla_dag.py
[2026-05-01T13:48:48.314+0000] {processor.py:840} INFO - DAG(s) 'example_sla_dag' retrieved from /home/airflow/.local/lib/python3.12/site-packages/airflow/example_dags/example_sla_dag.py
[2026-05-01T13:48:48.355+0000] {logging_mixin.py:188} INFO - [2026-05-01T13:48:48.355+0000] {dag.py:3089} INFO - Sync 1 DAGs
[2026-05-01T13:48:48.399+0000] {logging_mixin.py:188} INFO - [2026-05-01T13:48:48.398+0000] {dag.py:3947} INFO - Setting next_dagrun for example_sla_dag to 2026-05-01 13:46:00+00:00, run_after=2026-05-01 13:48:00+00:00
[2026-05-01T13:48:48.425+0000] {processor.py:183} INFO - Processing /home/airflow/.local/lib/python3.12/site-packages/airflow/example_dags/example_sla_dag.py took 0.157 seconds
[2026-05-01T13:49:18.588+0000] {processor.py:161} INFO - Started process (PID=803) to work on /home/airflow/.local/lib/python3.12/site-packages/airflow/example_dags/example_sla_dag.py
[2026-05-01T13:49:18.592+0000] {processor.py:830} INFO - Processing file /home/airflow/.local/lib/python3.12/site-packages/airflow/example_dags/example_sla_dag.py for tasks to queue
[2026-05-01T13:49:18.603+0000] {logging_mixin.py:188} INFO - [2026-05-01T13:49:18.602+0000] {dagbag.py:545} INFO - Filling up the DagBag from /home/airflow/.local/lib/python3.12/site-packages/airflow/example_dags/example_sla_dag.py
[2026-05-01T13:49:18.628+0000] {processor.py:840} INFO - DAG(s) 'example_sla_dag' retrieved from /home/airflow/.local/lib/python3.12/site-packages/airflow/example_dags/example_sla_dag.py
[2026-05-01T13:49:18.676+0000] {logging_mixin.py:188} INFO - [2026-05-01T13:49:18.675+0000] {dag.py:3089} INFO - Sync 1 DAGs
[2026-05-01T13:49:18.739+0000] {logging_mixin.py:188} INFO - [2026-05-01T13:49:18.739+0000] {dag.py:3947} INFO - Setting next_dagrun for example_sla_dag to 2026-05-01 13:46:00+00:00, run_after=2026-05-01 13:48:00+00:00
[2026-05-01T13:49:18.800+0000] {processor.py:183} INFO - Processing /home/airflow/.local/lib/python3.12/site-packages/airflow/example_dags/example_sla_dag.py took 0.240 seconds
[2026-05-01T13:49:49.809+0000] {processor.py:161} INFO - Started process (PID=861) to work on /home/airflow/.local/lib/python3.12/site-packages/airflow/example_dags/example_sla_dag.py
[2026-05-01T13:49:49.813+0000] {processor.py:830} INFO - Processing file /home/airflow/.local/lib/python3.12/site-packages/airflow/example_dags/example_sla_dag.py for tasks to queue
[2026-05-01T13:49:49.820+0000] {logging_mixin.py:188} INFO - [2026-05-01T13:49:49.819+0000] {dagbag.py:545} INFO - Filling up the DagBag from /home/airflow/.local/lib/python3.12/site-packages/airflow/example_dags/example_sla_dag.py
[2026-05-01T13:49:49.848+0000] {processor.py:840} INFO - DAG(s) 'example_sla_dag' retrieved from /home/airflow/.local/lib/python3.12/site-packages/airflow/example_dags/example_sla_dag.py
[2026-05-01T13:49:49.938+0000] {logging_mixin.py:188} INFO - [2026-05-01T13:49:49.938+0000] {dag.py:3089} INFO - Sync 1 DAGs
[2026-05-01T13:49:50.017+0000] {logging_mixin.py:188} INFO - [2026-05-01T13:49:50.017+0000] {dag.py:3947} INFO - Setting next_dagrun for example_sla_dag to 2026-05-01 13:46:00+00:00, run_after=2026-05-01 13:48:00+00:00
[2026-05-01T13:49:50.040+0000] {processor.py:183} INFO - Processing /home/airflow/.local/lib/python3.12/site-packages/airflow/example_dags/example_sla_dag.py took 0.268 seconds
[2026-05-01T13:50:20.646+0000] {processor.py:161} INFO - Started process (PID=918) to work on /home/airflow/.local/lib/python3.12/site-packages/airflow/example_dags/example_sla_dag.py
[2026-05-01T13:50:20.657+0000] {processor.py:830} INFO - Processing file /home/airflow/.local/lib/python3.12/site-packages/airflow/example_dags/example_sla_dag.py for tasks to queue
[2026-05-01T13:50:20.674+0000] {logging_mixin.py:188} INFO - [2026-05-01T13:50:20.674+0000] {dagbag.py:545} INFO - Filling up the DagBag from /home/airflow/.local/lib/python3.12/site-packages/airflow/example_dags/example_sla_dag.py
[2026-05-01T13:50:20.735+0000] {processor.py:840} INFO - DAG(s) 'example_sla_dag' retrieved from /home/airflow/.local/lib/python3.12/site-packages/airflow/example_dags/example_sla_dag.py
[2026-05-01T13:50:20.788+0000] {logging_mixin.py:188} INFO - [2026-05-01T13:50:20.787+0000] {dag.py:3089} INFO - Sync 1 DAGs
[2026-05-01T13:50:20.859+0000] {logging_mixin.py:188} INFO - [2026-05-01T13:50:20.859+0000] {dag.py:3947} INFO - Setting next_dagrun for example_sla_dag to 2026-05-01 13:48:00+00:00, run_after=2026-05-01 13:50:00+00:00
[2026-05-01T13:50:20.888+0000] {processor.py:183} INFO - Processing /home/airflow/.local/lib/python3.12/site-packages/airflow/example_dags/example_sla_dag.py took 0.326 seconds
[2026-05-01T13:50:51.831+0000] {processor.py:161} INFO - Started process (PID=975) to work on /home/airflow/.local/lib/python3.12/site-packages/airflow/example_dags/example_sla_dag.py
[2026-05-01T13:50:51.834+0000] {processor.py:830} INFO - Processing file /home/airflow/.local/lib/python3.12/site-packages/airflow/example_dags/example_sla_dag.py for tasks to queue
[2026-05-01T13:50:51.844+0000] {logging_mixin.py:188} INFO - [2026-05-01T13:50:51.843+0000] {dagbag.py:545} INFO - Filling up the DagBag from /home/airflow/.local/lib/python3.12/site-packages/airflow/example_dags/example_sla_dag.py
[2026-05-01T13:50:51.866+0000] {processor.py:840} INFO - DAG(s) 'example_sla_dag' retrieved from /home/airflow/.local/lib/python3.12/site-packages/airflow/example_dags/example_sla_dag.py
[2026-05-01T13:50:51.909+0000] {logging_mixin.py:188} INFO - [2026-05-01T13:50:51.909+0000] {dag.py:3089} INFO - Sync 1 DAGs
[2026-05-01T13:50:51.965+0000] {logging_mixin.py:188} INFO - [2026-05-01T13:50:51.964+0000] {dag.py:3947} INFO - Setting next_dagrun for example_sla_dag to 2026-05-01 13:48:00+00:00, run_after=2026-05-01 13:50:00+00:00
[2026-05-01T13:50:52.009+0000] {processor.py:183} INFO - Processing /home/airflow/.local/lib/python3.12/site-packages/airflow/example_dags/example_sla_dag.py took 0.209 seconds
[2026-05-01T13:51:22.250+0000] {processor.py:161} INFO - Started process (PID=1032) to work on /home/airflow/.local/lib/python3.12/site-packages/airflow/example_dags/example_sla_dag.py
[2026-05-01T13:51:22.258+0000] {processor.py:830} INFO - Processing file /home/airflow/.local/lib/python3.12/site-packages/airflow/example_dags/example_sla_dag.py for tasks to queue
[2026-05-01T13:51:22.279+0000] {logging_mixin.py:188} INFO - [2026-05-01T13:51:22.274+0000] {dagbag.py:545} INFO - Filling up the DagBag from /home/airflow/.local/lib/python3.12/site-packages/airflow/example_dags/example_sla_dag.py
[2026-05-01T13:51:22.330+0000] {processor.py:840} INFO - DAG(s) 'example_sla_dag' retrieved from /home/airflow/.local/lib/python3.12/site-packages/airflow/example_dags/example_sla_dag.py
[2026-05-01T13:51:22.373+0000] {logging_mixin.py:188} INFO - [2026-05-01T13:51:22.373+0000] {dag.py:3089} INFO - Sync 1 DAGs
[2026-05-01T13:51:22.429+0000] {logging_mixin.py:188} INFO - [2026-05-01T13:51:22.424+0000] {dag.py:3947} INFO - Setting next_dagrun for example_sla_dag to 2026-05-01 13:48:00+00:00, run_after=2026-05-01 13:50:00+00:00
[2026-05-01T13:51:22.490+0000] {processor.py:183} INFO - Processing /home/airflow/.local/lib/python3.12/site-packages/airflow/example_dags/example_sla_dag.py took 0.267 seconds
[2026-05-01T13:51:52.748+0000] {processor.py:161} INFO - Started process (PID=1090) to work on /home/airflow/.local/lib/python3.12/site-packages/airflow/example_dags/example_sla_dag.py
[2026-05-01T13:51:52.754+0000] {processor.py:830} INFO - Processing file /home/airflow/.local/lib/python3.12/site-packages/airflow/example_dags/example_sla_dag.py for tasks to queue
[2026-05-01T13:51:52.838+0000] {logging_mixin.py:188} INFO - [2026-05-01T13:51:52.799+0000] {dagbag.py:545} INFO - Filling up the DagBag from /home/airflow/.local/lib/python3.12/site-packages/airflow/example_dags/example_sla_dag.py
[2026-05-01T13:51:52.875+0000] {processor.py:840} INFO - DAG(s) 'example_sla_dag' retrieved from /home/airflow/.local/lib/python3.12/site-packages/airflow/example_dags/example_sla_dag.py
[2026-05-01T13:51:52.920+0000] {logging_mixin.py:188} INFO - [2026-05-01T13:51:52.920+0000] {dag.py:3089} INFO - Sync 1 DAGs
[2026-05-01T13:51:52.959+0000] {logging_mixin.py:188} INFO - [2026-05-01T13:51:52.959+0000] {dag.py:3947} INFO - Setting next_dagrun for example_sla_dag to 2026-05-01 13:48:00+00:00, run_after=2026-05-01 13:50:00+00:00
[2026-05-01T13:51:52.990+0000] {processor.py:183} INFO - Processing /home/airflow/.local/lib/python3.12/site-packages/airflow/example_dags/example_sla_dag.py took 0.255 seconds
[2026-05-01T13:52:23.335+0000] {processor.py:161} INFO - Started process (PID=1147) to work on /home/airflow/.local/lib/python3.12/site-packages/airflow/example_dags/example_sla_dag.py
[2026-05-01T13:52:23.340+0000] {processor.py:830} INFO - Processing file /home/airflow/.local/lib/python3.12/site-packages/airflow/example_dags/example_sla_dag.py for tasks to queue
[2026-05-01T13:52:23.346+0000] {logging_mixin.py:188} INFO - [2026-05-01T13:52:23.346+0000] {dagbag.py:545} INFO - Filling up the DagBag from /home/airflow/.local/lib/python3.12/site-packages/airflow/example_dags/example_sla_dag.py
[2026-05-01T13:52:23.378+0000] {processor.py:840} INFO - DAG(s) 'example_sla_dag' retrieved from /home/airflow/.local/lib/python3.12/site-packages/airflow/example_dags/example_sla_dag.py
[2026-05-01T13:52:23.417+0000] {logging_mixin.py:188} INFO - [2026-05-01T13:52:23.416+0000] {dag.py:3089} INFO - Sync 1 DAGs
[2026-05-01T13:52:23.464+0000] {logging_mixin.py:188} INFO - [2026-05-01T13:52:23.463+0000] {dag.py:3947} INFO - Setting next_dagrun for example_sla_dag to 2026-05-01 13:50:00+00:00, run_after=2026-05-01 13:52:00+00:00
[2026-05-01T13:52:23.496+0000] {processor.py:183} INFO - Processing /home/airflow/.local/lib/python3.12/site-packages/airflow/example_dags/example_sla_dag.py took 0.176 seconds
[2026-05-01T13:52:53.852+0000] {processor.py:161} INFO - Started process (PID=1204) to work on /home/airflow/.local/lib/python3.12/site-packages/airflow/example_dags/example_sla_dag.py
[2026-05-01T13:52:53.857+0000] {processor.py:830} INFO - Processing file /home/airflow/.local/lib/python3.12/site-packages/airflow/example_dags/example_sla_dag.py for tasks to queue
[2026-05-01T13:52:53.869+0000] {logging_mixin.py:188} INFO - [2026-05-01T13:52:53.867+0000] {dagbag.py:545} INFO - Filling up the DagBag from /home/airflow/.local/lib/python3.12/site-packages/airflow/example_dags/example_sla_dag.py
[2026-05-01T13:52:53.920+0000] {processor.py:840} INFO - DAG(s) 'example_sla_dag' retrieved from /home/airflow/.local/lib/python3.12/site-packages/airflow/example_dags/example_sla_dag.py
[2026-05-01T13:52:54.092+0000] {logging_mixin.py:188} INFO - [2026-05-01T13:52:54.091+0000] {dag.py:3089} INFO - Sync 1 DAGs
[2026-05-01T13:52:54.199+0000] {logging_mixin.py:188} INFO - [2026-05-01T13:52:54.198+0000] {dag.py:3947} INFO - Setting next_dagrun for example_sla_dag to 2026-05-01 13:50:00+00:00, run_after=2026-05-01 13:52:00+00:00
[2026-05-01T13:52:54.299+0000] {processor.py:183} INFO - Processing /home/airflow/.local/lib/python3.12/site-packages/airflow/example_dags/example_sla_dag.py took 0.491 seconds
[2026-05-01T13:53:24.377+0000] {processor.py:161} INFO - Started process (PID=1262) to work on /home/airflow/.local/lib/python3.12/site-packages/airflow/example_dags/example_sla_dag.py
[2026-05-01T13:53:24.380+0000] {processor.py:830} INFO - Processing file /home/airflow/.local/lib/python3.12/site-packages/airflow/example_dags/example_sla_dag.py for tasks to queue
[2026-05-01T13:53:24.390+0000] {logging_mixin.py:188} INFO - [2026-05-01T13:53:24.390+0000] {dagbag.py:545} INFO - Filling up the DagBag from /home/airflow/.local/lib/python3.12/site-packages/airflow/example_dags/example_sla_dag.py
[2026-05-01T13:53:24.420+0000] {processor.py:840} INFO - DAG(s) 'example_sla_dag' retrieved from /home/airflow/.local/lib/python3.12/site-packages/airflow/example_dags/example_sla_dag.py
[2026-05-01T13:53:24.471+0000] {logging_mixin.py:188} INFO - [2026-05-01T13:53:24.471+0000] {dag.py:3089} INFO - Sync 1 DAGs
[2026-05-01T13:53:24.539+0000] {logging_mixin.py:188} INFO - [2026-05-01T13:53:24.539+0000] {dag.py:3947} INFO - Setting next_dagrun for example_sla_dag to 2026-05-01 13:50:00+00:00, run_after=2026-05-01 13:52:00+00:00
[2026-05-01T13:53:24.623+0000] {processor.py:183} INFO - Processing /home/airflow/.local/lib/python3.12/site-packages/airflow/example_dags/example_sla_dag.py took 0.266 seconds
