[2026-05-01T13:24:20.336+0000] {processor.py:161} INFO - Started process (PID=58) to work on /home/airflow/.local/lib/python3.12/site-packages/airflow/example_dags/example_skip_dag.py
[2026-05-01T13:24:20.341+0000] {processor.py:830} INFO - Processing file /home/airflow/.local/lib/python3.12/site-packages/airflow/example_dags/example_skip_dag.py for tasks to queue
[2026-05-01T13:24:20.354+0000] {logging_mixin.py:188} INFO - [2026-05-01T13:24:20.354+0000] {dagbag.py:545} INFO - Filling up the DagBag from /home/airflow/.local/lib/python3.12/site-packages/airflow/example_dags/example_skip_dag.py
[2026-05-01T13:24:20.442+0000] {processor.py:840} INFO - DAG(s) 'example_skip_dag' retrieved from /home/airflow/.local/lib/python3.12/site-packages/airflow/example_dags/example_skip_dag.py
[2026-05-01T13:24:21.520+0000] {logging_mixin.py:188} INFO - [2026-05-01T13:24:21.519+0000] {override.py:1858} INFO - Created Permission View: can delete on DAG:example_skip_dag
[2026-05-01T13:24:21.569+0000] {logging_mixin.py:188} INFO - [2026-05-01T13:24:21.566+0000] {override.py:1858} INFO - Created Permission View: can edit on DAG:example_skip_dag
[2026-05-01T13:24:21.608+0000] {logging_mixin.py:188} INFO - [2026-05-01T13:24:21.608+0000] {override.py:1858} INFO - Created Permission View: can read on DAG:example_skip_dag
[2026-05-01T13:24:21.612+0000] {logging_mixin.py:188} INFO - [2026-05-01T13:24:21.611+0000] {dag.py:3089} INFO - Sync 1 DAGs
[2026-05-01T13:24:21.694+0000] {logging_mixin.py:188} INFO - [2026-05-01T13:24:21.685+0000] {dag.py:3111} INFO - Creating ORM DAG for example_skip_dag
[2026-05-01T13:24:21.779+0000] {logging_mixin.py:188} INFO - [2026-05-01T13:24:21.779+0000] {dag.py:3947} INFO - Setting next_dagrun for example_skip_dag to 2026-04-30 00:00:00+00:00, run_after=2026-05-01 00:00:00+00:00
[2026-05-01T13:24:21.872+0000] {processor.py:183} INFO - Processing /home/airflow/.local/lib/python3.12/site-packages/airflow/example_dags/example_skip_dag.py took 1.598 seconds
[2026-05-01T13:25:17.123+0000] {processor.py:161} INFO - Started process (PID=121) to work on /home/airflow/.local/lib/python3.12/site-packages/airflow/example_dags/example_skip_dag.py
[2026-05-01T13:25:17.128+0000] {processor.py:830} INFO - Processing file /home/airflow/.local/lib/python3.12/site-packages/airflow/example_dags/example_skip_dag.py for tasks to queue
[2026-05-01T13:25:17.145+0000] {logging_mixin.py:188} INFO - [2026-05-01T13:25:17.144+0000] {dagbag.py:545} INFO - Filling up the DagBag from /home/airflow/.local/lib/python3.12/site-packages/airflow/example_dags/example_skip_dag.py
[2026-05-01T13:25:17.176+0000] {processor.py:840} INFO - DAG(s) 'example_skip_dag' retrieved from /home/airflow/.local/lib/python3.12/site-packages/airflow/example_dags/example_skip_dag.py
[2026-05-01T13:25:17.216+0000] {logging_mixin.py:188} INFO - [2026-05-01T13:25:17.216+0000] {dag.py:3089} INFO - Sync 1 DAGs
[2026-05-01T13:25:17.280+0000] {logging_mixin.py:188} INFO - [2026-05-01T13:25:17.280+0000] {dag.py:3947} INFO - Setting next_dagrun for example_skip_dag to 2026-04-30 00:00:00+00:00, run_after=2026-05-01 00:00:00+00:00
[2026-05-01T13:25:17.346+0000] {processor.py:183} INFO - Processing /home/airflow/.local/lib/python3.12/site-packages/airflow/example_dags/example_skip_dag.py took 0.267 seconds
[2026-05-01T13:25:47.668+0000] {processor.py:161} INFO - Started process (PID=177) to work on /home/airflow/.local/lib/python3.12/site-packages/airflow/example_dags/example_skip_dag.py
[2026-05-01T13:25:47.671+0000] {processor.py:830} INFO - Processing file /home/airflow/.local/lib/python3.12/site-packages/airflow/example_dags/example_skip_dag.py for tasks to queue
[2026-05-01T13:25:47.678+0000] {logging_mixin.py:188} INFO - [2026-05-01T13:25:47.677+0000] {dagbag.py:545} INFO - Filling up the DagBag from /home/airflow/.local/lib/python3.12/site-packages/airflow/example_dags/example_skip_dag.py
[2026-05-01T13:25:47.692+0000] {processor.py:840} INFO - DAG(s) 'example_skip_dag' retrieved from /home/airflow/.local/lib/python3.12/site-packages/airflow/example_dags/example_skip_dag.py
[2026-05-01T13:25:47.853+0000] {logging_mixin.py:188} INFO - [2026-05-01T13:25:47.853+0000] {dag.py:3089} INFO - Sync 1 DAGs
[2026-05-01T13:25:47.884+0000] {logging_mixin.py:188} INFO - [2026-05-01T13:25:47.884+0000] {dag.py:3947} INFO - Setting next_dagrun for example_skip_dag to 2026-04-30 00:00:00+00:00, run_after=2026-05-01 00:00:00+00:00
[2026-05-01T13:25:47.912+0000] {processor.py:183} INFO - Processing /home/airflow/.local/lib/python3.12/site-packages/airflow/example_dags/example_skip_dag.py took 0.260 seconds
[2026-05-01T13:26:18.654+0000] {processor.py:161} INFO - Started process (PID=235) to work on /home/airflow/.local/lib/python3.12/site-packages/airflow/example_dags/example_skip_dag.py
[2026-05-01T13:26:18.657+0000] {processor.py:830} INFO - Processing file /home/airflow/.local/lib/python3.12/site-packages/airflow/example_dags/example_skip_dag.py for tasks to queue
[2026-05-01T13:26:18.662+0000] {logging_mixin.py:188} INFO - [2026-05-01T13:26:18.661+0000] {dagbag.py:545} INFO - Filling up the DagBag from /home/airflow/.local/lib/python3.12/site-packages/airflow/example_dags/example_skip_dag.py
[2026-05-01T13:26:18.681+0000] {processor.py:840} INFO - DAG(s) 'example_skip_dag' retrieved from /home/airflow/.local/lib/python3.12/site-packages/airflow/example_dags/example_skip_dag.py
[2026-05-01T13:26:18.720+0000] {logging_mixin.py:188} INFO - [2026-05-01T13:26:18.719+0000] {dag.py:3089} INFO - Sync 1 DAGs
[2026-05-01T13:26:18.770+0000] {logging_mixin.py:188} INFO - [2026-05-01T13:26:18.770+0000] {dag.py:3947} INFO - Setting next_dagrun for example_skip_dag to 2026-04-30 00:00:00+00:00, run_after=2026-05-01 00:00:00+00:00
[2026-05-01T13:26:18.816+0000] {processor.py:183} INFO - Processing /home/airflow/.local/lib/python3.12/site-packages/airflow/example_dags/example_skip_dag.py took 0.173 seconds
[2026-05-01T13:26:48.961+0000] {processor.py:161} INFO - Started process (PID=293) to work on /home/airflow/.local/lib/python3.12/site-packages/airflow/example_dags/example_skip_dag.py
[2026-05-01T13:26:48.964+0000] {processor.py:830} INFO - Processing file /home/airflow/.local/lib/python3.12/site-packages/airflow/example_dags/example_skip_dag.py for tasks to queue
[2026-05-01T13:26:48.980+0000] {logging_mixin.py:188} INFO - [2026-05-01T13:26:48.977+0000] {dagbag.py:545} INFO - Filling up the DagBag from /home/airflow/.local/lib/python3.12/site-packages/airflow/example_dags/example_skip_dag.py
[2026-05-01T13:26:48.993+0000] {processor.py:840} INFO - DAG(s) 'example_skip_dag' retrieved from /home/airflow/.local/lib/python3.12/site-packages/airflow/example_dags/example_skip_dag.py
[2026-05-01T13:26:49.034+0000] {logging_mixin.py:188} INFO - [2026-05-01T13:26:49.034+0000] {dag.py:3089} INFO - Sync 1 DAGs
[2026-05-01T13:26:49.076+0000] {logging_mixin.py:188} INFO - [2026-05-01T13:26:49.076+0000] {dag.py:3947} INFO - Setting next_dagrun for example_skip_dag to 2026-04-30 00:00:00+00:00, run_after=2026-05-01 00:00:00+00:00
[2026-05-01T13:26:49.116+0000] {processor.py:183} INFO - Processing /home/airflow/.local/lib/python3.12/site-packages/airflow/example_dags/example_skip_dag.py took 0.180 seconds
[2026-05-01T13:27:19.590+0000] {processor.py:161} INFO - Started process (PID=351) to work on /home/airflow/.local/lib/python3.12/site-packages/airflow/example_dags/example_skip_dag.py
[2026-05-01T13:27:19.593+0000] {processor.py:830} INFO - Processing file /home/airflow/.local/lib/python3.12/site-packages/airflow/example_dags/example_skip_dag.py for tasks to queue
[2026-05-01T13:27:19.611+0000] {logging_mixin.py:188} INFO - [2026-05-01T13:27:19.605+0000] {dagbag.py:545} INFO - Filling up the DagBag from /home/airflow/.local/lib/python3.12/site-packages/airflow/example_dags/example_skip_dag.py
[2026-05-01T13:27:19.640+0000] {processor.py:840} INFO - DAG(s) 'example_skip_dag' retrieved from /home/airflow/.local/lib/python3.12/site-packages/airflow/example_dags/example_skip_dag.py
[2026-05-01T13:27:19.706+0000] {logging_mixin.py:188} INFO - [2026-05-01T13:27:19.706+0000] {dag.py:3089} INFO - Sync 1 DAGs
[2026-05-01T13:27:19.775+0000] {logging_mixin.py:188} INFO - [2026-05-01T13:27:19.774+0000] {dag.py:3947} INFO - Setting next_dagrun for example_skip_dag to 2026-04-30 00:00:00+00:00, run_after=2026-05-01 00:00:00+00:00
[2026-05-01T13:27:19.813+0000] {processor.py:183} INFO - Processing /home/airflow/.local/lib/python3.12/site-packages/airflow/example_dags/example_skip_dag.py took 0.256 seconds
[2026-05-01T13:27:50.582+0000] {processor.py:161} INFO - Started process (PID=410) to work on /home/airflow/.local/lib/python3.12/site-packages/airflow/example_dags/example_skip_dag.py
[2026-05-01T13:27:50.588+0000] {processor.py:830} INFO - Processing file /home/airflow/.local/lib/python3.12/site-packages/airflow/example_dags/example_skip_dag.py for tasks to queue
[2026-05-01T13:27:50.600+0000] {logging_mixin.py:188} INFO - [2026-05-01T13:27:50.599+0000] {dagbag.py:545} INFO - Filling up the DagBag from /home/airflow/.local/lib/python3.12/site-packages/airflow/example_dags/example_skip_dag.py
[2026-05-01T13:27:50.624+0000] {processor.py:840} INFO - DAG(s) 'example_skip_dag' retrieved from /home/airflow/.local/lib/python3.12/site-packages/airflow/example_dags/example_skip_dag.py
[2026-05-01T13:27:50.744+0000] {logging_mixin.py:188} INFO - [2026-05-01T13:27:50.744+0000] {dag.py:3089} INFO - Sync 1 DAGs
[2026-05-01T13:27:50.832+0000] {logging_mixin.py:188} INFO - [2026-05-01T13:27:50.831+0000] {dag.py:3947} INFO - Setting next_dagrun for example_skip_dag to 2026-04-30 00:00:00+00:00, run_after=2026-05-01 00:00:00+00:00
[2026-05-01T13:27:50.917+0000] {processor.py:183} INFO - Processing /home/airflow/.local/lib/python3.12/site-packages/airflow/example_dags/example_skip_dag.py took 0.360 seconds
[2026-05-01T13:28:21.442+0000] {processor.py:161} INFO - Started process (PID=468) to work on /home/airflow/.local/lib/python3.12/site-packages/airflow/example_dags/example_skip_dag.py
[2026-05-01T13:28:21.446+0000] {processor.py:830} INFO - Processing file /home/airflow/.local/lib/python3.12/site-packages/airflow/example_dags/example_skip_dag.py for tasks to queue
[2026-05-01T13:28:21.452+0000] {logging_mixin.py:188} INFO - [2026-05-01T13:28:21.452+0000] {dagbag.py:545} INFO - Filling up the DagBag from /home/airflow/.local/lib/python3.12/site-packages/airflow/example_dags/example_skip_dag.py
[2026-05-01T13:28:21.465+0000] {processor.py:840} INFO - DAG(s) 'example_skip_dag' retrieved from /home/airflow/.local/lib/python3.12/site-packages/airflow/example_dags/example_skip_dag.py
[2026-05-01T13:28:21.522+0000] {logging_mixin.py:188} INFO - [2026-05-01T13:28:21.521+0000] {dag.py:3089} INFO - Sync 1 DAGs
[2026-05-01T13:28:21.594+0000] {logging_mixin.py:188} INFO - [2026-05-01T13:28:21.594+0000] {dag.py:3947} INFO - Setting next_dagrun for example_skip_dag to 2026-04-30 00:00:00+00:00, run_after=2026-05-01 00:00:00+00:00
[2026-05-01T13:28:21.646+0000] {processor.py:183} INFO - Processing /home/airflow/.local/lib/python3.12/site-packages/airflow/example_dags/example_skip_dag.py took 0.214 seconds
[2026-05-01T13:28:51.777+0000] {processor.py:161} INFO - Started process (PID=526) to work on /home/airflow/.local/lib/python3.12/site-packages/airflow/example_dags/example_skip_dag.py
[2026-05-01T13:28:51.790+0000] {processor.py:830} INFO - Processing file /home/airflow/.local/lib/python3.12/site-packages/airflow/example_dags/example_skip_dag.py for tasks to queue
[2026-05-01T13:28:51.797+0000] {logging_mixin.py:188} INFO - [2026-05-01T13:28:51.796+0000] {dagbag.py:545} INFO - Filling up the DagBag from /home/airflow/.local/lib/python3.12/site-packages/airflow/example_dags/example_skip_dag.py
[2026-05-01T13:28:51.809+0000] {processor.py:840} INFO - DAG(s) 'example_skip_dag' retrieved from /home/airflow/.local/lib/python3.12/site-packages/airflow/example_dags/example_skip_dag.py
[2026-05-01T13:28:51.847+0000] {logging_mixin.py:188} INFO - [2026-05-01T13:28:51.847+0000] {dag.py:3089} INFO - Sync 1 DAGs
[2026-05-01T13:28:51.887+0000] {logging_mixin.py:188} INFO - [2026-05-01T13:28:51.886+0000] {dag.py:3947} INFO - Setting next_dagrun for example_skip_dag to 2026-04-30 00:00:00+00:00, run_after=2026-05-01 00:00:00+00:00
[2026-05-01T13:28:51.916+0000] {processor.py:183} INFO - Processing /home/airflow/.local/lib/python3.12/site-packages/airflow/example_dags/example_skip_dag.py took 0.149 seconds
[2026-05-01T13:29:22.270+0000] {processor.py:161} INFO - Started process (PID=584) to work on /home/airflow/.local/lib/python3.12/site-packages/airflow/example_dags/example_skip_dag.py
[2026-05-01T13:29:22.272+0000] {processor.py:830} INFO - Processing file /home/airflow/.local/lib/python3.12/site-packages/airflow/example_dags/example_skip_dag.py for tasks to queue
[2026-05-01T13:29:22.278+0000] {logging_mixin.py:188} INFO - [2026-05-01T13:29:22.277+0000] {dagbag.py:545} INFO - Filling up the DagBag from /home/airflow/.local/lib/python3.12/site-packages/airflow/example_dags/example_skip_dag.py
[2026-05-01T13:29:22.295+0000] {processor.py:840} INFO - DAG(s) 'example_skip_dag' retrieved from /home/airflow/.local/lib/python3.12/site-packages/airflow/example_dags/example_skip_dag.py
[2026-05-01T13:29:22.339+0000] {logging_mixin.py:188} INFO - [2026-05-01T13:29:22.339+0000] {dag.py:3089} INFO - Sync 1 DAGs
[2026-05-01T13:29:22.392+0000] {logging_mixin.py:188} INFO - [2026-05-01T13:29:22.392+0000] {dag.py:3947} INFO - Setting next_dagrun for example_skip_dag to 2026-04-30 00:00:00+00:00, run_after=2026-05-01 00:00:00+00:00
[2026-05-01T13:29:22.417+0000] {processor.py:183} INFO - Processing /home/airflow/.local/lib/python3.12/site-packages/airflow/example_dags/example_skip_dag.py took 0.157 seconds
[2026-05-01T13:29:52.830+0000] {processor.py:161} INFO - Started process (PID=642) to work on /home/airflow/.local/lib/python3.12/site-packages/airflow/example_dags/example_skip_dag.py
[2026-05-01T13:29:52.833+0000] {processor.py:830} INFO - Processing file /home/airflow/.local/lib/python3.12/site-packages/airflow/example_dags/example_skip_dag.py for tasks to queue
[2026-05-01T13:29:52.841+0000] {logging_mixin.py:188} INFO - [2026-05-01T13:29:52.840+0000] {dagbag.py:545} INFO - Filling up the DagBag from /home/airflow/.local/lib/python3.12/site-packages/airflow/example_dags/example_skip_dag.py
[2026-05-01T13:29:52.859+0000] {processor.py:840} INFO - DAG(s) 'example_skip_dag' retrieved from /home/airflow/.local/lib/python3.12/site-packages/airflow/example_dags/example_skip_dag.py
[2026-05-01T13:29:52.897+0000] {logging_mixin.py:188} INFO - [2026-05-01T13:29:52.897+0000] {dag.py:3089} INFO - Sync 1 DAGs
[2026-05-01T13:29:52.929+0000] {logging_mixin.py:188} INFO - [2026-05-01T13:29:52.928+0000] {dag.py:3947} INFO - Setting next_dagrun for example_skip_dag to 2026-04-30 00:00:00+00:00, run_after=2026-05-01 00:00:00+00:00
[2026-05-01T13:29:52.961+0000] {processor.py:183} INFO - Processing /home/airflow/.local/lib/python3.12/site-packages/airflow/example_dags/example_skip_dag.py took 0.144 seconds
[2026-05-01T13:30:23.479+0000] {processor.py:161} INFO - Started process (PID=700) to work on /home/airflow/.local/lib/python3.12/site-packages/airflow/example_dags/example_skip_dag.py
[2026-05-01T13:30:23.484+0000] {processor.py:830} INFO - Processing file /home/airflow/.local/lib/python3.12/site-packages/airflow/example_dags/example_skip_dag.py for tasks to queue
[2026-05-01T13:30:23.491+0000] {logging_mixin.py:188} INFO - [2026-05-01T13:30:23.491+0000] {dagbag.py:545} INFO - Filling up the DagBag from /home/airflow/.local/lib/python3.12/site-packages/airflow/example_dags/example_skip_dag.py
[2026-05-01T13:30:23.511+0000] {processor.py:840} INFO - DAG(s) 'example_skip_dag' retrieved from /home/airflow/.local/lib/python3.12/site-packages/airflow/example_dags/example_skip_dag.py
[2026-05-01T13:30:23.551+0000] {logging_mixin.py:188} INFO - [2026-05-01T13:30:23.551+0000] {dag.py:3089} INFO - Sync 1 DAGs
[2026-05-01T13:30:23.591+0000] {logging_mixin.py:188} INFO - [2026-05-01T13:30:23.591+0000] {dag.py:3947} INFO - Setting next_dagrun for example_skip_dag to 2026-04-30 00:00:00+00:00, run_after=2026-05-01 00:00:00+00:00
[2026-05-01T13:30:23.665+0000] {processor.py:183} INFO - Processing /home/airflow/.local/lib/python3.12/site-packages/airflow/example_dags/example_skip_dag.py took 0.213 seconds
[2026-05-01T13:30:54.085+0000] {processor.py:161} INFO - Started process (PID=758) to work on /home/airflow/.local/lib/python3.12/site-packages/airflow/example_dags/example_skip_dag.py
[2026-05-01T13:30:54.106+0000] {processor.py:830} INFO - Processing file /home/airflow/.local/lib/python3.12/site-packages/airflow/example_dags/example_skip_dag.py for tasks to queue
[2026-05-01T13:30:54.118+0000] {logging_mixin.py:188} INFO - [2026-05-01T13:30:54.117+0000] {dagbag.py:545} INFO - Filling up the DagBag from /home/airflow/.local/lib/python3.12/site-packages/airflow/example_dags/example_skip_dag.py
[2026-05-01T13:30:54.141+0000] {processor.py:840} INFO - DAG(s) 'example_skip_dag' retrieved from /home/airflow/.local/lib/python3.12/site-packages/airflow/example_dags/example_skip_dag.py
[2026-05-01T13:30:54.260+0000] {logging_mixin.py:188} INFO - [2026-05-01T13:30:54.259+0000] {dag.py:3089} INFO - Sync 1 DAGs
[2026-05-01T13:30:54.332+0000] {logging_mixin.py:188} INFO - [2026-05-01T13:30:54.332+0000] {dag.py:3947} INFO - Setting next_dagrun for example_skip_dag to 2026-04-30 00:00:00+00:00, run_after=2026-05-01 00:00:00+00:00
[2026-05-01T13:30:54.400+0000] {processor.py:183} INFO - Processing /home/airflow/.local/lib/python3.12/site-packages/airflow/example_dags/example_skip_dag.py took 0.347 seconds
[2026-05-01T13:31:24.939+0000] {processor.py:161} INFO - Started process (PID=816) to work on /home/airflow/.local/lib/python3.12/site-packages/airflow/example_dags/example_skip_dag.py
[2026-05-01T13:31:24.943+0000] {processor.py:830} INFO - Processing file /home/airflow/.local/lib/python3.12/site-packages/airflow/example_dags/example_skip_dag.py for tasks to queue
[2026-05-01T13:31:24.961+0000] {logging_mixin.py:188} INFO - [2026-05-01T13:31:24.957+0000] {dagbag.py:545} INFO - Filling up the DagBag from /home/airflow/.local/lib/python3.12/site-packages/airflow/example_dags/example_skip_dag.py
[2026-05-01T13:31:25.021+0000] {processor.py:840} INFO - DAG(s) 'example_skip_dag' retrieved from /home/airflow/.local/lib/python3.12/site-packages/airflow/example_dags/example_skip_dag.py
[2026-05-01T13:31:25.176+0000] {logging_mixin.py:188} INFO - [2026-05-01T13:31:25.173+0000] {dag.py:3089} INFO - Sync 1 DAGs
[2026-05-01T13:31:25.340+0000] {logging_mixin.py:188} INFO - [2026-05-01T13:31:25.339+0000] {dag.py:3947} INFO - Setting next_dagrun for example_skip_dag to 2026-04-30 00:00:00+00:00, run_after=2026-05-01 00:00:00+00:00
[2026-05-01T13:31:25.421+0000] {processor.py:183} INFO - Processing /home/airflow/.local/lib/python3.12/site-packages/airflow/example_dags/example_skip_dag.py took 0.520 seconds
[2026-05-01T13:31:55.497+0000] {processor.py:161} INFO - Started process (PID=874) to work on /home/airflow/.local/lib/python3.12/site-packages/airflow/example_dags/example_skip_dag.py
[2026-05-01T13:31:55.499+0000] {processor.py:830} INFO - Processing file /home/airflow/.local/lib/python3.12/site-packages/airflow/example_dags/example_skip_dag.py for tasks to queue
[2026-05-01T13:31:55.503+0000] {logging_mixin.py:188} INFO - [2026-05-01T13:31:55.502+0000] {dagbag.py:545} INFO - Filling up the DagBag from /home/airflow/.local/lib/python3.12/site-packages/airflow/example_dags/example_skip_dag.py
[2026-05-01T13:31:55.512+0000] {processor.py:840} INFO - DAG(s) 'example_skip_dag' retrieved from /home/airflow/.local/lib/python3.12/site-packages/airflow/example_dags/example_skip_dag.py
[2026-05-01T13:31:55.547+0000] {logging_mixin.py:188} INFO - [2026-05-01T13:31:55.547+0000] {dag.py:3089} INFO - Sync 1 DAGs
[2026-05-01T13:31:55.579+0000] {logging_mixin.py:188} INFO - [2026-05-01T13:31:55.579+0000] {dag.py:3947} INFO - Setting next_dagrun for example_skip_dag to 2026-04-30 00:00:00+00:00, run_after=2026-05-01 00:00:00+00:00
[2026-05-01T13:31:55.611+0000] {processor.py:183} INFO - Processing /home/airflow/.local/lib/python3.12/site-packages/airflow/example_dags/example_skip_dag.py took 0.123 seconds
[2026-05-01T13:32:26.262+0000] {processor.py:161} INFO - Started process (PID=932) to work on /home/airflow/.local/lib/python3.12/site-packages/airflow/example_dags/example_skip_dag.py
[2026-05-01T13:32:26.265+0000] {processor.py:830} INFO - Processing file /home/airflow/.local/lib/python3.12/site-packages/airflow/example_dags/example_skip_dag.py for tasks to queue
[2026-05-01T13:32:26.269+0000] {logging_mixin.py:188} INFO - [2026-05-01T13:32:26.268+0000] {dagbag.py:545} INFO - Filling up the DagBag from /home/airflow/.local/lib/python3.12/site-packages/airflow/example_dags/example_skip_dag.py
[2026-05-01T13:32:26.281+0000] {processor.py:840} INFO - DAG(s) 'example_skip_dag' retrieved from /home/airflow/.local/lib/python3.12/site-packages/airflow/example_dags/example_skip_dag.py
[2026-05-01T13:32:26.311+0000] {logging_mixin.py:188} INFO - [2026-05-01T13:32:26.310+0000] {dag.py:3089} INFO - Sync 1 DAGs
[2026-05-01T13:32:26.343+0000] {logging_mixin.py:188} INFO - [2026-05-01T13:32:26.343+0000] {dag.py:3947} INFO - Setting next_dagrun for example_skip_dag to 2026-04-30 00:00:00+00:00, run_after=2026-05-01 00:00:00+00:00
[2026-05-01T13:32:26.372+0000] {processor.py:183} INFO - Processing /home/airflow/.local/lib/python3.12/site-packages/airflow/example_dags/example_skip_dag.py took 0.119 seconds
[2026-05-01T13:32:57.242+0000] {processor.py:161} INFO - Started process (PID=990) to work on /home/airflow/.local/lib/python3.12/site-packages/airflow/example_dags/example_skip_dag.py
[2026-05-01T13:32:57.252+0000] {processor.py:830} INFO - Processing file /home/airflow/.local/lib/python3.12/site-packages/airflow/example_dags/example_skip_dag.py for tasks to queue
[2026-05-01T13:32:57.262+0000] {logging_mixin.py:188} INFO - [2026-05-01T13:32:57.260+0000] {dagbag.py:545} INFO - Filling up the DagBag from /home/airflow/.local/lib/python3.12/site-packages/airflow/example_dags/example_skip_dag.py
[2026-05-01T13:32:57.293+0000] {processor.py:840} INFO - DAG(s) 'example_skip_dag' retrieved from /home/airflow/.local/lib/python3.12/site-packages/airflow/example_dags/example_skip_dag.py
[2026-05-01T13:32:57.372+0000] {logging_mixin.py:188} INFO - [2026-05-01T13:32:57.372+0000] {dag.py:3089} INFO - Sync 1 DAGs
[2026-05-01T13:32:57.412+0000] {logging_mixin.py:188} INFO - [2026-05-01T13:32:57.412+0000] {dag.py:3947} INFO - Setting next_dagrun for example_skip_dag to 2026-04-30 00:00:00+00:00, run_after=2026-05-01 00:00:00+00:00
[2026-05-01T13:32:57.454+0000] {processor.py:183} INFO - Processing /home/airflow/.local/lib/python3.12/site-packages/airflow/example_dags/example_skip_dag.py took 0.235 seconds
[2026-05-01T13:33:28.142+0000] {processor.py:161} INFO - Started process (PID=1047) to work on /home/airflow/.local/lib/python3.12/site-packages/airflow/example_dags/example_skip_dag.py
[2026-05-01T13:33:28.146+0000] {processor.py:830} INFO - Processing file /home/airflow/.local/lib/python3.12/site-packages/airflow/example_dags/example_skip_dag.py for tasks to queue
[2026-05-01T13:33:28.161+0000] {logging_mixin.py:188} INFO - [2026-05-01T13:33:28.160+0000] {dagbag.py:545} INFO - Filling up the DagBag from /home/airflow/.local/lib/python3.12/site-packages/airflow/example_dags/example_skip_dag.py
[2026-05-01T13:33:28.183+0000] {processor.py:840} INFO - DAG(s) 'example_skip_dag' retrieved from /home/airflow/.local/lib/python3.12/site-packages/airflow/example_dags/example_skip_dag.py
[2026-05-01T13:33:28.221+0000] {logging_mixin.py:188} INFO - [2026-05-01T13:33:28.220+0000] {dag.py:3089} INFO - Sync 1 DAGs
[2026-05-01T13:33:28.261+0000] {logging_mixin.py:188} INFO - [2026-05-01T13:33:28.260+0000] {dag.py:3947} INFO - Setting next_dagrun for example_skip_dag to 2026-04-30 00:00:00+00:00, run_after=2026-05-01 00:00:00+00:00
[2026-05-01T13:33:28.323+0000] {processor.py:183} INFO - Processing /home/airflow/.local/lib/python3.12/site-packages/airflow/example_dags/example_skip_dag.py took 0.217 seconds
[2026-05-01T13:33:58.615+0000] {processor.py:161} INFO - Started process (PID=1105) to work on /home/airflow/.local/lib/python3.12/site-packages/airflow/example_dags/example_skip_dag.py
[2026-05-01T13:33:58.624+0000] {processor.py:830} INFO - Processing file /home/airflow/.local/lib/python3.12/site-packages/airflow/example_dags/example_skip_dag.py for tasks to queue
[2026-05-01T13:33:58.646+0000] {logging_mixin.py:188} INFO - [2026-05-01T13:33:58.639+0000] {dagbag.py:545} INFO - Filling up the DagBag from /home/airflow/.local/lib/python3.12/site-packages/airflow/example_dags/example_skip_dag.py
[2026-05-01T13:33:58.671+0000] {processor.py:840} INFO - DAG(s) 'example_skip_dag' retrieved from /home/airflow/.local/lib/python3.12/site-packages/airflow/example_dags/example_skip_dag.py
[2026-05-01T13:33:58.758+0000] {logging_mixin.py:188} INFO - [2026-05-01T13:33:58.757+0000] {dag.py:3089} INFO - Sync 1 DAGs
[2026-05-01T13:33:58.805+0000] {logging_mixin.py:188} INFO - [2026-05-01T13:33:58.805+0000] {dag.py:3947} INFO - Setting next_dagrun for example_skip_dag to 2026-04-30 00:00:00+00:00, run_after=2026-05-01 00:00:00+00:00
[2026-05-01T13:33:58.848+0000] {processor.py:183} INFO - Processing /home/airflow/.local/lib/python3.12/site-packages/airflow/example_dags/example_skip_dag.py took 0.271 seconds
[2026-05-01T13:34:29.171+0000] {processor.py:161} INFO - Started process (PID=1163) to work on /home/airflow/.local/lib/python3.12/site-packages/airflow/example_dags/example_skip_dag.py
[2026-05-01T13:34:29.177+0000] {processor.py:830} INFO - Processing file /home/airflow/.local/lib/python3.12/site-packages/airflow/example_dags/example_skip_dag.py for tasks to queue
[2026-05-01T13:34:29.182+0000] {logging_mixin.py:188} INFO - [2026-05-01T13:34:29.181+0000] {dagbag.py:545} INFO - Filling up the DagBag from /home/airflow/.local/lib/python3.12/site-packages/airflow/example_dags/example_skip_dag.py
[2026-05-01T13:34:29.198+0000] {processor.py:840} INFO - DAG(s) 'example_skip_dag' retrieved from /home/airflow/.local/lib/python3.12/site-packages/airflow/example_dags/example_skip_dag.py
[2026-05-01T13:34:29.236+0000] {logging_mixin.py:188} INFO - [2026-05-01T13:34:29.236+0000] {dag.py:3089} INFO - Sync 1 DAGs
[2026-05-01T13:34:29.311+0000] {logging_mixin.py:188} INFO - [2026-05-01T13:34:29.311+0000] {dag.py:3947} INFO - Setting next_dagrun for example_skip_dag to 2026-04-30 00:00:00+00:00, run_after=2026-05-01 00:00:00+00:00
[2026-05-01T13:34:29.383+0000] {processor.py:183} INFO - Processing /home/airflow/.local/lib/python3.12/site-packages/airflow/example_dags/example_skip_dag.py took 0.231 seconds
[2026-05-01T13:35:00.457+0000] {processor.py:161} INFO - Started process (PID=1220) to work on /home/airflow/.local/lib/python3.12/site-packages/airflow/example_dags/example_skip_dag.py
[2026-05-01T13:35:00.473+0000] {processor.py:830} INFO - Processing file /home/airflow/.local/lib/python3.12/site-packages/airflow/example_dags/example_skip_dag.py for tasks to queue
[2026-05-01T13:35:00.492+0000] {logging_mixin.py:188} INFO - [2026-05-01T13:35:00.478+0000] {dagbag.py:545} INFO - Filling up the DagBag from /home/airflow/.local/lib/python3.12/site-packages/airflow/example_dags/example_skip_dag.py
[2026-05-01T13:35:00.526+0000] {processor.py:840} INFO - DAG(s) 'example_skip_dag' retrieved from /home/airflow/.local/lib/python3.12/site-packages/airflow/example_dags/example_skip_dag.py
[2026-05-01T13:35:00.618+0000] {logging_mixin.py:188} INFO - [2026-05-01T13:35:00.618+0000] {dag.py:3089} INFO - Sync 1 DAGs
[2026-05-01T13:35:00.712+0000] {logging_mixin.py:188} INFO - [2026-05-01T13:35:00.711+0000] {dag.py:3947} INFO - Setting next_dagrun for example_skip_dag to 2026-04-30 00:00:00+00:00, run_after=2026-05-01 00:00:00+00:00
[2026-05-01T13:35:00.785+0000] {processor.py:183} INFO - Processing /home/airflow/.local/lib/python3.12/site-packages/airflow/example_dags/example_skip_dag.py took 0.441 seconds
[2026-05-01T13:35:31.406+0000] {processor.py:161} INFO - Started process (PID=1278) to work on /home/airflow/.local/lib/python3.12/site-packages/airflow/example_dags/example_skip_dag.py
[2026-05-01T13:35:31.409+0000] {processor.py:830} INFO - Processing file /home/airflow/.local/lib/python3.12/site-packages/airflow/example_dags/example_skip_dag.py for tasks to queue
[2026-05-01T13:35:31.414+0000] {logging_mixin.py:188} INFO - [2026-05-01T13:35:31.413+0000] {dagbag.py:545} INFO - Filling up the DagBag from /home/airflow/.local/lib/python3.12/site-packages/airflow/example_dags/example_skip_dag.py
[2026-05-01T13:35:31.432+0000] {processor.py:840} INFO - DAG(s) 'example_skip_dag' retrieved from /home/airflow/.local/lib/python3.12/site-packages/airflow/example_dags/example_skip_dag.py
[2026-05-01T13:35:31.463+0000] {logging_mixin.py:188} INFO - [2026-05-01T13:35:31.463+0000] {dag.py:3089} INFO - Sync 1 DAGs
[2026-05-01T13:35:31.500+0000] {logging_mixin.py:188} INFO - [2026-05-01T13:35:31.500+0000] {dag.py:3947} INFO - Setting next_dagrun for example_skip_dag to 2026-04-30 00:00:00+00:00, run_after=2026-05-01 00:00:00+00:00
[2026-05-01T13:35:31.534+0000] {processor.py:183} INFO - Processing /home/airflow/.local/lib/python3.12/site-packages/airflow/example_dags/example_skip_dag.py took 0.139 seconds
[2026-05-01T13:36:02.425+0000] {processor.py:161} INFO - Started process (PID=1336) to work on /home/airflow/.local/lib/python3.12/site-packages/airflow/example_dags/example_skip_dag.py
[2026-05-01T13:36:02.429+0000] {processor.py:830} INFO - Processing file /home/airflow/.local/lib/python3.12/site-packages/airflow/example_dags/example_skip_dag.py for tasks to queue
[2026-05-01T13:36:02.441+0000] {logging_mixin.py:188} INFO - [2026-05-01T13:36:02.438+0000] {dagbag.py:545} INFO - Filling up the DagBag from /home/airflow/.local/lib/python3.12/site-packages/airflow/example_dags/example_skip_dag.py
[2026-05-01T13:36:02.466+0000] {processor.py:840} INFO - DAG(s) 'example_skip_dag' retrieved from /home/airflow/.local/lib/python3.12/site-packages/airflow/example_dags/example_skip_dag.py
[2026-05-01T13:36:02.514+0000] {logging_mixin.py:188} INFO - [2026-05-01T13:36:02.514+0000] {dag.py:3089} INFO - Sync 1 DAGs
[2026-05-01T13:36:02.563+0000] {logging_mixin.py:188} INFO - [2026-05-01T13:36:02.563+0000] {dag.py:3947} INFO - Setting next_dagrun for example_skip_dag to 2026-04-30 00:00:00+00:00, run_after=2026-05-01 00:00:00+00:00
[2026-05-01T13:36:02.603+0000] {processor.py:183} INFO - Processing /home/airflow/.local/lib/python3.12/site-packages/airflow/example_dags/example_skip_dag.py took 0.219 seconds
[2026-05-01T13:36:33.513+0000] {processor.py:161} INFO - Started process (PID=1394) to work on /home/airflow/.local/lib/python3.12/site-packages/airflow/example_dags/example_skip_dag.py
[2026-05-01T13:36:33.531+0000] {processor.py:830} INFO - Processing file /home/airflow/.local/lib/python3.12/site-packages/airflow/example_dags/example_skip_dag.py for tasks to queue
[2026-05-01T13:36:33.588+0000] {logging_mixin.py:188} INFO - [2026-05-01T13:36:33.586+0000] {dagbag.py:545} INFO - Filling up the DagBag from /home/airflow/.local/lib/python3.12/site-packages/airflow/example_dags/example_skip_dag.py
[2026-05-01T13:36:33.705+0000] {processor.py:840} INFO - DAG(s) 'example_skip_dag' retrieved from /home/airflow/.local/lib/python3.12/site-packages/airflow/example_dags/example_skip_dag.py
[2026-05-01T13:36:34.187+0000] {logging_mixin.py:188} INFO - [2026-05-01T13:36:34.184+0000] {dag.py:3089} INFO - Sync 1 DAGs
[2026-05-01T13:36:34.282+0000] {logging_mixin.py:188} INFO - [2026-05-01T13:36:34.282+0000] {dag.py:3947} INFO - Setting next_dagrun for example_skip_dag to 2026-04-30 00:00:00+00:00, run_after=2026-05-01 00:00:00+00:00
[2026-05-01T13:36:34.316+0000] {processor.py:183} INFO - Processing /home/airflow/.local/lib/python3.12/site-packages/airflow/example_dags/example_skip_dag.py took 0.829 seconds
[2026-05-01T13:37:05.277+0000] {processor.py:161} INFO - Started process (PID=1452) to work on /home/airflow/.local/lib/python3.12/site-packages/airflow/example_dags/example_skip_dag.py
[2026-05-01T13:37:05.280+0000] {processor.py:830} INFO - Processing file /home/airflow/.local/lib/python3.12/site-packages/airflow/example_dags/example_skip_dag.py for tasks to queue
[2026-05-01T13:37:05.285+0000] {logging_mixin.py:188} INFO - [2026-05-01T13:37:05.284+0000] {dagbag.py:545} INFO - Filling up the DagBag from /home/airflow/.local/lib/python3.12/site-packages/airflow/example_dags/example_skip_dag.py
[2026-05-01T13:37:05.302+0000] {processor.py:840} INFO - DAG(s) 'example_skip_dag' retrieved from /home/airflow/.local/lib/python3.12/site-packages/airflow/example_dags/example_skip_dag.py
[2026-05-01T13:37:05.327+0000] {logging_mixin.py:188} INFO - [2026-05-01T13:37:05.327+0000] {dag.py:3089} INFO - Sync 1 DAGs
[2026-05-01T13:37:05.356+0000] {logging_mixin.py:188} INFO - [2026-05-01T13:37:05.356+0000] {dag.py:3947} INFO - Setting next_dagrun for example_skip_dag to 2026-04-30 00:00:00+00:00, run_after=2026-05-01 00:00:00+00:00
[2026-05-01T13:37:05.383+0000] {processor.py:183} INFO - Processing /home/airflow/.local/lib/python3.12/site-packages/airflow/example_dags/example_skip_dag.py took 0.116 seconds
[2026-05-01T13:37:35.703+0000] {processor.py:161} INFO - Started process (PID=1509) to work on /home/airflow/.local/lib/python3.12/site-packages/airflow/example_dags/example_skip_dag.py
[2026-05-01T13:37:35.706+0000] {processor.py:830} INFO - Processing file /home/airflow/.local/lib/python3.12/site-packages/airflow/example_dags/example_skip_dag.py for tasks to queue
[2026-05-01T13:37:35.711+0000] {logging_mixin.py:188} INFO - [2026-05-01T13:37:35.711+0000] {dagbag.py:545} INFO - Filling up the DagBag from /home/airflow/.local/lib/python3.12/site-packages/airflow/example_dags/example_skip_dag.py
[2026-05-01T13:37:35.726+0000] {processor.py:840} INFO - DAG(s) 'example_skip_dag' retrieved from /home/airflow/.local/lib/python3.12/site-packages/airflow/example_dags/example_skip_dag.py
[2026-05-01T13:37:35.756+0000] {logging_mixin.py:188} INFO - [2026-05-01T13:37:35.755+0000] {dag.py:3089} INFO - Sync 1 DAGs
[2026-05-01T13:37:35.792+0000] {logging_mixin.py:188} INFO - [2026-05-01T13:37:35.791+0000] {dag.py:3947} INFO - Setting next_dagrun for example_skip_dag to 2026-04-30 00:00:00+00:00, run_after=2026-05-01 00:00:00+00:00
[2026-05-01T13:37:35.832+0000] {processor.py:183} INFO - Processing /home/airflow/.local/lib/python3.12/site-packages/airflow/example_dags/example_skip_dag.py took 0.146 seconds
[2026-05-01T13:38:06.139+0000] {processor.py:161} INFO - Started process (PID=1566) to work on /home/airflow/.local/lib/python3.12/site-packages/airflow/example_dags/example_skip_dag.py
[2026-05-01T13:38:06.148+0000] {processor.py:830} INFO - Processing file /home/airflow/.local/lib/python3.12/site-packages/airflow/example_dags/example_skip_dag.py for tasks to queue
[2026-05-01T13:38:06.158+0000] {logging_mixin.py:188} INFO - [2026-05-01T13:38:06.157+0000] {dagbag.py:545} INFO - Filling up the DagBag from /home/airflow/.local/lib/python3.12/site-packages/airflow/example_dags/example_skip_dag.py
[2026-05-01T13:38:06.177+0000] {processor.py:840} INFO - DAG(s) 'example_skip_dag' retrieved from /home/airflow/.local/lib/python3.12/site-packages/airflow/example_dags/example_skip_dag.py
[2026-05-01T13:38:06.242+0000] {logging_mixin.py:188} INFO - [2026-05-01T13:38:06.242+0000] {dag.py:3089} INFO - Sync 1 DAGs
[2026-05-01T13:38:06.290+0000] {logging_mixin.py:188} INFO - [2026-05-01T13:38:06.290+0000] {dag.py:3947} INFO - Setting next_dagrun for example_skip_dag to 2026-04-30 00:00:00+00:00, run_after=2026-05-01 00:00:00+00:00
[2026-05-01T13:38:06.339+0000] {processor.py:183} INFO - Processing /home/airflow/.local/lib/python3.12/site-packages/airflow/example_dags/example_skip_dag.py took 0.212 seconds
[2026-05-01T13:38:37.183+0000] {processor.py:161} INFO - Started process (PID=1624) to work on /home/airflow/.local/lib/python3.12/site-packages/airflow/example_dags/example_skip_dag.py
[2026-05-01T13:38:37.186+0000] {processor.py:830} INFO - Processing file /home/airflow/.local/lib/python3.12/site-packages/airflow/example_dags/example_skip_dag.py for tasks to queue
[2026-05-01T13:38:37.190+0000] {logging_mixin.py:188} INFO - [2026-05-01T13:38:37.190+0000] {dagbag.py:545} INFO - Filling up the DagBag from /home/airflow/.local/lib/python3.12/site-packages/airflow/example_dags/example_skip_dag.py
[2026-05-01T13:38:37.204+0000] {processor.py:840} INFO - DAG(s) 'example_skip_dag' retrieved from /home/airflow/.local/lib/python3.12/site-packages/airflow/example_dags/example_skip_dag.py
[2026-05-01T13:38:37.240+0000] {logging_mixin.py:188} INFO - [2026-05-01T13:38:37.239+0000] {dag.py:3089} INFO - Sync 1 DAGs
[2026-05-01T13:38:37.276+0000] {logging_mixin.py:188} INFO - [2026-05-01T13:38:37.276+0000] {dag.py:3947} INFO - Setting next_dagrun for example_skip_dag to 2026-04-30 00:00:00+00:00, run_after=2026-05-01 00:00:00+00:00
[2026-05-01T13:38:37.502+0000] {processor.py:183} INFO - Processing /home/airflow/.local/lib/python3.12/site-packages/airflow/example_dags/example_skip_dag.py took 0.329 seconds
[2026-05-01T13:39:07.918+0000] {processor.py:161} INFO - Started process (PID=1682) to work on /home/airflow/.local/lib/python3.12/site-packages/airflow/example_dags/example_skip_dag.py
[2026-05-01T13:39:07.921+0000] {processor.py:830} INFO - Processing file /home/airflow/.local/lib/python3.12/site-packages/airflow/example_dags/example_skip_dag.py for tasks to queue
[2026-05-01T13:39:07.926+0000] {logging_mixin.py:188} INFO - [2026-05-01T13:39:07.925+0000] {dagbag.py:545} INFO - Filling up the DagBag from /home/airflow/.local/lib/python3.12/site-packages/airflow/example_dags/example_skip_dag.py
[2026-05-01T13:39:07.940+0000] {processor.py:840} INFO - DAG(s) 'example_skip_dag' retrieved from /home/airflow/.local/lib/python3.12/site-packages/airflow/example_dags/example_skip_dag.py
[2026-05-01T13:39:07.986+0000] {logging_mixin.py:188} INFO - [2026-05-01T13:39:07.985+0000] {dag.py:3089} INFO - Sync 1 DAGs
[2026-05-01T13:39:08.065+0000] {logging_mixin.py:188} INFO - [2026-05-01T13:39:08.063+0000] {dag.py:3947} INFO - Setting next_dagrun for example_skip_dag to 2026-04-30 00:00:00+00:00, run_after=2026-05-01 00:00:00+00:00
[2026-05-01T13:39:08.128+0000] {processor.py:183} INFO - Processing /home/airflow/.local/lib/python3.12/site-packages/airflow/example_dags/example_skip_dag.py took 0.228 seconds
[2026-05-01T13:39:38.819+0000] {processor.py:161} INFO - Started process (PID=1740) to work on /home/airflow/.local/lib/python3.12/site-packages/airflow/example_dags/example_skip_dag.py
[2026-05-01T13:39:38.829+0000] {processor.py:830} INFO - Processing file /home/airflow/.local/lib/python3.12/site-packages/airflow/example_dags/example_skip_dag.py for tasks to queue
[2026-05-01T13:39:38.852+0000] {logging_mixin.py:188} INFO - [2026-05-01T13:39:38.851+0000] {dagbag.py:545} INFO - Filling up the DagBag from /home/airflow/.local/lib/python3.12/site-packages/airflow/example_dags/example_skip_dag.py
[2026-05-01T13:39:38.912+0000] {processor.py:840} INFO - DAG(s) 'example_skip_dag' retrieved from /home/airflow/.local/lib/python3.12/site-packages/airflow/example_dags/example_skip_dag.py
[2026-05-01T13:39:38.981+0000] {logging_mixin.py:188} INFO - [2026-05-01T13:39:38.979+0000] {dag.py:3089} INFO - Sync 1 DAGs
[2026-05-01T13:39:39.063+0000] {logging_mixin.py:188} INFO - [2026-05-01T13:39:39.063+0000] {dag.py:3947} INFO - Setting next_dagrun for example_skip_dag to 2026-04-30 00:00:00+00:00, run_after=2026-05-01 00:00:00+00:00
[2026-05-01T13:39:39.119+0000] {processor.py:183} INFO - Processing /home/airflow/.local/lib/python3.12/site-packages/airflow/example_dags/example_skip_dag.py took 0.329 seconds
[2026-05-01T13:40:10.100+0000] {processor.py:161} INFO - Started process (PID=1798) to work on /home/airflow/.local/lib/python3.12/site-packages/airflow/example_dags/example_skip_dag.py
[2026-05-01T13:40:10.102+0000] {processor.py:830} INFO - Processing file /home/airflow/.local/lib/python3.12/site-packages/airflow/example_dags/example_skip_dag.py for tasks to queue
[2026-05-01T13:40:10.106+0000] {logging_mixin.py:188} INFO - [2026-05-01T13:40:10.106+0000] {dagbag.py:545} INFO - Filling up the DagBag from /home/airflow/.local/lib/python3.12/site-packages/airflow/example_dags/example_skip_dag.py
[2026-05-01T13:40:10.138+0000] {processor.py:840} INFO - DAG(s) 'example_skip_dag' retrieved from /home/airflow/.local/lib/python3.12/site-packages/airflow/example_dags/example_skip_dag.py
[2026-05-01T13:40:10.186+0000] {logging_mixin.py:188} INFO - [2026-05-01T13:40:10.186+0000] {dag.py:3089} INFO - Sync 1 DAGs
[2026-05-01T13:40:10.244+0000] {logging_mixin.py:188} INFO - [2026-05-01T13:40:10.243+0000] {dag.py:3947} INFO - Setting next_dagrun for example_skip_dag to 2026-04-30 00:00:00+00:00, run_after=2026-05-01 00:00:00+00:00
[2026-05-01T13:40:10.288+0000] {processor.py:183} INFO - Processing /home/airflow/.local/lib/python3.12/site-packages/airflow/example_dags/example_skip_dag.py took 0.213 seconds
[2026-05-01T13:42:20.740+0000] {processor.py:161} INFO - Started process (PID=47) to work on /home/airflow/.local/lib/python3.12/site-packages/airflow/example_dags/example_skip_dag.py
[2026-05-01T13:42:20.745+0000] {processor.py:830} INFO - Processing file /home/airflow/.local/lib/python3.12/site-packages/airflow/example_dags/example_skip_dag.py for tasks to queue
[2026-05-01T13:42:20.758+0000] {logging_mixin.py:188} INFO - [2026-05-01T13:42:20.758+0000] {dagbag.py:545} INFO - Filling up the DagBag from /home/airflow/.local/lib/python3.12/site-packages/airflow/example_dags/example_skip_dag.py
[2026-05-01T13:42:20.836+0000] {processor.py:840} INFO - DAG(s) 'example_skip_dag' retrieved from /home/airflow/.local/lib/python3.12/site-packages/airflow/example_dags/example_skip_dag.py
[2026-05-01T13:42:21.628+0000] {logging_mixin.py:188} INFO - [2026-05-01T13:42:21.628+0000] {dag.py:3089} INFO - Sync 1 DAGs
[2026-05-01T13:42:21.739+0000] {logging_mixin.py:188} INFO - [2026-05-01T13:42:21.735+0000] {dag.py:3947} INFO - Setting next_dagrun for example_skip_dag to 2026-04-30 00:00:00+00:00, run_after=2026-05-01 00:00:00+00:00
[2026-05-01T13:42:21.848+0000] {processor.py:183} INFO - Processing /home/airflow/.local/lib/python3.12/site-packages/airflow/example_dags/example_skip_dag.py took 1.154 seconds
[2026-05-01T13:42:54.827+0000] {processor.py:161} INFO - Started process (PID=105) to work on /home/airflow/.local/lib/python3.12/site-packages/airflow/example_dags/example_skip_dag.py
[2026-05-01T13:42:54.834+0000] {processor.py:830} INFO - Processing file /home/airflow/.local/lib/python3.12/site-packages/airflow/example_dags/example_skip_dag.py for tasks to queue
[2026-05-01T13:42:54.840+0000] {logging_mixin.py:188} INFO - [2026-05-01T13:42:54.839+0000] {dagbag.py:545} INFO - Filling up the DagBag from /home/airflow/.local/lib/python3.12/site-packages/airflow/example_dags/example_skip_dag.py
[2026-05-01T13:42:54.869+0000] {processor.py:840} INFO - DAG(s) 'example_skip_dag' retrieved from /home/airflow/.local/lib/python3.12/site-packages/airflow/example_dags/example_skip_dag.py
[2026-05-01T13:42:54.902+0000] {logging_mixin.py:188} INFO - [2026-05-01T13:42:54.901+0000] {dag.py:3089} INFO - Sync 1 DAGs
[2026-05-01T13:42:54.957+0000] {logging_mixin.py:188} INFO - [2026-05-01T13:42:54.957+0000] {dag.py:3947} INFO - Setting next_dagrun for example_skip_dag to 2026-04-30 00:00:00+00:00, run_after=2026-05-01 00:00:00+00:00
[2026-05-01T13:42:54.993+0000] {processor.py:183} INFO - Processing /home/airflow/.local/lib/python3.12/site-packages/airflow/example_dags/example_skip_dag.py took 0.184 seconds
[2026-05-01T13:43:28.036+0000] {processor.py:161} INFO - Started process (PID=153) to work on /home/airflow/.local/lib/python3.12/site-packages/airflow/example_dags/example_skip_dag.py
[2026-05-01T13:43:28.051+0000] {processor.py:830} INFO - Processing file /home/airflow/.local/lib/python3.12/site-packages/airflow/example_dags/example_skip_dag.py for tasks to queue
[2026-05-01T13:43:28.057+0000] {logging_mixin.py:188} INFO - [2026-05-01T13:43:28.056+0000] {dagbag.py:545} INFO - Filling up the DagBag from /home/airflow/.local/lib/python3.12/site-packages/airflow/example_dags/example_skip_dag.py
[2026-05-01T13:43:28.078+0000] {processor.py:840} INFO - DAG(s) 'example_skip_dag' retrieved from /home/airflow/.local/lib/python3.12/site-packages/airflow/example_dags/example_skip_dag.py
[2026-05-01T13:43:28.157+0000] {logging_mixin.py:188} INFO - [2026-05-01T13:43:28.157+0000] {dag.py:3089} INFO - Sync 1 DAGs
[2026-05-01T13:43:28.235+0000] {logging_mixin.py:188} INFO - [2026-05-01T13:43:28.235+0000] {dag.py:3947} INFO - Setting next_dagrun for example_skip_dag to 2026-04-30 00:00:00+00:00, run_after=2026-05-01 00:00:00+00:00
[2026-05-01T13:43:28.476+0000] {processor.py:183} INFO - Processing /home/airflow/.local/lib/python3.12/site-packages/airflow/example_dags/example_skip_dag.py took 0.485 seconds
[2026-05-01T13:43:58.974+0000] {processor.py:161} INFO - Started process (PID=211) to work on /home/airflow/.local/lib/python3.12/site-packages/airflow/example_dags/example_skip_dag.py
[2026-05-01T13:43:58.978+0000] {processor.py:830} INFO - Processing file /home/airflow/.local/lib/python3.12/site-packages/airflow/example_dags/example_skip_dag.py for tasks to queue
[2026-05-01T13:43:58.983+0000] {logging_mixin.py:188} INFO - [2026-05-01T13:43:58.982+0000] {dagbag.py:545} INFO - Filling up the DagBag from /home/airflow/.local/lib/python3.12/site-packages/airflow/example_dags/example_skip_dag.py
[2026-05-01T13:43:58.998+0000] {processor.py:840} INFO - DAG(s) 'example_skip_dag' retrieved from /home/airflow/.local/lib/python3.12/site-packages/airflow/example_dags/example_skip_dag.py
[2026-05-01T13:43:59.069+0000] {logging_mixin.py:188} INFO - [2026-05-01T13:43:59.068+0000] {dag.py:3089} INFO - Sync 1 DAGs
[2026-05-01T13:43:59.146+0000] {logging_mixin.py:188} INFO - [2026-05-01T13:43:59.145+0000] {dag.py:3947} INFO - Setting next_dagrun for example_skip_dag to 2026-04-30 00:00:00+00:00, run_after=2026-05-01 00:00:00+00:00
[2026-05-01T13:43:59.200+0000] {processor.py:183} INFO - Processing /home/airflow/.local/lib/python3.12/site-packages/airflow/example_dags/example_skip_dag.py took 0.238 seconds
[2026-05-01T13:44:30.874+0000] {processor.py:161} INFO - Started process (PID=268) to work on /home/airflow/.local/lib/python3.12/site-packages/airflow/example_dags/example_skip_dag.py
[2026-05-01T13:44:30.884+0000] {processor.py:830} INFO - Processing file /home/airflow/.local/lib/python3.12/site-packages/airflow/example_dags/example_skip_dag.py for tasks to queue
[2026-05-01T13:44:30.891+0000] {logging_mixin.py:188} INFO - [2026-05-01T13:44:30.890+0000] {dagbag.py:545} INFO - Filling up the DagBag from /home/airflow/.local/lib/python3.12/site-packages/airflow/example_dags/example_skip_dag.py
[2026-05-01T13:44:30.922+0000] {processor.py:840} INFO - DAG(s) 'example_skip_dag' retrieved from /home/airflow/.local/lib/python3.12/site-packages/airflow/example_dags/example_skip_dag.py
[2026-05-01T13:44:30.996+0000] {logging_mixin.py:188} INFO - [2026-05-01T13:44:30.995+0000] {dag.py:3089} INFO - Sync 1 DAGs
[2026-05-01T13:44:31.079+0000] {logging_mixin.py:188} INFO - [2026-05-01T13:44:31.079+0000] {dag.py:3947} INFO - Setting next_dagrun for example_skip_dag to 2026-04-30 00:00:00+00:00, run_after=2026-05-01 00:00:00+00:00
[2026-05-01T13:44:31.147+0000] {processor.py:183} INFO - Processing /home/airflow/.local/lib/python3.12/site-packages/airflow/example_dags/example_skip_dag.py took 0.292 seconds
[2026-05-01T13:45:02.510+0000] {processor.py:161} INFO - Started process (PID=326) to work on /home/airflow/.local/lib/python3.12/site-packages/airflow/example_dags/example_skip_dag.py
[2026-05-01T13:45:02.528+0000] {processor.py:830} INFO - Processing file /home/airflow/.local/lib/python3.12/site-packages/airflow/example_dags/example_skip_dag.py for tasks to queue
[2026-05-01T13:45:02.544+0000] {logging_mixin.py:188} INFO - [2026-05-01T13:45:02.542+0000] {dagbag.py:545} INFO - Filling up the DagBag from /home/airflow/.local/lib/python3.12/site-packages/airflow/example_dags/example_skip_dag.py
[2026-05-01T13:45:02.629+0000] {processor.py:840} INFO - DAG(s) 'example_skip_dag' retrieved from /home/airflow/.local/lib/python3.12/site-packages/airflow/example_dags/example_skip_dag.py
[2026-05-01T13:45:02.826+0000] {logging_mixin.py:188} INFO - [2026-05-01T13:45:02.825+0000] {dag.py:3089} INFO - Sync 1 DAGs
[2026-05-01T13:45:03.306+0000] {logging_mixin.py:188} INFO - [2026-05-01T13:45:03.306+0000] {dag.py:3947} INFO - Setting next_dagrun for example_skip_dag to 2026-04-30 00:00:00+00:00, run_after=2026-05-01 00:00:00+00:00
[2026-05-01T13:45:03.706+0000] {processor.py:183} INFO - Processing /home/airflow/.local/lib/python3.12/site-packages/airflow/example_dags/example_skip_dag.py took 1.246 seconds
[2026-05-01T13:45:33.941+0000] {processor.py:161} INFO - Started process (PID=384) to work on /home/airflow/.local/lib/python3.12/site-packages/airflow/example_dags/example_skip_dag.py
[2026-05-01T13:45:33.955+0000] {processor.py:830} INFO - Processing file /home/airflow/.local/lib/python3.12/site-packages/airflow/example_dags/example_skip_dag.py for tasks to queue
[2026-05-01T13:45:33.972+0000] {logging_mixin.py:188} INFO - [2026-05-01T13:45:33.971+0000] {dagbag.py:545} INFO - Filling up the DagBag from /home/airflow/.local/lib/python3.12/site-packages/airflow/example_dags/example_skip_dag.py
[2026-05-01T13:45:34.079+0000] {processor.py:840} INFO - DAG(s) 'example_skip_dag' retrieved from /home/airflow/.local/lib/python3.12/site-packages/airflow/example_dags/example_skip_dag.py
[2026-05-01T13:45:34.124+0000] {logging_mixin.py:188} INFO - [2026-05-01T13:45:34.124+0000] {dag.py:3089} INFO - Sync 1 DAGs
[2026-05-01T13:45:34.165+0000] {logging_mixin.py:188} INFO - [2026-05-01T13:45:34.165+0000] {dag.py:3947} INFO - Setting next_dagrun for example_skip_dag to 2026-04-30 00:00:00+00:00, run_after=2026-05-01 00:00:00+00:00
[2026-05-01T13:45:34.192+0000] {processor.py:183} INFO - Processing /home/airflow/.local/lib/python3.12/site-packages/airflow/example_dags/example_skip_dag.py took 0.273 seconds
[2026-05-01T13:46:04.706+0000] {processor.py:161} INFO - Started process (PID=442) to work on /home/airflow/.local/lib/python3.12/site-packages/airflow/example_dags/example_skip_dag.py
[2026-05-01T13:46:04.710+0000] {processor.py:830} INFO - Processing file /home/airflow/.local/lib/python3.12/site-packages/airflow/example_dags/example_skip_dag.py for tasks to queue
[2026-05-01T13:46:04.716+0000] {logging_mixin.py:188} INFO - [2026-05-01T13:46:04.716+0000] {dagbag.py:545} INFO - Filling up the DagBag from /home/airflow/.local/lib/python3.12/site-packages/airflow/example_dags/example_skip_dag.py
[2026-05-01T13:46:04.739+0000] {processor.py:840} INFO - DAG(s) 'example_skip_dag' retrieved from /home/airflow/.local/lib/python3.12/site-packages/airflow/example_dags/example_skip_dag.py
[2026-05-01T13:46:04.802+0000] {logging_mixin.py:188} INFO - [2026-05-01T13:46:04.802+0000] {dag.py:3089} INFO - Sync 1 DAGs
[2026-05-01T13:46:04.846+0000] {logging_mixin.py:188} INFO - [2026-05-01T13:46:04.846+0000] {dag.py:3947} INFO - Setting next_dagrun for example_skip_dag to 2026-04-30 00:00:00+00:00, run_after=2026-05-01 00:00:00+00:00
[2026-05-01T13:46:04.880+0000] {processor.py:183} INFO - Processing /home/airflow/.local/lib/python3.12/site-packages/airflow/example_dags/example_skip_dag.py took 0.183 seconds
[2026-05-01T13:46:35.276+0000] {processor.py:161} INFO - Started process (PID=500) to work on /home/airflow/.local/lib/python3.12/site-packages/airflow/example_dags/example_skip_dag.py
[2026-05-01T13:46:35.280+0000] {processor.py:830} INFO - Processing file /home/airflow/.local/lib/python3.12/site-packages/airflow/example_dags/example_skip_dag.py for tasks to queue
[2026-05-01T13:46:35.285+0000] {logging_mixin.py:188} INFO - [2026-05-01T13:46:35.284+0000] {dagbag.py:545} INFO - Filling up the DagBag from /home/airflow/.local/lib/python3.12/site-packages/airflow/example_dags/example_skip_dag.py
[2026-05-01T13:46:35.296+0000] {processor.py:840} INFO - DAG(s) 'example_skip_dag' retrieved from /home/airflow/.local/lib/python3.12/site-packages/airflow/example_dags/example_skip_dag.py
[2026-05-01T13:46:35.326+0000] {logging_mixin.py:188} INFO - [2026-05-01T13:46:35.326+0000] {dag.py:3089} INFO - Sync 1 DAGs
[2026-05-01T13:46:35.366+0000] {logging_mixin.py:188} INFO - [2026-05-01T13:46:35.365+0000] {dag.py:3947} INFO - Setting next_dagrun for example_skip_dag to 2026-04-30 00:00:00+00:00, run_after=2026-05-01 00:00:00+00:00
[2026-05-01T13:46:35.410+0000] {processor.py:183} INFO - Processing /home/airflow/.local/lib/python3.12/site-packages/airflow/example_dags/example_skip_dag.py took 0.150 seconds
[2026-05-01T13:47:05.910+0000] {processor.py:161} INFO - Started process (PID=558) to work on /home/airflow/.local/lib/python3.12/site-packages/airflow/example_dags/example_skip_dag.py
[2026-05-01T13:47:05.925+0000] {processor.py:830} INFO - Processing file /home/airflow/.local/lib/python3.12/site-packages/airflow/example_dags/example_skip_dag.py for tasks to queue
[2026-05-01T13:47:05.955+0000] {logging_mixin.py:188} INFO - [2026-05-01T13:47:05.955+0000] {dagbag.py:545} INFO - Filling up the DagBag from /home/airflow/.local/lib/python3.12/site-packages/airflow/example_dags/example_skip_dag.py
[2026-05-01T13:47:06.024+0000] {processor.py:840} INFO - DAG(s) 'example_skip_dag' retrieved from /home/airflow/.local/lib/python3.12/site-packages/airflow/example_dags/example_skip_dag.py
[2026-05-01T13:47:06.118+0000] {logging_mixin.py:188} INFO - [2026-05-01T13:47:06.118+0000] {dag.py:3089} INFO - Sync 1 DAGs
[2026-05-01T13:47:06.204+0000] {logging_mixin.py:188} INFO - [2026-05-01T13:47:06.203+0000] {dag.py:3947} INFO - Setting next_dagrun for example_skip_dag to 2026-04-30 00:00:00+00:00, run_after=2026-05-01 00:00:00+00:00
[2026-05-01T13:47:06.261+0000] {processor.py:183} INFO - Processing /home/airflow/.local/lib/python3.12/site-packages/airflow/example_dags/example_skip_dag.py took 0.384 seconds
[2026-05-01T13:47:36.882+0000] {processor.py:161} INFO - Started process (PID=616) to work on /home/airflow/.local/lib/python3.12/site-packages/airflow/example_dags/example_skip_dag.py
[2026-05-01T13:47:36.888+0000] {processor.py:830} INFO - Processing file /home/airflow/.local/lib/python3.12/site-packages/airflow/example_dags/example_skip_dag.py for tasks to queue
[2026-05-01T13:47:36.900+0000] {logging_mixin.py:188} INFO - [2026-05-01T13:47:36.898+0000] {dagbag.py:545} INFO - Filling up the DagBag from /home/airflow/.local/lib/python3.12/site-packages/airflow/example_dags/example_skip_dag.py
[2026-05-01T13:47:36.942+0000] {processor.py:840} INFO - DAG(s) 'example_skip_dag' retrieved from /home/airflow/.local/lib/python3.12/site-packages/airflow/example_dags/example_skip_dag.py
[2026-05-01T13:47:37.028+0000] {logging_mixin.py:188} INFO - [2026-05-01T13:47:37.027+0000] {dag.py:3089} INFO - Sync 1 DAGs
[2026-05-01T13:47:37.164+0000] {logging_mixin.py:188} INFO - [2026-05-01T13:47:37.164+0000] {dag.py:3947} INFO - Setting next_dagrun for example_skip_dag to 2026-04-30 00:00:00+00:00, run_after=2026-05-01 00:00:00+00:00
[2026-05-01T13:47:37.215+0000] {processor.py:183} INFO - Processing /home/airflow/.local/lib/python3.12/site-packages/airflow/example_dags/example_skip_dag.py took 0.351 seconds
[2026-05-01T13:48:08.073+0000] {processor.py:161} INFO - Started process (PID=672) to work on /home/airflow/.local/lib/python3.12/site-packages/airflow/example_dags/example_skip_dag.py
[2026-05-01T13:48:08.076+0000] {processor.py:830} INFO - Processing file /home/airflow/.local/lib/python3.12/site-packages/airflow/example_dags/example_skip_dag.py for tasks to queue
[2026-05-01T13:48:08.084+0000] {logging_mixin.py:188} INFO - [2026-05-01T13:48:08.083+0000] {dagbag.py:545} INFO - Filling up the DagBag from /home/airflow/.local/lib/python3.12/site-packages/airflow/example_dags/example_skip_dag.py
[2026-05-01T13:48:08.129+0000] {processor.py:840} INFO - DAG(s) 'example_skip_dag' retrieved from /home/airflow/.local/lib/python3.12/site-packages/airflow/example_dags/example_skip_dag.py
[2026-05-01T13:48:08.247+0000] {logging_mixin.py:188} INFO - [2026-05-01T13:48:08.247+0000] {dag.py:3089} INFO - Sync 1 DAGs
[2026-05-01T13:48:08.357+0000] {logging_mixin.py:188} INFO - [2026-05-01T13:48:08.356+0000] {dag.py:3947} INFO - Setting next_dagrun for example_skip_dag to 2026-04-30 00:00:00+00:00, run_after=2026-05-01 00:00:00+00:00
[2026-05-01T13:48:08.448+0000] {processor.py:183} INFO - Processing /home/airflow/.local/lib/python3.12/site-packages/airflow/example_dags/example_skip_dag.py took 0.393 seconds
[2026-05-01T13:48:39.046+0000] {processor.py:161} INFO - Started process (PID=729) to work on /home/airflow/.local/lib/python3.12/site-packages/airflow/example_dags/example_skip_dag.py
[2026-05-01T13:48:39.059+0000] {processor.py:830} INFO - Processing file /home/airflow/.local/lib/python3.12/site-packages/airflow/example_dags/example_skip_dag.py for tasks to queue
[2026-05-01T13:48:39.068+0000] {logging_mixin.py:188} INFO - [2026-05-01T13:48:39.066+0000] {dagbag.py:545} INFO - Filling up the DagBag from /home/airflow/.local/lib/python3.12/site-packages/airflow/example_dags/example_skip_dag.py
[2026-05-01T13:48:39.085+0000] {processor.py:840} INFO - DAG(s) 'example_skip_dag' retrieved from /home/airflow/.local/lib/python3.12/site-packages/airflow/example_dags/example_skip_dag.py
[2026-05-01T13:48:39.146+0000] {logging_mixin.py:188} INFO - [2026-05-01T13:48:39.145+0000] {dag.py:3089} INFO - Sync 1 DAGs
[2026-05-01T13:48:39.222+0000] {logging_mixin.py:188} INFO - [2026-05-01T13:48:39.222+0000] {dag.py:3947} INFO - Setting next_dagrun for example_skip_dag to 2026-04-30 00:00:00+00:00, run_after=2026-05-01 00:00:00+00:00
[2026-05-01T13:48:39.274+0000] {processor.py:183} INFO - Processing /home/airflow/.local/lib/python3.12/site-packages/airflow/example_dags/example_skip_dag.py took 0.253 seconds
[2026-05-01T13:49:09.548+0000] {processor.py:161} INFO - Started process (PID=787) to work on /home/airflow/.local/lib/python3.12/site-packages/airflow/example_dags/example_skip_dag.py
[2026-05-01T13:49:09.552+0000] {processor.py:830} INFO - Processing file /home/airflow/.local/lib/python3.12/site-packages/airflow/example_dags/example_skip_dag.py for tasks to queue
[2026-05-01T13:49:09.557+0000] {logging_mixin.py:188} INFO - [2026-05-01T13:49:09.557+0000] {dagbag.py:545} INFO - Filling up the DagBag from /home/airflow/.local/lib/python3.12/site-packages/airflow/example_dags/example_skip_dag.py
[2026-05-01T13:49:09.572+0000] {processor.py:840} INFO - DAG(s) 'example_skip_dag' retrieved from /home/airflow/.local/lib/python3.12/site-packages/airflow/example_dags/example_skip_dag.py
[2026-05-01T13:49:09.606+0000] {logging_mixin.py:188} INFO - [2026-05-01T13:49:09.606+0000] {dag.py:3089} INFO - Sync 1 DAGs
[2026-05-01T13:49:09.643+0000] {logging_mixin.py:188} INFO - [2026-05-01T13:49:09.642+0000] {dag.py:3947} INFO - Setting next_dagrun for example_skip_dag to 2026-04-30 00:00:00+00:00, run_after=2026-05-01 00:00:00+00:00
[2026-05-01T13:49:09.670+0000] {processor.py:183} INFO - Processing /home/airflow/.local/lib/python3.12/site-packages/airflow/example_dags/example_skip_dag.py took 0.139 seconds
[2026-05-01T13:49:40.339+0000] {processor.py:161} INFO - Started process (PID=845) to work on /home/airflow/.local/lib/python3.12/site-packages/airflow/example_dags/example_skip_dag.py
[2026-05-01T13:49:40.344+0000] {processor.py:830} INFO - Processing file /home/airflow/.local/lib/python3.12/site-packages/airflow/example_dags/example_skip_dag.py for tasks to queue
[2026-05-01T13:49:40.349+0000] {logging_mixin.py:188} INFO - [2026-05-01T13:49:40.348+0000] {dagbag.py:545} INFO - Filling up the DagBag from /home/airflow/.local/lib/python3.12/site-packages/airflow/example_dags/example_skip_dag.py
[2026-05-01T13:49:40.363+0000] {processor.py:840} INFO - DAG(s) 'example_skip_dag' retrieved from /home/airflow/.local/lib/python3.12/site-packages/airflow/example_dags/example_skip_dag.py
[2026-05-01T13:49:40.415+0000] {logging_mixin.py:188} INFO - [2026-05-01T13:49:40.415+0000] {dag.py:3089} INFO - Sync 1 DAGs
[2026-05-01T13:49:40.457+0000] {logging_mixin.py:188} INFO - [2026-05-01T13:49:40.457+0000] {dag.py:3947} INFO - Setting next_dagrun for example_skip_dag to 2026-04-30 00:00:00+00:00, run_after=2026-05-01 00:00:00+00:00
[2026-05-01T13:49:40.493+0000] {processor.py:183} INFO - Processing /home/airflow/.local/lib/python3.12/site-packages/airflow/example_dags/example_skip_dag.py took 0.170 seconds
[2026-05-01T13:50:11.722+0000] {processor.py:161} INFO - Started process (PID=901) to work on /home/airflow/.local/lib/python3.12/site-packages/airflow/example_dags/example_skip_dag.py
[2026-05-01T13:50:11.727+0000] {processor.py:830} INFO - Processing file /home/airflow/.local/lib/python3.12/site-packages/airflow/example_dags/example_skip_dag.py for tasks to queue
[2026-05-01T13:50:11.740+0000] {logging_mixin.py:188} INFO - [2026-05-01T13:50:11.739+0000] {dagbag.py:545} INFO - Filling up the DagBag from /home/airflow/.local/lib/python3.12/site-packages/airflow/example_dags/example_skip_dag.py
[2026-05-01T13:50:11.762+0000] {processor.py:840} INFO - DAG(s) 'example_skip_dag' retrieved from /home/airflow/.local/lib/python3.12/site-packages/airflow/example_dags/example_skip_dag.py
[2026-05-01T13:50:11.827+0000] {logging_mixin.py:188} INFO - [2026-05-01T13:50:11.826+0000] {dag.py:3089} INFO - Sync 1 DAGs
[2026-05-01T13:50:11.879+0000] {logging_mixin.py:188} INFO - [2026-05-01T13:50:11.879+0000] {dag.py:3947} INFO - Setting next_dagrun for example_skip_dag to 2026-04-30 00:00:00+00:00, run_after=2026-05-01 00:00:00+00:00
[2026-05-01T13:50:11.924+0000] {processor.py:183} INFO - Processing /home/airflow/.local/lib/python3.12/site-packages/airflow/example_dags/example_skip_dag.py took 0.224 seconds
[2026-05-01T13:50:42.299+0000] {processor.py:161} INFO - Started process (PID=958) to work on /home/airflow/.local/lib/python3.12/site-packages/airflow/example_dags/example_skip_dag.py
[2026-05-01T13:50:42.306+0000] {processor.py:830} INFO - Processing file /home/airflow/.local/lib/python3.12/site-packages/airflow/example_dags/example_skip_dag.py for tasks to queue
[2026-05-01T13:50:42.313+0000] {logging_mixin.py:188} INFO - [2026-05-01T13:50:42.312+0000] {dagbag.py:545} INFO - Filling up the DagBag from /home/airflow/.local/lib/python3.12/site-packages/airflow/example_dags/example_skip_dag.py
[2026-05-01T13:50:42.345+0000] {processor.py:840} INFO - DAG(s) 'example_skip_dag' retrieved from /home/airflow/.local/lib/python3.12/site-packages/airflow/example_dags/example_skip_dag.py
[2026-05-01T13:50:42.489+0000] {logging_mixin.py:188} INFO - [2026-05-01T13:50:42.488+0000] {dag.py:3089} INFO - Sync 1 DAGs
[2026-05-01T13:50:42.525+0000] {logging_mixin.py:188} INFO - [2026-05-01T13:50:42.525+0000] {dag.py:3947} INFO - Setting next_dagrun for example_skip_dag to 2026-04-30 00:00:00+00:00, run_after=2026-05-01 00:00:00+00:00
[2026-05-01T13:50:42.556+0000] {processor.py:183} INFO - Processing /home/airflow/.local/lib/python3.12/site-packages/airflow/example_dags/example_skip_dag.py took 0.278 seconds
[2026-05-01T13:51:13.571+0000] {processor.py:161} INFO - Started process (PID=1015) to work on /home/airflow/.local/lib/python3.12/site-packages/airflow/example_dags/example_skip_dag.py
[2026-05-01T13:51:13.588+0000] {processor.py:830} INFO - Processing file /home/airflow/.local/lib/python3.12/site-packages/airflow/example_dags/example_skip_dag.py for tasks to queue
[2026-05-01T13:51:13.608+0000] {logging_mixin.py:188} INFO - [2026-05-01T13:51:13.607+0000] {dagbag.py:545} INFO - Filling up the DagBag from /home/airflow/.local/lib/python3.12/site-packages/airflow/example_dags/example_skip_dag.py
[2026-05-01T13:51:13.641+0000] {processor.py:840} INFO - DAG(s) 'example_skip_dag' retrieved from /home/airflow/.local/lib/python3.12/site-packages/airflow/example_dags/example_skip_dag.py
[2026-05-01T13:51:13.745+0000] {logging_mixin.py:188} INFO - [2026-05-01T13:51:13.744+0000] {dag.py:3089} INFO - Sync 1 DAGs
[2026-05-01T13:51:13.794+0000] {logging_mixin.py:188} INFO - [2026-05-01T13:51:13.794+0000] {dag.py:3947} INFO - Setting next_dagrun for example_skip_dag to 2026-04-30 00:00:00+00:00, run_after=2026-05-01 00:00:00+00:00
[2026-05-01T13:51:13.884+0000] {processor.py:183} INFO - Processing /home/airflow/.local/lib/python3.12/site-packages/airflow/example_dags/example_skip_dag.py took 0.345 seconds
[2026-05-01T13:51:44.524+0000] {processor.py:161} INFO - Started process (PID=1073) to work on /home/airflow/.local/lib/python3.12/site-packages/airflow/example_dags/example_skip_dag.py
[2026-05-01T13:51:44.527+0000] {processor.py:830} INFO - Processing file /home/airflow/.local/lib/python3.12/site-packages/airflow/example_dags/example_skip_dag.py for tasks to queue
[2026-05-01T13:51:44.532+0000] {logging_mixin.py:188} INFO - [2026-05-01T13:51:44.532+0000] {dagbag.py:545} INFO - Filling up the DagBag from /home/airflow/.local/lib/python3.12/site-packages/airflow/example_dags/example_skip_dag.py
[2026-05-01T13:51:44.547+0000] {processor.py:840} INFO - DAG(s) 'example_skip_dag' retrieved from /home/airflow/.local/lib/python3.12/site-packages/airflow/example_dags/example_skip_dag.py
[2026-05-01T13:51:44.588+0000] {logging_mixin.py:188} INFO - [2026-05-01T13:51:44.588+0000] {dag.py:3089} INFO - Sync 1 DAGs
[2026-05-01T13:51:44.634+0000] {logging_mixin.py:188} INFO - [2026-05-01T13:51:44.634+0000] {dag.py:3947} INFO - Setting next_dagrun for example_skip_dag to 2026-04-30 00:00:00+00:00, run_after=2026-05-01 00:00:00+00:00
[2026-05-01T13:51:44.680+0000] {processor.py:183} INFO - Processing /home/airflow/.local/lib/python3.12/site-packages/airflow/example_dags/example_skip_dag.py took 0.172 seconds
[2026-05-01T13:52:15.158+0000] {processor.py:161} INFO - Started process (PID=1129) to work on /home/airflow/.local/lib/python3.12/site-packages/airflow/example_dags/example_skip_dag.py
[2026-05-01T13:52:15.171+0000] {processor.py:830} INFO - Processing file /home/airflow/.local/lib/python3.12/site-packages/airflow/example_dags/example_skip_dag.py for tasks to queue
[2026-05-01T13:52:15.190+0000] {logging_mixin.py:188} INFO - [2026-05-01T13:52:15.189+0000] {dagbag.py:545} INFO - Filling up the DagBag from /home/airflow/.local/lib/python3.12/site-packages/airflow/example_dags/example_skip_dag.py
[2026-05-01T13:52:15.215+0000] {processor.py:840} INFO - DAG(s) 'example_skip_dag' retrieved from /home/airflow/.local/lib/python3.12/site-packages/airflow/example_dags/example_skip_dag.py
[2026-05-01T13:52:15.307+0000] {logging_mixin.py:188} INFO - [2026-05-01T13:52:15.306+0000] {dag.py:3089} INFO - Sync 1 DAGs
[2026-05-01T13:52:15.648+0000] {logging_mixin.py:188} INFO - [2026-05-01T13:52:15.647+0000] {dag.py:3947} INFO - Setting next_dagrun for example_skip_dag to 2026-04-30 00:00:00+00:00, run_after=2026-05-01 00:00:00+00:00
[2026-05-01T13:52:15.752+0000] {processor.py:183} INFO - Processing /home/airflow/.local/lib/python3.12/site-packages/airflow/example_dags/example_skip_dag.py took 0.620 seconds
[2026-05-01T13:52:46.556+0000] {processor.py:161} INFO - Started process (PID=1186) to work on /home/airflow/.local/lib/python3.12/site-packages/airflow/example_dags/example_skip_dag.py
[2026-05-01T13:52:46.561+0000] {processor.py:830} INFO - Processing file /home/airflow/.local/lib/python3.12/site-packages/airflow/example_dags/example_skip_dag.py for tasks to queue
[2026-05-01T13:52:46.566+0000] {logging_mixin.py:188} INFO - [2026-05-01T13:52:46.565+0000] {dagbag.py:545} INFO - Filling up the DagBag from /home/airflow/.local/lib/python3.12/site-packages/airflow/example_dags/example_skip_dag.py
[2026-05-01T13:52:46.581+0000] {processor.py:840} INFO - DAG(s) 'example_skip_dag' retrieved from /home/airflow/.local/lib/python3.12/site-packages/airflow/example_dags/example_skip_dag.py
[2026-05-01T13:52:46.639+0000] {logging_mixin.py:188} INFO - [2026-05-01T13:52:46.639+0000] {dag.py:3089} INFO - Sync 1 DAGs
[2026-05-01T13:52:46.686+0000] {logging_mixin.py:188} INFO - [2026-05-01T13:52:46.686+0000] {dag.py:3947} INFO - Setting next_dagrun for example_skip_dag to 2026-04-30 00:00:00+00:00, run_after=2026-05-01 00:00:00+00:00
[2026-05-01T13:52:46.733+0000] {processor.py:183} INFO - Processing /home/airflow/.local/lib/python3.12/site-packages/airflow/example_dags/example_skip_dag.py took 0.194 seconds
[2026-05-01T13:53:16.949+0000] {processor.py:161} INFO - Started process (PID=1244) to work on /home/airflow/.local/lib/python3.12/site-packages/airflow/example_dags/example_skip_dag.py
[2026-05-01T13:53:16.959+0000] {processor.py:830} INFO - Processing file /home/airflow/.local/lib/python3.12/site-packages/airflow/example_dags/example_skip_dag.py for tasks to queue
[2026-05-01T13:53:16.968+0000] {logging_mixin.py:188} INFO - [2026-05-01T13:53:16.968+0000] {dagbag.py:545} INFO - Filling up the DagBag from /home/airflow/.local/lib/python3.12/site-packages/airflow/example_dags/example_skip_dag.py
[2026-05-01T13:53:17.005+0000] {processor.py:840} INFO - DAG(s) 'example_skip_dag' retrieved from /home/airflow/.local/lib/python3.12/site-packages/airflow/example_dags/example_skip_dag.py
[2026-05-01T13:53:17.090+0000] {logging_mixin.py:188} INFO - [2026-05-01T13:53:17.089+0000] {dag.py:3089} INFO - Sync 1 DAGs
[2026-05-01T13:53:17.198+0000] {logging_mixin.py:188} INFO - [2026-05-01T13:53:17.197+0000] {dag.py:3947} INFO - Setting next_dagrun for example_skip_dag to 2026-04-30 00:00:00+00:00, run_after=2026-05-01 00:00:00+00:00
[2026-05-01T13:53:17.256+0000] {processor.py:183} INFO - Processing /home/airflow/.local/lib/python3.12/site-packages/airflow/example_dags/example_skip_dag.py took 0.325 seconds
