[2026-05-01T13:24:36.620+0000] {processor.py:161} INFO - Started process (PID=74) to work on /home/airflow/.local/lib/python3.12/site-packages/airflow/example_dags/example_xcom.py
[2026-05-01T13:24:36.643+0000] {processor.py:830} INFO - Processing file /home/airflow/.local/lib/python3.12/site-packages/airflow/example_dags/example_xcom.py for tasks to queue
[2026-05-01T13:24:36.684+0000] {logging_mixin.py:188} INFO - [2026-05-01T13:24:36.675+0000] {dagbag.py:545} INFO - Filling up the DagBag from /home/airflow/.local/lib/python3.12/site-packages/airflow/example_dags/example_xcom.py
[2026-05-01T13:24:36.921+0000] {processor.py:840} INFO - DAG(s) 'example_xcom' retrieved from /home/airflow/.local/lib/python3.12/site-packages/airflow/example_dags/example_xcom.py
[2026-05-01T13:24:38.658+0000] {logging_mixin.py:188} INFO - [2026-05-01T13:24:38.657+0000] {override.py:1858} INFO - Created Permission View: can delete on DAG:example_xcom
[2026-05-01T13:24:38.728+0000] {logging_mixin.py:188} INFO - [2026-05-01T13:24:38.728+0000] {override.py:1858} INFO - Created Permission View: can edit on DAG:example_xcom
[2026-05-01T13:24:38.758+0000] {logging_mixin.py:188} INFO - [2026-05-01T13:24:38.755+0000] {override.py:1858} INFO - Created Permission View: can read on DAG:example_xcom
[2026-05-01T13:24:38.761+0000] {logging_mixin.py:188} INFO - [2026-05-01T13:24:38.760+0000] {dag.py:3089} INFO - Sync 1 DAGs
[2026-05-01T13:24:38.874+0000] {logging_mixin.py:188} INFO - [2026-05-01T13:24:38.861+0000] {dag.py:3111} INFO - Creating ORM DAG for example_xcom
[2026-05-01T13:24:38.997+0000] {logging_mixin.py:188} INFO - [2026-05-01T13:24:38.996+0000] {dag.py:3947} INFO - Setting next_dagrun for example_xcom to 2021-01-01 00:00:00+00:00, run_after=2021-01-01 00:00:00+00:00
[2026-05-01T13:24:39.303+0000] {processor.py:183} INFO - Processing /home/airflow/.local/lib/python3.12/site-packages/airflow/example_dags/example_xcom.py took 2.807 seconds
[2026-05-01T13:25:26.992+0000] {processor.py:161} INFO - Started process (PID=137) to work on /home/airflow/.local/lib/python3.12/site-packages/airflow/example_dags/example_xcom.py
[2026-05-01T13:25:27.006+0000] {processor.py:830} INFO - Processing file /home/airflow/.local/lib/python3.12/site-packages/airflow/example_dags/example_xcom.py for tasks to queue
[2026-05-01T13:25:27.142+0000] {logging_mixin.py:188} INFO - [2026-05-01T13:25:27.141+0000] {dagbag.py:545} INFO - Filling up the DagBag from /home/airflow/.local/lib/python3.12/site-packages/airflow/example_dags/example_xcom.py
[2026-05-01T13:25:27.677+0000] {processor.py:840} INFO - DAG(s) 'example_xcom' retrieved from /home/airflow/.local/lib/python3.12/site-packages/airflow/example_dags/example_xcom.py
[2026-05-01T13:25:28.942+0000] {logging_mixin.py:188} INFO - [2026-05-01T13:25:28.942+0000] {dag.py:3089} INFO - Sync 1 DAGs
[2026-05-01T13:25:29.322+0000] {logging_mixin.py:188} INFO - [2026-05-01T13:25:29.321+0000] {dag.py:3947} INFO - Setting next_dagrun for example_xcom to 2021-01-01 00:00:00+00:00, run_after=2021-01-01 00:00:00+00:00
[2026-05-01T13:25:29.670+0000] {processor.py:183} INFO - Processing /home/airflow/.local/lib/python3.12/site-packages/airflow/example_dags/example_xcom.py took 2.764 seconds
[2026-05-01T13:26:00.631+0000] {processor.py:161} INFO - Started process (PID=195) to work on /home/airflow/.local/lib/python3.12/site-packages/airflow/example_dags/example_xcom.py
[2026-05-01T13:26:00.635+0000] {processor.py:830} INFO - Processing file /home/airflow/.local/lib/python3.12/site-packages/airflow/example_dags/example_xcom.py for tasks to queue
[2026-05-01T13:26:00.641+0000] {logging_mixin.py:188} INFO - [2026-05-01T13:26:00.640+0000] {dagbag.py:545} INFO - Filling up the DagBag from /home/airflow/.local/lib/python3.12/site-packages/airflow/example_dags/example_xcom.py
[2026-05-01T13:26:00.700+0000] {processor.py:840} INFO - DAG(s) 'example_xcom' retrieved from /home/airflow/.local/lib/python3.12/site-packages/airflow/example_dags/example_xcom.py
[2026-05-01T13:26:00.837+0000] {logging_mixin.py:188} INFO - [2026-05-01T13:26:00.837+0000] {dag.py:3089} INFO - Sync 1 DAGs
[2026-05-01T13:26:00.961+0000] {logging_mixin.py:188} INFO - [2026-05-01T13:26:00.961+0000] {dag.py:3947} INFO - Setting next_dagrun for example_xcom to 2021-01-01 00:00:00+00:00, run_after=2021-01-01 00:00:00+00:00
[2026-05-01T13:26:01.059+0000] {processor.py:183} INFO - Processing /home/airflow/.local/lib/python3.12/site-packages/airflow/example_dags/example_xcom.py took 0.452 seconds
[2026-05-01T13:26:31.719+0000] {processor.py:161} INFO - Started process (PID=253) to work on /home/airflow/.local/lib/python3.12/site-packages/airflow/example_dags/example_xcom.py
[2026-05-01T13:26:31.726+0000] {processor.py:830} INFO - Processing file /home/airflow/.local/lib/python3.12/site-packages/airflow/example_dags/example_xcom.py for tasks to queue
[2026-05-01T13:26:31.750+0000] {logging_mixin.py:188} INFO - [2026-05-01T13:26:31.740+0000] {dagbag.py:545} INFO - Filling up the DagBag from /home/airflow/.local/lib/python3.12/site-packages/airflow/example_dags/example_xcom.py
[2026-05-01T13:26:31.788+0000] {processor.py:840} INFO - DAG(s) 'example_xcom' retrieved from /home/airflow/.local/lib/python3.12/site-packages/airflow/example_dags/example_xcom.py
[2026-05-01T13:26:31.909+0000] {logging_mixin.py:188} INFO - [2026-05-01T13:26:31.908+0000] {dag.py:3089} INFO - Sync 1 DAGs
[2026-05-01T13:26:32.002+0000] {logging_mixin.py:188} INFO - [2026-05-01T13:26:32.002+0000] {dag.py:3947} INFO - Setting next_dagrun for example_xcom to 2021-01-01 00:00:00+00:00, run_after=2021-01-01 00:00:00+00:00
[2026-05-01T13:26:32.111+0000] {processor.py:183} INFO - Processing /home/airflow/.local/lib/python3.12/site-packages/airflow/example_dags/example_xcom.py took 0.435 seconds
[2026-05-01T13:27:02.633+0000] {processor.py:161} INFO - Started process (PID=311) to work on /home/airflow/.local/lib/python3.12/site-packages/airflow/example_dags/example_xcom.py
[2026-05-01T13:27:02.635+0000] {processor.py:830} INFO - Processing file /home/airflow/.local/lib/python3.12/site-packages/airflow/example_dags/example_xcom.py for tasks to queue
[2026-05-01T13:27:02.639+0000] {logging_mixin.py:188} INFO - [2026-05-01T13:27:02.638+0000] {dagbag.py:545} INFO - Filling up the DagBag from /home/airflow/.local/lib/python3.12/site-packages/airflow/example_dags/example_xcom.py
[2026-05-01T13:27:02.653+0000] {processor.py:840} INFO - DAG(s) 'example_xcom' retrieved from /home/airflow/.local/lib/python3.12/site-packages/airflow/example_dags/example_xcom.py
[2026-05-01T13:27:02.688+0000] {logging_mixin.py:188} INFO - [2026-05-01T13:27:02.687+0000] {dag.py:3089} INFO - Sync 1 DAGs
[2026-05-01T13:27:02.722+0000] {logging_mixin.py:188} INFO - [2026-05-01T13:27:02.722+0000] {dag.py:3947} INFO - Setting next_dagrun for example_xcom to 2021-01-01 00:00:00+00:00, run_after=2021-01-01 00:00:00+00:00
[2026-05-01T13:27:02.747+0000] {processor.py:183} INFO - Processing /home/airflow/.local/lib/python3.12/site-packages/airflow/example_dags/example_xcom.py took 0.123 seconds
[2026-05-01T13:27:32.996+0000] {processor.py:161} INFO - Started process (PID=369) to work on /home/airflow/.local/lib/python3.12/site-packages/airflow/example_dags/example_xcom.py
[2026-05-01T13:27:32.998+0000] {processor.py:830} INFO - Processing file /home/airflow/.local/lib/python3.12/site-packages/airflow/example_dags/example_xcom.py for tasks to queue
[2026-05-01T13:27:33.002+0000] {logging_mixin.py:188} INFO - [2026-05-01T13:27:33.002+0000] {dagbag.py:545} INFO - Filling up the DagBag from /home/airflow/.local/lib/python3.12/site-packages/airflow/example_dags/example_xcom.py
[2026-05-01T13:27:33.021+0000] {processor.py:840} INFO - DAG(s) 'example_xcom' retrieved from /home/airflow/.local/lib/python3.12/site-packages/airflow/example_dags/example_xcom.py
[2026-05-01T13:27:33.059+0000] {logging_mixin.py:188} INFO - [2026-05-01T13:27:33.059+0000] {dag.py:3089} INFO - Sync 1 DAGs
[2026-05-01T13:27:33.104+0000] {logging_mixin.py:188} INFO - [2026-05-01T13:27:33.104+0000] {dag.py:3947} INFO - Setting next_dagrun for example_xcom to 2021-01-01 00:00:00+00:00, run_after=2021-01-01 00:00:00+00:00
[2026-05-01T13:27:33.158+0000] {processor.py:183} INFO - Processing /home/airflow/.local/lib/python3.12/site-packages/airflow/example_dags/example_xcom.py took 0.174 seconds
[2026-05-01T13:28:03.825+0000] {processor.py:161} INFO - Started process (PID=428) to work on /home/airflow/.local/lib/python3.12/site-packages/airflow/example_dags/example_xcom.py
[2026-05-01T13:28:03.829+0000] {processor.py:830} INFO - Processing file /home/airflow/.local/lib/python3.12/site-packages/airflow/example_dags/example_xcom.py for tasks to queue
[2026-05-01T13:28:03.836+0000] {logging_mixin.py:188} INFO - [2026-05-01T13:28:03.835+0000] {dagbag.py:545} INFO - Filling up the DagBag from /home/airflow/.local/lib/python3.12/site-packages/airflow/example_dags/example_xcom.py
[2026-05-01T13:28:03.855+0000] {processor.py:840} INFO - DAG(s) 'example_xcom' retrieved from /home/airflow/.local/lib/python3.12/site-packages/airflow/example_dags/example_xcom.py
[2026-05-01T13:28:03.919+0000] {logging_mixin.py:188} INFO - [2026-05-01T13:28:03.918+0000] {dag.py:3089} INFO - Sync 1 DAGs
[2026-05-01T13:28:03.969+0000] {logging_mixin.py:188} INFO - [2026-05-01T13:28:03.968+0000] {dag.py:3947} INFO - Setting next_dagrun for example_xcom to 2021-01-01 00:00:00+00:00, run_after=2021-01-01 00:00:00+00:00
[2026-05-01T13:28:04.008+0000] {processor.py:183} INFO - Processing /home/airflow/.local/lib/python3.12/site-packages/airflow/example_dags/example_xcom.py took 0.199 seconds
[2026-05-01T13:28:34.768+0000] {processor.py:161} INFO - Started process (PID=486) to work on /home/airflow/.local/lib/python3.12/site-packages/airflow/example_dags/example_xcom.py
[2026-05-01T13:28:34.778+0000] {processor.py:830} INFO - Processing file /home/airflow/.local/lib/python3.12/site-packages/airflow/example_dags/example_xcom.py for tasks to queue
[2026-05-01T13:28:34.794+0000] {logging_mixin.py:188} INFO - [2026-05-01T13:28:34.792+0000] {dagbag.py:545} INFO - Filling up the DagBag from /home/airflow/.local/lib/python3.12/site-packages/airflow/example_dags/example_xcom.py
[2026-05-01T13:28:34.836+0000] {processor.py:840} INFO - DAG(s) 'example_xcom' retrieved from /home/airflow/.local/lib/python3.12/site-packages/airflow/example_dags/example_xcom.py
[2026-05-01T13:28:34.937+0000] {logging_mixin.py:188} INFO - [2026-05-01T13:28:34.936+0000] {dag.py:3089} INFO - Sync 1 DAGs
[2026-05-01T13:28:35.012+0000] {logging_mixin.py:188} INFO - [2026-05-01T13:28:35.012+0000] {dag.py:3947} INFO - Setting next_dagrun for example_xcom to 2021-01-01 00:00:00+00:00, run_after=2021-01-01 00:00:00+00:00
[2026-05-01T13:28:35.064+0000] {processor.py:183} INFO - Processing /home/airflow/.local/lib/python3.12/site-packages/airflow/example_dags/example_xcom.py took 0.320 seconds
[2026-05-01T13:29:05.677+0000] {processor.py:161} INFO - Started process (PID=544) to work on /home/airflow/.local/lib/python3.12/site-packages/airflow/example_dags/example_xcom.py
[2026-05-01T13:29:05.680+0000] {processor.py:830} INFO - Processing file /home/airflow/.local/lib/python3.12/site-packages/airflow/example_dags/example_xcom.py for tasks to queue
[2026-05-01T13:29:05.685+0000] {logging_mixin.py:188} INFO - [2026-05-01T13:29:05.684+0000] {dagbag.py:545} INFO - Filling up the DagBag from /home/airflow/.local/lib/python3.12/site-packages/airflow/example_dags/example_xcom.py
[2026-05-01T13:29:05.699+0000] {processor.py:840} INFO - DAG(s) 'example_xcom' retrieved from /home/airflow/.local/lib/python3.12/site-packages/airflow/example_dags/example_xcom.py
[2026-05-01T13:29:05.735+0000] {logging_mixin.py:188} INFO - [2026-05-01T13:29:05.735+0000] {dag.py:3089} INFO - Sync 1 DAGs
[2026-05-01T13:29:05.764+0000] {logging_mixin.py:188} INFO - [2026-05-01T13:29:05.764+0000] {dag.py:3947} INFO - Setting next_dagrun for example_xcom to 2021-01-01 00:00:00+00:00, run_after=2021-01-01 00:00:00+00:00
[2026-05-01T13:29:05.796+0000] {processor.py:183} INFO - Processing /home/airflow/.local/lib/python3.12/site-packages/airflow/example_dags/example_xcom.py took 0.146 seconds
[2026-05-01T13:29:36.517+0000] {processor.py:161} INFO - Started process (PID=602) to work on /home/airflow/.local/lib/python3.12/site-packages/airflow/example_dags/example_xcom.py
[2026-05-01T13:29:36.521+0000] {processor.py:830} INFO - Processing file /home/airflow/.local/lib/python3.12/site-packages/airflow/example_dags/example_xcom.py for tasks to queue
[2026-05-01T13:29:36.531+0000] {logging_mixin.py:188} INFO - [2026-05-01T13:29:36.531+0000] {dagbag.py:545} INFO - Filling up the DagBag from /home/airflow/.local/lib/python3.12/site-packages/airflow/example_dags/example_xcom.py
[2026-05-01T13:29:36.565+0000] {processor.py:840} INFO - DAG(s) 'example_xcom' retrieved from /home/airflow/.local/lib/python3.12/site-packages/airflow/example_dags/example_xcom.py
[2026-05-01T13:29:36.668+0000] {logging_mixin.py:188} INFO - [2026-05-01T13:29:36.668+0000] {dag.py:3089} INFO - Sync 1 DAGs
[2026-05-01T13:29:36.777+0000] {logging_mixin.py:188} INFO - [2026-05-01T13:29:36.777+0000] {dag.py:3947} INFO - Setting next_dagrun for example_xcom to 2021-01-01 00:00:00+00:00, run_after=2021-01-01 00:00:00+00:00
[2026-05-01T13:29:36.859+0000] {processor.py:183} INFO - Processing /home/airflow/.local/lib/python3.12/site-packages/airflow/example_dags/example_xcom.py took 0.368 seconds
[2026-05-01T13:30:06.998+0000] {processor.py:161} INFO - Started process (PID=660) to work on /home/airflow/.local/lib/python3.12/site-packages/airflow/example_dags/example_xcom.py
[2026-05-01T13:30:07.001+0000] {processor.py:830} INFO - Processing file /home/airflow/.local/lib/python3.12/site-packages/airflow/example_dags/example_xcom.py for tasks to queue
[2026-05-01T13:30:07.005+0000] {logging_mixin.py:188} INFO - [2026-05-01T13:30:07.005+0000] {dagbag.py:545} INFO - Filling up the DagBag from /home/airflow/.local/lib/python3.12/site-packages/airflow/example_dags/example_xcom.py
[2026-05-01T13:30:07.023+0000] {processor.py:840} INFO - DAG(s) 'example_xcom' retrieved from /home/airflow/.local/lib/python3.12/site-packages/airflow/example_dags/example_xcom.py
[2026-05-01T13:30:07.060+0000] {logging_mixin.py:188} INFO - [2026-05-01T13:30:07.059+0000] {dag.py:3089} INFO - Sync 1 DAGs
[2026-05-01T13:30:07.096+0000] {logging_mixin.py:188} INFO - [2026-05-01T13:30:07.096+0000] {dag.py:3947} INFO - Setting next_dagrun for example_xcom to 2021-01-01 00:00:00+00:00, run_after=2021-01-01 00:00:00+00:00
[2026-05-01T13:30:07.136+0000] {processor.py:183} INFO - Processing /home/airflow/.local/lib/python3.12/site-packages/airflow/example_dags/example_xcom.py took 0.154 seconds
[2026-05-01T13:30:37.541+0000] {processor.py:161} INFO - Started process (PID=718) to work on /home/airflow/.local/lib/python3.12/site-packages/airflow/example_dags/example_xcom.py
[2026-05-01T13:30:37.548+0000] {processor.py:830} INFO - Processing file /home/airflow/.local/lib/python3.12/site-packages/airflow/example_dags/example_xcom.py for tasks to queue
[2026-05-01T13:30:37.552+0000] {logging_mixin.py:188} INFO - [2026-05-01T13:30:37.551+0000] {dagbag.py:545} INFO - Filling up the DagBag from /home/airflow/.local/lib/python3.12/site-packages/airflow/example_dags/example_xcom.py
[2026-05-01T13:30:37.572+0000] {processor.py:840} INFO - DAG(s) 'example_xcom' retrieved from /home/airflow/.local/lib/python3.12/site-packages/airflow/example_dags/example_xcom.py
[2026-05-01T13:30:37.611+0000] {logging_mixin.py:188} INFO - [2026-05-01T13:30:37.611+0000] {dag.py:3089} INFO - Sync 1 DAGs
[2026-05-01T13:30:37.657+0000] {logging_mixin.py:188} INFO - [2026-05-01T13:30:37.657+0000] {dag.py:3947} INFO - Setting next_dagrun for example_xcom to 2021-01-01 00:00:00+00:00, run_after=2021-01-01 00:00:00+00:00
[2026-05-01T13:30:37.702+0000] {processor.py:183} INFO - Processing /home/airflow/.local/lib/python3.12/site-packages/airflow/example_dags/example_xcom.py took 0.187 seconds
[2026-05-01T13:31:07.980+0000] {processor.py:161} INFO - Started process (PID=776) to work on /home/airflow/.local/lib/python3.12/site-packages/airflow/example_dags/example_xcom.py
[2026-05-01T13:31:07.984+0000] {processor.py:830} INFO - Processing file /home/airflow/.local/lib/python3.12/site-packages/airflow/example_dags/example_xcom.py for tasks to queue
[2026-05-01T13:31:07.991+0000] {logging_mixin.py:188} INFO - [2026-05-01T13:31:07.990+0000] {dagbag.py:545} INFO - Filling up the DagBag from /home/airflow/.local/lib/python3.12/site-packages/airflow/example_dags/example_xcom.py
[2026-05-01T13:31:08.008+0000] {processor.py:840} INFO - DAG(s) 'example_xcom' retrieved from /home/airflow/.local/lib/python3.12/site-packages/airflow/example_dags/example_xcom.py
[2026-05-01T13:31:08.041+0000] {logging_mixin.py:188} INFO - [2026-05-01T13:31:08.040+0000] {dag.py:3089} INFO - Sync 1 DAGs
[2026-05-01T13:31:08.082+0000] {logging_mixin.py:188} INFO - [2026-05-01T13:31:08.081+0000] {dag.py:3947} INFO - Setting next_dagrun for example_xcom to 2021-01-01 00:00:00+00:00, run_after=2021-01-01 00:00:00+00:00
[2026-05-01T13:31:08.113+0000] {processor.py:183} INFO - Processing /home/airflow/.local/lib/python3.12/site-packages/airflow/example_dags/example_xcom.py took 0.152 seconds
[2026-05-01T13:31:38.326+0000] {processor.py:161} INFO - Started process (PID=834) to work on /home/airflow/.local/lib/python3.12/site-packages/airflow/example_dags/example_xcom.py
[2026-05-01T13:31:38.329+0000] {processor.py:830} INFO - Processing file /home/airflow/.local/lib/python3.12/site-packages/airflow/example_dags/example_xcom.py for tasks to queue
[2026-05-01T13:31:38.336+0000] {logging_mixin.py:188} INFO - [2026-05-01T13:31:38.334+0000] {dagbag.py:545} INFO - Filling up the DagBag from /home/airflow/.local/lib/python3.12/site-packages/airflow/example_dags/example_xcom.py
[2026-05-01T13:31:38.349+0000] {processor.py:840} INFO - DAG(s) 'example_xcom' retrieved from /home/airflow/.local/lib/python3.12/site-packages/airflow/example_dags/example_xcom.py
[2026-05-01T13:31:38.383+0000] {logging_mixin.py:188} INFO - [2026-05-01T13:31:38.383+0000] {dag.py:3089} INFO - Sync 1 DAGs
[2026-05-01T13:31:38.417+0000] {logging_mixin.py:188} INFO - [2026-05-01T13:31:38.417+0000] {dag.py:3947} INFO - Setting next_dagrun for example_xcom to 2021-01-01 00:00:00+00:00, run_after=2021-01-01 00:00:00+00:00
[2026-05-01T13:31:38.451+0000] {processor.py:183} INFO - Processing /home/airflow/.local/lib/python3.12/site-packages/airflow/example_dags/example_xcom.py took 0.139 seconds
[2026-05-01T13:32:09.013+0000] {processor.py:161} INFO - Started process (PID=892) to work on /home/airflow/.local/lib/python3.12/site-packages/airflow/example_dags/example_xcom.py
[2026-05-01T13:32:09.016+0000] {processor.py:830} INFO - Processing file /home/airflow/.local/lib/python3.12/site-packages/airflow/example_dags/example_xcom.py for tasks to queue
[2026-05-01T13:32:09.020+0000] {logging_mixin.py:188} INFO - [2026-05-01T13:32:09.019+0000] {dagbag.py:545} INFO - Filling up the DagBag from /home/airflow/.local/lib/python3.12/site-packages/airflow/example_dags/example_xcom.py
[2026-05-01T13:32:09.034+0000] {processor.py:840} INFO - DAG(s) 'example_xcom' retrieved from /home/airflow/.local/lib/python3.12/site-packages/airflow/example_dags/example_xcom.py
[2026-05-01T13:32:09.071+0000] {logging_mixin.py:188} INFO - [2026-05-01T13:32:09.070+0000] {dag.py:3089} INFO - Sync 1 DAGs
[2026-05-01T13:32:09.106+0000] {logging_mixin.py:188} INFO - [2026-05-01T13:32:09.105+0000] {dag.py:3947} INFO - Setting next_dagrun for example_xcom to 2021-01-01 00:00:00+00:00, run_after=2021-01-01 00:00:00+00:00
[2026-05-01T13:32:09.141+0000] {processor.py:183} INFO - Processing /home/airflow/.local/lib/python3.12/site-packages/airflow/example_dags/example_xcom.py took 0.139 seconds
[2026-05-01T13:32:39.638+0000] {processor.py:161} INFO - Started process (PID=950) to work on /home/airflow/.local/lib/python3.12/site-packages/airflow/example_dags/example_xcom.py
[2026-05-01T13:32:39.641+0000] {processor.py:830} INFO - Processing file /home/airflow/.local/lib/python3.12/site-packages/airflow/example_dags/example_xcom.py for tasks to queue
[2026-05-01T13:32:39.645+0000] {logging_mixin.py:188} INFO - [2026-05-01T13:32:39.644+0000] {dagbag.py:545} INFO - Filling up the DagBag from /home/airflow/.local/lib/python3.12/site-packages/airflow/example_dags/example_xcom.py
[2026-05-01T13:32:39.660+0000] {processor.py:840} INFO - DAG(s) 'example_xcom' retrieved from /home/airflow/.local/lib/python3.12/site-packages/airflow/example_dags/example_xcom.py
[2026-05-01T13:32:39.749+0000] {logging_mixin.py:188} INFO - [2026-05-01T13:32:39.748+0000] {dag.py:3089} INFO - Sync 1 DAGs
[2026-05-01T13:32:39.804+0000] {logging_mixin.py:188} INFO - [2026-05-01T13:32:39.803+0000] {dag.py:3947} INFO - Setting next_dagrun for example_xcom to 2021-01-01 00:00:00+00:00, run_after=2021-01-01 00:00:00+00:00
[2026-05-01T13:32:39.848+0000] {processor.py:183} INFO - Processing /home/airflow/.local/lib/python3.12/site-packages/airflow/example_dags/example_xcom.py took 0.220 seconds
[2026-05-01T13:33:10.793+0000] {processor.py:161} INFO - Started process (PID=1006) to work on /home/airflow/.local/lib/python3.12/site-packages/airflow/example_dags/example_xcom.py
[2026-05-01T13:33:10.799+0000] {processor.py:830} INFO - Processing file /home/airflow/.local/lib/python3.12/site-packages/airflow/example_dags/example_xcom.py for tasks to queue
[2026-05-01T13:33:10.804+0000] {logging_mixin.py:188} INFO - [2026-05-01T13:33:10.803+0000] {dagbag.py:545} INFO - Filling up the DagBag from /home/airflow/.local/lib/python3.12/site-packages/airflow/example_dags/example_xcom.py
[2026-05-01T13:33:10.818+0000] {processor.py:840} INFO - DAG(s) 'example_xcom' retrieved from /home/airflow/.local/lib/python3.12/site-packages/airflow/example_dags/example_xcom.py
[2026-05-01T13:33:10.853+0000] {logging_mixin.py:188} INFO - [2026-05-01T13:33:10.853+0000] {dag.py:3089} INFO - Sync 1 DAGs
[2026-05-01T13:33:10.890+0000] {logging_mixin.py:188} INFO - [2026-05-01T13:33:10.890+0000] {dag.py:3947} INFO - Setting next_dagrun for example_xcom to 2021-01-01 00:00:00+00:00, run_after=2021-01-01 00:00:00+00:00
[2026-05-01T13:33:10.917+0000] {processor.py:183} INFO - Processing /home/airflow/.local/lib/python3.12/site-packages/airflow/example_dags/example_xcom.py took 0.141 seconds
[2026-05-01T13:33:41.737+0000] {processor.py:161} INFO - Started process (PID=1064) to work on /home/airflow/.local/lib/python3.12/site-packages/airflow/example_dags/example_xcom.py
[2026-05-01T13:33:41.742+0000] {processor.py:830} INFO - Processing file /home/airflow/.local/lib/python3.12/site-packages/airflow/example_dags/example_xcom.py for tasks to queue
[2026-05-01T13:33:41.748+0000] {logging_mixin.py:188} INFO - [2026-05-01T13:33:41.747+0000] {dagbag.py:545} INFO - Filling up the DagBag from /home/airflow/.local/lib/python3.12/site-packages/airflow/example_dags/example_xcom.py
[2026-05-01T13:33:41.781+0000] {processor.py:840} INFO - DAG(s) 'example_xcom' retrieved from /home/airflow/.local/lib/python3.12/site-packages/airflow/example_dags/example_xcom.py
[2026-05-01T13:33:41.839+0000] {logging_mixin.py:188} INFO - [2026-05-01T13:33:41.839+0000] {dag.py:3089} INFO - Sync 1 DAGs
[2026-05-01T13:33:41.899+0000] {logging_mixin.py:188} INFO - [2026-05-01T13:33:41.898+0000] {dag.py:3947} INFO - Setting next_dagrun for example_xcom to 2021-01-01 00:00:00+00:00, run_after=2021-01-01 00:00:00+00:00
[2026-05-01T13:33:41.943+0000] {processor.py:183} INFO - Processing /home/airflow/.local/lib/python3.12/site-packages/airflow/example_dags/example_xcom.py took 0.226 seconds
[2026-05-01T13:34:12.092+0000] {processor.py:161} INFO - Started process (PID=1122) to work on /home/airflow/.local/lib/python3.12/site-packages/airflow/example_dags/example_xcom.py
[2026-05-01T13:34:12.095+0000] {processor.py:830} INFO - Processing file /home/airflow/.local/lib/python3.12/site-packages/airflow/example_dags/example_xcom.py for tasks to queue
[2026-05-01T13:34:12.102+0000] {logging_mixin.py:188} INFO - [2026-05-01T13:34:12.101+0000] {dagbag.py:545} INFO - Filling up the DagBag from /home/airflow/.local/lib/python3.12/site-packages/airflow/example_dags/example_xcom.py
[2026-05-01T13:34:12.112+0000] {processor.py:840} INFO - DAG(s) 'example_xcom' retrieved from /home/airflow/.local/lib/python3.12/site-packages/airflow/example_dags/example_xcom.py
[2026-05-01T13:34:12.142+0000] {logging_mixin.py:188} INFO - [2026-05-01T13:34:12.142+0000] {dag.py:3089} INFO - Sync 1 DAGs
[2026-05-01T13:34:12.174+0000] {logging_mixin.py:188} INFO - [2026-05-01T13:34:12.174+0000] {dag.py:3947} INFO - Setting next_dagrun for example_xcom to 2021-01-01 00:00:00+00:00, run_after=2021-01-01 00:00:00+00:00
[2026-05-01T13:34:12.207+0000] {processor.py:183} INFO - Processing /home/airflow/.local/lib/python3.12/site-packages/airflow/example_dags/example_xcom.py took 0.125 seconds
[2026-05-01T13:34:42.619+0000] {processor.py:161} INFO - Started process (PID=1180) to work on /home/airflow/.local/lib/python3.12/site-packages/airflow/example_dags/example_xcom.py
[2026-05-01T13:34:42.621+0000] {processor.py:830} INFO - Processing file /home/airflow/.local/lib/python3.12/site-packages/airflow/example_dags/example_xcom.py for tasks to queue
[2026-05-01T13:34:42.625+0000] {logging_mixin.py:188} INFO - [2026-05-01T13:34:42.625+0000] {dagbag.py:545} INFO - Filling up the DagBag from /home/airflow/.local/lib/python3.12/site-packages/airflow/example_dags/example_xcom.py
[2026-05-01T13:34:42.639+0000] {processor.py:840} INFO - DAG(s) 'example_xcom' retrieved from /home/airflow/.local/lib/python3.12/site-packages/airflow/example_dags/example_xcom.py
[2026-05-01T13:34:42.669+0000] {logging_mixin.py:188} INFO - [2026-05-01T13:34:42.669+0000] {dag.py:3089} INFO - Sync 1 DAGs
[2026-05-01T13:34:42.700+0000] {logging_mixin.py:188} INFO - [2026-05-01T13:34:42.700+0000] {dag.py:3947} INFO - Setting next_dagrun for example_xcom to 2021-01-01 00:00:00+00:00, run_after=2021-01-01 00:00:00+00:00
[2026-05-01T13:34:42.730+0000] {processor.py:183} INFO - Processing /home/airflow/.local/lib/python3.12/site-packages/airflow/example_dags/example_xcom.py took 0.122 seconds
[2026-05-01T13:35:12.910+0000] {processor.py:161} INFO - Started process (PID=1237) to work on /home/airflow/.local/lib/python3.12/site-packages/airflow/example_dags/example_xcom.py
[2026-05-01T13:35:12.913+0000] {processor.py:830} INFO - Processing file /home/airflow/.local/lib/python3.12/site-packages/airflow/example_dags/example_xcom.py for tasks to queue
[2026-05-01T13:35:12.917+0000] {logging_mixin.py:188} INFO - [2026-05-01T13:35:12.916+0000] {dagbag.py:545} INFO - Filling up the DagBag from /home/airflow/.local/lib/python3.12/site-packages/airflow/example_dags/example_xcom.py
[2026-05-01T13:35:12.930+0000] {processor.py:840} INFO - DAG(s) 'example_xcom' retrieved from /home/airflow/.local/lib/python3.12/site-packages/airflow/example_dags/example_xcom.py
[2026-05-01T13:35:12.961+0000] {logging_mixin.py:188} INFO - [2026-05-01T13:35:12.961+0000] {dag.py:3089} INFO - Sync 1 DAGs
[2026-05-01T13:35:12.995+0000] {logging_mixin.py:188} INFO - [2026-05-01T13:35:12.995+0000] {dag.py:3947} INFO - Setting next_dagrun for example_xcom to 2021-01-01 00:00:00+00:00, run_after=2021-01-01 00:00:00+00:00
[2026-05-01T13:35:13.028+0000] {processor.py:183} INFO - Processing /home/airflow/.local/lib/python3.12/site-packages/airflow/example_dags/example_xcom.py took 0.127 seconds
[2026-05-01T13:35:43.549+0000] {processor.py:161} INFO - Started process (PID=1295) to work on /home/airflow/.local/lib/python3.12/site-packages/airflow/example_dags/example_xcom.py
[2026-05-01T13:35:43.552+0000] {processor.py:830} INFO - Processing file /home/airflow/.local/lib/python3.12/site-packages/airflow/example_dags/example_xcom.py for tasks to queue
[2026-05-01T13:35:43.561+0000] {logging_mixin.py:188} INFO - [2026-05-01T13:35:43.560+0000] {dagbag.py:545} INFO - Filling up the DagBag from /home/airflow/.local/lib/python3.12/site-packages/airflow/example_dags/example_xcom.py
[2026-05-01T13:35:43.591+0000] {processor.py:840} INFO - DAG(s) 'example_xcom' retrieved from /home/airflow/.local/lib/python3.12/site-packages/airflow/example_dags/example_xcom.py
[2026-05-01T13:35:43.667+0000] {logging_mixin.py:188} INFO - [2026-05-01T13:35:43.666+0000] {dag.py:3089} INFO - Sync 1 DAGs
[2026-05-01T13:35:43.771+0000] {logging_mixin.py:188} INFO - [2026-05-01T13:35:43.771+0000] {dag.py:3947} INFO - Setting next_dagrun for example_xcom to 2021-01-01 00:00:00+00:00, run_after=2021-01-01 00:00:00+00:00
[2026-05-01T13:35:43.907+0000] {processor.py:183} INFO - Processing /home/airflow/.local/lib/python3.12/site-packages/airflow/example_dags/example_xcom.py took 0.403 seconds
[2026-05-01T13:36:14.292+0000] {processor.py:161} INFO - Started process (PID=1353) to work on /home/airflow/.local/lib/python3.12/site-packages/airflow/example_dags/example_xcom.py
[2026-05-01T13:36:14.295+0000] {processor.py:830} INFO - Processing file /home/airflow/.local/lib/python3.12/site-packages/airflow/example_dags/example_xcom.py for tasks to queue
[2026-05-01T13:36:14.302+0000] {logging_mixin.py:188} INFO - [2026-05-01T13:36:14.301+0000] {dagbag.py:545} INFO - Filling up the DagBag from /home/airflow/.local/lib/python3.12/site-packages/airflow/example_dags/example_xcom.py
[2026-05-01T13:36:14.314+0000] {processor.py:840} INFO - DAG(s) 'example_xcom' retrieved from /home/airflow/.local/lib/python3.12/site-packages/airflow/example_dags/example_xcom.py
[2026-05-01T13:36:14.345+0000] {logging_mixin.py:188} INFO - [2026-05-01T13:36:14.344+0000] {dag.py:3089} INFO - Sync 1 DAGs
[2026-05-01T13:36:14.378+0000] {logging_mixin.py:188} INFO - [2026-05-01T13:36:14.378+0000] {dag.py:3947} INFO - Setting next_dagrun for example_xcom to 2021-01-01 00:00:00+00:00, run_after=2021-01-01 00:00:00+00:00
[2026-05-01T13:36:14.413+0000] {processor.py:183} INFO - Processing /home/airflow/.local/lib/python3.12/site-packages/airflow/example_dags/example_xcom.py took 0.131 seconds
[2026-05-01T13:36:45.257+0000] {processor.py:161} INFO - Started process (PID=1411) to work on /home/airflow/.local/lib/python3.12/site-packages/airflow/example_dags/example_xcom.py
[2026-05-01T13:36:45.260+0000] {processor.py:830} INFO - Processing file /home/airflow/.local/lib/python3.12/site-packages/airflow/example_dags/example_xcom.py for tasks to queue
[2026-05-01T13:36:45.264+0000] {logging_mixin.py:188} INFO - [2026-05-01T13:36:45.264+0000] {dagbag.py:545} INFO - Filling up the DagBag from /home/airflow/.local/lib/python3.12/site-packages/airflow/example_dags/example_xcom.py
[2026-05-01T13:36:45.275+0000] {processor.py:840} INFO - DAG(s) 'example_xcom' retrieved from /home/airflow/.local/lib/python3.12/site-packages/airflow/example_dags/example_xcom.py
[2026-05-01T13:36:45.306+0000] {logging_mixin.py:188} INFO - [2026-05-01T13:36:45.306+0000] {dag.py:3089} INFO - Sync 1 DAGs
[2026-05-01T13:36:45.339+0000] {logging_mixin.py:188} INFO - [2026-05-01T13:36:45.339+0000] {dag.py:3947} INFO - Setting next_dagrun for example_xcom to 2021-01-01 00:00:00+00:00, run_after=2021-01-01 00:00:00+00:00
[2026-05-01T13:36:45.521+0000] {processor.py:183} INFO - Processing /home/airflow/.local/lib/python3.12/site-packages/airflow/example_dags/example_xcom.py took 0.274 seconds
[2026-05-01T13:37:15.656+0000] {processor.py:161} INFO - Started process (PID=1469) to work on /home/airflow/.local/lib/python3.12/site-packages/airflow/example_dags/example_xcom.py
[2026-05-01T13:37:15.666+0000] {processor.py:830} INFO - Processing file /home/airflow/.local/lib/python3.12/site-packages/airflow/example_dags/example_xcom.py for tasks to queue
[2026-05-01T13:37:15.694+0000] {logging_mixin.py:188} INFO - [2026-05-01T13:37:15.693+0000] {dagbag.py:545} INFO - Filling up the DagBag from /home/airflow/.local/lib/python3.12/site-packages/airflow/example_dags/example_xcom.py
[2026-05-01T13:37:15.729+0000] {processor.py:840} INFO - DAG(s) 'example_xcom' retrieved from /home/airflow/.local/lib/python3.12/site-packages/airflow/example_dags/example_xcom.py
[2026-05-01T13:37:15.798+0000] {logging_mixin.py:188} INFO - [2026-05-01T13:37:15.798+0000] {dag.py:3089} INFO - Sync 1 DAGs
[2026-05-01T13:37:15.868+0000] {logging_mixin.py:188} INFO - [2026-05-01T13:37:15.868+0000] {dag.py:3947} INFO - Setting next_dagrun for example_xcom to 2021-01-01 00:00:00+00:00, run_after=2021-01-01 00:00:00+00:00
[2026-05-01T13:37:15.905+0000] {processor.py:183} INFO - Processing /home/airflow/.local/lib/python3.12/site-packages/airflow/example_dags/example_xcom.py took 0.268 seconds
[2026-05-01T13:37:46.140+0000] {processor.py:161} INFO - Started process (PID=1526) to work on /home/airflow/.local/lib/python3.12/site-packages/airflow/example_dags/example_xcom.py
[2026-05-01T13:37:46.143+0000] {processor.py:830} INFO - Processing file /home/airflow/.local/lib/python3.12/site-packages/airflow/example_dags/example_xcom.py for tasks to queue
[2026-05-01T13:37:46.151+0000] {logging_mixin.py:188} INFO - [2026-05-01T13:37:46.150+0000] {dagbag.py:545} INFO - Filling up the DagBag from /home/airflow/.local/lib/python3.12/site-packages/airflow/example_dags/example_xcom.py
[2026-05-01T13:37:46.168+0000] {processor.py:840} INFO - DAG(s) 'example_xcom' retrieved from /home/airflow/.local/lib/python3.12/site-packages/airflow/example_dags/example_xcom.py
[2026-05-01T13:37:46.222+0000] {logging_mixin.py:188} INFO - [2026-05-01T13:37:46.222+0000] {dag.py:3089} INFO - Sync 1 DAGs
[2026-05-01T13:37:46.260+0000] {logging_mixin.py:188} INFO - [2026-05-01T13:37:46.260+0000] {dag.py:3947} INFO - Setting next_dagrun for example_xcom to 2021-01-01 00:00:00+00:00, run_after=2021-01-01 00:00:00+00:00
[2026-05-01T13:37:46.297+0000] {processor.py:183} INFO - Processing /home/airflow/.local/lib/python3.12/site-packages/airflow/example_dags/example_xcom.py took 0.170 seconds
[2026-05-01T13:38:16.428+0000] {processor.py:161} INFO - Started process (PID=1583) to work on /home/airflow/.local/lib/python3.12/site-packages/airflow/example_dags/example_xcom.py
[2026-05-01T13:38:16.434+0000] {processor.py:830} INFO - Processing file /home/airflow/.local/lib/python3.12/site-packages/airflow/example_dags/example_xcom.py for tasks to queue
[2026-05-01T13:38:16.440+0000] {logging_mixin.py:188} INFO - [2026-05-01T13:38:16.440+0000] {dagbag.py:545} INFO - Filling up the DagBag from /home/airflow/.local/lib/python3.12/site-packages/airflow/example_dags/example_xcom.py
[2026-05-01T13:38:16.466+0000] {processor.py:840} INFO - DAG(s) 'example_xcom' retrieved from /home/airflow/.local/lib/python3.12/site-packages/airflow/example_dags/example_xcom.py
[2026-05-01T13:38:16.516+0000] {logging_mixin.py:188} INFO - [2026-05-01T13:38:16.516+0000] {dag.py:3089} INFO - Sync 1 DAGs
[2026-05-01T13:38:16.561+0000] {logging_mixin.py:188} INFO - [2026-05-01T13:38:16.560+0000] {dag.py:3947} INFO - Setting next_dagrun for example_xcom to 2021-01-01 00:00:00+00:00, run_after=2021-01-01 00:00:00+00:00
[2026-05-01T13:38:16.596+0000] {processor.py:183} INFO - Processing /home/airflow/.local/lib/python3.12/site-packages/airflow/example_dags/example_xcom.py took 0.190 seconds
[2026-05-01T13:38:47.674+0000] {processor.py:161} INFO - Started process (PID=1647) to work on /home/airflow/.local/lib/python3.12/site-packages/airflow/example_dags/example_xcom.py
[2026-05-01T13:38:47.677+0000] {processor.py:830} INFO - Processing file /home/airflow/.local/lib/python3.12/site-packages/airflow/example_dags/example_xcom.py for tasks to queue
[2026-05-01T13:38:47.682+0000] {logging_mixin.py:188} INFO - [2026-05-01T13:38:47.682+0000] {dagbag.py:545} INFO - Filling up the DagBag from /home/airflow/.local/lib/python3.12/site-packages/airflow/example_dags/example_xcom.py
[2026-05-01T13:38:47.694+0000] {processor.py:840} INFO - DAG(s) 'example_xcom' retrieved from /home/airflow/.local/lib/python3.12/site-packages/airflow/example_dags/example_xcom.py
[2026-05-01T13:38:47.722+0000] {logging_mixin.py:188} INFO - [2026-05-01T13:38:47.722+0000] {dag.py:3089} INFO - Sync 1 DAGs
[2026-05-01T13:38:47.750+0000] {logging_mixin.py:188} INFO - [2026-05-01T13:38:47.750+0000] {dag.py:3947} INFO - Setting next_dagrun for example_xcom to 2021-01-01 00:00:00+00:00, run_after=2021-01-01 00:00:00+00:00
[2026-05-01T13:38:47.777+0000] {processor.py:183} INFO - Processing /home/airflow/.local/lib/python3.12/site-packages/airflow/example_dags/example_xcom.py took 0.115 seconds
[2026-05-01T13:39:18.093+0000] {processor.py:161} INFO - Started process (PID=1705) to work on /home/airflow/.local/lib/python3.12/site-packages/airflow/example_dags/example_xcom.py
[2026-05-01T13:39:18.096+0000] {processor.py:830} INFO - Processing file /home/airflow/.local/lib/python3.12/site-packages/airflow/example_dags/example_xcom.py for tasks to queue
[2026-05-01T13:39:18.102+0000] {logging_mixin.py:188} INFO - [2026-05-01T13:39:18.101+0000] {dagbag.py:545} INFO - Filling up the DagBag from /home/airflow/.local/lib/python3.12/site-packages/airflow/example_dags/example_xcom.py
[2026-05-01T13:39:18.116+0000] {processor.py:840} INFO - DAG(s) 'example_xcom' retrieved from /home/airflow/.local/lib/python3.12/site-packages/airflow/example_dags/example_xcom.py
[2026-05-01T13:39:18.150+0000] {logging_mixin.py:188} INFO - [2026-05-01T13:39:18.150+0000] {dag.py:3089} INFO - Sync 1 DAGs
[2026-05-01T13:39:18.401+0000] {logging_mixin.py:188} INFO - [2026-05-01T13:39:18.400+0000] {dag.py:3947} INFO - Setting next_dagrun for example_xcom to 2021-01-01 00:00:00+00:00, run_after=2021-01-01 00:00:00+00:00
[2026-05-01T13:39:18.448+0000] {processor.py:183} INFO - Processing /home/airflow/.local/lib/python3.12/site-packages/airflow/example_dags/example_xcom.py took 0.365 seconds
[2026-05-01T13:39:49.659+0000] {processor.py:161} INFO - Started process (PID=1763) to work on /home/airflow/.local/lib/python3.12/site-packages/airflow/example_dags/example_xcom.py
[2026-05-01T13:39:49.668+0000] {processor.py:830} INFO - Processing file /home/airflow/.local/lib/python3.12/site-packages/airflow/example_dags/example_xcom.py for tasks to queue
[2026-05-01T13:39:49.672+0000] {logging_mixin.py:188} INFO - [2026-05-01T13:39:49.671+0000] {dagbag.py:545} INFO - Filling up the DagBag from /home/airflow/.local/lib/python3.12/site-packages/airflow/example_dags/example_xcom.py
[2026-05-01T13:39:49.688+0000] {processor.py:840} INFO - DAG(s) 'example_xcom' retrieved from /home/airflow/.local/lib/python3.12/site-packages/airflow/example_dags/example_xcom.py
[2026-05-01T13:39:49.729+0000] {logging_mixin.py:188} INFO - [2026-05-01T13:39:49.728+0000] {dag.py:3089} INFO - Sync 1 DAGs
[2026-05-01T13:39:49.774+0000] {logging_mixin.py:188} INFO - [2026-05-01T13:39:49.773+0000] {dag.py:3947} INFO - Setting next_dagrun for example_xcom to 2021-01-01 00:00:00+00:00, run_after=2021-01-01 00:00:00+00:00
[2026-05-01T13:39:50.075+0000] {processor.py:183} INFO - Processing /home/airflow/.local/lib/python3.12/site-packages/airflow/example_dags/example_xcom.py took 0.435 seconds
[2026-05-01T13:40:20.436+0000] {processor.py:161} INFO - Started process (PID=1822) to work on /home/airflow/.local/lib/python3.12/site-packages/airflow/example_dags/example_xcom.py
[2026-05-01T13:40:20.440+0000] {processor.py:830} INFO - Processing file /home/airflow/.local/lib/python3.12/site-packages/airflow/example_dags/example_xcom.py for tasks to queue
[2026-05-01T13:40:20.449+0000] {logging_mixin.py:188} INFO - [2026-05-01T13:40:20.447+0000] {dagbag.py:545} INFO - Filling up the DagBag from /home/airflow/.local/lib/python3.12/site-packages/airflow/example_dags/example_xcom.py
[2026-05-01T13:40:20.469+0000] {processor.py:840} INFO - DAG(s) 'example_xcom' retrieved from /home/airflow/.local/lib/python3.12/site-packages/airflow/example_dags/example_xcom.py
[2026-05-01T13:40:20.519+0000] {logging_mixin.py:188} INFO - [2026-05-01T13:40:20.518+0000] {dag.py:3089} INFO - Sync 1 DAGs
[2026-05-01T13:40:20.638+0000] {logging_mixin.py:188} INFO - [2026-05-01T13:40:20.638+0000] {dag.py:3947} INFO - Setting next_dagrun for example_xcom to 2021-01-01 00:00:00+00:00, run_after=2021-01-01 00:00:00+00:00
[2026-05-01T13:40:20.667+0000] {processor.py:183} INFO - Processing /home/airflow/.local/lib/python3.12/site-packages/airflow/example_dags/example_xcom.py took 0.244 seconds
[2026-05-01T13:42:41.715+0000] {processor.py:161} INFO - Started process (PID=63) to work on /home/airflow/.local/lib/python3.12/site-packages/airflow/example_dags/example_xcom.py
[2026-05-01T13:42:41.724+0000] {processor.py:830} INFO - Processing file /home/airflow/.local/lib/python3.12/site-packages/airflow/example_dags/example_xcom.py for tasks to queue
[2026-05-01T13:42:41.739+0000] {logging_mixin.py:188} INFO - [2026-05-01T13:42:41.734+0000] {dagbag.py:545} INFO - Filling up the DagBag from /home/airflow/.local/lib/python3.12/site-packages/airflow/example_dags/example_xcom.py
[2026-05-01T13:42:41.790+0000] {processor.py:840} INFO - DAG(s) 'example_xcom' retrieved from /home/airflow/.local/lib/python3.12/site-packages/airflow/example_dags/example_xcom.py
[2026-05-01T13:42:42.476+0000] {logging_mixin.py:188} INFO - [2026-05-01T13:42:42.476+0000] {dag.py:3089} INFO - Sync 1 DAGs
[2026-05-01T13:42:42.565+0000] {logging_mixin.py:188} INFO - [2026-05-01T13:42:42.565+0000] {dag.py:3947} INFO - Setting next_dagrun for example_xcom to 2021-01-01 00:00:00+00:00, run_after=2021-01-01 00:00:00+00:00
[2026-05-01T13:42:42.703+0000] {processor.py:183} INFO - Processing /home/airflow/.local/lib/python3.12/site-packages/airflow/example_dags/example_xcom.py took 1.020 seconds
[2026-05-01T13:43:13.445+0000] {processor.py:161} INFO - Started process (PID=121) to work on /home/airflow/.local/lib/python3.12/site-packages/airflow/example_dags/example_xcom.py
[2026-05-01T13:43:13.467+0000] {processor.py:830} INFO - Processing file /home/airflow/.local/lib/python3.12/site-packages/airflow/example_dags/example_xcom.py for tasks to queue
[2026-05-01T13:43:13.474+0000] {logging_mixin.py:188} INFO - [2026-05-01T13:43:13.474+0000] {dagbag.py:545} INFO - Filling up the DagBag from /home/airflow/.local/lib/python3.12/site-packages/airflow/example_dags/example_xcom.py
[2026-05-01T13:43:13.536+0000] {processor.py:840} INFO - DAG(s) 'example_xcom' retrieved from /home/airflow/.local/lib/python3.12/site-packages/airflow/example_dags/example_xcom.py
[2026-05-01T13:43:14.107+0000] {logging_mixin.py:188} INFO - [2026-05-01T13:43:14.107+0000] {dag.py:3089} INFO - Sync 1 DAGs
[2026-05-01T13:43:14.765+0000] {logging_mixin.py:188} INFO - [2026-05-01T13:43:14.753+0000] {dag.py:3947} INFO - Setting next_dagrun for example_xcom to 2021-01-01 00:00:00+00:00, run_after=2021-01-01 00:00:00+00:00
[2026-05-01T13:43:15.268+0000] {processor.py:183} INFO - Processing /home/airflow/.local/lib/python3.12/site-packages/airflow/example_dags/example_xcom.py took 1.904 seconds
[2026-05-01T13:43:45.495+0000] {processor.py:161} INFO - Started process (PID=179) to work on /home/airflow/.local/lib/python3.12/site-packages/airflow/example_dags/example_xcom.py
[2026-05-01T13:43:45.499+0000] {processor.py:830} INFO - Processing file /home/airflow/.local/lib/python3.12/site-packages/airflow/example_dags/example_xcom.py for tasks to queue
[2026-05-01T13:43:45.505+0000] {logging_mixin.py:188} INFO - [2026-05-01T13:43:45.504+0000] {dagbag.py:545} INFO - Filling up the DagBag from /home/airflow/.local/lib/python3.12/site-packages/airflow/example_dags/example_xcom.py
[2026-05-01T13:43:45.523+0000] {processor.py:840} INFO - DAG(s) 'example_xcom' retrieved from /home/airflow/.local/lib/python3.12/site-packages/airflow/example_dags/example_xcom.py
[2026-05-01T13:43:45.558+0000] {logging_mixin.py:188} INFO - [2026-05-01T13:43:45.557+0000] {dag.py:3089} INFO - Sync 1 DAGs
[2026-05-01T13:43:45.592+0000] {logging_mixin.py:188} INFO - [2026-05-01T13:43:45.592+0000] {dag.py:3947} INFO - Setting next_dagrun for example_xcom to 2021-01-01 00:00:00+00:00, run_after=2021-01-01 00:00:00+00:00
[2026-05-01T13:43:45.621+0000] {processor.py:183} INFO - Processing /home/airflow/.local/lib/python3.12/site-packages/airflow/example_dags/example_xcom.py took 0.134 seconds
[2026-05-01T13:44:16.446+0000] {processor.py:161} INFO - Started process (PID=237) to work on /home/airflow/.local/lib/python3.12/site-packages/airflow/example_dags/example_xcom.py
[2026-05-01T13:44:16.451+0000] {processor.py:830} INFO - Processing file /home/airflow/.local/lib/python3.12/site-packages/airflow/example_dags/example_xcom.py for tasks to queue
[2026-05-01T13:44:16.456+0000] {logging_mixin.py:188} INFO - [2026-05-01T13:44:16.455+0000] {dagbag.py:545} INFO - Filling up the DagBag from /home/airflow/.local/lib/python3.12/site-packages/airflow/example_dags/example_xcom.py
[2026-05-01T13:44:16.471+0000] {processor.py:840} INFO - DAG(s) 'example_xcom' retrieved from /home/airflow/.local/lib/python3.12/site-packages/airflow/example_dags/example_xcom.py
[2026-05-01T13:44:16.508+0000] {logging_mixin.py:188} INFO - [2026-05-01T13:44:16.508+0000] {dag.py:3089} INFO - Sync 1 DAGs
[2026-05-01T13:44:16.559+0000] {logging_mixin.py:188} INFO - [2026-05-01T13:44:16.558+0000] {dag.py:3947} INFO - Setting next_dagrun for example_xcom to 2021-01-01 00:00:00+00:00, run_after=2021-01-01 00:00:00+00:00
[2026-05-01T13:44:16.592+0000] {processor.py:183} INFO - Processing /home/airflow/.local/lib/python3.12/site-packages/airflow/example_dags/example_xcom.py took 0.160 seconds
[2026-05-01T13:44:47.262+0000] {processor.py:161} INFO - Started process (PID=294) to work on /home/airflow/.local/lib/python3.12/site-packages/airflow/example_dags/example_xcom.py
[2026-05-01T13:44:47.271+0000] {processor.py:830} INFO - Processing file /home/airflow/.local/lib/python3.12/site-packages/airflow/example_dags/example_xcom.py for tasks to queue
[2026-05-01T13:44:47.279+0000] {logging_mixin.py:188} INFO - [2026-05-01T13:44:47.278+0000] {dagbag.py:545} INFO - Filling up the DagBag from /home/airflow/.local/lib/python3.12/site-packages/airflow/example_dags/example_xcom.py
[2026-05-01T13:44:47.296+0000] {processor.py:840} INFO - DAG(s) 'example_xcom' retrieved from /home/airflow/.local/lib/python3.12/site-packages/airflow/example_dags/example_xcom.py
[2026-05-01T13:44:47.337+0000] {logging_mixin.py:188} INFO - [2026-05-01T13:44:47.336+0000] {dag.py:3089} INFO - Sync 1 DAGs
[2026-05-01T13:44:47.397+0000] {logging_mixin.py:188} INFO - [2026-05-01T13:44:47.396+0000] {dag.py:3947} INFO - Setting next_dagrun for example_xcom to 2021-01-01 00:00:00+00:00, run_after=2021-01-01 00:00:00+00:00
[2026-05-01T13:44:47.430+0000] {processor.py:183} INFO - Processing /home/airflow/.local/lib/python3.12/site-packages/airflow/example_dags/example_xcom.py took 0.189 seconds
[2026-05-01T13:45:17.582+0000] {processor.py:161} INFO - Started process (PID=352) to work on /home/airflow/.local/lib/python3.12/site-packages/airflow/example_dags/example_xcom.py
[2026-05-01T13:45:17.586+0000] {processor.py:830} INFO - Processing file /home/airflow/.local/lib/python3.12/site-packages/airflow/example_dags/example_xcom.py for tasks to queue
[2026-05-01T13:45:17.592+0000] {logging_mixin.py:188} INFO - [2026-05-01T13:45:17.591+0000] {dagbag.py:545} INFO - Filling up the DagBag from /home/airflow/.local/lib/python3.12/site-packages/airflow/example_dags/example_xcom.py
[2026-05-01T13:45:17.626+0000] {processor.py:840} INFO - DAG(s) 'example_xcom' retrieved from /home/airflow/.local/lib/python3.12/site-packages/airflow/example_dags/example_xcom.py
[2026-05-01T13:45:17.713+0000] {logging_mixin.py:188} INFO - [2026-05-01T13:45:17.712+0000] {dag.py:3089} INFO - Sync 1 DAGs
[2026-05-01T13:45:17.781+0000] {logging_mixin.py:188} INFO - [2026-05-01T13:45:17.780+0000] {dag.py:3947} INFO - Setting next_dagrun for example_xcom to 2021-01-01 00:00:00+00:00, run_after=2021-01-01 00:00:00+00:00
[2026-05-01T13:45:17.835+0000] {processor.py:183} INFO - Processing /home/airflow/.local/lib/python3.12/site-packages/airflow/example_dags/example_xcom.py took 0.267 seconds
[2026-05-01T13:45:48.200+0000] {processor.py:161} INFO - Started process (PID=410) to work on /home/airflow/.local/lib/python3.12/site-packages/airflow/example_dags/example_xcom.py
[2026-05-01T13:45:48.207+0000] {processor.py:830} INFO - Processing file /home/airflow/.local/lib/python3.12/site-packages/airflow/example_dags/example_xcom.py for tasks to queue
[2026-05-01T13:45:48.214+0000] {logging_mixin.py:188} INFO - [2026-05-01T13:45:48.214+0000] {dagbag.py:545} INFO - Filling up the DagBag from /home/airflow/.local/lib/python3.12/site-packages/airflow/example_dags/example_xcom.py
[2026-05-01T13:45:48.279+0000] {processor.py:840} INFO - DAG(s) 'example_xcom' retrieved from /home/airflow/.local/lib/python3.12/site-packages/airflow/example_dags/example_xcom.py
[2026-05-01T13:45:48.386+0000] {logging_mixin.py:188} INFO - [2026-05-01T13:45:48.384+0000] {dag.py:3089} INFO - Sync 1 DAGs
[2026-05-01T13:45:48.511+0000] {logging_mixin.py:188} INFO - [2026-05-01T13:45:48.510+0000] {dag.py:3947} INFO - Setting next_dagrun for example_xcom to 2021-01-01 00:00:00+00:00, run_after=2021-01-01 00:00:00+00:00
[2026-05-01T13:45:48.672+0000] {processor.py:183} INFO - Processing /home/airflow/.local/lib/python3.12/site-packages/airflow/example_dags/example_xcom.py took 0.492 seconds
[2026-05-01T13:46:19.694+0000] {processor.py:161} INFO - Started process (PID=468) to work on /home/airflow/.local/lib/python3.12/site-packages/airflow/example_dags/example_xcom.py
[2026-05-01T13:46:19.707+0000] {processor.py:830} INFO - Processing file /home/airflow/.local/lib/python3.12/site-packages/airflow/example_dags/example_xcom.py for tasks to queue
[2026-05-01T13:46:19.720+0000] {logging_mixin.py:188} INFO - [2026-05-01T13:46:19.720+0000] {dagbag.py:545} INFO - Filling up the DagBag from /home/airflow/.local/lib/python3.12/site-packages/airflow/example_dags/example_xcom.py
[2026-05-01T13:46:19.758+0000] {processor.py:840} INFO - DAG(s) 'example_xcom' retrieved from /home/airflow/.local/lib/python3.12/site-packages/airflow/example_dags/example_xcom.py
[2026-05-01T13:46:19.816+0000] {logging_mixin.py:188} INFO - [2026-05-01T13:46:19.816+0000] {dag.py:3089} INFO - Sync 1 DAGs
[2026-05-01T13:46:19.847+0000] {logging_mixin.py:188} INFO - [2026-05-01T13:46:19.847+0000] {dag.py:3947} INFO - Setting next_dagrun for example_xcom to 2021-01-01 00:00:00+00:00, run_after=2021-01-01 00:00:00+00:00
[2026-05-01T13:46:19.894+0000] {processor.py:183} INFO - Processing /home/airflow/.local/lib/python3.12/site-packages/airflow/example_dags/example_xcom.py took 0.253 seconds
[2026-05-01T13:46:50.283+0000] {processor.py:161} INFO - Started process (PID=526) to work on /home/airflow/.local/lib/python3.12/site-packages/airflow/example_dags/example_xcom.py
[2026-05-01T13:46:50.286+0000] {processor.py:830} INFO - Processing file /home/airflow/.local/lib/python3.12/site-packages/airflow/example_dags/example_xcom.py for tasks to queue
[2026-05-01T13:46:50.293+0000] {logging_mixin.py:188} INFO - [2026-05-01T13:46:50.292+0000] {dagbag.py:545} INFO - Filling up the DagBag from /home/airflow/.local/lib/python3.12/site-packages/airflow/example_dags/example_xcom.py
[2026-05-01T13:46:50.312+0000] {processor.py:840} INFO - DAG(s) 'example_xcom' retrieved from /home/airflow/.local/lib/python3.12/site-packages/airflow/example_dags/example_xcom.py
[2026-05-01T13:46:50.345+0000] {logging_mixin.py:188} INFO - [2026-05-01T13:46:50.344+0000] {dag.py:3089} INFO - Sync 1 DAGs
[2026-05-01T13:46:50.379+0000] {logging_mixin.py:188} INFO - [2026-05-01T13:46:50.378+0000] {dag.py:3947} INFO - Setting next_dagrun for example_xcom to 2021-01-01 00:00:00+00:00, run_after=2021-01-01 00:00:00+00:00
[2026-05-01T13:46:50.408+0000] {processor.py:183} INFO - Processing /home/airflow/.local/lib/python3.12/site-packages/airflow/example_dags/example_xcom.py took 0.145 seconds
[2026-05-01T13:47:20.504+0000] {processor.py:161} INFO - Started process (PID=583) to work on /home/airflow/.local/lib/python3.12/site-packages/airflow/example_dags/example_xcom.py
[2026-05-01T13:47:20.508+0000] {processor.py:830} INFO - Processing file /home/airflow/.local/lib/python3.12/site-packages/airflow/example_dags/example_xcom.py for tasks to queue
[2026-05-01T13:47:20.515+0000] {logging_mixin.py:188} INFO - [2026-05-01T13:47:20.514+0000] {dagbag.py:545} INFO - Filling up the DagBag from /home/airflow/.local/lib/python3.12/site-packages/airflow/example_dags/example_xcom.py
[2026-05-01T13:47:20.533+0000] {processor.py:840} INFO - DAG(s) 'example_xcom' retrieved from /home/airflow/.local/lib/python3.12/site-packages/airflow/example_dags/example_xcom.py
[2026-05-01T13:47:20.579+0000] {logging_mixin.py:188} INFO - [2026-05-01T13:47:20.578+0000] {dag.py:3089} INFO - Sync 1 DAGs
[2026-05-01T13:47:20.629+0000] {logging_mixin.py:188} INFO - [2026-05-01T13:47:20.629+0000] {dag.py:3947} INFO - Setting next_dagrun for example_xcom to 2021-01-01 00:00:00+00:00, run_after=2021-01-01 00:00:00+00:00
[2026-05-01T13:47:20.668+0000] {processor.py:183} INFO - Processing /home/airflow/.local/lib/python3.12/site-packages/airflow/example_dags/example_xcom.py took 0.179 seconds
[2026-05-01T13:47:51.697+0000] {processor.py:161} INFO - Started process (PID=640) to work on /home/airflow/.local/lib/python3.12/site-packages/airflow/example_dags/example_xcom.py
[2026-05-01T13:47:51.722+0000] {processor.py:830} INFO - Processing file /home/airflow/.local/lib/python3.12/site-packages/airflow/example_dags/example_xcom.py for tasks to queue
[2026-05-01T13:47:51.750+0000] {logging_mixin.py:188} INFO - [2026-05-01T13:47:51.749+0000] {dagbag.py:545} INFO - Filling up the DagBag from /home/airflow/.local/lib/python3.12/site-packages/airflow/example_dags/example_xcom.py
[2026-05-01T13:47:51.808+0000] {processor.py:840} INFO - DAG(s) 'example_xcom' retrieved from /home/airflow/.local/lib/python3.12/site-packages/airflow/example_dags/example_xcom.py
[2026-05-01T13:47:51.969+0000] {logging_mixin.py:188} INFO - [2026-05-01T13:47:51.969+0000] {dag.py:3089} INFO - Sync 1 DAGs
[2026-05-01T13:47:52.020+0000] {logging_mixin.py:188} INFO - [2026-05-01T13:47:52.020+0000] {dag.py:3947} INFO - Setting next_dagrun for example_xcom to 2021-01-01 00:00:00+00:00, run_after=2021-01-01 00:00:00+00:00
[2026-05-01T13:47:52.087+0000] {processor.py:183} INFO - Processing /home/airflow/.local/lib/python3.12/site-packages/airflow/example_dags/example_xcom.py took 0.451 seconds
[2026-05-01T13:48:22.593+0000] {processor.py:161} INFO - Started process (PID=702) to work on /home/airflow/.local/lib/python3.12/site-packages/airflow/example_dags/example_xcom.py
[2026-05-01T13:48:22.596+0000] {processor.py:830} INFO - Processing file /home/airflow/.local/lib/python3.12/site-packages/airflow/example_dags/example_xcom.py for tasks to queue
[2026-05-01T13:48:22.600+0000] {logging_mixin.py:188} INFO - [2026-05-01T13:48:22.600+0000] {dagbag.py:545} INFO - Filling up the DagBag from /home/airflow/.local/lib/python3.12/site-packages/airflow/example_dags/example_xcom.py
[2026-05-01T13:48:22.614+0000] {processor.py:840} INFO - DAG(s) 'example_xcom' retrieved from /home/airflow/.local/lib/python3.12/site-packages/airflow/example_dags/example_xcom.py
[2026-05-01T13:48:22.644+0000] {logging_mixin.py:188} INFO - [2026-05-01T13:48:22.644+0000] {dag.py:3089} INFO - Sync 1 DAGs
[2026-05-01T13:48:22.676+0000] {logging_mixin.py:188} INFO - [2026-05-01T13:48:22.676+0000] {dag.py:3947} INFO - Setting next_dagrun for example_xcom to 2021-01-01 00:00:00+00:00, run_after=2021-01-01 00:00:00+00:00
[2026-05-01T13:48:22.710+0000] {processor.py:183} INFO - Processing /home/airflow/.local/lib/python3.12/site-packages/airflow/example_dags/example_xcom.py took 0.132 seconds
[2026-05-01T13:48:53.363+0000] {processor.py:161} INFO - Started process (PID=760) to work on /home/airflow/.local/lib/python3.12/site-packages/airflow/example_dags/example_xcom.py
[2026-05-01T13:48:53.365+0000] {processor.py:830} INFO - Processing file /home/airflow/.local/lib/python3.12/site-packages/airflow/example_dags/example_xcom.py for tasks to queue
[2026-05-01T13:48:53.376+0000] {logging_mixin.py:188} INFO - [2026-05-01T13:48:53.375+0000] {dagbag.py:545} INFO - Filling up the DagBag from /home/airflow/.local/lib/python3.12/site-packages/airflow/example_dags/example_xcom.py
[2026-05-01T13:48:53.399+0000] {processor.py:840} INFO - DAG(s) 'example_xcom' retrieved from /home/airflow/.local/lib/python3.12/site-packages/airflow/example_dags/example_xcom.py
[2026-05-01T13:48:53.432+0000] {logging_mixin.py:188} INFO - [2026-05-01T13:48:53.431+0000] {dag.py:3089} INFO - Sync 1 DAGs
[2026-05-01T13:48:53.474+0000] {logging_mixin.py:188} INFO - [2026-05-01T13:48:53.474+0000] {dag.py:3947} INFO - Setting next_dagrun for example_xcom to 2021-01-01 00:00:00+00:00, run_after=2021-01-01 00:00:00+00:00
[2026-05-01T13:48:53.510+0000] {processor.py:183} INFO - Processing /home/airflow/.local/lib/python3.12/site-packages/airflow/example_dags/example_xcom.py took 0.161 seconds
[2026-05-01T13:49:25.070+0000] {processor.py:161} INFO - Started process (PID=818) to work on /home/airflow/.local/lib/python3.12/site-packages/airflow/example_dags/example_xcom.py
[2026-05-01T13:49:25.074+0000] {processor.py:830} INFO - Processing file /home/airflow/.local/lib/python3.12/site-packages/airflow/example_dags/example_xcom.py for tasks to queue
[2026-05-01T13:49:25.080+0000] {logging_mixin.py:188} INFO - [2026-05-01T13:49:25.079+0000] {dagbag.py:545} INFO - Filling up the DagBag from /home/airflow/.local/lib/python3.12/site-packages/airflow/example_dags/example_xcom.py
[2026-05-01T13:49:25.099+0000] {processor.py:840} INFO - DAG(s) 'example_xcom' retrieved from /home/airflow/.local/lib/python3.12/site-packages/airflow/example_dags/example_xcom.py
[2026-05-01T13:49:25.151+0000] {logging_mixin.py:188} INFO - [2026-05-01T13:49:25.150+0000] {dag.py:3089} INFO - Sync 1 DAGs
[2026-05-01T13:49:25.249+0000] {logging_mixin.py:188} INFO - [2026-05-01T13:49:25.249+0000] {dag.py:3947} INFO - Setting next_dagrun for example_xcom to 2021-01-01 00:00:00+00:00, run_after=2021-01-01 00:00:00+00:00
[2026-05-01T13:49:25.292+0000] {processor.py:183} INFO - Processing /home/airflow/.local/lib/python3.12/site-packages/airflow/example_dags/example_xcom.py took 0.237 seconds
[2026-05-01T13:49:56.991+0000] {processor.py:161} INFO - Started process (PID=875) to work on /home/airflow/.local/lib/python3.12/site-packages/airflow/example_dags/example_xcom.py
[2026-05-01T13:49:56.995+0000] {processor.py:830} INFO - Processing file /home/airflow/.local/lib/python3.12/site-packages/airflow/example_dags/example_xcom.py for tasks to queue
[2026-05-01T13:49:57.001+0000] {logging_mixin.py:188} INFO - [2026-05-01T13:49:57.000+0000] {dagbag.py:545} INFO - Filling up the DagBag from /home/airflow/.local/lib/python3.12/site-packages/airflow/example_dags/example_xcom.py
[2026-05-01T13:49:57.020+0000] {processor.py:840} INFO - DAG(s) 'example_xcom' retrieved from /home/airflow/.local/lib/python3.12/site-packages/airflow/example_dags/example_xcom.py
[2026-05-01T13:49:57.059+0000] {logging_mixin.py:188} INFO - [2026-05-01T13:49:57.059+0000] {dag.py:3089} INFO - Sync 1 DAGs
[2026-05-01T13:49:57.099+0000] {logging_mixin.py:188} INFO - [2026-05-01T13:49:57.098+0000] {dag.py:3947} INFO - Setting next_dagrun for example_xcom to 2021-01-01 00:00:00+00:00, run_after=2021-01-01 00:00:00+00:00
[2026-05-01T13:49:57.163+0000] {processor.py:183} INFO - Processing /home/airflow/.local/lib/python3.12/site-packages/airflow/example_dags/example_xcom.py took 0.186 seconds
[2026-05-01T13:50:28.606+0000] {processor.py:161} INFO - Started process (PID=932) to work on /home/airflow/.local/lib/python3.12/site-packages/airflow/example_dags/example_xcom.py
[2026-05-01T13:50:28.618+0000] {processor.py:830} INFO - Processing file /home/airflow/.local/lib/python3.12/site-packages/airflow/example_dags/example_xcom.py for tasks to queue
[2026-05-01T13:50:28.640+0000] {logging_mixin.py:188} INFO - [2026-05-01T13:50:28.636+0000] {dagbag.py:545} INFO - Filling up the DagBag from /home/airflow/.local/lib/python3.12/site-packages/airflow/example_dags/example_xcom.py
[2026-05-01T13:50:28.785+0000] {processor.py:840} INFO - DAG(s) 'example_xcom' retrieved from /home/airflow/.local/lib/python3.12/site-packages/airflow/example_dags/example_xcom.py
[2026-05-01T13:50:28.864+0000] {logging_mixin.py:188} INFO - [2026-05-01T13:50:28.864+0000] {dag.py:3089} INFO - Sync 1 DAGs
[2026-05-01T13:50:28.990+0000] {logging_mixin.py:188} INFO - [2026-05-01T13:50:28.989+0000] {dag.py:3947} INFO - Setting next_dagrun for example_xcom to 2021-01-01 00:00:00+00:00, run_after=2021-01-01 00:00:00+00:00
[2026-05-01T13:50:29.113+0000] {processor.py:183} INFO - Processing /home/airflow/.local/lib/python3.12/site-packages/airflow/example_dags/example_xcom.py took 0.594 seconds
[2026-05-01T13:50:59.576+0000] {processor.py:161} INFO - Started process (PID=989) to work on /home/airflow/.local/lib/python3.12/site-packages/airflow/example_dags/example_xcom.py
[2026-05-01T13:50:59.579+0000] {processor.py:830} INFO - Processing file /home/airflow/.local/lib/python3.12/site-packages/airflow/example_dags/example_xcom.py for tasks to queue
[2026-05-01T13:50:59.586+0000] {logging_mixin.py:188} INFO - [2026-05-01T13:50:59.585+0000] {dagbag.py:545} INFO - Filling up the DagBag from /home/airflow/.local/lib/python3.12/site-packages/airflow/example_dags/example_xcom.py
[2026-05-01T13:50:59.602+0000] {processor.py:840} INFO - DAG(s) 'example_xcom' retrieved from /home/airflow/.local/lib/python3.12/site-packages/airflow/example_dags/example_xcom.py
[2026-05-01T13:50:59.637+0000] {logging_mixin.py:188} INFO - [2026-05-01T13:50:59.636+0000] {dag.py:3089} INFO - Sync 1 DAGs
[2026-05-01T13:50:59.665+0000] {logging_mixin.py:188} INFO - [2026-05-01T13:50:59.664+0000] {dag.py:3947} INFO - Setting next_dagrun for example_xcom to 2021-01-01 00:00:00+00:00, run_after=2021-01-01 00:00:00+00:00
[2026-05-01T13:50:59.691+0000] {processor.py:183} INFO - Processing /home/airflow/.local/lib/python3.12/site-packages/airflow/example_dags/example_xcom.py took 0.128 seconds
[2026-05-01T13:51:30.267+0000] {processor.py:161} INFO - Started process (PID=1047) to work on /home/airflow/.local/lib/python3.12/site-packages/airflow/example_dags/example_xcom.py
[2026-05-01T13:51:30.270+0000] {processor.py:830} INFO - Processing file /home/airflow/.local/lib/python3.12/site-packages/airflow/example_dags/example_xcom.py for tasks to queue
[2026-05-01T13:51:30.278+0000] {logging_mixin.py:188} INFO - [2026-05-01T13:51:30.277+0000] {dagbag.py:545} INFO - Filling up the DagBag from /home/airflow/.local/lib/python3.12/site-packages/airflow/example_dags/example_xcom.py
[2026-05-01T13:51:30.303+0000] {processor.py:840} INFO - DAG(s) 'example_xcom' retrieved from /home/airflow/.local/lib/python3.12/site-packages/airflow/example_dags/example_xcom.py
[2026-05-01T13:51:30.346+0000] {logging_mixin.py:188} INFO - [2026-05-01T13:51:30.346+0000] {dag.py:3089} INFO - Sync 1 DAGs
[2026-05-01T13:51:30.410+0000] {logging_mixin.py:188} INFO - [2026-05-01T13:51:30.409+0000] {dag.py:3947} INFO - Setting next_dagrun for example_xcom to 2021-01-01 00:00:00+00:00, run_after=2021-01-01 00:00:00+00:00
[2026-05-01T13:51:30.482+0000] {processor.py:183} INFO - Processing /home/airflow/.local/lib/python3.12/site-packages/airflow/example_dags/example_xcom.py took 0.225 seconds
[2026-05-01T13:52:01.193+0000] {processor.py:161} INFO - Started process (PID=1104) to work on /home/airflow/.local/lib/python3.12/site-packages/airflow/example_dags/example_xcom.py
[2026-05-01T13:52:01.197+0000] {processor.py:830} INFO - Processing file /home/airflow/.local/lib/python3.12/site-packages/airflow/example_dags/example_xcom.py for tasks to queue
[2026-05-01T13:52:01.208+0000] {logging_mixin.py:188} INFO - [2026-05-01T13:52:01.207+0000] {dagbag.py:545} INFO - Filling up the DagBag from /home/airflow/.local/lib/python3.12/site-packages/airflow/example_dags/example_xcom.py
[2026-05-01T13:52:01.228+0000] {processor.py:840} INFO - DAG(s) 'example_xcom' retrieved from /home/airflow/.local/lib/python3.12/site-packages/airflow/example_dags/example_xcom.py
[2026-05-01T13:52:01.262+0000] {logging_mixin.py:188} INFO - [2026-05-01T13:52:01.262+0000] {dag.py:3089} INFO - Sync 1 DAGs
[2026-05-01T13:52:01.294+0000] {logging_mixin.py:188} INFO - [2026-05-01T13:52:01.294+0000] {dag.py:3947} INFO - Setting next_dagrun for example_xcom to 2021-01-01 00:00:00+00:00, run_after=2021-01-01 00:00:00+00:00
[2026-05-01T13:52:01.318+0000] {processor.py:183} INFO - Processing /home/airflow/.local/lib/python3.12/site-packages/airflow/example_dags/example_xcom.py took 0.137 seconds
[2026-05-01T13:52:31.503+0000] {processor.py:161} INFO - Started process (PID=1162) to work on /home/airflow/.local/lib/python3.12/site-packages/airflow/example_dags/example_xcom.py
[2026-05-01T13:52:31.507+0000] {processor.py:830} INFO - Processing file /home/airflow/.local/lib/python3.12/site-packages/airflow/example_dags/example_xcom.py for tasks to queue
[2026-05-01T13:52:31.514+0000] {logging_mixin.py:188} INFO - [2026-05-01T13:52:31.513+0000] {dagbag.py:545} INFO - Filling up the DagBag from /home/airflow/.local/lib/python3.12/site-packages/airflow/example_dags/example_xcom.py
[2026-05-01T13:52:31.535+0000] {processor.py:840} INFO - DAG(s) 'example_xcom' retrieved from /home/airflow/.local/lib/python3.12/site-packages/airflow/example_dags/example_xcom.py
[2026-05-01T13:52:31.583+0000] {logging_mixin.py:188} INFO - [2026-05-01T13:52:31.583+0000] {dag.py:3089} INFO - Sync 1 DAGs
[2026-05-01T13:52:31.622+0000] {logging_mixin.py:188} INFO - [2026-05-01T13:52:31.621+0000] {dag.py:3947} INFO - Setting next_dagrun for example_xcom to 2021-01-01 00:00:00+00:00, run_after=2021-01-01 00:00:00+00:00
[2026-05-01T13:52:31.663+0000] {processor.py:183} INFO - Processing /home/airflow/.local/lib/python3.12/site-packages/airflow/example_dags/example_xcom.py took 0.177 seconds
[2026-05-01T13:53:02.364+0000] {processor.py:161} INFO - Started process (PID=1220) to work on /home/airflow/.local/lib/python3.12/site-packages/airflow/example_dags/example_xcom.py
[2026-05-01T13:53:02.368+0000] {processor.py:830} INFO - Processing file /home/airflow/.local/lib/python3.12/site-packages/airflow/example_dags/example_xcom.py for tasks to queue
[2026-05-01T13:53:02.374+0000] {logging_mixin.py:188} INFO - [2026-05-01T13:53:02.373+0000] {dagbag.py:545} INFO - Filling up the DagBag from /home/airflow/.local/lib/python3.12/site-packages/airflow/example_dags/example_xcom.py
[2026-05-01T13:53:02.398+0000] {processor.py:840} INFO - DAG(s) 'example_xcom' retrieved from /home/airflow/.local/lib/python3.12/site-packages/airflow/example_dags/example_xcom.py
[2026-05-01T13:53:02.439+0000] {logging_mixin.py:188} INFO - [2026-05-01T13:53:02.439+0000] {dag.py:3089} INFO - Sync 1 DAGs
[2026-05-01T13:53:02.485+0000] {logging_mixin.py:188} INFO - [2026-05-01T13:53:02.485+0000] {dag.py:3947} INFO - Setting next_dagrun for example_xcom to 2021-01-01 00:00:00+00:00, run_after=2021-01-01 00:00:00+00:00
[2026-05-01T13:53:02.532+0000] {processor.py:183} INFO - Processing /home/airflow/.local/lib/python3.12/site-packages/airflow/example_dags/example_xcom.py took 0.180 seconds
[2026-05-01T13:53:33.072+0000] {processor.py:161} INFO - Started process (PID=1277) to work on /home/airflow/.local/lib/python3.12/site-packages/airflow/example_dags/example_xcom.py
[2026-05-01T13:53:33.078+0000] {processor.py:830} INFO - Processing file /home/airflow/.local/lib/python3.12/site-packages/airflow/example_dags/example_xcom.py for tasks to queue
[2026-05-01T13:53:33.087+0000] {logging_mixin.py:188} INFO - [2026-05-01T13:53:33.087+0000] {dagbag.py:545} INFO - Filling up the DagBag from /home/airflow/.local/lib/python3.12/site-packages/airflow/example_dags/example_xcom.py
[2026-05-01T13:53:33.207+0000] {processor.py:840} INFO - DAG(s) 'example_xcom' retrieved from /home/airflow/.local/lib/python3.12/site-packages/airflow/example_dags/example_xcom.py
[2026-05-01T13:53:33.345+0000] {logging_mixin.py:188} INFO - [2026-05-01T13:53:33.344+0000] {dag.py:3089} INFO - Sync 1 DAGs
[2026-05-01T13:53:33.420+0000] {logging_mixin.py:188} INFO - [2026-05-01T13:53:33.420+0000] {dag.py:3947} INFO - Setting next_dagrun for example_xcom to 2021-01-01 00:00:00+00:00, run_after=2021-01-01 00:00:00+00:00
[2026-05-01T13:53:33.485+0000] {processor.py:183} INFO - Processing /home/airflow/.local/lib/python3.12/site-packages/airflow/example_dags/example_xcom.py took 0.442 seconds
