[2026-05-01T13:24:39.107+0000] {processor.py:161} INFO - Started process (PID=75) to work on /home/airflow/.local/lib/python3.12/site-packages/airflow/example_dags/example_task_group.py
[2026-05-01T13:24:39.116+0000] {processor.py:830} INFO - Processing file /home/airflow/.local/lib/python3.12/site-packages/airflow/example_dags/example_task_group.py for tasks to queue
[2026-05-01T13:24:39.151+0000] {logging_mixin.py:188} INFO - [2026-05-01T13:24:39.150+0000] {dagbag.py:545} INFO - Filling up the DagBag from /home/airflow/.local/lib/python3.12/site-packages/airflow/example_dags/example_task_group.py
[2026-05-01T13:24:39.243+0000] {processor.py:840} INFO - DAG(s) 'example_task_group' retrieved from /home/airflow/.local/lib/python3.12/site-packages/airflow/example_dags/example_task_group.py
[2026-05-01T13:24:40.927+0000] {logging_mixin.py:188} INFO - [2026-05-01T13:24:40.893+0000] {override.py:1858} INFO - Created Permission View: can delete on DAG:example_task_group
[2026-05-01T13:24:41.079+0000] {logging_mixin.py:188} INFO - [2026-05-01T13:24:41.078+0000] {override.py:1858} INFO - Created Permission View: can edit on DAG:example_task_group
[2026-05-01T13:24:41.185+0000] {logging_mixin.py:188} INFO - [2026-05-01T13:24:41.184+0000] {override.py:1858} INFO - Created Permission View: can read on DAG:example_task_group
[2026-05-01T13:24:41.194+0000] {logging_mixin.py:188} INFO - [2026-05-01T13:24:41.194+0000] {dag.py:3089} INFO - Sync 1 DAGs
[2026-05-01T13:24:41.628+0000] {logging_mixin.py:188} INFO - [2026-05-01T13:24:41.596+0000] {dag.py:3111} INFO - Creating ORM DAG for example_task_group
[2026-05-01T13:24:41.955+0000] {logging_mixin.py:188} INFO - [2026-05-01T13:24:41.955+0000] {dag.py:3947} INFO - Setting next_dagrun for example_task_group to 2026-04-30 00:00:00+00:00, run_after=2026-05-01 00:00:00+00:00
[2026-05-01T13:24:42.087+0000] {processor.py:183} INFO - Processing /home/airflow/.local/lib/python3.12/site-packages/airflow/example_dags/example_task_group.py took 3.085 seconds
[2026-05-01T13:25:29.788+0000] {processor.py:161} INFO - Started process (PID=138) to work on /home/airflow/.local/lib/python3.12/site-packages/airflow/example_dags/example_task_group.py
[2026-05-01T13:25:29.823+0000] {processor.py:830} INFO - Processing file /home/airflow/.local/lib/python3.12/site-packages/airflow/example_dags/example_task_group.py for tasks to queue
[2026-05-01T13:25:29.834+0000] {logging_mixin.py:188} INFO - [2026-05-01T13:25:29.833+0000] {dagbag.py:545} INFO - Filling up the DagBag from /home/airflow/.local/lib/python3.12/site-packages/airflow/example_dags/example_task_group.py
[2026-05-01T13:25:29.893+0000] {processor.py:840} INFO - DAG(s) 'example_task_group' retrieved from /home/airflow/.local/lib/python3.12/site-packages/airflow/example_dags/example_task_group.py
[2026-05-01T13:25:29.995+0000] {logging_mixin.py:188} INFO - [2026-05-01T13:25:29.990+0000] {dag.py:3089} INFO - Sync 1 DAGs
[2026-05-01T13:25:30.162+0000] {logging_mixin.py:188} INFO - [2026-05-01T13:25:30.162+0000] {dag.py:3947} INFO - Setting next_dagrun for example_task_group to 2026-04-30 00:00:00+00:00, run_after=2026-05-01 00:00:00+00:00
[2026-05-01T13:25:30.260+0000] {processor.py:183} INFO - Processing /home/airflow/.local/lib/python3.12/site-packages/airflow/example_dags/example_task_group.py took 0.638 seconds
[2026-05-01T13:26:01.178+0000] {processor.py:161} INFO - Started process (PID=196) to work on /home/airflow/.local/lib/python3.12/site-packages/airflow/example_dags/example_task_group.py
[2026-05-01T13:26:01.182+0000] {processor.py:830} INFO - Processing file /home/airflow/.local/lib/python3.12/site-packages/airflow/example_dags/example_task_group.py for tasks to queue
[2026-05-01T13:26:01.197+0000] {logging_mixin.py:188} INFO - [2026-05-01T13:26:01.194+0000] {dagbag.py:545} INFO - Filling up the DagBag from /home/airflow/.local/lib/python3.12/site-packages/airflow/example_dags/example_task_group.py
[2026-05-01T13:26:01.276+0000] {processor.py:840} INFO - DAG(s) 'example_task_group' retrieved from /home/airflow/.local/lib/python3.12/site-packages/airflow/example_dags/example_task_group.py
[2026-05-01T13:26:01.400+0000] {logging_mixin.py:188} INFO - [2026-05-01T13:26:01.400+0000] {dag.py:3089} INFO - Sync 1 DAGs
[2026-05-01T13:26:01.520+0000] {logging_mixin.py:188} INFO - [2026-05-01T13:26:01.520+0000] {dag.py:3947} INFO - Setting next_dagrun for example_task_group to 2026-04-30 00:00:00+00:00, run_after=2026-05-01 00:00:00+00:00
[2026-05-01T13:26:01.626+0000] {processor.py:183} INFO - Processing /home/airflow/.local/lib/python3.12/site-packages/airflow/example_dags/example_task_group.py took 0.483 seconds
[2026-05-01T13:26:32.145+0000] {processor.py:161} INFO - Started process (PID=254) to work on /home/airflow/.local/lib/python3.12/site-packages/airflow/example_dags/example_task_group.py
[2026-05-01T13:26:32.158+0000] {processor.py:830} INFO - Processing file /home/airflow/.local/lib/python3.12/site-packages/airflow/example_dags/example_task_group.py for tasks to queue
[2026-05-01T13:26:32.164+0000] {logging_mixin.py:188} INFO - [2026-05-01T13:26:32.163+0000] {dagbag.py:545} INFO - Filling up the DagBag from /home/airflow/.local/lib/python3.12/site-packages/airflow/example_dags/example_task_group.py
[2026-05-01T13:26:32.181+0000] {processor.py:840} INFO - DAG(s) 'example_task_group' retrieved from /home/airflow/.local/lib/python3.12/site-packages/airflow/example_dags/example_task_group.py
[2026-05-01T13:26:32.255+0000] {logging_mixin.py:188} INFO - [2026-05-01T13:26:32.254+0000] {dag.py:3089} INFO - Sync 1 DAGs
[2026-05-01T13:26:32.289+0000] {logging_mixin.py:188} INFO - [2026-05-01T13:26:32.288+0000] {dag.py:3947} INFO - Setting next_dagrun for example_task_group to 2026-04-30 00:00:00+00:00, run_after=2026-05-01 00:00:00+00:00
[2026-05-01T13:26:32.318+0000] {processor.py:183} INFO - Processing /home/airflow/.local/lib/python3.12/site-packages/airflow/example_dags/example_task_group.py took 0.195 seconds
[2026-05-01T13:27:02.819+0000] {processor.py:161} INFO - Started process (PID=312) to work on /home/airflow/.local/lib/python3.12/site-packages/airflow/example_dags/example_task_group.py
[2026-05-01T13:27:02.823+0000] {processor.py:830} INFO - Processing file /home/airflow/.local/lib/python3.12/site-packages/airflow/example_dags/example_task_group.py for tasks to queue
[2026-05-01T13:27:02.831+0000] {logging_mixin.py:188} INFO - [2026-05-01T13:27:02.830+0000] {dagbag.py:545} INFO - Filling up the DagBag from /home/airflow/.local/lib/python3.12/site-packages/airflow/example_dags/example_task_group.py
[2026-05-01T13:27:02.845+0000] {processor.py:840} INFO - DAG(s) 'example_task_group' retrieved from /home/airflow/.local/lib/python3.12/site-packages/airflow/example_dags/example_task_group.py
[2026-05-01T13:27:02.904+0000] {logging_mixin.py:188} INFO - [2026-05-01T13:27:02.904+0000] {dag.py:3089} INFO - Sync 1 DAGs
[2026-05-01T13:27:02.947+0000] {logging_mixin.py:188} INFO - [2026-05-01T13:27:02.946+0000] {dag.py:3947} INFO - Setting next_dagrun for example_task_group to 2026-04-30 00:00:00+00:00, run_after=2026-05-01 00:00:00+00:00
[2026-05-01T13:27:02.976+0000] {processor.py:183} INFO - Processing /home/airflow/.local/lib/python3.12/site-packages/airflow/example_dags/example_task_group.py took 0.172 seconds
[2026-05-01T13:27:33.220+0000] {processor.py:161} INFO - Started process (PID=370) to work on /home/airflow/.local/lib/python3.12/site-packages/airflow/example_dags/example_task_group.py
[2026-05-01T13:27:33.224+0000] {processor.py:830} INFO - Processing file /home/airflow/.local/lib/python3.12/site-packages/airflow/example_dags/example_task_group.py for tasks to queue
[2026-05-01T13:27:33.228+0000] {logging_mixin.py:188} INFO - [2026-05-01T13:27:33.228+0000] {dagbag.py:545} INFO - Filling up the DagBag from /home/airflow/.local/lib/python3.12/site-packages/airflow/example_dags/example_task_group.py
[2026-05-01T13:27:33.244+0000] {processor.py:840} INFO - DAG(s) 'example_task_group' retrieved from /home/airflow/.local/lib/python3.12/site-packages/airflow/example_dags/example_task_group.py
[2026-05-01T13:27:33.275+0000] {logging_mixin.py:188} INFO - [2026-05-01T13:27:33.275+0000] {dag.py:3089} INFO - Sync 1 DAGs
[2026-05-01T13:27:33.304+0000] {logging_mixin.py:188} INFO - [2026-05-01T13:27:33.304+0000] {dag.py:3947} INFO - Setting next_dagrun for example_task_group to 2026-04-30 00:00:00+00:00, run_after=2026-05-01 00:00:00+00:00
[2026-05-01T13:27:33.329+0000] {processor.py:183} INFO - Processing /home/airflow/.local/lib/python3.12/site-packages/airflow/example_dags/example_task_group.py took 0.121 seconds
[2026-05-01T13:28:04.152+0000] {processor.py:161} INFO - Started process (PID=429) to work on /home/airflow/.local/lib/python3.12/site-packages/airflow/example_dags/example_task_group.py
[2026-05-01T13:28:04.648+0000] {processor.py:830} INFO - Processing file /home/airflow/.local/lib/python3.12/site-packages/airflow/example_dags/example_task_group.py for tasks to queue
[2026-05-01T13:28:04.663+0000] {logging_mixin.py:188} INFO - [2026-05-01T13:28:04.662+0000] {dagbag.py:545} INFO - Filling up the DagBag from /home/airflow/.local/lib/python3.12/site-packages/airflow/example_dags/example_task_group.py
[2026-05-01T13:28:04.868+0000] {processor.py:840} INFO - DAG(s) 'example_task_group' retrieved from /home/airflow/.local/lib/python3.12/site-packages/airflow/example_dags/example_task_group.py
[2026-05-01T13:28:05.390+0000] {logging_mixin.py:188} INFO - [2026-05-01T13:28:05.390+0000] {dag.py:3089} INFO - Sync 1 DAGs
[2026-05-01T13:28:05.509+0000] {logging_mixin.py:188} INFO - [2026-05-01T13:28:05.508+0000] {dag.py:3947} INFO - Setting next_dagrun for example_task_group to 2026-04-30 00:00:00+00:00, run_after=2026-05-01 00:00:00+00:00
[2026-05-01T13:28:05.590+0000] {processor.py:183} INFO - Processing /home/airflow/.local/lib/python3.12/site-packages/airflow/example_dags/example_task_group.py took 1.543 seconds
[2026-05-01T13:28:36.151+0000] {processor.py:161} INFO - Started process (PID=487) to work on /home/airflow/.local/lib/python3.12/site-packages/airflow/example_dags/example_task_group.py
[2026-05-01T13:28:36.157+0000] {processor.py:830} INFO - Processing file /home/airflow/.local/lib/python3.12/site-packages/airflow/example_dags/example_task_group.py for tasks to queue
[2026-05-01T13:28:36.165+0000] {logging_mixin.py:188} INFO - [2026-05-01T13:28:36.164+0000] {dagbag.py:545} INFO - Filling up the DagBag from /home/airflow/.local/lib/python3.12/site-packages/airflow/example_dags/example_task_group.py
[2026-05-01T13:28:36.185+0000] {processor.py:840} INFO - DAG(s) 'example_task_group' retrieved from /home/airflow/.local/lib/python3.12/site-packages/airflow/example_dags/example_task_group.py
[2026-05-01T13:28:36.280+0000] {logging_mixin.py:188} INFO - [2026-05-01T13:28:36.280+0000] {dag.py:3089} INFO - Sync 1 DAGs
[2026-05-01T13:28:36.326+0000] {logging_mixin.py:188} INFO - [2026-05-01T13:28:36.325+0000] {dag.py:3947} INFO - Setting next_dagrun for example_task_group to 2026-04-30 00:00:00+00:00, run_after=2026-05-01 00:00:00+00:00
[2026-05-01T13:28:36.367+0000] {processor.py:183} INFO - Processing /home/airflow/.local/lib/python3.12/site-packages/airflow/example_dags/example_task_group.py took 0.231 seconds
[2026-05-01T13:29:06.857+0000] {processor.py:161} INFO - Started process (PID=545) to work on /home/airflow/.local/lib/python3.12/site-packages/airflow/example_dags/example_task_group.py
[2026-05-01T13:29:06.864+0000] {processor.py:830} INFO - Processing file /home/airflow/.local/lib/python3.12/site-packages/airflow/example_dags/example_task_group.py for tasks to queue
[2026-05-01T13:29:06.901+0000] {logging_mixin.py:188} INFO - [2026-05-01T13:29:06.898+0000] {dagbag.py:545} INFO - Filling up the DagBag from /home/airflow/.local/lib/python3.12/site-packages/airflow/example_dags/example_task_group.py
[2026-05-01T13:29:06.937+0000] {processor.py:840} INFO - DAG(s) 'example_task_group' retrieved from /home/airflow/.local/lib/python3.12/site-packages/airflow/example_dags/example_task_group.py
[2026-05-01T13:29:06.990+0000] {logging_mixin.py:188} INFO - [2026-05-01T13:29:06.990+0000] {dag.py:3089} INFO - Sync 1 DAGs
[2026-05-01T13:29:07.056+0000] {logging_mixin.py:188} INFO - [2026-05-01T13:29:07.055+0000] {dag.py:3947} INFO - Setting next_dagrun for example_task_group to 2026-04-30 00:00:00+00:00, run_after=2026-05-01 00:00:00+00:00
[2026-05-01T13:29:07.098+0000] {processor.py:183} INFO - Processing /home/airflow/.local/lib/python3.12/site-packages/airflow/example_dags/example_task_group.py took 0.256 seconds
[2026-05-01T13:29:37.895+0000] {processor.py:161} INFO - Started process (PID=603) to work on /home/airflow/.local/lib/python3.12/site-packages/airflow/example_dags/example_task_group.py
[2026-05-01T13:29:37.904+0000] {processor.py:830} INFO - Processing file /home/airflow/.local/lib/python3.12/site-packages/airflow/example_dags/example_task_group.py for tasks to queue
[2026-05-01T13:29:37.917+0000] {logging_mixin.py:188} INFO - [2026-05-01T13:29:37.913+0000] {dagbag.py:545} INFO - Filling up the DagBag from /home/airflow/.local/lib/python3.12/site-packages/airflow/example_dags/example_task_group.py
[2026-05-01T13:29:37.964+0000] {processor.py:840} INFO - DAG(s) 'example_task_group' retrieved from /home/airflow/.local/lib/python3.12/site-packages/airflow/example_dags/example_task_group.py
[2026-05-01T13:29:38.083+0000] {logging_mixin.py:188} INFO - [2026-05-01T13:29:38.083+0000] {dag.py:3089} INFO - Sync 1 DAGs
[2026-05-01T13:29:38.163+0000] {logging_mixin.py:188} INFO - [2026-05-01T13:29:38.163+0000] {dag.py:3947} INFO - Setting next_dagrun for example_task_group to 2026-04-30 00:00:00+00:00, run_after=2026-05-01 00:00:00+00:00
[2026-05-01T13:29:38.226+0000] {processor.py:183} INFO - Processing /home/airflow/.local/lib/python3.12/site-packages/airflow/example_dags/example_task_group.py took 0.354 seconds
[2026-05-01T13:30:09.205+0000] {processor.py:161} INFO - Started process (PID=661) to work on /home/airflow/.local/lib/python3.12/site-packages/airflow/example_dags/example_task_group.py
[2026-05-01T13:30:09.214+0000] {processor.py:830} INFO - Processing file /home/airflow/.local/lib/python3.12/site-packages/airflow/example_dags/example_task_group.py for tasks to queue
[2026-05-01T13:30:09.223+0000] {logging_mixin.py:188} INFO - [2026-05-01T13:30:09.220+0000] {dagbag.py:545} INFO - Filling up the DagBag from /home/airflow/.local/lib/python3.12/site-packages/airflow/example_dags/example_task_group.py
[2026-05-01T13:30:09.251+0000] {processor.py:840} INFO - DAG(s) 'example_task_group' retrieved from /home/airflow/.local/lib/python3.12/site-packages/airflow/example_dags/example_task_group.py
[2026-05-01T13:30:09.304+0000] {logging_mixin.py:188} INFO - [2026-05-01T13:30:09.303+0000] {dag.py:3089} INFO - Sync 1 DAGs
[2026-05-01T13:30:09.358+0000] {logging_mixin.py:188} INFO - [2026-05-01T13:30:09.358+0000] {dag.py:3947} INFO - Setting next_dagrun for example_task_group to 2026-04-30 00:00:00+00:00, run_after=2026-05-01 00:00:00+00:00
[2026-05-01T13:30:09.401+0000] {processor.py:183} INFO - Processing /home/airflow/.local/lib/python3.12/site-packages/airflow/example_dags/example_task_group.py took 0.213 seconds
[2026-05-01T13:30:39.760+0000] {processor.py:161} INFO - Started process (PID=719) to work on /home/airflow/.local/lib/python3.12/site-packages/airflow/example_dags/example_task_group.py
[2026-05-01T13:30:39.766+0000] {processor.py:830} INFO - Processing file /home/airflow/.local/lib/python3.12/site-packages/airflow/example_dags/example_task_group.py for tasks to queue
[2026-05-01T13:30:39.771+0000] {logging_mixin.py:188} INFO - [2026-05-01T13:30:39.770+0000] {dagbag.py:545} INFO - Filling up the DagBag from /home/airflow/.local/lib/python3.12/site-packages/airflow/example_dags/example_task_group.py
[2026-05-01T13:30:39.799+0000] {processor.py:840} INFO - DAG(s) 'example_task_group' retrieved from /home/airflow/.local/lib/python3.12/site-packages/airflow/example_dags/example_task_group.py
[2026-05-01T13:30:39.858+0000] {logging_mixin.py:188} INFO - [2026-05-01T13:30:39.858+0000] {dag.py:3089} INFO - Sync 1 DAGs
[2026-05-01T13:30:39.904+0000] {logging_mixin.py:188} INFO - [2026-05-01T13:30:39.903+0000] {dag.py:3947} INFO - Setting next_dagrun for example_task_group to 2026-04-30 00:00:00+00:00, run_after=2026-05-01 00:00:00+00:00
[2026-05-01T13:30:39.943+0000] {processor.py:183} INFO - Processing /home/airflow/.local/lib/python3.12/site-packages/airflow/example_dags/example_task_group.py took 0.198 seconds
[2026-05-01T13:31:10.012+0000] {processor.py:161} INFO - Started process (PID=777) to work on /home/airflow/.local/lib/python3.12/site-packages/airflow/example_dags/example_task_group.py
[2026-05-01T13:31:10.017+0000] {processor.py:830} INFO - Processing file /home/airflow/.local/lib/python3.12/site-packages/airflow/example_dags/example_task_group.py for tasks to queue
[2026-05-01T13:31:10.022+0000] {logging_mixin.py:188} INFO - [2026-05-01T13:31:10.021+0000] {dagbag.py:545} INFO - Filling up the DagBag from /home/airflow/.local/lib/python3.12/site-packages/airflow/example_dags/example_task_group.py
[2026-05-01T13:31:10.037+0000] {processor.py:840} INFO - DAG(s) 'example_task_group' retrieved from /home/airflow/.local/lib/python3.12/site-packages/airflow/example_dags/example_task_group.py
[2026-05-01T13:31:10.067+0000] {logging_mixin.py:188} INFO - [2026-05-01T13:31:10.067+0000] {dag.py:3089} INFO - Sync 1 DAGs
[2026-05-01T13:31:10.098+0000] {logging_mixin.py:188} INFO - [2026-05-01T13:31:10.097+0000] {dag.py:3947} INFO - Setting next_dagrun for example_task_group to 2026-04-30 00:00:00+00:00, run_after=2026-05-01 00:00:00+00:00
[2026-05-01T13:31:10.124+0000] {processor.py:183} INFO - Processing /home/airflow/.local/lib/python3.12/site-packages/airflow/example_dags/example_task_group.py took 0.121 seconds
[2026-05-01T13:31:40.515+0000] {processor.py:161} INFO - Started process (PID=835) to work on /home/airflow/.local/lib/python3.12/site-packages/airflow/example_dags/example_task_group.py
[2026-05-01T13:31:40.520+0000] {processor.py:830} INFO - Processing file /home/airflow/.local/lib/python3.12/site-packages/airflow/example_dags/example_task_group.py for tasks to queue
[2026-05-01T13:31:40.535+0000] {logging_mixin.py:188} INFO - [2026-05-01T13:31:40.534+0000] {dagbag.py:545} INFO - Filling up the DagBag from /home/airflow/.local/lib/python3.12/site-packages/airflow/example_dags/example_task_group.py
[2026-05-01T13:31:40.553+0000] {processor.py:840} INFO - DAG(s) 'example_task_group' retrieved from /home/airflow/.local/lib/python3.12/site-packages/airflow/example_dags/example_task_group.py
[2026-05-01T13:31:40.599+0000] {logging_mixin.py:188} INFO - [2026-05-01T13:31:40.599+0000] {dag.py:3089} INFO - Sync 1 DAGs
[2026-05-01T13:31:40.643+0000] {logging_mixin.py:188} INFO - [2026-05-01T13:31:40.643+0000] {dag.py:3947} INFO - Setting next_dagrun for example_task_group to 2026-04-30 00:00:00+00:00, run_after=2026-05-01 00:00:00+00:00
[2026-05-01T13:31:40.673+0000] {processor.py:183} INFO - Processing /home/airflow/.local/lib/python3.12/site-packages/airflow/example_dags/example_task_group.py took 0.170 seconds
[2026-05-01T13:32:11.345+0000] {processor.py:161} INFO - Started process (PID=893) to work on /home/airflow/.local/lib/python3.12/site-packages/airflow/example_dags/example_task_group.py
[2026-05-01T13:32:11.360+0000] {processor.py:830} INFO - Processing file /home/airflow/.local/lib/python3.12/site-packages/airflow/example_dags/example_task_group.py for tasks to queue
[2026-05-01T13:32:11.370+0000] {logging_mixin.py:188} INFO - [2026-05-01T13:32:11.369+0000] {dagbag.py:545} INFO - Filling up the DagBag from /home/airflow/.local/lib/python3.12/site-packages/airflow/example_dags/example_task_group.py
[2026-05-01T13:32:11.391+0000] {processor.py:840} INFO - DAG(s) 'example_task_group' retrieved from /home/airflow/.local/lib/python3.12/site-packages/airflow/example_dags/example_task_group.py
[2026-05-01T13:32:11.474+0000] {logging_mixin.py:188} INFO - [2026-05-01T13:32:11.473+0000] {dag.py:3089} INFO - Sync 1 DAGs
[2026-05-01T13:32:11.527+0000] {logging_mixin.py:188} INFO - [2026-05-01T13:32:11.526+0000] {dag.py:3947} INFO - Setting next_dagrun for example_task_group to 2026-04-30 00:00:00+00:00, run_after=2026-05-01 00:00:00+00:00
[2026-05-01T13:32:11.633+0000] {processor.py:183} INFO - Processing /home/airflow/.local/lib/python3.12/site-packages/airflow/example_dags/example_task_group.py took 0.312 seconds
[2026-05-01T13:32:41.992+0000] {processor.py:161} INFO - Started process (PID=951) to work on /home/airflow/.local/lib/python3.12/site-packages/airflow/example_dags/example_task_group.py
[2026-05-01T13:32:42.005+0000] {processor.py:830} INFO - Processing file /home/airflow/.local/lib/python3.12/site-packages/airflow/example_dags/example_task_group.py for tasks to queue
[2026-05-01T13:32:42.020+0000] {logging_mixin.py:188} INFO - [2026-05-01T13:32:42.017+0000] {dagbag.py:545} INFO - Filling up the DagBag from /home/airflow/.local/lib/python3.12/site-packages/airflow/example_dags/example_task_group.py
[2026-05-01T13:32:42.053+0000] {processor.py:840} INFO - DAG(s) 'example_task_group' retrieved from /home/airflow/.local/lib/python3.12/site-packages/airflow/example_dags/example_task_group.py
[2026-05-01T13:32:42.219+0000] {logging_mixin.py:188} INFO - [2026-05-01T13:32:42.218+0000] {dag.py:3089} INFO - Sync 1 DAGs
[2026-05-01T13:32:42.283+0000] {logging_mixin.py:188} INFO - [2026-05-01T13:32:42.283+0000] {dag.py:3947} INFO - Setting next_dagrun for example_task_group to 2026-04-30 00:00:00+00:00, run_after=2026-05-01 00:00:00+00:00
[2026-05-01T13:32:42.313+0000] {processor.py:183} INFO - Processing /home/airflow/.local/lib/python3.12/site-packages/airflow/example_dags/example_task_group.py took 0.385 seconds
[2026-05-01T13:33:12.482+0000] {processor.py:161} INFO - Started process (PID=1009) to work on /home/airflow/.local/lib/python3.12/site-packages/airflow/example_dags/example_task_group.py
[2026-05-01T13:33:12.488+0000] {processor.py:830} INFO - Processing file /home/airflow/.local/lib/python3.12/site-packages/airflow/example_dags/example_task_group.py for tasks to queue
[2026-05-01T13:33:12.501+0000] {logging_mixin.py:188} INFO - [2026-05-01T13:33:12.499+0000] {dagbag.py:545} INFO - Filling up the DagBag from /home/airflow/.local/lib/python3.12/site-packages/airflow/example_dags/example_task_group.py
[2026-05-01T13:33:12.527+0000] {processor.py:840} INFO - DAG(s) 'example_task_group' retrieved from /home/airflow/.local/lib/python3.12/site-packages/airflow/example_dags/example_task_group.py
[2026-05-01T13:33:12.571+0000] {logging_mixin.py:188} INFO - [2026-05-01T13:33:12.571+0000] {dag.py:3089} INFO - Sync 1 DAGs
[2026-05-01T13:33:12.639+0000] {logging_mixin.py:188} INFO - [2026-05-01T13:33:12.637+0000] {dag.py:3947} INFO - Setting next_dagrun for example_task_group to 2026-04-30 00:00:00+00:00, run_after=2026-05-01 00:00:00+00:00
[2026-05-01T13:33:12.694+0000] {processor.py:183} INFO - Processing /home/airflow/.local/lib/python3.12/site-packages/airflow/example_dags/example_task_group.py took 0.228 seconds
[2026-05-01T13:33:43.017+0000] {processor.py:161} INFO - Started process (PID=1067) to work on /home/airflow/.local/lib/python3.12/site-packages/airflow/example_dags/example_task_group.py
[2026-05-01T13:33:43.021+0000] {processor.py:830} INFO - Processing file /home/airflow/.local/lib/python3.12/site-packages/airflow/example_dags/example_task_group.py for tasks to queue
[2026-05-01T13:33:43.026+0000] {logging_mixin.py:188} INFO - [2026-05-01T13:33:43.025+0000] {dagbag.py:545} INFO - Filling up the DagBag from /home/airflow/.local/lib/python3.12/site-packages/airflow/example_dags/example_task_group.py
[2026-05-01T13:33:43.041+0000] {processor.py:840} INFO - DAG(s) 'example_task_group' retrieved from /home/airflow/.local/lib/python3.12/site-packages/airflow/example_dags/example_task_group.py
[2026-05-01T13:33:43.077+0000] {logging_mixin.py:188} INFO - [2026-05-01T13:33:43.077+0000] {dag.py:3089} INFO - Sync 1 DAGs
[2026-05-01T13:33:43.117+0000] {logging_mixin.py:188} INFO - [2026-05-01T13:33:43.116+0000] {dag.py:3947} INFO - Setting next_dagrun for example_task_group to 2026-04-30 00:00:00+00:00, run_after=2026-05-01 00:00:00+00:00
[2026-05-01T13:33:43.150+0000] {processor.py:183} INFO - Processing /home/airflow/.local/lib/python3.12/site-packages/airflow/example_dags/example_task_group.py took 0.153 seconds
[2026-05-01T13:34:13.289+0000] {processor.py:161} INFO - Started process (PID=1125) to work on /home/airflow/.local/lib/python3.12/site-packages/airflow/example_dags/example_task_group.py
[2026-05-01T13:34:13.300+0000] {processor.py:830} INFO - Processing file /home/airflow/.local/lib/python3.12/site-packages/airflow/example_dags/example_task_group.py for tasks to queue
[2026-05-01T13:34:13.313+0000] {logging_mixin.py:188} INFO - [2026-05-01T13:34:13.312+0000] {dagbag.py:545} INFO - Filling up the DagBag from /home/airflow/.local/lib/python3.12/site-packages/airflow/example_dags/example_task_group.py
[2026-05-01T13:34:13.333+0000] {processor.py:840} INFO - DAG(s) 'example_task_group' retrieved from /home/airflow/.local/lib/python3.12/site-packages/airflow/example_dags/example_task_group.py
[2026-05-01T13:34:13.391+0000] {logging_mixin.py:188} INFO - [2026-05-01T13:34:13.391+0000] {dag.py:3089} INFO - Sync 1 DAGs
[2026-05-01T13:34:13.450+0000] {logging_mixin.py:188} INFO - [2026-05-01T13:34:13.450+0000] {dag.py:3947} INFO - Setting next_dagrun for example_task_group to 2026-04-30 00:00:00+00:00, run_after=2026-05-01 00:00:00+00:00
[2026-05-01T13:34:13.495+0000] {processor.py:183} INFO - Processing /home/airflow/.local/lib/python3.12/site-packages/airflow/example_dags/example_task_group.py took 0.232 seconds
[2026-05-01T13:34:43.794+0000] {processor.py:161} INFO - Started process (PID=1181) to work on /home/airflow/.local/lib/python3.12/site-packages/airflow/example_dags/example_task_group.py
[2026-05-01T13:34:43.802+0000] {processor.py:830} INFO - Processing file /home/airflow/.local/lib/python3.12/site-packages/airflow/example_dags/example_task_group.py for tasks to queue
[2026-05-01T13:34:43.820+0000] {logging_mixin.py:188} INFO - [2026-05-01T13:34:43.819+0000] {dagbag.py:545} INFO - Filling up the DagBag from /home/airflow/.local/lib/python3.12/site-packages/airflow/example_dags/example_task_group.py
[2026-05-01T13:34:43.877+0000] {processor.py:840} INFO - DAG(s) 'example_task_group' retrieved from /home/airflow/.local/lib/python3.12/site-packages/airflow/example_dags/example_task_group.py
[2026-05-01T13:34:43.997+0000] {logging_mixin.py:188} INFO - [2026-05-01T13:34:43.995+0000] {dag.py:3089} INFO - Sync 1 DAGs
[2026-05-01T13:34:44.051+0000] {logging_mixin.py:188} INFO - [2026-05-01T13:34:44.051+0000] {dag.py:3947} INFO - Setting next_dagrun for example_task_group to 2026-04-30 00:00:00+00:00, run_after=2026-05-01 00:00:00+00:00
[2026-05-01T13:34:44.078+0000] {processor.py:183} INFO - Processing /home/airflow/.local/lib/python3.12/site-packages/airflow/example_dags/example_task_group.py took 0.311 seconds
[2026-05-01T13:35:15.083+0000] {processor.py:161} INFO - Started process (PID=1238) to work on /home/airflow/.local/lib/python3.12/site-packages/airflow/example_dags/example_task_group.py
[2026-05-01T13:35:15.088+0000] {processor.py:830} INFO - Processing file /home/airflow/.local/lib/python3.12/site-packages/airflow/example_dags/example_task_group.py for tasks to queue
[2026-05-01T13:35:15.094+0000] {logging_mixin.py:188} INFO - [2026-05-01T13:35:15.093+0000] {dagbag.py:545} INFO - Filling up the DagBag from /home/airflow/.local/lib/python3.12/site-packages/airflow/example_dags/example_task_group.py
[2026-05-01T13:35:15.108+0000] {processor.py:840} INFO - DAG(s) 'example_task_group' retrieved from /home/airflow/.local/lib/python3.12/site-packages/airflow/example_dags/example_task_group.py
[2026-05-01T13:35:15.142+0000] {logging_mixin.py:188} INFO - [2026-05-01T13:35:15.142+0000] {dag.py:3089} INFO - Sync 1 DAGs
[2026-05-01T13:35:15.175+0000] {logging_mixin.py:188} INFO - [2026-05-01T13:35:15.174+0000] {dag.py:3947} INFO - Setting next_dagrun for example_task_group to 2026-04-30 00:00:00+00:00, run_after=2026-05-01 00:00:00+00:00
[2026-05-01T13:35:15.201+0000] {processor.py:183} INFO - Processing /home/airflow/.local/lib/python3.12/site-packages/airflow/example_dags/example_task_group.py took 0.140 seconds
[2026-05-01T13:35:45.354+0000] {processor.py:161} INFO - Started process (PID=1296) to work on /home/airflow/.local/lib/python3.12/site-packages/airflow/example_dags/example_task_group.py
[2026-05-01T13:35:45.359+0000] {processor.py:830} INFO - Processing file /home/airflow/.local/lib/python3.12/site-packages/airflow/example_dags/example_task_group.py for tasks to queue
[2026-05-01T13:35:45.374+0000] {logging_mixin.py:188} INFO - [2026-05-01T13:35:45.373+0000] {dagbag.py:545} INFO - Filling up the DagBag from /home/airflow/.local/lib/python3.12/site-packages/airflow/example_dags/example_task_group.py
[2026-05-01T13:35:45.393+0000] {processor.py:840} INFO - DAG(s) 'example_task_group' retrieved from /home/airflow/.local/lib/python3.12/site-packages/airflow/example_dags/example_task_group.py
[2026-05-01T13:35:45.434+0000] {logging_mixin.py:188} INFO - [2026-05-01T13:35:45.434+0000] {dag.py:3089} INFO - Sync 1 DAGs
[2026-05-01T13:35:45.469+0000] {logging_mixin.py:188} INFO - [2026-05-01T13:35:45.468+0000] {dag.py:3947} INFO - Setting next_dagrun for example_task_group to 2026-04-30 00:00:00+00:00, run_after=2026-05-01 00:00:00+00:00
[2026-05-01T13:35:45.504+0000] {processor.py:183} INFO - Processing /home/airflow/.local/lib/python3.12/site-packages/airflow/example_dags/example_task_group.py took 0.165 seconds
[2026-05-01T13:36:16.317+0000] {processor.py:161} INFO - Started process (PID=1360) to work on /home/airflow/.local/lib/python3.12/site-packages/airflow/example_dags/example_task_group.py
[2026-05-01T13:36:16.328+0000] {processor.py:830} INFO - Processing file /home/airflow/.local/lib/python3.12/site-packages/airflow/example_dags/example_task_group.py for tasks to queue
[2026-05-01T13:36:16.345+0000] {logging_mixin.py:188} INFO - [2026-05-01T13:36:16.338+0000] {dagbag.py:545} INFO - Filling up the DagBag from /home/airflow/.local/lib/python3.12/site-packages/airflow/example_dags/example_task_group.py
[2026-05-01T13:36:16.373+0000] {processor.py:840} INFO - DAG(s) 'example_task_group' retrieved from /home/airflow/.local/lib/python3.12/site-packages/airflow/example_dags/example_task_group.py
[2026-05-01T13:36:16.420+0000] {logging_mixin.py:188} INFO - [2026-05-01T13:36:16.420+0000] {dag.py:3089} INFO - Sync 1 DAGs
[2026-05-01T13:36:16.470+0000] {logging_mixin.py:188} INFO - [2026-05-01T13:36:16.469+0000] {dag.py:3947} INFO - Setting next_dagrun for example_task_group to 2026-04-30 00:00:00+00:00, run_after=2026-05-01 00:00:00+00:00
[2026-05-01T13:36:16.509+0000] {processor.py:183} INFO - Processing /home/airflow/.local/lib/python3.12/site-packages/airflow/example_dags/example_task_group.py took 0.202 seconds
[2026-05-01T13:36:46.608+0000] {processor.py:161} INFO - Started process (PID=1418) to work on /home/airflow/.local/lib/python3.12/site-packages/airflow/example_dags/example_task_group.py
[2026-05-01T13:36:46.612+0000] {processor.py:830} INFO - Processing file /home/airflow/.local/lib/python3.12/site-packages/airflow/example_dags/example_task_group.py for tasks to queue
[2026-05-01T13:36:46.622+0000] {logging_mixin.py:188} INFO - [2026-05-01T13:36:46.620+0000] {dagbag.py:545} INFO - Filling up the DagBag from /home/airflow/.local/lib/python3.12/site-packages/airflow/example_dags/example_task_group.py
[2026-05-01T13:36:46.661+0000] {processor.py:840} INFO - DAG(s) 'example_task_group' retrieved from /home/airflow/.local/lib/python3.12/site-packages/airflow/example_dags/example_task_group.py
[2026-05-01T13:36:46.795+0000] {logging_mixin.py:188} INFO - [2026-05-01T13:36:46.795+0000] {dag.py:3089} INFO - Sync 1 DAGs
[2026-05-01T13:36:47.023+0000] {logging_mixin.py:188} INFO - [2026-05-01T13:36:47.023+0000] {dag.py:3947} INFO - Setting next_dagrun for example_task_group to 2026-04-30 00:00:00+00:00, run_after=2026-05-01 00:00:00+00:00
[2026-05-01T13:36:47.075+0000] {processor.py:183} INFO - Processing /home/airflow/.local/lib/python3.12/site-packages/airflow/example_dags/example_task_group.py took 0.485 seconds
[2026-05-01T13:37:17.896+0000] {processor.py:161} INFO - Started process (PID=1475) to work on /home/airflow/.local/lib/python3.12/site-packages/airflow/example_dags/example_task_group.py
[2026-05-01T13:37:17.903+0000] {processor.py:830} INFO - Processing file /home/airflow/.local/lib/python3.12/site-packages/airflow/example_dags/example_task_group.py for tasks to queue
[2026-05-01T13:37:17.916+0000] {logging_mixin.py:188} INFO - [2026-05-01T13:37:17.915+0000] {dagbag.py:545} INFO - Filling up the DagBag from /home/airflow/.local/lib/python3.12/site-packages/airflow/example_dags/example_task_group.py
[2026-05-01T13:37:17.948+0000] {processor.py:840} INFO - DAG(s) 'example_task_group' retrieved from /home/airflow/.local/lib/python3.12/site-packages/airflow/example_dags/example_task_group.py
[2026-05-01T13:37:18.010+0000] {logging_mixin.py:188} INFO - [2026-05-01T13:37:18.009+0000] {dag.py:3089} INFO - Sync 1 DAGs
[2026-05-01T13:37:18.065+0000] {logging_mixin.py:188} INFO - [2026-05-01T13:37:18.065+0000] {dag.py:3947} INFO - Setting next_dagrun for example_task_group to 2026-04-30 00:00:00+00:00, run_after=2026-05-01 00:00:00+00:00
[2026-05-01T13:37:18.110+0000] {processor.py:183} INFO - Processing /home/airflow/.local/lib/python3.12/site-packages/airflow/example_dags/example_task_group.py took 0.229 seconds
[2026-05-01T13:37:48.372+0000] {processor.py:161} INFO - Started process (PID=1532) to work on /home/airflow/.local/lib/python3.12/site-packages/airflow/example_dags/example_task_group.py
[2026-05-01T13:37:48.377+0000] {processor.py:830} INFO - Processing file /home/airflow/.local/lib/python3.12/site-packages/airflow/example_dags/example_task_group.py for tasks to queue
[2026-05-01T13:37:48.384+0000] {logging_mixin.py:188} INFO - [2026-05-01T13:37:48.384+0000] {dagbag.py:545} INFO - Filling up the DagBag from /home/airflow/.local/lib/python3.12/site-packages/airflow/example_dags/example_task_group.py
[2026-05-01T13:37:48.406+0000] {processor.py:840} INFO - DAG(s) 'example_task_group' retrieved from /home/airflow/.local/lib/python3.12/site-packages/airflow/example_dags/example_task_group.py
[2026-05-01T13:37:48.490+0000] {logging_mixin.py:188} INFO - [2026-05-01T13:37:48.489+0000] {dag.py:3089} INFO - Sync 1 DAGs
[2026-05-01T13:37:48.550+0000] {logging_mixin.py:188} INFO - [2026-05-01T13:37:48.548+0000] {dag.py:3947} INFO - Setting next_dagrun for example_task_group to 2026-04-30 00:00:00+00:00, run_after=2026-05-01 00:00:00+00:00
[2026-05-01T13:37:48.582+0000] {processor.py:183} INFO - Processing /home/airflow/.local/lib/python3.12/site-packages/airflow/example_dags/example_task_group.py took 0.223 seconds
[2026-05-01T13:38:18.665+0000] {processor.py:161} INFO - Started process (PID=1590) to work on /home/airflow/.local/lib/python3.12/site-packages/airflow/example_dags/example_task_group.py
[2026-05-01T13:38:18.669+0000] {processor.py:830} INFO - Processing file /home/airflow/.local/lib/python3.12/site-packages/airflow/example_dags/example_task_group.py for tasks to queue
[2026-05-01T13:38:18.675+0000] {logging_mixin.py:188} INFO - [2026-05-01T13:38:18.674+0000] {dagbag.py:545} INFO - Filling up the DagBag from /home/airflow/.local/lib/python3.12/site-packages/airflow/example_dags/example_task_group.py
[2026-05-01T13:38:18.691+0000] {processor.py:840} INFO - DAG(s) 'example_task_group' retrieved from /home/airflow/.local/lib/python3.12/site-packages/airflow/example_dags/example_task_group.py
[2026-05-01T13:38:18.734+0000] {logging_mixin.py:188} INFO - [2026-05-01T13:38:18.733+0000] {dag.py:3089} INFO - Sync 1 DAGs
[2026-05-01T13:38:18.795+0000] {logging_mixin.py:188} INFO - [2026-05-01T13:38:18.794+0000] {dag.py:3947} INFO - Setting next_dagrun for example_task_group to 2026-04-30 00:00:00+00:00, run_after=2026-05-01 00:00:00+00:00
[2026-05-01T13:38:18.835+0000] {processor.py:183} INFO - Processing /home/airflow/.local/lib/python3.12/site-packages/airflow/example_dags/example_task_group.py took 0.182 seconds
[2026-05-01T13:38:49.699+0000] {processor.py:161} INFO - Started process (PID=1648) to work on /home/airflow/.local/lib/python3.12/site-packages/airflow/example_dags/example_task_group.py
[2026-05-01T13:38:49.702+0000] {processor.py:830} INFO - Processing file /home/airflow/.local/lib/python3.12/site-packages/airflow/example_dags/example_task_group.py for tasks to queue
[2026-05-01T13:38:49.707+0000] {logging_mixin.py:188} INFO - [2026-05-01T13:38:49.706+0000] {dagbag.py:545} INFO - Filling up the DagBag from /home/airflow/.local/lib/python3.12/site-packages/airflow/example_dags/example_task_group.py
[2026-05-01T13:38:49.721+0000] {processor.py:840} INFO - DAG(s) 'example_task_group' retrieved from /home/airflow/.local/lib/python3.12/site-packages/airflow/example_dags/example_task_group.py
[2026-05-01T13:38:49.753+0000] {logging_mixin.py:188} INFO - [2026-05-01T13:38:49.753+0000] {dag.py:3089} INFO - Sync 1 DAGs
[2026-05-01T13:38:49.792+0000] {logging_mixin.py:188} INFO - [2026-05-01T13:38:49.792+0000] {dag.py:3947} INFO - Setting next_dagrun for example_task_group to 2026-04-30 00:00:00+00:00, run_after=2026-05-01 00:00:00+00:00
[2026-05-01T13:38:49.825+0000] {processor.py:183} INFO - Processing /home/airflow/.local/lib/python3.12/site-packages/airflow/example_dags/example_task_group.py took 0.145 seconds
[2026-05-01T13:39:20.516+0000] {processor.py:161} INFO - Started process (PID=1706) to work on /home/airflow/.local/lib/python3.12/site-packages/airflow/example_dags/example_task_group.py
[2026-05-01T13:39:20.530+0000] {processor.py:830} INFO - Processing file /home/airflow/.local/lib/python3.12/site-packages/airflow/example_dags/example_task_group.py for tasks to queue
[2026-05-01T13:39:20.541+0000] {logging_mixin.py:188} INFO - [2026-05-01T13:39:20.541+0000] {dagbag.py:545} INFO - Filling up the DagBag from /home/airflow/.local/lib/python3.12/site-packages/airflow/example_dags/example_task_group.py
[2026-05-01T13:39:20.560+0000] {processor.py:840} INFO - DAG(s) 'example_task_group' retrieved from /home/airflow/.local/lib/python3.12/site-packages/airflow/example_dags/example_task_group.py
[2026-05-01T13:39:20.597+0000] {logging_mixin.py:188} INFO - [2026-05-01T13:39:20.597+0000] {dag.py:3089} INFO - Sync 1 DAGs
[2026-05-01T13:39:20.856+0000] {logging_mixin.py:188} INFO - [2026-05-01T13:39:20.855+0000] {dag.py:3947} INFO - Setting next_dagrun for example_task_group to 2026-04-30 00:00:00+00:00, run_after=2026-05-01 00:00:00+00:00
[2026-05-01T13:39:20.893+0000] {processor.py:183} INFO - Processing /home/airflow/.local/lib/python3.12/site-packages/airflow/example_dags/example_task_group.py took 0.404 seconds
[2026-05-01T13:39:51.118+0000] {processor.py:161} INFO - Started process (PID=1764) to work on /home/airflow/.local/lib/python3.12/site-packages/airflow/example_dags/example_task_group.py
[2026-05-01T13:39:51.121+0000] {processor.py:830} INFO - Processing file /home/airflow/.local/lib/python3.12/site-packages/airflow/example_dags/example_task_group.py for tasks to queue
[2026-05-01T13:39:51.125+0000] {logging_mixin.py:188} INFO - [2026-05-01T13:39:51.124+0000] {dagbag.py:545} INFO - Filling up the DagBag from /home/airflow/.local/lib/python3.12/site-packages/airflow/example_dags/example_task_group.py
[2026-05-01T13:39:51.150+0000] {processor.py:840} INFO - DAG(s) 'example_task_group' retrieved from /home/airflow/.local/lib/python3.12/site-packages/airflow/example_dags/example_task_group.py
[2026-05-01T13:39:51.209+0000] {logging_mixin.py:188} INFO - [2026-05-01T13:39:51.209+0000] {dag.py:3089} INFO - Sync 1 DAGs
[2026-05-01T13:39:51.264+0000] {logging_mixin.py:188} INFO - [2026-05-01T13:39:51.263+0000] {dag.py:3947} INFO - Setting next_dagrun for example_task_group to 2026-04-30 00:00:00+00:00, run_after=2026-05-01 00:00:00+00:00
[2026-05-01T13:39:51.482+0000] {processor.py:183} INFO - Processing /home/airflow/.local/lib/python3.12/site-packages/airflow/example_dags/example_task_group.py took 0.376 seconds
[2026-05-01T13:40:21.668+0000] {processor.py:161} INFO - Started process (PID=1823) to work on /home/airflow/.local/lib/python3.12/site-packages/airflow/example_dags/example_task_group.py
[2026-05-01T13:40:21.671+0000] {processor.py:830} INFO - Processing file /home/airflow/.local/lib/python3.12/site-packages/airflow/example_dags/example_task_group.py for tasks to queue
[2026-05-01T13:40:21.676+0000] {logging_mixin.py:188} INFO - [2026-05-01T13:40:21.675+0000] {dagbag.py:545} INFO - Filling up the DagBag from /home/airflow/.local/lib/python3.12/site-packages/airflow/example_dags/example_task_group.py
[2026-05-01T13:40:21.695+0000] {processor.py:840} INFO - DAG(s) 'example_task_group' retrieved from /home/airflow/.local/lib/python3.12/site-packages/airflow/example_dags/example_task_group.py
[2026-05-01T13:40:21.738+0000] {logging_mixin.py:188} INFO - [2026-05-01T13:40:21.738+0000] {dag.py:3089} INFO - Sync 1 DAGs
[2026-05-01T13:40:21.776+0000] {logging_mixin.py:188} INFO - [2026-05-01T13:40:21.776+0000] {dag.py:3947} INFO - Setting next_dagrun for example_task_group to 2026-04-30 00:00:00+00:00, run_after=2026-05-01 00:00:00+00:00
[2026-05-01T13:40:21.813+0000] {processor.py:183} INFO - Processing /home/airflow/.local/lib/python3.12/site-packages/airflow/example_dags/example_task_group.py took 0.155 seconds
[2026-05-01T13:42:41.960+0000] {processor.py:161} INFO - Started process (PID=64) to work on /home/airflow/.local/lib/python3.12/site-packages/airflow/example_dags/example_task_group.py
[2026-05-01T13:42:41.967+0000] {processor.py:830} INFO - Processing file /home/airflow/.local/lib/python3.12/site-packages/airflow/example_dags/example_task_group.py for tasks to queue
[2026-05-01T13:42:41.992+0000] {logging_mixin.py:188} INFO - [2026-05-01T13:42:41.989+0000] {dagbag.py:545} INFO - Filling up the DagBag from /home/airflow/.local/lib/python3.12/site-packages/airflow/example_dags/example_task_group.py
[2026-05-01T13:42:42.053+0000] {processor.py:840} INFO - DAG(s) 'example_task_group' retrieved from /home/airflow/.local/lib/python3.12/site-packages/airflow/example_dags/example_task_group.py
[2026-05-01T13:42:42.920+0000] {logging_mixin.py:188} INFO - [2026-05-01T13:42:42.918+0000] {dag.py:3089} INFO - Sync 1 DAGs
[2026-05-01T13:42:43.061+0000] {logging_mixin.py:188} INFO - [2026-05-01T13:42:43.060+0000] {dag.py:3947} INFO - Setting next_dagrun for example_task_group to 2026-04-30 00:00:00+00:00, run_after=2026-05-01 00:00:00+00:00
[2026-05-01T13:42:43.149+0000] {processor.py:183} INFO - Processing /home/airflow/.local/lib/python3.12/site-packages/airflow/example_dags/example_task_group.py took 1.225 seconds
[2026-05-01T13:43:13.542+0000] {processor.py:161} INFO - Started process (PID=122) to work on /home/airflow/.local/lib/python3.12/site-packages/airflow/example_dags/example_task_group.py
[2026-05-01T13:43:13.560+0000] {processor.py:830} INFO - Processing file /home/airflow/.local/lib/python3.12/site-packages/airflow/example_dags/example_task_group.py for tasks to queue
[2026-05-01T13:43:13.600+0000] {logging_mixin.py:188} INFO - [2026-05-01T13:43:13.593+0000] {dagbag.py:545} INFO - Filling up the DagBag from /home/airflow/.local/lib/python3.12/site-packages/airflow/example_dags/example_task_group.py
[2026-05-01T13:43:13.677+0000] {processor.py:840} INFO - DAG(s) 'example_task_group' retrieved from /home/airflow/.local/lib/python3.12/site-packages/airflow/example_dags/example_task_group.py
[2026-05-01T13:43:14.329+0000] {logging_mixin.py:188} INFO - [2026-05-01T13:43:14.328+0000] {dag.py:3089} INFO - Sync 1 DAGs
[2026-05-01T13:43:14.947+0000] {logging_mixin.py:188} INFO - [2026-05-01T13:43:14.946+0000] {dag.py:3947} INFO - Setting next_dagrun for example_task_group to 2026-04-30 00:00:00+00:00, run_after=2026-05-01 00:00:00+00:00
[2026-05-01T13:43:15.506+0000] {processor.py:183} INFO - Processing /home/airflow/.local/lib/python3.12/site-packages/airflow/example_dags/example_task_group.py took 2.048 seconds
[2026-05-01T13:43:45.666+0000] {processor.py:161} INFO - Started process (PID=180) to work on /home/airflow/.local/lib/python3.12/site-packages/airflow/example_dags/example_task_group.py
[2026-05-01T13:43:45.669+0000] {processor.py:830} INFO - Processing file /home/airflow/.local/lib/python3.12/site-packages/airflow/example_dags/example_task_group.py for tasks to queue
[2026-05-01T13:43:45.674+0000] {logging_mixin.py:188} INFO - [2026-05-01T13:43:45.674+0000] {dagbag.py:545} INFO - Filling up the DagBag from /home/airflow/.local/lib/python3.12/site-packages/airflow/example_dags/example_task_group.py
[2026-05-01T13:43:45.688+0000] {processor.py:840} INFO - DAG(s) 'example_task_group' retrieved from /home/airflow/.local/lib/python3.12/site-packages/airflow/example_dags/example_task_group.py
[2026-05-01T13:43:45.720+0000] {logging_mixin.py:188} INFO - [2026-05-01T13:43:45.719+0000] {dag.py:3089} INFO - Sync 1 DAGs
[2026-05-01T13:43:45.751+0000] {logging_mixin.py:188} INFO - [2026-05-01T13:43:45.751+0000] {dag.py:3947} INFO - Setting next_dagrun for example_task_group to 2026-04-30 00:00:00+00:00, run_after=2026-05-01 00:00:00+00:00
[2026-05-01T13:43:45.777+0000] {processor.py:183} INFO - Processing /home/airflow/.local/lib/python3.12/site-packages/airflow/example_dags/example_task_group.py took 0.122 seconds
[2026-05-01T13:44:16.455+0000] {processor.py:161} INFO - Started process (PID=238) to work on /home/airflow/.local/lib/python3.12/site-packages/airflow/example_dags/example_task_group.py
[2026-05-01T13:44:16.458+0000] {processor.py:830} INFO - Processing file /home/airflow/.local/lib/python3.12/site-packages/airflow/example_dags/example_task_group.py for tasks to queue
[2026-05-01T13:44:16.463+0000] {logging_mixin.py:188} INFO - [2026-05-01T13:44:16.462+0000] {dagbag.py:545} INFO - Filling up the DagBag from /home/airflow/.local/lib/python3.12/site-packages/airflow/example_dags/example_task_group.py
[2026-05-01T13:44:16.483+0000] {processor.py:840} INFO - DAG(s) 'example_task_group' retrieved from /home/airflow/.local/lib/python3.12/site-packages/airflow/example_dags/example_task_group.py
[2026-05-01T13:44:16.519+0000] {logging_mixin.py:188} INFO - [2026-05-01T13:44:16.519+0000] {dag.py:3089} INFO - Sync 1 DAGs
[2026-05-01T13:44:16.561+0000] {logging_mixin.py:188} INFO - [2026-05-01T13:44:16.560+0000] {dag.py:3947} INFO - Setting next_dagrun for example_task_group to 2026-04-30 00:00:00+00:00, run_after=2026-05-01 00:00:00+00:00
[2026-05-01T13:44:16.600+0000] {processor.py:183} INFO - Processing /home/airflow/.local/lib/python3.12/site-packages/airflow/example_dags/example_task_group.py took 0.156 seconds
[2026-05-01T13:44:47.270+0000] {processor.py:161} INFO - Started process (PID=295) to work on /home/airflow/.local/lib/python3.12/site-packages/airflow/example_dags/example_task_group.py
[2026-05-01T13:44:47.274+0000] {processor.py:830} INFO - Processing file /home/airflow/.local/lib/python3.12/site-packages/airflow/example_dags/example_task_group.py for tasks to queue
[2026-05-01T13:44:47.280+0000] {logging_mixin.py:188} INFO - [2026-05-01T13:44:47.280+0000] {dagbag.py:545} INFO - Filling up the DagBag from /home/airflow/.local/lib/python3.12/site-packages/airflow/example_dags/example_task_group.py
[2026-05-01T13:44:47.298+0000] {processor.py:840} INFO - DAG(s) 'example_task_group' retrieved from /home/airflow/.local/lib/python3.12/site-packages/airflow/example_dags/example_task_group.py
[2026-05-01T13:44:47.344+0000] {logging_mixin.py:188} INFO - [2026-05-01T13:44:47.344+0000] {dag.py:3089} INFO - Sync 1 DAGs
[2026-05-01T13:44:47.393+0000] {logging_mixin.py:188} INFO - [2026-05-01T13:44:47.393+0000] {dag.py:3947} INFO - Setting next_dagrun for example_task_group to 2026-04-30 00:00:00+00:00, run_after=2026-05-01 00:00:00+00:00
[2026-05-01T13:44:47.428+0000] {processor.py:183} INFO - Processing /home/airflow/.local/lib/python3.12/site-packages/airflow/example_dags/example_task_group.py took 0.174 seconds
[2026-05-01T13:45:17.603+0000] {processor.py:161} INFO - Started process (PID=353) to work on /home/airflow/.local/lib/python3.12/site-packages/airflow/example_dags/example_task_group.py
[2026-05-01T13:45:17.610+0000] {processor.py:830} INFO - Processing file /home/airflow/.local/lib/python3.12/site-packages/airflow/example_dags/example_task_group.py for tasks to queue
[2026-05-01T13:45:17.623+0000] {logging_mixin.py:188} INFO - [2026-05-01T13:45:17.620+0000] {dagbag.py:545} INFO - Filling up the DagBag from /home/airflow/.local/lib/python3.12/site-packages/airflow/example_dags/example_task_group.py
[2026-05-01T13:45:17.651+0000] {processor.py:840} INFO - DAG(s) 'example_task_group' retrieved from /home/airflow/.local/lib/python3.12/site-packages/airflow/example_dags/example_task_group.py
[2026-05-01T13:45:17.745+0000] {logging_mixin.py:188} INFO - [2026-05-01T13:45:17.744+0000] {dag.py:3089} INFO - Sync 1 DAGs
[2026-05-01T13:45:17.809+0000] {logging_mixin.py:188} INFO - [2026-05-01T13:45:17.808+0000] {dag.py:3947} INFO - Setting next_dagrun for example_task_group to 2026-04-30 00:00:00+00:00, run_after=2026-05-01 00:00:00+00:00
[2026-05-01T13:45:17.893+0000] {processor.py:183} INFO - Processing /home/airflow/.local/lib/python3.12/site-packages/airflow/example_dags/example_task_group.py took 0.312 seconds
[2026-05-01T13:45:48.627+0000] {processor.py:161} INFO - Started process (PID=411) to work on /home/airflow/.local/lib/python3.12/site-packages/airflow/example_dags/example_task_group.py
[2026-05-01T13:45:48.632+0000] {processor.py:830} INFO - Processing file /home/airflow/.local/lib/python3.12/site-packages/airflow/example_dags/example_task_group.py for tasks to queue
[2026-05-01T13:45:48.670+0000] {logging_mixin.py:188} INFO - [2026-05-01T13:45:48.659+0000] {dagbag.py:545} INFO - Filling up the DagBag from /home/airflow/.local/lib/python3.12/site-packages/airflow/example_dags/example_task_group.py
[2026-05-01T13:45:48.724+0000] {processor.py:840} INFO - DAG(s) 'example_task_group' retrieved from /home/airflow/.local/lib/python3.12/site-packages/airflow/example_dags/example_task_group.py
[2026-05-01T13:45:48.837+0000] {logging_mixin.py:188} INFO - [2026-05-01T13:45:48.836+0000] {dag.py:3089} INFO - Sync 1 DAGs
[2026-05-01T13:45:48.894+0000] {logging_mixin.py:188} INFO - [2026-05-01T13:45:48.893+0000] {dag.py:3947} INFO - Setting next_dagrun for example_task_group to 2026-04-30 00:00:00+00:00, run_after=2026-05-01 00:00:00+00:00
[2026-05-01T13:45:48.924+0000] {processor.py:183} INFO - Processing /home/airflow/.local/lib/python3.12/site-packages/airflow/example_dags/example_task_group.py took 0.342 seconds
[2026-05-01T13:46:19.695+0000] {processor.py:161} INFO - Started process (PID=469) to work on /home/airflow/.local/lib/python3.12/site-packages/airflow/example_dags/example_task_group.py
[2026-05-01T13:46:19.701+0000] {processor.py:830} INFO - Processing file /home/airflow/.local/lib/python3.12/site-packages/airflow/example_dags/example_task_group.py for tasks to queue
[2026-05-01T13:46:19.708+0000] {logging_mixin.py:188} INFO - [2026-05-01T13:46:19.707+0000] {dagbag.py:545} INFO - Filling up the DagBag from /home/airflow/.local/lib/python3.12/site-packages/airflow/example_dags/example_task_group.py
[2026-05-01T13:46:19.761+0000] {processor.py:840} INFO - DAG(s) 'example_task_group' retrieved from /home/airflow/.local/lib/python3.12/site-packages/airflow/example_dags/example_task_group.py
[2026-05-01T13:46:19.870+0000] {logging_mixin.py:188} INFO - [2026-05-01T13:46:19.870+0000] {dag.py:3089} INFO - Sync 1 DAGs
[2026-05-01T13:46:19.947+0000] {logging_mixin.py:188} INFO - [2026-05-01T13:46:19.947+0000] {dag.py:3947} INFO - Setting next_dagrun for example_task_group to 2026-04-30 00:00:00+00:00, run_after=2026-05-01 00:00:00+00:00
[2026-05-01T13:46:20.002+0000] {processor.py:183} INFO - Processing /home/airflow/.local/lib/python3.12/site-packages/airflow/example_dags/example_task_group.py took 0.332 seconds
[2026-05-01T13:46:50.298+0000] {processor.py:161} INFO - Started process (PID=527) to work on /home/airflow/.local/lib/python3.12/site-packages/airflow/example_dags/example_task_group.py
[2026-05-01T13:46:50.301+0000] {processor.py:830} INFO - Processing file /home/airflow/.local/lib/python3.12/site-packages/airflow/example_dags/example_task_group.py for tasks to queue
[2026-05-01T13:46:50.306+0000] {logging_mixin.py:188} INFO - [2026-05-01T13:46:50.305+0000] {dagbag.py:545} INFO - Filling up the DagBag from /home/airflow/.local/lib/python3.12/site-packages/airflow/example_dags/example_task_group.py
[2026-05-01T13:46:50.318+0000] {processor.py:840} INFO - DAG(s) 'example_task_group' retrieved from /home/airflow/.local/lib/python3.12/site-packages/airflow/example_dags/example_task_group.py
[2026-05-01T13:46:50.352+0000] {logging_mixin.py:188} INFO - [2026-05-01T13:46:50.352+0000] {dag.py:3089} INFO - Sync 1 DAGs
[2026-05-01T13:46:50.384+0000] {logging_mixin.py:188} INFO - [2026-05-01T13:46:50.383+0000] {dag.py:3947} INFO - Setting next_dagrun for example_task_group to 2026-04-30 00:00:00+00:00, run_after=2026-05-01 00:00:00+00:00
[2026-05-01T13:46:50.423+0000] {processor.py:183} INFO - Processing /home/airflow/.local/lib/python3.12/site-packages/airflow/example_dags/example_task_group.py took 0.139 seconds
[2026-05-01T13:47:20.761+0000] {processor.py:161} INFO - Started process (PID=585) to work on /home/airflow/.local/lib/python3.12/site-packages/airflow/example_dags/example_task_group.py
[2026-05-01T13:47:20.765+0000] {processor.py:830} INFO - Processing file /home/airflow/.local/lib/python3.12/site-packages/airflow/example_dags/example_task_group.py for tasks to queue
[2026-05-01T13:47:20.771+0000] {logging_mixin.py:188} INFO - [2026-05-01T13:47:20.770+0000] {dagbag.py:545} INFO - Filling up the DagBag from /home/airflow/.local/lib/python3.12/site-packages/airflow/example_dags/example_task_group.py
[2026-05-01T13:47:20.784+0000] {processor.py:840} INFO - DAG(s) 'example_task_group' retrieved from /home/airflow/.local/lib/python3.12/site-packages/airflow/example_dags/example_task_group.py
[2026-05-01T13:47:20.824+0000] {logging_mixin.py:188} INFO - [2026-05-01T13:47:20.824+0000] {dag.py:3089} INFO - Sync 1 DAGs
[2026-05-01T13:47:20.856+0000] {logging_mixin.py:188} INFO - [2026-05-01T13:47:20.856+0000] {dag.py:3947} INFO - Setting next_dagrun for example_task_group to 2026-04-30 00:00:00+00:00, run_after=2026-05-01 00:00:00+00:00
[2026-05-01T13:47:20.887+0000] {processor.py:183} INFO - Processing /home/airflow/.local/lib/python3.12/site-packages/airflow/example_dags/example_task_group.py took 0.138 seconds
[2026-05-01T13:47:51.691+0000] {processor.py:161} INFO - Started process (PID=641) to work on /home/airflow/.local/lib/python3.12/site-packages/airflow/example_dags/example_task_group.py
[2026-05-01T13:47:51.706+0000] {processor.py:830} INFO - Processing file /home/airflow/.local/lib/python3.12/site-packages/airflow/example_dags/example_task_group.py for tasks to queue
[2026-05-01T13:47:51.726+0000] {logging_mixin.py:188} INFO - [2026-05-01T13:47:51.725+0000] {dagbag.py:545} INFO - Filling up the DagBag from /home/airflow/.local/lib/python3.12/site-packages/airflow/example_dags/example_task_group.py
[2026-05-01T13:47:51.760+0000] {processor.py:840} INFO - DAG(s) 'example_task_group' retrieved from /home/airflow/.local/lib/python3.12/site-packages/airflow/example_dags/example_task_group.py
[2026-05-01T13:47:51.950+0000] {logging_mixin.py:188} INFO - [2026-05-01T13:47:51.950+0000] {dag.py:3089} INFO - Sync 1 DAGs
[2026-05-01T13:47:51.997+0000] {logging_mixin.py:188} INFO - [2026-05-01T13:47:51.997+0000] {dag.py:3947} INFO - Setting next_dagrun for example_task_group to 2026-04-30 00:00:00+00:00, run_after=2026-05-01 00:00:00+00:00
[2026-05-01T13:47:52.042+0000] {processor.py:183} INFO - Processing /home/airflow/.local/lib/python3.12/site-packages/airflow/example_dags/example_task_group.py took 0.403 seconds
[2026-05-01T13:48:22.604+0000] {processor.py:161} INFO - Started process (PID=703) to work on /home/airflow/.local/lib/python3.12/site-packages/airflow/example_dags/example_task_group.py
[2026-05-01T13:48:22.606+0000] {processor.py:830} INFO - Processing file /home/airflow/.local/lib/python3.12/site-packages/airflow/example_dags/example_task_group.py for tasks to queue
[2026-05-01T13:48:22.611+0000] {logging_mixin.py:188} INFO - [2026-05-01T13:48:22.610+0000] {dagbag.py:545} INFO - Filling up the DagBag from /home/airflow/.local/lib/python3.12/site-packages/airflow/example_dags/example_task_group.py
[2026-05-01T13:48:22.626+0000] {processor.py:840} INFO - DAG(s) 'example_task_group' retrieved from /home/airflow/.local/lib/python3.12/site-packages/airflow/example_dags/example_task_group.py
[2026-05-01T13:48:22.660+0000] {logging_mixin.py:188} INFO - [2026-05-01T13:48:22.659+0000] {dag.py:3089} INFO - Sync 1 DAGs
[2026-05-01T13:48:22.701+0000] {logging_mixin.py:188} INFO - [2026-05-01T13:48:22.700+0000] {dag.py:3947} INFO - Setting next_dagrun for example_task_group to 2026-04-30 00:00:00+00:00, run_after=2026-05-01 00:00:00+00:00
[2026-05-01T13:48:22.742+0000] {processor.py:183} INFO - Processing /home/airflow/.local/lib/python3.12/site-packages/airflow/example_dags/example_task_group.py took 0.150 seconds
[2026-05-01T13:48:53.393+0000] {processor.py:161} INFO - Started process (PID=761) to work on /home/airflow/.local/lib/python3.12/site-packages/airflow/example_dags/example_task_group.py
[2026-05-01T13:48:53.396+0000] {processor.py:830} INFO - Processing file /home/airflow/.local/lib/python3.12/site-packages/airflow/example_dags/example_task_group.py for tasks to queue
[2026-05-01T13:48:53.401+0000] {logging_mixin.py:188} INFO - [2026-05-01T13:48:53.400+0000] {dagbag.py:545} INFO - Filling up the DagBag from /home/airflow/.local/lib/python3.12/site-packages/airflow/example_dags/example_task_group.py
[2026-05-01T13:48:53.416+0000] {processor.py:840} INFO - DAG(s) 'example_task_group' retrieved from /home/airflow/.local/lib/python3.12/site-packages/airflow/example_dags/example_task_group.py
[2026-05-01T13:48:53.459+0000] {logging_mixin.py:188} INFO - [2026-05-01T13:48:53.459+0000] {dag.py:3089} INFO - Sync 1 DAGs
[2026-05-01T13:48:53.494+0000] {logging_mixin.py:188} INFO - [2026-05-01T13:48:53.494+0000] {dag.py:3947} INFO - Setting next_dagrun for example_task_group to 2026-04-30 00:00:00+00:00, run_after=2026-05-01 00:00:00+00:00
[2026-05-01T13:48:53.536+0000] {processor.py:183} INFO - Processing /home/airflow/.local/lib/python3.12/site-packages/airflow/example_dags/example_task_group.py took 0.166 seconds
[2026-05-01T13:49:25.346+0000] {processor.py:161} INFO - Started process (PID=819) to work on /home/airflow/.local/lib/python3.12/site-packages/airflow/example_dags/example_task_group.py
[2026-05-01T13:49:25.351+0000] {processor.py:830} INFO - Processing file /home/airflow/.local/lib/python3.12/site-packages/airflow/example_dags/example_task_group.py for tasks to queue
[2026-05-01T13:49:25.355+0000] {logging_mixin.py:188} INFO - [2026-05-01T13:49:25.355+0000] {dagbag.py:545} INFO - Filling up the DagBag from /home/airflow/.local/lib/python3.12/site-packages/airflow/example_dags/example_task_group.py
[2026-05-01T13:49:25.371+0000] {processor.py:840} INFO - DAG(s) 'example_task_group' retrieved from /home/airflow/.local/lib/python3.12/site-packages/airflow/example_dags/example_task_group.py
[2026-05-01T13:49:25.408+0000] {logging_mixin.py:188} INFO - [2026-05-01T13:49:25.407+0000] {dag.py:3089} INFO - Sync 1 DAGs
[2026-05-01T13:49:25.448+0000] {logging_mixin.py:188} INFO - [2026-05-01T13:49:25.447+0000] {dag.py:3947} INFO - Setting next_dagrun for example_task_group to 2026-04-30 00:00:00+00:00, run_after=2026-05-01 00:00:00+00:00
[2026-05-01T13:49:25.483+0000] {processor.py:183} INFO - Processing /home/airflow/.local/lib/python3.12/site-packages/airflow/example_dags/example_task_group.py took 0.144 seconds
[2026-05-01T13:49:57.285+0000] {processor.py:161} INFO - Started process (PID=876) to work on /home/airflow/.local/lib/python3.12/site-packages/airflow/example_dags/example_task_group.py
[2026-05-01T13:49:57.291+0000] {processor.py:830} INFO - Processing file /home/airflow/.local/lib/python3.12/site-packages/airflow/example_dags/example_task_group.py for tasks to queue
[2026-05-01T13:49:57.301+0000] {logging_mixin.py:188} INFO - [2026-05-01T13:49:57.300+0000] {dagbag.py:545} INFO - Filling up the DagBag from /home/airflow/.local/lib/python3.12/site-packages/airflow/example_dags/example_task_group.py
[2026-05-01T13:49:57.320+0000] {processor.py:840} INFO - DAG(s) 'example_task_group' retrieved from /home/airflow/.local/lib/python3.12/site-packages/airflow/example_dags/example_task_group.py
[2026-05-01T13:49:57.379+0000] {logging_mixin.py:188} INFO - [2026-05-01T13:49:57.379+0000] {dag.py:3089} INFO - Sync 1 DAGs
[2026-05-01T13:49:57.421+0000] {logging_mixin.py:188} INFO - [2026-05-01T13:49:57.420+0000] {dag.py:3947} INFO - Setting next_dagrun for example_task_group to 2026-04-30 00:00:00+00:00, run_after=2026-05-01 00:00:00+00:00
[2026-05-01T13:49:57.462+0000] {processor.py:183} INFO - Processing /home/airflow/.local/lib/python3.12/site-packages/airflow/example_dags/example_task_group.py took 0.200 seconds
[2026-05-01T13:50:28.804+0000] {processor.py:161} INFO - Started process (PID=933) to work on /home/airflow/.local/lib/python3.12/site-packages/airflow/example_dags/example_task_group.py
[2026-05-01T13:50:28.811+0000] {processor.py:830} INFO - Processing file /home/airflow/.local/lib/python3.12/site-packages/airflow/example_dags/example_task_group.py for tasks to queue
[2026-05-01T13:50:28.822+0000] {logging_mixin.py:188} INFO - [2026-05-01T13:50:28.821+0000] {dagbag.py:545} INFO - Filling up the DagBag from /home/airflow/.local/lib/python3.12/site-packages/airflow/example_dags/example_task_group.py
[2026-05-01T13:50:28.870+0000] {processor.py:840} INFO - DAG(s) 'example_task_group' retrieved from /home/airflow/.local/lib/python3.12/site-packages/airflow/example_dags/example_task_group.py
[2026-05-01T13:50:28.954+0000] {logging_mixin.py:188} INFO - [2026-05-01T13:50:28.953+0000] {dag.py:3089} INFO - Sync 1 DAGs
[2026-05-01T13:50:29.075+0000] {logging_mixin.py:188} INFO - [2026-05-01T13:50:29.074+0000] {dag.py:3947} INFO - Setting next_dagrun for example_task_group to 2026-04-30 00:00:00+00:00, run_after=2026-05-01 00:00:00+00:00
[2026-05-01T13:50:29.256+0000] {processor.py:183} INFO - Processing /home/airflow/.local/lib/python3.12/site-packages/airflow/example_dags/example_task_group.py took 0.478 seconds
[2026-05-01T13:50:59.747+0000] {processor.py:161} INFO - Started process (PID=990) to work on /home/airflow/.local/lib/python3.12/site-packages/airflow/example_dags/example_task_group.py
[2026-05-01T13:50:59.750+0000] {processor.py:830} INFO - Processing file /home/airflow/.local/lib/python3.12/site-packages/airflow/example_dags/example_task_group.py for tasks to queue
[2026-05-01T13:50:59.756+0000] {logging_mixin.py:188} INFO - [2026-05-01T13:50:59.756+0000] {dagbag.py:545} INFO - Filling up the DagBag from /home/airflow/.local/lib/python3.12/site-packages/airflow/example_dags/example_task_group.py
[2026-05-01T13:50:59.771+0000] {processor.py:840} INFO - DAG(s) 'example_task_group' retrieved from /home/airflow/.local/lib/python3.12/site-packages/airflow/example_dags/example_task_group.py
[2026-05-01T13:50:59.805+0000] {logging_mixin.py:188} INFO - [2026-05-01T13:50:59.805+0000] {dag.py:3089} INFO - Sync 1 DAGs
[2026-05-01T13:50:59.838+0000] {logging_mixin.py:188} INFO - [2026-05-01T13:50:59.838+0000] {dag.py:3947} INFO - Setting next_dagrun for example_task_group to 2026-04-30 00:00:00+00:00, run_after=2026-05-01 00:00:00+00:00
[2026-05-01T13:50:59.867+0000] {processor.py:183} INFO - Processing /home/airflow/.local/lib/python3.12/site-packages/airflow/example_dags/example_task_group.py took 0.130 seconds
[2026-05-01T13:51:30.300+0000] {processor.py:161} INFO - Started process (PID=1048) to work on /home/airflow/.local/lib/python3.12/site-packages/airflow/example_dags/example_task_group.py
[2026-05-01T13:51:30.303+0000] {processor.py:830} INFO - Processing file /home/airflow/.local/lib/python3.12/site-packages/airflow/example_dags/example_task_group.py for tasks to queue
[2026-05-01T13:51:30.310+0000] {logging_mixin.py:188} INFO - [2026-05-01T13:51:30.309+0000] {dagbag.py:545} INFO - Filling up the DagBag from /home/airflow/.local/lib/python3.12/site-packages/airflow/example_dags/example_task_group.py
[2026-05-01T13:51:30.326+0000] {processor.py:840} INFO - DAG(s) 'example_task_group' retrieved from /home/airflow/.local/lib/python3.12/site-packages/airflow/example_dags/example_task_group.py
[2026-05-01T13:51:30.384+0000] {logging_mixin.py:188} INFO - [2026-05-01T13:51:30.384+0000] {dag.py:3089} INFO - Sync 1 DAGs
[2026-05-01T13:51:30.462+0000] {logging_mixin.py:188} INFO - [2026-05-01T13:51:30.462+0000] {dag.py:3947} INFO - Setting next_dagrun for example_task_group to 2026-04-30 00:00:00+00:00, run_after=2026-05-01 00:00:00+00:00
[2026-05-01T13:51:30.534+0000] {processor.py:183} INFO - Processing /home/airflow/.local/lib/python3.12/site-packages/airflow/example_dags/example_task_group.py took 0.250 seconds
[2026-05-01T13:52:01.242+0000] {processor.py:161} INFO - Started process (PID=1105) to work on /home/airflow/.local/lib/python3.12/site-packages/airflow/example_dags/example_task_group.py
[2026-05-01T13:52:01.246+0000] {processor.py:830} INFO - Processing file /home/airflow/.local/lib/python3.12/site-packages/airflow/example_dags/example_task_group.py for tasks to queue
[2026-05-01T13:52:01.251+0000] {logging_mixin.py:188} INFO - [2026-05-01T13:52:01.251+0000] {dagbag.py:545} INFO - Filling up the DagBag from /home/airflow/.local/lib/python3.12/site-packages/airflow/example_dags/example_task_group.py
[2026-05-01T13:52:01.268+0000] {processor.py:840} INFO - DAG(s) 'example_task_group' retrieved from /home/airflow/.local/lib/python3.12/site-packages/airflow/example_dags/example_task_group.py
[2026-05-01T13:52:01.301+0000] {logging_mixin.py:188} INFO - [2026-05-01T13:52:01.301+0000] {dag.py:3089} INFO - Sync 1 DAGs
[2026-05-01T13:52:01.331+0000] {logging_mixin.py:188} INFO - [2026-05-01T13:52:01.331+0000] {dag.py:3947} INFO - Setting next_dagrun for example_task_group to 2026-04-30 00:00:00+00:00, run_after=2026-05-01 00:00:00+00:00
[2026-05-01T13:52:01.362+0000] {processor.py:183} INFO - Processing /home/airflow/.local/lib/python3.12/site-packages/airflow/example_dags/example_task_group.py took 0.130 seconds
[2026-05-01T13:52:31.544+0000] {processor.py:161} INFO - Started process (PID=1163) to work on /home/airflow/.local/lib/python3.12/site-packages/airflow/example_dags/example_task_group.py
[2026-05-01T13:52:31.550+0000] {processor.py:830} INFO - Processing file /home/airflow/.local/lib/python3.12/site-packages/airflow/example_dags/example_task_group.py for tasks to queue
[2026-05-01T13:52:31.555+0000] {logging_mixin.py:188} INFO - [2026-05-01T13:52:31.554+0000] {dagbag.py:545} INFO - Filling up the DagBag from /home/airflow/.local/lib/python3.12/site-packages/airflow/example_dags/example_task_group.py
[2026-05-01T13:52:31.571+0000] {processor.py:840} INFO - DAG(s) 'example_task_group' retrieved from /home/airflow/.local/lib/python3.12/site-packages/airflow/example_dags/example_task_group.py
[2026-05-01T13:52:31.626+0000] {logging_mixin.py:188} INFO - [2026-05-01T13:52:31.624+0000] {dag.py:3089} INFO - Sync 1 DAGs
[2026-05-01T13:52:31.677+0000] {logging_mixin.py:188} INFO - [2026-05-01T13:52:31.677+0000] {dag.py:3947} INFO - Setting next_dagrun for example_task_group to 2026-04-30 00:00:00+00:00, run_after=2026-05-01 00:00:00+00:00
[2026-05-01T13:52:31.723+0000] {processor.py:183} INFO - Processing /home/airflow/.local/lib/python3.12/site-packages/airflow/example_dags/example_task_group.py took 0.196 seconds
[2026-05-01T13:53:02.409+0000] {processor.py:161} INFO - Started process (PID=1221) to work on /home/airflow/.local/lib/python3.12/site-packages/airflow/example_dags/example_task_group.py
[2026-05-01T13:53:02.414+0000] {processor.py:830} INFO - Processing file /home/airflow/.local/lib/python3.12/site-packages/airflow/example_dags/example_task_group.py for tasks to queue
[2026-05-01T13:53:02.419+0000] {logging_mixin.py:188} INFO - [2026-05-01T13:53:02.418+0000] {dagbag.py:545} INFO - Filling up the DagBag from /home/airflow/.local/lib/python3.12/site-packages/airflow/example_dags/example_task_group.py
[2026-05-01T13:53:02.436+0000] {processor.py:840} INFO - DAG(s) 'example_task_group' retrieved from /home/airflow/.local/lib/python3.12/site-packages/airflow/example_dags/example_task_group.py
[2026-05-01T13:53:02.477+0000] {logging_mixin.py:188} INFO - [2026-05-01T13:53:02.476+0000] {dag.py:3089} INFO - Sync 1 DAGs
[2026-05-01T13:53:02.522+0000] {logging_mixin.py:188} INFO - [2026-05-01T13:53:02.522+0000] {dag.py:3947} INFO - Setting next_dagrun for example_task_group to 2026-04-30 00:00:00+00:00, run_after=2026-05-01 00:00:00+00:00
[2026-05-01T13:53:02.557+0000] {processor.py:183} INFO - Processing /home/airflow/.local/lib/python3.12/site-packages/airflow/example_dags/example_task_group.py took 0.171 seconds
[2026-05-01T13:53:33.245+0000] {processor.py:161} INFO - Started process (PID=1278) to work on /home/airflow/.local/lib/python3.12/site-packages/airflow/example_dags/example_task_group.py
[2026-05-01T13:53:33.261+0000] {processor.py:830} INFO - Processing file /home/airflow/.local/lib/python3.12/site-packages/airflow/example_dags/example_task_group.py for tasks to queue
[2026-05-01T13:53:33.273+0000] {logging_mixin.py:188} INFO - [2026-05-01T13:53:33.272+0000] {dagbag.py:545} INFO - Filling up the DagBag from /home/airflow/.local/lib/python3.12/site-packages/airflow/example_dags/example_task_group.py
[2026-05-01T13:53:33.301+0000] {processor.py:840} INFO - DAG(s) 'example_task_group' retrieved from /home/airflow/.local/lib/python3.12/site-packages/airflow/example_dags/example_task_group.py
[2026-05-01T13:53:33.396+0000] {logging_mixin.py:188} INFO - [2026-05-01T13:53:33.396+0000] {dag.py:3089} INFO - Sync 1 DAGs
[2026-05-01T13:53:33.473+0000] {logging_mixin.py:188} INFO - [2026-05-01T13:53:33.467+0000] {dag.py:3947} INFO - Setting next_dagrun for example_task_group to 2026-04-30 00:00:00+00:00, run_after=2026-05-01 00:00:00+00:00
[2026-05-01T13:53:33.536+0000] {processor.py:183} INFO - Processing /home/airflow/.local/lib/python3.12/site-packages/airflow/example_dags/example_task_group.py took 0.344 seconds
