[2026-05-01T13:24:48.307+0000] {processor.py:161} INFO - Started process (PID=87) to work on /home/airflow/.local/lib/python3.12/site-packages/airflow/example_dags/example_branch_day_of_week_operator.py
[2026-05-01T13:24:48.324+0000] {processor.py:830} INFO - Processing file /home/airflow/.local/lib/python3.12/site-packages/airflow/example_dags/example_branch_day_of_week_operator.py for tasks to queue
[2026-05-01T13:24:48.356+0000] {logging_mixin.py:188} INFO - [2026-05-01T13:24:48.355+0000] {dagbag.py:545} INFO - Filling up the DagBag from /home/airflow/.local/lib/python3.12/site-packages/airflow/example_dags/example_branch_day_of_week_operator.py
[2026-05-01T13:24:48.491+0000] {processor.py:840} INFO - DAG(s) 'example_weekday_branch_operator' retrieved from /home/airflow/.local/lib/python3.12/site-packages/airflow/example_dags/example_branch_day_of_week_operator.py
[2026-05-01T13:24:51.137+0000] {logging_mixin.py:188} INFO - [2026-05-01T13:24:51.126+0000] {override.py:1858} INFO - Created Permission View: can delete on DAG:example_weekday_branch_operator
[2026-05-01T13:24:51.351+0000] {logging_mixin.py:188} INFO - [2026-05-01T13:24:51.350+0000] {override.py:1858} INFO - Created Permission View: can edit on DAG:example_weekday_branch_operator
[2026-05-01T13:24:51.456+0000] {logging_mixin.py:188} INFO - [2026-05-01T13:24:51.455+0000] {override.py:1858} INFO - Created Permission View: can read on DAG:example_weekday_branch_operator
[2026-05-01T13:24:51.464+0000] {logging_mixin.py:188} INFO - [2026-05-01T13:24:51.463+0000] {dag.py:3089} INFO - Sync 1 DAGs
[2026-05-01T13:24:51.608+0000] {logging_mixin.py:188} INFO - [2026-05-01T13:24:51.607+0000] {dag.py:3111} INFO - Creating ORM DAG for example_weekday_branch_operator
[2026-05-01T13:24:51.750+0000] {logging_mixin.py:188} INFO - [2026-05-01T13:24:51.750+0000] {dag.py:3947} INFO - Setting next_dagrun for example_weekday_branch_operator to 2026-04-30 00:00:00+00:00, run_after=2026-05-01 00:00:00+00:00
[2026-05-01T13:24:51.956+0000] {processor.py:183} INFO - Processing /home/airflow/.local/lib/python3.12/site-packages/airflow/example_dags/example_branch_day_of_week_operator.py took 3.756 seconds
[2026-05-01T13:25:32.329+0000] {processor.py:161} INFO - Started process (PID=144) to work on /home/airflow/.local/lib/python3.12/site-packages/airflow/example_dags/example_branch_day_of_week_operator.py
[2026-05-01T13:25:32.340+0000] {processor.py:830} INFO - Processing file /home/airflow/.local/lib/python3.12/site-packages/airflow/example_dags/example_branch_day_of_week_operator.py for tasks to queue
[2026-05-01T13:25:32.353+0000] {logging_mixin.py:188} INFO - [2026-05-01T13:25:32.351+0000] {dagbag.py:545} INFO - Filling up the DagBag from /home/airflow/.local/lib/python3.12/site-packages/airflow/example_dags/example_branch_day_of_week_operator.py
[2026-05-01T13:25:32.396+0000] {processor.py:840} INFO - DAG(s) 'example_weekday_branch_operator' retrieved from /home/airflow/.local/lib/python3.12/site-packages/airflow/example_dags/example_branch_day_of_week_operator.py
[2026-05-01T13:25:32.657+0000] {logging_mixin.py:188} INFO - [2026-05-01T13:25:32.657+0000] {dag.py:3089} INFO - Sync 1 DAGs
[2026-05-01T13:25:32.932+0000] {logging_mixin.py:188} INFO - [2026-05-01T13:25:32.931+0000] {dag.py:3947} INFO - Setting next_dagrun for example_weekday_branch_operator to 2026-04-30 00:00:00+00:00, run_after=2026-05-01 00:00:00+00:00
[2026-05-01T13:25:33.028+0000] {processor.py:183} INFO - Processing /home/airflow/.local/lib/python3.12/site-packages/airflow/example_dags/example_branch_day_of_week_operator.py took 0.727 seconds
[2026-05-01T13:26:03.309+0000] {processor.py:161} INFO - Started process (PID=202) to work on /home/airflow/.local/lib/python3.12/site-packages/airflow/example_dags/example_branch_day_of_week_operator.py
[2026-05-01T13:26:03.313+0000] {processor.py:830} INFO - Processing file /home/airflow/.local/lib/python3.12/site-packages/airflow/example_dags/example_branch_day_of_week_operator.py for tasks to queue
[2026-05-01T13:26:03.321+0000] {logging_mixin.py:188} INFO - [2026-05-01T13:26:03.320+0000] {dagbag.py:545} INFO - Filling up the DagBag from /home/airflow/.local/lib/python3.12/site-packages/airflow/example_dags/example_branch_day_of_week_operator.py
[2026-05-01T13:26:03.356+0000] {processor.py:840} INFO - DAG(s) 'example_weekday_branch_operator' retrieved from /home/airflow/.local/lib/python3.12/site-packages/airflow/example_dags/example_branch_day_of_week_operator.py
[2026-05-01T13:26:03.431+0000] {logging_mixin.py:188} INFO - [2026-05-01T13:26:03.431+0000] {dag.py:3089} INFO - Sync 1 DAGs
[2026-05-01T13:26:03.495+0000] {logging_mixin.py:188} INFO - [2026-05-01T13:26:03.495+0000] {dag.py:3947} INFO - Setting next_dagrun for example_weekday_branch_operator to 2026-04-30 00:00:00+00:00, run_after=2026-05-01 00:00:00+00:00
[2026-05-01T13:26:03.541+0000] {processor.py:183} INFO - Processing /home/airflow/.local/lib/python3.12/site-packages/airflow/example_dags/example_branch_day_of_week_operator.py took 0.292 seconds
[2026-05-01T13:26:33.742+0000] {processor.py:161} INFO - Started process (PID=260) to work on /home/airflow/.local/lib/python3.12/site-packages/airflow/example_dags/example_branch_day_of_week_operator.py
[2026-05-01T13:26:33.745+0000] {processor.py:830} INFO - Processing file /home/airflow/.local/lib/python3.12/site-packages/airflow/example_dags/example_branch_day_of_week_operator.py for tasks to queue
[2026-05-01T13:26:33.750+0000] {logging_mixin.py:188} INFO - [2026-05-01T13:26:33.750+0000] {dagbag.py:545} INFO - Filling up the DagBag from /home/airflow/.local/lib/python3.12/site-packages/airflow/example_dags/example_branch_day_of_week_operator.py
[2026-05-01T13:26:33.762+0000] {processor.py:840} INFO - DAG(s) 'example_weekday_branch_operator' retrieved from /home/airflow/.local/lib/python3.12/site-packages/airflow/example_dags/example_branch_day_of_week_operator.py
[2026-05-01T13:26:33.796+0000] {logging_mixin.py:188} INFO - [2026-05-01T13:26:33.795+0000] {dag.py:3089} INFO - Sync 1 DAGs
[2026-05-01T13:26:33.834+0000] {logging_mixin.py:188} INFO - [2026-05-01T13:26:33.834+0000] {dag.py:3947} INFO - Setting next_dagrun for example_weekday_branch_operator to 2026-04-30 00:00:00+00:00, run_after=2026-05-01 00:00:00+00:00
[2026-05-01T13:26:33.870+0000] {processor.py:183} INFO - Processing /home/airflow/.local/lib/python3.12/site-packages/airflow/example_dags/example_branch_day_of_week_operator.py took 0.137 seconds
[2026-05-01T13:27:04.320+0000] {processor.py:161} INFO - Started process (PID=318) to work on /home/airflow/.local/lib/python3.12/site-packages/airflow/example_dags/example_branch_day_of_week_operator.py
[2026-05-01T13:27:04.323+0000] {processor.py:830} INFO - Processing file /home/airflow/.local/lib/python3.12/site-packages/airflow/example_dags/example_branch_day_of_week_operator.py for tasks to queue
[2026-05-01T13:27:04.330+0000] {logging_mixin.py:188} INFO - [2026-05-01T13:27:04.329+0000] {dagbag.py:545} INFO - Filling up the DagBag from /home/airflow/.local/lib/python3.12/site-packages/airflow/example_dags/example_branch_day_of_week_operator.py
[2026-05-01T13:27:04.344+0000] {processor.py:840} INFO - DAG(s) 'example_weekday_branch_operator' retrieved from /home/airflow/.local/lib/python3.12/site-packages/airflow/example_dags/example_branch_day_of_week_operator.py
[2026-05-01T13:27:04.389+0000] {logging_mixin.py:188} INFO - [2026-05-01T13:27:04.389+0000] {dag.py:3089} INFO - Sync 1 DAGs
[2026-05-01T13:27:04.438+0000] {logging_mixin.py:188} INFO - [2026-05-01T13:27:04.437+0000] {dag.py:3947} INFO - Setting next_dagrun for example_weekday_branch_operator to 2026-04-30 00:00:00+00:00, run_after=2026-05-01 00:00:00+00:00
[2026-05-01T13:27:04.464+0000] {processor.py:183} INFO - Processing /home/airflow/.local/lib/python3.12/site-packages/airflow/example_dags/example_branch_day_of_week_operator.py took 0.161 seconds
[2026-05-01T13:27:34.883+0000] {processor.py:161} INFO - Started process (PID=376) to work on /home/airflow/.local/lib/python3.12/site-packages/airflow/example_dags/example_branch_day_of_week_operator.py
[2026-05-01T13:27:34.886+0000] {processor.py:830} INFO - Processing file /home/airflow/.local/lib/python3.12/site-packages/airflow/example_dags/example_branch_day_of_week_operator.py for tasks to queue
[2026-05-01T13:27:34.891+0000] {logging_mixin.py:188} INFO - [2026-05-01T13:27:34.891+0000] {dagbag.py:545} INFO - Filling up the DagBag from /home/airflow/.local/lib/python3.12/site-packages/airflow/example_dags/example_branch_day_of_week_operator.py
[2026-05-01T13:27:34.903+0000] {processor.py:840} INFO - DAG(s) 'example_weekday_branch_operator' retrieved from /home/airflow/.local/lib/python3.12/site-packages/airflow/example_dags/example_branch_day_of_week_operator.py
[2026-05-01T13:27:34.931+0000] {logging_mixin.py:188} INFO - [2026-05-01T13:27:34.931+0000] {dag.py:3089} INFO - Sync 1 DAGs
[2026-05-01T13:27:34.960+0000] {logging_mixin.py:188} INFO - [2026-05-01T13:27:34.960+0000] {dag.py:3947} INFO - Setting next_dagrun for example_weekday_branch_operator to 2026-04-30 00:00:00+00:00, run_after=2026-05-01 00:00:00+00:00
[2026-05-01T13:27:34.988+0000] {processor.py:183} INFO - Processing /home/airflow/.local/lib/python3.12/site-packages/airflow/example_dags/example_branch_day_of_week_operator.py took 0.116 seconds
[2026-05-01T13:28:06.335+0000] {processor.py:161} INFO - Started process (PID=435) to work on /home/airflow/.local/lib/python3.12/site-packages/airflow/example_dags/example_branch_day_of_week_operator.py
[2026-05-01T13:28:06.339+0000] {processor.py:830} INFO - Processing file /home/airflow/.local/lib/python3.12/site-packages/airflow/example_dags/example_branch_day_of_week_operator.py for tasks to queue
[2026-05-01T13:28:06.346+0000] {logging_mixin.py:188} INFO - [2026-05-01T13:28:06.344+0000] {dagbag.py:545} INFO - Filling up the DagBag from /home/airflow/.local/lib/python3.12/site-packages/airflow/example_dags/example_branch_day_of_week_operator.py
[2026-05-01T13:28:06.368+0000] {processor.py:840} INFO - DAG(s) 'example_weekday_branch_operator' retrieved from /home/airflow/.local/lib/python3.12/site-packages/airflow/example_dags/example_branch_day_of_week_operator.py
[2026-05-01T13:28:06.414+0000] {logging_mixin.py:188} INFO - [2026-05-01T13:28:06.414+0000] {dag.py:3089} INFO - Sync 1 DAGs
[2026-05-01T13:28:06.462+0000] {logging_mixin.py:188} INFO - [2026-05-01T13:28:06.462+0000] {dag.py:3947} INFO - Setting next_dagrun for example_weekday_branch_operator to 2026-04-30 00:00:00+00:00, run_after=2026-05-01 00:00:00+00:00
[2026-05-01T13:28:06.493+0000] {processor.py:183} INFO - Processing /home/airflow/.local/lib/python3.12/site-packages/airflow/example_dags/example_branch_day_of_week_operator.py took 0.175 seconds
[2026-05-01T13:28:37.014+0000] {processor.py:161} INFO - Started process (PID=493) to work on /home/airflow/.local/lib/python3.12/site-packages/airflow/example_dags/example_branch_day_of_week_operator.py
[2026-05-01T13:28:37.017+0000] {processor.py:830} INFO - Processing file /home/airflow/.local/lib/python3.12/site-packages/airflow/example_dags/example_branch_day_of_week_operator.py for tasks to queue
[2026-05-01T13:28:37.024+0000] {logging_mixin.py:188} INFO - [2026-05-01T13:28:37.023+0000] {dagbag.py:545} INFO - Filling up the DagBag from /home/airflow/.local/lib/python3.12/site-packages/airflow/example_dags/example_branch_day_of_week_operator.py
[2026-05-01T13:28:37.049+0000] {processor.py:840} INFO - DAG(s) 'example_weekday_branch_operator' retrieved from /home/airflow/.local/lib/python3.12/site-packages/airflow/example_dags/example_branch_day_of_week_operator.py
[2026-05-01T13:28:37.101+0000] {logging_mixin.py:188} INFO - [2026-05-01T13:28:37.100+0000] {dag.py:3089} INFO - Sync 1 DAGs
[2026-05-01T13:28:37.148+0000] {logging_mixin.py:188} INFO - [2026-05-01T13:28:37.148+0000] {dag.py:3947} INFO - Setting next_dagrun for example_weekday_branch_operator to 2026-04-30 00:00:00+00:00, run_after=2026-05-01 00:00:00+00:00
[2026-05-01T13:28:37.180+0000] {processor.py:183} INFO - Processing /home/airflow/.local/lib/python3.12/site-packages/airflow/example_dags/example_branch_day_of_week_operator.py took 0.183 seconds
[2026-05-01T13:29:07.511+0000] {processor.py:161} INFO - Started process (PID=551) to work on /home/airflow/.local/lib/python3.12/site-packages/airflow/example_dags/example_branch_day_of_week_operator.py
[2026-05-01T13:29:07.515+0000] {processor.py:830} INFO - Processing file /home/airflow/.local/lib/python3.12/site-packages/airflow/example_dags/example_branch_day_of_week_operator.py for tasks to queue
[2026-05-01T13:29:07.518+0000] {logging_mixin.py:188} INFO - [2026-05-01T13:29:07.518+0000] {dagbag.py:545} INFO - Filling up the DagBag from /home/airflow/.local/lib/python3.12/site-packages/airflow/example_dags/example_branch_day_of_week_operator.py
[2026-05-01T13:29:07.532+0000] {processor.py:840} INFO - DAG(s) 'example_weekday_branch_operator' retrieved from /home/airflow/.local/lib/python3.12/site-packages/airflow/example_dags/example_branch_day_of_week_operator.py
[2026-05-01T13:29:07.559+0000] {logging_mixin.py:188} INFO - [2026-05-01T13:29:07.559+0000] {dag.py:3089} INFO - Sync 1 DAGs
[2026-05-01T13:29:07.589+0000] {logging_mixin.py:188} INFO - [2026-05-01T13:29:07.589+0000] {dag.py:3947} INFO - Setting next_dagrun for example_weekday_branch_operator to 2026-04-30 00:00:00+00:00, run_after=2026-05-01 00:00:00+00:00
[2026-05-01T13:29:07.615+0000] {processor.py:183} INFO - Processing /home/airflow/.local/lib/python3.12/site-packages/airflow/example_dags/example_branch_day_of_week_operator.py took 0.112 seconds
[2026-05-01T13:29:39.175+0000] {processor.py:161} INFO - Started process (PID=609) to work on /home/airflow/.local/lib/python3.12/site-packages/airflow/example_dags/example_branch_day_of_week_operator.py
[2026-05-01T13:29:39.179+0000] {processor.py:830} INFO - Processing file /home/airflow/.local/lib/python3.12/site-packages/airflow/example_dags/example_branch_day_of_week_operator.py for tasks to queue
[2026-05-01T13:29:39.189+0000] {logging_mixin.py:188} INFO - [2026-05-01T13:29:39.188+0000] {dagbag.py:545} INFO - Filling up the DagBag from /home/airflow/.local/lib/python3.12/site-packages/airflow/example_dags/example_branch_day_of_week_operator.py
[2026-05-01T13:29:39.216+0000] {processor.py:840} INFO - DAG(s) 'example_weekday_branch_operator' retrieved from /home/airflow/.local/lib/python3.12/site-packages/airflow/example_dags/example_branch_day_of_week_operator.py
[2026-05-01T13:29:39.268+0000] {logging_mixin.py:188} INFO - [2026-05-01T13:29:39.268+0000] {dag.py:3089} INFO - Sync 1 DAGs
[2026-05-01T13:29:39.330+0000] {logging_mixin.py:188} INFO - [2026-05-01T13:29:39.330+0000] {dag.py:3947} INFO - Setting next_dagrun for example_weekday_branch_operator to 2026-04-30 00:00:00+00:00, run_after=2026-05-01 00:00:00+00:00
[2026-05-01T13:29:39.355+0000] {processor.py:183} INFO - Processing /home/airflow/.local/lib/python3.12/site-packages/airflow/example_dags/example_branch_day_of_week_operator.py took 0.195 seconds
[2026-05-01T13:30:10.111+0000] {processor.py:161} INFO - Started process (PID=668) to work on /home/airflow/.local/lib/python3.12/site-packages/airflow/example_dags/example_branch_day_of_week_operator.py
[2026-05-01T13:30:10.115+0000] {processor.py:830} INFO - Processing file /home/airflow/.local/lib/python3.12/site-packages/airflow/example_dags/example_branch_day_of_week_operator.py for tasks to queue
[2026-05-01T13:30:10.119+0000] {logging_mixin.py:188} INFO - [2026-05-01T13:30:10.118+0000] {dagbag.py:545} INFO - Filling up the DagBag from /home/airflow/.local/lib/python3.12/site-packages/airflow/example_dags/example_branch_day_of_week_operator.py
[2026-05-01T13:30:10.149+0000] {processor.py:840} INFO - DAG(s) 'example_weekday_branch_operator' retrieved from /home/airflow/.local/lib/python3.12/site-packages/airflow/example_dags/example_branch_day_of_week_operator.py
[2026-05-01T13:30:10.228+0000] {logging_mixin.py:188} INFO - [2026-05-01T13:30:10.227+0000] {dag.py:3089} INFO - Sync 1 DAGs
[2026-05-01T13:30:10.302+0000] {logging_mixin.py:188} INFO - [2026-05-01T13:30:10.302+0000] {dag.py:3947} INFO - Setting next_dagrun for example_weekday_branch_operator to 2026-04-30 00:00:00+00:00, run_after=2026-05-01 00:00:00+00:00
[2026-05-01T13:30:10.365+0000] {processor.py:183} INFO - Processing /home/airflow/.local/lib/python3.12/site-packages/airflow/example_dags/example_branch_day_of_week_operator.py took 0.265 seconds
[2026-05-01T13:30:40.487+0000] {processor.py:161} INFO - Started process (PID=726) to work on /home/airflow/.local/lib/python3.12/site-packages/airflow/example_dags/example_branch_day_of_week_operator.py
[2026-05-01T13:30:40.490+0000] {processor.py:830} INFO - Processing file /home/airflow/.local/lib/python3.12/site-packages/airflow/example_dags/example_branch_day_of_week_operator.py for tasks to queue
[2026-05-01T13:30:40.494+0000] {logging_mixin.py:188} INFO - [2026-05-01T13:30:40.494+0000] {dagbag.py:545} INFO - Filling up the DagBag from /home/airflow/.local/lib/python3.12/site-packages/airflow/example_dags/example_branch_day_of_week_operator.py
[2026-05-01T13:30:40.508+0000] {processor.py:840} INFO - DAG(s) 'example_weekday_branch_operator' retrieved from /home/airflow/.local/lib/python3.12/site-packages/airflow/example_dags/example_branch_day_of_week_operator.py
[2026-05-01T13:30:40.541+0000] {logging_mixin.py:188} INFO - [2026-05-01T13:30:40.541+0000] {dag.py:3089} INFO - Sync 1 DAGs
[2026-05-01T13:30:40.573+0000] {logging_mixin.py:188} INFO - [2026-05-01T13:30:40.573+0000] {dag.py:3947} INFO - Setting next_dagrun for example_weekday_branch_operator to 2026-04-30 00:00:00+00:00, run_after=2026-05-01 00:00:00+00:00
[2026-05-01T13:30:40.618+0000] {processor.py:183} INFO - Processing /home/airflow/.local/lib/python3.12/site-packages/airflow/example_dags/example_branch_day_of_week_operator.py took 0.142 seconds
[2026-05-01T13:31:10.848+0000] {processor.py:161} INFO - Started process (PID=784) to work on /home/airflow/.local/lib/python3.12/site-packages/airflow/example_dags/example_branch_day_of_week_operator.py
[2026-05-01T13:31:10.851+0000] {processor.py:830} INFO - Processing file /home/airflow/.local/lib/python3.12/site-packages/airflow/example_dags/example_branch_day_of_week_operator.py for tasks to queue
[2026-05-01T13:31:10.855+0000] {logging_mixin.py:188} INFO - [2026-05-01T13:31:10.855+0000] {dagbag.py:545} INFO - Filling up the DagBag from /home/airflow/.local/lib/python3.12/site-packages/airflow/example_dags/example_branch_day_of_week_operator.py
[2026-05-01T13:31:10.867+0000] {processor.py:840} INFO - DAG(s) 'example_weekday_branch_operator' retrieved from /home/airflow/.local/lib/python3.12/site-packages/airflow/example_dags/example_branch_day_of_week_operator.py
[2026-05-01T13:31:10.902+0000] {logging_mixin.py:188} INFO - [2026-05-01T13:31:10.902+0000] {dag.py:3089} INFO - Sync 1 DAGs
[2026-05-01T13:31:10.938+0000] {logging_mixin.py:188} INFO - [2026-05-01T13:31:10.938+0000] {dag.py:3947} INFO - Setting next_dagrun for example_weekday_branch_operator to 2026-04-30 00:00:00+00:00, run_after=2026-05-01 00:00:00+00:00
[2026-05-01T13:31:10.987+0000] {processor.py:183} INFO - Processing /home/airflow/.local/lib/python3.12/site-packages/airflow/example_dags/example_branch_day_of_week_operator.py took 0.150 seconds
[2026-05-01T13:31:41.122+0000] {processor.py:161} INFO - Started process (PID=841) to work on /home/airflow/.local/lib/python3.12/site-packages/airflow/example_dags/example_branch_day_of_week_operator.py
[2026-05-01T13:31:41.126+0000] {processor.py:830} INFO - Processing file /home/airflow/.local/lib/python3.12/site-packages/airflow/example_dags/example_branch_day_of_week_operator.py for tasks to queue
[2026-05-01T13:31:41.133+0000] {logging_mixin.py:188} INFO - [2026-05-01T13:31:41.132+0000] {dagbag.py:545} INFO - Filling up the DagBag from /home/airflow/.local/lib/python3.12/site-packages/airflow/example_dags/example_branch_day_of_week_operator.py
[2026-05-01T13:31:41.149+0000] {processor.py:840} INFO - DAG(s) 'example_weekday_branch_operator' retrieved from /home/airflow/.local/lib/python3.12/site-packages/airflow/example_dags/example_branch_day_of_week_operator.py
[2026-05-01T13:31:41.185+0000] {logging_mixin.py:188} INFO - [2026-05-01T13:31:41.184+0000] {dag.py:3089} INFO - Sync 1 DAGs
[2026-05-01T13:31:41.227+0000] {logging_mixin.py:188} INFO - [2026-05-01T13:31:41.227+0000] {dag.py:3947} INFO - Setting next_dagrun for example_weekday_branch_operator to 2026-04-30 00:00:00+00:00, run_after=2026-05-01 00:00:00+00:00
[2026-05-01T13:31:41.264+0000] {processor.py:183} INFO - Processing /home/airflow/.local/lib/python3.12/site-packages/airflow/example_dags/example_branch_day_of_week_operator.py took 0.155 seconds
[2026-05-01T13:32:12.322+0000] {processor.py:161} INFO - Started process (PID=900) to work on /home/airflow/.local/lib/python3.12/site-packages/airflow/example_dags/example_branch_day_of_week_operator.py
[2026-05-01T13:32:12.326+0000] {processor.py:830} INFO - Processing file /home/airflow/.local/lib/python3.12/site-packages/airflow/example_dags/example_branch_day_of_week_operator.py for tasks to queue
[2026-05-01T13:32:12.333+0000] {logging_mixin.py:188} INFO - [2026-05-01T13:32:12.332+0000] {dagbag.py:545} INFO - Filling up the DagBag from /home/airflow/.local/lib/python3.12/site-packages/airflow/example_dags/example_branch_day_of_week_operator.py
[2026-05-01T13:32:12.351+0000] {processor.py:840} INFO - DAG(s) 'example_weekday_branch_operator' retrieved from /home/airflow/.local/lib/python3.12/site-packages/airflow/example_dags/example_branch_day_of_week_operator.py
[2026-05-01T13:32:12.382+0000] {logging_mixin.py:188} INFO - [2026-05-01T13:32:12.382+0000] {dag.py:3089} INFO - Sync 1 DAGs
[2026-05-01T13:32:12.410+0000] {logging_mixin.py:188} INFO - [2026-05-01T13:32:12.410+0000] {dag.py:3947} INFO - Setting next_dagrun for example_weekday_branch_operator to 2026-04-30 00:00:00+00:00, run_after=2026-05-01 00:00:00+00:00
[2026-05-01T13:32:12.436+0000] {processor.py:183} INFO - Processing /home/airflow/.local/lib/python3.12/site-packages/airflow/example_dags/example_branch_day_of_week_operator.py took 0.124 seconds
[2026-05-01T13:32:42.993+0000] {processor.py:161} INFO - Started process (PID=958) to work on /home/airflow/.local/lib/python3.12/site-packages/airflow/example_dags/example_branch_day_of_week_operator.py
[2026-05-01T13:32:42.999+0000] {processor.py:830} INFO - Processing file /home/airflow/.local/lib/python3.12/site-packages/airflow/example_dags/example_branch_day_of_week_operator.py for tasks to queue
[2026-05-01T13:32:43.011+0000] {logging_mixin.py:188} INFO - [2026-05-01T13:32:43.010+0000] {dagbag.py:545} INFO - Filling up the DagBag from /home/airflow/.local/lib/python3.12/site-packages/airflow/example_dags/example_branch_day_of_week_operator.py
[2026-05-01T13:32:43.053+0000] {processor.py:840} INFO - DAG(s) 'example_weekday_branch_operator' retrieved from /home/airflow/.local/lib/python3.12/site-packages/airflow/example_dags/example_branch_day_of_week_operator.py
[2026-05-01T13:32:43.196+0000] {logging_mixin.py:188} INFO - [2026-05-01T13:32:43.195+0000] {dag.py:3089} INFO - Sync 1 DAGs
[2026-05-01T13:32:43.277+0000] {logging_mixin.py:188} INFO - [2026-05-01T13:32:43.277+0000] {dag.py:3947} INFO - Setting next_dagrun for example_weekday_branch_operator to 2026-04-30 00:00:00+00:00, run_after=2026-05-01 00:00:00+00:00
[2026-05-01T13:32:43.314+0000] {processor.py:183} INFO - Processing /home/airflow/.local/lib/python3.12/site-packages/airflow/example_dags/example_branch_day_of_week_operator.py took 0.342 seconds
[2026-05-01T13:33:13.466+0000] {processor.py:161} INFO - Started process (PID=1015) to work on /home/airflow/.local/lib/python3.12/site-packages/airflow/example_dags/example_branch_day_of_week_operator.py
[2026-05-01T13:33:13.469+0000] {processor.py:830} INFO - Processing file /home/airflow/.local/lib/python3.12/site-packages/airflow/example_dags/example_branch_day_of_week_operator.py for tasks to queue
[2026-05-01T13:33:13.475+0000] {logging_mixin.py:188} INFO - [2026-05-01T13:33:13.474+0000] {dagbag.py:545} INFO - Filling up the DagBag from /home/airflow/.local/lib/python3.12/site-packages/airflow/example_dags/example_branch_day_of_week_operator.py
[2026-05-01T13:33:13.492+0000] {processor.py:840} INFO - DAG(s) 'example_weekday_branch_operator' retrieved from /home/airflow/.local/lib/python3.12/site-packages/airflow/example_dags/example_branch_day_of_week_operator.py
[2026-05-01T13:33:13.523+0000] {logging_mixin.py:188} INFO - [2026-05-01T13:33:13.522+0000] {dag.py:3089} INFO - Sync 1 DAGs
[2026-05-01T13:33:13.560+0000] {logging_mixin.py:188} INFO - [2026-05-01T13:33:13.560+0000] {dag.py:3947} INFO - Setting next_dagrun for example_weekday_branch_operator to 2026-04-30 00:00:00+00:00, run_after=2026-05-01 00:00:00+00:00
[2026-05-01T13:33:13.596+0000] {processor.py:183} INFO - Processing /home/airflow/.local/lib/python3.12/site-packages/airflow/example_dags/example_branch_day_of_week_operator.py took 0.140 seconds
[2026-05-01T13:33:43.698+0000] {processor.py:161} INFO - Started process (PID=1073) to work on /home/airflow/.local/lib/python3.12/site-packages/airflow/example_dags/example_branch_day_of_week_operator.py
[2026-05-01T13:33:43.701+0000] {processor.py:830} INFO - Processing file /home/airflow/.local/lib/python3.12/site-packages/airflow/example_dags/example_branch_day_of_week_operator.py for tasks to queue
[2026-05-01T13:33:43.705+0000] {logging_mixin.py:188} INFO - [2026-05-01T13:33:43.704+0000] {dagbag.py:545} INFO - Filling up the DagBag from /home/airflow/.local/lib/python3.12/site-packages/airflow/example_dags/example_branch_day_of_week_operator.py
[2026-05-01T13:33:43.716+0000] {processor.py:840} INFO - DAG(s) 'example_weekday_branch_operator' retrieved from /home/airflow/.local/lib/python3.12/site-packages/airflow/example_dags/example_branch_day_of_week_operator.py
[2026-05-01T13:33:43.747+0000] {logging_mixin.py:188} INFO - [2026-05-01T13:33:43.747+0000] {dag.py:3089} INFO - Sync 1 DAGs
[2026-05-01T13:33:43.777+0000] {logging_mixin.py:188} INFO - [2026-05-01T13:33:43.776+0000] {dag.py:3947} INFO - Setting next_dagrun for example_weekday_branch_operator to 2026-04-30 00:00:00+00:00, run_after=2026-05-01 00:00:00+00:00
[2026-05-01T13:33:43.805+0000] {processor.py:183} INFO - Processing /home/airflow/.local/lib/python3.12/site-packages/airflow/example_dags/example_branch_day_of_week_operator.py took 0.114 seconds
[2026-05-01T13:34:14.904+0000] {processor.py:161} INFO - Started process (PID=1131) to work on /home/airflow/.local/lib/python3.12/site-packages/airflow/example_dags/example_branch_day_of_week_operator.py
[2026-05-01T13:34:14.907+0000] {processor.py:830} INFO - Processing file /home/airflow/.local/lib/python3.12/site-packages/airflow/example_dags/example_branch_day_of_week_operator.py for tasks to queue
[2026-05-01T13:34:14.920+0000] {logging_mixin.py:188} INFO - [2026-05-01T13:34:14.912+0000] {dagbag.py:545} INFO - Filling up the DagBag from /home/airflow/.local/lib/python3.12/site-packages/airflow/example_dags/example_branch_day_of_week_operator.py
[2026-05-01T13:34:14.944+0000] {processor.py:840} INFO - DAG(s) 'example_weekday_branch_operator' retrieved from /home/airflow/.local/lib/python3.12/site-packages/airflow/example_dags/example_branch_day_of_week_operator.py
[2026-05-01T13:34:15.027+0000] {logging_mixin.py:188} INFO - [2026-05-01T13:34:15.027+0000] {dag.py:3089} INFO - Sync 1 DAGs
[2026-05-01T13:34:15.132+0000] {logging_mixin.py:188} INFO - [2026-05-01T13:34:15.129+0000] {dag.py:3947} INFO - Setting next_dagrun for example_weekday_branch_operator to 2026-04-30 00:00:00+00:00, run_after=2026-05-01 00:00:00+00:00
[2026-05-01T13:34:15.208+0000] {processor.py:183} INFO - Processing /home/airflow/.local/lib/python3.12/site-packages/airflow/example_dags/example_branch_day_of_week_operator.py took 0.331 seconds
[2026-05-01T13:34:45.533+0000] {processor.py:161} INFO - Started process (PID=1189) to work on /home/airflow/.local/lib/python3.12/site-packages/airflow/example_dags/example_branch_day_of_week_operator.py
[2026-05-01T13:34:45.536+0000] {processor.py:830} INFO - Processing file /home/airflow/.local/lib/python3.12/site-packages/airflow/example_dags/example_branch_day_of_week_operator.py for tasks to queue
[2026-05-01T13:34:45.541+0000] {logging_mixin.py:188} INFO - [2026-05-01T13:34:45.540+0000] {dagbag.py:545} INFO - Filling up the DagBag from /home/airflow/.local/lib/python3.12/site-packages/airflow/example_dags/example_branch_day_of_week_operator.py
[2026-05-01T13:34:45.559+0000] {processor.py:840} INFO - DAG(s) 'example_weekday_branch_operator' retrieved from /home/airflow/.local/lib/python3.12/site-packages/airflow/example_dags/example_branch_day_of_week_operator.py
[2026-05-01T13:34:45.601+0000] {logging_mixin.py:188} INFO - [2026-05-01T13:34:45.601+0000] {dag.py:3089} INFO - Sync 1 DAGs
[2026-05-01T13:34:45.759+0000] {logging_mixin.py:188} INFO - [2026-05-01T13:34:45.759+0000] {dag.py:3947} INFO - Setting next_dagrun for example_weekday_branch_operator to 2026-04-30 00:00:00+00:00, run_after=2026-05-01 00:00:00+00:00
[2026-05-01T13:34:45.792+0000] {processor.py:183} INFO - Processing /home/airflow/.local/lib/python3.12/site-packages/airflow/example_dags/example_branch_day_of_week_operator.py took 0.269 seconds
[2026-05-01T13:35:16.221+0000] {processor.py:161} INFO - Started process (PID=1252) to work on /home/airflow/.local/lib/python3.12/site-packages/airflow/example_dags/example_branch_day_of_week_operator.py
[2026-05-01T13:35:16.223+0000] {processor.py:830} INFO - Processing file /home/airflow/.local/lib/python3.12/site-packages/airflow/example_dags/example_branch_day_of_week_operator.py for tasks to queue
[2026-05-01T13:35:16.227+0000] {logging_mixin.py:188} INFO - [2026-05-01T13:35:16.226+0000] {dagbag.py:545} INFO - Filling up the DagBag from /home/airflow/.local/lib/python3.12/site-packages/airflow/example_dags/example_branch_day_of_week_operator.py
[2026-05-01T13:35:16.239+0000] {processor.py:840} INFO - DAG(s) 'example_weekday_branch_operator' retrieved from /home/airflow/.local/lib/python3.12/site-packages/airflow/example_dags/example_branch_day_of_week_operator.py
[2026-05-01T13:35:16.272+0000] {logging_mixin.py:188} INFO - [2026-05-01T13:35:16.271+0000] {dag.py:3089} INFO - Sync 1 DAGs
[2026-05-01T13:35:16.305+0000] {logging_mixin.py:188} INFO - [2026-05-01T13:35:16.305+0000] {dag.py:3947} INFO - Setting next_dagrun for example_weekday_branch_operator to 2026-04-30 00:00:00+00:00, run_after=2026-05-01 00:00:00+00:00
[2026-05-01T13:35:16.334+0000] {processor.py:183} INFO - Processing /home/airflow/.local/lib/python3.12/site-packages/airflow/example_dags/example_branch_day_of_week_operator.py took 0.122 seconds
[2026-05-01T13:35:46.860+0000] {processor.py:161} INFO - Started process (PID=1308) to work on /home/airflow/.local/lib/python3.12/site-packages/airflow/example_dags/example_branch_day_of_week_operator.py
[2026-05-01T13:35:46.864+0000] {processor.py:830} INFO - Processing file /home/airflow/.local/lib/python3.12/site-packages/airflow/example_dags/example_branch_day_of_week_operator.py for tasks to queue
[2026-05-01T13:35:46.873+0000] {logging_mixin.py:188} INFO - [2026-05-01T13:35:46.873+0000] {dagbag.py:545} INFO - Filling up the DagBag from /home/airflow/.local/lib/python3.12/site-packages/airflow/example_dags/example_branch_day_of_week_operator.py
[2026-05-01T13:35:46.890+0000] {processor.py:840} INFO - DAG(s) 'example_weekday_branch_operator' retrieved from /home/airflow/.local/lib/python3.12/site-packages/airflow/example_dags/example_branch_day_of_week_operator.py
[2026-05-01T13:35:46.944+0000] {logging_mixin.py:188} INFO - [2026-05-01T13:35:46.944+0000] {dag.py:3089} INFO - Sync 1 DAGs
[2026-05-01T13:35:46.978+0000] {logging_mixin.py:188} INFO - [2026-05-01T13:35:46.977+0000] {dag.py:3947} INFO - Setting next_dagrun for example_weekday_branch_operator to 2026-04-30 00:00:00+00:00, run_after=2026-05-01 00:00:00+00:00
[2026-05-01T13:35:47.026+0000] {processor.py:183} INFO - Processing /home/airflow/.local/lib/python3.12/site-packages/airflow/example_dags/example_branch_day_of_week_operator.py took 0.186 seconds
[2026-05-01T13:36:17.160+0000] {processor.py:161} INFO - Started process (PID=1366) to work on /home/airflow/.local/lib/python3.12/site-packages/airflow/example_dags/example_branch_day_of_week_operator.py
[2026-05-01T13:36:17.164+0000] {processor.py:830} INFO - Processing file /home/airflow/.local/lib/python3.12/site-packages/airflow/example_dags/example_branch_day_of_week_operator.py for tasks to queue
[2026-05-01T13:36:17.172+0000] {logging_mixin.py:188} INFO - [2026-05-01T13:36:17.171+0000] {dagbag.py:545} INFO - Filling up the DagBag from /home/airflow/.local/lib/python3.12/site-packages/airflow/example_dags/example_branch_day_of_week_operator.py
[2026-05-01T13:36:17.189+0000] {processor.py:840} INFO - DAG(s) 'example_weekday_branch_operator' retrieved from /home/airflow/.local/lib/python3.12/site-packages/airflow/example_dags/example_branch_day_of_week_operator.py
[2026-05-01T13:36:17.244+0000] {logging_mixin.py:188} INFO - [2026-05-01T13:36:17.244+0000] {dag.py:3089} INFO - Sync 1 DAGs
[2026-05-01T13:36:17.306+0000] {logging_mixin.py:188} INFO - [2026-05-01T13:36:17.306+0000] {dag.py:3947} INFO - Setting next_dagrun for example_weekday_branch_operator to 2026-04-30 00:00:00+00:00, run_after=2026-05-01 00:00:00+00:00
[2026-05-01T13:36:17.337+0000] {processor.py:183} INFO - Processing /home/airflow/.local/lib/python3.12/site-packages/airflow/example_dags/example_branch_day_of_week_operator.py took 0.199 seconds
[2026-05-01T13:36:47.780+0000] {processor.py:161} INFO - Started process (PID=1424) to work on /home/airflow/.local/lib/python3.12/site-packages/airflow/example_dags/example_branch_day_of_week_operator.py
[2026-05-01T13:36:47.783+0000] {processor.py:830} INFO - Processing file /home/airflow/.local/lib/python3.12/site-packages/airflow/example_dags/example_branch_day_of_week_operator.py for tasks to queue
[2026-05-01T13:36:47.786+0000] {logging_mixin.py:188} INFO - [2026-05-01T13:36:47.786+0000] {dagbag.py:545} INFO - Filling up the DagBag from /home/airflow/.local/lib/python3.12/site-packages/airflow/example_dags/example_branch_day_of_week_operator.py
[2026-05-01T13:36:47.800+0000] {processor.py:840} INFO - DAG(s) 'example_weekday_branch_operator' retrieved from /home/airflow/.local/lib/python3.12/site-packages/airflow/example_dags/example_branch_day_of_week_operator.py
[2026-05-01T13:36:47.832+0000] {logging_mixin.py:188} INFO - [2026-05-01T13:36:47.832+0000] {dag.py:3089} INFO - Sync 1 DAGs
[2026-05-01T13:36:47.867+0000] {logging_mixin.py:188} INFO - [2026-05-01T13:36:47.866+0000] {dag.py:3947} INFO - Setting next_dagrun for example_weekday_branch_operator to 2026-04-30 00:00:00+00:00, run_after=2026-05-01 00:00:00+00:00
[2026-05-01T13:36:47.892+0000] {processor.py:183} INFO - Processing /home/airflow/.local/lib/python3.12/site-packages/airflow/example_dags/example_branch_day_of_week_operator.py took 0.120 seconds
[2026-05-01T13:37:18.727+0000] {processor.py:161} INFO - Started process (PID=1481) to work on /home/airflow/.local/lib/python3.12/site-packages/airflow/example_dags/example_branch_day_of_week_operator.py
[2026-05-01T13:37:18.730+0000] {processor.py:830} INFO - Processing file /home/airflow/.local/lib/python3.12/site-packages/airflow/example_dags/example_branch_day_of_week_operator.py for tasks to queue
[2026-05-01T13:37:18.735+0000] {logging_mixin.py:188} INFO - [2026-05-01T13:37:18.734+0000] {dagbag.py:545} INFO - Filling up the DagBag from /home/airflow/.local/lib/python3.12/site-packages/airflow/example_dags/example_branch_day_of_week_operator.py
[2026-05-01T13:37:18.788+0000] {processor.py:840} INFO - DAG(s) 'example_weekday_branch_operator' retrieved from /home/airflow/.local/lib/python3.12/site-packages/airflow/example_dags/example_branch_day_of_week_operator.py
[2026-05-01T13:37:18.825+0000] {logging_mixin.py:188} INFO - [2026-05-01T13:37:18.824+0000] {dag.py:3089} INFO - Sync 1 DAGs
[2026-05-01T13:37:18.865+0000] {logging_mixin.py:188} INFO - [2026-05-01T13:37:18.865+0000] {dag.py:3947} INFO - Setting next_dagrun for example_weekday_branch_operator to 2026-04-30 00:00:00+00:00, run_after=2026-05-01 00:00:00+00:00
[2026-05-01T13:37:18.892+0000] {processor.py:183} INFO - Processing /home/airflow/.local/lib/python3.12/site-packages/airflow/example_dags/example_branch_day_of_week_operator.py took 0.189 seconds
[2026-05-01T13:37:49.196+0000] {processor.py:161} INFO - Started process (PID=1538) to work on /home/airflow/.local/lib/python3.12/site-packages/airflow/example_dags/example_branch_day_of_week_operator.py
[2026-05-01T13:37:49.200+0000] {processor.py:830} INFO - Processing file /home/airflow/.local/lib/python3.12/site-packages/airflow/example_dags/example_branch_day_of_week_operator.py for tasks to queue
[2026-05-01T13:37:49.206+0000] {logging_mixin.py:188} INFO - [2026-05-01T13:37:49.205+0000] {dagbag.py:545} INFO - Filling up the DagBag from /home/airflow/.local/lib/python3.12/site-packages/airflow/example_dags/example_branch_day_of_week_operator.py
[2026-05-01T13:37:49.219+0000] {processor.py:840} INFO - DAG(s) 'example_weekday_branch_operator' retrieved from /home/airflow/.local/lib/python3.12/site-packages/airflow/example_dags/example_branch_day_of_week_operator.py
[2026-05-01T13:37:49.265+0000] {logging_mixin.py:188} INFO - [2026-05-01T13:37:49.265+0000] {dag.py:3089} INFO - Sync 1 DAGs
[2026-05-01T13:37:49.299+0000] {logging_mixin.py:188} INFO - [2026-05-01T13:37:49.299+0000] {dag.py:3947} INFO - Setting next_dagrun for example_weekday_branch_operator to 2026-04-30 00:00:00+00:00, run_after=2026-05-01 00:00:00+00:00
[2026-05-01T13:37:49.325+0000] {processor.py:183} INFO - Processing /home/airflow/.local/lib/python3.12/site-packages/airflow/example_dags/example_branch_day_of_week_operator.py took 0.141 seconds
[2026-05-01T13:38:19.874+0000] {processor.py:161} INFO - Started process (PID=1596) to work on /home/airflow/.local/lib/python3.12/site-packages/airflow/example_dags/example_branch_day_of_week_operator.py
[2026-05-01T13:38:19.877+0000] {processor.py:830} INFO - Processing file /home/airflow/.local/lib/python3.12/site-packages/airflow/example_dags/example_branch_day_of_week_operator.py for tasks to queue
[2026-05-01T13:38:19.882+0000] {logging_mixin.py:188} INFO - [2026-05-01T13:38:19.881+0000] {dagbag.py:545} INFO - Filling up the DagBag from /home/airflow/.local/lib/python3.12/site-packages/airflow/example_dags/example_branch_day_of_week_operator.py
[2026-05-01T13:38:19.894+0000] {processor.py:840} INFO - DAG(s) 'example_weekday_branch_operator' retrieved from /home/airflow/.local/lib/python3.12/site-packages/airflow/example_dags/example_branch_day_of_week_operator.py
[2026-05-01T13:38:19.942+0000] {logging_mixin.py:188} INFO - [2026-05-01T13:38:19.941+0000] {dag.py:3089} INFO - Sync 1 DAGs
[2026-05-01T13:38:19.991+0000] {logging_mixin.py:188} INFO - [2026-05-01T13:38:19.990+0000] {dag.py:3947} INFO - Setting next_dagrun for example_weekday_branch_operator to 2026-04-30 00:00:00+00:00, run_after=2026-05-01 00:00:00+00:00
[2026-05-01T13:38:20.046+0000] {processor.py:183} INFO - Processing /home/airflow/.local/lib/python3.12/site-packages/airflow/example_dags/example_branch_day_of_week_operator.py took 0.181 seconds
[2026-05-01T13:38:50.271+0000] {processor.py:161} INFO - Started process (PID=1654) to work on /home/airflow/.local/lib/python3.12/site-packages/airflow/example_dags/example_branch_day_of_week_operator.py
[2026-05-01T13:38:50.273+0000] {processor.py:830} INFO - Processing file /home/airflow/.local/lib/python3.12/site-packages/airflow/example_dags/example_branch_day_of_week_operator.py for tasks to queue
[2026-05-01T13:38:50.279+0000] {logging_mixin.py:188} INFO - [2026-05-01T13:38:50.278+0000] {dagbag.py:545} INFO - Filling up the DagBag from /home/airflow/.local/lib/python3.12/site-packages/airflow/example_dags/example_branch_day_of_week_operator.py
[2026-05-01T13:38:50.297+0000] {processor.py:840} INFO - DAG(s) 'example_weekday_branch_operator' retrieved from /home/airflow/.local/lib/python3.12/site-packages/airflow/example_dags/example_branch_day_of_week_operator.py
[2026-05-01T13:38:50.326+0000] {logging_mixin.py:188} INFO - [2026-05-01T13:38:50.325+0000] {dag.py:3089} INFO - Sync 1 DAGs
[2026-05-01T13:38:50.356+0000] {logging_mixin.py:188} INFO - [2026-05-01T13:38:50.356+0000] {dag.py:3947} INFO - Setting next_dagrun for example_weekday_branch_operator to 2026-04-30 00:00:00+00:00, run_after=2026-05-01 00:00:00+00:00
[2026-05-01T13:38:50.383+0000] {processor.py:183} INFO - Processing /home/airflow/.local/lib/python3.12/site-packages/airflow/example_dags/example_branch_day_of_week_operator.py took 0.126 seconds
[2026-05-01T13:39:21.888+0000] {processor.py:161} INFO - Started process (PID=1712) to work on /home/airflow/.local/lib/python3.12/site-packages/airflow/example_dags/example_branch_day_of_week_operator.py
[2026-05-01T13:39:21.891+0000] {processor.py:830} INFO - Processing file /home/airflow/.local/lib/python3.12/site-packages/airflow/example_dags/example_branch_day_of_week_operator.py for tasks to queue
[2026-05-01T13:39:21.898+0000] {logging_mixin.py:188} INFO - [2026-05-01T13:39:21.897+0000] {dagbag.py:545} INFO - Filling up the DagBag from /home/airflow/.local/lib/python3.12/site-packages/airflow/example_dags/example_branch_day_of_week_operator.py
[2026-05-01T13:39:21.921+0000] {processor.py:840} INFO - DAG(s) 'example_weekday_branch_operator' retrieved from /home/airflow/.local/lib/python3.12/site-packages/airflow/example_dags/example_branch_day_of_week_operator.py
[2026-05-01T13:39:21.958+0000] {logging_mixin.py:188} INFO - [2026-05-01T13:39:21.958+0000] {dag.py:3089} INFO - Sync 1 DAGs
[2026-05-01T13:39:22.202+0000] {logging_mixin.py:188} INFO - [2026-05-01T13:39:22.202+0000] {dag.py:3947} INFO - Setting next_dagrun for example_weekday_branch_operator to 2026-04-30 00:00:00+00:00, run_after=2026-05-01 00:00:00+00:00
[2026-05-01T13:39:22.241+0000] {processor.py:183} INFO - Processing /home/airflow/.local/lib/python3.12/site-packages/airflow/example_dags/example_branch_day_of_week_operator.py took 0.365 seconds
[2026-05-01T13:39:53.076+0000] {processor.py:161} INFO - Started process (PID=1771) to work on /home/airflow/.local/lib/python3.12/site-packages/airflow/example_dags/example_branch_day_of_week_operator.py
[2026-05-01T13:39:53.082+0000] {processor.py:830} INFO - Processing file /home/airflow/.local/lib/python3.12/site-packages/airflow/example_dags/example_branch_day_of_week_operator.py for tasks to queue
[2026-05-01T13:39:53.091+0000] {logging_mixin.py:188} INFO - [2026-05-01T13:39:53.090+0000] {dagbag.py:545} INFO - Filling up the DagBag from /home/airflow/.local/lib/python3.12/site-packages/airflow/example_dags/example_branch_day_of_week_operator.py
[2026-05-01T13:39:53.117+0000] {processor.py:840} INFO - DAG(s) 'example_weekday_branch_operator' retrieved from /home/airflow/.local/lib/python3.12/site-packages/airflow/example_dags/example_branch_day_of_week_operator.py
[2026-05-01T13:39:53.175+0000] {logging_mixin.py:188} INFO - [2026-05-01T13:39:53.175+0000] {dag.py:3089} INFO - Sync 1 DAGs
[2026-05-01T13:39:53.674+0000] {logging_mixin.py:188} INFO - [2026-05-01T13:39:53.673+0000] {dag.py:3947} INFO - Setting next_dagrun for example_weekday_branch_operator to 2026-04-30 00:00:00+00:00, run_after=2026-05-01 00:00:00+00:00
[2026-05-01T13:39:53.715+0000] {processor.py:183} INFO - Processing /home/airflow/.local/lib/python3.12/site-packages/airflow/example_dags/example_branch_day_of_week_operator.py took 0.663 seconds
[2026-05-01T13:42:46.660+0000] {processor.py:161} INFO - Started process (PID=71) to work on /home/airflow/.local/lib/python3.12/site-packages/airflow/example_dags/example_branch_day_of_week_operator.py
[2026-05-01T13:42:46.666+0000] {processor.py:830} INFO - Processing file /home/airflow/.local/lib/python3.12/site-packages/airflow/example_dags/example_branch_day_of_week_operator.py for tasks to queue
[2026-05-01T13:42:46.672+0000] {logging_mixin.py:188} INFO - [2026-05-01T13:42:46.672+0000] {dagbag.py:545} INFO - Filling up the DagBag from /home/airflow/.local/lib/python3.12/site-packages/airflow/example_dags/example_branch_day_of_week_operator.py
[2026-05-01T13:42:46.707+0000] {processor.py:840} INFO - DAG(s) 'example_weekday_branch_operator' retrieved from /home/airflow/.local/lib/python3.12/site-packages/airflow/example_dags/example_branch_day_of_week_operator.py
[2026-05-01T13:42:47.281+0000] {logging_mixin.py:188} INFO - [2026-05-01T13:42:47.281+0000] {dag.py:3089} INFO - Sync 1 DAGs
[2026-05-01T13:42:47.355+0000] {logging_mixin.py:188} INFO - [2026-05-01T13:42:47.355+0000] {dag.py:3947} INFO - Setting next_dagrun for example_weekday_branch_operator to 2026-04-30 00:00:00+00:00, run_after=2026-05-01 00:00:00+00:00
[2026-05-01T13:42:47.439+0000] {processor.py:183} INFO - Processing /home/airflow/.local/lib/python3.12/site-packages/airflow/example_dags/example_branch_day_of_week_operator.py took 0.801 seconds
[2026-05-01T13:43:23.267+0000] {processor.py:161} INFO - Started process (PID=135) to work on /home/airflow/.local/lib/python3.12/site-packages/airflow/example_dags/example_branch_day_of_week_operator.py
[2026-05-01T13:43:23.276+0000] {processor.py:830} INFO - Processing file /home/airflow/.local/lib/python3.12/site-packages/airflow/example_dags/example_branch_day_of_week_operator.py for tasks to queue
[2026-05-01T13:43:23.288+0000] {logging_mixin.py:188} INFO - [2026-05-01T13:43:23.285+0000] {dagbag.py:545} INFO - Filling up the DagBag from /home/airflow/.local/lib/python3.12/site-packages/airflow/example_dags/example_branch_day_of_week_operator.py
[2026-05-01T13:43:23.363+0000] {processor.py:840} INFO - DAG(s) 'example_weekday_branch_operator' retrieved from /home/airflow/.local/lib/python3.12/site-packages/airflow/example_dags/example_branch_day_of_week_operator.py
[2026-05-01T13:43:23.627+0000] {logging_mixin.py:188} INFO - [2026-05-01T13:43:23.627+0000] {dag.py:3089} INFO - Sync 1 DAGs
[2026-05-01T13:43:23.798+0000] {logging_mixin.py:188} INFO - [2026-05-01T13:43:23.797+0000] {dag.py:3947} INFO - Setting next_dagrun for example_weekday_branch_operator to 2026-04-30 00:00:00+00:00, run_after=2026-05-01 00:00:00+00:00
[2026-05-01T13:43:23.905+0000] {processor.py:183} INFO - Processing /home/airflow/.local/lib/python3.12/site-packages/airflow/example_dags/example_branch_day_of_week_operator.py took 0.678 seconds
[2026-05-01T13:43:54.780+0000] {processor.py:161} INFO - Started process (PID=193) to work on /home/airflow/.local/lib/python3.12/site-packages/airflow/example_dags/example_branch_day_of_week_operator.py
[2026-05-01T13:43:54.791+0000] {processor.py:830} INFO - Processing file /home/airflow/.local/lib/python3.12/site-packages/airflow/example_dags/example_branch_day_of_week_operator.py for tasks to queue
[2026-05-01T13:43:54.871+0000] {logging_mixin.py:188} INFO - [2026-05-01T13:43:54.871+0000] {dagbag.py:545} INFO - Filling up the DagBag from /home/airflow/.local/lib/python3.12/site-packages/airflow/example_dags/example_branch_day_of_week_operator.py
[2026-05-01T13:43:54.986+0000] {processor.py:840} INFO - DAG(s) 'example_weekday_branch_operator' retrieved from /home/airflow/.local/lib/python3.12/site-packages/airflow/example_dags/example_branch_day_of_week_operator.py
[2026-05-01T13:43:55.129+0000] {logging_mixin.py:188} INFO - [2026-05-01T13:43:55.128+0000] {dag.py:3089} INFO - Sync 1 DAGs
[2026-05-01T13:43:55.187+0000] {logging_mixin.py:188} INFO - [2026-05-01T13:43:55.186+0000] {dag.py:3947} INFO - Setting next_dagrun for example_weekday_branch_operator to 2026-04-30 00:00:00+00:00, run_after=2026-05-01 00:00:00+00:00
[2026-05-01T13:43:55.244+0000] {processor.py:183} INFO - Processing /home/airflow/.local/lib/python3.12/site-packages/airflow/example_dags/example_branch_day_of_week_operator.py took 0.519 seconds
[2026-05-01T13:44:25.388+0000] {processor.py:161} INFO - Started process (PID=249) to work on /home/airflow/.local/lib/python3.12/site-packages/airflow/example_dags/example_branch_day_of_week_operator.py
[2026-05-01T13:44:25.390+0000] {processor.py:830} INFO - Processing file /home/airflow/.local/lib/python3.12/site-packages/airflow/example_dags/example_branch_day_of_week_operator.py for tasks to queue
[2026-05-01T13:44:25.395+0000] {logging_mixin.py:188} INFO - [2026-05-01T13:44:25.394+0000] {dagbag.py:545} INFO - Filling up the DagBag from /home/airflow/.local/lib/python3.12/site-packages/airflow/example_dags/example_branch_day_of_week_operator.py
[2026-05-01T13:44:25.410+0000] {processor.py:840} INFO - DAG(s) 'example_weekday_branch_operator' retrieved from /home/airflow/.local/lib/python3.12/site-packages/airflow/example_dags/example_branch_day_of_week_operator.py
[2026-05-01T13:44:25.441+0000] {logging_mixin.py:188} INFO - [2026-05-01T13:44:25.440+0000] {dag.py:3089} INFO - Sync 1 DAGs
[2026-05-01T13:44:25.476+0000] {logging_mixin.py:188} INFO - [2026-05-01T13:44:25.476+0000] {dag.py:3947} INFO - Setting next_dagrun for example_weekday_branch_operator to 2026-04-30 00:00:00+00:00, run_after=2026-05-01 00:00:00+00:00
[2026-05-01T13:44:25.502+0000] {processor.py:183} INFO - Processing /home/airflow/.local/lib/python3.12/site-packages/airflow/example_dags/example_branch_day_of_week_operator.py took 0.125 seconds
[2026-05-01T13:44:56.223+0000] {processor.py:161} INFO - Started process (PID=308) to work on /home/airflow/.local/lib/python3.12/site-packages/airflow/example_dags/example_branch_day_of_week_operator.py
[2026-05-01T13:44:56.226+0000] {processor.py:830} INFO - Processing file /home/airflow/.local/lib/python3.12/site-packages/airflow/example_dags/example_branch_day_of_week_operator.py for tasks to queue
[2026-05-01T13:44:56.233+0000] {logging_mixin.py:188} INFO - [2026-05-01T13:44:56.232+0000] {dagbag.py:545} INFO - Filling up the DagBag from /home/airflow/.local/lib/python3.12/site-packages/airflow/example_dags/example_branch_day_of_week_operator.py
[2026-05-01T13:44:56.257+0000] {processor.py:840} INFO - DAG(s) 'example_weekday_branch_operator' retrieved from /home/airflow/.local/lib/python3.12/site-packages/airflow/example_dags/example_branch_day_of_week_operator.py
[2026-05-01T13:44:56.307+0000] {logging_mixin.py:188} INFO - [2026-05-01T13:44:56.306+0000] {dag.py:3089} INFO - Sync 1 DAGs
[2026-05-01T13:44:56.348+0000] {logging_mixin.py:188} INFO - [2026-05-01T13:44:56.347+0000] {dag.py:3947} INFO - Setting next_dagrun for example_weekday_branch_operator to 2026-04-30 00:00:00+00:00, run_after=2026-05-01 00:00:00+00:00
[2026-05-01T13:44:56.390+0000] {processor.py:183} INFO - Processing /home/airflow/.local/lib/python3.12/site-packages/airflow/example_dags/example_branch_day_of_week_operator.py took 0.181 seconds
[2026-05-01T13:45:27.327+0000] {processor.py:161} INFO - Started process (PID=366) to work on /home/airflow/.local/lib/python3.12/site-packages/airflow/example_dags/example_branch_day_of_week_operator.py
[2026-05-01T13:45:27.331+0000] {processor.py:830} INFO - Processing file /home/airflow/.local/lib/python3.12/site-packages/airflow/example_dags/example_branch_day_of_week_operator.py for tasks to queue
[2026-05-01T13:45:27.340+0000] {logging_mixin.py:188} INFO - [2026-05-01T13:45:27.340+0000] {dagbag.py:545} INFO - Filling up the DagBag from /home/airflow/.local/lib/python3.12/site-packages/airflow/example_dags/example_branch_day_of_week_operator.py
[2026-05-01T13:45:27.368+0000] {processor.py:840} INFO - DAG(s) 'example_weekday_branch_operator' retrieved from /home/airflow/.local/lib/python3.12/site-packages/airflow/example_dags/example_branch_day_of_week_operator.py
[2026-05-01T13:45:27.480+0000] {logging_mixin.py:188} INFO - [2026-05-01T13:45:27.480+0000] {dag.py:3089} INFO - Sync 1 DAGs
[2026-05-01T13:45:27.669+0000] {logging_mixin.py:188} INFO - [2026-05-01T13:45:27.668+0000] {dag.py:3947} INFO - Setting next_dagrun for example_weekday_branch_operator to 2026-04-30 00:00:00+00:00, run_after=2026-05-01 00:00:00+00:00
[2026-05-01T13:45:27.796+0000] {processor.py:183} INFO - Processing /home/airflow/.local/lib/python3.12/site-packages/airflow/example_dags/example_branch_day_of_week_operator.py took 0.488 seconds
[2026-05-01T13:45:58.041+0000] {processor.py:161} INFO - Started process (PID=424) to work on /home/airflow/.local/lib/python3.12/site-packages/airflow/example_dags/example_branch_day_of_week_operator.py
[2026-05-01T13:45:58.044+0000] {processor.py:830} INFO - Processing file /home/airflow/.local/lib/python3.12/site-packages/airflow/example_dags/example_branch_day_of_week_operator.py for tasks to queue
[2026-05-01T13:45:58.048+0000] {logging_mixin.py:188} INFO - [2026-05-01T13:45:58.048+0000] {dagbag.py:545} INFO - Filling up the DagBag from /home/airflow/.local/lib/python3.12/site-packages/airflow/example_dags/example_branch_day_of_week_operator.py
[2026-05-01T13:45:58.061+0000] {processor.py:840} INFO - DAG(s) 'example_weekday_branch_operator' retrieved from /home/airflow/.local/lib/python3.12/site-packages/airflow/example_dags/example_branch_day_of_week_operator.py
[2026-05-01T13:45:58.097+0000] {logging_mixin.py:188} INFO - [2026-05-01T13:45:58.096+0000] {dag.py:3089} INFO - Sync 1 DAGs
[2026-05-01T13:45:58.135+0000] {logging_mixin.py:188} INFO - [2026-05-01T13:45:58.134+0000] {dag.py:3947} INFO - Setting next_dagrun for example_weekday_branch_operator to 2026-04-30 00:00:00+00:00, run_after=2026-05-01 00:00:00+00:00
[2026-05-01T13:45:58.166+0000] {processor.py:183} INFO - Processing /home/airflow/.local/lib/python3.12/site-packages/airflow/example_dags/example_branch_day_of_week_operator.py took 0.133 seconds
[2026-05-01T13:46:28.422+0000] {processor.py:161} INFO - Started process (PID=482) to work on /home/airflow/.local/lib/python3.12/site-packages/airflow/example_dags/example_branch_day_of_week_operator.py
[2026-05-01T13:46:28.426+0000] {processor.py:830} INFO - Processing file /home/airflow/.local/lib/python3.12/site-packages/airflow/example_dags/example_branch_day_of_week_operator.py for tasks to queue
[2026-05-01T13:46:28.434+0000] {logging_mixin.py:188} INFO - [2026-05-01T13:46:28.434+0000] {dagbag.py:545} INFO - Filling up the DagBag from /home/airflow/.local/lib/python3.12/site-packages/airflow/example_dags/example_branch_day_of_week_operator.py
[2026-05-01T13:46:28.446+0000] {processor.py:840} INFO - DAG(s) 'example_weekday_branch_operator' retrieved from /home/airflow/.local/lib/python3.12/site-packages/airflow/example_dags/example_branch_day_of_week_operator.py
[2026-05-01T13:46:28.496+0000] {logging_mixin.py:188} INFO - [2026-05-01T13:46:28.496+0000] {dag.py:3089} INFO - Sync 1 DAGs
[2026-05-01T13:46:28.547+0000] {logging_mixin.py:188} INFO - [2026-05-01T13:46:28.546+0000] {dag.py:3947} INFO - Setting next_dagrun for example_weekday_branch_operator to 2026-04-30 00:00:00+00:00, run_after=2026-05-01 00:00:00+00:00
[2026-05-01T13:46:28.579+0000] {processor.py:183} INFO - Processing /home/airflow/.local/lib/python3.12/site-packages/airflow/example_dags/example_branch_day_of_week_operator.py took 0.165 seconds
[2026-05-01T13:46:59.056+0000] {processor.py:161} INFO - Started process (PID=540) to work on /home/airflow/.local/lib/python3.12/site-packages/airflow/example_dags/example_branch_day_of_week_operator.py
[2026-05-01T13:46:59.059+0000] {processor.py:830} INFO - Processing file /home/airflow/.local/lib/python3.12/site-packages/airflow/example_dags/example_branch_day_of_week_operator.py for tasks to queue
[2026-05-01T13:46:59.067+0000] {logging_mixin.py:188} INFO - [2026-05-01T13:46:59.066+0000] {dagbag.py:545} INFO - Filling up the DagBag from /home/airflow/.local/lib/python3.12/site-packages/airflow/example_dags/example_branch_day_of_week_operator.py
[2026-05-01T13:46:59.085+0000] {processor.py:840} INFO - DAG(s) 'example_weekday_branch_operator' retrieved from /home/airflow/.local/lib/python3.12/site-packages/airflow/example_dags/example_branch_day_of_week_operator.py
[2026-05-01T13:46:59.134+0000] {logging_mixin.py:188} INFO - [2026-05-01T13:46:59.134+0000] {dag.py:3089} INFO - Sync 1 DAGs
[2026-05-01T13:46:59.195+0000] {logging_mixin.py:188} INFO - [2026-05-01T13:46:59.194+0000] {dag.py:3947} INFO - Setting next_dagrun for example_weekday_branch_operator to 2026-04-30 00:00:00+00:00, run_after=2026-05-01 00:00:00+00:00
[2026-05-01T13:46:59.224+0000] {processor.py:183} INFO - Processing /home/airflow/.local/lib/python3.12/site-packages/airflow/example_dags/example_branch_day_of_week_operator.py took 0.182 seconds
[2026-05-01T13:47:30.323+0000] {processor.py:161} INFO - Started process (PID=598) to work on /home/airflow/.local/lib/python3.12/site-packages/airflow/example_dags/example_branch_day_of_week_operator.py
[2026-05-01T13:47:30.327+0000] {processor.py:830} INFO - Processing file /home/airflow/.local/lib/python3.12/site-packages/airflow/example_dags/example_branch_day_of_week_operator.py for tasks to queue
[2026-05-01T13:47:30.339+0000] {logging_mixin.py:188} INFO - [2026-05-01T13:47:30.336+0000] {dagbag.py:545} INFO - Filling up the DagBag from /home/airflow/.local/lib/python3.12/site-packages/airflow/example_dags/example_branch_day_of_week_operator.py
[2026-05-01T13:47:30.378+0000] {processor.py:840} INFO - DAG(s) 'example_weekday_branch_operator' retrieved from /home/airflow/.local/lib/python3.12/site-packages/airflow/example_dags/example_branch_day_of_week_operator.py
[2026-05-01T13:47:30.504+0000] {logging_mixin.py:188} INFO - [2026-05-01T13:47:30.504+0000] {dag.py:3089} INFO - Sync 1 DAGs
[2026-05-01T13:47:30.593+0000] {logging_mixin.py:188} INFO - [2026-05-01T13:47:30.592+0000] {dag.py:3947} INFO - Setting next_dagrun for example_weekday_branch_operator to 2026-04-30 00:00:00+00:00, run_after=2026-05-01 00:00:00+00:00
[2026-05-01T13:47:30.688+0000] {processor.py:183} INFO - Processing /home/airflow/.local/lib/python3.12/site-packages/airflow/example_dags/example_branch_day_of_week_operator.py took 0.398 seconds
[2026-05-01T13:48:01.745+0000] {processor.py:161} INFO - Started process (PID=657) to work on /home/airflow/.local/lib/python3.12/site-packages/airflow/example_dags/example_branch_day_of_week_operator.py
[2026-05-01T13:48:01.748+0000] {processor.py:830} INFO - Processing file /home/airflow/.local/lib/python3.12/site-packages/airflow/example_dags/example_branch_day_of_week_operator.py for tasks to queue
[2026-05-01T13:48:01.754+0000] {logging_mixin.py:188} INFO - [2026-05-01T13:48:01.752+0000] {dagbag.py:545} INFO - Filling up the DagBag from /home/airflow/.local/lib/python3.12/site-packages/airflow/example_dags/example_branch_day_of_week_operator.py
[2026-05-01T13:48:01.769+0000] {processor.py:840} INFO - DAG(s) 'example_weekday_branch_operator' retrieved from /home/airflow/.local/lib/python3.12/site-packages/airflow/example_dags/example_branch_day_of_week_operator.py
[2026-05-01T13:48:01.805+0000] {logging_mixin.py:188} INFO - [2026-05-01T13:48:01.804+0000] {dag.py:3089} INFO - Sync 1 DAGs
[2026-05-01T13:48:01.836+0000] {logging_mixin.py:188} INFO - [2026-05-01T13:48:01.836+0000] {dag.py:3947} INFO - Setting next_dagrun for example_weekday_branch_operator to 2026-04-30 00:00:00+00:00, run_after=2026-05-01 00:00:00+00:00
[2026-05-01T13:48:01.880+0000] {processor.py:183} INFO - Processing /home/airflow/.local/lib/python3.12/site-packages/airflow/example_dags/example_branch_day_of_week_operator.py took 0.145 seconds
[2026-05-01T13:48:32.324+0000] {processor.py:161} INFO - Started process (PID=714) to work on /home/airflow/.local/lib/python3.12/site-packages/airflow/example_dags/example_branch_day_of_week_operator.py
[2026-05-01T13:48:32.327+0000] {processor.py:830} INFO - Processing file /home/airflow/.local/lib/python3.12/site-packages/airflow/example_dags/example_branch_day_of_week_operator.py for tasks to queue
[2026-05-01T13:48:32.332+0000] {logging_mixin.py:188} INFO - [2026-05-01T13:48:32.332+0000] {dagbag.py:545} INFO - Filling up the DagBag from /home/airflow/.local/lib/python3.12/site-packages/airflow/example_dags/example_branch_day_of_week_operator.py
[2026-05-01T13:48:32.346+0000] {processor.py:840} INFO - DAG(s) 'example_weekday_branch_operator' retrieved from /home/airflow/.local/lib/python3.12/site-packages/airflow/example_dags/example_branch_day_of_week_operator.py
[2026-05-01T13:48:32.378+0000] {logging_mixin.py:188} INFO - [2026-05-01T13:48:32.377+0000] {dag.py:3089} INFO - Sync 1 DAGs
[2026-05-01T13:48:32.409+0000] {logging_mixin.py:188} INFO - [2026-05-01T13:48:32.408+0000] {dag.py:3947} INFO - Setting next_dagrun for example_weekday_branch_operator to 2026-04-30 00:00:00+00:00, run_after=2026-05-01 00:00:00+00:00
[2026-05-01T13:48:32.438+0000] {processor.py:183} INFO - Processing /home/airflow/.local/lib/python3.12/site-packages/airflow/example_dags/example_branch_day_of_week_operator.py took 0.123 seconds
[2026-05-01T13:49:02.977+0000] {processor.py:161} INFO - Started process (PID=772) to work on /home/airflow/.local/lib/python3.12/site-packages/airflow/example_dags/example_branch_day_of_week_operator.py
[2026-05-01T13:49:02.980+0000] {processor.py:830} INFO - Processing file /home/airflow/.local/lib/python3.12/site-packages/airflow/example_dags/example_branch_day_of_week_operator.py for tasks to queue
[2026-05-01T13:49:02.987+0000] {logging_mixin.py:188} INFO - [2026-05-01T13:49:02.986+0000] {dagbag.py:545} INFO - Filling up the DagBag from /home/airflow/.local/lib/python3.12/site-packages/airflow/example_dags/example_branch_day_of_week_operator.py
[2026-05-01T13:49:03.005+0000] {processor.py:840} INFO - DAG(s) 'example_weekday_branch_operator' retrieved from /home/airflow/.local/lib/python3.12/site-packages/airflow/example_dags/example_branch_day_of_week_operator.py
[2026-05-01T13:49:03.053+0000] {logging_mixin.py:188} INFO - [2026-05-01T13:49:03.052+0000] {dag.py:3089} INFO - Sync 1 DAGs
[2026-05-01T13:49:03.096+0000] {logging_mixin.py:188} INFO - [2026-05-01T13:49:03.095+0000] {dag.py:3947} INFO - Setting next_dagrun for example_weekday_branch_operator to 2026-04-30 00:00:00+00:00, run_after=2026-05-01 00:00:00+00:00
[2026-05-01T13:49:03.134+0000] {processor.py:183} INFO - Processing /home/airflow/.local/lib/python3.12/site-packages/airflow/example_dags/example_branch_day_of_week_operator.py took 0.176 seconds
[2026-05-01T13:49:33.515+0000] {processor.py:161} INFO - Started process (PID=830) to work on /home/airflow/.local/lib/python3.12/site-packages/airflow/example_dags/example_branch_day_of_week_operator.py
[2026-05-01T13:49:33.519+0000] {processor.py:830} INFO - Processing file /home/airflow/.local/lib/python3.12/site-packages/airflow/example_dags/example_branch_day_of_week_operator.py for tasks to queue
[2026-05-01T13:49:33.525+0000] {logging_mixin.py:188} INFO - [2026-05-01T13:49:33.524+0000] {dagbag.py:545} INFO - Filling up the DagBag from /home/airflow/.local/lib/python3.12/site-packages/airflow/example_dags/example_branch_day_of_week_operator.py
[2026-05-01T13:49:33.542+0000] {processor.py:840} INFO - DAG(s) 'example_weekday_branch_operator' retrieved from /home/airflow/.local/lib/python3.12/site-packages/airflow/example_dags/example_branch_day_of_week_operator.py
[2026-05-01T13:49:33.605+0000] {logging_mixin.py:188} INFO - [2026-05-01T13:49:33.604+0000] {dag.py:3089} INFO - Sync 1 DAGs
[2026-05-01T13:49:33.650+0000] {logging_mixin.py:188} INFO - [2026-05-01T13:49:33.650+0000] {dag.py:3947} INFO - Setting next_dagrun for example_weekday_branch_operator to 2026-04-30 00:00:00+00:00, run_after=2026-05-01 00:00:00+00:00
[2026-05-01T13:49:33.685+0000] {processor.py:183} INFO - Processing /home/airflow/.local/lib/python3.12/site-packages/airflow/example_dags/example_branch_day_of_week_operator.py took 0.212 seconds
[2026-05-01T13:50:03.911+0000] {processor.py:161} INFO - Started process (PID=887) to work on /home/airflow/.local/lib/python3.12/site-packages/airflow/example_dags/example_branch_day_of_week_operator.py
[2026-05-01T13:50:03.922+0000] {processor.py:830} INFO - Processing file /home/airflow/.local/lib/python3.12/site-packages/airflow/example_dags/example_branch_day_of_week_operator.py for tasks to queue
[2026-05-01T13:50:03.942+0000] {logging_mixin.py:188} INFO - [2026-05-01T13:50:03.938+0000] {dagbag.py:545} INFO - Filling up the DagBag from /home/airflow/.local/lib/python3.12/site-packages/airflow/example_dags/example_branch_day_of_week_operator.py
[2026-05-01T13:50:03.967+0000] {processor.py:840} INFO - DAG(s) 'example_weekday_branch_operator' retrieved from /home/airflow/.local/lib/python3.12/site-packages/airflow/example_dags/example_branch_day_of_week_operator.py
[2026-05-01T13:50:04.019+0000] {logging_mixin.py:188} INFO - [2026-05-01T13:50:04.018+0000] {dag.py:3089} INFO - Sync 1 DAGs
[2026-05-01T13:50:04.058+0000] {logging_mixin.py:188} INFO - [2026-05-01T13:50:04.058+0000] {dag.py:3947} INFO - Setting next_dagrun for example_weekday_branch_operator to 2026-04-30 00:00:00+00:00, run_after=2026-05-01 00:00:00+00:00
[2026-05-01T13:50:04.089+0000] {processor.py:183} INFO - Processing /home/airflow/.local/lib/python3.12/site-packages/airflow/example_dags/example_branch_day_of_week_operator.py took 0.228 seconds
[2026-05-01T13:50:34.187+0000] {processor.py:161} INFO - Started process (PID=943) to work on /home/airflow/.local/lib/python3.12/site-packages/airflow/example_dags/example_branch_day_of_week_operator.py
[2026-05-01T13:50:34.191+0000] {processor.py:830} INFO - Processing file /home/airflow/.local/lib/python3.12/site-packages/airflow/example_dags/example_branch_day_of_week_operator.py for tasks to queue
[2026-05-01T13:50:34.195+0000] {logging_mixin.py:188} INFO - [2026-05-01T13:50:34.194+0000] {dagbag.py:545} INFO - Filling up the DagBag from /home/airflow/.local/lib/python3.12/site-packages/airflow/example_dags/example_branch_day_of_week_operator.py
[2026-05-01T13:50:34.211+0000] {processor.py:840} INFO - DAG(s) 'example_weekday_branch_operator' retrieved from /home/airflow/.local/lib/python3.12/site-packages/airflow/example_dags/example_branch_day_of_week_operator.py
[2026-05-01T13:50:34.251+0000] {logging_mixin.py:188} INFO - [2026-05-01T13:50:34.250+0000] {dag.py:3089} INFO - Sync 1 DAGs
[2026-05-01T13:50:34.295+0000] {logging_mixin.py:188} INFO - [2026-05-01T13:50:34.295+0000] {dag.py:3947} INFO - Setting next_dagrun for example_weekday_branch_operator to 2026-04-30 00:00:00+00:00, run_after=2026-05-01 00:00:00+00:00
[2026-05-01T13:50:34.321+0000] {processor.py:183} INFO - Processing /home/airflow/.local/lib/python3.12/site-packages/airflow/example_dags/example_branch_day_of_week_operator.py took 0.144 seconds
[2026-05-01T13:51:04.751+0000] {processor.py:161} INFO - Started process (PID=1000) to work on /home/airflow/.local/lib/python3.12/site-packages/airflow/example_dags/example_branch_day_of_week_operator.py
[2026-05-01T13:51:04.754+0000] {processor.py:830} INFO - Processing file /home/airflow/.local/lib/python3.12/site-packages/airflow/example_dags/example_branch_day_of_week_operator.py for tasks to queue
[2026-05-01T13:51:04.759+0000] {logging_mixin.py:188} INFO - [2026-05-01T13:51:04.758+0000] {dagbag.py:545} INFO - Filling up the DagBag from /home/airflow/.local/lib/python3.12/site-packages/airflow/example_dags/example_branch_day_of_week_operator.py
[2026-05-01T13:51:04.774+0000] {processor.py:840} INFO - DAG(s) 'example_weekday_branch_operator' retrieved from /home/airflow/.local/lib/python3.12/site-packages/airflow/example_dags/example_branch_day_of_week_operator.py
[2026-05-01T13:51:04.808+0000] {logging_mixin.py:188} INFO - [2026-05-01T13:51:04.808+0000] {dag.py:3089} INFO - Sync 1 DAGs
[2026-05-01T13:51:04.851+0000] {logging_mixin.py:188} INFO - [2026-05-01T13:51:04.851+0000] {dag.py:3947} INFO - Setting next_dagrun for example_weekday_branch_operator to 2026-04-30 00:00:00+00:00, run_after=2026-05-01 00:00:00+00:00
[2026-05-01T13:51:04.880+0000] {processor.py:183} INFO - Processing /home/airflow/.local/lib/python3.12/site-packages/airflow/example_dags/example_branch_day_of_week_operator.py took 0.140 seconds
[2026-05-01T13:51:35.866+0000] {processor.py:161} INFO - Started process (PID=1058) to work on /home/airflow/.local/lib/python3.12/site-packages/airflow/example_dags/example_branch_day_of_week_operator.py
[2026-05-01T13:51:35.871+0000] {processor.py:830} INFO - Processing file /home/airflow/.local/lib/python3.12/site-packages/airflow/example_dags/example_branch_day_of_week_operator.py for tasks to queue
[2026-05-01T13:51:35.878+0000] {logging_mixin.py:188} INFO - [2026-05-01T13:51:35.877+0000] {dagbag.py:545} INFO - Filling up the DagBag from /home/airflow/.local/lib/python3.12/site-packages/airflow/example_dags/example_branch_day_of_week_operator.py
[2026-05-01T13:51:35.921+0000] {processor.py:840} INFO - DAG(s) 'example_weekday_branch_operator' retrieved from /home/airflow/.local/lib/python3.12/site-packages/airflow/example_dags/example_branch_day_of_week_operator.py
[2026-05-01T13:51:35.989+0000] {logging_mixin.py:188} INFO - [2026-05-01T13:51:35.988+0000] {dag.py:3089} INFO - Sync 1 DAGs
[2026-05-01T13:51:36.037+0000] {logging_mixin.py:188} INFO - [2026-05-01T13:51:36.036+0000] {dag.py:3947} INFO - Setting next_dagrun for example_weekday_branch_operator to 2026-04-30 00:00:00+00:00, run_after=2026-05-01 00:00:00+00:00
[2026-05-01T13:51:36.070+0000] {processor.py:183} INFO - Processing /home/airflow/.local/lib/python3.12/site-packages/airflow/example_dags/example_branch_day_of_week_operator.py took 0.219 seconds
[2026-05-01T13:52:06.388+0000] {processor.py:161} INFO - Started process (PID=1115) to work on /home/airflow/.local/lib/python3.12/site-packages/airflow/example_dags/example_branch_day_of_week_operator.py
[2026-05-01T13:52:06.397+0000] {processor.py:830} INFO - Processing file /home/airflow/.local/lib/python3.12/site-packages/airflow/example_dags/example_branch_day_of_week_operator.py for tasks to queue
[2026-05-01T13:52:06.402+0000] {logging_mixin.py:188} INFO - [2026-05-01T13:52:06.401+0000] {dagbag.py:545} INFO - Filling up the DagBag from /home/airflow/.local/lib/python3.12/site-packages/airflow/example_dags/example_branch_day_of_week_operator.py
[2026-05-01T13:52:06.423+0000] {processor.py:840} INFO - DAG(s) 'example_weekday_branch_operator' retrieved from /home/airflow/.local/lib/python3.12/site-packages/airflow/example_dags/example_branch_day_of_week_operator.py
[2026-05-01T13:52:06.460+0000] {logging_mixin.py:188} INFO - [2026-05-01T13:52:06.459+0000] {dag.py:3089} INFO - Sync 1 DAGs
[2026-05-01T13:52:06.494+0000] {logging_mixin.py:188} INFO - [2026-05-01T13:52:06.493+0000] {dag.py:3947} INFO - Setting next_dagrun for example_weekday_branch_operator to 2026-04-30 00:00:00+00:00, run_after=2026-05-01 00:00:00+00:00
[2026-05-01T13:52:06.520+0000] {processor.py:183} INFO - Processing /home/airflow/.local/lib/python3.12/site-packages/airflow/example_dags/example_branch_day_of_week_operator.py took 0.155 seconds
[2026-05-01T13:52:36.633+0000] {processor.py:161} INFO - Started process (PID=1171) to work on /home/airflow/.local/lib/python3.12/site-packages/airflow/example_dags/example_branch_day_of_week_operator.py
[2026-05-01T13:52:36.636+0000] {processor.py:830} INFO - Processing file /home/airflow/.local/lib/python3.12/site-packages/airflow/example_dags/example_branch_day_of_week_operator.py for tasks to queue
[2026-05-01T13:52:36.639+0000] {logging_mixin.py:188} INFO - [2026-05-01T13:52:36.639+0000] {dagbag.py:545} INFO - Filling up the DagBag from /home/airflow/.local/lib/python3.12/site-packages/airflow/example_dags/example_branch_day_of_week_operator.py
[2026-05-01T13:52:36.651+0000] {processor.py:840} INFO - DAG(s) 'example_weekday_branch_operator' retrieved from /home/airflow/.local/lib/python3.12/site-packages/airflow/example_dags/example_branch_day_of_week_operator.py
[2026-05-01T13:52:36.684+0000] {logging_mixin.py:188} INFO - [2026-05-01T13:52:36.683+0000] {dag.py:3089} INFO - Sync 1 DAGs
[2026-05-01T13:52:36.715+0000] {logging_mixin.py:188} INFO - [2026-05-01T13:52:36.715+0000] {dag.py:3947} INFO - Setting next_dagrun for example_weekday_branch_operator to 2026-04-30 00:00:00+00:00, run_after=2026-05-01 00:00:00+00:00
[2026-05-01T13:52:36.746+0000] {processor.py:183} INFO - Processing /home/airflow/.local/lib/python3.12/site-packages/airflow/example_dags/example_branch_day_of_week_operator.py took 0.123 seconds
[2026-05-01T13:53:07.357+0000] {processor.py:161} INFO - Started process (PID=1229) to work on /home/airflow/.local/lib/python3.12/site-packages/airflow/example_dags/example_branch_day_of_week_operator.py
[2026-05-01T13:53:07.360+0000] {processor.py:830} INFO - Processing file /home/airflow/.local/lib/python3.12/site-packages/airflow/example_dags/example_branch_day_of_week_operator.py for tasks to queue
[2026-05-01T13:53:07.365+0000] {logging_mixin.py:188} INFO - [2026-05-01T13:53:07.364+0000] {dagbag.py:545} INFO - Filling up the DagBag from /home/airflow/.local/lib/python3.12/site-packages/airflow/example_dags/example_branch_day_of_week_operator.py
[2026-05-01T13:53:07.383+0000] {processor.py:840} INFO - DAG(s) 'example_weekday_branch_operator' retrieved from /home/airflow/.local/lib/python3.12/site-packages/airflow/example_dags/example_branch_day_of_week_operator.py
[2026-05-01T13:53:07.415+0000] {logging_mixin.py:188} INFO - [2026-05-01T13:53:07.415+0000] {dag.py:3089} INFO - Sync 1 DAGs
[2026-05-01T13:53:07.448+0000] {logging_mixin.py:188} INFO - [2026-05-01T13:53:07.448+0000] {dag.py:3947} INFO - Setting next_dagrun for example_weekday_branch_operator to 2026-04-30 00:00:00+00:00, run_after=2026-05-01 00:00:00+00:00
[2026-05-01T13:53:07.475+0000] {processor.py:183} INFO - Processing /home/airflow/.local/lib/python3.12/site-packages/airflow/example_dags/example_branch_day_of_week_operator.py took 0.129 seconds
