[2026-05-01T13:24:20.053+0000] {processor.py:161} INFO - Started process (PID=57) to work on /home/airflow/.local/lib/python3.12/site-packages/airflow/example_dags/example_branch_python_dop_operator_3.py
[2026-05-01T13:24:20.064+0000] {processor.py:830} INFO - Processing file /home/airflow/.local/lib/python3.12/site-packages/airflow/example_dags/example_branch_python_dop_operator_3.py for tasks to queue
[2026-05-01T13:24:20.093+0000] {logging_mixin.py:188} INFO - [2026-05-01T13:24:20.093+0000] {dagbag.py:545} INFO - Filling up the DagBag from /home/airflow/.local/lib/python3.12/site-packages/airflow/example_dags/example_branch_python_dop_operator_3.py
[2026-05-01T13:24:20.233+0000] {processor.py:840} INFO - DAG(s) 'example_branch_dop_operator_v3' retrieved from /home/airflow/.local/lib/python3.12/site-packages/airflow/example_dags/example_branch_python_dop_operator_3.py
[2026-05-01T13:24:21.324+0000] {logging_mixin.py:188} INFO - [2026-05-01T13:24:21.324+0000] {override.py:1858} INFO - Created Permission View: can delete on DAG:example_branch_dop_operator_v3
[2026-05-01T13:24:21.389+0000] {logging_mixin.py:188} INFO - [2026-05-01T13:24:21.389+0000] {override.py:1858} INFO - Created Permission View: can edit on DAG:example_branch_dop_operator_v3
[2026-05-01T13:24:21.429+0000] {logging_mixin.py:188} INFO - [2026-05-01T13:24:21.429+0000] {override.py:1858} INFO - Created Permission View: can read on DAG:example_branch_dop_operator_v3
[2026-05-01T13:24:21.439+0000] {logging_mixin.py:188} INFO - [2026-05-01T13:24:21.437+0000] {dag.py:3089} INFO - Sync 1 DAGs
[2026-05-01T13:24:21.509+0000] {logging_mixin.py:188} INFO - [2026-05-01T13:24:21.509+0000] {dag.py:3111} INFO - Creating ORM DAG for example_branch_dop_operator_v3
[2026-05-01T13:24:21.639+0000] {logging_mixin.py:188} INFO - [2026-05-01T13:24:21.630+0000] {dag.py:3947} INFO - Setting next_dagrun for example_branch_dop_operator_v3 to 2026-05-01 13:23:00+00:00, run_after=2026-05-01 13:24:00+00:00
[2026-05-01T13:24:21.758+0000] {processor.py:183} INFO - Processing /home/airflow/.local/lib/python3.12/site-packages/airflow/example_dags/example_branch_python_dop_operator_3.py took 1.739 seconds
[2026-05-01T13:25:16.584+0000] {processor.py:161} INFO - Started process (PID=120) to work on /home/airflow/.local/lib/python3.12/site-packages/airflow/example_dags/example_branch_python_dop_operator_3.py
[2026-05-01T13:25:16.593+0000] {processor.py:830} INFO - Processing file /home/airflow/.local/lib/python3.12/site-packages/airflow/example_dags/example_branch_python_dop_operator_3.py for tasks to queue
[2026-05-01T13:25:16.615+0000] {logging_mixin.py:188} INFO - [2026-05-01T13:25:16.612+0000] {dagbag.py:545} INFO - Filling up the DagBag from /home/airflow/.local/lib/python3.12/site-packages/airflow/example_dags/example_branch_python_dop_operator_3.py
[2026-05-01T13:25:16.688+0000] {processor.py:840} INFO - DAG(s) 'example_branch_dop_operator_v3' retrieved from /home/airflow/.local/lib/python3.12/site-packages/airflow/example_dags/example_branch_python_dop_operator_3.py
[2026-05-01T13:25:16.751+0000] {logging_mixin.py:188} INFO - [2026-05-01T13:25:16.751+0000] {dag.py:3089} INFO - Sync 1 DAGs
[2026-05-01T13:25:16.903+0000] {logging_mixin.py:188} INFO - [2026-05-01T13:25:16.903+0000] {dag.py:3947} INFO - Setting next_dagrun for example_branch_dop_operator_v3 to 2026-05-01 13:24:00+00:00, run_after=2026-05-01 13:25:00+00:00
[2026-05-01T13:25:16.985+0000] {processor.py:183} INFO - Processing /home/airflow/.local/lib/python3.12/site-packages/airflow/example_dags/example_branch_python_dop_operator_3.py took 0.447 seconds
[2026-05-01T13:25:47.655+0000] {processor.py:161} INFO - Started process (PID=176) to work on /home/airflow/.local/lib/python3.12/site-packages/airflow/example_dags/example_branch_python_dop_operator_3.py
[2026-05-01T13:25:47.660+0000] {processor.py:830} INFO - Processing file /home/airflow/.local/lib/python3.12/site-packages/airflow/example_dags/example_branch_python_dop_operator_3.py for tasks to queue
[2026-05-01T13:25:47.666+0000] {logging_mixin.py:188} INFO - [2026-05-01T13:25:47.665+0000] {dagbag.py:545} INFO - Filling up the DagBag from /home/airflow/.local/lib/python3.12/site-packages/airflow/example_dags/example_branch_python_dop_operator_3.py
[2026-05-01T13:25:47.686+0000] {processor.py:840} INFO - DAG(s) 'example_branch_dop_operator_v3' retrieved from /home/airflow/.local/lib/python3.12/site-packages/airflow/example_dags/example_branch_python_dop_operator_3.py
[2026-05-01T13:25:47.837+0000] {logging_mixin.py:188} INFO - [2026-05-01T13:25:47.837+0000] {dag.py:3089} INFO - Sync 1 DAGs
[2026-05-01T13:25:47.877+0000] {logging_mixin.py:188} INFO - [2026-05-01T13:25:47.877+0000] {dag.py:3947} INFO - Setting next_dagrun for example_branch_dop_operator_v3 to 2026-05-01 13:24:00+00:00, run_after=2026-05-01 13:25:00+00:00
[2026-05-01T13:25:47.912+0000] {processor.py:183} INFO - Processing /home/airflow/.local/lib/python3.12/site-packages/airflow/example_dags/example_branch_python_dop_operator_3.py took 0.274 seconds
[2026-05-01T13:26:18.638+0000] {processor.py:161} INFO - Started process (PID=234) to work on /home/airflow/.local/lib/python3.12/site-packages/airflow/example_dags/example_branch_python_dop_operator_3.py
[2026-05-01T13:26:18.644+0000] {processor.py:830} INFO - Processing file /home/airflow/.local/lib/python3.12/site-packages/airflow/example_dags/example_branch_python_dop_operator_3.py for tasks to queue
[2026-05-01T13:26:18.652+0000] {logging_mixin.py:188} INFO - [2026-05-01T13:26:18.651+0000] {dagbag.py:545} INFO - Filling up the DagBag from /home/airflow/.local/lib/python3.12/site-packages/airflow/example_dags/example_branch_python_dop_operator_3.py
[2026-05-01T13:26:18.670+0000] {processor.py:840} INFO - DAG(s) 'example_branch_dop_operator_v3' retrieved from /home/airflow/.local/lib/python3.12/site-packages/airflow/example_dags/example_branch_python_dop_operator_3.py
[2026-05-01T13:26:18.713+0000] {logging_mixin.py:188} INFO - [2026-05-01T13:26:18.712+0000] {dag.py:3089} INFO - Sync 1 DAGs
[2026-05-01T13:26:18.772+0000] {logging_mixin.py:188} INFO - [2026-05-01T13:26:18.772+0000] {dag.py:3947} INFO - Setting next_dagrun for example_branch_dop_operator_v3 to 2026-05-01 13:25:00+00:00, run_after=2026-05-01 13:26:00+00:00
[2026-05-01T13:26:18.811+0000] {processor.py:183} INFO - Processing /home/airflow/.local/lib/python3.12/site-packages/airflow/example_dags/example_branch_python_dop_operator_3.py took 0.203 seconds
[2026-05-01T13:26:48.925+0000] {processor.py:161} INFO - Started process (PID=292) to work on /home/airflow/.local/lib/python3.12/site-packages/airflow/example_dags/example_branch_python_dop_operator_3.py
[2026-05-01T13:26:48.929+0000] {processor.py:830} INFO - Processing file /home/airflow/.local/lib/python3.12/site-packages/airflow/example_dags/example_branch_python_dop_operator_3.py for tasks to queue
[2026-05-01T13:26:48.936+0000] {logging_mixin.py:188} INFO - [2026-05-01T13:26:48.934+0000] {dagbag.py:545} INFO - Filling up the DagBag from /home/airflow/.local/lib/python3.12/site-packages/airflow/example_dags/example_branch_python_dop_operator_3.py
[2026-05-01T13:26:48.953+0000] {processor.py:840} INFO - DAG(s) 'example_branch_dop_operator_v3' retrieved from /home/airflow/.local/lib/python3.12/site-packages/airflow/example_dags/example_branch_python_dop_operator_3.py
[2026-05-01T13:26:48.999+0000] {logging_mixin.py:188} INFO - [2026-05-01T13:26:48.999+0000] {dag.py:3089} INFO - Sync 1 DAGs
[2026-05-01T13:26:49.045+0000] {logging_mixin.py:188} INFO - [2026-05-01T13:26:49.045+0000] {dag.py:3947} INFO - Setting next_dagrun for example_branch_dop_operator_v3 to 2026-05-01 13:25:00+00:00, run_after=2026-05-01 13:26:00+00:00
[2026-05-01T13:26:49.078+0000] {processor.py:183} INFO - Processing /home/airflow/.local/lib/python3.12/site-packages/airflow/example_dags/example_branch_python_dop_operator_3.py took 0.164 seconds
[2026-05-01T13:27:19.563+0000] {processor.py:161} INFO - Started process (PID=350) to work on /home/airflow/.local/lib/python3.12/site-packages/airflow/example_dags/example_branch_python_dop_operator_3.py
[2026-05-01T13:27:19.567+0000] {processor.py:830} INFO - Processing file /home/airflow/.local/lib/python3.12/site-packages/airflow/example_dags/example_branch_python_dop_operator_3.py for tasks to queue
[2026-05-01T13:27:19.581+0000] {logging_mixin.py:188} INFO - [2026-05-01T13:27:19.577+0000] {dagbag.py:545} INFO - Filling up the DagBag from /home/airflow/.local/lib/python3.12/site-packages/airflow/example_dags/example_branch_python_dop_operator_3.py
[2026-05-01T13:27:19.632+0000] {processor.py:840} INFO - DAG(s) 'example_branch_dop_operator_v3' retrieved from /home/airflow/.local/lib/python3.12/site-packages/airflow/example_dags/example_branch_python_dop_operator_3.py
[2026-05-01T13:27:19.671+0000] {logging_mixin.py:188} INFO - [2026-05-01T13:27:19.671+0000] {dag.py:3089} INFO - Sync 1 DAGs
[2026-05-01T13:27:19.746+0000] {logging_mixin.py:188} INFO - [2026-05-01T13:27:19.746+0000] {dag.py:3947} INFO - Setting next_dagrun for example_branch_dop_operator_v3 to 2026-05-01 13:26:00+00:00, run_after=2026-05-01 13:27:00+00:00
[2026-05-01T13:27:19.809+0000] {processor.py:183} INFO - Processing /home/airflow/.local/lib/python3.12/site-packages/airflow/example_dags/example_branch_python_dop_operator_3.py took 0.273 seconds
[2026-05-01T13:27:50.510+0000] {processor.py:161} INFO - Started process (PID=409) to work on /home/airflow/.local/lib/python3.12/site-packages/airflow/example_dags/example_branch_python_dop_operator_3.py
[2026-05-01T13:27:50.519+0000] {processor.py:830} INFO - Processing file /home/airflow/.local/lib/python3.12/site-packages/airflow/example_dags/example_branch_python_dop_operator_3.py for tasks to queue
[2026-05-01T13:27:50.523+0000] {logging_mixin.py:188} INFO - [2026-05-01T13:27:50.523+0000] {dagbag.py:545} INFO - Filling up the DagBag from /home/airflow/.local/lib/python3.12/site-packages/airflow/example_dags/example_branch_python_dop_operator_3.py
[2026-05-01T13:27:50.562+0000] {processor.py:840} INFO - DAG(s) 'example_branch_dop_operator_v3' retrieved from /home/airflow/.local/lib/python3.12/site-packages/airflow/example_dags/example_branch_python_dop_operator_3.py
[2026-05-01T13:27:50.642+0000] {logging_mixin.py:188} INFO - [2026-05-01T13:27:50.642+0000] {dag.py:3089} INFO - Sync 1 DAGs
[2026-05-01T13:27:50.747+0000] {logging_mixin.py:188} INFO - [2026-05-01T13:27:50.740+0000] {dag.py:3947} INFO - Setting next_dagrun for example_branch_dop_operator_v3 to 2026-05-01 13:26:00+00:00, run_after=2026-05-01 13:27:00+00:00
[2026-05-01T13:27:50.821+0000] {processor.py:183} INFO - Processing /home/airflow/.local/lib/python3.12/site-packages/airflow/example_dags/example_branch_python_dop_operator_3.py took 0.326 seconds
[2026-05-01T13:28:21.435+0000] {processor.py:161} INFO - Started process (PID=467) to work on /home/airflow/.local/lib/python3.12/site-packages/airflow/example_dags/example_branch_python_dop_operator_3.py
[2026-05-01T13:28:21.439+0000] {processor.py:830} INFO - Processing file /home/airflow/.local/lib/python3.12/site-packages/airflow/example_dags/example_branch_python_dop_operator_3.py for tasks to queue
[2026-05-01T13:28:21.446+0000] {logging_mixin.py:188} INFO - [2026-05-01T13:28:21.445+0000] {dagbag.py:545} INFO - Filling up the DagBag from /home/airflow/.local/lib/python3.12/site-packages/airflow/example_dags/example_branch_python_dop_operator_3.py
[2026-05-01T13:28:21.461+0000] {processor.py:840} INFO - DAG(s) 'example_branch_dop_operator_v3' retrieved from /home/airflow/.local/lib/python3.12/site-packages/airflow/example_dags/example_branch_python_dop_operator_3.py
[2026-05-01T13:28:21.505+0000] {logging_mixin.py:188} INFO - [2026-05-01T13:28:21.504+0000] {dag.py:3089} INFO - Sync 1 DAGs
[2026-05-01T13:28:21.571+0000] {logging_mixin.py:188} INFO - [2026-05-01T13:28:21.570+0000] {dag.py:3947} INFO - Setting next_dagrun for example_branch_dop_operator_v3 to 2026-05-01 13:27:00+00:00, run_after=2026-05-01 13:28:00+00:00
[2026-05-01T13:28:21.633+0000] {processor.py:183} INFO - Processing /home/airflow/.local/lib/python3.12/site-packages/airflow/example_dags/example_branch_python_dop_operator_3.py took 0.213 seconds
[2026-05-01T13:28:51.765+0000] {processor.py:161} INFO - Started process (PID=525) to work on /home/airflow/.local/lib/python3.12/site-packages/airflow/example_dags/example_branch_python_dop_operator_3.py
[2026-05-01T13:28:51.771+0000] {processor.py:830} INFO - Processing file /home/airflow/.local/lib/python3.12/site-packages/airflow/example_dags/example_branch_python_dop_operator_3.py for tasks to queue
[2026-05-01T13:28:51.779+0000] {logging_mixin.py:188} INFO - [2026-05-01T13:28:51.778+0000] {dagbag.py:545} INFO - Filling up the DagBag from /home/airflow/.local/lib/python3.12/site-packages/airflow/example_dags/example_branch_python_dop_operator_3.py
[2026-05-01T13:28:51.792+0000] {processor.py:840} INFO - DAG(s) 'example_branch_dop_operator_v3' retrieved from /home/airflow/.local/lib/python3.12/site-packages/airflow/example_dags/example_branch_python_dop_operator_3.py
[2026-05-01T13:28:51.826+0000] {logging_mixin.py:188} INFO - [2026-05-01T13:28:51.825+0000] {dag.py:3089} INFO - Sync 1 DAGs
[2026-05-01T13:28:51.869+0000] {logging_mixin.py:188} INFO - [2026-05-01T13:28:51.869+0000] {dag.py:3947} INFO - Setting next_dagrun for example_branch_dop_operator_v3 to 2026-05-01 13:27:00+00:00, run_after=2026-05-01 13:28:00+00:00
[2026-05-01T13:28:51.907+0000] {processor.py:183} INFO - Processing /home/airflow/.local/lib/python3.12/site-packages/airflow/example_dags/example_branch_python_dop_operator_3.py took 0.154 seconds
[2026-05-01T13:29:22.251+0000] {processor.py:161} INFO - Started process (PID=583) to work on /home/airflow/.local/lib/python3.12/site-packages/airflow/example_dags/example_branch_python_dop_operator_3.py
[2026-05-01T13:29:22.254+0000] {processor.py:830} INFO - Processing file /home/airflow/.local/lib/python3.12/site-packages/airflow/example_dags/example_branch_python_dop_operator_3.py for tasks to queue
[2026-05-01T13:29:22.261+0000] {logging_mixin.py:188} INFO - [2026-05-01T13:29:22.261+0000] {dagbag.py:545} INFO - Filling up the DagBag from /home/airflow/.local/lib/python3.12/site-packages/airflow/example_dags/example_branch_python_dop_operator_3.py
[2026-05-01T13:29:22.278+0000] {processor.py:840} INFO - DAG(s) 'example_branch_dop_operator_v3' retrieved from /home/airflow/.local/lib/python3.12/site-packages/airflow/example_dags/example_branch_python_dop_operator_3.py
[2026-05-01T13:29:22.315+0000] {logging_mixin.py:188} INFO - [2026-05-01T13:29:22.314+0000] {dag.py:3089} INFO - Sync 1 DAGs
[2026-05-01T13:29:22.378+0000] {logging_mixin.py:188} INFO - [2026-05-01T13:29:22.376+0000] {dag.py:3947} INFO - Setting next_dagrun for example_branch_dop_operator_v3 to 2026-05-01 13:28:00+00:00, run_after=2026-05-01 13:29:00+00:00
[2026-05-01T13:29:22.408+0000] {processor.py:183} INFO - Processing /home/airflow/.local/lib/python3.12/site-packages/airflow/example_dags/example_branch_python_dop_operator_3.py took 0.173 seconds
[2026-05-01T13:29:52.811+0000] {processor.py:161} INFO - Started process (PID=641) to work on /home/airflow/.local/lib/python3.12/site-packages/airflow/example_dags/example_branch_python_dop_operator_3.py
[2026-05-01T13:29:52.814+0000] {processor.py:830} INFO - Processing file /home/airflow/.local/lib/python3.12/site-packages/airflow/example_dags/example_branch_python_dop_operator_3.py for tasks to queue
[2026-05-01T13:29:52.822+0000] {logging_mixin.py:188} INFO - [2026-05-01T13:29:52.821+0000] {dagbag.py:545} INFO - Filling up the DagBag from /home/airflow/.local/lib/python3.12/site-packages/airflow/example_dags/example_branch_python_dop_operator_3.py
[2026-05-01T13:29:52.844+0000] {processor.py:840} INFO - DAG(s) 'example_branch_dop_operator_v3' retrieved from /home/airflow/.local/lib/python3.12/site-packages/airflow/example_dags/example_branch_python_dop_operator_3.py
[2026-05-01T13:29:52.887+0000] {logging_mixin.py:188} INFO - [2026-05-01T13:29:52.887+0000] {dag.py:3089} INFO - Sync 1 DAGs
[2026-05-01T13:29:52.933+0000] {logging_mixin.py:188} INFO - [2026-05-01T13:29:52.932+0000] {dag.py:3947} INFO - Setting next_dagrun for example_branch_dop_operator_v3 to 2026-05-01 13:28:00+00:00, run_after=2026-05-01 13:29:00+00:00
[2026-05-01T13:29:52.961+0000] {processor.py:183} INFO - Processing /home/airflow/.local/lib/python3.12/site-packages/airflow/example_dags/example_branch_python_dop_operator_3.py took 0.167 seconds
[2026-05-01T13:30:23.449+0000] {processor.py:161} INFO - Started process (PID=699) to work on /home/airflow/.local/lib/python3.12/site-packages/airflow/example_dags/example_branch_python_dop_operator_3.py
[2026-05-01T13:30:23.455+0000] {processor.py:830} INFO - Processing file /home/airflow/.local/lib/python3.12/site-packages/airflow/example_dags/example_branch_python_dop_operator_3.py for tasks to queue
[2026-05-01T13:30:23.478+0000] {logging_mixin.py:188} INFO - [2026-05-01T13:30:23.477+0000] {dagbag.py:545} INFO - Filling up the DagBag from /home/airflow/.local/lib/python3.12/site-packages/airflow/example_dags/example_branch_python_dop_operator_3.py
[2026-05-01T13:30:23.501+0000] {processor.py:840} INFO - DAG(s) 'example_branch_dop_operator_v3' retrieved from /home/airflow/.local/lib/python3.12/site-packages/airflow/example_dags/example_branch_python_dop_operator_3.py
[2026-05-01T13:30:23.543+0000] {logging_mixin.py:188} INFO - [2026-05-01T13:30:23.542+0000] {dag.py:3089} INFO - Sync 1 DAGs
[2026-05-01T13:30:23.595+0000] {logging_mixin.py:188} INFO - [2026-05-01T13:30:23.595+0000] {dag.py:3947} INFO - Setting next_dagrun for example_branch_dop_operator_v3 to 2026-05-01 13:29:00+00:00, run_after=2026-05-01 13:30:00+00:00
[2026-05-01T13:30:23.666+0000] {processor.py:183} INFO - Processing /home/airflow/.local/lib/python3.12/site-packages/airflow/example_dags/example_branch_python_dop_operator_3.py took 0.231 seconds
[2026-05-01T13:30:53.808+0000] {processor.py:161} INFO - Started process (PID=757) to work on /home/airflow/.local/lib/python3.12/site-packages/airflow/example_dags/example_branch_python_dop_operator_3.py
[2026-05-01T13:30:53.816+0000] {processor.py:830} INFO - Processing file /home/airflow/.local/lib/python3.12/site-packages/airflow/example_dags/example_branch_python_dop_operator_3.py for tasks to queue
[2026-05-01T13:30:53.825+0000] {logging_mixin.py:188} INFO - [2026-05-01T13:30:53.821+0000] {dagbag.py:545} INFO - Filling up the DagBag from /home/airflow/.local/lib/python3.12/site-packages/airflow/example_dags/example_branch_python_dop_operator_3.py
[2026-05-01T13:30:53.909+0000] {processor.py:840} INFO - DAG(s) 'example_branch_dop_operator_v3' retrieved from /home/airflow/.local/lib/python3.12/site-packages/airflow/example_dags/example_branch_python_dop_operator_3.py
[2026-05-01T13:30:54.014+0000] {logging_mixin.py:188} INFO - [2026-05-01T13:30:54.010+0000] {dag.py:3089} INFO - Sync 1 DAGs
[2026-05-01T13:30:54.195+0000] {logging_mixin.py:188} INFO - [2026-05-01T13:30:54.194+0000] {dag.py:3947} INFO - Setting next_dagrun for example_branch_dop_operator_v3 to 2026-05-01 13:29:00+00:00, run_after=2026-05-01 13:30:00+00:00
[2026-05-01T13:30:54.291+0000] {processor.py:183} INFO - Processing /home/airflow/.local/lib/python3.12/site-packages/airflow/example_dags/example_branch_python_dop_operator_3.py took 0.498 seconds
[2026-05-01T13:31:24.551+0000] {processor.py:161} INFO - Started process (PID=815) to work on /home/airflow/.local/lib/python3.12/site-packages/airflow/example_dags/example_branch_python_dop_operator_3.py
[2026-05-01T13:31:24.561+0000] {processor.py:830} INFO - Processing file /home/airflow/.local/lib/python3.12/site-packages/airflow/example_dags/example_branch_python_dop_operator_3.py for tasks to queue
[2026-05-01T13:31:24.572+0000] {logging_mixin.py:188} INFO - [2026-05-01T13:31:24.570+0000] {dagbag.py:545} INFO - Filling up the DagBag from /home/airflow/.local/lib/python3.12/site-packages/airflow/example_dags/example_branch_python_dop_operator_3.py
[2026-05-01T13:31:24.613+0000] {processor.py:840} INFO - DAG(s) 'example_branch_dop_operator_v3' retrieved from /home/airflow/.local/lib/python3.12/site-packages/airflow/example_dags/example_branch_python_dop_operator_3.py
[2026-05-01T13:31:24.789+0000] {logging_mixin.py:188} INFO - [2026-05-01T13:31:24.788+0000] {dag.py:3089} INFO - Sync 1 DAGs
[2026-05-01T13:31:24.982+0000] {logging_mixin.py:188} INFO - [2026-05-01T13:31:24.981+0000] {dag.py:3947} INFO - Setting next_dagrun for example_branch_dop_operator_v3 to 2026-05-01 13:30:00+00:00, run_after=2026-05-01 13:31:00+00:00
[2026-05-01T13:31:25.130+0000] {processor.py:183} INFO - Processing /home/airflow/.local/lib/python3.12/site-packages/airflow/example_dags/example_branch_python_dop_operator_3.py took 0.614 seconds
[2026-05-01T13:31:55.329+0000] {processor.py:161} INFO - Started process (PID=873) to work on /home/airflow/.local/lib/python3.12/site-packages/airflow/example_dags/example_branch_python_dop_operator_3.py
[2026-05-01T13:31:55.332+0000] {processor.py:830} INFO - Processing file /home/airflow/.local/lib/python3.12/site-packages/airflow/example_dags/example_branch_python_dop_operator_3.py for tasks to queue
[2026-05-01T13:31:55.337+0000] {logging_mixin.py:188} INFO - [2026-05-01T13:31:55.337+0000] {dagbag.py:545} INFO - Filling up the DagBag from /home/airflow/.local/lib/python3.12/site-packages/airflow/example_dags/example_branch_python_dop_operator_3.py
[2026-05-01T13:31:55.350+0000] {processor.py:840} INFO - DAG(s) 'example_branch_dop_operator_v3' retrieved from /home/airflow/.local/lib/python3.12/site-packages/airflow/example_dags/example_branch_python_dop_operator_3.py
[2026-05-01T13:31:55.382+0000] {logging_mixin.py:188} INFO - [2026-05-01T13:31:55.382+0000] {dag.py:3089} INFO - Sync 1 DAGs
[2026-05-01T13:31:55.417+0000] {logging_mixin.py:188} INFO - [2026-05-01T13:31:55.417+0000] {dag.py:3947} INFO - Setting next_dagrun for example_branch_dop_operator_v3 to 2026-05-01 13:30:00+00:00, run_after=2026-05-01 13:31:00+00:00
[2026-05-01T13:31:55.450+0000] {processor.py:183} INFO - Processing /home/airflow/.local/lib/python3.12/site-packages/airflow/example_dags/example_branch_python_dop_operator_3.py took 0.132 seconds
[2026-05-01T13:32:26.068+0000] {processor.py:161} INFO - Started process (PID=931) to work on /home/airflow/.local/lib/python3.12/site-packages/airflow/example_dags/example_branch_python_dop_operator_3.py
[2026-05-01T13:32:26.071+0000] {processor.py:830} INFO - Processing file /home/airflow/.local/lib/python3.12/site-packages/airflow/example_dags/example_branch_python_dop_operator_3.py for tasks to queue
[2026-05-01T13:32:26.080+0000] {logging_mixin.py:188} INFO - [2026-05-01T13:32:26.079+0000] {dagbag.py:545} INFO - Filling up the DagBag from /home/airflow/.local/lib/python3.12/site-packages/airflow/example_dags/example_branch_python_dop_operator_3.py
[2026-05-01T13:32:26.103+0000] {processor.py:840} INFO - DAG(s) 'example_branch_dop_operator_v3' retrieved from /home/airflow/.local/lib/python3.12/site-packages/airflow/example_dags/example_branch_python_dop_operator_3.py
[2026-05-01T13:32:26.142+0000] {logging_mixin.py:188} INFO - [2026-05-01T13:32:26.142+0000] {dag.py:3089} INFO - Sync 1 DAGs
[2026-05-01T13:32:26.189+0000] {logging_mixin.py:188} INFO - [2026-05-01T13:32:26.189+0000] {dag.py:3947} INFO - Setting next_dagrun for example_branch_dop_operator_v3 to 2026-05-01 13:31:00+00:00, run_after=2026-05-01 13:32:00+00:00
[2026-05-01T13:32:26.216+0000] {processor.py:183} INFO - Processing /home/airflow/.local/lib/python3.12/site-packages/airflow/example_dags/example_branch_python_dop_operator_3.py took 0.163 seconds
[2026-05-01T13:32:56.748+0000] {processor.py:161} INFO - Started process (PID=989) to work on /home/airflow/.local/lib/python3.12/site-packages/airflow/example_dags/example_branch_python_dop_operator_3.py
[2026-05-01T13:32:56.753+0000] {processor.py:830} INFO - Processing file /home/airflow/.local/lib/python3.12/site-packages/airflow/example_dags/example_branch_python_dop_operator_3.py for tasks to queue
[2026-05-01T13:32:56.759+0000] {logging_mixin.py:188} INFO - [2026-05-01T13:32:56.758+0000] {dagbag.py:545} INFO - Filling up the DagBag from /home/airflow/.local/lib/python3.12/site-packages/airflow/example_dags/example_branch_python_dop_operator_3.py
[2026-05-01T13:32:56.794+0000] {processor.py:840} INFO - DAG(s) 'example_branch_dop_operator_v3' retrieved from /home/airflow/.local/lib/python3.12/site-packages/airflow/example_dags/example_branch_python_dop_operator_3.py
[2026-05-01T13:32:56.906+0000] {logging_mixin.py:188} INFO - [2026-05-01T13:32:56.906+0000] {dag.py:3089} INFO - Sync 1 DAGs
[2026-05-01T13:32:57.072+0000] {logging_mixin.py:188} INFO - [2026-05-01T13:32:57.071+0000] {dag.py:3947} INFO - Setting next_dagrun for example_branch_dop_operator_v3 to 2026-05-01 13:31:00+00:00, run_after=2026-05-01 13:32:00+00:00
[2026-05-01T13:32:57.144+0000] {processor.py:183} INFO - Processing /home/airflow/.local/lib/python3.12/site-packages/airflow/example_dags/example_branch_python_dop_operator_3.py took 0.409 seconds
[2026-05-01T13:33:28.114+0000] {processor.py:161} INFO - Started process (PID=1046) to work on /home/airflow/.local/lib/python3.12/site-packages/airflow/example_dags/example_branch_python_dop_operator_3.py
[2026-05-01T13:33:28.121+0000] {processor.py:830} INFO - Processing file /home/airflow/.local/lib/python3.12/site-packages/airflow/example_dags/example_branch_python_dop_operator_3.py for tasks to queue
[2026-05-01T13:33:28.126+0000] {logging_mixin.py:188} INFO - [2026-05-01T13:33:28.125+0000] {dagbag.py:545} INFO - Filling up the DagBag from /home/airflow/.local/lib/python3.12/site-packages/airflow/example_dags/example_branch_python_dop_operator_3.py
[2026-05-01T13:33:28.160+0000] {processor.py:840} INFO - DAG(s) 'example_branch_dop_operator_v3' retrieved from /home/airflow/.local/lib/python3.12/site-packages/airflow/example_dags/example_branch_python_dop_operator_3.py
[2026-05-01T13:33:28.200+0000] {logging_mixin.py:188} INFO - [2026-05-01T13:33:28.200+0000] {dag.py:3089} INFO - Sync 1 DAGs
[2026-05-01T13:33:28.246+0000] {logging_mixin.py:188} INFO - [2026-05-01T13:33:28.245+0000] {dag.py:3947} INFO - Setting next_dagrun for example_branch_dop_operator_v3 to 2026-05-01 13:32:00+00:00, run_after=2026-05-01 13:33:00+00:00
[2026-05-01T13:33:28.277+0000] {processor.py:183} INFO - Processing /home/airflow/.local/lib/python3.12/site-packages/airflow/example_dags/example_branch_python_dop_operator_3.py took 0.218 seconds
[2026-05-01T13:33:58.578+0000] {processor.py:161} INFO - Started process (PID=1104) to work on /home/airflow/.local/lib/python3.12/site-packages/airflow/example_dags/example_branch_python_dop_operator_3.py
[2026-05-01T13:33:58.589+0000] {processor.py:830} INFO - Processing file /home/airflow/.local/lib/python3.12/site-packages/airflow/example_dags/example_branch_python_dop_operator_3.py for tasks to queue
[2026-05-01T13:33:58.603+0000] {logging_mixin.py:188} INFO - [2026-05-01T13:33:58.600+0000] {dagbag.py:545} INFO - Filling up the DagBag from /home/airflow/.local/lib/python3.12/site-packages/airflow/example_dags/example_branch_python_dop_operator_3.py
[2026-05-01T13:33:58.644+0000] {processor.py:840} INFO - DAG(s) 'example_branch_dop_operator_v3' retrieved from /home/airflow/.local/lib/python3.12/site-packages/airflow/example_dags/example_branch_python_dop_operator_3.py
[2026-05-01T13:33:58.701+0000] {logging_mixin.py:188} INFO - [2026-05-01T13:33:58.701+0000] {dag.py:3089} INFO - Sync 1 DAGs
[2026-05-01T13:33:58.789+0000] {logging_mixin.py:188} INFO - [2026-05-01T13:33:58.789+0000] {dag.py:3947} INFO - Setting next_dagrun for example_branch_dop_operator_v3 to 2026-05-01 13:32:00+00:00, run_after=2026-05-01 13:33:00+00:00
[2026-05-01T13:33:58.822+0000] {processor.py:183} INFO - Processing /home/airflow/.local/lib/python3.12/site-packages/airflow/example_dags/example_branch_python_dop_operator_3.py took 0.292 seconds
[2026-05-01T13:34:29.141+0000] {processor.py:161} INFO - Started process (PID=1162) to work on /home/airflow/.local/lib/python3.12/site-packages/airflow/example_dags/example_branch_python_dop_operator_3.py
[2026-05-01T13:34:29.144+0000] {processor.py:830} INFO - Processing file /home/airflow/.local/lib/python3.12/site-packages/airflow/example_dags/example_branch_python_dop_operator_3.py for tasks to queue
[2026-05-01T13:34:29.152+0000] {logging_mixin.py:188} INFO - [2026-05-01T13:34:29.151+0000] {dagbag.py:545} INFO - Filling up the DagBag from /home/airflow/.local/lib/python3.12/site-packages/airflow/example_dags/example_branch_python_dop_operator_3.py
[2026-05-01T13:34:29.170+0000] {processor.py:840} INFO - DAG(s) 'example_branch_dop_operator_v3' retrieved from /home/airflow/.local/lib/python3.12/site-packages/airflow/example_dags/example_branch_python_dop_operator_3.py
[2026-05-01T13:34:29.220+0000] {logging_mixin.py:188} INFO - [2026-05-01T13:34:29.219+0000] {dag.py:3089} INFO - Sync 1 DAGs
[2026-05-01T13:34:29.288+0000] {logging_mixin.py:188} INFO - [2026-05-01T13:34:29.288+0000] {dag.py:3947} INFO - Setting next_dagrun for example_branch_dop_operator_v3 to 2026-05-01 13:33:00+00:00, run_after=2026-05-01 13:34:00+00:00
[2026-05-01T13:34:29.355+0000] {processor.py:183} INFO - Processing /home/airflow/.local/lib/python3.12/site-packages/airflow/example_dags/example_branch_python_dop_operator_3.py took 0.240 seconds
[2026-05-01T13:35:00.334+0000] {processor.py:161} INFO - Started process (PID=1219) to work on /home/airflow/.local/lib/python3.12/site-packages/airflow/example_dags/example_branch_python_dop_operator_3.py
[2026-05-01T13:35:00.340+0000] {processor.py:830} INFO - Processing file /home/airflow/.local/lib/python3.12/site-packages/airflow/example_dags/example_branch_python_dop_operator_3.py for tasks to queue
[2026-05-01T13:35:00.376+0000] {logging_mixin.py:188} INFO - [2026-05-01T13:35:00.375+0000] {dagbag.py:545} INFO - Filling up the DagBag from /home/airflow/.local/lib/python3.12/site-packages/airflow/example_dags/example_branch_python_dop_operator_3.py
[2026-05-01T13:35:00.428+0000] {processor.py:840} INFO - DAG(s) 'example_branch_dop_operator_v3' retrieved from /home/airflow/.local/lib/python3.12/site-packages/airflow/example_dags/example_branch_python_dop_operator_3.py
[2026-05-01T13:35:00.556+0000] {logging_mixin.py:188} INFO - [2026-05-01T13:35:00.556+0000] {dag.py:3089} INFO - Sync 1 DAGs
[2026-05-01T13:35:00.671+0000] {logging_mixin.py:188} INFO - [2026-05-01T13:35:00.671+0000] {dag.py:3947} INFO - Setting next_dagrun for example_branch_dop_operator_v3 to 2026-05-01 13:34:00+00:00, run_after=2026-05-01 13:35:00+00:00
[2026-05-01T13:35:00.749+0000] {processor.py:183} INFO - Processing /home/airflow/.local/lib/python3.12/site-packages/airflow/example_dags/example_branch_python_dop_operator_3.py took 0.438 seconds
[2026-05-01T13:35:31.395+0000] {processor.py:161} INFO - Started process (PID=1277) to work on /home/airflow/.local/lib/python3.12/site-packages/airflow/example_dags/example_branch_python_dop_operator_3.py
[2026-05-01T13:35:31.398+0000] {processor.py:830} INFO - Processing file /home/airflow/.local/lib/python3.12/site-packages/airflow/example_dags/example_branch_python_dop_operator_3.py for tasks to queue
[2026-05-01T13:35:31.403+0000] {logging_mixin.py:188} INFO - [2026-05-01T13:35:31.402+0000] {dagbag.py:545} INFO - Filling up the DagBag from /home/airflow/.local/lib/python3.12/site-packages/airflow/example_dags/example_branch_python_dop_operator_3.py
[2026-05-01T13:35:31.419+0000] {processor.py:840} INFO - DAG(s) 'example_branch_dop_operator_v3' retrieved from /home/airflow/.local/lib/python3.12/site-packages/airflow/example_dags/example_branch_python_dop_operator_3.py
[2026-05-01T13:35:31.451+0000] {logging_mixin.py:188} INFO - [2026-05-01T13:35:31.450+0000] {dag.py:3089} INFO - Sync 1 DAGs
[2026-05-01T13:35:31.496+0000] {logging_mixin.py:188} INFO - [2026-05-01T13:35:31.496+0000] {dag.py:3947} INFO - Setting next_dagrun for example_branch_dop_operator_v3 to 2026-05-01 13:34:00+00:00, run_after=2026-05-01 13:35:00+00:00
[2026-05-01T13:35:31.529+0000] {processor.py:183} INFO - Processing /home/airflow/.local/lib/python3.12/site-packages/airflow/example_dags/example_branch_python_dop_operator_3.py took 0.148 seconds
[2026-05-01T13:36:02.400+0000] {processor.py:161} INFO - Started process (PID=1335) to work on /home/airflow/.local/lib/python3.12/site-packages/airflow/example_dags/example_branch_python_dop_operator_3.py
[2026-05-01T13:36:02.405+0000] {processor.py:830} INFO - Processing file /home/airflow/.local/lib/python3.12/site-packages/airflow/example_dags/example_branch_python_dop_operator_3.py for tasks to queue
[2026-05-01T13:36:02.415+0000] {logging_mixin.py:188} INFO - [2026-05-01T13:36:02.414+0000] {dagbag.py:545} INFO - Filling up the DagBag from /home/airflow/.local/lib/python3.12/site-packages/airflow/example_dags/example_branch_python_dop_operator_3.py
[2026-05-01T13:36:02.466+0000] {processor.py:840} INFO - DAG(s) 'example_branch_dop_operator_v3' retrieved from /home/airflow/.local/lib/python3.12/site-packages/airflow/example_dags/example_branch_python_dop_operator_3.py
[2026-05-01T13:36:02.504+0000] {logging_mixin.py:188} INFO - [2026-05-01T13:36:02.504+0000] {dag.py:3089} INFO - Sync 1 DAGs
[2026-05-01T13:36:02.542+0000] {logging_mixin.py:188} INFO - [2026-05-01T13:36:02.541+0000] {dag.py:3947} INFO - Setting next_dagrun for example_branch_dop_operator_v3 to 2026-05-01 13:35:00+00:00, run_after=2026-05-01 13:36:00+00:00
[2026-05-01T13:36:02.572+0000] {processor.py:183} INFO - Processing /home/airflow/.local/lib/python3.12/site-packages/airflow/example_dags/example_branch_python_dop_operator_3.py took 0.215 seconds
[2026-05-01T13:36:33.501+0000] {processor.py:161} INFO - Started process (PID=1393) to work on /home/airflow/.local/lib/python3.12/site-packages/airflow/example_dags/example_branch_python_dop_operator_3.py
[2026-05-01T13:36:33.508+0000] {processor.py:830} INFO - Processing file /home/airflow/.local/lib/python3.12/site-packages/airflow/example_dags/example_branch_python_dop_operator_3.py for tasks to queue
[2026-05-01T13:36:33.530+0000] {logging_mixin.py:188} INFO - [2026-05-01T13:36:33.529+0000] {dagbag.py:545} INFO - Filling up the DagBag from /home/airflow/.local/lib/python3.12/site-packages/airflow/example_dags/example_branch_python_dop_operator_3.py
[2026-05-01T13:36:33.693+0000] {processor.py:840} INFO - DAG(s) 'example_branch_dop_operator_v3' retrieved from /home/airflow/.local/lib/python3.12/site-packages/airflow/example_dags/example_branch_python_dop_operator_3.py
[2026-05-01T13:36:33.878+0000] {logging_mixin.py:188} INFO - [2026-05-01T13:36:33.874+0000] {dag.py:3089} INFO - Sync 1 DAGs
[2026-05-01T13:36:34.100+0000] {logging_mixin.py:188} INFO - [2026-05-01T13:36:34.100+0000] {dag.py:3947} INFO - Setting next_dagrun for example_branch_dop_operator_v3 to 2026-05-01 13:35:00+00:00, run_after=2026-05-01 13:36:00+00:00
[2026-05-01T13:36:34.133+0000] {processor.py:183} INFO - Processing /home/airflow/.local/lib/python3.12/site-packages/airflow/example_dags/example_branch_python_dop_operator_3.py took 0.680 seconds
[2026-05-01T13:37:05.267+0000] {processor.py:161} INFO - Started process (PID=1451) to work on /home/airflow/.local/lib/python3.12/site-packages/airflow/example_dags/example_branch_python_dop_operator_3.py
[2026-05-01T13:37:05.270+0000] {processor.py:830} INFO - Processing file /home/airflow/.local/lib/python3.12/site-packages/airflow/example_dags/example_branch_python_dop_operator_3.py for tasks to queue
[2026-05-01T13:37:05.275+0000] {logging_mixin.py:188} INFO - [2026-05-01T13:37:05.274+0000] {dagbag.py:545} INFO - Filling up the DagBag from /home/airflow/.local/lib/python3.12/site-packages/airflow/example_dags/example_branch_python_dop_operator_3.py
[2026-05-01T13:37:05.293+0000] {processor.py:840} INFO - DAG(s) 'example_branch_dop_operator_v3' retrieved from /home/airflow/.local/lib/python3.12/site-packages/airflow/example_dags/example_branch_python_dop_operator_3.py
[2026-05-01T13:37:05.320+0000] {logging_mixin.py:188} INFO - [2026-05-01T13:37:05.319+0000] {dag.py:3089} INFO - Sync 1 DAGs
[2026-05-01T13:37:05.356+0000] {logging_mixin.py:188} INFO - [2026-05-01T13:37:05.356+0000] {dag.py:3947} INFO - Setting next_dagrun for example_branch_dop_operator_v3 to 2026-05-01 13:36:00+00:00, run_after=2026-05-01 13:37:00+00:00
[2026-05-01T13:37:05.381+0000] {processor.py:183} INFO - Processing /home/airflow/.local/lib/python3.12/site-packages/airflow/example_dags/example_branch_python_dop_operator_3.py took 0.136 seconds
[2026-05-01T13:37:35.688+0000] {processor.py:161} INFO - Started process (PID=1508) to work on /home/airflow/.local/lib/python3.12/site-packages/airflow/example_dags/example_branch_python_dop_operator_3.py
[2026-05-01T13:37:35.693+0000] {processor.py:830} INFO - Processing file /home/airflow/.local/lib/python3.12/site-packages/airflow/example_dags/example_branch_python_dop_operator_3.py for tasks to queue
[2026-05-01T13:37:35.700+0000] {logging_mixin.py:188} INFO - [2026-05-01T13:37:35.699+0000] {dagbag.py:545} INFO - Filling up the DagBag from /home/airflow/.local/lib/python3.12/site-packages/airflow/example_dags/example_branch_python_dop_operator_3.py
[2026-05-01T13:37:35.716+0000] {processor.py:840} INFO - DAG(s) 'example_branch_dop_operator_v3' retrieved from /home/airflow/.local/lib/python3.12/site-packages/airflow/example_dags/example_branch_python_dop_operator_3.py
[2026-05-01T13:37:35.745+0000] {logging_mixin.py:188} INFO - [2026-05-01T13:37:35.745+0000] {dag.py:3089} INFO - Sync 1 DAGs
[2026-05-01T13:37:35.781+0000] {logging_mixin.py:188} INFO - [2026-05-01T13:37:35.781+0000] {dag.py:3947} INFO - Setting next_dagrun for example_branch_dop_operator_v3 to 2026-05-01 13:36:00+00:00, run_after=2026-05-01 13:37:00+00:00
[2026-05-01T13:37:35.814+0000] {processor.py:183} INFO - Processing /home/airflow/.local/lib/python3.12/site-packages/airflow/example_dags/example_branch_python_dop_operator_3.py took 0.141 seconds
[2026-05-01T13:38:06.118+0000] {processor.py:161} INFO - Started process (PID=1565) to work on /home/airflow/.local/lib/python3.12/site-packages/airflow/example_dags/example_branch_python_dop_operator_3.py
[2026-05-01T13:38:06.123+0000] {processor.py:830} INFO - Processing file /home/airflow/.local/lib/python3.12/site-packages/airflow/example_dags/example_branch_python_dop_operator_3.py for tasks to queue
[2026-05-01T13:38:06.131+0000] {logging_mixin.py:188} INFO - [2026-05-01T13:38:06.130+0000] {dagbag.py:545} INFO - Filling up the DagBag from /home/airflow/.local/lib/python3.12/site-packages/airflow/example_dags/example_branch_python_dop_operator_3.py
[2026-05-01T13:38:06.153+0000] {processor.py:840} INFO - DAG(s) 'example_branch_dop_operator_v3' retrieved from /home/airflow/.local/lib/python3.12/site-packages/airflow/example_dags/example_branch_python_dop_operator_3.py
[2026-05-01T13:38:06.191+0000] {logging_mixin.py:188} INFO - [2026-05-01T13:38:06.191+0000] {dag.py:3089} INFO - Sync 1 DAGs
[2026-05-01T13:38:06.268+0000] {logging_mixin.py:188} INFO - [2026-05-01T13:38:06.268+0000] {dag.py:3947} INFO - Setting next_dagrun for example_branch_dop_operator_v3 to 2026-05-01 13:37:00+00:00, run_after=2026-05-01 13:38:00+00:00
[2026-05-01T13:38:06.317+0000] {processor.py:183} INFO - Processing /home/airflow/.local/lib/python3.12/site-packages/airflow/example_dags/example_branch_python_dop_operator_3.py took 0.222 seconds
[2026-05-01T13:38:37.167+0000] {processor.py:161} INFO - Started process (PID=1623) to work on /home/airflow/.local/lib/python3.12/site-packages/airflow/example_dags/example_branch_python_dop_operator_3.py
[2026-05-01T13:38:37.170+0000] {processor.py:830} INFO - Processing file /home/airflow/.local/lib/python3.12/site-packages/airflow/example_dags/example_branch_python_dop_operator_3.py for tasks to queue
[2026-05-01T13:38:37.177+0000] {logging_mixin.py:188} INFO - [2026-05-01T13:38:37.177+0000] {dagbag.py:545} INFO - Filling up the DagBag from /home/airflow/.local/lib/python3.12/site-packages/airflow/example_dags/example_branch_python_dop_operator_3.py
[2026-05-01T13:38:37.197+0000] {processor.py:840} INFO - DAG(s) 'example_branch_dop_operator_v3' retrieved from /home/airflow/.local/lib/python3.12/site-packages/airflow/example_dags/example_branch_python_dop_operator_3.py
[2026-05-01T13:38:37.232+0000] {logging_mixin.py:188} INFO - [2026-05-01T13:38:37.232+0000] {dag.py:3089} INFO - Sync 1 DAGs
[2026-05-01T13:38:37.273+0000] {logging_mixin.py:188} INFO - [2026-05-01T13:38:37.273+0000] {dag.py:3947} INFO - Setting next_dagrun for example_branch_dop_operator_v3 to 2026-05-01 13:37:00+00:00, run_after=2026-05-01 13:38:00+00:00
[2026-05-01T13:38:37.318+0000] {processor.py:183} INFO - Processing /home/airflow/.local/lib/python3.12/site-packages/airflow/example_dags/example_branch_python_dop_operator_3.py took 0.167 seconds
[2026-05-01T13:39:07.894+0000] {processor.py:161} INFO - Started process (PID=1681) to work on /home/airflow/.local/lib/python3.12/site-packages/airflow/example_dags/example_branch_python_dop_operator_3.py
[2026-05-01T13:39:07.899+0000] {processor.py:830} INFO - Processing file /home/airflow/.local/lib/python3.12/site-packages/airflow/example_dags/example_branch_python_dop_operator_3.py for tasks to queue
[2026-05-01T13:39:07.914+0000] {logging_mixin.py:188} INFO - [2026-05-01T13:39:07.913+0000] {dagbag.py:545} INFO - Filling up the DagBag from /home/airflow/.local/lib/python3.12/site-packages/airflow/example_dags/example_branch_python_dop_operator_3.py
[2026-05-01T13:39:07.933+0000] {processor.py:840} INFO - DAG(s) 'example_branch_dop_operator_v3' retrieved from /home/airflow/.local/lib/python3.12/site-packages/airflow/example_dags/example_branch_python_dop_operator_3.py
[2026-05-01T13:39:07.971+0000] {logging_mixin.py:188} INFO - [2026-05-01T13:39:07.971+0000] {dag.py:3089} INFO - Sync 1 DAGs
[2026-05-01T13:39:08.068+0000] {logging_mixin.py:188} INFO - [2026-05-01T13:39:08.067+0000] {dag.py:3947} INFO - Setting next_dagrun for example_branch_dop_operator_v3 to 2026-05-01 13:38:00+00:00, run_after=2026-05-01 13:39:00+00:00
[2026-05-01T13:39:08.168+0000] {processor.py:183} INFO - Processing /home/airflow/.local/lib/python3.12/site-packages/airflow/example_dags/example_branch_python_dop_operator_3.py took 0.293 seconds
[2026-05-01T13:39:38.773+0000] {processor.py:161} INFO - Started process (PID=1739) to work on /home/airflow/.local/lib/python3.12/site-packages/airflow/example_dags/example_branch_python_dop_operator_3.py
[2026-05-01T13:39:38.799+0000] {processor.py:830} INFO - Processing file /home/airflow/.local/lib/python3.12/site-packages/airflow/example_dags/example_branch_python_dop_operator_3.py for tasks to queue
[2026-05-01T13:39:38.826+0000] {logging_mixin.py:188} INFO - [2026-05-01T13:39:38.823+0000] {dagbag.py:545} INFO - Filling up the DagBag from /home/airflow/.local/lib/python3.12/site-packages/airflow/example_dags/example_branch_python_dop_operator_3.py
[2026-05-01T13:39:38.892+0000] {processor.py:840} INFO - DAG(s) 'example_branch_dop_operator_v3' retrieved from /home/airflow/.local/lib/python3.12/site-packages/airflow/example_dags/example_branch_python_dop_operator_3.py
[2026-05-01T13:39:38.977+0000] {logging_mixin.py:188} INFO - [2026-05-01T13:39:38.976+0000] {dag.py:3089} INFO - Sync 1 DAGs
[2026-05-01T13:39:39.075+0000] {logging_mixin.py:188} INFO - [2026-05-01T13:39:39.075+0000] {dag.py:3947} INFO - Setting next_dagrun for example_branch_dop_operator_v3 to 2026-05-01 13:38:00+00:00, run_after=2026-05-01 13:39:00+00:00
[2026-05-01T13:39:39.143+0000] {processor.py:183} INFO - Processing /home/airflow/.local/lib/python3.12/site-packages/airflow/example_dags/example_branch_python_dop_operator_3.py took 0.398 seconds
[2026-05-01T13:40:10.083+0000] {processor.py:161} INFO - Started process (PID=1797) to work on /home/airflow/.local/lib/python3.12/site-packages/airflow/example_dags/example_branch_python_dop_operator_3.py
[2026-05-01T13:40:10.086+0000] {processor.py:830} INFO - Processing file /home/airflow/.local/lib/python3.12/site-packages/airflow/example_dags/example_branch_python_dop_operator_3.py for tasks to queue
[2026-05-01T13:40:10.090+0000] {logging_mixin.py:188} INFO - [2026-05-01T13:40:10.089+0000] {dagbag.py:545} INFO - Filling up the DagBag from /home/airflow/.local/lib/python3.12/site-packages/airflow/example_dags/example_branch_python_dop_operator_3.py
[2026-05-01T13:40:10.125+0000] {processor.py:840} INFO - DAG(s) 'example_branch_dop_operator_v3' retrieved from /home/airflow/.local/lib/python3.12/site-packages/airflow/example_dags/example_branch_python_dop_operator_3.py
[2026-05-01T13:40:10.177+0000] {logging_mixin.py:188} INFO - [2026-05-01T13:40:10.177+0000] {dag.py:3089} INFO - Sync 1 DAGs
[2026-05-01T13:40:10.248+0000] {logging_mixin.py:188} INFO - [2026-05-01T13:40:10.248+0000] {dag.py:3947} INFO - Setting next_dagrun for example_branch_dop_operator_v3 to 2026-05-01 13:39:00+00:00, run_after=2026-05-01 13:40:00+00:00
[2026-05-01T13:40:10.295+0000] {processor.py:183} INFO - Processing /home/airflow/.local/lib/python3.12/site-packages/airflow/example_dags/example_branch_python_dop_operator_3.py took 0.232 seconds
[2026-05-01T13:42:20.710+0000] {processor.py:161} INFO - Started process (PID=46) to work on /home/airflow/.local/lib/python3.12/site-packages/airflow/example_dags/example_branch_python_dop_operator_3.py
[2026-05-01T13:42:20.717+0000] {processor.py:830} INFO - Processing file /home/airflow/.local/lib/python3.12/site-packages/airflow/example_dags/example_branch_python_dop_operator_3.py for tasks to queue
[2026-05-01T13:42:20.729+0000] {logging_mixin.py:188} INFO - [2026-05-01T13:42:20.728+0000] {dagbag.py:545} INFO - Filling up the DagBag from /home/airflow/.local/lib/python3.12/site-packages/airflow/example_dags/example_branch_python_dop_operator_3.py
[2026-05-01T13:42:20.788+0000] {processor.py:840} INFO - DAG(s) 'example_branch_dop_operator_v3' retrieved from /home/airflow/.local/lib/python3.12/site-packages/airflow/example_dags/example_branch_python_dop_operator_3.py
[2026-05-01T13:42:21.557+0000] {logging_mixin.py:188} INFO - [2026-05-01T13:42:21.557+0000] {dag.py:3089} INFO - Sync 1 DAGs
[2026-05-01T13:42:21.671+0000] {logging_mixin.py:188} INFO - [2026-05-01T13:42:21.670+0000] {dag.py:3947} INFO - Setting next_dagrun for example_branch_dop_operator_v3 to 2026-05-01 13:41:00+00:00, run_after=2026-05-01 13:42:00+00:00
[2026-05-01T13:42:21.773+0000] {processor.py:183} INFO - Processing /home/airflow/.local/lib/python3.12/site-packages/airflow/example_dags/example_branch_python_dop_operator_3.py took 1.107 seconds
[2026-05-01T13:42:54.535+0000] {processor.py:161} INFO - Started process (PID=104) to work on /home/airflow/.local/lib/python3.12/site-packages/airflow/example_dags/example_branch_python_dop_operator_3.py
[2026-05-01T13:42:54.539+0000] {processor.py:830} INFO - Processing file /home/airflow/.local/lib/python3.12/site-packages/airflow/example_dags/example_branch_python_dop_operator_3.py for tasks to queue
[2026-05-01T13:42:54.547+0000] {logging_mixin.py:188} INFO - [2026-05-01T13:42:54.546+0000] {dagbag.py:545} INFO - Filling up the DagBag from /home/airflow/.local/lib/python3.12/site-packages/airflow/example_dags/example_branch_python_dop_operator_3.py
[2026-05-01T13:42:54.565+0000] {processor.py:840} INFO - DAG(s) 'example_branch_dop_operator_v3' retrieved from /home/airflow/.local/lib/python3.12/site-packages/airflow/example_dags/example_branch_python_dop_operator_3.py
[2026-05-01T13:42:54.596+0000] {logging_mixin.py:188} INFO - [2026-05-01T13:42:54.596+0000] {dag.py:3089} INFO - Sync 1 DAGs
[2026-05-01T13:42:54.726+0000] {logging_mixin.py:188} INFO - [2026-05-01T13:42:54.725+0000] {dag.py:3947} INFO - Setting next_dagrun for example_branch_dop_operator_v3 to 2026-05-01 13:41:00+00:00, run_after=2026-05-01 13:42:00+00:00
[2026-05-01T13:42:54.824+0000] {processor.py:183} INFO - Processing /home/airflow/.local/lib/python3.12/site-packages/airflow/example_dags/example_branch_python_dop_operator_3.py took 0.303 seconds
[2026-05-01T13:43:27.813+0000] {processor.py:161} INFO - Started process (PID=152) to work on /home/airflow/.local/lib/python3.12/site-packages/airflow/example_dags/example_branch_python_dop_operator_3.py
[2026-05-01T13:43:27.819+0000] {processor.py:830} INFO - Processing file /home/airflow/.local/lib/python3.12/site-packages/airflow/example_dags/example_branch_python_dop_operator_3.py for tasks to queue
[2026-05-01T13:43:27.828+0000] {logging_mixin.py:188} INFO - [2026-05-01T13:43:27.827+0000] {dagbag.py:545} INFO - Filling up the DagBag from /home/airflow/.local/lib/python3.12/site-packages/airflow/example_dags/example_branch_python_dop_operator_3.py
[2026-05-01T13:43:27.874+0000] {processor.py:840} INFO - DAG(s) 'example_branch_dop_operator_v3' retrieved from /home/airflow/.local/lib/python3.12/site-packages/airflow/example_dags/example_branch_python_dop_operator_3.py
[2026-05-01T13:43:27.958+0000] {logging_mixin.py:188} INFO - [2026-05-01T13:43:27.958+0000] {dag.py:3089} INFO - Sync 1 DAGs
[2026-05-01T13:43:28.107+0000] {logging_mixin.py:188} INFO - [2026-05-01T13:43:28.106+0000] {dag.py:3947} INFO - Setting next_dagrun for example_branch_dop_operator_v3 to 2026-05-01 13:42:00+00:00, run_after=2026-05-01 13:43:00+00:00
[2026-05-01T13:43:28.183+0000] {processor.py:183} INFO - Processing /home/airflow/.local/lib/python3.12/site-packages/airflow/example_dags/example_branch_python_dop_operator_3.py took 0.382 seconds
[2026-05-01T13:43:58.888+0000] {processor.py:161} INFO - Started process (PID=210) to work on /home/airflow/.local/lib/python3.12/site-packages/airflow/example_dags/example_branch_python_dop_operator_3.py
[2026-05-01T13:43:58.891+0000] {processor.py:830} INFO - Processing file /home/airflow/.local/lib/python3.12/site-packages/airflow/example_dags/example_branch_python_dop_operator_3.py for tasks to queue
[2026-05-01T13:43:58.896+0000] {logging_mixin.py:188} INFO - [2026-05-01T13:43:58.895+0000] {dagbag.py:545} INFO - Filling up the DagBag from /home/airflow/.local/lib/python3.12/site-packages/airflow/example_dags/example_branch_python_dop_operator_3.py
[2026-05-01T13:43:58.922+0000] {processor.py:840} INFO - DAG(s) 'example_branch_dop_operator_v3' retrieved from /home/airflow/.local/lib/python3.12/site-packages/airflow/example_dags/example_branch_python_dop_operator_3.py
[2026-05-01T13:43:58.969+0000] {logging_mixin.py:188} INFO - [2026-05-01T13:43:58.968+0000] {dag.py:3089} INFO - Sync 1 DAGs
[2026-05-01T13:43:59.035+0000] {logging_mixin.py:188} INFO - [2026-05-01T13:43:59.035+0000] {dag.py:3947} INFO - Setting next_dagrun for example_branch_dop_operator_v3 to 2026-05-01 13:42:00+00:00, run_after=2026-05-01 13:43:00+00:00
[2026-05-01T13:43:59.115+0000] {processor.py:183} INFO - Processing /home/airflow/.local/lib/python3.12/site-packages/airflow/example_dags/example_branch_python_dop_operator_3.py took 0.240 seconds
[2026-05-01T13:44:30.740+0000] {processor.py:161} INFO - Started process (PID=267) to work on /home/airflow/.local/lib/python3.12/site-packages/airflow/example_dags/example_branch_python_dop_operator_3.py
[2026-05-01T13:44:30.742+0000] {processor.py:830} INFO - Processing file /home/airflow/.local/lib/python3.12/site-packages/airflow/example_dags/example_branch_python_dop_operator_3.py for tasks to queue
[2026-05-01T13:44:30.748+0000] {logging_mixin.py:188} INFO - [2026-05-01T13:44:30.747+0000] {dagbag.py:545} INFO - Filling up the DagBag from /home/airflow/.local/lib/python3.12/site-packages/airflow/example_dags/example_branch_python_dop_operator_3.py
[2026-05-01T13:44:30.767+0000] {processor.py:840} INFO - DAG(s) 'example_branch_dop_operator_v3' retrieved from /home/airflow/.local/lib/python3.12/site-packages/airflow/example_dags/example_branch_python_dop_operator_3.py
[2026-05-01T13:44:30.806+0000] {logging_mixin.py:188} INFO - [2026-05-01T13:44:30.806+0000] {dag.py:3089} INFO - Sync 1 DAGs
[2026-05-01T13:44:30.859+0000] {logging_mixin.py:188} INFO - [2026-05-01T13:44:30.858+0000] {dag.py:3947} INFO - Setting next_dagrun for example_branch_dop_operator_v3 to 2026-05-01 13:43:00+00:00, run_after=2026-05-01 13:44:00+00:00
[2026-05-01T13:44:30.926+0000] {processor.py:183} INFO - Processing /home/airflow/.local/lib/python3.12/site-packages/airflow/example_dags/example_branch_python_dop_operator_3.py took 0.198 seconds
[2026-05-01T13:45:01.879+0000] {processor.py:161} INFO - Started process (PID=325) to work on /home/airflow/.local/lib/python3.12/site-packages/airflow/example_dags/example_branch_python_dop_operator_3.py
[2026-05-01T13:45:01.890+0000] {processor.py:830} INFO - Processing file /home/airflow/.local/lib/python3.12/site-packages/airflow/example_dags/example_branch_python_dop_operator_3.py for tasks to queue
[2026-05-01T13:45:01.903+0000] {logging_mixin.py:188} INFO - [2026-05-01T13:45:01.901+0000] {dagbag.py:545} INFO - Filling up the DagBag from /home/airflow/.local/lib/python3.12/site-packages/airflow/example_dags/example_branch_python_dop_operator_3.py
[2026-05-01T13:45:01.945+0000] {processor.py:840} INFO - DAG(s) 'example_branch_dop_operator_v3' retrieved from /home/airflow/.local/lib/python3.12/site-packages/airflow/example_dags/example_branch_python_dop_operator_3.py
[2026-05-01T13:45:02.045+0000] {logging_mixin.py:188} INFO - [2026-05-01T13:45:02.045+0000] {dag.py:3089} INFO - Sync 1 DAGs
[2026-05-01T13:45:02.167+0000] {logging_mixin.py:188} INFO - [2026-05-01T13:45:02.165+0000] {dag.py:3947} INFO - Setting next_dagrun for example_branch_dop_operator_v3 to 2026-05-01 13:44:00+00:00, run_after=2026-05-01 13:45:00+00:00
[2026-05-01T13:45:02.326+0000] {processor.py:183} INFO - Processing /home/airflow/.local/lib/python3.12/site-packages/airflow/example_dags/example_branch_python_dop_operator_3.py took 0.465 seconds
[2026-05-01T13:45:32.545+0000] {processor.py:161} INFO - Started process (PID=383) to work on /home/airflow/.local/lib/python3.12/site-packages/airflow/example_dags/example_branch_python_dop_operator_3.py
[2026-05-01T13:45:32.550+0000] {processor.py:830} INFO - Processing file /home/airflow/.local/lib/python3.12/site-packages/airflow/example_dags/example_branch_python_dop_operator_3.py for tasks to queue
[2026-05-01T13:45:32.557+0000] {logging_mixin.py:188} INFO - [2026-05-01T13:45:32.556+0000] {dagbag.py:545} INFO - Filling up the DagBag from /home/airflow/.local/lib/python3.12/site-packages/airflow/example_dags/example_branch_python_dop_operator_3.py
[2026-05-01T13:45:32.589+0000] {processor.py:840} INFO - DAG(s) 'example_branch_dop_operator_v3' retrieved from /home/airflow/.local/lib/python3.12/site-packages/airflow/example_dags/example_branch_python_dop_operator_3.py
[2026-05-01T13:45:32.657+0000] {logging_mixin.py:188} INFO - [2026-05-01T13:45:32.656+0000] {dag.py:3089} INFO - Sync 1 DAGs
[2026-05-01T13:45:32.877+0000] {logging_mixin.py:188} INFO - [2026-05-01T13:45:32.877+0000] {dag.py:3947} INFO - Setting next_dagrun for example_branch_dop_operator_v3 to 2026-05-01 13:44:00+00:00, run_after=2026-05-01 13:45:00+00:00
[2026-05-01T13:45:32.972+0000] {processor.py:183} INFO - Processing /home/airflow/.local/lib/python3.12/site-packages/airflow/example_dags/example_branch_python_dop_operator_3.py took 0.440 seconds
[2026-05-01T13:46:03.574+0000] {processor.py:161} INFO - Started process (PID=441) to work on /home/airflow/.local/lib/python3.12/site-packages/airflow/example_dags/example_branch_python_dop_operator_3.py
[2026-05-01T13:46:03.578+0000] {processor.py:830} INFO - Processing file /home/airflow/.local/lib/python3.12/site-packages/airflow/example_dags/example_branch_python_dop_operator_3.py for tasks to queue
[2026-05-01T13:46:03.584+0000] {logging_mixin.py:188} INFO - [2026-05-01T13:46:03.583+0000] {dagbag.py:545} INFO - Filling up the DagBag from /home/airflow/.local/lib/python3.12/site-packages/airflow/example_dags/example_branch_python_dop_operator_3.py
[2026-05-01T13:46:03.602+0000] {processor.py:840} INFO - DAG(s) 'example_branch_dop_operator_v3' retrieved from /home/airflow/.local/lib/python3.12/site-packages/airflow/example_dags/example_branch_python_dop_operator_3.py
[2026-05-01T13:46:03.642+0000] {logging_mixin.py:188} INFO - [2026-05-01T13:46:03.642+0000] {dag.py:3089} INFO - Sync 1 DAGs
[2026-05-01T13:46:03.692+0000] {logging_mixin.py:188} INFO - [2026-05-01T13:46:03.692+0000] {dag.py:3947} INFO - Setting next_dagrun for example_branch_dop_operator_v3 to 2026-05-01 13:45:00+00:00, run_after=2026-05-01 13:46:00+00:00
[2026-05-01T13:46:03.725+0000] {processor.py:183} INFO - Processing /home/airflow/.local/lib/python3.12/site-packages/airflow/example_dags/example_branch_python_dop_operator_3.py took 0.164 seconds
[2026-05-01T13:46:34.243+0000] {processor.py:161} INFO - Started process (PID=499) to work on /home/airflow/.local/lib/python3.12/site-packages/airflow/example_dags/example_branch_python_dop_operator_3.py
[2026-05-01T13:46:34.246+0000] {processor.py:830} INFO - Processing file /home/airflow/.local/lib/python3.12/site-packages/airflow/example_dags/example_branch_python_dop_operator_3.py for tasks to queue
[2026-05-01T13:46:34.253+0000] {logging_mixin.py:188} INFO - [2026-05-01T13:46:34.252+0000] {dagbag.py:545} INFO - Filling up the DagBag from /home/airflow/.local/lib/python3.12/site-packages/airflow/example_dags/example_branch_python_dop_operator_3.py
[2026-05-01T13:46:34.277+0000] {processor.py:840} INFO - DAG(s) 'example_branch_dop_operator_v3' retrieved from /home/airflow/.local/lib/python3.12/site-packages/airflow/example_dags/example_branch_python_dop_operator_3.py
[2026-05-01T13:46:34.318+0000] {logging_mixin.py:188} INFO - [2026-05-01T13:46:34.318+0000] {dag.py:3089} INFO - Sync 1 DAGs
[2026-05-01T13:46:34.359+0000] {logging_mixin.py:188} INFO - [2026-05-01T13:46:34.359+0000] {dag.py:3947} INFO - Setting next_dagrun for example_branch_dop_operator_v3 to 2026-05-01 13:45:00+00:00, run_after=2026-05-01 13:46:00+00:00
[2026-05-01T13:46:34.393+0000] {processor.py:183} INFO - Processing /home/airflow/.local/lib/python3.12/site-packages/airflow/example_dags/example_branch_python_dop_operator_3.py took 0.157 seconds
[2026-05-01T13:47:04.676+0000] {processor.py:161} INFO - Started process (PID=557) to work on /home/airflow/.local/lib/python3.12/site-packages/airflow/example_dags/example_branch_python_dop_operator_3.py
[2026-05-01T13:47:04.679+0000] {processor.py:830} INFO - Processing file /home/airflow/.local/lib/python3.12/site-packages/airflow/example_dags/example_branch_python_dop_operator_3.py for tasks to queue
[2026-05-01T13:47:04.683+0000] {logging_mixin.py:188} INFO - [2026-05-01T13:47:04.682+0000] {dagbag.py:545} INFO - Filling up the DagBag from /home/airflow/.local/lib/python3.12/site-packages/airflow/example_dags/example_branch_python_dop_operator_3.py
[2026-05-01T13:47:04.699+0000] {processor.py:840} INFO - DAG(s) 'example_branch_dop_operator_v3' retrieved from /home/airflow/.local/lib/python3.12/site-packages/airflow/example_dags/example_branch_python_dop_operator_3.py
[2026-05-01T13:47:04.742+0000] {logging_mixin.py:188} INFO - [2026-05-01T13:47:04.741+0000] {dag.py:3089} INFO - Sync 1 DAGs
[2026-05-01T13:47:04.781+0000] {logging_mixin.py:188} INFO - [2026-05-01T13:47:04.781+0000] {dag.py:3947} INFO - Setting next_dagrun for example_branch_dop_operator_v3 to 2026-05-01 13:46:00+00:00, run_after=2026-05-01 13:47:00+00:00
[2026-05-01T13:47:04.835+0000] {processor.py:183} INFO - Processing /home/airflow/.local/lib/python3.12/site-packages/airflow/example_dags/example_branch_python_dop_operator_3.py took 0.169 seconds
[2026-05-01T13:47:35.645+0000] {processor.py:161} INFO - Started process (PID=613) to work on /home/airflow/.local/lib/python3.12/site-packages/airflow/example_dags/example_branch_python_dop_operator_3.py
[2026-05-01T13:47:35.656+0000] {processor.py:830} INFO - Processing file /home/airflow/.local/lib/python3.12/site-packages/airflow/example_dags/example_branch_python_dop_operator_3.py for tasks to queue
[2026-05-01T13:47:35.677+0000] {logging_mixin.py:188} INFO - [2026-05-01T13:47:35.672+0000] {dagbag.py:545} INFO - Filling up the DagBag from /home/airflow/.local/lib/python3.12/site-packages/airflow/example_dags/example_branch_python_dop_operator_3.py
[2026-05-01T13:47:35.846+0000] {processor.py:840} INFO - DAG(s) 'example_branch_dop_operator_v3' retrieved from /home/airflow/.local/lib/python3.12/site-packages/airflow/example_dags/example_branch_python_dop_operator_3.py
[2026-05-01T13:47:35.982+0000] {logging_mixin.py:188} INFO - [2026-05-01T13:47:35.981+0000] {dag.py:3089} INFO - Sync 1 DAGs
[2026-05-01T13:47:36.073+0000] {logging_mixin.py:188} INFO - [2026-05-01T13:47:36.072+0000] {dag.py:3947} INFO - Setting next_dagrun for example_branch_dop_operator_v3 to 2026-05-01 13:46:00+00:00, run_after=2026-05-01 13:47:00+00:00
[2026-05-01T13:47:36.526+0000] {processor.py:183} INFO - Processing /home/airflow/.local/lib/python3.12/site-packages/airflow/example_dags/example_branch_python_dop_operator_3.py took 0.931 seconds
[2026-05-01T13:48:06.753+0000] {processor.py:161} INFO - Started process (PID=670) to work on /home/airflow/.local/lib/python3.12/site-packages/airflow/example_dags/example_branch_python_dop_operator_3.py
[2026-05-01T13:48:06.758+0000] {processor.py:830} INFO - Processing file /home/airflow/.local/lib/python3.12/site-packages/airflow/example_dags/example_branch_python_dop_operator_3.py for tasks to queue
[2026-05-01T13:48:06.763+0000] {logging_mixin.py:188} INFO - [2026-05-01T13:48:06.762+0000] {dagbag.py:545} INFO - Filling up the DagBag from /home/airflow/.local/lib/python3.12/site-packages/airflow/example_dags/example_branch_python_dop_operator_3.py
[2026-05-01T13:48:06.788+0000] {processor.py:840} INFO - DAG(s) 'example_branch_dop_operator_v3' retrieved from /home/airflow/.local/lib/python3.12/site-packages/airflow/example_dags/example_branch_python_dop_operator_3.py
[2026-05-01T13:48:06.824+0000] {logging_mixin.py:188} INFO - [2026-05-01T13:48:06.823+0000] {dag.py:3089} INFO - Sync 1 DAGs
[2026-05-01T13:48:06.862+0000] {logging_mixin.py:188} INFO - [2026-05-01T13:48:06.862+0000] {dag.py:3947} INFO - Setting next_dagrun for example_branch_dop_operator_v3 to 2026-05-01 13:47:00+00:00, run_after=2026-05-01 13:48:00+00:00
[2026-05-01T13:48:06.885+0000] {processor.py:183} INFO - Processing /home/airflow/.local/lib/python3.12/site-packages/airflow/example_dags/example_branch_python_dop_operator_3.py took 0.154 seconds
[2026-05-01T13:48:37.832+0000] {processor.py:161} INFO - Started process (PID=727) to work on /home/airflow/.local/lib/python3.12/site-packages/airflow/example_dags/example_branch_python_dop_operator_3.py
[2026-05-01T13:48:37.835+0000] {processor.py:830} INFO - Processing file /home/airflow/.local/lib/python3.12/site-packages/airflow/example_dags/example_branch_python_dop_operator_3.py for tasks to queue
[2026-05-01T13:48:37.839+0000] {logging_mixin.py:188} INFO - [2026-05-01T13:48:37.838+0000] {dagbag.py:545} INFO - Filling up the DagBag from /home/airflow/.local/lib/python3.12/site-packages/airflow/example_dags/example_branch_python_dop_operator_3.py
[2026-05-01T13:48:37.853+0000] {processor.py:840} INFO - DAG(s) 'example_branch_dop_operator_v3' retrieved from /home/airflow/.local/lib/python3.12/site-packages/airflow/example_dags/example_branch_python_dop_operator_3.py
[2026-05-01T13:48:37.879+0000] {logging_mixin.py:188} INFO - [2026-05-01T13:48:37.879+0000] {dag.py:3089} INFO - Sync 1 DAGs
[2026-05-01T13:48:37.919+0000] {logging_mixin.py:188} INFO - [2026-05-01T13:48:37.919+0000] {dag.py:3947} INFO - Setting next_dagrun for example_branch_dop_operator_v3 to 2026-05-01 13:47:00+00:00, run_after=2026-05-01 13:48:00+00:00
[2026-05-01T13:48:37.949+0000] {processor.py:183} INFO - Processing /home/airflow/.local/lib/python3.12/site-packages/airflow/example_dags/example_branch_python_dop_operator_3.py took 0.128 seconds
[2026-05-01T13:49:08.315+0000] {processor.py:161} INFO - Started process (PID=785) to work on /home/airflow/.local/lib/python3.12/site-packages/airflow/example_dags/example_branch_python_dop_operator_3.py
[2026-05-01T13:49:08.318+0000] {processor.py:830} INFO - Processing file /home/airflow/.local/lib/python3.12/site-packages/airflow/example_dags/example_branch_python_dop_operator_3.py for tasks to queue
[2026-05-01T13:49:08.322+0000] {logging_mixin.py:188} INFO - [2026-05-01T13:49:08.322+0000] {dagbag.py:545} INFO - Filling up the DagBag from /home/airflow/.local/lib/python3.12/site-packages/airflow/example_dags/example_branch_python_dop_operator_3.py
[2026-05-01T13:49:08.346+0000] {processor.py:840} INFO - DAG(s) 'example_branch_dop_operator_v3' retrieved from /home/airflow/.local/lib/python3.12/site-packages/airflow/example_dags/example_branch_python_dop_operator_3.py
[2026-05-01T13:49:08.398+0000] {logging_mixin.py:188} INFO - [2026-05-01T13:49:08.397+0000] {dag.py:3089} INFO - Sync 1 DAGs
[2026-05-01T13:49:08.437+0000] {logging_mixin.py:188} INFO - [2026-05-01T13:49:08.437+0000] {dag.py:3947} INFO - Setting next_dagrun for example_branch_dop_operator_v3 to 2026-05-01 13:48:00+00:00, run_after=2026-05-01 13:49:00+00:00
[2026-05-01T13:49:08.480+0000] {processor.py:183} INFO - Processing /home/airflow/.local/lib/python3.12/site-packages/airflow/example_dags/example_branch_python_dop_operator_3.py took 0.177 seconds
[2026-05-01T13:49:39.126+0000] {processor.py:161} INFO - Started process (PID=843) to work on /home/airflow/.local/lib/python3.12/site-packages/airflow/example_dags/example_branch_python_dop_operator_3.py
[2026-05-01T13:49:39.129+0000] {processor.py:830} INFO - Processing file /home/airflow/.local/lib/python3.12/site-packages/airflow/example_dags/example_branch_python_dop_operator_3.py for tasks to queue
[2026-05-01T13:49:39.134+0000] {logging_mixin.py:188} INFO - [2026-05-01T13:49:39.133+0000] {dagbag.py:545} INFO - Filling up the DagBag from /home/airflow/.local/lib/python3.12/site-packages/airflow/example_dags/example_branch_python_dop_operator_3.py
[2026-05-01T13:49:39.157+0000] {processor.py:840} INFO - DAG(s) 'example_branch_dop_operator_v3' retrieved from /home/airflow/.local/lib/python3.12/site-packages/airflow/example_dags/example_branch_python_dop_operator_3.py
[2026-05-01T13:49:39.192+0000] {logging_mixin.py:188} INFO - [2026-05-01T13:49:39.192+0000] {dag.py:3089} INFO - Sync 1 DAGs
[2026-05-01T13:49:39.233+0000] {logging_mixin.py:188} INFO - [2026-05-01T13:49:39.232+0000] {dag.py:3947} INFO - Setting next_dagrun for example_branch_dop_operator_v3 to 2026-05-01 13:48:00+00:00, run_after=2026-05-01 13:49:00+00:00
[2026-05-01T13:49:39.263+0000] {processor.py:183} INFO - Processing /home/airflow/.local/lib/python3.12/site-packages/airflow/example_dags/example_branch_python_dop_operator_3.py took 0.152 seconds
[2026-05-01T13:50:11.561+0000] {processor.py:161} INFO - Started process (PID=900) to work on /home/airflow/.local/lib/python3.12/site-packages/airflow/example_dags/example_branch_python_dop_operator_3.py
[2026-05-01T13:50:11.566+0000] {processor.py:830} INFO - Processing file /home/airflow/.local/lib/python3.12/site-packages/airflow/example_dags/example_branch_python_dop_operator_3.py for tasks to queue
[2026-05-01T13:50:11.572+0000] {logging_mixin.py:188} INFO - [2026-05-01T13:50:11.572+0000] {dagbag.py:545} INFO - Filling up the DagBag from /home/airflow/.local/lib/python3.12/site-packages/airflow/example_dags/example_branch_python_dop_operator_3.py
[2026-05-01T13:50:11.597+0000] {processor.py:840} INFO - DAG(s) 'example_branch_dop_operator_v3' retrieved from /home/airflow/.local/lib/python3.12/site-packages/airflow/example_dags/example_branch_python_dop_operator_3.py
[2026-05-01T13:50:11.649+0000] {logging_mixin.py:188} INFO - [2026-05-01T13:50:11.648+0000] {dag.py:3089} INFO - Sync 1 DAGs
[2026-05-01T13:50:11.735+0000] {logging_mixin.py:188} INFO - [2026-05-01T13:50:11.734+0000] {dag.py:3947} INFO - Setting next_dagrun for example_branch_dop_operator_v3 to 2026-05-01 13:49:00+00:00, run_after=2026-05-01 13:50:00+00:00
[2026-05-01T13:50:11.800+0000] {processor.py:183} INFO - Processing /home/airflow/.local/lib/python3.12/site-packages/airflow/example_dags/example_branch_python_dop_operator_3.py took 0.266 seconds
[2026-05-01T13:50:42.009+0000] {processor.py:161} INFO - Started process (PID=957) to work on /home/airflow/.local/lib/python3.12/site-packages/airflow/example_dags/example_branch_python_dop_operator_3.py
[2026-05-01T13:50:42.012+0000] {processor.py:830} INFO - Processing file /home/airflow/.local/lib/python3.12/site-packages/airflow/example_dags/example_branch_python_dop_operator_3.py for tasks to queue
[2026-05-01T13:50:42.016+0000] {logging_mixin.py:188} INFO - [2026-05-01T13:50:42.015+0000] {dagbag.py:545} INFO - Filling up the DagBag from /home/airflow/.local/lib/python3.12/site-packages/airflow/example_dags/example_branch_python_dop_operator_3.py
[2026-05-01T13:50:42.029+0000] {processor.py:840} INFO - DAG(s) 'example_branch_dop_operator_v3' retrieved from /home/airflow/.local/lib/python3.12/site-packages/airflow/example_dags/example_branch_python_dop_operator_3.py
[2026-05-01T13:50:42.066+0000] {logging_mixin.py:188} INFO - [2026-05-01T13:50:42.066+0000] {dag.py:3089} INFO - Sync 1 DAGs
[2026-05-01T13:50:42.118+0000] {logging_mixin.py:188} INFO - [2026-05-01T13:50:42.118+0000] {dag.py:3947} INFO - Setting next_dagrun for example_branch_dop_operator_v3 to 2026-05-01 13:49:00+00:00, run_after=2026-05-01 13:50:00+00:00
[2026-05-01T13:50:42.180+0000] {processor.py:183} INFO - Processing /home/airflow/.local/lib/python3.12/site-packages/airflow/example_dags/example_branch_python_dop_operator_3.py took 0.181 seconds
[2026-05-01T13:51:13.407+0000] {processor.py:161} INFO - Started process (PID=1014) to work on /home/airflow/.local/lib/python3.12/site-packages/airflow/example_dags/example_branch_python_dop_operator_3.py
[2026-05-01T13:51:13.411+0000] {processor.py:830} INFO - Processing file /home/airflow/.local/lib/python3.12/site-packages/airflow/example_dags/example_branch_python_dop_operator_3.py for tasks to queue
[2026-05-01T13:51:13.427+0000] {logging_mixin.py:188} INFO - [2026-05-01T13:51:13.426+0000] {dagbag.py:545} INFO - Filling up the DagBag from /home/airflow/.local/lib/python3.12/site-packages/airflow/example_dags/example_branch_python_dop_operator_3.py
[2026-05-01T13:51:13.444+0000] {processor.py:840} INFO - DAG(s) 'example_branch_dop_operator_v3' retrieved from /home/airflow/.local/lib/python3.12/site-packages/airflow/example_dags/example_branch_python_dop_operator_3.py
[2026-05-01T13:51:13.477+0000] {logging_mixin.py:188} INFO - [2026-05-01T13:51:13.477+0000] {dag.py:3089} INFO - Sync 1 DAGs
[2026-05-01T13:51:13.588+0000] {logging_mixin.py:188} INFO - [2026-05-01T13:51:13.588+0000] {dag.py:3947} INFO - Setting next_dagrun for example_branch_dop_operator_v3 to 2026-05-01 13:50:00+00:00, run_after=2026-05-01 13:51:00+00:00
[2026-05-01T13:51:13.688+0000] {processor.py:183} INFO - Processing /home/airflow/.local/lib/python3.12/site-packages/airflow/example_dags/example_branch_python_dop_operator_3.py took 0.304 seconds
[2026-05-01T13:51:43.906+0000] {processor.py:161} INFO - Started process (PID=1070) to work on /home/airflow/.local/lib/python3.12/site-packages/airflow/example_dags/example_branch_python_dop_operator_3.py
[2026-05-01T13:51:43.910+0000] {processor.py:830} INFO - Processing file /home/airflow/.local/lib/python3.12/site-packages/airflow/example_dags/example_branch_python_dop_operator_3.py for tasks to queue
[2026-05-01T13:51:43.918+0000] {logging_mixin.py:188} INFO - [2026-05-01T13:51:43.917+0000] {dagbag.py:545} INFO - Filling up the DagBag from /home/airflow/.local/lib/python3.12/site-packages/airflow/example_dags/example_branch_python_dop_operator_3.py
[2026-05-01T13:51:43.940+0000] {processor.py:840} INFO - DAG(s) 'example_branch_dop_operator_v3' retrieved from /home/airflow/.local/lib/python3.12/site-packages/airflow/example_dags/example_branch_python_dop_operator_3.py
[2026-05-01T13:51:43.988+0000] {logging_mixin.py:188} INFO - [2026-05-01T13:51:43.988+0000] {dag.py:3089} INFO - Sync 1 DAGs
[2026-05-01T13:51:44.056+0000] {logging_mixin.py:188} INFO - [2026-05-01T13:51:44.055+0000] {dag.py:3947} INFO - Setting next_dagrun for example_branch_dop_operator_v3 to 2026-05-01 13:50:00+00:00, run_after=2026-05-01 13:51:00+00:00
[2026-05-01T13:51:44.089+0000] {processor.py:183} INFO - Processing /home/airflow/.local/lib/python3.12/site-packages/airflow/example_dags/example_branch_python_dop_operator_3.py took 0.195 seconds
[2026-05-01T13:52:14.572+0000] {processor.py:161} INFO - Started process (PID=1127) to work on /home/airflow/.local/lib/python3.12/site-packages/airflow/example_dags/example_branch_python_dop_operator_3.py
[2026-05-01T13:52:14.580+0000] {processor.py:830} INFO - Processing file /home/airflow/.local/lib/python3.12/site-packages/airflow/example_dags/example_branch_python_dop_operator_3.py for tasks to queue
[2026-05-01T13:52:14.615+0000] {logging_mixin.py:188} INFO - [2026-05-01T13:52:14.614+0000] {dagbag.py:545} INFO - Filling up the DagBag from /home/airflow/.local/lib/python3.12/site-packages/airflow/example_dags/example_branch_python_dop_operator_3.py
[2026-05-01T13:52:14.741+0000] {processor.py:840} INFO - DAG(s) 'example_branch_dop_operator_v3' retrieved from /home/airflow/.local/lib/python3.12/site-packages/airflow/example_dags/example_branch_python_dop_operator_3.py
[2026-05-01T13:52:14.816+0000] {logging_mixin.py:188} INFO - [2026-05-01T13:52:14.815+0000] {dag.py:3089} INFO - Sync 1 DAGs
[2026-05-01T13:52:14.925+0000] {logging_mixin.py:188} INFO - [2026-05-01T13:52:14.924+0000] {dag.py:3947} INFO - Setting next_dagrun for example_branch_dop_operator_v3 to 2026-05-01 13:51:00+00:00, run_after=2026-05-01 13:52:00+00:00
[2026-05-01T13:52:14.998+0000] {processor.py:183} INFO - Processing /home/airflow/.local/lib/python3.12/site-packages/airflow/example_dags/example_branch_python_dop_operator_3.py took 0.546 seconds
[2026-05-01T13:52:45.335+0000] {processor.py:161} INFO - Started process (PID=1185) to work on /home/airflow/.local/lib/python3.12/site-packages/airflow/example_dags/example_branch_python_dop_operator_3.py
[2026-05-01T13:52:45.338+0000] {processor.py:830} INFO - Processing file /home/airflow/.local/lib/python3.12/site-packages/airflow/example_dags/example_branch_python_dop_operator_3.py for tasks to queue
[2026-05-01T13:52:45.346+0000] {logging_mixin.py:188} INFO - [2026-05-01T13:52:45.344+0000] {dagbag.py:545} INFO - Filling up the DagBag from /home/airflow/.local/lib/python3.12/site-packages/airflow/example_dags/example_branch_python_dop_operator_3.py
[2026-05-01T13:52:45.388+0000] {processor.py:840} INFO - DAG(s) 'example_branch_dop_operator_v3' retrieved from /home/airflow/.local/lib/python3.12/site-packages/airflow/example_dags/example_branch_python_dop_operator_3.py
[2026-05-01T13:52:45.459+0000] {logging_mixin.py:188} INFO - [2026-05-01T13:52:45.459+0000] {dag.py:3089} INFO - Sync 1 DAGs
[2026-05-01T13:52:45.517+0000] {logging_mixin.py:188} INFO - [2026-05-01T13:52:45.517+0000] {dag.py:3947} INFO - Setting next_dagrun for example_branch_dop_operator_v3 to 2026-05-01 13:51:00+00:00, run_after=2026-05-01 13:52:00+00:00
[2026-05-01T13:52:45.542+0000] {processor.py:183} INFO - Processing /home/airflow/.local/lib/python3.12/site-packages/airflow/example_dags/example_branch_python_dop_operator_3.py took 0.240 seconds
[2026-05-01T13:53:15.722+0000] {processor.py:161} INFO - Started process (PID=1243) to work on /home/airflow/.local/lib/python3.12/site-packages/airflow/example_dags/example_branch_python_dop_operator_3.py
[2026-05-01T13:53:15.725+0000] {processor.py:830} INFO - Processing file /home/airflow/.local/lib/python3.12/site-packages/airflow/example_dags/example_branch_python_dop_operator_3.py for tasks to queue
[2026-05-01T13:53:15.730+0000] {logging_mixin.py:188} INFO - [2026-05-01T13:53:15.729+0000] {dagbag.py:545} INFO - Filling up the DagBag from /home/airflow/.local/lib/python3.12/site-packages/airflow/example_dags/example_branch_python_dop_operator_3.py
[2026-05-01T13:53:15.742+0000] {processor.py:840} INFO - DAG(s) 'example_branch_dop_operator_v3' retrieved from /home/airflow/.local/lib/python3.12/site-packages/airflow/example_dags/example_branch_python_dop_operator_3.py
[2026-05-01T13:53:15.777+0000] {logging_mixin.py:188} INFO - [2026-05-01T13:53:15.777+0000] {dag.py:3089} INFO - Sync 1 DAGs
[2026-05-01T13:53:15.814+0000] {logging_mixin.py:188} INFO - [2026-05-01T13:53:15.813+0000] {dag.py:3947} INFO - Setting next_dagrun for example_branch_dop_operator_v3 to 2026-05-01 13:52:00+00:00, run_after=2026-05-01 13:53:00+00:00
[2026-05-01T13:53:15.846+0000] {processor.py:183} INFO - Processing /home/airflow/.local/lib/python3.12/site-packages/airflow/example_dags/example_branch_python_dop_operator_3.py took 0.133 seconds
