[2026-05-01T13:24:21.937+0000] {processor.py:161} INFO - Started process (PID=59) to work on /home/airflow/.local/lib/python3.12/site-packages/airflow/example_dags/example_bash_operator.py
[2026-05-01T13:24:21.940+0000] {processor.py:830} INFO - Processing file /home/airflow/.local/lib/python3.12/site-packages/airflow/example_dags/example_bash_operator.py for tasks to queue
[2026-05-01T13:24:21.956+0000] {logging_mixin.py:188} INFO - [2026-05-01T13:24:21.952+0000] {dagbag.py:545} INFO - Filling up the DagBag from /home/airflow/.local/lib/python3.12/site-packages/airflow/example_dags/example_bash_operator.py
[2026-05-01T13:24:22.020+0000] {processor.py:840} INFO - DAG(s) 'example_bash_operator' retrieved from /home/airflow/.local/lib/python3.12/site-packages/airflow/example_dags/example_bash_operator.py
[2026-05-01T13:24:22.819+0000] {logging_mixin.py:188} INFO - [2026-05-01T13:24:22.819+0000] {override.py:1858} INFO - Created Permission View: can delete on DAG:example_bash_operator
[2026-05-01T13:24:22.924+0000] {logging_mixin.py:188} INFO - [2026-05-01T13:24:22.924+0000] {override.py:1858} INFO - Created Permission View: can edit on DAG:example_bash_operator
[2026-05-01T13:24:22.959+0000] {logging_mixin.py:188} INFO - [2026-05-01T13:24:22.958+0000] {override.py:1858} INFO - Created Permission View: can read on DAG:example_bash_operator
[2026-05-01T13:24:22.966+0000] {logging_mixin.py:188} INFO - [2026-05-01T13:24:22.961+0000] {dag.py:3089} INFO - Sync 1 DAGs
[2026-05-01T13:24:23.029+0000] {logging_mixin.py:188} INFO - [2026-05-01T13:24:23.028+0000] {dag.py:3111} INFO - Creating ORM DAG for example_bash_operator
[2026-05-01T13:24:23.093+0000] {logging_mixin.py:188} INFO - [2026-05-01T13:24:23.093+0000] {dag.py:3947} INFO - Setting next_dagrun for example_bash_operator to 2026-04-30 00:00:00+00:00, run_after=2026-05-01 00:00:00+00:00
[2026-05-01T13:24:23.294+0000] {processor.py:183} INFO - Processing /home/airflow/.local/lib/python3.12/site-packages/airflow/example_dags/example_bash_operator.py took 1.393 seconds
[2026-05-01T13:25:17.513+0000] {processor.py:161} INFO - Started process (PID=122) to work on /home/airflow/.local/lib/python3.12/site-packages/airflow/example_dags/example_bash_operator.py
[2026-05-01T13:25:17.524+0000] {processor.py:830} INFO - Processing file /home/airflow/.local/lib/python3.12/site-packages/airflow/example_dags/example_bash_operator.py for tasks to queue
[2026-05-01T13:25:17.555+0000] {logging_mixin.py:188} INFO - [2026-05-01T13:25:17.552+0000] {dagbag.py:545} INFO - Filling up the DagBag from /home/airflow/.local/lib/python3.12/site-packages/airflow/example_dags/example_bash_operator.py
[2026-05-01T13:25:17.613+0000] {processor.py:840} INFO - DAG(s) 'example_bash_operator' retrieved from /home/airflow/.local/lib/python3.12/site-packages/airflow/example_dags/example_bash_operator.py
[2026-05-01T13:25:18.712+0000] {logging_mixin.py:188} INFO - [2026-05-01T13:25:18.712+0000] {dag.py:3089} INFO - Sync 1 DAGs
[2026-05-01T13:25:18.869+0000] {logging_mixin.py:188} INFO - [2026-05-01T13:25:18.861+0000] {dag.py:3947} INFO - Setting next_dagrun for example_bash_operator to 2026-04-30 00:00:00+00:00, run_after=2026-05-01 00:00:00+00:00
[2026-05-01T13:25:18.973+0000] {processor.py:183} INFO - Processing /home/airflow/.local/lib/python3.12/site-packages/airflow/example_dags/example_bash_operator.py took 1.495 seconds
[2026-05-01T13:25:49.615+0000] {processor.py:161} INFO - Started process (PID=180) to work on /home/airflow/.local/lib/python3.12/site-packages/airflow/example_dags/example_bash_operator.py
[2026-05-01T13:25:49.619+0000] {processor.py:830} INFO - Processing file /home/airflow/.local/lib/python3.12/site-packages/airflow/example_dags/example_bash_operator.py for tasks to queue
[2026-05-01T13:25:49.626+0000] {logging_mixin.py:188} INFO - [2026-05-01T13:25:49.624+0000] {dagbag.py:545} INFO - Filling up the DagBag from /home/airflow/.local/lib/python3.12/site-packages/airflow/example_dags/example_bash_operator.py
[2026-05-01T13:25:49.647+0000] {processor.py:840} INFO - DAG(s) 'example_bash_operator' retrieved from /home/airflow/.local/lib/python3.12/site-packages/airflow/example_dags/example_bash_operator.py
[2026-05-01T13:25:49.999+0000] {logging_mixin.py:188} INFO - [2026-05-01T13:25:49.999+0000] {dag.py:3089} INFO - Sync 1 DAGs
[2026-05-01T13:25:50.030+0000] {logging_mixin.py:188} INFO - [2026-05-01T13:25:50.030+0000] {dag.py:3947} INFO - Setting next_dagrun for example_bash_operator to 2026-04-30 00:00:00+00:00, run_after=2026-05-01 00:00:00+00:00
[2026-05-01T13:25:50.067+0000] {processor.py:183} INFO - Processing /home/airflow/.local/lib/python3.12/site-packages/airflow/example_dags/example_bash_operator.py took 0.470 seconds
[2026-05-01T13:26:20.687+0000] {processor.py:161} INFO - Started process (PID=238) to work on /home/airflow/.local/lib/python3.12/site-packages/airflow/example_dags/example_bash_operator.py
[2026-05-01T13:26:20.692+0000] {processor.py:830} INFO - Processing file /home/airflow/.local/lib/python3.12/site-packages/airflow/example_dags/example_bash_operator.py for tasks to queue
[2026-05-01T13:26:20.697+0000] {logging_mixin.py:188} INFO - [2026-05-01T13:26:20.696+0000] {dagbag.py:545} INFO - Filling up the DagBag from /home/airflow/.local/lib/python3.12/site-packages/airflow/example_dags/example_bash_operator.py
[2026-05-01T13:26:20.725+0000] {processor.py:840} INFO - DAG(s) 'example_bash_operator' retrieved from /home/airflow/.local/lib/python3.12/site-packages/airflow/example_dags/example_bash_operator.py
[2026-05-01T13:26:20.787+0000] {logging_mixin.py:188} INFO - [2026-05-01T13:26:20.785+0000] {dag.py:3089} INFO - Sync 1 DAGs
[2026-05-01T13:26:20.906+0000] {logging_mixin.py:188} INFO - [2026-05-01T13:26:20.905+0000] {dag.py:3947} INFO - Setting next_dagrun for example_bash_operator to 2026-04-30 00:00:00+00:00, run_after=2026-05-01 00:00:00+00:00
[2026-05-01T13:26:20.964+0000] {processor.py:183} INFO - Processing /home/airflow/.local/lib/python3.12/site-packages/airflow/example_dags/example_bash_operator.py took 0.296 seconds
[2026-05-01T13:26:51.188+0000] {processor.py:161} INFO - Started process (PID=296) to work on /home/airflow/.local/lib/python3.12/site-packages/airflow/example_dags/example_bash_operator.py
[2026-05-01T13:26:51.192+0000] {processor.py:830} INFO - Processing file /home/airflow/.local/lib/python3.12/site-packages/airflow/example_dags/example_bash_operator.py for tasks to queue
[2026-05-01T13:26:51.197+0000] {logging_mixin.py:188} INFO - [2026-05-01T13:26:51.196+0000] {dagbag.py:545} INFO - Filling up the DagBag from /home/airflow/.local/lib/python3.12/site-packages/airflow/example_dags/example_bash_operator.py
[2026-05-01T13:26:51.220+0000] {processor.py:840} INFO - DAG(s) 'example_bash_operator' retrieved from /home/airflow/.local/lib/python3.12/site-packages/airflow/example_dags/example_bash_operator.py
[2026-05-01T13:26:51.267+0000] {logging_mixin.py:188} INFO - [2026-05-01T13:26:51.266+0000] {dag.py:3089} INFO - Sync 1 DAGs
[2026-05-01T13:26:51.301+0000] {logging_mixin.py:188} INFO - [2026-05-01T13:26:51.299+0000] {dag.py:3947} INFO - Setting next_dagrun for example_bash_operator to 2026-04-30 00:00:00+00:00, run_after=2026-05-01 00:00:00+00:00
[2026-05-01T13:26:51.333+0000] {processor.py:183} INFO - Processing /home/airflow/.local/lib/python3.12/site-packages/airflow/example_dags/example_bash_operator.py took 0.162 seconds
[2026-05-01T13:27:21.644+0000] {processor.py:161} INFO - Started process (PID=352) to work on /home/airflow/.local/lib/python3.12/site-packages/airflow/example_dags/example_bash_operator.py
[2026-05-01T13:27:21.648+0000] {processor.py:830} INFO - Processing file /home/airflow/.local/lib/python3.12/site-packages/airflow/example_dags/example_bash_operator.py for tasks to queue
[2026-05-01T13:27:21.654+0000] {logging_mixin.py:188} INFO - [2026-05-01T13:27:21.653+0000] {dagbag.py:545} INFO - Filling up the DagBag from /home/airflow/.local/lib/python3.12/site-packages/airflow/example_dags/example_bash_operator.py
[2026-05-01T13:27:21.681+0000] {processor.py:840} INFO - DAG(s) 'example_bash_operator' retrieved from /home/airflow/.local/lib/python3.12/site-packages/airflow/example_dags/example_bash_operator.py
[2026-05-01T13:27:21.724+0000] {logging_mixin.py:188} INFO - [2026-05-01T13:27:21.724+0000] {dag.py:3089} INFO - Sync 1 DAGs
[2026-05-01T13:27:21.765+0000] {logging_mixin.py:188} INFO - [2026-05-01T13:27:21.765+0000] {dag.py:3947} INFO - Setting next_dagrun for example_bash_operator to 2026-04-30 00:00:00+00:00, run_after=2026-05-01 00:00:00+00:00
[2026-05-01T13:27:21.801+0000] {processor.py:183} INFO - Processing /home/airflow/.local/lib/python3.12/site-packages/airflow/example_dags/example_bash_operator.py took 0.171 seconds
[2026-05-01T13:27:51.908+0000] {processor.py:161} INFO - Started process (PID=411) to work on /home/airflow/.local/lib/python3.12/site-packages/airflow/example_dags/example_bash_operator.py
[2026-05-01T13:27:51.912+0000] {processor.py:830} INFO - Processing file /home/airflow/.local/lib/python3.12/site-packages/airflow/example_dags/example_bash_operator.py for tasks to queue
[2026-05-01T13:27:51.930+0000] {logging_mixin.py:188} INFO - [2026-05-01T13:27:51.927+0000] {dagbag.py:545} INFO - Filling up the DagBag from /home/airflow/.local/lib/python3.12/site-packages/airflow/example_dags/example_bash_operator.py
[2026-05-01T13:27:52.001+0000] {processor.py:840} INFO - DAG(s) 'example_bash_operator' retrieved from /home/airflow/.local/lib/python3.12/site-packages/airflow/example_dags/example_bash_operator.py
[2026-05-01T13:27:52.103+0000] {logging_mixin.py:188} INFO - [2026-05-01T13:27:52.103+0000] {dag.py:3089} INFO - Sync 1 DAGs
[2026-05-01T13:27:52.187+0000] {logging_mixin.py:188} INFO - [2026-05-01T13:27:52.186+0000] {dag.py:3947} INFO - Setting next_dagrun for example_bash_operator to 2026-04-30 00:00:00+00:00, run_after=2026-05-01 00:00:00+00:00
[2026-05-01T13:27:52.249+0000] {processor.py:183} INFO - Processing /home/airflow/.local/lib/python3.12/site-packages/airflow/example_dags/example_bash_operator.py took 0.362 seconds
[2026-05-01T13:28:22.530+0000] {processor.py:161} INFO - Started process (PID=469) to work on /home/airflow/.local/lib/python3.12/site-packages/airflow/example_dags/example_bash_operator.py
[2026-05-01T13:28:22.533+0000] {processor.py:830} INFO - Processing file /home/airflow/.local/lib/python3.12/site-packages/airflow/example_dags/example_bash_operator.py for tasks to queue
[2026-05-01T13:28:22.540+0000] {logging_mixin.py:188} INFO - [2026-05-01T13:28:22.539+0000] {dagbag.py:545} INFO - Filling up the DagBag from /home/airflow/.local/lib/python3.12/site-packages/airflow/example_dags/example_bash_operator.py
[2026-05-01T13:28:22.572+0000] {processor.py:840} INFO - DAG(s) 'example_bash_operator' retrieved from /home/airflow/.local/lib/python3.12/site-packages/airflow/example_dags/example_bash_operator.py
[2026-05-01T13:28:22.626+0000] {logging_mixin.py:188} INFO - [2026-05-01T13:28:22.626+0000] {dag.py:3089} INFO - Sync 1 DAGs
[2026-05-01T13:28:22.667+0000] {logging_mixin.py:188} INFO - [2026-05-01T13:28:22.666+0000] {dag.py:3947} INFO - Setting next_dagrun for example_bash_operator to 2026-04-30 00:00:00+00:00, run_after=2026-05-01 00:00:00+00:00
[2026-05-01T13:28:22.709+0000] {processor.py:183} INFO - Processing /home/airflow/.local/lib/python3.12/site-packages/airflow/example_dags/example_bash_operator.py took 0.194 seconds
[2026-05-01T13:28:52.817+0000] {processor.py:161} INFO - Started process (PID=527) to work on /home/airflow/.local/lib/python3.12/site-packages/airflow/example_dags/example_bash_operator.py
[2026-05-01T13:28:52.822+0000] {processor.py:830} INFO - Processing file /home/airflow/.local/lib/python3.12/site-packages/airflow/example_dags/example_bash_operator.py for tasks to queue
[2026-05-01T13:28:52.827+0000] {logging_mixin.py:188} INFO - [2026-05-01T13:28:52.826+0000] {dagbag.py:545} INFO - Filling up the DagBag from /home/airflow/.local/lib/python3.12/site-packages/airflow/example_dags/example_bash_operator.py
[2026-05-01T13:28:52.854+0000] {processor.py:840} INFO - DAG(s) 'example_bash_operator' retrieved from /home/airflow/.local/lib/python3.12/site-packages/airflow/example_dags/example_bash_operator.py
[2026-05-01T13:28:52.902+0000] {logging_mixin.py:188} INFO - [2026-05-01T13:28:52.902+0000] {dag.py:3089} INFO - Sync 1 DAGs
[2026-05-01T13:28:52.943+0000] {logging_mixin.py:188} INFO - [2026-05-01T13:28:52.943+0000] {dag.py:3947} INFO - Setting next_dagrun for example_bash_operator to 2026-04-30 00:00:00+00:00, run_after=2026-05-01 00:00:00+00:00
[2026-05-01T13:28:52.974+0000] {processor.py:183} INFO - Processing /home/airflow/.local/lib/python3.12/site-packages/airflow/example_dags/example_bash_operator.py took 0.170 seconds
[2026-05-01T13:29:23.478+0000] {processor.py:161} INFO - Started process (PID=585) to work on /home/airflow/.local/lib/python3.12/site-packages/airflow/example_dags/example_bash_operator.py
[2026-05-01T13:29:23.483+0000] {processor.py:830} INFO - Processing file /home/airflow/.local/lib/python3.12/site-packages/airflow/example_dags/example_bash_operator.py for tasks to queue
[2026-05-01T13:29:23.490+0000] {logging_mixin.py:188} INFO - [2026-05-01T13:29:23.489+0000] {dagbag.py:545} INFO - Filling up the DagBag from /home/airflow/.local/lib/python3.12/site-packages/airflow/example_dags/example_bash_operator.py
[2026-05-01T13:29:23.515+0000] {processor.py:840} INFO - DAG(s) 'example_bash_operator' retrieved from /home/airflow/.local/lib/python3.12/site-packages/airflow/example_dags/example_bash_operator.py
[2026-05-01T13:29:23.576+0000] {logging_mixin.py:188} INFO - [2026-05-01T13:29:23.576+0000] {dag.py:3089} INFO - Sync 1 DAGs
[2026-05-01T13:29:23.615+0000] {logging_mixin.py:188} INFO - [2026-05-01T13:29:23.615+0000] {dag.py:3947} INFO - Setting next_dagrun for example_bash_operator to 2026-04-30 00:00:00+00:00, run_after=2026-05-01 00:00:00+00:00
[2026-05-01T13:29:23.652+0000] {processor.py:183} INFO - Processing /home/airflow/.local/lib/python3.12/site-packages/airflow/example_dags/example_bash_operator.py took 0.188 seconds
[2026-05-01T13:29:53.860+0000] {processor.py:161} INFO - Started process (PID=643) to work on /home/airflow/.local/lib/python3.12/site-packages/airflow/example_dags/example_bash_operator.py
[2026-05-01T13:29:53.863+0000] {processor.py:830} INFO - Processing file /home/airflow/.local/lib/python3.12/site-packages/airflow/example_dags/example_bash_operator.py for tasks to queue
[2026-05-01T13:29:53.871+0000] {logging_mixin.py:188} INFO - [2026-05-01T13:29:53.870+0000] {dagbag.py:545} INFO - Filling up the DagBag from /home/airflow/.local/lib/python3.12/site-packages/airflow/example_dags/example_bash_operator.py
[2026-05-01T13:29:53.893+0000] {processor.py:840} INFO - DAG(s) 'example_bash_operator' retrieved from /home/airflow/.local/lib/python3.12/site-packages/airflow/example_dags/example_bash_operator.py
[2026-05-01T13:29:53.944+0000] {logging_mixin.py:188} INFO - [2026-05-01T13:29:53.944+0000] {dag.py:3089} INFO - Sync 1 DAGs
[2026-05-01T13:29:53.993+0000] {logging_mixin.py:188} INFO - [2026-05-01T13:29:53.993+0000] {dag.py:3947} INFO - Setting next_dagrun for example_bash_operator to 2026-04-30 00:00:00+00:00, run_after=2026-05-01 00:00:00+00:00
[2026-05-01T13:29:54.028+0000] {processor.py:183} INFO - Processing /home/airflow/.local/lib/python3.12/site-packages/airflow/example_dags/example_bash_operator.py took 0.182 seconds
[2026-05-01T13:30:24.807+0000] {processor.py:161} INFO - Started process (PID=701) to work on /home/airflow/.local/lib/python3.12/site-packages/airflow/example_dags/example_bash_operator.py
[2026-05-01T13:30:24.810+0000] {processor.py:830} INFO - Processing file /home/airflow/.local/lib/python3.12/site-packages/airflow/example_dags/example_bash_operator.py for tasks to queue
[2026-05-01T13:30:24.821+0000] {logging_mixin.py:188} INFO - [2026-05-01T13:30:24.820+0000] {dagbag.py:545} INFO - Filling up the DagBag from /home/airflow/.local/lib/python3.12/site-packages/airflow/example_dags/example_bash_operator.py
[2026-05-01T13:30:24.841+0000] {processor.py:840} INFO - DAG(s) 'example_bash_operator' retrieved from /home/airflow/.local/lib/python3.12/site-packages/airflow/example_dags/example_bash_operator.py
[2026-05-01T13:30:24.888+0000] {logging_mixin.py:188} INFO - [2026-05-01T13:30:24.888+0000] {dag.py:3089} INFO - Sync 1 DAGs
[2026-05-01T13:30:24.924+0000] {logging_mixin.py:188} INFO - [2026-05-01T13:30:24.924+0000] {dag.py:3947} INFO - Setting next_dagrun for example_bash_operator to 2026-04-30 00:00:00+00:00, run_after=2026-05-01 00:00:00+00:00
[2026-05-01T13:30:25.000+0000] {processor.py:183} INFO - Processing /home/airflow/.local/lib/python3.12/site-packages/airflow/example_dags/example_bash_operator.py took 0.213 seconds
[2026-05-01T13:30:55.437+0000] {processor.py:161} INFO - Started process (PID=759) to work on /home/airflow/.local/lib/python3.12/site-packages/airflow/example_dags/example_bash_operator.py
[2026-05-01T13:30:55.443+0000] {processor.py:830} INFO - Processing file /home/airflow/.local/lib/python3.12/site-packages/airflow/example_dags/example_bash_operator.py for tasks to queue
[2026-05-01T13:30:55.453+0000] {logging_mixin.py:188} INFO - [2026-05-01T13:30:55.452+0000] {dagbag.py:545} INFO - Filling up the DagBag from /home/airflow/.local/lib/python3.12/site-packages/airflow/example_dags/example_bash_operator.py
[2026-05-01T13:30:55.483+0000] {processor.py:840} INFO - DAG(s) 'example_bash_operator' retrieved from /home/airflow/.local/lib/python3.12/site-packages/airflow/example_dags/example_bash_operator.py
[2026-05-01T13:30:55.539+0000] {logging_mixin.py:188} INFO - [2026-05-01T13:30:55.538+0000] {dag.py:3089} INFO - Sync 1 DAGs
[2026-05-01T13:30:55.579+0000] {logging_mixin.py:188} INFO - [2026-05-01T13:30:55.579+0000] {dag.py:3947} INFO - Setting next_dagrun for example_bash_operator to 2026-04-30 00:00:00+00:00, run_after=2026-05-01 00:00:00+00:00
[2026-05-01T13:30:55.626+0000] {processor.py:183} INFO - Processing /home/airflow/.local/lib/python3.12/site-packages/airflow/example_dags/example_bash_operator.py took 0.219 seconds
[2026-05-01T13:31:26.371+0000] {processor.py:161} INFO - Started process (PID=817) to work on /home/airflow/.local/lib/python3.12/site-packages/airflow/example_dags/example_bash_operator.py
[2026-05-01T13:31:26.384+0000] {processor.py:830} INFO - Processing file /home/airflow/.local/lib/python3.12/site-packages/airflow/example_dags/example_bash_operator.py for tasks to queue
[2026-05-01T13:31:26.438+0000] {logging_mixin.py:188} INFO - [2026-05-01T13:31:26.433+0000] {dagbag.py:545} INFO - Filling up the DagBag from /home/airflow/.local/lib/python3.12/site-packages/airflow/example_dags/example_bash_operator.py
[2026-05-01T13:31:26.528+0000] {processor.py:840} INFO - DAG(s) 'example_bash_operator' retrieved from /home/airflow/.local/lib/python3.12/site-packages/airflow/example_dags/example_bash_operator.py
[2026-05-01T13:31:26.863+0000] {logging_mixin.py:188} INFO - [2026-05-01T13:31:26.853+0000] {dag.py:3089} INFO - Sync 1 DAGs
[2026-05-01T13:31:27.135+0000] {logging_mixin.py:188} INFO - [2026-05-01T13:31:27.126+0000] {dag.py:3947} INFO - Setting next_dagrun for example_bash_operator to 2026-04-30 00:00:00+00:00, run_after=2026-05-01 00:00:00+00:00
[2026-05-01T13:31:27.252+0000] {processor.py:183} INFO - Processing /home/airflow/.local/lib/python3.12/site-packages/airflow/example_dags/example_bash_operator.py took 0.945 seconds
[2026-05-01T13:31:57.748+0000] {processor.py:161} INFO - Started process (PID=875) to work on /home/airflow/.local/lib/python3.12/site-packages/airflow/example_dags/example_bash_operator.py
[2026-05-01T13:31:57.755+0000] {processor.py:830} INFO - Processing file /home/airflow/.local/lib/python3.12/site-packages/airflow/example_dags/example_bash_operator.py for tasks to queue
[2026-05-01T13:31:57.761+0000] {logging_mixin.py:188} INFO - [2026-05-01T13:31:57.759+0000] {dagbag.py:545} INFO - Filling up the DagBag from /home/airflow/.local/lib/python3.12/site-packages/airflow/example_dags/example_bash_operator.py
[2026-05-01T13:31:57.798+0000] {processor.py:840} INFO - DAG(s) 'example_bash_operator' retrieved from /home/airflow/.local/lib/python3.12/site-packages/airflow/example_dags/example_bash_operator.py
[2026-05-01T13:31:57.913+0000] {logging_mixin.py:188} INFO - [2026-05-01T13:31:57.912+0000] {dag.py:3089} INFO - Sync 1 DAGs
[2026-05-01T13:31:58.155+0000] {logging_mixin.py:188} INFO - [2026-05-01T13:31:58.154+0000] {dag.py:3947} INFO - Setting next_dagrun for example_bash_operator to 2026-04-30 00:00:00+00:00, run_after=2026-05-01 00:00:00+00:00
[2026-05-01T13:31:58.274+0000] {processor.py:183} INFO - Processing /home/airflow/.local/lib/python3.12/site-packages/airflow/example_dags/example_bash_operator.py took 0.581 seconds
[2026-05-01T13:32:28.465+0000] {processor.py:161} INFO - Started process (PID=933) to work on /home/airflow/.local/lib/python3.12/site-packages/airflow/example_dags/example_bash_operator.py
[2026-05-01T13:32:28.468+0000] {processor.py:830} INFO - Processing file /home/airflow/.local/lib/python3.12/site-packages/airflow/example_dags/example_bash_operator.py for tasks to queue
[2026-05-01T13:32:28.478+0000] {logging_mixin.py:188} INFO - [2026-05-01T13:32:28.476+0000] {dagbag.py:545} INFO - Filling up the DagBag from /home/airflow/.local/lib/python3.12/site-packages/airflow/example_dags/example_bash_operator.py
[2026-05-01T13:32:28.508+0000] {processor.py:840} INFO - DAG(s) 'example_bash_operator' retrieved from /home/airflow/.local/lib/python3.12/site-packages/airflow/example_dags/example_bash_operator.py
[2026-05-01T13:32:28.558+0000] {logging_mixin.py:188} INFO - [2026-05-01T13:32:28.557+0000] {dag.py:3089} INFO - Sync 1 DAGs
[2026-05-01T13:32:28.604+0000] {logging_mixin.py:188} INFO - [2026-05-01T13:32:28.603+0000] {dag.py:3947} INFO - Setting next_dagrun for example_bash_operator to 2026-04-30 00:00:00+00:00, run_after=2026-05-01 00:00:00+00:00
[2026-05-01T13:32:28.644+0000] {processor.py:183} INFO - Processing /home/airflow/.local/lib/python3.12/site-packages/airflow/example_dags/example_bash_operator.py took 0.192 seconds
[2026-05-01T13:32:59.498+0000] {processor.py:161} INFO - Started process (PID=991) to work on /home/airflow/.local/lib/python3.12/site-packages/airflow/example_dags/example_bash_operator.py
[2026-05-01T13:32:59.509+0000] {processor.py:830} INFO - Processing file /home/airflow/.local/lib/python3.12/site-packages/airflow/example_dags/example_bash_operator.py for tasks to queue
[2026-05-01T13:32:59.521+0000] {logging_mixin.py:188} INFO - [2026-05-01T13:32:59.520+0000] {dagbag.py:545} INFO - Filling up the DagBag from /home/airflow/.local/lib/python3.12/site-packages/airflow/example_dags/example_bash_operator.py
[2026-05-01T13:32:59.595+0000] {processor.py:840} INFO - DAG(s) 'example_bash_operator' retrieved from /home/airflow/.local/lib/python3.12/site-packages/airflow/example_dags/example_bash_operator.py
[2026-05-01T13:32:59.656+0000] {logging_mixin.py:188} INFO - [2026-05-01T13:32:59.656+0000] {dag.py:3089} INFO - Sync 1 DAGs
[2026-05-01T13:32:59.698+0000] {logging_mixin.py:188} INFO - [2026-05-01T13:32:59.698+0000] {dag.py:3947} INFO - Setting next_dagrun for example_bash_operator to 2026-04-30 00:00:00+00:00, run_after=2026-05-01 00:00:00+00:00
[2026-05-01T13:32:59.727+0000] {processor.py:183} INFO - Processing /home/airflow/.local/lib/python3.12/site-packages/airflow/example_dags/example_bash_operator.py took 0.277 seconds
[2026-05-01T13:33:29.998+0000] {processor.py:161} INFO - Started process (PID=1049) to work on /home/airflow/.local/lib/python3.12/site-packages/airflow/example_dags/example_bash_operator.py
[2026-05-01T13:33:30.001+0000] {processor.py:830} INFO - Processing file /home/airflow/.local/lib/python3.12/site-packages/airflow/example_dags/example_bash_operator.py for tasks to queue
[2026-05-01T13:33:30.008+0000] {logging_mixin.py:188} INFO - [2026-05-01T13:33:30.006+0000] {dagbag.py:545} INFO - Filling up the DagBag from /home/airflow/.local/lib/python3.12/site-packages/airflow/example_dags/example_bash_operator.py
[2026-05-01T13:33:30.030+0000] {processor.py:840} INFO - DAG(s) 'example_bash_operator' retrieved from /home/airflow/.local/lib/python3.12/site-packages/airflow/example_dags/example_bash_operator.py
[2026-05-01T13:33:30.082+0000] {logging_mixin.py:188} INFO - [2026-05-01T13:33:30.081+0000] {dag.py:3089} INFO - Sync 1 DAGs
[2026-05-01T13:33:30.125+0000] {logging_mixin.py:188} INFO - [2026-05-01T13:33:30.125+0000] {dag.py:3947} INFO - Setting next_dagrun for example_bash_operator to 2026-04-30 00:00:00+00:00, run_after=2026-05-01 00:00:00+00:00
[2026-05-01T13:33:30.173+0000] {processor.py:183} INFO - Processing /home/airflow/.local/lib/python3.12/site-packages/airflow/example_dags/example_bash_operator.py took 0.195 seconds
[2026-05-01T13:34:00.480+0000] {processor.py:161} INFO - Started process (PID=1107) to work on /home/airflow/.local/lib/python3.12/site-packages/airflow/example_dags/example_bash_operator.py
[2026-05-01T13:34:00.484+0000] {processor.py:830} INFO - Processing file /home/airflow/.local/lib/python3.12/site-packages/airflow/example_dags/example_bash_operator.py for tasks to queue
[2026-05-01T13:34:00.489+0000] {logging_mixin.py:188} INFO - [2026-05-01T13:34:00.488+0000] {dagbag.py:545} INFO - Filling up the DagBag from /home/airflow/.local/lib/python3.12/site-packages/airflow/example_dags/example_bash_operator.py
[2026-05-01T13:34:00.512+0000] {processor.py:840} INFO - DAG(s) 'example_bash_operator' retrieved from /home/airflow/.local/lib/python3.12/site-packages/airflow/example_dags/example_bash_operator.py
[2026-05-01T13:34:00.561+0000] {logging_mixin.py:188} INFO - [2026-05-01T13:34:00.561+0000] {dag.py:3089} INFO - Sync 1 DAGs
[2026-05-01T13:34:00.601+0000] {logging_mixin.py:188} INFO - [2026-05-01T13:34:00.601+0000] {dag.py:3947} INFO - Setting next_dagrun for example_bash_operator to 2026-04-30 00:00:00+00:00, run_after=2026-05-01 00:00:00+00:00
[2026-05-01T13:34:00.624+0000] {processor.py:183} INFO - Processing /home/airflow/.local/lib/python3.12/site-packages/airflow/example_dags/example_bash_operator.py took 0.157 seconds
[2026-05-01T13:34:31.457+0000] {processor.py:161} INFO - Started process (PID=1164) to work on /home/airflow/.local/lib/python3.12/site-packages/airflow/example_dags/example_bash_operator.py
[2026-05-01T13:34:31.460+0000] {processor.py:830} INFO - Processing file /home/airflow/.local/lib/python3.12/site-packages/airflow/example_dags/example_bash_operator.py for tasks to queue
[2026-05-01T13:34:31.466+0000] {logging_mixin.py:188} INFO - [2026-05-01T13:34:31.465+0000] {dagbag.py:545} INFO - Filling up the DagBag from /home/airflow/.local/lib/python3.12/site-packages/airflow/example_dags/example_bash_operator.py
[2026-05-01T13:34:31.493+0000] {processor.py:840} INFO - DAG(s) 'example_bash_operator' retrieved from /home/airflow/.local/lib/python3.12/site-packages/airflow/example_dags/example_bash_operator.py
[2026-05-01T13:34:31.559+0000] {logging_mixin.py:188} INFO - [2026-05-01T13:34:31.559+0000] {dag.py:3089} INFO - Sync 1 DAGs
[2026-05-01T13:34:31.789+0000] {logging_mixin.py:188} INFO - [2026-05-01T13:34:31.789+0000] {dag.py:3947} INFO - Setting next_dagrun for example_bash_operator to 2026-04-30 00:00:00+00:00, run_after=2026-05-01 00:00:00+00:00
[2026-05-01T13:34:31.916+0000] {processor.py:183} INFO - Processing /home/airflow/.local/lib/python3.12/site-packages/airflow/example_dags/example_bash_operator.py took 0.480 seconds
[2026-05-01T13:35:02.831+0000] {processor.py:161} INFO - Started process (PID=1221) to work on /home/airflow/.local/lib/python3.12/site-packages/airflow/example_dags/example_bash_operator.py
[2026-05-01T13:35:02.836+0000] {processor.py:830} INFO - Processing file /home/airflow/.local/lib/python3.12/site-packages/airflow/example_dags/example_bash_operator.py for tasks to queue
[2026-05-01T13:35:02.842+0000] {logging_mixin.py:188} INFO - [2026-05-01T13:35:02.841+0000] {dagbag.py:545} INFO - Filling up the DagBag from /home/airflow/.local/lib/python3.12/site-packages/airflow/example_dags/example_bash_operator.py
[2026-05-01T13:35:02.861+0000] {processor.py:840} INFO - DAG(s) 'example_bash_operator' retrieved from /home/airflow/.local/lib/python3.12/site-packages/airflow/example_dags/example_bash_operator.py
[2026-05-01T13:35:02.905+0000] {logging_mixin.py:188} INFO - [2026-05-01T13:35:02.905+0000] {dag.py:3089} INFO - Sync 1 DAGs
[2026-05-01T13:35:02.947+0000] {logging_mixin.py:188} INFO - [2026-05-01T13:35:02.947+0000] {dag.py:3947} INFO - Setting next_dagrun for example_bash_operator to 2026-04-30 00:00:00+00:00, run_after=2026-05-01 00:00:00+00:00
[2026-05-01T13:35:02.981+0000] {processor.py:183} INFO - Processing /home/airflow/.local/lib/python3.12/site-packages/airflow/example_dags/example_bash_operator.py took 0.167 seconds
[2026-05-01T13:35:33.588+0000] {processor.py:161} INFO - Started process (PID=1279) to work on /home/airflow/.local/lib/python3.12/site-packages/airflow/example_dags/example_bash_operator.py
[2026-05-01T13:35:33.590+0000] {processor.py:830} INFO - Processing file /home/airflow/.local/lib/python3.12/site-packages/airflow/example_dags/example_bash_operator.py for tasks to queue
[2026-05-01T13:35:33.598+0000] {logging_mixin.py:188} INFO - [2026-05-01T13:35:33.596+0000] {dagbag.py:545} INFO - Filling up the DagBag from /home/airflow/.local/lib/python3.12/site-packages/airflow/example_dags/example_bash_operator.py
[2026-05-01T13:35:33.644+0000] {processor.py:840} INFO - DAG(s) 'example_bash_operator' retrieved from /home/airflow/.local/lib/python3.12/site-packages/airflow/example_dags/example_bash_operator.py
[2026-05-01T13:35:33.709+0000] {logging_mixin.py:188} INFO - [2026-05-01T13:35:33.709+0000] {dag.py:3089} INFO - Sync 1 DAGs
[2026-05-01T13:35:33.766+0000] {logging_mixin.py:188} INFO - [2026-05-01T13:35:33.766+0000] {dag.py:3947} INFO - Setting next_dagrun for example_bash_operator to 2026-04-30 00:00:00+00:00, run_after=2026-05-01 00:00:00+00:00
[2026-05-01T13:35:33.821+0000] {processor.py:183} INFO - Processing /home/airflow/.local/lib/python3.12/site-packages/airflow/example_dags/example_bash_operator.py took 0.243 seconds
[2026-05-01T13:36:04.648+0000] {processor.py:161} INFO - Started process (PID=1337) to work on /home/airflow/.local/lib/python3.12/site-packages/airflow/example_dags/example_bash_operator.py
[2026-05-01T13:36:04.657+0000] {processor.py:830} INFO - Processing file /home/airflow/.local/lib/python3.12/site-packages/airflow/example_dags/example_bash_operator.py for tasks to queue
[2026-05-01T13:36:04.660+0000] {logging_mixin.py:188} INFO - [2026-05-01T13:36:04.660+0000] {dagbag.py:545} INFO - Filling up the DagBag from /home/airflow/.local/lib/python3.12/site-packages/airflow/example_dags/example_bash_operator.py
[2026-05-01T13:36:04.690+0000] {processor.py:840} INFO - DAG(s) 'example_bash_operator' retrieved from /home/airflow/.local/lib/python3.12/site-packages/airflow/example_dags/example_bash_operator.py
[2026-05-01T13:36:04.727+0000] {logging_mixin.py:188} INFO - [2026-05-01T13:36:04.727+0000] {dag.py:3089} INFO - Sync 1 DAGs
[2026-05-01T13:36:04.761+0000] {logging_mixin.py:188} INFO - [2026-05-01T13:36:04.760+0000] {dag.py:3947} INFO - Setting next_dagrun for example_bash_operator to 2026-04-30 00:00:00+00:00, run_after=2026-05-01 00:00:00+00:00
[2026-05-01T13:36:04.791+0000] {processor.py:183} INFO - Processing /home/airflow/.local/lib/python3.12/site-packages/airflow/example_dags/example_bash_operator.py took 0.161 seconds
[2026-05-01T13:36:35.296+0000] {processor.py:161} INFO - Started process (PID=1395) to work on /home/airflow/.local/lib/python3.12/site-packages/airflow/example_dags/example_bash_operator.py
[2026-05-01T13:36:35.300+0000] {processor.py:830} INFO - Processing file /home/airflow/.local/lib/python3.12/site-packages/airflow/example_dags/example_bash_operator.py for tasks to queue
[2026-05-01T13:36:35.308+0000] {logging_mixin.py:188} INFO - [2026-05-01T13:36:35.306+0000] {dagbag.py:545} INFO - Filling up the DagBag from /home/airflow/.local/lib/python3.12/site-packages/airflow/example_dags/example_bash_operator.py
[2026-05-01T13:36:35.357+0000] {processor.py:840} INFO - DAG(s) 'example_bash_operator' retrieved from /home/airflow/.local/lib/python3.12/site-packages/airflow/example_dags/example_bash_operator.py
[2026-05-01T13:36:35.453+0000] {logging_mixin.py:188} INFO - [2026-05-01T13:36:35.453+0000] {dag.py:3089} INFO - Sync 1 DAGs
[2026-05-01T13:36:35.555+0000] {logging_mixin.py:188} INFO - [2026-05-01T13:36:35.554+0000] {dag.py:3947} INFO - Setting next_dagrun for example_bash_operator to 2026-04-30 00:00:00+00:00, run_after=2026-05-01 00:00:00+00:00
[2026-05-01T13:36:35.608+0000] {processor.py:183} INFO - Processing /home/airflow/.local/lib/python3.12/site-packages/airflow/example_dags/example_bash_operator.py took 0.333 seconds
[2026-05-01T13:37:06.326+0000] {processor.py:161} INFO - Started process (PID=1453) to work on /home/airflow/.local/lib/python3.12/site-packages/airflow/example_dags/example_bash_operator.py
[2026-05-01T13:37:06.335+0000] {processor.py:830} INFO - Processing file /home/airflow/.local/lib/python3.12/site-packages/airflow/example_dags/example_bash_operator.py for tasks to queue
[2026-05-01T13:37:06.339+0000] {logging_mixin.py:188} INFO - [2026-05-01T13:37:06.339+0000] {dagbag.py:545} INFO - Filling up the DagBag from /home/airflow/.local/lib/python3.12/site-packages/airflow/example_dags/example_bash_operator.py
[2026-05-01T13:37:06.365+0000] {processor.py:840} INFO - DAG(s) 'example_bash_operator' retrieved from /home/airflow/.local/lib/python3.12/site-packages/airflow/example_dags/example_bash_operator.py
[2026-05-01T13:37:06.415+0000] {logging_mixin.py:188} INFO - [2026-05-01T13:37:06.414+0000] {dag.py:3089} INFO - Sync 1 DAGs
[2026-05-01T13:37:06.474+0000] {logging_mixin.py:188} INFO - [2026-05-01T13:37:06.473+0000] {dag.py:3947} INFO - Setting next_dagrun for example_bash_operator to 2026-04-30 00:00:00+00:00, run_after=2026-05-01 00:00:00+00:00
[2026-05-01T13:37:06.503+0000] {processor.py:183} INFO - Processing /home/airflow/.local/lib/python3.12/site-packages/airflow/example_dags/example_bash_operator.py took 0.209 seconds
[2026-05-01T13:37:36.902+0000] {processor.py:161} INFO - Started process (PID=1510) to work on /home/airflow/.local/lib/python3.12/site-packages/airflow/example_dags/example_bash_operator.py
[2026-05-01T13:37:36.905+0000] {processor.py:830} INFO - Processing file /home/airflow/.local/lib/python3.12/site-packages/airflow/example_dags/example_bash_operator.py for tasks to queue
[2026-05-01T13:37:36.913+0000] {logging_mixin.py:188} INFO - [2026-05-01T13:37:36.912+0000] {dagbag.py:545} INFO - Filling up the DagBag from /home/airflow/.local/lib/python3.12/site-packages/airflow/example_dags/example_bash_operator.py
[2026-05-01T13:37:36.954+0000] {processor.py:840} INFO - DAG(s) 'example_bash_operator' retrieved from /home/airflow/.local/lib/python3.12/site-packages/airflow/example_dags/example_bash_operator.py
[2026-05-01T13:37:37.004+0000] {logging_mixin.py:188} INFO - [2026-05-01T13:37:37.003+0000] {dag.py:3089} INFO - Sync 1 DAGs
[2026-05-01T13:37:37.039+0000] {logging_mixin.py:188} INFO - [2026-05-01T13:37:37.039+0000] {dag.py:3947} INFO - Setting next_dagrun for example_bash_operator to 2026-04-30 00:00:00+00:00, run_after=2026-05-01 00:00:00+00:00
[2026-05-01T13:37:37.062+0000] {processor.py:183} INFO - Processing /home/airflow/.local/lib/python3.12/site-packages/airflow/example_dags/example_bash_operator.py took 0.177 seconds
[2026-05-01T13:38:07.410+0000] {processor.py:161} INFO - Started process (PID=1567) to work on /home/airflow/.local/lib/python3.12/site-packages/airflow/example_dags/example_bash_operator.py
[2026-05-01T13:38:07.414+0000] {processor.py:830} INFO - Processing file /home/airflow/.local/lib/python3.12/site-packages/airflow/example_dags/example_bash_operator.py for tasks to queue
[2026-05-01T13:38:07.425+0000] {logging_mixin.py:188} INFO - [2026-05-01T13:38:07.422+0000] {dagbag.py:545} INFO - Filling up the DagBag from /home/airflow/.local/lib/python3.12/site-packages/airflow/example_dags/example_bash_operator.py
[2026-05-01T13:38:07.457+0000] {processor.py:840} INFO - DAG(s) 'example_bash_operator' retrieved from /home/airflow/.local/lib/python3.12/site-packages/airflow/example_dags/example_bash_operator.py
[2026-05-01T13:38:07.506+0000] {logging_mixin.py:188} INFO - [2026-05-01T13:38:07.506+0000] {dag.py:3089} INFO - Sync 1 DAGs
[2026-05-01T13:38:07.545+0000] {logging_mixin.py:188} INFO - [2026-05-01T13:38:07.545+0000] {dag.py:3947} INFO - Setting next_dagrun for example_bash_operator to 2026-04-30 00:00:00+00:00, run_after=2026-05-01 00:00:00+00:00
[2026-05-01T13:38:07.570+0000] {processor.py:183} INFO - Processing /home/airflow/.local/lib/python3.12/site-packages/airflow/example_dags/example_bash_operator.py took 0.190 seconds
[2026-05-01T13:38:38.437+0000] {processor.py:161} INFO - Started process (PID=1625) to work on /home/airflow/.local/lib/python3.12/site-packages/airflow/example_dags/example_bash_operator.py
[2026-05-01T13:38:38.440+0000] {processor.py:830} INFO - Processing file /home/airflow/.local/lib/python3.12/site-packages/airflow/example_dags/example_bash_operator.py for tasks to queue
[2026-05-01T13:38:38.453+0000] {logging_mixin.py:188} INFO - [2026-05-01T13:38:38.449+0000] {dagbag.py:545} INFO - Filling up the DagBag from /home/airflow/.local/lib/python3.12/site-packages/airflow/example_dags/example_bash_operator.py
[2026-05-01T13:38:38.482+0000] {processor.py:840} INFO - DAG(s) 'example_bash_operator' retrieved from /home/airflow/.local/lib/python3.12/site-packages/airflow/example_dags/example_bash_operator.py
[2026-05-01T13:38:38.545+0000] {logging_mixin.py:188} INFO - [2026-05-01T13:38:38.545+0000] {dag.py:3089} INFO - Sync 1 DAGs
[2026-05-01T13:38:38.595+0000] {logging_mixin.py:188} INFO - [2026-05-01T13:38:38.594+0000] {dag.py:3947} INFO - Setting next_dagrun for example_bash_operator to 2026-04-30 00:00:00+00:00, run_after=2026-05-01 00:00:00+00:00
[2026-05-01T13:38:38.825+0000] {processor.py:183} INFO - Processing /home/airflow/.local/lib/python3.12/site-packages/airflow/example_dags/example_bash_operator.py took 0.423 seconds
[2026-05-01T13:39:09.233+0000] {processor.py:161} INFO - Started process (PID=1683) to work on /home/airflow/.local/lib/python3.12/site-packages/airflow/example_dags/example_bash_operator.py
[2026-05-01T13:39:09.239+0000] {processor.py:830} INFO - Processing file /home/airflow/.local/lib/python3.12/site-packages/airflow/example_dags/example_bash_operator.py for tasks to queue
[2026-05-01T13:39:09.251+0000] {logging_mixin.py:188} INFO - [2026-05-01T13:39:09.244+0000] {dagbag.py:545} INFO - Filling up the DagBag from /home/airflow/.local/lib/python3.12/site-packages/airflow/example_dags/example_bash_operator.py
[2026-05-01T13:39:09.295+0000] {processor.py:840} INFO - DAG(s) 'example_bash_operator' retrieved from /home/airflow/.local/lib/python3.12/site-packages/airflow/example_dags/example_bash_operator.py
[2026-05-01T13:39:09.337+0000] {logging_mixin.py:188} INFO - [2026-05-01T13:39:09.336+0000] {dag.py:3089} INFO - Sync 1 DAGs
[2026-05-01T13:39:09.376+0000] {logging_mixin.py:188} INFO - [2026-05-01T13:39:09.376+0000] {dag.py:3947} INFO - Setting next_dagrun for example_bash_operator to 2026-04-30 00:00:00+00:00, run_after=2026-05-01 00:00:00+00:00
[2026-05-01T13:39:09.417+0000] {processor.py:183} INFO - Processing /home/airflow/.local/lib/python3.12/site-packages/airflow/example_dags/example_bash_operator.py took 0.202 seconds
[2026-05-01T13:39:40.204+0000] {processor.py:161} INFO - Started process (PID=1741) to work on /home/airflow/.local/lib/python3.12/site-packages/airflow/example_dags/example_bash_operator.py
[2026-05-01T13:39:40.206+0000] {processor.py:830} INFO - Processing file /home/airflow/.local/lib/python3.12/site-packages/airflow/example_dags/example_bash_operator.py for tasks to queue
[2026-05-01T13:39:40.213+0000] {logging_mixin.py:188} INFO - [2026-05-01T13:39:40.212+0000] {dagbag.py:545} INFO - Filling up the DagBag from /home/airflow/.local/lib/python3.12/site-packages/airflow/example_dags/example_bash_operator.py
[2026-05-01T13:39:40.233+0000] {processor.py:840} INFO - DAG(s) 'example_bash_operator' retrieved from /home/airflow/.local/lib/python3.12/site-packages/airflow/example_dags/example_bash_operator.py
[2026-05-01T13:39:40.281+0000] {logging_mixin.py:188} INFO - [2026-05-01T13:39:40.281+0000] {dag.py:3089} INFO - Sync 1 DAGs
[2026-05-01T13:39:40.317+0000] {logging_mixin.py:188} INFO - [2026-05-01T13:39:40.317+0000] {dag.py:3947} INFO - Setting next_dagrun for example_bash_operator to 2026-04-30 00:00:00+00:00, run_after=2026-05-01 00:00:00+00:00
[2026-05-01T13:39:40.376+0000] {processor.py:183} INFO - Processing /home/airflow/.local/lib/python3.12/site-packages/airflow/example_dags/example_bash_operator.py took 0.190 seconds
[2026-05-01T13:40:11.454+0000] {processor.py:161} INFO - Started process (PID=1799) to work on /home/airflow/.local/lib/python3.12/site-packages/airflow/example_dags/example_bash_operator.py
[2026-05-01T13:40:11.474+0000] {processor.py:830} INFO - Processing file /home/airflow/.local/lib/python3.12/site-packages/airflow/example_dags/example_bash_operator.py for tasks to queue
[2026-05-01T13:40:11.493+0000] {logging_mixin.py:188} INFO - [2026-05-01T13:40:11.492+0000] {dagbag.py:545} INFO - Filling up the DagBag from /home/airflow/.local/lib/python3.12/site-packages/airflow/example_dags/example_bash_operator.py
[2026-05-01T13:40:11.601+0000] {processor.py:840} INFO - DAG(s) 'example_bash_operator' retrieved from /home/airflow/.local/lib/python3.12/site-packages/airflow/example_dags/example_bash_operator.py
[2026-05-01T13:40:11.829+0000] {logging_mixin.py:188} INFO - [2026-05-01T13:40:11.828+0000] {dag.py:3089} INFO - Sync 1 DAGs
[2026-05-01T13:40:11.905+0000] {logging_mixin.py:188} INFO - [2026-05-01T13:40:11.904+0000] {dag.py:3947} INFO - Setting next_dagrun for example_bash_operator to 2026-04-30 00:00:00+00:00, run_after=2026-05-01 00:00:00+00:00
[2026-05-01T13:40:12.039+0000] {processor.py:183} INFO - Processing /home/airflow/.local/lib/python3.12/site-packages/airflow/example_dags/example_bash_operator.py took 0.644 seconds
[2026-05-01T13:42:21.891+0000] {processor.py:161} INFO - Started process (PID=48) to work on /home/airflow/.local/lib/python3.12/site-packages/airflow/example_dags/example_bash_operator.py
[2026-05-01T13:42:21.901+0000] {processor.py:830} INFO - Processing file /home/airflow/.local/lib/python3.12/site-packages/airflow/example_dags/example_bash_operator.py for tasks to queue
[2026-05-01T13:42:21.919+0000] {logging_mixin.py:188} INFO - [2026-05-01T13:42:21.917+0000] {dagbag.py:545} INFO - Filling up the DagBag from /home/airflow/.local/lib/python3.12/site-packages/airflow/example_dags/example_bash_operator.py
[2026-05-01T13:42:21.992+0000] {processor.py:840} INFO - DAG(s) 'example_bash_operator' retrieved from /home/airflow/.local/lib/python3.12/site-packages/airflow/example_dags/example_bash_operator.py
[2026-05-01T13:42:22.952+0000] {logging_mixin.py:188} INFO - [2026-05-01T13:42:22.952+0000] {dag.py:3089} INFO - Sync 1 DAGs
[2026-05-01T13:42:23.043+0000] {logging_mixin.py:188} INFO - [2026-05-01T13:42:23.043+0000] {dag.py:3947} INFO - Setting next_dagrun for example_bash_operator to 2026-04-30 00:00:00+00:00, run_after=2026-05-01 00:00:00+00:00
[2026-05-01T13:42:28.850+0000] {processor.py:183} INFO - Processing /home/airflow/.local/lib/python3.12/site-packages/airflow/example_dags/example_bash_operator.py took 6.981 seconds
[2026-05-01T13:42:59.068+0000] {processor.py:161} INFO - Started process (PID=106) to work on /home/airflow/.local/lib/python3.12/site-packages/airflow/example_dags/example_bash_operator.py
[2026-05-01T13:42:59.072+0000] {processor.py:830} INFO - Processing file /home/airflow/.local/lib/python3.12/site-packages/airflow/example_dags/example_bash_operator.py for tasks to queue
[2026-05-01T13:42:59.079+0000] {logging_mixin.py:188} INFO - [2026-05-01T13:42:59.078+0000] {dagbag.py:545} INFO - Filling up the DagBag from /home/airflow/.local/lib/python3.12/site-packages/airflow/example_dags/example_bash_operator.py
[2026-05-01T13:42:59.097+0000] {processor.py:840} INFO - DAG(s) 'example_bash_operator' retrieved from /home/airflow/.local/lib/python3.12/site-packages/airflow/example_dags/example_bash_operator.py
[2026-05-01T13:42:59.135+0000] {logging_mixin.py:188} INFO - [2026-05-01T13:42:59.134+0000] {dag.py:3089} INFO - Sync 1 DAGs
[2026-05-01T13:42:59.171+0000] {logging_mixin.py:188} INFO - [2026-05-01T13:42:59.171+0000] {dag.py:3947} INFO - Setting next_dagrun for example_bash_operator to 2026-04-30 00:00:00+00:00, run_after=2026-05-01 00:00:00+00:00
[2026-05-01T13:42:59.197+0000] {processor.py:183} INFO - Processing /home/airflow/.local/lib/python3.12/site-packages/airflow/example_dags/example_bash_operator.py took 0.143 seconds
[2026-05-01T13:43:32.280+0000] {processor.py:161} INFO - Started process (PID=164) to work on /home/airflow/.local/lib/python3.12/site-packages/airflow/example_dags/example_bash_operator.py
[2026-05-01T13:43:32.286+0000] {processor.py:830} INFO - Processing file /home/airflow/.local/lib/python3.12/site-packages/airflow/example_dags/example_bash_operator.py for tasks to queue
[2026-05-01T13:43:32.290+0000] {logging_mixin.py:188} INFO - [2026-05-01T13:43:32.289+0000] {dagbag.py:545} INFO - Filling up the DagBag from /home/airflow/.local/lib/python3.12/site-packages/airflow/example_dags/example_bash_operator.py
[2026-05-01T13:43:32.313+0000] {processor.py:840} INFO - DAG(s) 'example_bash_operator' retrieved from /home/airflow/.local/lib/python3.12/site-packages/airflow/example_dags/example_bash_operator.py
[2026-05-01T13:43:32.358+0000] {logging_mixin.py:188} INFO - [2026-05-01T13:43:32.358+0000] {dag.py:3089} INFO - Sync 1 DAGs
[2026-05-01T13:43:32.405+0000] {logging_mixin.py:188} INFO - [2026-05-01T13:43:32.404+0000] {dag.py:3947} INFO - Setting next_dagrun for example_bash_operator to 2026-04-30 00:00:00+00:00, run_after=2026-05-01 00:00:00+00:00
[2026-05-01T13:43:32.438+0000] {processor.py:183} INFO - Processing /home/airflow/.local/lib/python3.12/site-packages/airflow/example_dags/example_bash_operator.py took 0.171 seconds
[2026-05-01T13:44:02.968+0000] {processor.py:161} INFO - Started process (PID=218) to work on /home/airflow/.local/lib/python3.12/site-packages/airflow/example_dags/example_bash_operator.py
[2026-05-01T13:44:02.971+0000] {processor.py:830} INFO - Processing file /home/airflow/.local/lib/python3.12/site-packages/airflow/example_dags/example_bash_operator.py for tasks to queue
[2026-05-01T13:44:02.977+0000] {logging_mixin.py:188} INFO - [2026-05-01T13:44:02.977+0000] {dagbag.py:545} INFO - Filling up the DagBag from /home/airflow/.local/lib/python3.12/site-packages/airflow/example_dags/example_bash_operator.py
[2026-05-01T13:44:02.996+0000] {processor.py:840} INFO - DAG(s) 'example_bash_operator' retrieved from /home/airflow/.local/lib/python3.12/site-packages/airflow/example_dags/example_bash_operator.py
[2026-05-01T13:44:03.057+0000] {logging_mixin.py:188} INFO - [2026-05-01T13:44:03.056+0000] {dag.py:3089} INFO - Sync 1 DAGs
[2026-05-01T13:44:03.089+0000] {logging_mixin.py:188} INFO - [2026-05-01T13:44:03.089+0000] {dag.py:3947} INFO - Setting next_dagrun for example_bash_operator to 2026-04-30 00:00:00+00:00, run_after=2026-05-01 00:00:00+00:00
[2026-05-01T13:44:03.119+0000] {processor.py:183} INFO - Processing /home/airflow/.local/lib/python3.12/site-packages/airflow/example_dags/example_bash_operator.py took 0.172 seconds
[2026-05-01T13:44:33.770+0000] {processor.py:161} INFO - Started process (PID=275) to work on /home/airflow/.local/lib/python3.12/site-packages/airflow/example_dags/example_bash_operator.py
[2026-05-01T13:44:33.773+0000] {processor.py:830} INFO - Processing file /home/airflow/.local/lib/python3.12/site-packages/airflow/example_dags/example_bash_operator.py for tasks to queue
[2026-05-01T13:44:33.779+0000] {logging_mixin.py:188} INFO - [2026-05-01T13:44:33.778+0000] {dagbag.py:545} INFO - Filling up the DagBag from /home/airflow/.local/lib/python3.12/site-packages/airflow/example_dags/example_bash_operator.py
[2026-05-01T13:44:33.803+0000] {processor.py:840} INFO - DAG(s) 'example_bash_operator' retrieved from /home/airflow/.local/lib/python3.12/site-packages/airflow/example_dags/example_bash_operator.py
[2026-05-01T13:44:33.870+0000] {logging_mixin.py:188} INFO - [2026-05-01T13:44:33.869+0000] {dag.py:3089} INFO - Sync 1 DAGs
[2026-05-01T13:44:33.943+0000] {logging_mixin.py:188} INFO - [2026-05-01T13:44:33.942+0000] {dag.py:3947} INFO - Setting next_dagrun for example_bash_operator to 2026-04-30 00:00:00+00:00, run_after=2026-05-01 00:00:00+00:00
[2026-05-01T13:44:33.982+0000] {processor.py:183} INFO - Processing /home/airflow/.local/lib/python3.12/site-packages/airflow/example_dags/example_bash_operator.py took 0.229 seconds
[2026-05-01T13:45:07.298+0000] {processor.py:161} INFO - Started process (PID=333) to work on /home/airflow/.local/lib/python3.12/site-packages/airflow/example_dags/example_bash_operator.py
[2026-05-01T13:45:07.307+0000] {processor.py:830} INFO - Processing file /home/airflow/.local/lib/python3.12/site-packages/airflow/example_dags/example_bash_operator.py for tasks to queue
[2026-05-01T13:45:07.329+0000] {logging_mixin.py:188} INFO - [2026-05-01T13:45:07.325+0000] {dagbag.py:545} INFO - Filling up the DagBag from /home/airflow/.local/lib/python3.12/site-packages/airflow/example_dags/example_bash_operator.py
[2026-05-01T13:45:07.512+0000] {processor.py:840} INFO - DAG(s) 'example_bash_operator' retrieved from /home/airflow/.local/lib/python3.12/site-packages/airflow/example_dags/example_bash_operator.py
[2026-05-01T13:45:07.760+0000] {logging_mixin.py:188} INFO - [2026-05-01T13:45:07.753+0000] {dag.py:3089} INFO - Sync 1 DAGs
[2026-05-01T13:45:08.002+0000] {logging_mixin.py:188} INFO - [2026-05-01T13:45:07.993+0000] {dag.py:3947} INFO - Setting next_dagrun for example_bash_operator to 2026-04-30 00:00:00+00:00, run_after=2026-05-01 00:00:00+00:00
[2026-05-01T13:45:08.169+0000] {processor.py:183} INFO - Processing /home/airflow/.local/lib/python3.12/site-packages/airflow/example_dags/example_bash_operator.py took 0.915 seconds
[2026-05-01T13:45:38.419+0000] {processor.py:161} INFO - Started process (PID=391) to work on /home/airflow/.local/lib/python3.12/site-packages/airflow/example_dags/example_bash_operator.py
[2026-05-01T13:45:38.424+0000] {processor.py:830} INFO - Processing file /home/airflow/.local/lib/python3.12/site-packages/airflow/example_dags/example_bash_operator.py for tasks to queue
[2026-05-01T13:45:38.429+0000] {logging_mixin.py:188} INFO - [2026-05-01T13:45:38.428+0000] {dagbag.py:545} INFO - Filling up the DagBag from /home/airflow/.local/lib/python3.12/site-packages/airflow/example_dags/example_bash_operator.py
[2026-05-01T13:45:38.520+0000] {processor.py:840} INFO - DAG(s) 'example_bash_operator' retrieved from /home/airflow/.local/lib/python3.12/site-packages/airflow/example_dags/example_bash_operator.py
[2026-05-01T13:45:38.989+0000] {logging_mixin.py:188} INFO - [2026-05-01T13:45:38.989+0000] {dag.py:3089} INFO - Sync 1 DAGs
[2026-05-01T13:45:39.064+0000] {logging_mixin.py:188} INFO - [2026-05-01T13:45:39.063+0000] {dag.py:3947} INFO - Setting next_dagrun for example_bash_operator to 2026-04-30 00:00:00+00:00, run_after=2026-05-01 00:00:00+00:00
[2026-05-01T13:45:39.166+0000] {processor.py:183} INFO - Processing /home/airflow/.local/lib/python3.12/site-packages/airflow/example_dags/example_bash_operator.py took 0.765 seconds
[2026-05-01T13:46:09.270+0000] {processor.py:161} INFO - Started process (PID=448) to work on /home/airflow/.local/lib/python3.12/site-packages/airflow/example_dags/example_bash_operator.py
[2026-05-01T13:46:09.278+0000] {processor.py:830} INFO - Processing file /home/airflow/.local/lib/python3.12/site-packages/airflow/example_dags/example_bash_operator.py for tasks to queue
[2026-05-01T13:46:09.288+0000] {logging_mixin.py:188} INFO - [2026-05-01T13:46:09.287+0000] {dagbag.py:545} INFO - Filling up the DagBag from /home/airflow/.local/lib/python3.12/site-packages/airflow/example_dags/example_bash_operator.py
[2026-05-01T13:46:09.324+0000] {processor.py:840} INFO - DAG(s) 'example_bash_operator' retrieved from /home/airflow/.local/lib/python3.12/site-packages/airflow/example_dags/example_bash_operator.py
[2026-05-01T13:46:09.378+0000] {logging_mixin.py:188} INFO - [2026-05-01T13:46:09.377+0000] {dag.py:3089} INFO - Sync 1 DAGs
[2026-05-01T13:46:09.424+0000] {logging_mixin.py:188} INFO - [2026-05-01T13:46:09.424+0000] {dag.py:3947} INFO - Setting next_dagrun for example_bash_operator to 2026-04-30 00:00:00+00:00, run_after=2026-05-01 00:00:00+00:00
[2026-05-01T13:46:09.453+0000] {processor.py:183} INFO - Processing /home/airflow/.local/lib/python3.12/site-packages/airflow/example_dags/example_bash_operator.py took 0.204 seconds
[2026-05-01T13:46:39.818+0000] {processor.py:161} INFO - Started process (PID=506) to work on /home/airflow/.local/lib/python3.12/site-packages/airflow/example_dags/example_bash_operator.py
[2026-05-01T13:46:39.822+0000] {processor.py:830} INFO - Processing file /home/airflow/.local/lib/python3.12/site-packages/airflow/example_dags/example_bash_operator.py for tasks to queue
[2026-05-01T13:46:39.826+0000] {logging_mixin.py:188} INFO - [2026-05-01T13:46:39.826+0000] {dagbag.py:545} INFO - Filling up the DagBag from /home/airflow/.local/lib/python3.12/site-packages/airflow/example_dags/example_bash_operator.py
[2026-05-01T13:46:39.848+0000] {processor.py:840} INFO - DAG(s) 'example_bash_operator' retrieved from /home/airflow/.local/lib/python3.12/site-packages/airflow/example_dags/example_bash_operator.py
[2026-05-01T13:46:39.907+0000] {logging_mixin.py:188} INFO - [2026-05-01T13:46:39.907+0000] {dag.py:3089} INFO - Sync 1 DAGs
[2026-05-01T13:46:39.945+0000] {logging_mixin.py:188} INFO - [2026-05-01T13:46:39.945+0000] {dag.py:3947} INFO - Setting next_dagrun for example_bash_operator to 2026-04-30 00:00:00+00:00, run_after=2026-05-01 00:00:00+00:00
[2026-05-01T13:46:39.980+0000] {processor.py:183} INFO - Processing /home/airflow/.local/lib/python3.12/site-packages/airflow/example_dags/example_bash_operator.py took 0.176 seconds
[2026-05-01T13:47:10.875+0000] {processor.py:161} INFO - Started process (PID=564) to work on /home/airflow/.local/lib/python3.12/site-packages/airflow/example_dags/example_bash_operator.py
[2026-05-01T13:47:10.878+0000] {processor.py:830} INFO - Processing file /home/airflow/.local/lib/python3.12/site-packages/airflow/example_dags/example_bash_operator.py for tasks to queue
[2026-05-01T13:47:10.883+0000] {logging_mixin.py:188} INFO - [2026-05-01T13:47:10.882+0000] {dagbag.py:545} INFO - Filling up the DagBag from /home/airflow/.local/lib/python3.12/site-packages/airflow/example_dags/example_bash_operator.py
[2026-05-01T13:47:10.923+0000] {processor.py:840} INFO - DAG(s) 'example_bash_operator' retrieved from /home/airflow/.local/lib/python3.12/site-packages/airflow/example_dags/example_bash_operator.py
[2026-05-01T13:47:10.996+0000] {logging_mixin.py:188} INFO - [2026-05-01T13:47:10.996+0000] {dag.py:3089} INFO - Sync 1 DAGs
[2026-05-01T13:47:11.043+0000] {logging_mixin.py:188} INFO - [2026-05-01T13:47:11.043+0000] {dag.py:3947} INFO - Setting next_dagrun for example_bash_operator to 2026-04-30 00:00:00+00:00, run_after=2026-05-01 00:00:00+00:00
[2026-05-01T13:47:11.078+0000] {processor.py:183} INFO - Processing /home/airflow/.local/lib/python3.12/site-packages/airflow/example_dags/example_bash_operator.py took 0.226 seconds
[2026-05-01T13:47:41.643+0000] {processor.py:161} INFO - Started process (PID=622) to work on /home/airflow/.local/lib/python3.12/site-packages/airflow/example_dags/example_bash_operator.py
[2026-05-01T13:47:41.647+0000] {processor.py:830} INFO - Processing file /home/airflow/.local/lib/python3.12/site-packages/airflow/example_dags/example_bash_operator.py for tasks to queue
[2026-05-01T13:47:41.661+0000] {logging_mixin.py:188} INFO - [2026-05-01T13:47:41.660+0000] {dagbag.py:545} INFO - Filling up the DagBag from /home/airflow/.local/lib/python3.12/site-packages/airflow/example_dags/example_bash_operator.py
[2026-05-01T13:47:41.684+0000] {processor.py:840} INFO - DAG(s) 'example_bash_operator' retrieved from /home/airflow/.local/lib/python3.12/site-packages/airflow/example_dags/example_bash_operator.py
[2026-05-01T13:47:41.737+0000] {logging_mixin.py:188} INFO - [2026-05-01T13:47:41.737+0000] {dag.py:3089} INFO - Sync 1 DAGs
[2026-05-01T13:47:41.778+0000] {logging_mixin.py:188} INFO - [2026-05-01T13:47:41.778+0000] {dag.py:3947} INFO - Setting next_dagrun for example_bash_operator to 2026-04-30 00:00:00+00:00, run_after=2026-05-01 00:00:00+00:00
[2026-05-01T13:47:41.815+0000] {processor.py:183} INFO - Processing /home/airflow/.local/lib/python3.12/site-packages/airflow/example_dags/example_bash_operator.py took 0.189 seconds
[2026-05-01T13:48:12.278+0000] {processor.py:161} INFO - Started process (PID=679) to work on /home/airflow/.local/lib/python3.12/site-packages/airflow/example_dags/example_bash_operator.py
[2026-05-01T13:48:12.284+0000] {processor.py:830} INFO - Processing file /home/airflow/.local/lib/python3.12/site-packages/airflow/example_dags/example_bash_operator.py for tasks to queue
[2026-05-01T13:48:12.290+0000] {logging_mixin.py:188} INFO - [2026-05-01T13:48:12.288+0000] {dagbag.py:545} INFO - Filling up the DagBag from /home/airflow/.local/lib/python3.12/site-packages/airflow/example_dags/example_bash_operator.py
[2026-05-01T13:48:12.309+0000] {processor.py:840} INFO - DAG(s) 'example_bash_operator' retrieved from /home/airflow/.local/lib/python3.12/site-packages/airflow/example_dags/example_bash_operator.py
[2026-05-01T13:48:12.347+0000] {logging_mixin.py:188} INFO - [2026-05-01T13:48:12.347+0000] {dag.py:3089} INFO - Sync 1 DAGs
[2026-05-01T13:48:12.382+0000] {logging_mixin.py:188} INFO - [2026-05-01T13:48:12.381+0000] {dag.py:3947} INFO - Setting next_dagrun for example_bash_operator to 2026-04-30 00:00:00+00:00, run_after=2026-05-01 00:00:00+00:00
[2026-05-01T13:48:12.428+0000] {processor.py:183} INFO - Processing /home/airflow/.local/lib/python3.12/site-packages/airflow/example_dags/example_bash_operator.py took 0.169 seconds
[2026-05-01T13:48:42.799+0000] {processor.py:161} INFO - Started process (PID=736) to work on /home/airflow/.local/lib/python3.12/site-packages/airflow/example_dags/example_bash_operator.py
[2026-05-01T13:48:42.802+0000] {processor.py:830} INFO - Processing file /home/airflow/.local/lib/python3.12/site-packages/airflow/example_dags/example_bash_operator.py for tasks to queue
[2026-05-01T13:48:42.813+0000] {logging_mixin.py:188} INFO - [2026-05-01T13:48:42.811+0000] {dagbag.py:545} INFO - Filling up the DagBag from /home/airflow/.local/lib/python3.12/site-packages/airflow/example_dags/example_bash_operator.py
[2026-05-01T13:48:42.849+0000] {processor.py:840} INFO - DAG(s) 'example_bash_operator' retrieved from /home/airflow/.local/lib/python3.12/site-packages/airflow/example_dags/example_bash_operator.py
[2026-05-01T13:48:42.928+0000] {logging_mixin.py:188} INFO - [2026-05-01T13:48:42.928+0000] {dag.py:3089} INFO - Sync 1 DAGs
[2026-05-01T13:48:42.979+0000] {logging_mixin.py:188} INFO - [2026-05-01T13:48:42.979+0000] {dag.py:3947} INFO - Setting next_dagrun for example_bash_operator to 2026-04-30 00:00:00+00:00, run_after=2026-05-01 00:00:00+00:00
[2026-05-01T13:48:43.047+0000] {processor.py:183} INFO - Processing /home/airflow/.local/lib/python3.12/site-packages/airflow/example_dags/example_bash_operator.py took 0.277 seconds
[2026-05-01T13:49:13.214+0000] {processor.py:161} INFO - Started process (PID=794) to work on /home/airflow/.local/lib/python3.12/site-packages/airflow/example_dags/example_bash_operator.py
[2026-05-01T13:49:13.220+0000] {processor.py:830} INFO - Processing file /home/airflow/.local/lib/python3.12/site-packages/airflow/example_dags/example_bash_operator.py for tasks to queue
[2026-05-01T13:49:13.227+0000] {logging_mixin.py:188} INFO - [2026-05-01T13:49:13.226+0000] {dagbag.py:545} INFO - Filling up the DagBag from /home/airflow/.local/lib/python3.12/site-packages/airflow/example_dags/example_bash_operator.py
[2026-05-01T13:49:13.283+0000] {processor.py:840} INFO - DAG(s) 'example_bash_operator' retrieved from /home/airflow/.local/lib/python3.12/site-packages/airflow/example_dags/example_bash_operator.py
[2026-05-01T13:49:13.450+0000] {logging_mixin.py:188} INFO - [2026-05-01T13:49:13.450+0000] {dag.py:3089} INFO - Sync 1 DAGs
[2026-05-01T13:49:13.549+0000] {logging_mixin.py:188} INFO - [2026-05-01T13:49:13.548+0000] {dag.py:3947} INFO - Setting next_dagrun for example_bash_operator to 2026-04-30 00:00:00+00:00, run_after=2026-05-01 00:00:00+00:00
[2026-05-01T13:49:13.594+0000] {processor.py:183} INFO - Processing /home/airflow/.local/lib/python3.12/site-packages/airflow/example_dags/example_bash_operator.py took 0.435 seconds
[2026-05-01T13:49:43.964+0000] {processor.py:161} INFO - Started process (PID=852) to work on /home/airflow/.local/lib/python3.12/site-packages/airflow/example_dags/example_bash_operator.py
[2026-05-01T13:49:43.968+0000] {processor.py:830} INFO - Processing file /home/airflow/.local/lib/python3.12/site-packages/airflow/example_dags/example_bash_operator.py for tasks to queue
[2026-05-01T13:49:43.974+0000] {logging_mixin.py:188} INFO - [2026-05-01T13:49:43.973+0000] {dagbag.py:545} INFO - Filling up the DagBag from /home/airflow/.local/lib/python3.12/site-packages/airflow/example_dags/example_bash_operator.py
[2026-05-01T13:49:43.996+0000] {processor.py:840} INFO - DAG(s) 'example_bash_operator' retrieved from /home/airflow/.local/lib/python3.12/site-packages/airflow/example_dags/example_bash_operator.py
[2026-05-01T13:49:44.060+0000] {logging_mixin.py:188} INFO - [2026-05-01T13:49:44.060+0000] {dag.py:3089} INFO - Sync 1 DAGs
[2026-05-01T13:49:44.104+0000] {logging_mixin.py:188} INFO - [2026-05-01T13:49:44.102+0000] {dag.py:3947} INFO - Setting next_dagrun for example_bash_operator to 2026-04-30 00:00:00+00:00, run_after=2026-05-01 00:00:00+00:00
[2026-05-01T13:49:44.134+0000] {processor.py:183} INFO - Processing /home/airflow/.local/lib/python3.12/site-packages/airflow/example_dags/example_bash_operator.py took 0.190 seconds
[2026-05-01T13:50:14.323+0000] {processor.py:161} INFO - Started process (PID=909) to work on /home/airflow/.local/lib/python3.12/site-packages/airflow/example_dags/example_bash_operator.py
[2026-05-01T13:50:14.328+0000] {processor.py:830} INFO - Processing file /home/airflow/.local/lib/python3.12/site-packages/airflow/example_dags/example_bash_operator.py for tasks to queue
[2026-05-01T13:50:14.335+0000] {logging_mixin.py:188} INFO - [2026-05-01T13:50:14.334+0000] {dagbag.py:545} INFO - Filling up the DagBag from /home/airflow/.local/lib/python3.12/site-packages/airflow/example_dags/example_bash_operator.py
[2026-05-01T13:50:14.383+0000] {processor.py:840} INFO - DAG(s) 'example_bash_operator' retrieved from /home/airflow/.local/lib/python3.12/site-packages/airflow/example_dags/example_bash_operator.py
[2026-05-01T13:50:14.461+0000] {logging_mixin.py:188} INFO - [2026-05-01T13:50:14.460+0000] {dag.py:3089} INFO - Sync 1 DAGs
[2026-05-01T13:50:14.600+0000] {logging_mixin.py:188} INFO - [2026-05-01T13:50:14.599+0000] {dag.py:3947} INFO - Setting next_dagrun for example_bash_operator to 2026-04-30 00:00:00+00:00, run_after=2026-05-01 00:00:00+00:00
[2026-05-01T13:50:14.663+0000] {processor.py:183} INFO - Processing /home/airflow/.local/lib/python3.12/site-packages/airflow/example_dags/example_bash_operator.py took 0.366 seconds
[2026-05-01T13:50:45.525+0000] {processor.py:161} INFO - Started process (PID=966) to work on /home/airflow/.local/lib/python3.12/site-packages/airflow/example_dags/example_bash_operator.py
[2026-05-01T13:50:45.530+0000] {processor.py:830} INFO - Processing file /home/airflow/.local/lib/python3.12/site-packages/airflow/example_dags/example_bash_operator.py for tasks to queue
[2026-05-01T13:50:45.537+0000] {logging_mixin.py:188} INFO - [2026-05-01T13:50:45.536+0000] {dagbag.py:545} INFO - Filling up the DagBag from /home/airflow/.local/lib/python3.12/site-packages/airflow/example_dags/example_bash_operator.py
[2026-05-01T13:50:45.560+0000] {processor.py:840} INFO - DAG(s) 'example_bash_operator' retrieved from /home/airflow/.local/lib/python3.12/site-packages/airflow/example_dags/example_bash_operator.py
[2026-05-01T13:50:45.662+0000] {logging_mixin.py:188} INFO - [2026-05-01T13:50:45.661+0000] {dag.py:3089} INFO - Sync 1 DAGs
[2026-05-01T13:50:45.877+0000] {logging_mixin.py:188} INFO - [2026-05-01T13:50:45.877+0000] {dag.py:3947} INFO - Setting next_dagrun for example_bash_operator to 2026-04-30 00:00:00+00:00, run_after=2026-05-01 00:00:00+00:00
[2026-05-01T13:50:45.989+0000] {processor.py:183} INFO - Processing /home/airflow/.local/lib/python3.12/site-packages/airflow/example_dags/example_bash_operator.py took 0.483 seconds
[2026-05-01T13:51:16.325+0000] {processor.py:161} INFO - Started process (PID=1023) to work on /home/airflow/.local/lib/python3.12/site-packages/airflow/example_dags/example_bash_operator.py
[2026-05-01T13:51:16.338+0000] {processor.py:830} INFO - Processing file /home/airflow/.local/lib/python3.12/site-packages/airflow/example_dags/example_bash_operator.py for tasks to queue
[2026-05-01T13:51:16.354+0000] {logging_mixin.py:188} INFO - [2026-05-01T13:51:16.353+0000] {dagbag.py:545} INFO - Filling up the DagBag from /home/airflow/.local/lib/python3.12/site-packages/airflow/example_dags/example_bash_operator.py
[2026-05-01T13:51:16.436+0000] {processor.py:840} INFO - DAG(s) 'example_bash_operator' retrieved from /home/airflow/.local/lib/python3.12/site-packages/airflow/example_dags/example_bash_operator.py
[2026-05-01T13:51:16.504+0000] {logging_mixin.py:188} INFO - [2026-05-01T13:51:16.504+0000] {dag.py:3089} INFO - Sync 1 DAGs
[2026-05-01T13:51:16.560+0000] {logging_mixin.py:188} INFO - [2026-05-01T13:51:16.559+0000] {dag.py:3947} INFO - Setting next_dagrun for example_bash_operator to 2026-04-30 00:00:00+00:00, run_after=2026-05-01 00:00:00+00:00
[2026-05-01T13:51:16.601+0000] {processor.py:183} INFO - Processing /home/airflow/.local/lib/python3.12/site-packages/airflow/example_dags/example_bash_operator.py took 0.332 seconds
[2026-05-01T13:51:46.683+0000] {processor.py:161} INFO - Started process (PID=1081) to work on /home/airflow/.local/lib/python3.12/site-packages/airflow/example_dags/example_bash_operator.py
[2026-05-01T13:51:46.686+0000] {processor.py:830} INFO - Processing file /home/airflow/.local/lib/python3.12/site-packages/airflow/example_dags/example_bash_operator.py for tasks to queue
[2026-05-01T13:51:46.691+0000] {logging_mixin.py:188} INFO - [2026-05-01T13:51:46.691+0000] {dagbag.py:545} INFO - Filling up the DagBag from /home/airflow/.local/lib/python3.12/site-packages/airflow/example_dags/example_bash_operator.py
[2026-05-01T13:51:46.716+0000] {processor.py:840} INFO - DAG(s) 'example_bash_operator' retrieved from /home/airflow/.local/lib/python3.12/site-packages/airflow/example_dags/example_bash_operator.py
[2026-05-01T13:51:46.805+0000] {logging_mixin.py:188} INFO - [2026-05-01T13:51:46.805+0000] {dag.py:3089} INFO - Sync 1 DAGs
[2026-05-01T13:51:46.848+0000] {logging_mixin.py:188} INFO - [2026-05-01T13:51:46.848+0000] {dag.py:3947} INFO - Setting next_dagrun for example_bash_operator to 2026-04-30 00:00:00+00:00, run_after=2026-05-01 00:00:00+00:00
[2026-05-01T13:51:46.886+0000] {processor.py:183} INFO - Processing /home/airflow/.local/lib/python3.12/site-packages/airflow/example_dags/example_bash_operator.py took 0.216 seconds
[2026-05-01T13:52:17.111+0000] {processor.py:161} INFO - Started process (PID=1138) to work on /home/airflow/.local/lib/python3.12/site-packages/airflow/example_dags/example_bash_operator.py
[2026-05-01T13:52:17.117+0000] {processor.py:830} INFO - Processing file /home/airflow/.local/lib/python3.12/site-packages/airflow/example_dags/example_bash_operator.py for tasks to queue
[2026-05-01T13:52:17.124+0000] {logging_mixin.py:188} INFO - [2026-05-01T13:52:17.124+0000] {dagbag.py:545} INFO - Filling up the DagBag from /home/airflow/.local/lib/python3.12/site-packages/airflow/example_dags/example_bash_operator.py
[2026-05-01T13:52:17.143+0000] {processor.py:840} INFO - DAG(s) 'example_bash_operator' retrieved from /home/airflow/.local/lib/python3.12/site-packages/airflow/example_dags/example_bash_operator.py
[2026-05-01T13:52:17.229+0000] {logging_mixin.py:188} INFO - [2026-05-01T13:52:17.227+0000] {dag.py:3089} INFO - Sync 1 DAGs
[2026-05-01T13:52:17.291+0000] {logging_mixin.py:188} INFO - [2026-05-01T13:52:17.291+0000] {dag.py:3947} INFO - Setting next_dagrun for example_bash_operator to 2026-04-30 00:00:00+00:00, run_after=2026-05-01 00:00:00+00:00
[2026-05-01T13:52:17.335+0000] {processor.py:183} INFO - Processing /home/airflow/.local/lib/python3.12/site-packages/airflow/example_dags/example_bash_operator.py took 0.250 seconds
[2026-05-01T13:52:47.876+0000] {processor.py:161} INFO - Started process (PID=1195) to work on /home/airflow/.local/lib/python3.12/site-packages/airflow/example_dags/example_bash_operator.py
[2026-05-01T13:52:47.880+0000] {processor.py:830} INFO - Processing file /home/airflow/.local/lib/python3.12/site-packages/airflow/example_dags/example_bash_operator.py for tasks to queue
[2026-05-01T13:52:47.884+0000] {logging_mixin.py:188} INFO - [2026-05-01T13:52:47.884+0000] {dagbag.py:545} INFO - Filling up the DagBag from /home/airflow/.local/lib/python3.12/site-packages/airflow/example_dags/example_bash_operator.py
[2026-05-01T13:52:47.904+0000] {processor.py:840} INFO - DAG(s) 'example_bash_operator' retrieved from /home/airflow/.local/lib/python3.12/site-packages/airflow/example_dags/example_bash_operator.py
[2026-05-01T13:52:47.948+0000] {logging_mixin.py:188} INFO - [2026-05-01T13:52:47.947+0000] {dag.py:3089} INFO - Sync 1 DAGs
[2026-05-01T13:52:48.105+0000] {logging_mixin.py:188} INFO - [2026-05-01T13:52:48.105+0000] {dag.py:3947} INFO - Setting next_dagrun for example_bash_operator to 2026-04-30 00:00:00+00:00, run_after=2026-05-01 00:00:00+00:00
[2026-05-01T13:52:48.802+0000] {processor.py:183} INFO - Processing /home/airflow/.local/lib/python3.12/site-packages/airflow/example_dags/example_bash_operator.py took 0.934 seconds
[2026-05-01T13:53:19.136+0000] {processor.py:161} INFO - Started process (PID=1253) to work on /home/airflow/.local/lib/python3.12/site-packages/airflow/example_dags/example_bash_operator.py
[2026-05-01T13:53:19.140+0000] {processor.py:830} INFO - Processing file /home/airflow/.local/lib/python3.12/site-packages/airflow/example_dags/example_bash_operator.py for tasks to queue
[2026-05-01T13:53:19.148+0000] {logging_mixin.py:188} INFO - [2026-05-01T13:53:19.147+0000] {dagbag.py:545} INFO - Filling up the DagBag from /home/airflow/.local/lib/python3.12/site-packages/airflow/example_dags/example_bash_operator.py
[2026-05-01T13:53:19.185+0000] {processor.py:840} INFO - DAG(s) 'example_bash_operator' retrieved from /home/airflow/.local/lib/python3.12/site-packages/airflow/example_dags/example_bash_operator.py
[2026-05-01T13:53:19.267+0000] {logging_mixin.py:188} INFO - [2026-05-01T13:53:19.266+0000] {dag.py:3089} INFO - Sync 1 DAGs
[2026-05-01T13:53:19.311+0000] {logging_mixin.py:188} INFO - [2026-05-01T13:53:19.311+0000] {dag.py:3947} INFO - Setting next_dagrun for example_bash_operator to 2026-04-30 00:00:00+00:00, run_after=2026-05-01 00:00:00+00:00
[2026-05-01T13:53:19.341+0000] {processor.py:183} INFO - Processing /home/airflow/.local/lib/python3.12/site-packages/airflow/example_dags/example_bash_operator.py took 0.230 seconds
