[2026-05-01T13:24:56.949+0000] {processor.py:161} INFO - Started process (PID=89) to work on /home/airflow/.local/lib/python3.12/site-packages/airflow/example_dags/example_latest_only.py
[2026-05-01T13:24:56.961+0000] {processor.py:830} INFO - Processing file /home/airflow/.local/lib/python3.12/site-packages/airflow/example_dags/example_latest_only.py for tasks to queue
[2026-05-01T13:24:56.974+0000] {logging_mixin.py:188} INFO - [2026-05-01T13:24:56.974+0000] {dagbag.py:545} INFO - Filling up the DagBag from /home/airflow/.local/lib/python3.12/site-packages/airflow/example_dags/example_latest_only.py
[2026-05-01T13:24:57.009+0000] {processor.py:840} INFO - DAG(s) 'latest_only' retrieved from /home/airflow/.local/lib/python3.12/site-packages/airflow/example_dags/example_latest_only.py
[2026-05-01T13:24:57.046+0000] {logging_mixin.py:188} INFO - [2026-05-01T13:24:57.045+0000] {dag.py:3089} INFO - Sync 1 DAGs
[2026-05-01T13:24:57.209+0000] {logging_mixin.py:188} INFO - [2026-05-01T13:24:57.209+0000] {dag.py:3111} INFO - Creating ORM DAG for latest_only
[2026-05-01T13:24:57.285+0000] {logging_mixin.py:188} INFO - [2026-05-01T13:24:57.284+0000] {dag.py:3947} INFO - Setting next_dagrun for latest_only to 2026-05-01 08:00:00+00:00, run_after=2026-05-01 12:00:00+00:00
[2026-05-01T13:24:57.362+0000] {processor.py:183} INFO - Processing /home/airflow/.local/lib/python3.12/site-packages/airflow/example_dags/example_latest_only.py took 0.452 seconds
[2026-05-01T13:25:34.457+0000] {processor.py:161} INFO - Started process (PID=147) to work on /home/airflow/.local/lib/python3.12/site-packages/airflow/example_dags/example_latest_only.py
[2026-05-01T13:25:34.461+0000] {processor.py:830} INFO - Processing file /home/airflow/.local/lib/python3.12/site-packages/airflow/example_dags/example_latest_only.py for tasks to queue
[2026-05-01T13:25:34.468+0000] {logging_mixin.py:188} INFO - [2026-05-01T13:25:34.468+0000] {dagbag.py:545} INFO - Filling up the DagBag from /home/airflow/.local/lib/python3.12/site-packages/airflow/example_dags/example_latest_only.py
[2026-05-01T13:25:34.484+0000] {processor.py:840} INFO - DAG(s) 'latest_only' retrieved from /home/airflow/.local/lib/python3.12/site-packages/airflow/example_dags/example_latest_only.py
[2026-05-01T13:25:35.500+0000] {logging_mixin.py:188} INFO - [2026-05-01T13:25:35.478+0000] {dag.py:3089} INFO - Sync 1 DAGs
[2026-05-01T13:25:35.615+0000] {logging_mixin.py:188} INFO - [2026-05-01T13:25:35.614+0000] {dag.py:3947} INFO - Setting next_dagrun for latest_only to 2026-05-01 08:00:00+00:00, run_after=2026-05-01 12:00:00+00:00
[2026-05-01T13:25:35.697+0000] {processor.py:183} INFO - Processing /home/airflow/.local/lib/python3.12/site-packages/airflow/example_dags/example_latest_only.py took 1.264 seconds
[2026-05-01T13:26:06.259+0000] {processor.py:161} INFO - Started process (PID=205) to work on /home/airflow/.local/lib/python3.12/site-packages/airflow/example_dags/example_latest_only.py
[2026-05-01T13:26:06.264+0000] {processor.py:830} INFO - Processing file /home/airflow/.local/lib/python3.12/site-packages/airflow/example_dags/example_latest_only.py for tasks to queue
[2026-05-01T13:26:06.274+0000] {logging_mixin.py:188} INFO - [2026-05-01T13:26:06.273+0000] {dagbag.py:545} INFO - Filling up the DagBag from /home/airflow/.local/lib/python3.12/site-packages/airflow/example_dags/example_latest_only.py
[2026-05-01T13:26:06.312+0000] {processor.py:840} INFO - DAG(s) 'latest_only' retrieved from /home/airflow/.local/lib/python3.12/site-packages/airflow/example_dags/example_latest_only.py
[2026-05-01T13:26:06.448+0000] {logging_mixin.py:188} INFO - [2026-05-01T13:26:06.437+0000] {dag.py:3089} INFO - Sync 1 DAGs
[2026-05-01T13:26:06.614+0000] {logging_mixin.py:188} INFO - [2026-05-01T13:26:06.612+0000] {dag.py:3947} INFO - Setting next_dagrun for latest_only to 2026-05-01 08:00:00+00:00, run_after=2026-05-01 12:00:00+00:00
[2026-05-01T13:26:06.745+0000] {processor.py:183} INFO - Processing /home/airflow/.local/lib/python3.12/site-packages/airflow/example_dags/example_latest_only.py took 0.522 seconds
[2026-05-01T13:26:37.378+0000] {processor.py:161} INFO - Started process (PID=263) to work on /home/airflow/.local/lib/python3.12/site-packages/airflow/example_dags/example_latest_only.py
[2026-05-01T13:26:37.405+0000] {processor.py:830} INFO - Processing file /home/airflow/.local/lib/python3.12/site-packages/airflow/example_dags/example_latest_only.py for tasks to queue
[2026-05-01T13:26:37.444+0000] {logging_mixin.py:188} INFO - [2026-05-01T13:26:37.416+0000] {dagbag.py:545} INFO - Filling up the DagBag from /home/airflow/.local/lib/python3.12/site-packages/airflow/example_dags/example_latest_only.py
[2026-05-01T13:26:37.488+0000] {processor.py:840} INFO - DAG(s) 'latest_only' retrieved from /home/airflow/.local/lib/python3.12/site-packages/airflow/example_dags/example_latest_only.py
[2026-05-01T13:26:37.686+0000] {logging_mixin.py:188} INFO - [2026-05-01T13:26:37.685+0000] {dag.py:3089} INFO - Sync 1 DAGs
[2026-05-01T13:26:37.911+0000] {logging_mixin.py:188} INFO - [2026-05-01T13:26:37.911+0000] {dag.py:3947} INFO - Setting next_dagrun for latest_only to 2026-05-01 08:00:00+00:00, run_after=2026-05-01 12:00:00+00:00
[2026-05-01T13:26:38.035+0000] {processor.py:183} INFO - Processing /home/airflow/.local/lib/python3.12/site-packages/airflow/example_dags/example_latest_only.py took 0.725 seconds
[2026-05-01T13:27:08.794+0000] {processor.py:161} INFO - Started process (PID=321) to work on /home/airflow/.local/lib/python3.12/site-packages/airflow/example_dags/example_latest_only.py
[2026-05-01T13:27:08.798+0000] {processor.py:830} INFO - Processing file /home/airflow/.local/lib/python3.12/site-packages/airflow/example_dags/example_latest_only.py for tasks to queue
[2026-05-01T13:27:08.804+0000] {logging_mixin.py:188} INFO - [2026-05-01T13:27:08.803+0000] {dagbag.py:545} INFO - Filling up the DagBag from /home/airflow/.local/lib/python3.12/site-packages/airflow/example_dags/example_latest_only.py
[2026-05-01T13:27:08.813+0000] {processor.py:840} INFO - DAG(s) 'latest_only' retrieved from /home/airflow/.local/lib/python3.12/site-packages/airflow/example_dags/example_latest_only.py
[2026-05-01T13:27:08.855+0000] {logging_mixin.py:188} INFO - [2026-05-01T13:27:08.855+0000] {dag.py:3089} INFO - Sync 1 DAGs
[2026-05-01T13:27:08.896+0000] {logging_mixin.py:188} INFO - [2026-05-01T13:27:08.896+0000] {dag.py:3947} INFO - Setting next_dagrun for latest_only to 2026-05-01 08:00:00+00:00, run_after=2026-05-01 12:00:00+00:00
[2026-05-01T13:27:08.935+0000] {processor.py:183} INFO - Processing /home/airflow/.local/lib/python3.12/site-packages/airflow/example_dags/example_latest_only.py took 0.156 seconds
[2026-05-01T13:27:39.139+0000] {processor.py:161} INFO - Started process (PID=379) to work on /home/airflow/.local/lib/python3.12/site-packages/airflow/example_dags/example_latest_only.py
[2026-05-01T13:27:39.141+0000] {processor.py:830} INFO - Processing file /home/airflow/.local/lib/python3.12/site-packages/airflow/example_dags/example_latest_only.py for tasks to queue
[2026-05-01T13:27:39.145+0000] {logging_mixin.py:188} INFO - [2026-05-01T13:27:39.145+0000] {dagbag.py:545} INFO - Filling up the DagBag from /home/airflow/.local/lib/python3.12/site-packages/airflow/example_dags/example_latest_only.py
[2026-05-01T13:27:39.156+0000] {processor.py:840} INFO - DAG(s) 'latest_only' retrieved from /home/airflow/.local/lib/python3.12/site-packages/airflow/example_dags/example_latest_only.py
[2026-05-01T13:27:39.187+0000] {logging_mixin.py:188} INFO - [2026-05-01T13:27:39.186+0000] {dag.py:3089} INFO - Sync 1 DAGs
[2026-05-01T13:27:39.223+0000] {logging_mixin.py:188} INFO - [2026-05-01T13:27:39.223+0000] {dag.py:3947} INFO - Setting next_dagrun for latest_only to 2026-05-01 08:00:00+00:00, run_after=2026-05-01 12:00:00+00:00
[2026-05-01T13:27:39.266+0000] {processor.py:183} INFO - Processing /home/airflow/.local/lib/python3.12/site-packages/airflow/example_dags/example_latest_only.py took 0.143 seconds
[2026-05-01T13:28:09.939+0000] {processor.py:161} INFO - Started process (PID=438) to work on /home/airflow/.local/lib/python3.12/site-packages/airflow/example_dags/example_latest_only.py
[2026-05-01T13:28:09.943+0000] {processor.py:830} INFO - Processing file /home/airflow/.local/lib/python3.12/site-packages/airflow/example_dags/example_latest_only.py for tasks to queue
[2026-05-01T13:28:09.949+0000] {logging_mixin.py:188} INFO - [2026-05-01T13:28:09.949+0000] {dagbag.py:545} INFO - Filling up the DagBag from /home/airflow/.local/lib/python3.12/site-packages/airflow/example_dags/example_latest_only.py
[2026-05-01T13:28:09.959+0000] {processor.py:840} INFO - DAG(s) 'latest_only' retrieved from /home/airflow/.local/lib/python3.12/site-packages/airflow/example_dags/example_latest_only.py
[2026-05-01T13:28:10.003+0000] {logging_mixin.py:188} INFO - [2026-05-01T13:28:10.003+0000] {dag.py:3089} INFO - Sync 1 DAGs
[2026-05-01T13:28:10.040+0000] {logging_mixin.py:188} INFO - [2026-05-01T13:28:10.040+0000] {dag.py:3947} INFO - Setting next_dagrun for latest_only to 2026-05-01 08:00:00+00:00, run_after=2026-05-01 12:00:00+00:00
[2026-05-01T13:28:10.073+0000] {processor.py:183} INFO - Processing /home/airflow/.local/lib/python3.12/site-packages/airflow/example_dags/example_latest_only.py took 0.152 seconds
[2026-05-01T13:28:40.643+0000] {processor.py:161} INFO - Started process (PID=496) to work on /home/airflow/.local/lib/python3.12/site-packages/airflow/example_dags/example_latest_only.py
[2026-05-01T13:28:40.647+0000] {processor.py:830} INFO - Processing file /home/airflow/.local/lib/python3.12/site-packages/airflow/example_dags/example_latest_only.py for tasks to queue
[2026-05-01T13:28:40.653+0000] {logging_mixin.py:188} INFO - [2026-05-01T13:28:40.652+0000] {dagbag.py:545} INFO - Filling up the DagBag from /home/airflow/.local/lib/python3.12/site-packages/airflow/example_dags/example_latest_only.py
[2026-05-01T13:28:40.671+0000] {processor.py:840} INFO - DAG(s) 'latest_only' retrieved from /home/airflow/.local/lib/python3.12/site-packages/airflow/example_dags/example_latest_only.py
[2026-05-01T13:28:40.739+0000] {logging_mixin.py:188} INFO - [2026-05-01T13:28:40.739+0000] {dag.py:3089} INFO - Sync 1 DAGs
[2026-05-01T13:28:40.778+0000] {logging_mixin.py:188} INFO - [2026-05-01T13:28:40.777+0000] {dag.py:3947} INFO - Setting next_dagrun for latest_only to 2026-05-01 08:00:00+00:00, run_after=2026-05-01 12:00:00+00:00
[2026-05-01T13:28:40.806+0000] {processor.py:183} INFO - Processing /home/airflow/.local/lib/python3.12/site-packages/airflow/example_dags/example_latest_only.py took 0.186 seconds
[2026-05-01T13:29:11.053+0000] {processor.py:161} INFO - Started process (PID=555) to work on /home/airflow/.local/lib/python3.12/site-packages/airflow/example_dags/example_latest_only.py
[2026-05-01T13:29:11.056+0000] {processor.py:830} INFO - Processing file /home/airflow/.local/lib/python3.12/site-packages/airflow/example_dags/example_latest_only.py for tasks to queue
[2026-05-01T13:29:11.060+0000] {logging_mixin.py:188} INFO - [2026-05-01T13:29:11.060+0000] {dagbag.py:545} INFO - Filling up the DagBag from /home/airflow/.local/lib/python3.12/site-packages/airflow/example_dags/example_latest_only.py
[2026-05-01T13:29:11.069+0000] {processor.py:840} INFO - DAG(s) 'latest_only' retrieved from /home/airflow/.local/lib/python3.12/site-packages/airflow/example_dags/example_latest_only.py
[2026-05-01T13:29:11.098+0000] {logging_mixin.py:188} INFO - [2026-05-01T13:29:11.098+0000] {dag.py:3089} INFO - Sync 1 DAGs
[2026-05-01T13:29:11.129+0000] {logging_mixin.py:188} INFO - [2026-05-01T13:29:11.129+0000] {dag.py:3947} INFO - Setting next_dagrun for latest_only to 2026-05-01 08:00:00+00:00, run_after=2026-05-01 12:00:00+00:00
[2026-05-01T13:29:11.160+0000] {processor.py:183} INFO - Processing /home/airflow/.local/lib/python3.12/site-packages/airflow/example_dags/example_latest_only.py took 0.115 seconds
[2026-05-01T13:29:41.766+0000] {processor.py:161} INFO - Started process (PID=612) to work on /home/airflow/.local/lib/python3.12/site-packages/airflow/example_dags/example_latest_only.py
[2026-05-01T13:29:41.770+0000] {processor.py:830} INFO - Processing file /home/airflow/.local/lib/python3.12/site-packages/airflow/example_dags/example_latest_only.py for tasks to queue
[2026-05-01T13:29:41.777+0000] {logging_mixin.py:188} INFO - [2026-05-01T13:29:41.776+0000] {dagbag.py:545} INFO - Filling up the DagBag from /home/airflow/.local/lib/python3.12/site-packages/airflow/example_dags/example_latest_only.py
[2026-05-01T13:29:41.790+0000] {processor.py:840} INFO - DAG(s) 'latest_only' retrieved from /home/airflow/.local/lib/python3.12/site-packages/airflow/example_dags/example_latest_only.py
[2026-05-01T13:29:41.827+0000] {logging_mixin.py:188} INFO - [2026-05-01T13:29:41.827+0000] {dag.py:3089} INFO - Sync 1 DAGs
[2026-05-01T13:29:41.865+0000] {logging_mixin.py:188} INFO - [2026-05-01T13:29:41.864+0000] {dag.py:3947} INFO - Setting next_dagrun for latest_only to 2026-05-01 08:00:00+00:00, run_after=2026-05-01 12:00:00+00:00
[2026-05-01T13:29:41.893+0000] {processor.py:183} INFO - Processing /home/airflow/.local/lib/python3.12/site-packages/airflow/example_dags/example_latest_only.py took 0.143 seconds
[2026-05-01T13:30:12.465+0000] {processor.py:161} INFO - Started process (PID=670) to work on /home/airflow/.local/lib/python3.12/site-packages/airflow/example_dags/example_latest_only.py
[2026-05-01T13:30:12.479+0000] {processor.py:830} INFO - Processing file /home/airflow/.local/lib/python3.12/site-packages/airflow/example_dags/example_latest_only.py for tasks to queue
[2026-05-01T13:30:12.491+0000] {logging_mixin.py:188} INFO - [2026-05-01T13:30:12.491+0000] {dagbag.py:545} INFO - Filling up the DagBag from /home/airflow/.local/lib/python3.12/site-packages/airflow/example_dags/example_latest_only.py
[2026-05-01T13:30:12.523+0000] {processor.py:840} INFO - DAG(s) 'latest_only' retrieved from /home/airflow/.local/lib/python3.12/site-packages/airflow/example_dags/example_latest_only.py
[2026-05-01T13:30:12.624+0000] {logging_mixin.py:188} INFO - [2026-05-01T13:30:12.623+0000] {dag.py:3089} INFO - Sync 1 DAGs
[2026-05-01T13:30:12.809+0000] {logging_mixin.py:188} INFO - [2026-05-01T13:30:12.808+0000] {dag.py:3947} INFO - Setting next_dagrun for latest_only to 2026-05-01 08:00:00+00:00, run_after=2026-05-01 12:00:00+00:00
[2026-05-01T13:30:12.991+0000] {processor.py:183} INFO - Processing /home/airflow/.local/lib/python3.12/site-packages/airflow/example_dags/example_latest_only.py took 0.549 seconds
[2026-05-01T13:30:43.806+0000] {processor.py:161} INFO - Started process (PID=728) to work on /home/airflow/.local/lib/python3.12/site-packages/airflow/example_dags/example_latest_only.py
[2026-05-01T13:30:43.810+0000] {processor.py:830} INFO - Processing file /home/airflow/.local/lib/python3.12/site-packages/airflow/example_dags/example_latest_only.py for tasks to queue
[2026-05-01T13:30:43.815+0000] {logging_mixin.py:188} INFO - [2026-05-01T13:30:43.815+0000] {dagbag.py:545} INFO - Filling up the DagBag from /home/airflow/.local/lib/python3.12/site-packages/airflow/example_dags/example_latest_only.py
[2026-05-01T13:30:43.845+0000] {processor.py:840} INFO - DAG(s) 'latest_only' retrieved from /home/airflow/.local/lib/python3.12/site-packages/airflow/example_dags/example_latest_only.py
[2026-05-01T13:30:43.889+0000] {logging_mixin.py:188} INFO - [2026-05-01T13:30:43.889+0000] {dag.py:3089} INFO - Sync 1 DAGs
[2026-05-01T13:30:43.962+0000] {logging_mixin.py:188} INFO - [2026-05-01T13:30:43.961+0000] {dag.py:3947} INFO - Setting next_dagrun for latest_only to 2026-05-01 08:00:00+00:00, run_after=2026-05-01 12:00:00+00:00
[2026-05-01T13:30:44.390+0000] {processor.py:183} INFO - Processing /home/airflow/.local/lib/python3.12/site-packages/airflow/example_dags/example_latest_only.py took 0.607 seconds
[2026-05-01T13:31:15.317+0000] {processor.py:161} INFO - Started process (PID=792) to work on /home/airflow/.local/lib/python3.12/site-packages/airflow/example_dags/example_latest_only.py
[2026-05-01T13:31:15.322+0000] {processor.py:830} INFO - Processing file /home/airflow/.local/lib/python3.12/site-packages/airflow/example_dags/example_latest_only.py for tasks to queue
[2026-05-01T13:31:15.330+0000] {logging_mixin.py:188} INFO - [2026-05-01T13:31:15.329+0000] {dagbag.py:545} INFO - Filling up the DagBag from /home/airflow/.local/lib/python3.12/site-packages/airflow/example_dags/example_latest_only.py
[2026-05-01T13:31:15.346+0000] {processor.py:840} INFO - DAG(s) 'latest_only' retrieved from /home/airflow/.local/lib/python3.12/site-packages/airflow/example_dags/example_latest_only.py
[2026-05-01T13:31:15.389+0000] {logging_mixin.py:188} INFO - [2026-05-01T13:31:15.389+0000] {dag.py:3089} INFO - Sync 1 DAGs
[2026-05-01T13:31:15.445+0000] {logging_mixin.py:188} INFO - [2026-05-01T13:31:15.444+0000] {dag.py:3947} INFO - Setting next_dagrun for latest_only to 2026-05-01 08:00:00+00:00, run_after=2026-05-01 12:00:00+00:00
[2026-05-01T13:31:15.487+0000] {processor.py:183} INFO - Processing /home/airflow/.local/lib/python3.12/site-packages/airflow/example_dags/example_latest_only.py took 0.181 seconds
[2026-05-01T13:31:45.574+0000] {processor.py:161} INFO - Started process (PID=850) to work on /home/airflow/.local/lib/python3.12/site-packages/airflow/example_dags/example_latest_only.py
[2026-05-01T13:31:45.577+0000] {processor.py:830} INFO - Processing file /home/airflow/.local/lib/python3.12/site-packages/airflow/example_dags/example_latest_only.py for tasks to queue
[2026-05-01T13:31:45.584+0000] {logging_mixin.py:188} INFO - [2026-05-01T13:31:45.583+0000] {dagbag.py:545} INFO - Filling up the DagBag from /home/airflow/.local/lib/python3.12/site-packages/airflow/example_dags/example_latest_only.py
[2026-05-01T13:31:45.598+0000] {processor.py:840} INFO - DAG(s) 'latest_only' retrieved from /home/airflow/.local/lib/python3.12/site-packages/airflow/example_dags/example_latest_only.py
[2026-05-01T13:31:45.628+0000] {logging_mixin.py:188} INFO - [2026-05-01T13:31:45.627+0000] {dag.py:3089} INFO - Sync 1 DAGs
[2026-05-01T13:31:45.659+0000] {logging_mixin.py:188} INFO - [2026-05-01T13:31:45.658+0000] {dag.py:3947} INFO - Setting next_dagrun for latest_only to 2026-05-01 08:00:00+00:00, run_after=2026-05-01 12:00:00+00:00
[2026-05-01T13:31:45.689+0000] {processor.py:183} INFO - Processing /home/airflow/.local/lib/python3.12/site-packages/airflow/example_dags/example_latest_only.py took 0.124 seconds
[2026-05-01T13:32:16.693+0000] {processor.py:161} INFO - Started process (PID=908) to work on /home/airflow/.local/lib/python3.12/site-packages/airflow/example_dags/example_latest_only.py
[2026-05-01T13:32:16.698+0000] {processor.py:830} INFO - Processing file /home/airflow/.local/lib/python3.12/site-packages/airflow/example_dags/example_latest_only.py for tasks to queue
[2026-05-01T13:32:16.744+0000] {logging_mixin.py:188} INFO - [2026-05-01T13:32:16.738+0000] {dagbag.py:545} INFO - Filling up the DagBag from /home/airflow/.local/lib/python3.12/site-packages/airflow/example_dags/example_latest_only.py
[2026-05-01T13:32:16.761+0000] {processor.py:840} INFO - DAG(s) 'latest_only' retrieved from /home/airflow/.local/lib/python3.12/site-packages/airflow/example_dags/example_latest_only.py
[2026-05-01T13:32:16.820+0000] {logging_mixin.py:188} INFO - [2026-05-01T13:32:16.820+0000] {dag.py:3089} INFO - Sync 1 DAGs
[2026-05-01T13:32:16.949+0000] {logging_mixin.py:188} INFO - [2026-05-01T13:32:16.943+0000] {dag.py:3947} INFO - Setting next_dagrun for latest_only to 2026-05-01 08:00:00+00:00, run_after=2026-05-01 12:00:00+00:00
[2026-05-01T13:32:17.000+0000] {processor.py:183} INFO - Processing /home/airflow/.local/lib/python3.12/site-packages/airflow/example_dags/example_latest_only.py took 0.328 seconds
[2026-05-01T13:32:47.538+0000] {processor.py:161} INFO - Started process (PID=966) to work on /home/airflow/.local/lib/python3.12/site-packages/airflow/example_dags/example_latest_only.py
[2026-05-01T13:32:47.542+0000] {processor.py:830} INFO - Processing file /home/airflow/.local/lib/python3.12/site-packages/airflow/example_dags/example_latest_only.py for tasks to queue
[2026-05-01T13:32:47.547+0000] {logging_mixin.py:188} INFO - [2026-05-01T13:32:47.546+0000] {dagbag.py:545} INFO - Filling up the DagBag from /home/airflow/.local/lib/python3.12/site-packages/airflow/example_dags/example_latest_only.py
[2026-05-01T13:32:47.561+0000] {processor.py:840} INFO - DAG(s) 'latest_only' retrieved from /home/airflow/.local/lib/python3.12/site-packages/airflow/example_dags/example_latest_only.py
[2026-05-01T13:32:47.607+0000] {logging_mixin.py:188} INFO - [2026-05-01T13:32:47.607+0000] {dag.py:3089} INFO - Sync 1 DAGs
[2026-05-01T13:32:47.649+0000] {logging_mixin.py:188} INFO - [2026-05-01T13:32:47.647+0000] {dag.py:3947} INFO - Setting next_dagrun for latest_only to 2026-05-01 08:00:00+00:00, run_after=2026-05-01 12:00:00+00:00
[2026-05-01T13:32:47.703+0000] {processor.py:183} INFO - Processing /home/airflow/.local/lib/python3.12/site-packages/airflow/example_dags/example_latest_only.py took 0.182 seconds
[2026-05-01T13:33:18.040+0000] {processor.py:161} INFO - Started process (PID=1024) to work on /home/airflow/.local/lib/python3.12/site-packages/airflow/example_dags/example_latest_only.py
[2026-05-01T13:33:18.043+0000] {processor.py:830} INFO - Processing file /home/airflow/.local/lib/python3.12/site-packages/airflow/example_dags/example_latest_only.py for tasks to queue
[2026-05-01T13:33:18.049+0000] {logging_mixin.py:188} INFO - [2026-05-01T13:33:18.049+0000] {dagbag.py:545} INFO - Filling up the DagBag from /home/airflow/.local/lib/python3.12/site-packages/airflow/example_dags/example_latest_only.py
[2026-05-01T13:33:18.058+0000] {processor.py:840} INFO - DAG(s) 'latest_only' retrieved from /home/airflow/.local/lib/python3.12/site-packages/airflow/example_dags/example_latest_only.py
[2026-05-01T13:33:18.132+0000] {logging_mixin.py:188} INFO - [2026-05-01T13:33:18.131+0000] {dag.py:3089} INFO - Sync 1 DAGs
[2026-05-01T13:33:18.306+0000] {logging_mixin.py:188} INFO - [2026-05-01T13:33:18.306+0000] {dag.py:3947} INFO - Setting next_dagrun for latest_only to 2026-05-01 08:00:00+00:00, run_after=2026-05-01 12:00:00+00:00
[2026-05-01T13:33:18.373+0000] {processor.py:183} INFO - Processing /home/airflow/.local/lib/python3.12/site-packages/airflow/example_dags/example_latest_only.py took 0.347 seconds
[2026-05-01T13:33:49.450+0000] {processor.py:161} INFO - Started process (PID=1082) to work on /home/airflow/.local/lib/python3.12/site-packages/airflow/example_dags/example_latest_only.py
[2026-05-01T13:33:49.538+0000] {processor.py:830} INFO - Processing file /home/airflow/.local/lib/python3.12/site-packages/airflow/example_dags/example_latest_only.py for tasks to queue
[2026-05-01T13:33:49.552+0000] {logging_mixin.py:188} INFO - [2026-05-01T13:33:49.551+0000] {dagbag.py:545} INFO - Filling up the DagBag from /home/airflow/.local/lib/python3.12/site-packages/airflow/example_dags/example_latest_only.py
[2026-05-01T13:33:49.627+0000] {processor.py:840} INFO - DAG(s) 'latest_only' retrieved from /home/airflow/.local/lib/python3.12/site-packages/airflow/example_dags/example_latest_only.py
[2026-05-01T13:33:49.697+0000] {logging_mixin.py:188} INFO - [2026-05-01T13:33:49.696+0000] {dag.py:3089} INFO - Sync 1 DAGs
[2026-05-01T13:33:49.774+0000] {logging_mixin.py:188} INFO - [2026-05-01T13:33:49.773+0000] {dag.py:3947} INFO - Setting next_dagrun for latest_only to 2026-05-01 08:00:00+00:00, run_after=2026-05-01 12:00:00+00:00
[2026-05-01T13:33:49.844+0000] {processor.py:183} INFO - Processing /home/airflow/.local/lib/python3.12/site-packages/airflow/example_dags/example_latest_only.py took 0.606 seconds
[2026-05-01T13:34:20.303+0000] {processor.py:161} INFO - Started process (PID=1140) to work on /home/airflow/.local/lib/python3.12/site-packages/airflow/example_dags/example_latest_only.py
[2026-05-01T13:34:20.316+0000] {processor.py:830} INFO - Processing file /home/airflow/.local/lib/python3.12/site-packages/airflow/example_dags/example_latest_only.py for tasks to queue
[2026-05-01T13:34:20.333+0000] {logging_mixin.py:188} INFO - [2026-05-01T13:34:20.328+0000] {dagbag.py:545} INFO - Filling up the DagBag from /home/airflow/.local/lib/python3.12/site-packages/airflow/example_dags/example_latest_only.py
[2026-05-01T13:34:20.371+0000] {processor.py:840} INFO - DAG(s) 'latest_only' retrieved from /home/airflow/.local/lib/python3.12/site-packages/airflow/example_dags/example_latest_only.py
[2026-05-01T13:34:20.440+0000] {logging_mixin.py:188} INFO - [2026-05-01T13:34:20.439+0000] {dag.py:3089} INFO - Sync 1 DAGs
[2026-05-01T13:34:20.504+0000] {logging_mixin.py:188} INFO - [2026-05-01T13:34:20.503+0000] {dag.py:3947} INFO - Setting next_dagrun for latest_only to 2026-05-01 08:00:00+00:00, run_after=2026-05-01 12:00:00+00:00
[2026-05-01T13:34:20.547+0000] {processor.py:183} INFO - Processing /home/airflow/.local/lib/python3.12/site-packages/airflow/example_dags/example_latest_only.py took 0.334 seconds
[2026-05-01T13:34:50.841+0000] {processor.py:161} INFO - Started process (PID=1197) to work on /home/airflow/.local/lib/python3.12/site-packages/airflow/example_dags/example_latest_only.py
[2026-05-01T13:34:50.846+0000] {processor.py:830} INFO - Processing file /home/airflow/.local/lib/python3.12/site-packages/airflow/example_dags/example_latest_only.py for tasks to queue
[2026-05-01T13:34:50.867+0000] {logging_mixin.py:188} INFO - [2026-05-01T13:34:50.866+0000] {dagbag.py:545} INFO - Filling up the DagBag from /home/airflow/.local/lib/python3.12/site-packages/airflow/example_dags/example_latest_only.py
[2026-05-01T13:34:50.933+0000] {processor.py:840} INFO - DAG(s) 'latest_only' retrieved from /home/airflow/.local/lib/python3.12/site-packages/airflow/example_dags/example_latest_only.py
[2026-05-01T13:34:51.003+0000] {logging_mixin.py:188} INFO - [2026-05-01T13:34:51.002+0000] {dag.py:3089} INFO - Sync 1 DAGs
[2026-05-01T13:34:51.063+0000] {logging_mixin.py:188} INFO - [2026-05-01T13:34:51.062+0000] {dag.py:3947} INFO - Setting next_dagrun for latest_only to 2026-05-01 08:00:00+00:00, run_after=2026-05-01 12:00:00+00:00
[2026-05-01T13:34:51.095+0000] {processor.py:183} INFO - Processing /home/airflow/.local/lib/python3.12/site-packages/airflow/example_dags/example_latest_only.py took 0.299 seconds
[2026-05-01T13:35:21.497+0000] {processor.py:161} INFO - Started process (PID=1255) to work on /home/airflow/.local/lib/python3.12/site-packages/airflow/example_dags/example_latest_only.py
[2026-05-01T13:35:21.502+0000] {processor.py:830} INFO - Processing file /home/airflow/.local/lib/python3.12/site-packages/airflow/example_dags/example_latest_only.py for tasks to queue
[2026-05-01T13:35:21.509+0000] {logging_mixin.py:188} INFO - [2026-05-01T13:35:21.509+0000] {dagbag.py:545} INFO - Filling up the DagBag from /home/airflow/.local/lib/python3.12/site-packages/airflow/example_dags/example_latest_only.py
[2026-05-01T13:35:21.523+0000] {processor.py:840} INFO - DAG(s) 'latest_only' retrieved from /home/airflow/.local/lib/python3.12/site-packages/airflow/example_dags/example_latest_only.py
[2026-05-01T13:35:21.552+0000] {logging_mixin.py:188} INFO - [2026-05-01T13:35:21.550+0000] {dag.py:3089} INFO - Sync 1 DAGs
[2026-05-01T13:35:21.588+0000] {logging_mixin.py:188} INFO - [2026-05-01T13:35:21.588+0000] {dag.py:3947} INFO - Setting next_dagrun for latest_only to 2026-05-01 08:00:00+00:00, run_after=2026-05-01 12:00:00+00:00
[2026-05-01T13:35:21.643+0000] {processor.py:183} INFO - Processing /home/airflow/.local/lib/python3.12/site-packages/airflow/example_dags/example_latest_only.py took 0.156 seconds
[2026-05-01T13:35:52.462+0000] {processor.py:161} INFO - Started process (PID=1313) to work on /home/airflow/.local/lib/python3.12/site-packages/airflow/example_dags/example_latest_only.py
[2026-05-01T13:35:52.478+0000] {processor.py:830} INFO - Processing file /home/airflow/.local/lib/python3.12/site-packages/airflow/example_dags/example_latest_only.py for tasks to queue
[2026-05-01T13:35:52.514+0000] {logging_mixin.py:188} INFO - [2026-05-01T13:35:52.506+0000] {dagbag.py:545} INFO - Filling up the DagBag from /home/airflow/.local/lib/python3.12/site-packages/airflow/example_dags/example_latest_only.py
[2026-05-01T13:35:53.019+0000] {processor.py:840} INFO - DAG(s) 'latest_only' retrieved from /home/airflow/.local/lib/python3.12/site-packages/airflow/example_dags/example_latest_only.py
[2026-05-01T13:35:53.149+0000] {logging_mixin.py:188} INFO - [2026-05-01T13:35:53.149+0000] {dag.py:3089} INFO - Sync 1 DAGs
[2026-05-01T13:35:53.374+0000] {logging_mixin.py:188} INFO - [2026-05-01T13:35:53.373+0000] {dag.py:3947} INFO - Setting next_dagrun for latest_only to 2026-05-01 08:00:00+00:00, run_after=2026-05-01 12:00:00+00:00
[2026-05-01T13:35:53.434+0000] {processor.py:183} INFO - Processing /home/airflow/.local/lib/python3.12/site-packages/airflow/example_dags/example_latest_only.py took 0.995 seconds
[2026-05-01T13:36:23.559+0000] {processor.py:161} INFO - Started process (PID=1371) to work on /home/airflow/.local/lib/python3.12/site-packages/airflow/example_dags/example_latest_only.py
[2026-05-01T13:36:23.564+0000] {processor.py:830} INFO - Processing file /home/airflow/.local/lib/python3.12/site-packages/airflow/example_dags/example_latest_only.py for tasks to queue
[2026-05-01T13:36:23.568+0000] {logging_mixin.py:188} INFO - [2026-05-01T13:36:23.567+0000] {dagbag.py:545} INFO - Filling up the DagBag from /home/airflow/.local/lib/python3.12/site-packages/airflow/example_dags/example_latest_only.py
[2026-05-01T13:36:23.585+0000] {processor.py:840} INFO - DAG(s) 'latest_only' retrieved from /home/airflow/.local/lib/python3.12/site-packages/airflow/example_dags/example_latest_only.py
[2026-05-01T13:36:23.673+0000] {logging_mixin.py:188} INFO - [2026-05-01T13:36:23.672+0000] {dag.py:3089} INFO - Sync 1 DAGs
[2026-05-01T13:36:23.763+0000] {logging_mixin.py:188} INFO - [2026-05-01T13:36:23.762+0000] {dag.py:3947} INFO - Setting next_dagrun for latest_only to 2026-05-01 08:00:00+00:00, run_after=2026-05-01 12:00:00+00:00
[2026-05-01T13:36:23.859+0000] {processor.py:183} INFO - Processing /home/airflow/.local/lib/python3.12/site-packages/airflow/example_dags/example_latest_only.py took 0.326 seconds
[2026-05-01T13:36:54.744+0000] {processor.py:161} INFO - Started process (PID=1429) to work on /home/airflow/.local/lib/python3.12/site-packages/airflow/example_dags/example_latest_only.py
[2026-05-01T13:36:54.792+0000] {processor.py:830} INFO - Processing file /home/airflow/.local/lib/python3.12/site-packages/airflow/example_dags/example_latest_only.py for tasks to queue
[2026-05-01T13:36:54.848+0000] {logging_mixin.py:188} INFO - [2026-05-01T13:36:54.819+0000] {dagbag.py:545} INFO - Filling up the DagBag from /home/airflow/.local/lib/python3.12/site-packages/airflow/example_dags/example_latest_only.py
[2026-05-01T13:36:54.876+0000] {processor.py:840} INFO - DAG(s) 'latest_only' retrieved from /home/airflow/.local/lib/python3.12/site-packages/airflow/example_dags/example_latest_only.py
[2026-05-01T13:36:54.942+0000] {logging_mixin.py:188} INFO - [2026-05-01T13:36:54.941+0000] {dag.py:3089} INFO - Sync 1 DAGs
[2026-05-01T13:36:54.993+0000] {logging_mixin.py:188} INFO - [2026-05-01T13:36:54.993+0000] {dag.py:3947} INFO - Setting next_dagrun for latest_only to 2026-05-01 08:00:00+00:00, run_after=2026-05-01 12:00:00+00:00
[2026-05-01T13:36:55.041+0000] {processor.py:183} INFO - Processing /home/airflow/.local/lib/python3.12/site-packages/airflow/example_dags/example_latest_only.py took 0.530 seconds
[2026-05-01T13:37:25.389+0000] {processor.py:161} INFO - Started process (PID=1486) to work on /home/airflow/.local/lib/python3.12/site-packages/airflow/example_dags/example_latest_only.py
[2026-05-01T13:37:25.394+0000] {processor.py:830} INFO - Processing file /home/airflow/.local/lib/python3.12/site-packages/airflow/example_dags/example_latest_only.py for tasks to queue
[2026-05-01T13:37:25.401+0000] {logging_mixin.py:188} INFO - [2026-05-01T13:37:25.400+0000] {dagbag.py:545} INFO - Filling up the DagBag from /home/airflow/.local/lib/python3.12/site-packages/airflow/example_dags/example_latest_only.py
[2026-05-01T13:37:25.411+0000] {processor.py:840} INFO - DAG(s) 'latest_only' retrieved from /home/airflow/.local/lib/python3.12/site-packages/airflow/example_dags/example_latest_only.py
[2026-05-01T13:37:25.446+0000] {logging_mixin.py:188} INFO - [2026-05-01T13:37:25.446+0000] {dag.py:3089} INFO - Sync 1 DAGs
[2026-05-01T13:37:25.490+0000] {logging_mixin.py:188} INFO - [2026-05-01T13:37:25.490+0000] {dag.py:3947} INFO - Setting next_dagrun for latest_only to 2026-05-01 08:00:00+00:00, run_after=2026-05-01 12:00:00+00:00
[2026-05-01T13:37:25.706+0000] {processor.py:183} INFO - Processing /home/airflow/.local/lib/python3.12/site-packages/airflow/example_dags/example_latest_only.py took 0.334 seconds
[2026-05-01T13:37:55.805+0000] {processor.py:161} INFO - Started process (PID=1543) to work on /home/airflow/.local/lib/python3.12/site-packages/airflow/example_dags/example_latest_only.py
[2026-05-01T13:37:55.808+0000] {processor.py:830} INFO - Processing file /home/airflow/.local/lib/python3.12/site-packages/airflow/example_dags/example_latest_only.py for tasks to queue
[2026-05-01T13:37:55.815+0000] {logging_mixin.py:188} INFO - [2026-05-01T13:37:55.814+0000] {dagbag.py:545} INFO - Filling up the DagBag from /home/airflow/.local/lib/python3.12/site-packages/airflow/example_dags/example_latest_only.py
[2026-05-01T13:37:55.832+0000] {processor.py:840} INFO - DAG(s) 'latest_only' retrieved from /home/airflow/.local/lib/python3.12/site-packages/airflow/example_dags/example_latest_only.py
[2026-05-01T13:37:55.888+0000] {logging_mixin.py:188} INFO - [2026-05-01T13:37:55.886+0000] {dag.py:3089} INFO - Sync 1 DAGs
[2026-05-01T13:37:55.960+0000] {logging_mixin.py:188} INFO - [2026-05-01T13:37:55.959+0000] {dag.py:3947} INFO - Setting next_dagrun for latest_only to 2026-05-01 08:00:00+00:00, run_after=2026-05-01 12:00:00+00:00
[2026-05-01T13:37:56.011+0000] {processor.py:183} INFO - Processing /home/airflow/.local/lib/python3.12/site-packages/airflow/example_dags/example_latest_only.py took 0.222 seconds
[2026-05-01T13:38:26.406+0000] {processor.py:161} INFO - Started process (PID=1601) to work on /home/airflow/.local/lib/python3.12/site-packages/airflow/example_dags/example_latest_only.py
[2026-05-01T13:38:26.409+0000] {processor.py:830} INFO - Processing file /home/airflow/.local/lib/python3.12/site-packages/airflow/example_dags/example_latest_only.py for tasks to queue
[2026-05-01T13:38:26.414+0000] {logging_mixin.py:188} INFO - [2026-05-01T13:38:26.414+0000] {dagbag.py:545} INFO - Filling up the DagBag from /home/airflow/.local/lib/python3.12/site-packages/airflow/example_dags/example_latest_only.py
[2026-05-01T13:38:26.424+0000] {processor.py:840} INFO - DAG(s) 'latest_only' retrieved from /home/airflow/.local/lib/python3.12/site-packages/airflow/example_dags/example_latest_only.py
[2026-05-01T13:38:26.459+0000] {logging_mixin.py:188} INFO - [2026-05-01T13:38:26.459+0000] {dag.py:3089} INFO - Sync 1 DAGs
[2026-05-01T13:38:26.552+0000] {logging_mixin.py:188} INFO - [2026-05-01T13:38:26.552+0000] {dag.py:3947} INFO - Setting next_dagrun for latest_only to 2026-05-01 08:00:00+00:00, run_after=2026-05-01 12:00:00+00:00
[2026-05-01T13:38:26.637+0000] {processor.py:183} INFO - Processing /home/airflow/.local/lib/python3.12/site-packages/airflow/example_dags/example_latest_only.py took 0.243 seconds
[2026-05-01T13:38:56.905+0000] {processor.py:161} INFO - Started process (PID=1659) to work on /home/airflow/.local/lib/python3.12/site-packages/airflow/example_dags/example_latest_only.py
[2026-05-01T13:38:56.908+0000] {processor.py:830} INFO - Processing file /home/airflow/.local/lib/python3.12/site-packages/airflow/example_dags/example_latest_only.py for tasks to queue
[2026-05-01T13:38:56.913+0000] {logging_mixin.py:188} INFO - [2026-05-01T13:38:56.912+0000] {dagbag.py:545} INFO - Filling up the DagBag from /home/airflow/.local/lib/python3.12/site-packages/airflow/example_dags/example_latest_only.py
[2026-05-01T13:38:56.922+0000] {processor.py:840} INFO - DAG(s) 'latest_only' retrieved from /home/airflow/.local/lib/python3.12/site-packages/airflow/example_dags/example_latest_only.py
[2026-05-01T13:38:56.950+0000] {logging_mixin.py:188} INFO - [2026-05-01T13:38:56.949+0000] {dag.py:3089} INFO - Sync 1 DAGs
[2026-05-01T13:38:56.981+0000] {logging_mixin.py:188} INFO - [2026-05-01T13:38:56.981+0000] {dag.py:3947} INFO - Setting next_dagrun for latest_only to 2026-05-01 08:00:00+00:00, run_after=2026-05-01 12:00:00+00:00
[2026-05-01T13:38:57.009+0000] {processor.py:183} INFO - Processing /home/airflow/.local/lib/python3.12/site-packages/airflow/example_dags/example_latest_only.py took 0.115 seconds
[2026-05-01T13:39:27.414+0000] {processor.py:161} INFO - Started process (PID=1715) to work on /home/airflow/.local/lib/python3.12/site-packages/airflow/example_dags/example_latest_only.py
[2026-05-01T13:39:27.419+0000] {processor.py:830} INFO - Processing file /home/airflow/.local/lib/python3.12/site-packages/airflow/example_dags/example_latest_only.py for tasks to queue
[2026-05-01T13:39:27.425+0000] {logging_mixin.py:188} INFO - [2026-05-01T13:39:27.423+0000] {dagbag.py:545} INFO - Filling up the DagBag from /home/airflow/.local/lib/python3.12/site-packages/airflow/example_dags/example_latest_only.py
[2026-05-01T13:39:27.443+0000] {processor.py:840} INFO - DAG(s) 'latest_only' retrieved from /home/airflow/.local/lib/python3.12/site-packages/airflow/example_dags/example_latest_only.py
[2026-05-01T13:39:27.493+0000] {logging_mixin.py:188} INFO - [2026-05-01T13:39:27.490+0000] {dag.py:3089} INFO - Sync 1 DAGs
[2026-05-01T13:39:27.575+0000] {logging_mixin.py:188} INFO - [2026-05-01T13:39:27.574+0000] {dag.py:3947} INFO - Setting next_dagrun for latest_only to 2026-05-01 08:00:00+00:00, run_after=2026-05-01 12:00:00+00:00
[2026-05-01T13:39:27.663+0000] {processor.py:183} INFO - Processing /home/airflow/.local/lib/python3.12/site-packages/airflow/example_dags/example_latest_only.py took 0.275 seconds
[2026-05-01T13:39:58.253+0000] {processor.py:161} INFO - Started process (PID=1773) to work on /home/airflow/.local/lib/python3.12/site-packages/airflow/example_dags/example_latest_only.py
[2026-05-01T13:39:58.261+0000] {processor.py:830} INFO - Processing file /home/airflow/.local/lib/python3.12/site-packages/airflow/example_dags/example_latest_only.py for tasks to queue
[2026-05-01T13:39:58.345+0000] {logging_mixin.py:188} INFO - [2026-05-01T13:39:58.343+0000] {dagbag.py:545} INFO - Filling up the DagBag from /home/airflow/.local/lib/python3.12/site-packages/airflow/example_dags/example_latest_only.py
[2026-05-01T13:39:58.451+0000] {processor.py:840} INFO - DAG(s) 'latest_only' retrieved from /home/airflow/.local/lib/python3.12/site-packages/airflow/example_dags/example_latest_only.py
[2026-05-01T13:39:58.562+0000] {logging_mixin.py:188} INFO - [2026-05-01T13:39:58.562+0000] {dag.py:3089} INFO - Sync 1 DAGs
[2026-05-01T13:39:59.280+0000] {logging_mixin.py:188} INFO - [2026-05-01T13:39:59.280+0000] {dag.py:3947} INFO - Setting next_dagrun for latest_only to 2026-05-01 08:00:00+00:00, run_after=2026-05-01 12:00:00+00:00
[2026-05-01T13:39:59.329+0000] {processor.py:183} INFO - Processing /home/airflow/.local/lib/python3.12/site-packages/airflow/example_dags/example_latest_only.py took 1.097 seconds
[2026-05-01T13:42:47.560+0000] {processor.py:161} INFO - Started process (PID=73) to work on /home/airflow/.local/lib/python3.12/site-packages/airflow/example_dags/example_latest_only.py
[2026-05-01T13:42:47.567+0000] {processor.py:830} INFO - Processing file /home/airflow/.local/lib/python3.12/site-packages/airflow/example_dags/example_latest_only.py for tasks to queue
[2026-05-01T13:42:47.581+0000] {logging_mixin.py:188} INFO - [2026-05-01T13:42:47.579+0000] {dagbag.py:545} INFO - Filling up the DagBag from /home/airflow/.local/lib/python3.12/site-packages/airflow/example_dags/example_latest_only.py
[2026-05-01T13:42:47.605+0000] {processor.py:840} INFO - DAG(s) 'latest_only' retrieved from /home/airflow/.local/lib/python3.12/site-packages/airflow/example_dags/example_latest_only.py
[2026-05-01T13:42:48.169+0000] {logging_mixin.py:188} INFO - [2026-05-01T13:42:48.167+0000] {dag.py:3089} INFO - Sync 1 DAGs
[2026-05-01T13:42:48.341+0000] {logging_mixin.py:188} INFO - [2026-05-01T13:42:48.340+0000] {dag.py:3947} INFO - Setting next_dagrun for latest_only to 2026-05-01 08:00:00+00:00, run_after=2026-05-01 12:00:00+00:00
[2026-05-01T13:42:48.417+0000] {processor.py:183} INFO - Processing /home/airflow/.local/lib/python3.12/site-packages/airflow/example_dags/example_latest_only.py took 0.879 seconds
[2026-05-01T13:43:24.079+0000] {processor.py:161} INFO - Started process (PID=137) to work on /home/airflow/.local/lib/python3.12/site-packages/airflow/example_dags/example_latest_only.py
[2026-05-01T13:43:24.092+0000] {processor.py:830} INFO - Processing file /home/airflow/.local/lib/python3.12/site-packages/airflow/example_dags/example_latest_only.py for tasks to queue
[2026-05-01T13:43:24.099+0000] {logging_mixin.py:188} INFO - [2026-05-01T13:43:24.097+0000] {dagbag.py:545} INFO - Filling up the DagBag from /home/airflow/.local/lib/python3.12/site-packages/airflow/example_dags/example_latest_only.py
[2026-05-01T13:43:24.161+0000] {processor.py:840} INFO - DAG(s) 'latest_only' retrieved from /home/airflow/.local/lib/python3.12/site-packages/airflow/example_dags/example_latest_only.py
[2026-05-01T13:43:24.272+0000] {logging_mixin.py:188} INFO - [2026-05-01T13:43:24.272+0000] {dag.py:3089} INFO - Sync 1 DAGs
[2026-05-01T13:43:24.358+0000] {logging_mixin.py:188} INFO - [2026-05-01T13:43:24.357+0000] {dag.py:3947} INFO - Setting next_dagrun for latest_only to 2026-05-01 08:00:00+00:00, run_after=2026-05-01 12:00:00+00:00
[2026-05-01T13:43:24.435+0000] {processor.py:183} INFO - Processing /home/airflow/.local/lib/python3.12/site-packages/airflow/example_dags/example_latest_only.py took 0.414 seconds
[2026-05-01T13:43:55.503+0000] {processor.py:161} INFO - Started process (PID=195) to work on /home/airflow/.local/lib/python3.12/site-packages/airflow/example_dags/example_latest_only.py
[2026-05-01T13:43:55.509+0000] {processor.py:830} INFO - Processing file /home/airflow/.local/lib/python3.12/site-packages/airflow/example_dags/example_latest_only.py for tasks to queue
[2026-05-01T13:43:55.516+0000] {logging_mixin.py:188} INFO - [2026-05-01T13:43:55.516+0000] {dagbag.py:545} INFO - Filling up the DagBag from /home/airflow/.local/lib/python3.12/site-packages/airflow/example_dags/example_latest_only.py
[2026-05-01T13:43:55.528+0000] {processor.py:840} INFO - DAG(s) 'latest_only' retrieved from /home/airflow/.local/lib/python3.12/site-packages/airflow/example_dags/example_latest_only.py
[2026-05-01T13:43:55.694+0000] {logging_mixin.py:188} INFO - [2026-05-01T13:43:55.694+0000] {dag.py:3089} INFO - Sync 1 DAGs
[2026-05-01T13:43:55.797+0000] {logging_mixin.py:188} INFO - [2026-05-01T13:43:55.797+0000] {dag.py:3947} INFO - Setting next_dagrun for latest_only to 2026-05-01 08:00:00+00:00, run_after=2026-05-01 12:00:00+00:00
[2026-05-01T13:43:56.035+0000] {processor.py:183} INFO - Processing /home/airflow/.local/lib/python3.12/site-packages/airflow/example_dags/example_latest_only.py took 0.547 seconds
[2026-05-01T13:44:26.639+0000] {processor.py:161} INFO - Started process (PID=252) to work on /home/airflow/.local/lib/python3.12/site-packages/airflow/example_dags/example_latest_only.py
[2026-05-01T13:44:26.646+0000] {processor.py:830} INFO - Processing file /home/airflow/.local/lib/python3.12/site-packages/airflow/example_dags/example_latest_only.py for tasks to queue
[2026-05-01T13:44:26.662+0000] {logging_mixin.py:188} INFO - [2026-05-01T13:44:26.660+0000] {dagbag.py:545} INFO - Filling up the DagBag from /home/airflow/.local/lib/python3.12/site-packages/airflow/example_dags/example_latest_only.py
[2026-05-01T13:44:26.686+0000] {processor.py:840} INFO - DAG(s) 'latest_only' retrieved from /home/airflow/.local/lib/python3.12/site-packages/airflow/example_dags/example_latest_only.py
[2026-05-01T13:44:26.766+0000] {logging_mixin.py:188} INFO - [2026-05-01T13:44:26.765+0000] {dag.py:3089} INFO - Sync 1 DAGs
[2026-05-01T13:44:26.913+0000] {logging_mixin.py:188} INFO - [2026-05-01T13:44:26.912+0000] {dag.py:3947} INFO - Setting next_dagrun for latest_only to 2026-05-01 08:00:00+00:00, run_after=2026-05-01 12:00:00+00:00
[2026-05-01T13:44:26.997+0000] {processor.py:183} INFO - Processing /home/airflow/.local/lib/python3.12/site-packages/airflow/example_dags/example_latest_only.py took 0.384 seconds
[2026-05-01T13:44:57.470+0000] {processor.py:161} INFO - Started process (PID=310) to work on /home/airflow/.local/lib/python3.12/site-packages/airflow/example_dags/example_latest_only.py
[2026-05-01T13:44:57.476+0000] {processor.py:830} INFO - Processing file /home/airflow/.local/lib/python3.12/site-packages/airflow/example_dags/example_latest_only.py for tasks to queue
[2026-05-01T13:44:57.484+0000] {logging_mixin.py:188} INFO - [2026-05-01T13:44:57.482+0000] {dagbag.py:545} INFO - Filling up the DagBag from /home/airflow/.local/lib/python3.12/site-packages/airflow/example_dags/example_latest_only.py
[2026-05-01T13:44:57.505+0000] {processor.py:840} INFO - DAG(s) 'latest_only' retrieved from /home/airflow/.local/lib/python3.12/site-packages/airflow/example_dags/example_latest_only.py
[2026-05-01T13:44:57.615+0000] {logging_mixin.py:188} INFO - [2026-05-01T13:44:57.614+0000] {dag.py:3089} INFO - Sync 1 DAGs
[2026-05-01T13:44:57.698+0000] {logging_mixin.py:188} INFO - [2026-05-01T13:44:57.698+0000] {dag.py:3947} INFO - Setting next_dagrun for latest_only to 2026-05-01 08:00:00+00:00, run_after=2026-05-01 12:00:00+00:00
[2026-05-01T13:44:57.857+0000] {processor.py:183} INFO - Processing /home/airflow/.local/lib/python3.12/site-packages/airflow/example_dags/example_latest_only.py took 0.414 seconds
[2026-05-01T13:45:29.452+0000] {processor.py:161} INFO - Started process (PID=370) to work on /home/airflow/.local/lib/python3.12/site-packages/airflow/example_dags/example_latest_only.py
[2026-05-01T13:45:29.458+0000] {processor.py:830} INFO - Processing file /home/airflow/.local/lib/python3.12/site-packages/airflow/example_dags/example_latest_only.py for tasks to queue
[2026-05-01T13:45:29.472+0000] {logging_mixin.py:188} INFO - [2026-05-01T13:45:29.469+0000] {dagbag.py:545} INFO - Filling up the DagBag from /home/airflow/.local/lib/python3.12/site-packages/airflow/example_dags/example_latest_only.py
[2026-05-01T13:45:29.504+0000] {processor.py:840} INFO - DAG(s) 'latest_only' retrieved from /home/airflow/.local/lib/python3.12/site-packages/airflow/example_dags/example_latest_only.py
[2026-05-01T13:45:29.623+0000] {logging_mixin.py:188} INFO - [2026-05-01T13:45:29.621+0000] {dag.py:3089} INFO - Sync 1 DAGs
[2026-05-01T13:45:29.736+0000] {logging_mixin.py:188} INFO - [2026-05-01T13:45:29.736+0000] {dag.py:3947} INFO - Setting next_dagrun for latest_only to 2026-05-01 08:00:00+00:00, run_after=2026-05-01 12:00:00+00:00
[2026-05-01T13:45:29.840+0000] {processor.py:183} INFO - Processing /home/airflow/.local/lib/python3.12/site-packages/airflow/example_dags/example_latest_only.py took 0.414 seconds
[2026-05-01T13:46:00.402+0000] {processor.py:161} INFO - Started process (PID=428) to work on /home/airflow/.local/lib/python3.12/site-packages/airflow/example_dags/example_latest_only.py
[2026-05-01T13:46:00.405+0000] {processor.py:830} INFO - Processing file /home/airflow/.local/lib/python3.12/site-packages/airflow/example_dags/example_latest_only.py for tasks to queue
[2026-05-01T13:46:00.411+0000] {logging_mixin.py:188} INFO - [2026-05-01T13:46:00.410+0000] {dagbag.py:545} INFO - Filling up the DagBag from /home/airflow/.local/lib/python3.12/site-packages/airflow/example_dags/example_latest_only.py
[2026-05-01T13:46:00.423+0000] {processor.py:840} INFO - DAG(s) 'latest_only' retrieved from /home/airflow/.local/lib/python3.12/site-packages/airflow/example_dags/example_latest_only.py
[2026-05-01T13:46:00.451+0000] {logging_mixin.py:188} INFO - [2026-05-01T13:46:00.450+0000] {dag.py:3089} INFO - Sync 1 DAGs
[2026-05-01T13:46:00.485+0000] {logging_mixin.py:188} INFO - [2026-05-01T13:46:00.485+0000] {dag.py:3947} INFO - Setting next_dagrun for latest_only to 2026-05-01 08:00:00+00:00, run_after=2026-05-01 12:00:00+00:00
[2026-05-01T13:46:00.514+0000] {processor.py:183} INFO - Processing /home/airflow/.local/lib/python3.12/site-packages/airflow/example_dags/example_latest_only.py took 0.124 seconds
[2026-05-01T13:46:30.850+0000] {processor.py:161} INFO - Started process (PID=486) to work on /home/airflow/.local/lib/python3.12/site-packages/airflow/example_dags/example_latest_only.py
[2026-05-01T13:46:30.853+0000] {processor.py:830} INFO - Processing file /home/airflow/.local/lib/python3.12/site-packages/airflow/example_dags/example_latest_only.py for tasks to queue
[2026-05-01T13:46:30.859+0000] {logging_mixin.py:188} INFO - [2026-05-01T13:46:30.858+0000] {dagbag.py:545} INFO - Filling up the DagBag from /home/airflow/.local/lib/python3.12/site-packages/airflow/example_dags/example_latest_only.py
[2026-05-01T13:46:30.869+0000] {processor.py:840} INFO - DAG(s) 'latest_only' retrieved from /home/airflow/.local/lib/python3.12/site-packages/airflow/example_dags/example_latest_only.py
[2026-05-01T13:46:30.900+0000] {logging_mixin.py:188} INFO - [2026-05-01T13:46:30.900+0000] {dag.py:3089} INFO - Sync 1 DAGs
[2026-05-01T13:46:30.938+0000] {logging_mixin.py:188} INFO - [2026-05-01T13:46:30.937+0000] {dag.py:3947} INFO - Setting next_dagrun for latest_only to 2026-05-01 08:00:00+00:00, run_after=2026-05-01 12:00:00+00:00
[2026-05-01T13:46:30.969+0000] {processor.py:183} INFO - Processing /home/airflow/.local/lib/python3.12/site-packages/airflow/example_dags/example_latest_only.py took 0.132 seconds
[2026-05-01T13:47:01.465+0000] {processor.py:161} INFO - Started process (PID=544) to work on /home/airflow/.local/lib/python3.12/site-packages/airflow/example_dags/example_latest_only.py
[2026-05-01T13:47:01.468+0000] {processor.py:830} INFO - Processing file /home/airflow/.local/lib/python3.12/site-packages/airflow/example_dags/example_latest_only.py for tasks to queue
[2026-05-01T13:47:01.473+0000] {logging_mixin.py:188} INFO - [2026-05-01T13:47:01.472+0000] {dagbag.py:545} INFO - Filling up the DagBag from /home/airflow/.local/lib/python3.12/site-packages/airflow/example_dags/example_latest_only.py
[2026-05-01T13:47:01.481+0000] {processor.py:840} INFO - DAG(s) 'latest_only' retrieved from /home/airflow/.local/lib/python3.12/site-packages/airflow/example_dags/example_latest_only.py
[2026-05-01T13:47:01.508+0000] {logging_mixin.py:188} INFO - [2026-05-01T13:47:01.508+0000] {dag.py:3089} INFO - Sync 1 DAGs
[2026-05-01T13:47:01.542+0000] {logging_mixin.py:188} INFO - [2026-05-01T13:47:01.542+0000] {dag.py:3947} INFO - Setting next_dagrun for latest_only to 2026-05-01 08:00:00+00:00, run_after=2026-05-01 12:00:00+00:00
[2026-05-01T13:47:01.567+0000] {processor.py:183} INFO - Processing /home/airflow/.local/lib/python3.12/site-packages/airflow/example_dags/example_latest_only.py took 0.113 seconds
[2026-05-01T13:47:32.162+0000] {processor.py:161} INFO - Started process (PID=602) to work on /home/airflow/.local/lib/python3.12/site-packages/airflow/example_dags/example_latest_only.py
[2026-05-01T13:47:32.174+0000] {processor.py:830} INFO - Processing file /home/airflow/.local/lib/python3.12/site-packages/airflow/example_dags/example_latest_only.py for tasks to queue
[2026-05-01T13:47:32.194+0000] {logging_mixin.py:188} INFO - [2026-05-01T13:47:32.183+0000] {dagbag.py:545} INFO - Filling up the DagBag from /home/airflow/.local/lib/python3.12/site-packages/airflow/example_dags/example_latest_only.py
[2026-05-01T13:47:32.227+0000] {processor.py:840} INFO - DAG(s) 'latest_only' retrieved from /home/airflow/.local/lib/python3.12/site-packages/airflow/example_dags/example_latest_only.py
[2026-05-01T13:47:32.442+0000] {logging_mixin.py:188} INFO - [2026-05-01T13:47:32.442+0000] {dag.py:3089} INFO - Sync 1 DAGs
[2026-05-01T13:47:32.762+0000] {logging_mixin.py:188} INFO - [2026-05-01T13:47:32.762+0000] {dag.py:3947} INFO - Setting next_dagrun for latest_only to 2026-05-01 08:00:00+00:00, run_after=2026-05-01 12:00:00+00:00
[2026-05-01T13:47:32.893+0000] {processor.py:183} INFO - Processing /home/airflow/.local/lib/python3.12/site-packages/airflow/example_dags/example_latest_only.py took 0.760 seconds
[2026-05-01T13:48:03.025+0000] {processor.py:161} INFO - Started process (PID=659) to work on /home/airflow/.local/lib/python3.12/site-packages/airflow/example_dags/example_latest_only.py
[2026-05-01T13:48:03.031+0000] {processor.py:830} INFO - Processing file /home/airflow/.local/lib/python3.12/site-packages/airflow/example_dags/example_latest_only.py for tasks to queue
[2026-05-01T13:48:03.046+0000] {logging_mixin.py:188} INFO - [2026-05-01T13:48:03.044+0000] {dagbag.py:545} INFO - Filling up the DagBag from /home/airflow/.local/lib/python3.12/site-packages/airflow/example_dags/example_latest_only.py
[2026-05-01T13:48:03.066+0000] {processor.py:840} INFO - DAG(s) 'latest_only' retrieved from /home/airflow/.local/lib/python3.12/site-packages/airflow/example_dags/example_latest_only.py
[2026-05-01T13:48:03.177+0000] {logging_mixin.py:188} INFO - [2026-05-01T13:48:03.176+0000] {dag.py:3089} INFO - Sync 1 DAGs
[2026-05-01T13:48:03.301+0000] {logging_mixin.py:188} INFO - [2026-05-01T13:48:03.299+0000] {dag.py:3947} INFO - Setting next_dagrun for latest_only to 2026-05-01 08:00:00+00:00, run_after=2026-05-01 12:00:00+00:00
[2026-05-01T13:48:03.346+0000] {processor.py:183} INFO - Processing /home/airflow/.local/lib/python3.12/site-packages/airflow/example_dags/example_latest_only.py took 0.338 seconds
[2026-05-01T13:48:33.527+0000] {processor.py:161} INFO - Started process (PID=716) to work on /home/airflow/.local/lib/python3.12/site-packages/airflow/example_dags/example_latest_only.py
[2026-05-01T13:48:33.529+0000] {processor.py:830} INFO - Processing file /home/airflow/.local/lib/python3.12/site-packages/airflow/example_dags/example_latest_only.py for tasks to queue
[2026-05-01T13:48:33.537+0000] {logging_mixin.py:188} INFO - [2026-05-01T13:48:33.536+0000] {dagbag.py:545} INFO - Filling up the DagBag from /home/airflow/.local/lib/python3.12/site-packages/airflow/example_dags/example_latest_only.py
[2026-05-01T13:48:33.546+0000] {processor.py:840} INFO - DAG(s) 'latest_only' retrieved from /home/airflow/.local/lib/python3.12/site-packages/airflow/example_dags/example_latest_only.py
[2026-05-01T13:48:33.586+0000] {logging_mixin.py:188} INFO - [2026-05-01T13:48:33.586+0000] {dag.py:3089} INFO - Sync 1 DAGs
[2026-05-01T13:48:33.623+0000] {logging_mixin.py:188} INFO - [2026-05-01T13:48:33.622+0000] {dag.py:3947} INFO - Setting next_dagrun for latest_only to 2026-05-01 08:00:00+00:00, run_after=2026-05-01 12:00:00+00:00
[2026-05-01T13:48:33.651+0000] {processor.py:183} INFO - Processing /home/airflow/.local/lib/python3.12/site-packages/airflow/example_dags/example_latest_only.py took 0.135 seconds
[2026-05-01T13:49:04.220+0000] {processor.py:161} INFO - Started process (PID=774) to work on /home/airflow/.local/lib/python3.12/site-packages/airflow/example_dags/example_latest_only.py
[2026-05-01T13:49:04.223+0000] {processor.py:830} INFO - Processing file /home/airflow/.local/lib/python3.12/site-packages/airflow/example_dags/example_latest_only.py for tasks to queue
[2026-05-01T13:49:04.228+0000] {logging_mixin.py:188} INFO - [2026-05-01T13:49:04.227+0000] {dagbag.py:545} INFO - Filling up the DagBag from /home/airflow/.local/lib/python3.12/site-packages/airflow/example_dags/example_latest_only.py
[2026-05-01T13:49:04.244+0000] {processor.py:840} INFO - DAG(s) 'latest_only' retrieved from /home/airflow/.local/lib/python3.12/site-packages/airflow/example_dags/example_latest_only.py
[2026-05-01T13:49:04.284+0000] {logging_mixin.py:188} INFO - [2026-05-01T13:49:04.284+0000] {dag.py:3089} INFO - Sync 1 DAGs
[2026-05-01T13:49:04.329+0000] {logging_mixin.py:188} INFO - [2026-05-01T13:49:04.329+0000] {dag.py:3947} INFO - Setting next_dagrun for latest_only to 2026-05-01 08:00:00+00:00, run_after=2026-05-01 12:00:00+00:00
[2026-05-01T13:49:04.361+0000] {processor.py:183} INFO - Processing /home/airflow/.local/lib/python3.12/site-packages/airflow/example_dags/example_latest_only.py took 0.158 seconds
[2026-05-01T13:49:34.769+0000] {processor.py:161} INFO - Started process (PID=832) to work on /home/airflow/.local/lib/python3.12/site-packages/airflow/example_dags/example_latest_only.py
[2026-05-01T13:49:34.772+0000] {processor.py:830} INFO - Processing file /home/airflow/.local/lib/python3.12/site-packages/airflow/example_dags/example_latest_only.py for tasks to queue
[2026-05-01T13:49:34.776+0000] {logging_mixin.py:188} INFO - [2026-05-01T13:49:34.776+0000] {dagbag.py:545} INFO - Filling up the DagBag from /home/airflow/.local/lib/python3.12/site-packages/airflow/example_dags/example_latest_only.py
[2026-05-01T13:49:34.788+0000] {processor.py:840} INFO - DAG(s) 'latest_only' retrieved from /home/airflow/.local/lib/python3.12/site-packages/airflow/example_dags/example_latest_only.py
[2026-05-01T13:49:34.837+0000] {logging_mixin.py:188} INFO - [2026-05-01T13:49:34.837+0000] {dag.py:3089} INFO - Sync 1 DAGs
[2026-05-01T13:49:34.902+0000] {logging_mixin.py:188} INFO - [2026-05-01T13:49:34.902+0000] {dag.py:3947} INFO - Setting next_dagrun for latest_only to 2026-05-01 08:00:00+00:00, run_after=2026-05-01 12:00:00+00:00
[2026-05-01T13:49:34.943+0000] {processor.py:183} INFO - Processing /home/airflow/.local/lib/python3.12/site-packages/airflow/example_dags/example_latest_only.py took 0.184 seconds
[2026-05-01T13:50:05.212+0000] {processor.py:161} INFO - Started process (PID=889) to work on /home/airflow/.local/lib/python3.12/site-packages/airflow/example_dags/example_latest_only.py
[2026-05-01T13:50:05.214+0000] {processor.py:830} INFO - Processing file /home/airflow/.local/lib/python3.12/site-packages/airflow/example_dags/example_latest_only.py for tasks to queue
[2026-05-01T13:50:05.225+0000] {logging_mixin.py:188} INFO - [2026-05-01T13:50:05.224+0000] {dagbag.py:545} INFO - Filling up the DagBag from /home/airflow/.local/lib/python3.12/site-packages/airflow/example_dags/example_latest_only.py
[2026-05-01T13:50:05.240+0000] {processor.py:840} INFO - DAG(s) 'latest_only' retrieved from /home/airflow/.local/lib/python3.12/site-packages/airflow/example_dags/example_latest_only.py
[2026-05-01T13:50:05.283+0000] {logging_mixin.py:188} INFO - [2026-05-01T13:50:05.282+0000] {dag.py:3089} INFO - Sync 1 DAGs
[2026-05-01T13:50:05.320+0000] {logging_mixin.py:188} INFO - [2026-05-01T13:50:05.320+0000] {dag.py:3947} INFO - Setting next_dagrun for latest_only to 2026-05-01 08:00:00+00:00, run_after=2026-05-01 12:00:00+00:00
[2026-05-01T13:50:05.358+0000] {processor.py:183} INFO - Processing /home/airflow/.local/lib/python3.12/site-packages/airflow/example_dags/example_latest_only.py took 0.162 seconds
[2026-05-01T13:50:35.618+0000] {processor.py:161} INFO - Started process (PID=946) to work on /home/airflow/.local/lib/python3.12/site-packages/airflow/example_dags/example_latest_only.py
[2026-05-01T13:50:35.621+0000] {processor.py:830} INFO - Processing file /home/airflow/.local/lib/python3.12/site-packages/airflow/example_dags/example_latest_only.py for tasks to queue
[2026-05-01T13:50:35.627+0000] {logging_mixin.py:188} INFO - [2026-05-01T13:50:35.626+0000] {dagbag.py:545} INFO - Filling up the DagBag from /home/airflow/.local/lib/python3.12/site-packages/airflow/example_dags/example_latest_only.py
[2026-05-01T13:50:35.641+0000] {processor.py:840} INFO - DAG(s) 'latest_only' retrieved from /home/airflow/.local/lib/python3.12/site-packages/airflow/example_dags/example_latest_only.py
[2026-05-01T13:50:35.680+0000] {logging_mixin.py:188} INFO - [2026-05-01T13:50:35.680+0000] {dag.py:3089} INFO - Sync 1 DAGs
[2026-05-01T13:50:35.730+0000] {logging_mixin.py:188} INFO - [2026-05-01T13:50:35.730+0000] {dag.py:3947} INFO - Setting next_dagrun for latest_only to 2026-05-01 08:00:00+00:00, run_after=2026-05-01 12:00:00+00:00
[2026-05-01T13:50:35.770+0000] {processor.py:183} INFO - Processing /home/airflow/.local/lib/python3.12/site-packages/airflow/example_dags/example_latest_only.py took 0.165 seconds
[2026-05-01T13:51:06.313+0000] {processor.py:161} INFO - Started process (PID=1003) to work on /home/airflow/.local/lib/python3.12/site-packages/airflow/example_dags/example_latest_only.py
[2026-05-01T13:51:06.324+0000] {processor.py:830} INFO - Processing file /home/airflow/.local/lib/python3.12/site-packages/airflow/example_dags/example_latest_only.py for tasks to queue
[2026-05-01T13:51:06.340+0000] {logging_mixin.py:188} INFO - [2026-05-01T13:51:06.337+0000] {dagbag.py:545} INFO - Filling up the DagBag from /home/airflow/.local/lib/python3.12/site-packages/airflow/example_dags/example_latest_only.py
[2026-05-01T13:51:06.362+0000] {processor.py:840} INFO - DAG(s) 'latest_only' retrieved from /home/airflow/.local/lib/python3.12/site-packages/airflow/example_dags/example_latest_only.py
[2026-05-01T13:51:06.430+0000] {logging_mixin.py:188} INFO - [2026-05-01T13:51:06.430+0000] {dag.py:3089} INFO - Sync 1 DAGs
[2026-05-01T13:51:06.539+0000] {logging_mixin.py:188} INFO - [2026-05-01T13:51:06.538+0000] {dag.py:3947} INFO - Setting next_dagrun for latest_only to 2026-05-01 08:00:00+00:00, run_after=2026-05-01 12:00:00+00:00
[2026-05-01T13:51:06.641+0000] {processor.py:183} INFO - Processing /home/airflow/.local/lib/python3.12/site-packages/airflow/example_dags/example_latest_only.py took 0.349 seconds
[2026-05-01T13:51:37.419+0000] {processor.py:161} INFO - Started process (PID=1061) to work on /home/airflow/.local/lib/python3.12/site-packages/airflow/example_dags/example_latest_only.py
[2026-05-01T13:51:37.423+0000] {processor.py:830} INFO - Processing file /home/airflow/.local/lib/python3.12/site-packages/airflow/example_dags/example_latest_only.py for tasks to queue
[2026-05-01T13:51:37.429+0000] {logging_mixin.py:188} INFO - [2026-05-01T13:51:37.429+0000] {dagbag.py:545} INFO - Filling up the DagBag from /home/airflow/.local/lib/python3.12/site-packages/airflow/example_dags/example_latest_only.py
[2026-05-01T13:51:37.440+0000] {processor.py:840} INFO - DAG(s) 'latest_only' retrieved from /home/airflow/.local/lib/python3.12/site-packages/airflow/example_dags/example_latest_only.py
[2026-05-01T13:51:37.491+0000] {logging_mixin.py:188} INFO - [2026-05-01T13:51:37.490+0000] {dag.py:3089} INFO - Sync 1 DAGs
[2026-05-01T13:51:37.544+0000] {logging_mixin.py:188} INFO - [2026-05-01T13:51:37.541+0000] {dag.py:3947} INFO - Setting next_dagrun for latest_only to 2026-05-01 08:00:00+00:00, run_after=2026-05-01 12:00:00+00:00
[2026-05-01T13:51:37.602+0000] {processor.py:183} INFO - Processing /home/airflow/.local/lib/python3.12/site-packages/airflow/example_dags/example_latest_only.py took 0.200 seconds
[2026-05-01T13:52:07.933+0000] {processor.py:161} INFO - Started process (PID=1118) to work on /home/airflow/.local/lib/python3.12/site-packages/airflow/example_dags/example_latest_only.py
[2026-05-01T13:52:07.948+0000] {processor.py:830} INFO - Processing file /home/airflow/.local/lib/python3.12/site-packages/airflow/example_dags/example_latest_only.py for tasks to queue
[2026-05-01T13:52:07.952+0000] {logging_mixin.py:188} INFO - [2026-05-01T13:52:07.951+0000] {dagbag.py:545} INFO - Filling up the DagBag from /home/airflow/.local/lib/python3.12/site-packages/airflow/example_dags/example_latest_only.py
[2026-05-01T13:52:07.971+0000] {processor.py:840} INFO - DAG(s) 'latest_only' retrieved from /home/airflow/.local/lib/python3.12/site-packages/airflow/example_dags/example_latest_only.py
[2026-05-01T13:52:08.092+0000] {logging_mixin.py:188} INFO - [2026-05-01T13:52:08.092+0000] {dag.py:3089} INFO - Sync 1 DAGs
[2026-05-01T13:52:08.182+0000] {logging_mixin.py:188} INFO - [2026-05-01T13:52:08.182+0000] {dag.py:3947} INFO - Setting next_dagrun for latest_only to 2026-05-01 08:00:00+00:00, run_after=2026-05-01 12:00:00+00:00
[2026-05-01T13:52:08.218+0000] {processor.py:183} INFO - Processing /home/airflow/.local/lib/python3.12/site-packages/airflow/example_dags/example_latest_only.py took 0.362 seconds
[2026-05-01T13:52:38.910+0000] {processor.py:161} INFO - Started process (PID=1176) to work on /home/airflow/.local/lib/python3.12/site-packages/airflow/example_dags/example_latest_only.py
[2026-05-01T13:52:38.925+0000] {processor.py:830} INFO - Processing file /home/airflow/.local/lib/python3.12/site-packages/airflow/example_dags/example_latest_only.py for tasks to queue
[2026-05-01T13:52:38.936+0000] {logging_mixin.py:188} INFO - [2026-05-01T13:52:38.934+0000] {dagbag.py:545} INFO - Filling up the DagBag from /home/airflow/.local/lib/python3.12/site-packages/airflow/example_dags/example_latest_only.py
[2026-05-01T13:52:38.956+0000] {processor.py:840} INFO - DAG(s) 'latest_only' retrieved from /home/airflow/.local/lib/python3.12/site-packages/airflow/example_dags/example_latest_only.py
[2026-05-01T13:52:39.025+0000] {logging_mixin.py:188} INFO - [2026-05-01T13:52:39.025+0000] {dag.py:3089} INFO - Sync 1 DAGs
[2026-05-01T13:52:39.071+0000] {logging_mixin.py:188} INFO - [2026-05-01T13:52:39.071+0000] {dag.py:3947} INFO - Setting next_dagrun for latest_only to 2026-05-01 08:00:00+00:00, run_after=2026-05-01 12:00:00+00:00
[2026-05-01T13:52:39.126+0000] {processor.py:183} INFO - Processing /home/airflow/.local/lib/python3.12/site-packages/airflow/example_dags/example_latest_only.py took 0.280 seconds
[2026-05-01T13:53:09.704+0000] {processor.py:161} INFO - Started process (PID=1234) to work on /home/airflow/.local/lib/python3.12/site-packages/airflow/example_dags/example_latest_only.py
[2026-05-01T13:53:09.709+0000] {processor.py:830} INFO - Processing file /home/airflow/.local/lib/python3.12/site-packages/airflow/example_dags/example_latest_only.py for tasks to queue
[2026-05-01T13:53:09.718+0000] {logging_mixin.py:188} INFO - [2026-05-01T13:53:09.717+0000] {dagbag.py:545} INFO - Filling up the DagBag from /home/airflow/.local/lib/python3.12/site-packages/airflow/example_dags/example_latest_only.py
[2026-05-01T13:53:09.734+0000] {processor.py:840} INFO - DAG(s) 'latest_only' retrieved from /home/airflow/.local/lib/python3.12/site-packages/airflow/example_dags/example_latest_only.py
[2026-05-01T13:53:09.801+0000] {logging_mixin.py:188} INFO - [2026-05-01T13:53:09.801+0000] {dag.py:3089} INFO - Sync 1 DAGs
[2026-05-01T13:53:09.862+0000] {logging_mixin.py:188} INFO - [2026-05-01T13:53:09.862+0000] {dag.py:3947} INFO - Setting next_dagrun for latest_only to 2026-05-01 08:00:00+00:00, run_after=2026-05-01 12:00:00+00:00
[2026-05-01T13:53:09.935+0000] {processor.py:183} INFO - Processing /home/airflow/.local/lib/python3.12/site-packages/airflow/example_dags/example_latest_only.py took 0.256 seconds
