[2026-05-01T13:24:09.965+0000] {processor.py:161} INFO - Started process (PID=41) to work on /home/airflow/.local/lib/python3.12/site-packages/airflow/example_dags/example_display_name.py
[2026-05-01T13:24:09.968+0000] {processor.py:830} INFO - Processing file /home/airflow/.local/lib/python3.12/site-packages/airflow/example_dags/example_display_name.py for tasks to queue
[2026-05-01T13:24:09.996+0000] {logging_mixin.py:188} INFO - [2026-05-01T13:24:09.996+0000] {dagbag.py:545} INFO - Filling up the DagBag from /home/airflow/.local/lib/python3.12/site-packages/airflow/example_dags/example_display_name.py
[2026-05-01T13:24:10.126+0000] {processor.py:840} INFO - DAG(s) 'example_display_name' retrieved from /home/airflow/.local/lib/python3.12/site-packages/airflow/example_dags/example_display_name.py
[2026-05-01T13:24:12.304+0000] {logging_mixin.py:188} INFO - [2026-05-01T13:24:12.303+0000] {override.py:1858} INFO - Created Permission View: can delete on DAG:example_display_name
[2026-05-01T13:24:12.367+0000] {logging_mixin.py:188} INFO - [2026-05-01T13:24:12.367+0000] {override.py:1858} INFO - Created Permission View: can edit on DAG:example_display_name
[2026-05-01T13:24:12.394+0000] {logging_mixin.py:188} INFO - [2026-05-01T13:24:12.393+0000] {override.py:1858} INFO - Created Permission View: can read on DAG:example_display_name
[2026-05-01T13:24:12.402+0000] {logging_mixin.py:188} INFO - [2026-05-01T13:24:12.400+0000] {dag.py:3089} INFO - Sync 1 DAGs
[2026-05-01T13:24:12.462+0000] {logging_mixin.py:188} INFO - [2026-05-01T13:24:12.462+0000] {dag.py:3111} INFO - Creating ORM DAG for example_display_name
[2026-05-01T13:24:12.477+0000] {logging_mixin.py:188} INFO - [2026-05-01T13:24:12.477+0000] {dag.py:3947} INFO - Setting next_dagrun for example_display_name to None, run_after=None
[2026-05-01T13:24:12.563+0000] {processor.py:183} INFO - Processing /home/airflow/.local/lib/python3.12/site-packages/airflow/example_dags/example_display_name.py took 2.653 seconds
[2026-05-01T13:25:07.981+0000] {processor.py:161} INFO - Started process (PID=104) to work on /home/airflow/.local/lib/python3.12/site-packages/airflow/example_dags/example_display_name.py
[2026-05-01T13:25:07.993+0000] {processor.py:830} INFO - Processing file /home/airflow/.local/lib/python3.12/site-packages/airflow/example_dags/example_display_name.py for tasks to queue
[2026-05-01T13:25:08.021+0000] {logging_mixin.py:188} INFO - [2026-05-01T13:25:08.012+0000] {dagbag.py:545} INFO - Filling up the DagBag from /home/airflow/.local/lib/python3.12/site-packages/airflow/example_dags/example_display_name.py
[2026-05-01T13:25:08.138+0000] {processor.py:840} INFO - DAG(s) 'example_display_name' retrieved from /home/airflow/.local/lib/python3.12/site-packages/airflow/example_dags/example_display_name.py
[2026-05-01T13:25:08.243+0000] {logging_mixin.py:188} INFO - [2026-05-01T13:25:08.242+0000] {dag.py:3089} INFO - Sync 1 DAGs
[2026-05-01T13:25:08.331+0000] {logging_mixin.py:188} INFO - [2026-05-01T13:25:08.330+0000] {dag.py:3947} INFO - Setting next_dagrun for example_display_name to None, run_after=None
[2026-05-01T13:25:08.414+0000] {processor.py:183} INFO - Processing /home/airflow/.local/lib/python3.12/site-packages/airflow/example_dags/example_display_name.py took 0.502 seconds
[2026-05-01T13:25:39.225+0000] {processor.py:161} INFO - Started process (PID=160) to work on /home/airflow/.local/lib/python3.12/site-packages/airflow/example_dags/example_display_name.py
[2026-05-01T13:25:39.229+0000] {processor.py:830} INFO - Processing file /home/airflow/.local/lib/python3.12/site-packages/airflow/example_dags/example_display_name.py for tasks to queue
[2026-05-01T13:25:39.252+0000] {logging_mixin.py:188} INFO - [2026-05-01T13:25:39.247+0000] {dagbag.py:545} INFO - Filling up the DagBag from /home/airflow/.local/lib/python3.12/site-packages/airflow/example_dags/example_display_name.py
[2026-05-01T13:25:39.274+0000] {processor.py:840} INFO - DAG(s) 'example_display_name' retrieved from /home/airflow/.local/lib/python3.12/site-packages/airflow/example_dags/example_display_name.py
[2026-05-01T13:25:39.462+0000] {logging_mixin.py:188} INFO - [2026-05-01T13:25:39.461+0000] {dag.py:3089} INFO - Sync 1 DAGs
[2026-05-01T13:25:39.478+0000] {logging_mixin.py:188} INFO - [2026-05-01T13:25:39.477+0000] {dag.py:3947} INFO - Setting next_dagrun for example_display_name to None, run_after=None
[2026-05-01T13:25:39.505+0000] {processor.py:183} INFO - Processing /home/airflow/.local/lib/python3.12/site-packages/airflow/example_dags/example_display_name.py took 0.297 seconds
[2026-05-01T13:26:10.092+0000] {processor.py:161} INFO - Started process (PID=218) to work on /home/airflow/.local/lib/python3.12/site-packages/airflow/example_dags/example_display_name.py
[2026-05-01T13:26:10.098+0000] {processor.py:830} INFO - Processing file /home/airflow/.local/lib/python3.12/site-packages/airflow/example_dags/example_display_name.py for tasks to queue
[2026-05-01T13:26:10.107+0000] {logging_mixin.py:188} INFO - [2026-05-01T13:26:10.107+0000] {dagbag.py:545} INFO - Filling up the DagBag from /home/airflow/.local/lib/python3.12/site-packages/airflow/example_dags/example_display_name.py
[2026-05-01T13:26:10.126+0000] {processor.py:840} INFO - DAG(s) 'example_display_name' retrieved from /home/airflow/.local/lib/python3.12/site-packages/airflow/example_dags/example_display_name.py
[2026-05-01T13:26:10.165+0000] {logging_mixin.py:188} INFO - [2026-05-01T13:26:10.164+0000] {dag.py:3089} INFO - Sync 1 DAGs
[2026-05-01T13:26:10.191+0000] {logging_mixin.py:188} INFO - [2026-05-01T13:26:10.190+0000] {dag.py:3947} INFO - Setting next_dagrun for example_display_name to None, run_after=None
[2026-05-01T13:26:10.227+0000] {processor.py:183} INFO - Processing /home/airflow/.local/lib/python3.12/site-packages/airflow/example_dags/example_display_name.py took 0.160 seconds
[2026-05-01T13:26:41.809+0000] {processor.py:161} INFO - Started process (PID=275) to work on /home/airflow/.local/lib/python3.12/site-packages/airflow/example_dags/example_display_name.py
[2026-05-01T13:26:41.818+0000] {processor.py:830} INFO - Processing file /home/airflow/.local/lib/python3.12/site-packages/airflow/example_dags/example_display_name.py for tasks to queue
[2026-05-01T13:26:41.843+0000] {logging_mixin.py:188} INFO - [2026-05-01T13:26:41.840+0000] {dagbag.py:545} INFO - Filling up the DagBag from /home/airflow/.local/lib/python3.12/site-packages/airflow/example_dags/example_display_name.py
[2026-05-01T13:26:41.873+0000] {processor.py:840} INFO - DAG(s) 'example_display_name' retrieved from /home/airflow/.local/lib/python3.12/site-packages/airflow/example_dags/example_display_name.py
[2026-05-01T13:26:41.998+0000] {logging_mixin.py:188} INFO - [2026-05-01T13:26:41.998+0000] {dag.py:3089} INFO - Sync 1 DAGs
[2026-05-01T13:26:42.053+0000] {logging_mixin.py:188} INFO - [2026-05-01T13:26:42.052+0000] {dag.py:3947} INFO - Setting next_dagrun for example_display_name to None, run_after=None
[2026-05-01T13:26:42.153+0000] {processor.py:183} INFO - Processing /home/airflow/.local/lib/python3.12/site-packages/airflow/example_dags/example_display_name.py took 0.376 seconds
[2026-05-01T13:27:12.450+0000] {processor.py:161} INFO - Started process (PID=328) to work on /home/airflow/.local/lib/python3.12/site-packages/airflow/example_dags/example_display_name.py
[2026-05-01T13:27:12.455+0000] {processor.py:830} INFO - Processing file /home/airflow/.local/lib/python3.12/site-packages/airflow/example_dags/example_display_name.py for tasks to queue
[2026-05-01T13:27:12.461+0000] {logging_mixin.py:188} INFO - [2026-05-01T13:27:12.460+0000] {dagbag.py:545} INFO - Filling up the DagBag from /home/airflow/.local/lib/python3.12/site-packages/airflow/example_dags/example_display_name.py
[2026-05-01T13:27:12.484+0000] {processor.py:840} INFO - DAG(s) 'example_display_name' retrieved from /home/airflow/.local/lib/python3.12/site-packages/airflow/example_dags/example_display_name.py
[2026-05-01T13:27:12.514+0000] {logging_mixin.py:188} INFO - [2026-05-01T13:27:12.513+0000] {dag.py:3089} INFO - Sync 1 DAGs
[2026-05-01T13:27:12.534+0000] {logging_mixin.py:188} INFO - [2026-05-01T13:27:12.534+0000] {dag.py:3947} INFO - Setting next_dagrun for example_display_name to None, run_after=None
[2026-05-01T13:27:12.577+0000] {processor.py:183} INFO - Processing /home/airflow/.local/lib/python3.12/site-packages/airflow/example_dags/example_display_name.py took 0.145 seconds
[2026-05-01T13:27:42.730+0000] {processor.py:161} INFO - Started process (PID=386) to work on /home/airflow/.local/lib/python3.12/site-packages/airflow/example_dags/example_display_name.py
[2026-05-01T13:27:42.733+0000] {processor.py:830} INFO - Processing file /home/airflow/.local/lib/python3.12/site-packages/airflow/example_dags/example_display_name.py for tasks to queue
[2026-05-01T13:27:42.738+0000] {logging_mixin.py:188} INFO - [2026-05-01T13:27:42.737+0000] {dagbag.py:545} INFO - Filling up the DagBag from /home/airflow/.local/lib/python3.12/site-packages/airflow/example_dags/example_display_name.py
[2026-05-01T13:27:42.747+0000] {processor.py:840} INFO - DAG(s) 'example_display_name' retrieved from /home/airflow/.local/lib/python3.12/site-packages/airflow/example_dags/example_display_name.py
[2026-05-01T13:27:42.773+0000] {logging_mixin.py:188} INFO - [2026-05-01T13:27:42.773+0000] {dag.py:3089} INFO - Sync 1 DAGs
[2026-05-01T13:27:42.790+0000] {logging_mixin.py:188} INFO - [2026-05-01T13:27:42.790+0000] {dag.py:3947} INFO - Setting next_dagrun for example_display_name to None, run_after=None
[2026-05-01T13:27:42.820+0000] {processor.py:183} INFO - Processing /home/airflow/.local/lib/python3.12/site-packages/airflow/example_dags/example_display_name.py took 0.099 seconds
[2026-05-01T13:28:13.790+0000] {processor.py:161} INFO - Started process (PID=451) to work on /home/airflow/.local/lib/python3.12/site-packages/airflow/example_dags/example_display_name.py
[2026-05-01T13:28:13.793+0000] {processor.py:830} INFO - Processing file /home/airflow/.local/lib/python3.12/site-packages/airflow/example_dags/example_display_name.py for tasks to queue
[2026-05-01T13:28:13.805+0000] {logging_mixin.py:188} INFO - [2026-05-01T13:28:13.804+0000] {dagbag.py:545} INFO - Filling up the DagBag from /home/airflow/.local/lib/python3.12/site-packages/airflow/example_dags/example_display_name.py
[2026-05-01T13:28:13.818+0000] {processor.py:840} INFO - DAG(s) 'example_display_name' retrieved from /home/airflow/.local/lib/python3.12/site-packages/airflow/example_dags/example_display_name.py
[2026-05-01T13:28:13.848+0000] {logging_mixin.py:188} INFO - [2026-05-01T13:28:13.848+0000] {dag.py:3089} INFO - Sync 1 DAGs
[2026-05-01T13:28:13.872+0000] {logging_mixin.py:188} INFO - [2026-05-01T13:28:13.872+0000] {dag.py:3947} INFO - Setting next_dagrun for example_display_name to None, run_after=None
[2026-05-01T13:28:13.909+0000] {processor.py:183} INFO - Processing /home/airflow/.local/lib/python3.12/site-packages/airflow/example_dags/example_display_name.py took 0.132 seconds
[2026-05-01T13:28:44.655+0000] {processor.py:161} INFO - Started process (PID=509) to work on /home/airflow/.local/lib/python3.12/site-packages/airflow/example_dags/example_display_name.py
[2026-05-01T13:28:44.660+0000] {processor.py:830} INFO - Processing file /home/airflow/.local/lib/python3.12/site-packages/airflow/example_dags/example_display_name.py for tasks to queue
[2026-05-01T13:28:44.670+0000] {logging_mixin.py:188} INFO - [2026-05-01T13:28:44.669+0000] {dagbag.py:545} INFO - Filling up the DagBag from /home/airflow/.local/lib/python3.12/site-packages/airflow/example_dags/example_display_name.py
[2026-05-01T13:28:44.685+0000] {processor.py:840} INFO - DAG(s) 'example_display_name' retrieved from /home/airflow/.local/lib/python3.12/site-packages/airflow/example_dags/example_display_name.py
[2026-05-01T13:28:44.736+0000] {logging_mixin.py:188} INFO - [2026-05-01T13:28:44.736+0000] {dag.py:3089} INFO - Sync 1 DAGs
[2026-05-01T13:28:44.759+0000] {logging_mixin.py:188} INFO - [2026-05-01T13:28:44.759+0000] {dag.py:3947} INFO - Setting next_dagrun for example_display_name to None, run_after=None
[2026-05-01T13:28:44.794+0000] {processor.py:183} INFO - Processing /home/airflow/.local/lib/python3.12/site-packages/airflow/example_dags/example_display_name.py took 0.149 seconds
[2026-05-01T13:29:15.254+0000] {processor.py:161} INFO - Started process (PID=567) to work on /home/airflow/.local/lib/python3.12/site-packages/airflow/example_dags/example_display_name.py
[2026-05-01T13:29:15.258+0000] {processor.py:830} INFO - Processing file /home/airflow/.local/lib/python3.12/site-packages/airflow/example_dags/example_display_name.py for tasks to queue
[2026-05-01T13:29:15.270+0000] {logging_mixin.py:188} INFO - [2026-05-01T13:29:15.269+0000] {dagbag.py:545} INFO - Filling up the DagBag from /home/airflow/.local/lib/python3.12/site-packages/airflow/example_dags/example_display_name.py
[2026-05-01T13:29:15.288+0000] {processor.py:840} INFO - DAG(s) 'example_display_name' retrieved from /home/airflow/.local/lib/python3.12/site-packages/airflow/example_dags/example_display_name.py
[2026-05-01T13:29:15.336+0000] {logging_mixin.py:188} INFO - [2026-05-01T13:29:15.335+0000] {dag.py:3089} INFO - Sync 1 DAGs
[2026-05-01T13:29:15.368+0000] {logging_mixin.py:188} INFO - [2026-05-01T13:29:15.367+0000] {dag.py:3947} INFO - Setting next_dagrun for example_display_name to None, run_after=None
[2026-05-01T13:29:15.407+0000] {processor.py:183} INFO - Processing /home/airflow/.local/lib/python3.12/site-packages/airflow/example_dags/example_display_name.py took 0.167 seconds
[2026-05-01T13:29:46.239+0000] {processor.py:161} INFO - Started process (PID=623) to work on /home/airflow/.local/lib/python3.12/site-packages/airflow/example_dags/example_display_name.py
[2026-05-01T13:29:46.243+0000] {processor.py:830} INFO - Processing file /home/airflow/.local/lib/python3.12/site-packages/airflow/example_dags/example_display_name.py for tasks to queue
[2026-05-01T13:29:46.251+0000] {logging_mixin.py:188} INFO - [2026-05-01T13:29:46.250+0000] {dagbag.py:545} INFO - Filling up the DagBag from /home/airflow/.local/lib/python3.12/site-packages/airflow/example_dags/example_display_name.py
[2026-05-01T13:29:46.267+0000] {processor.py:840} INFO - DAG(s) 'example_display_name' retrieved from /home/airflow/.local/lib/python3.12/site-packages/airflow/example_dags/example_display_name.py
[2026-05-01T13:29:46.303+0000] {logging_mixin.py:188} INFO - [2026-05-01T13:29:46.302+0000] {dag.py:3089} INFO - Sync 1 DAGs
[2026-05-01T13:29:46.322+0000] {logging_mixin.py:188} INFO - [2026-05-01T13:29:46.322+0000] {dag.py:3947} INFO - Setting next_dagrun for example_display_name to None, run_after=None
[2026-05-01T13:29:46.357+0000] {processor.py:183} INFO - Processing /home/airflow/.local/lib/python3.12/site-packages/airflow/example_dags/example_display_name.py took 0.132 seconds
[2026-05-01T13:30:16.570+0000] {processor.py:161} INFO - Started process (PID=681) to work on /home/airflow/.local/lib/python3.12/site-packages/airflow/example_dags/example_display_name.py
[2026-05-01T13:30:16.575+0000] {processor.py:830} INFO - Processing file /home/airflow/.local/lib/python3.12/site-packages/airflow/example_dags/example_display_name.py for tasks to queue
[2026-05-01T13:30:16.583+0000] {logging_mixin.py:188} INFO - [2026-05-01T13:30:16.581+0000] {dagbag.py:545} INFO - Filling up the DagBag from /home/airflow/.local/lib/python3.12/site-packages/airflow/example_dags/example_display_name.py
[2026-05-01T13:30:16.594+0000] {processor.py:840} INFO - DAG(s) 'example_display_name' retrieved from /home/airflow/.local/lib/python3.12/site-packages/airflow/example_dags/example_display_name.py
[2026-05-01T13:30:16.628+0000] {logging_mixin.py:188} INFO - [2026-05-01T13:30:16.628+0000] {dag.py:3089} INFO - Sync 1 DAGs
[2026-05-01T13:30:16.656+0000] {logging_mixin.py:188} INFO - [2026-05-01T13:30:16.655+0000] {dag.py:3947} INFO - Setting next_dagrun for example_display_name to None, run_after=None
[2026-05-01T13:30:16.691+0000] {processor.py:183} INFO - Processing /home/airflow/.local/lib/python3.12/site-packages/airflow/example_dags/example_display_name.py took 0.133 seconds
[2026-05-01T13:30:47.563+0000] {processor.py:161} INFO - Started process (PID=739) to work on /home/airflow/.local/lib/python3.12/site-packages/airflow/example_dags/example_display_name.py
[2026-05-01T13:30:47.577+0000] {processor.py:830} INFO - Processing file /home/airflow/.local/lib/python3.12/site-packages/airflow/example_dags/example_display_name.py for tasks to queue
[2026-05-01T13:30:47.597+0000] {logging_mixin.py:188} INFO - [2026-05-01T13:30:47.594+0000] {dagbag.py:545} INFO - Filling up the DagBag from /home/airflow/.local/lib/python3.12/site-packages/airflow/example_dags/example_display_name.py
[2026-05-01T13:30:47.635+0000] {processor.py:840} INFO - DAG(s) 'example_display_name' retrieved from /home/airflow/.local/lib/python3.12/site-packages/airflow/example_dags/example_display_name.py
[2026-05-01T13:30:47.710+0000] {logging_mixin.py:188} INFO - [2026-05-01T13:30:47.710+0000] {dag.py:3089} INFO - Sync 1 DAGs
[2026-05-01T13:30:47.757+0000] {logging_mixin.py:188} INFO - [2026-05-01T13:30:47.756+0000] {dag.py:3947} INFO - Setting next_dagrun for example_display_name to None, run_after=None
[2026-05-01T13:30:47.846+0000] {processor.py:183} INFO - Processing /home/airflow/.local/lib/python3.12/site-packages/airflow/example_dags/example_display_name.py took 0.312 seconds
[2026-05-01T13:31:17.956+0000] {processor.py:161} INFO - Started process (PID=797) to work on /home/airflow/.local/lib/python3.12/site-packages/airflow/example_dags/example_display_name.py
[2026-05-01T13:31:17.960+0000] {processor.py:830} INFO - Processing file /home/airflow/.local/lib/python3.12/site-packages/airflow/example_dags/example_display_name.py for tasks to queue
[2026-05-01T13:31:17.965+0000] {logging_mixin.py:188} INFO - [2026-05-01T13:31:17.965+0000] {dagbag.py:545} INFO - Filling up the DagBag from /home/airflow/.local/lib/python3.12/site-packages/airflow/example_dags/example_display_name.py
[2026-05-01T13:31:17.977+0000] {processor.py:840} INFO - DAG(s) 'example_display_name' retrieved from /home/airflow/.local/lib/python3.12/site-packages/airflow/example_dags/example_display_name.py
[2026-05-01T13:31:18.011+0000] {logging_mixin.py:188} INFO - [2026-05-01T13:31:18.011+0000] {dag.py:3089} INFO - Sync 1 DAGs
[2026-05-01T13:31:18.035+0000] {logging_mixin.py:188} INFO - [2026-05-01T13:31:18.034+0000] {dag.py:3947} INFO - Setting next_dagrun for example_display_name to None, run_after=None
[2026-05-01T13:31:18.070+0000] {processor.py:183} INFO - Processing /home/airflow/.local/lib/python3.12/site-packages/airflow/example_dags/example_display_name.py took 0.122 seconds
[2026-05-01T13:31:48.167+0000] {processor.py:161} INFO - Started process (PID=855) to work on /home/airflow/.local/lib/python3.12/site-packages/airflow/example_dags/example_display_name.py
[2026-05-01T13:31:48.170+0000] {processor.py:830} INFO - Processing file /home/airflow/.local/lib/python3.12/site-packages/airflow/example_dags/example_display_name.py for tasks to queue
[2026-05-01T13:31:48.174+0000] {logging_mixin.py:188} INFO - [2026-05-01T13:31:48.174+0000] {dagbag.py:545} INFO - Filling up the DagBag from /home/airflow/.local/lib/python3.12/site-packages/airflow/example_dags/example_display_name.py
[2026-05-01T13:31:48.189+0000] {processor.py:840} INFO - DAG(s) 'example_display_name' retrieved from /home/airflow/.local/lib/python3.12/site-packages/airflow/example_dags/example_display_name.py
[2026-05-01T13:31:48.217+0000] {logging_mixin.py:188} INFO - [2026-05-01T13:31:48.217+0000] {dag.py:3089} INFO - Sync 1 DAGs
[2026-05-01T13:31:48.239+0000] {logging_mixin.py:188} INFO - [2026-05-01T13:31:48.238+0000] {dag.py:3947} INFO - Setting next_dagrun for example_display_name to None, run_after=None
[2026-05-01T13:31:48.275+0000] {processor.py:183} INFO - Processing /home/airflow/.local/lib/python3.12/site-packages/airflow/example_dags/example_display_name.py took 0.118 seconds
[2026-05-01T13:32:19.267+0000] {processor.py:161} INFO - Started process (PID=913) to work on /home/airflow/.local/lib/python3.12/site-packages/airflow/example_dags/example_display_name.py
[2026-05-01T13:32:19.271+0000] {processor.py:830} INFO - Processing file /home/airflow/.local/lib/python3.12/site-packages/airflow/example_dags/example_display_name.py for tasks to queue
[2026-05-01T13:32:19.284+0000] {logging_mixin.py:188} INFO - [2026-05-01T13:32:19.283+0000] {dagbag.py:545} INFO - Filling up the DagBag from /home/airflow/.local/lib/python3.12/site-packages/airflow/example_dags/example_display_name.py
[2026-05-01T13:32:19.295+0000] {processor.py:840} INFO - DAG(s) 'example_display_name' retrieved from /home/airflow/.local/lib/python3.12/site-packages/airflow/example_dags/example_display_name.py
[2026-05-01T13:32:19.324+0000] {logging_mixin.py:188} INFO - [2026-05-01T13:32:19.323+0000] {dag.py:3089} INFO - Sync 1 DAGs
[2026-05-01T13:32:19.345+0000] {logging_mixin.py:188} INFO - [2026-05-01T13:32:19.345+0000] {dag.py:3947} INFO - Setting next_dagrun for example_display_name to None, run_after=None
[2026-05-01T13:32:19.370+0000] {processor.py:183} INFO - Processing /home/airflow/.local/lib/python3.12/site-packages/airflow/example_dags/example_display_name.py took 0.117 seconds
[2026-05-01T13:32:50.212+0000] {processor.py:161} INFO - Started process (PID=971) to work on /home/airflow/.local/lib/python3.12/site-packages/airflow/example_dags/example_display_name.py
[2026-05-01T13:32:50.214+0000] {processor.py:830} INFO - Processing file /home/airflow/.local/lib/python3.12/site-packages/airflow/example_dags/example_display_name.py for tasks to queue
[2026-05-01T13:32:50.220+0000] {logging_mixin.py:188} INFO - [2026-05-01T13:32:50.219+0000] {dagbag.py:545} INFO - Filling up the DagBag from /home/airflow/.local/lib/python3.12/site-packages/airflow/example_dags/example_display_name.py
[2026-05-01T13:32:50.232+0000] {processor.py:840} INFO - DAG(s) 'example_display_name' retrieved from /home/airflow/.local/lib/python3.12/site-packages/airflow/example_dags/example_display_name.py
[2026-05-01T13:32:50.274+0000] {logging_mixin.py:188} INFO - [2026-05-01T13:32:50.274+0000] {dag.py:3089} INFO - Sync 1 DAGs
[2026-05-01T13:32:50.300+0000] {logging_mixin.py:188} INFO - [2026-05-01T13:32:50.299+0000] {dag.py:3947} INFO - Setting next_dagrun for example_display_name to None, run_after=None
[2026-05-01T13:32:50.342+0000] {processor.py:183} INFO - Processing /home/airflow/.local/lib/python3.12/site-packages/airflow/example_dags/example_display_name.py took 0.139 seconds
[2026-05-01T13:33:20.993+0000] {processor.py:161} INFO - Started process (PID=1029) to work on /home/airflow/.local/lib/python3.12/site-packages/airflow/example_dags/example_display_name.py
[2026-05-01T13:33:20.996+0000] {processor.py:830} INFO - Processing file /home/airflow/.local/lib/python3.12/site-packages/airflow/example_dags/example_display_name.py for tasks to queue
[2026-05-01T13:33:21.000+0000] {logging_mixin.py:188} INFO - [2026-05-01T13:33:21.000+0000] {dagbag.py:545} INFO - Filling up the DagBag from /home/airflow/.local/lib/python3.12/site-packages/airflow/example_dags/example_display_name.py
[2026-05-01T13:33:21.008+0000] {processor.py:840} INFO - DAG(s) 'example_display_name' retrieved from /home/airflow/.local/lib/python3.12/site-packages/airflow/example_dags/example_display_name.py
[2026-05-01T13:33:21.038+0000] {logging_mixin.py:188} INFO - [2026-05-01T13:33:21.037+0000] {dag.py:3089} INFO - Sync 1 DAGs
[2026-05-01T13:33:21.057+0000] {logging_mixin.py:188} INFO - [2026-05-01T13:33:21.057+0000] {dag.py:3947} INFO - Setting next_dagrun for example_display_name to None, run_after=None
[2026-05-01T13:33:21.101+0000] {processor.py:183} INFO - Processing /home/airflow/.local/lib/python3.12/site-packages/airflow/example_dags/example_display_name.py took 0.119 seconds
[2026-05-01T13:33:51.328+0000] {processor.py:161} INFO - Started process (PID=1087) to work on /home/airflow/.local/lib/python3.12/site-packages/airflow/example_dags/example_display_name.py
[2026-05-01T13:33:51.331+0000] {processor.py:830} INFO - Processing file /home/airflow/.local/lib/python3.12/site-packages/airflow/example_dags/example_display_name.py for tasks to queue
[2026-05-01T13:33:51.337+0000] {logging_mixin.py:188} INFO - [2026-05-01T13:33:51.336+0000] {dagbag.py:545} INFO - Filling up the DagBag from /home/airflow/.local/lib/python3.12/site-packages/airflow/example_dags/example_display_name.py
[2026-05-01T13:33:51.350+0000] {processor.py:840} INFO - DAG(s) 'example_display_name' retrieved from /home/airflow/.local/lib/python3.12/site-packages/airflow/example_dags/example_display_name.py
[2026-05-01T13:33:51.379+0000] {logging_mixin.py:188} INFO - [2026-05-01T13:33:51.379+0000] {dag.py:3089} INFO - Sync 1 DAGs
[2026-05-01T13:33:51.412+0000] {logging_mixin.py:188} INFO - [2026-05-01T13:33:51.412+0000] {dag.py:3947} INFO - Setting next_dagrun for example_display_name to None, run_after=None
[2026-05-01T13:33:51.442+0000] {processor.py:183} INFO - Processing /home/airflow/.local/lib/python3.12/site-packages/airflow/example_dags/example_display_name.py took 0.126 seconds
[2026-05-01T13:34:22.039+0000] {processor.py:161} INFO - Started process (PID=1145) to work on /home/airflow/.local/lib/python3.12/site-packages/airflow/example_dags/example_display_name.py
[2026-05-01T13:34:22.042+0000] {processor.py:830} INFO - Processing file /home/airflow/.local/lib/python3.12/site-packages/airflow/example_dags/example_display_name.py for tasks to queue
[2026-05-01T13:34:22.047+0000] {logging_mixin.py:188} INFO - [2026-05-01T13:34:22.046+0000] {dagbag.py:545} INFO - Filling up the DagBag from /home/airflow/.local/lib/python3.12/site-packages/airflow/example_dags/example_display_name.py
[2026-05-01T13:34:22.059+0000] {processor.py:840} INFO - DAG(s) 'example_display_name' retrieved from /home/airflow/.local/lib/python3.12/site-packages/airflow/example_dags/example_display_name.py
[2026-05-01T13:34:22.091+0000] {logging_mixin.py:188} INFO - [2026-05-01T13:34:22.091+0000] {dag.py:3089} INFO - Sync 1 DAGs
[2026-05-01T13:34:22.113+0000] {logging_mixin.py:188} INFO - [2026-05-01T13:34:22.113+0000] {dag.py:3947} INFO - Setting next_dagrun for example_display_name to None, run_after=None
[2026-05-01T13:34:22.146+0000] {processor.py:183} INFO - Processing /home/airflow/.local/lib/python3.12/site-packages/airflow/example_dags/example_display_name.py took 0.120 seconds
[2026-05-01T13:34:53.060+0000] {processor.py:161} INFO - Started process (PID=1202) to work on /home/airflow/.local/lib/python3.12/site-packages/airflow/example_dags/example_display_name.py
[2026-05-01T13:34:53.068+0000] {processor.py:830} INFO - Processing file /home/airflow/.local/lib/python3.12/site-packages/airflow/example_dags/example_display_name.py for tasks to queue
[2026-05-01T13:34:53.076+0000] {logging_mixin.py:188} INFO - [2026-05-01T13:34:53.075+0000] {dagbag.py:545} INFO - Filling up the DagBag from /home/airflow/.local/lib/python3.12/site-packages/airflow/example_dags/example_display_name.py
[2026-05-01T13:34:53.104+0000] {processor.py:840} INFO - DAG(s) 'example_display_name' retrieved from /home/airflow/.local/lib/python3.12/site-packages/airflow/example_dags/example_display_name.py
[2026-05-01T13:34:53.188+0000] {logging_mixin.py:188} INFO - [2026-05-01T13:34:53.188+0000] {dag.py:3089} INFO - Sync 1 DAGs
[2026-05-01T13:34:53.211+0000] {logging_mixin.py:188} INFO - [2026-05-01T13:34:53.211+0000] {dag.py:3947} INFO - Setting next_dagrun for example_display_name to None, run_after=None
[2026-05-01T13:34:53.242+0000] {processor.py:183} INFO - Processing /home/airflow/.local/lib/python3.12/site-packages/airflow/example_dags/example_display_name.py took 0.200 seconds
[2026-05-01T13:35:23.914+0000] {processor.py:161} INFO - Started process (PID=1260) to work on /home/airflow/.local/lib/python3.12/site-packages/airflow/example_dags/example_display_name.py
[2026-05-01T13:35:23.918+0000] {processor.py:830} INFO - Processing file /home/airflow/.local/lib/python3.12/site-packages/airflow/example_dags/example_display_name.py for tasks to queue
[2026-05-01T13:35:23.922+0000] {logging_mixin.py:188} INFO - [2026-05-01T13:35:23.922+0000] {dagbag.py:545} INFO - Filling up the DagBag from /home/airflow/.local/lib/python3.12/site-packages/airflow/example_dags/example_display_name.py
[2026-05-01T13:35:23.930+0000] {processor.py:840} INFO - DAG(s) 'example_display_name' retrieved from /home/airflow/.local/lib/python3.12/site-packages/airflow/example_dags/example_display_name.py
[2026-05-01T13:35:23.958+0000] {logging_mixin.py:188} INFO - [2026-05-01T13:35:23.958+0000] {dag.py:3089} INFO - Sync 1 DAGs
[2026-05-01T13:35:23.975+0000] {logging_mixin.py:188} INFO - [2026-05-01T13:35:23.974+0000] {dag.py:3947} INFO - Setting next_dagrun for example_display_name to None, run_after=None
[2026-05-01T13:35:24.005+0000] {processor.py:183} INFO - Processing /home/airflow/.local/lib/python3.12/site-packages/airflow/example_dags/example_display_name.py took 0.101 seconds
[2026-05-01T13:35:54.150+0000] {processor.py:161} INFO - Started process (PID=1318) to work on /home/airflow/.local/lib/python3.12/site-packages/airflow/example_dags/example_display_name.py
[2026-05-01T13:35:54.155+0000] {processor.py:830} INFO - Processing file /home/airflow/.local/lib/python3.12/site-packages/airflow/example_dags/example_display_name.py for tasks to queue
[2026-05-01T13:35:54.168+0000] {logging_mixin.py:188} INFO - [2026-05-01T13:35:54.167+0000] {dagbag.py:545} INFO - Filling up the DagBag from /home/airflow/.local/lib/python3.12/site-packages/airflow/example_dags/example_display_name.py
[2026-05-01T13:35:54.188+0000] {processor.py:840} INFO - DAG(s) 'example_display_name' retrieved from /home/airflow/.local/lib/python3.12/site-packages/airflow/example_dags/example_display_name.py
[2026-05-01T13:35:54.226+0000] {logging_mixin.py:188} INFO - [2026-05-01T13:35:54.226+0000] {dag.py:3089} INFO - Sync 1 DAGs
[2026-05-01T13:35:54.250+0000] {logging_mixin.py:188} INFO - [2026-05-01T13:35:54.249+0000] {dag.py:3947} INFO - Setting next_dagrun for example_display_name to None, run_after=None
[2026-05-01T13:35:54.286+0000] {processor.py:183} INFO - Processing /home/airflow/.local/lib/python3.12/site-packages/airflow/example_dags/example_display_name.py took 0.177 seconds
[2026-05-01T13:36:24.424+0000] {processor.py:161} INFO - Started process (PID=1375) to work on /home/airflow/.local/lib/python3.12/site-packages/airflow/example_dags/example_display_name.py
[2026-05-01T13:36:24.440+0000] {processor.py:830} INFO - Processing file /home/airflow/.local/lib/python3.12/site-packages/airflow/example_dags/example_display_name.py for tasks to queue
[2026-05-01T13:36:24.449+0000] {logging_mixin.py:188} INFO - [2026-05-01T13:36:24.447+0000] {dagbag.py:545} INFO - Filling up the DagBag from /home/airflow/.local/lib/python3.12/site-packages/airflow/example_dags/example_display_name.py
[2026-05-01T13:36:24.489+0000] {processor.py:840} INFO - DAG(s) 'example_display_name' retrieved from /home/airflow/.local/lib/python3.12/site-packages/airflow/example_dags/example_display_name.py
[2026-05-01T13:36:24.542+0000] {logging_mixin.py:188} INFO - [2026-05-01T13:36:24.542+0000] {dag.py:3089} INFO - Sync 1 DAGs
[2026-05-01T13:36:24.567+0000] {logging_mixin.py:188} INFO - [2026-05-01T13:36:24.567+0000] {dag.py:3947} INFO - Setting next_dagrun for example_display_name to None, run_after=None
[2026-05-01T13:36:24.605+0000] {processor.py:183} INFO - Processing /home/airflow/.local/lib/python3.12/site-packages/airflow/example_dags/example_display_name.py took 0.205 seconds
[2026-05-01T13:36:55.641+0000] {processor.py:161} INFO - Started process (PID=1432) to work on /home/airflow/.local/lib/python3.12/site-packages/airflow/example_dags/example_display_name.py
[2026-05-01T13:36:55.647+0000] {processor.py:830} INFO - Processing file /home/airflow/.local/lib/python3.12/site-packages/airflow/example_dags/example_display_name.py for tasks to queue
[2026-05-01T13:36:55.659+0000] {logging_mixin.py:188} INFO - [2026-05-01T13:36:55.659+0000] {dagbag.py:545} INFO - Filling up the DagBag from /home/airflow/.local/lib/python3.12/site-packages/airflow/example_dags/example_display_name.py
[2026-05-01T13:36:55.706+0000] {processor.py:840} INFO - DAG(s) 'example_display_name' retrieved from /home/airflow/.local/lib/python3.12/site-packages/airflow/example_dags/example_display_name.py
[2026-05-01T13:36:55.969+0000] {logging_mixin.py:188} INFO - [2026-05-01T13:36:55.968+0000] {dag.py:3089} INFO - Sync 1 DAGs
[2026-05-01T13:36:56.038+0000] {logging_mixin.py:188} INFO - [2026-05-01T13:36:56.037+0000] {dag.py:3947} INFO - Setting next_dagrun for example_display_name to None, run_after=None
[2026-05-01T13:36:56.371+0000] {processor.py:183} INFO - Processing /home/airflow/.local/lib/python3.12/site-packages/airflow/example_dags/example_display_name.py took 0.776 seconds
[2026-05-01T13:37:26.887+0000] {processor.py:161} INFO - Started process (PID=1489) to work on /home/airflow/.local/lib/python3.12/site-packages/airflow/example_dags/example_display_name.py
[2026-05-01T13:37:26.918+0000] {processor.py:830} INFO - Processing file /home/airflow/.local/lib/python3.12/site-packages/airflow/example_dags/example_display_name.py for tasks to queue
[2026-05-01T13:37:26.938+0000] {logging_mixin.py:188} INFO - [2026-05-01T13:37:26.936+0000] {dagbag.py:545} INFO - Filling up the DagBag from /home/airflow/.local/lib/python3.12/site-packages/airflow/example_dags/example_display_name.py
[2026-05-01T13:37:26.957+0000] {processor.py:840} INFO - DAG(s) 'example_display_name' retrieved from /home/airflow/.local/lib/python3.12/site-packages/airflow/example_dags/example_display_name.py
[2026-05-01T13:37:27.009+0000] {logging_mixin.py:188} INFO - [2026-05-01T13:37:27.008+0000] {dag.py:3089} INFO - Sync 1 DAGs
[2026-05-01T13:37:27.058+0000] {logging_mixin.py:188} INFO - [2026-05-01T13:37:27.058+0000] {dag.py:3947} INFO - Setting next_dagrun for example_display_name to None, run_after=None
[2026-05-01T13:37:27.107+0000] {processor.py:183} INFO - Processing /home/airflow/.local/lib/python3.12/site-packages/airflow/example_dags/example_display_name.py took 0.278 seconds
[2026-05-01T13:37:57.935+0000] {processor.py:161} INFO - Started process (PID=1546) to work on /home/airflow/.local/lib/python3.12/site-packages/airflow/example_dags/example_display_name.py
[2026-05-01T13:37:57.945+0000] {processor.py:830} INFO - Processing file /home/airflow/.local/lib/python3.12/site-packages/airflow/example_dags/example_display_name.py for tasks to queue
[2026-05-01T13:37:57.954+0000] {logging_mixin.py:188} INFO - [2026-05-01T13:37:57.954+0000] {dagbag.py:545} INFO - Filling up the DagBag from /home/airflow/.local/lib/python3.12/site-packages/airflow/example_dags/example_display_name.py
[2026-05-01T13:37:57.987+0000] {processor.py:840} INFO - DAG(s) 'example_display_name' retrieved from /home/airflow/.local/lib/python3.12/site-packages/airflow/example_dags/example_display_name.py
[2026-05-01T13:37:58.133+0000] {logging_mixin.py:188} INFO - [2026-05-01T13:37:58.132+0000] {dag.py:3089} INFO - Sync 1 DAGs
[2026-05-01T13:37:58.167+0000] {logging_mixin.py:188} INFO - [2026-05-01T13:37:58.167+0000] {dag.py:3947} INFO - Setting next_dagrun for example_display_name to None, run_after=None
[2026-05-01T13:37:58.209+0000] {processor.py:183} INFO - Processing /home/airflow/.local/lib/python3.12/site-packages/airflow/example_dags/example_display_name.py took 0.295 seconds
[2026-05-01T13:38:28.922+0000] {processor.py:161} INFO - Started process (PID=1604) to work on /home/airflow/.local/lib/python3.12/site-packages/airflow/example_dags/example_display_name.py
[2026-05-01T13:38:28.926+0000] {processor.py:830} INFO - Processing file /home/airflow/.local/lib/python3.12/site-packages/airflow/example_dags/example_display_name.py for tasks to queue
[2026-05-01T13:38:28.937+0000] {logging_mixin.py:188} INFO - [2026-05-01T13:38:28.936+0000] {dagbag.py:545} INFO - Filling up the DagBag from /home/airflow/.local/lib/python3.12/site-packages/airflow/example_dags/example_display_name.py
[2026-05-01T13:38:28.983+0000] {processor.py:840} INFO - DAG(s) 'example_display_name' retrieved from /home/airflow/.local/lib/python3.12/site-packages/airflow/example_dags/example_display_name.py
[2026-05-01T13:38:29.059+0000] {logging_mixin.py:188} INFO - [2026-05-01T13:38:29.058+0000] {dag.py:3089} INFO - Sync 1 DAGs
[2026-05-01T13:38:29.104+0000] {logging_mixin.py:188} INFO - [2026-05-01T13:38:29.103+0000] {dag.py:3947} INFO - Setting next_dagrun for example_display_name to None, run_after=None
[2026-05-01T13:38:29.164+0000] {processor.py:183} INFO - Processing /home/airflow/.local/lib/python3.12/site-packages/airflow/example_dags/example_display_name.py took 0.285 seconds
[2026-05-01T13:38:59.249+0000] {processor.py:161} INFO - Started process (PID=1662) to work on /home/airflow/.local/lib/python3.12/site-packages/airflow/example_dags/example_display_name.py
[2026-05-01T13:38:59.252+0000] {processor.py:830} INFO - Processing file /home/airflow/.local/lib/python3.12/site-packages/airflow/example_dags/example_display_name.py for tasks to queue
[2026-05-01T13:38:59.255+0000] {logging_mixin.py:188} INFO - [2026-05-01T13:38:59.255+0000] {dagbag.py:545} INFO - Filling up the DagBag from /home/airflow/.local/lib/python3.12/site-packages/airflow/example_dags/example_display_name.py
[2026-05-01T13:38:59.264+0000] {processor.py:840} INFO - DAG(s) 'example_display_name' retrieved from /home/airflow/.local/lib/python3.12/site-packages/airflow/example_dags/example_display_name.py
[2026-05-01T13:38:59.299+0000] {logging_mixin.py:188} INFO - [2026-05-01T13:38:59.299+0000] {dag.py:3089} INFO - Sync 1 DAGs
[2026-05-01T13:38:59.316+0000] {logging_mixin.py:188} INFO - [2026-05-01T13:38:59.316+0000] {dag.py:3947} INFO - Setting next_dagrun for example_display_name to None, run_after=None
[2026-05-01T13:38:59.342+0000] {processor.py:183} INFO - Processing /home/airflow/.local/lib/python3.12/site-packages/airflow/example_dags/example_display_name.py took 0.102 seconds
[2026-05-01T13:39:29.510+0000] {processor.py:161} INFO - Started process (PID=1720) to work on /home/airflow/.local/lib/python3.12/site-packages/airflow/example_dags/example_display_name.py
[2026-05-01T13:39:29.513+0000] {processor.py:830} INFO - Processing file /home/airflow/.local/lib/python3.12/site-packages/airflow/example_dags/example_display_name.py for tasks to queue
[2026-05-01T13:39:29.518+0000] {logging_mixin.py:188} INFO - [2026-05-01T13:39:29.517+0000] {dagbag.py:545} INFO - Filling up the DagBag from /home/airflow/.local/lib/python3.12/site-packages/airflow/example_dags/example_display_name.py
[2026-05-01T13:39:29.527+0000] {processor.py:840} INFO - DAG(s) 'example_display_name' retrieved from /home/airflow/.local/lib/python3.12/site-packages/airflow/example_dags/example_display_name.py
[2026-05-01T13:39:29.555+0000] {logging_mixin.py:188} INFO - [2026-05-01T13:39:29.555+0000] {dag.py:3089} INFO - Sync 1 DAGs
[2026-05-01T13:39:29.573+0000] {logging_mixin.py:188} INFO - [2026-05-01T13:39:29.573+0000] {dag.py:3947} INFO - Setting next_dagrun for example_display_name to None, run_after=None
[2026-05-01T13:39:29.605+0000] {processor.py:183} INFO - Processing /home/airflow/.local/lib/python3.12/site-packages/airflow/example_dags/example_display_name.py took 0.108 seconds
[2026-05-01T13:40:00.051+0000] {processor.py:161} INFO - Started process (PID=1778) to work on /home/airflow/.local/lib/python3.12/site-packages/airflow/example_dags/example_display_name.py
[2026-05-01T13:40:00.072+0000] {processor.py:830} INFO - Processing file /home/airflow/.local/lib/python3.12/site-packages/airflow/example_dags/example_display_name.py for tasks to queue
[2026-05-01T13:40:00.078+0000] {logging_mixin.py:188} INFO - [2026-05-01T13:40:00.077+0000] {dagbag.py:545} INFO - Filling up the DagBag from /home/airflow/.local/lib/python3.12/site-packages/airflow/example_dags/example_display_name.py
[2026-05-01T13:40:00.117+0000] {processor.py:840} INFO - DAG(s) 'example_display_name' retrieved from /home/airflow/.local/lib/python3.12/site-packages/airflow/example_dags/example_display_name.py
[2026-05-01T13:40:00.217+0000] {logging_mixin.py:188} INFO - [2026-05-01T13:40:00.217+0000] {dag.py:3089} INFO - Sync 1 DAGs
[2026-05-01T13:40:00.757+0000] {logging_mixin.py:188} INFO - [2026-05-01T13:40:00.757+0000] {dag.py:3947} INFO - Setting next_dagrun for example_display_name to None, run_after=None
[2026-05-01T13:40:00.796+0000] {processor.py:183} INFO - Processing /home/airflow/.local/lib/python3.12/site-packages/airflow/example_dags/example_display_name.py took 0.813 seconds
[2026-05-01T13:42:11.652+0000] {processor.py:161} INFO - Started process (PID=30) to work on /home/airflow/.local/lib/python3.12/site-packages/airflow/example_dags/example_display_name.py
[2026-05-01T13:42:11.664+0000] {processor.py:830} INFO - Processing file /home/airflow/.local/lib/python3.12/site-packages/airflow/example_dags/example_display_name.py for tasks to queue
[2026-05-01T13:42:11.679+0000] {logging_mixin.py:188} INFO - [2026-05-01T13:42:11.678+0000] {dagbag.py:545} INFO - Filling up the DagBag from /home/airflow/.local/lib/python3.12/site-packages/airflow/example_dags/example_display_name.py
[2026-05-01T13:42:11.822+0000] {processor.py:840} INFO - DAG(s) 'example_display_name' retrieved from /home/airflow/.local/lib/python3.12/site-packages/airflow/example_dags/example_display_name.py
[2026-05-01T13:42:13.938+0000] {logging_mixin.py:188} INFO - [2026-05-01T13:42:13.938+0000] {dag.py:3089} INFO - Sync 1 DAGs
[2026-05-01T13:42:14.073+0000] {logging_mixin.py:188} INFO - [2026-05-01T13:42:14.073+0000] {dag.py:3947} INFO - Setting next_dagrun for example_display_name to None, run_after=None
[2026-05-01T13:42:14.210+0000] {processor.py:183} INFO - Processing /home/airflow/.local/lib/python3.12/site-packages/airflow/example_dags/example_display_name.py took 2.605 seconds
[2026-05-01T13:42:52.863+0000] {processor.py:161} INFO - Started process (PID=94) to work on /home/airflow/.local/lib/python3.12/site-packages/airflow/example_dags/example_display_name.py
[2026-05-01T13:42:52.867+0000] {processor.py:830} INFO - Processing file /home/airflow/.local/lib/python3.12/site-packages/airflow/example_dags/example_display_name.py for tasks to queue
[2026-05-01T13:42:52.882+0000] {logging_mixin.py:188} INFO - [2026-05-01T13:42:52.882+0000] {dagbag.py:545} INFO - Filling up the DagBag from /home/airflow/.local/lib/python3.12/site-packages/airflow/example_dags/example_display_name.py
[2026-05-01T13:42:52.909+0000] {processor.py:840} INFO - DAG(s) 'example_display_name' retrieved from /home/airflow/.local/lib/python3.12/site-packages/airflow/example_dags/example_display_name.py
[2026-05-01T13:42:52.981+0000] {logging_mixin.py:188} INFO - [2026-05-01T13:42:52.981+0000] {dag.py:3089} INFO - Sync 1 DAGs
[2026-05-01T13:42:53.016+0000] {logging_mixin.py:188} INFO - [2026-05-01T13:42:53.016+0000] {dag.py:3947} INFO - Setting next_dagrun for example_display_name to None, run_after=None
[2026-05-01T13:42:53.101+0000] {processor.py:183} INFO - Processing /home/airflow/.local/lib/python3.12/site-packages/airflow/example_dags/example_display_name.py took 0.252 seconds
[2026-05-01T13:43:25.351+0000] {processor.py:161} INFO - Started process (PID=142) to work on /home/airflow/.local/lib/python3.12/site-packages/airflow/example_dags/example_display_name.py
[2026-05-01T13:43:25.354+0000] {processor.py:830} INFO - Processing file /home/airflow/.local/lib/python3.12/site-packages/airflow/example_dags/example_display_name.py for tasks to queue
[2026-05-01T13:43:25.359+0000] {logging_mixin.py:188} INFO - [2026-05-01T13:43:25.358+0000] {dagbag.py:545} INFO - Filling up the DagBag from /home/airflow/.local/lib/python3.12/site-packages/airflow/example_dags/example_display_name.py
[2026-05-01T13:43:25.373+0000] {processor.py:840} INFO - DAG(s) 'example_display_name' retrieved from /home/airflow/.local/lib/python3.12/site-packages/airflow/example_dags/example_display_name.py
[2026-05-01T13:43:25.411+0000] {logging_mixin.py:188} INFO - [2026-05-01T13:43:25.411+0000] {dag.py:3089} INFO - Sync 1 DAGs
[2026-05-01T13:43:25.431+0000] {logging_mixin.py:188} INFO - [2026-05-01T13:43:25.431+0000] {dag.py:3947} INFO - Setting next_dagrun for example_display_name to None, run_after=None
[2026-05-01T13:43:25.502+0000] {processor.py:183} INFO - Processing /home/airflow/.local/lib/python3.12/site-packages/airflow/example_dags/example_display_name.py took 0.162 seconds
[2026-05-01T13:43:56.585+0000] {processor.py:161} INFO - Started process (PID=199) to work on /home/airflow/.local/lib/python3.12/site-packages/airflow/example_dags/example_display_name.py
[2026-05-01T13:43:56.594+0000] {processor.py:830} INFO - Processing file /home/airflow/.local/lib/python3.12/site-packages/airflow/example_dags/example_display_name.py for tasks to queue
[2026-05-01T13:43:56.603+0000] {logging_mixin.py:188} INFO - [2026-05-01T13:43:56.602+0000] {dagbag.py:545} INFO - Filling up the DagBag from /home/airflow/.local/lib/python3.12/site-packages/airflow/example_dags/example_display_name.py
[2026-05-01T13:43:56.637+0000] {processor.py:840} INFO - DAG(s) 'example_display_name' retrieved from /home/airflow/.local/lib/python3.12/site-packages/airflow/example_dags/example_display_name.py
[2026-05-01T13:43:56.718+0000] {logging_mixin.py:188} INFO - [2026-05-01T13:43:56.717+0000] {dag.py:3089} INFO - Sync 1 DAGs
[2026-05-01T13:43:56.751+0000] {logging_mixin.py:188} INFO - [2026-05-01T13:43:56.751+0000] {dag.py:3947} INFO - Setting next_dagrun for example_display_name to None, run_after=None
[2026-05-01T13:43:56.854+0000] {processor.py:183} INFO - Processing /home/airflow/.local/lib/python3.12/site-packages/airflow/example_dags/example_display_name.py took 0.282 seconds
[2026-05-01T13:44:27.500+0000] {processor.py:161} INFO - Started process (PID=255) to work on /home/airflow/.local/lib/python3.12/site-packages/airflow/example_dags/example_display_name.py
[2026-05-01T13:44:27.503+0000] {processor.py:830} INFO - Processing file /home/airflow/.local/lib/python3.12/site-packages/airflow/example_dags/example_display_name.py for tasks to queue
[2026-05-01T13:44:27.511+0000] {logging_mixin.py:188} INFO - [2026-05-01T13:44:27.510+0000] {dagbag.py:545} INFO - Filling up the DagBag from /home/airflow/.local/lib/python3.12/site-packages/airflow/example_dags/example_display_name.py
[2026-05-01T13:44:27.532+0000] {processor.py:840} INFO - DAG(s) 'example_display_name' retrieved from /home/airflow/.local/lib/python3.12/site-packages/airflow/example_dags/example_display_name.py
[2026-05-01T13:44:27.627+0000] {logging_mixin.py:188} INFO - [2026-05-01T13:44:27.626+0000] {dag.py:3089} INFO - Sync 1 DAGs
[2026-05-01T13:44:27.759+0000] {logging_mixin.py:188} INFO - [2026-05-01T13:44:27.759+0000] {dag.py:3947} INFO - Setting next_dagrun for example_display_name to None, run_after=None
[2026-05-01T13:44:27.844+0000] {processor.py:183} INFO - Processing /home/airflow/.local/lib/python3.12/site-packages/airflow/example_dags/example_display_name.py took 0.374 seconds
[2026-05-01T13:44:58.031+0000] {processor.py:161} INFO - Started process (PID=312) to work on /home/airflow/.local/lib/python3.12/site-packages/airflow/example_dags/example_display_name.py
[2026-05-01T13:44:58.045+0000] {processor.py:830} INFO - Processing file /home/airflow/.local/lib/python3.12/site-packages/airflow/example_dags/example_display_name.py for tasks to queue
[2026-05-01T13:44:58.065+0000] {logging_mixin.py:188} INFO - [2026-05-01T13:44:58.065+0000] {dagbag.py:545} INFO - Filling up the DagBag from /home/airflow/.local/lib/python3.12/site-packages/airflow/example_dags/example_display_name.py
[2026-05-01T13:44:58.122+0000] {processor.py:840} INFO - DAG(s) 'example_display_name' retrieved from /home/airflow/.local/lib/python3.12/site-packages/airflow/example_dags/example_display_name.py
[2026-05-01T13:44:58.181+0000] {logging_mixin.py:188} INFO - [2026-05-01T13:44:58.181+0000] {dag.py:3089} INFO - Sync 1 DAGs
[2026-05-01T13:44:58.223+0000] {logging_mixin.py:188} INFO - [2026-05-01T13:44:58.223+0000] {dag.py:3947} INFO - Setting next_dagrun for example_display_name to None, run_after=None
[2026-05-01T13:44:58.287+0000] {processor.py:183} INFO - Processing /home/airflow/.local/lib/python3.12/site-packages/airflow/example_dags/example_display_name.py took 0.294 seconds
[2026-05-01T13:45:28.738+0000] {processor.py:161} INFO - Started process (PID=367) to work on /home/airflow/.local/lib/python3.12/site-packages/airflow/example_dags/example_display_name.py
[2026-05-01T13:45:28.753+0000] {processor.py:830} INFO - Processing file /home/airflow/.local/lib/python3.12/site-packages/airflow/example_dags/example_display_name.py for tasks to queue
[2026-05-01T13:45:28.774+0000] {logging_mixin.py:188} INFO - [2026-05-01T13:45:28.761+0000] {dagbag.py:545} INFO - Filling up the DagBag from /home/airflow/.local/lib/python3.12/site-packages/airflow/example_dags/example_display_name.py
[2026-05-01T13:45:28.810+0000] {processor.py:840} INFO - DAG(s) 'example_display_name' retrieved from /home/airflow/.local/lib/python3.12/site-packages/airflow/example_dags/example_display_name.py
[2026-05-01T13:45:28.904+0000] {logging_mixin.py:188} INFO - [2026-05-01T13:45:28.903+0000] {dag.py:3089} INFO - Sync 1 DAGs
[2026-05-01T13:45:28.956+0000] {logging_mixin.py:188} INFO - [2026-05-01T13:45:28.945+0000] {dag.py:3947} INFO - Setting next_dagrun for example_display_name to None, run_after=None
[2026-05-01T13:45:29.102+0000] {processor.py:183} INFO - Processing /home/airflow/.local/lib/python3.12/site-packages/airflow/example_dags/example_display_name.py took 0.377 seconds
[2026-05-01T13:45:59.223+0000] {processor.py:161} INFO - Started process (PID=425) to work on /home/airflow/.local/lib/python3.12/site-packages/airflow/example_dags/example_display_name.py
[2026-05-01T13:45:59.227+0000] {processor.py:830} INFO - Processing file /home/airflow/.local/lib/python3.12/site-packages/airflow/example_dags/example_display_name.py for tasks to queue
[2026-05-01T13:45:59.231+0000] {logging_mixin.py:188} INFO - [2026-05-01T13:45:59.230+0000] {dagbag.py:545} INFO - Filling up the DagBag from /home/airflow/.local/lib/python3.12/site-packages/airflow/example_dags/example_display_name.py
[2026-05-01T13:45:59.241+0000] {processor.py:840} INFO - DAG(s) 'example_display_name' retrieved from /home/airflow/.local/lib/python3.12/site-packages/airflow/example_dags/example_display_name.py
[2026-05-01T13:45:59.269+0000] {logging_mixin.py:188} INFO - [2026-05-01T13:45:59.269+0000] {dag.py:3089} INFO - Sync 1 DAGs
[2026-05-01T13:45:59.288+0000] {logging_mixin.py:188} INFO - [2026-05-01T13:45:59.288+0000] {dag.py:3947} INFO - Setting next_dagrun for example_display_name to None, run_after=None
[2026-05-01T13:45:59.318+0000] {processor.py:183} INFO - Processing /home/airflow/.local/lib/python3.12/site-packages/airflow/example_dags/example_display_name.py took 0.104 seconds
[2026-05-01T13:46:29.626+0000] {processor.py:161} INFO - Started process (PID=483) to work on /home/airflow/.local/lib/python3.12/site-packages/airflow/example_dags/example_display_name.py
[2026-05-01T13:46:29.628+0000] {processor.py:830} INFO - Processing file /home/airflow/.local/lib/python3.12/site-packages/airflow/example_dags/example_display_name.py for tasks to queue
[2026-05-01T13:46:29.634+0000] {logging_mixin.py:188} INFO - [2026-05-01T13:46:29.633+0000] {dagbag.py:545} INFO - Filling up the DagBag from /home/airflow/.local/lib/python3.12/site-packages/airflow/example_dags/example_display_name.py
[2026-05-01T13:46:29.657+0000] {processor.py:840} INFO - DAG(s) 'example_display_name' retrieved from /home/airflow/.local/lib/python3.12/site-packages/airflow/example_dags/example_display_name.py
[2026-05-01T13:46:29.693+0000] {logging_mixin.py:188} INFO - [2026-05-01T13:46:29.693+0000] {dag.py:3089} INFO - Sync 1 DAGs
[2026-05-01T13:46:29.722+0000] {logging_mixin.py:188} INFO - [2026-05-01T13:46:29.722+0000] {dag.py:3947} INFO - Setting next_dagrun for example_display_name to None, run_after=None
[2026-05-01T13:46:29.751+0000] {processor.py:183} INFO - Processing /home/airflow/.local/lib/python3.12/site-packages/airflow/example_dags/example_display_name.py took 0.150 seconds
[2026-05-01T13:47:00.247+0000] {processor.py:161} INFO - Started process (PID=541) to work on /home/airflow/.local/lib/python3.12/site-packages/airflow/example_dags/example_display_name.py
[2026-05-01T13:47:00.251+0000] {processor.py:830} INFO - Processing file /home/airflow/.local/lib/python3.12/site-packages/airflow/example_dags/example_display_name.py for tasks to queue
[2026-05-01T13:47:00.256+0000] {logging_mixin.py:188} INFO - [2026-05-01T13:47:00.256+0000] {dagbag.py:545} INFO - Filling up the DagBag from /home/airflow/.local/lib/python3.12/site-packages/airflow/example_dags/example_display_name.py
[2026-05-01T13:47:00.278+0000] {processor.py:840} INFO - DAG(s) 'example_display_name' retrieved from /home/airflow/.local/lib/python3.12/site-packages/airflow/example_dags/example_display_name.py
[2026-05-01T13:47:00.311+0000] {logging_mixin.py:188} INFO - [2026-05-01T13:47:00.311+0000] {dag.py:3089} INFO - Sync 1 DAGs
[2026-05-01T13:47:00.343+0000] {logging_mixin.py:188} INFO - [2026-05-01T13:47:00.343+0000] {dag.py:3947} INFO - Setting next_dagrun for example_display_name to None, run_after=None
[2026-05-01T13:47:00.374+0000] {processor.py:183} INFO - Processing /home/airflow/.local/lib/python3.12/site-packages/airflow/example_dags/example_display_name.py took 0.138 seconds
[2026-05-01T13:47:30.800+0000] {processor.py:161} INFO - Started process (PID=599) to work on /home/airflow/.local/lib/python3.12/site-packages/airflow/example_dags/example_display_name.py
[2026-05-01T13:47:30.812+0000] {processor.py:830} INFO - Processing file /home/airflow/.local/lib/python3.12/site-packages/airflow/example_dags/example_display_name.py for tasks to queue
[2026-05-01T13:47:30.823+0000] {logging_mixin.py:188} INFO - [2026-05-01T13:47:30.822+0000] {dagbag.py:545} INFO - Filling up the DagBag from /home/airflow/.local/lib/python3.12/site-packages/airflow/example_dags/example_display_name.py
[2026-05-01T13:47:30.844+0000] {processor.py:840} INFO - DAG(s) 'example_display_name' retrieved from /home/airflow/.local/lib/python3.12/site-packages/airflow/example_dags/example_display_name.py
[2026-05-01T13:47:30.907+0000] {logging_mixin.py:188} INFO - [2026-05-01T13:47:30.906+0000] {dag.py:3089} INFO - Sync 1 DAGs
[2026-05-01T13:47:30.949+0000] {logging_mixin.py:188} INFO - [2026-05-01T13:47:30.949+0000] {dag.py:3947} INFO - Setting next_dagrun for example_display_name to None, run_after=None
[2026-05-01T13:47:31.000+0000] {processor.py:183} INFO - Processing /home/airflow/.local/lib/python3.12/site-packages/airflow/example_dags/example_display_name.py took 0.216 seconds
[2026-05-01T13:48:01.493+0000] {processor.py:161} INFO - Started process (PID=654) to work on /home/airflow/.local/lib/python3.12/site-packages/airflow/example_dags/example_display_name.py
[2026-05-01T13:48:01.504+0000] {processor.py:830} INFO - Processing file /home/airflow/.local/lib/python3.12/site-packages/airflow/example_dags/example_display_name.py for tasks to queue
[2026-05-01T13:48:01.511+0000] {logging_mixin.py:188} INFO - [2026-05-01T13:48:01.510+0000] {dagbag.py:545} INFO - Filling up the DagBag from /home/airflow/.local/lib/python3.12/site-packages/airflow/example_dags/example_display_name.py
[2026-05-01T13:48:01.533+0000] {processor.py:840} INFO - DAG(s) 'example_display_name' retrieved from /home/airflow/.local/lib/python3.12/site-packages/airflow/example_dags/example_display_name.py
[2026-05-01T13:48:01.598+0000] {logging_mixin.py:188} INFO - [2026-05-01T13:48:01.598+0000] {dag.py:3089} INFO - Sync 1 DAGs
[2026-05-01T13:48:01.621+0000] {logging_mixin.py:188} INFO - [2026-05-01T13:48:01.621+0000] {dag.py:3947} INFO - Setting next_dagrun for example_display_name to None, run_after=None
[2026-05-01T13:48:01.663+0000] {processor.py:183} INFO - Processing /home/airflow/.local/lib/python3.12/site-packages/airflow/example_dags/example_display_name.py took 0.197 seconds
[2026-05-01T13:48:32.096+0000] {processor.py:161} INFO - Started process (PID=711) to work on /home/airflow/.local/lib/python3.12/site-packages/airflow/example_dags/example_display_name.py
[2026-05-01T13:48:32.100+0000] {processor.py:830} INFO - Processing file /home/airflow/.local/lib/python3.12/site-packages/airflow/example_dags/example_display_name.py for tasks to queue
[2026-05-01T13:48:32.104+0000] {logging_mixin.py:188} INFO - [2026-05-01T13:48:32.104+0000] {dagbag.py:545} INFO - Filling up the DagBag from /home/airflow/.local/lib/python3.12/site-packages/airflow/example_dags/example_display_name.py
[2026-05-01T13:48:32.117+0000] {processor.py:840} INFO - DAG(s) 'example_display_name' retrieved from /home/airflow/.local/lib/python3.12/site-packages/airflow/example_dags/example_display_name.py
[2026-05-01T13:48:32.153+0000] {logging_mixin.py:188} INFO - [2026-05-01T13:48:32.153+0000] {dag.py:3089} INFO - Sync 1 DAGs
[2026-05-01T13:48:32.171+0000] {logging_mixin.py:188} INFO - [2026-05-01T13:48:32.170+0000] {dag.py:3947} INFO - Setting next_dagrun for example_display_name to None, run_after=None
[2026-05-01T13:48:32.199+0000] {processor.py:183} INFO - Processing /home/airflow/.local/lib/python3.12/site-packages/airflow/example_dags/example_display_name.py took 0.116 seconds
[2026-05-01T13:49:02.695+0000] {processor.py:161} INFO - Started process (PID=769) to work on /home/airflow/.local/lib/python3.12/site-packages/airflow/example_dags/example_display_name.py
[2026-05-01T13:49:02.699+0000] {processor.py:830} INFO - Processing file /home/airflow/.local/lib/python3.12/site-packages/airflow/example_dags/example_display_name.py for tasks to queue
[2026-05-01T13:49:02.704+0000] {logging_mixin.py:188} INFO - [2026-05-01T13:49:02.703+0000] {dagbag.py:545} INFO - Filling up the DagBag from /home/airflow/.local/lib/python3.12/site-packages/airflow/example_dags/example_display_name.py
[2026-05-01T13:49:02.720+0000] {processor.py:840} INFO - DAG(s) 'example_display_name' retrieved from /home/airflow/.local/lib/python3.12/site-packages/airflow/example_dags/example_display_name.py
[2026-05-01T13:49:02.752+0000] {logging_mixin.py:188} INFO - [2026-05-01T13:49:02.751+0000] {dag.py:3089} INFO - Sync 1 DAGs
[2026-05-01T13:49:02.777+0000] {logging_mixin.py:188} INFO - [2026-05-01T13:49:02.777+0000] {dag.py:3947} INFO - Setting next_dagrun for example_display_name to None, run_after=None
[2026-05-01T13:49:02.823+0000] {processor.py:183} INFO - Processing /home/airflow/.local/lib/python3.12/site-packages/airflow/example_dags/example_display_name.py took 0.139 seconds
[2026-05-01T13:49:33.050+0000] {processor.py:161} INFO - Started process (PID=827) to work on /home/airflow/.local/lib/python3.12/site-packages/airflow/example_dags/example_display_name.py
[2026-05-01T13:49:33.053+0000] {processor.py:830} INFO - Processing file /home/airflow/.local/lib/python3.12/site-packages/airflow/example_dags/example_display_name.py for tasks to queue
[2026-05-01T13:49:33.057+0000] {logging_mixin.py:188} INFO - [2026-05-01T13:49:33.056+0000] {dagbag.py:545} INFO - Filling up the DagBag from /home/airflow/.local/lib/python3.12/site-packages/airflow/example_dags/example_display_name.py
[2026-05-01T13:49:33.068+0000] {processor.py:840} INFO - DAG(s) 'example_display_name' retrieved from /home/airflow/.local/lib/python3.12/site-packages/airflow/example_dags/example_display_name.py
[2026-05-01T13:49:33.096+0000] {logging_mixin.py:188} INFO - [2026-05-01T13:49:33.096+0000] {dag.py:3089} INFO - Sync 1 DAGs
[2026-05-01T13:49:33.122+0000] {logging_mixin.py:188} INFO - [2026-05-01T13:49:33.122+0000] {dag.py:3947} INFO - Setting next_dagrun for example_display_name to None, run_after=None
[2026-05-01T13:49:33.154+0000] {processor.py:183} INFO - Processing /home/airflow/.local/lib/python3.12/site-packages/airflow/example_dags/example_display_name.py took 0.117 seconds
[2026-05-01T13:50:03.374+0000] {processor.py:161} INFO - Started process (PID=884) to work on /home/airflow/.local/lib/python3.12/site-packages/airflow/example_dags/example_display_name.py
[2026-05-01T13:50:03.377+0000] {processor.py:830} INFO - Processing file /home/airflow/.local/lib/python3.12/site-packages/airflow/example_dags/example_display_name.py for tasks to queue
[2026-05-01T13:50:03.387+0000] {logging_mixin.py:188} INFO - [2026-05-01T13:50:03.386+0000] {dagbag.py:545} INFO - Filling up the DagBag from /home/airflow/.local/lib/python3.12/site-packages/airflow/example_dags/example_display_name.py
[2026-05-01T13:50:03.408+0000] {processor.py:840} INFO - DAG(s) 'example_display_name' retrieved from /home/airflow/.local/lib/python3.12/site-packages/airflow/example_dags/example_display_name.py
[2026-05-01T13:50:03.474+0000] {logging_mixin.py:188} INFO - [2026-05-01T13:50:03.473+0000] {dag.py:3089} INFO - Sync 1 DAGs
[2026-05-01T13:50:03.501+0000] {logging_mixin.py:188} INFO - [2026-05-01T13:50:03.500+0000] {dag.py:3947} INFO - Setting next_dagrun for example_display_name to None, run_after=None
[2026-05-01T13:50:03.531+0000] {processor.py:183} INFO - Processing /home/airflow/.local/lib/python3.12/site-packages/airflow/example_dags/example_display_name.py took 0.178 seconds
[2026-05-01T13:50:33.921+0000] {processor.py:161} INFO - Started process (PID=940) to work on /home/airflow/.local/lib/python3.12/site-packages/airflow/example_dags/example_display_name.py
[2026-05-01T13:50:33.924+0000] {processor.py:830} INFO - Processing file /home/airflow/.local/lib/python3.12/site-packages/airflow/example_dags/example_display_name.py for tasks to queue
[2026-05-01T13:50:33.931+0000] {logging_mixin.py:188} INFO - [2026-05-01T13:50:33.931+0000] {dagbag.py:545} INFO - Filling up the DagBag from /home/airflow/.local/lib/python3.12/site-packages/airflow/example_dags/example_display_name.py
[2026-05-01T13:50:33.948+0000] {processor.py:840} INFO - DAG(s) 'example_display_name' retrieved from /home/airflow/.local/lib/python3.12/site-packages/airflow/example_dags/example_display_name.py
[2026-05-01T13:50:33.985+0000] {logging_mixin.py:188} INFO - [2026-05-01T13:50:33.984+0000] {dag.py:3089} INFO - Sync 1 DAGs
[2026-05-01T13:50:34.017+0000] {logging_mixin.py:188} INFO - [2026-05-01T13:50:34.017+0000] {dag.py:3947} INFO - Setting next_dagrun for example_display_name to None, run_after=None
[2026-05-01T13:50:34.062+0000] {processor.py:183} INFO - Processing /home/airflow/.local/lib/python3.12/site-packages/airflow/example_dags/example_display_name.py took 0.171 seconds
[2026-05-01T13:51:04.296+0000] {processor.py:161} INFO - Started process (PID=997) to work on /home/airflow/.local/lib/python3.12/site-packages/airflow/example_dags/example_display_name.py
[2026-05-01T13:51:04.311+0000] {processor.py:830} INFO - Processing file /home/airflow/.local/lib/python3.12/site-packages/airflow/example_dags/example_display_name.py for tasks to queue
[2026-05-01T13:51:04.328+0000] {logging_mixin.py:188} INFO - [2026-05-01T13:51:04.327+0000] {dagbag.py:545} INFO - Filling up the DagBag from /home/airflow/.local/lib/python3.12/site-packages/airflow/example_dags/example_display_name.py
[2026-05-01T13:51:04.350+0000] {processor.py:840} INFO - DAG(s) 'example_display_name' retrieved from /home/airflow/.local/lib/python3.12/site-packages/airflow/example_dags/example_display_name.py
[2026-05-01T13:51:04.383+0000] {logging_mixin.py:188} INFO - [2026-05-01T13:51:04.383+0000] {dag.py:3089} INFO - Sync 1 DAGs
[2026-05-01T13:51:04.403+0000] {logging_mixin.py:188} INFO - [2026-05-01T13:51:04.403+0000] {dag.py:3947} INFO - Setting next_dagrun for example_display_name to None, run_after=None
[2026-05-01T13:51:04.454+0000] {processor.py:183} INFO - Processing /home/airflow/.local/lib/python3.12/site-packages/airflow/example_dags/example_display_name.py took 0.212 seconds
[2026-05-01T13:51:35.127+0000] {processor.py:161} INFO - Started process (PID=1055) to work on /home/airflow/.local/lib/python3.12/site-packages/airflow/example_dags/example_display_name.py
[2026-05-01T13:51:35.130+0000] {processor.py:830} INFO - Processing file /home/airflow/.local/lib/python3.12/site-packages/airflow/example_dags/example_display_name.py for tasks to queue
[2026-05-01T13:51:35.136+0000] {logging_mixin.py:188} INFO - [2026-05-01T13:51:35.135+0000] {dagbag.py:545} INFO - Filling up the DagBag from /home/airflow/.local/lib/python3.12/site-packages/airflow/example_dags/example_display_name.py
[2026-05-01T13:51:35.154+0000] {processor.py:840} INFO - DAG(s) 'example_display_name' retrieved from /home/airflow/.local/lib/python3.12/site-packages/airflow/example_dags/example_display_name.py
[2026-05-01T13:51:35.238+0000] {logging_mixin.py:188} INFO - [2026-05-01T13:51:35.236+0000] {dag.py:3089} INFO - Sync 1 DAGs
[2026-05-01T13:51:35.286+0000] {logging_mixin.py:188} INFO - [2026-05-01T13:51:35.286+0000] {dag.py:3947} INFO - Setting next_dagrun for example_display_name to None, run_after=None
[2026-05-01T13:51:35.351+0000] {processor.py:183} INFO - Processing /home/airflow/.local/lib/python3.12/site-packages/airflow/example_dags/example_display_name.py took 0.254 seconds
[2026-05-01T13:52:05.794+0000] {processor.py:161} INFO - Started process (PID=1109) to work on /home/airflow/.local/lib/python3.12/site-packages/airflow/example_dags/example_display_name.py
[2026-05-01T13:52:05.799+0000] {processor.py:830} INFO - Processing file /home/airflow/.local/lib/python3.12/site-packages/airflow/example_dags/example_display_name.py for tasks to queue
[2026-05-01T13:52:05.805+0000] {logging_mixin.py:188} INFO - [2026-05-01T13:52:05.804+0000] {dagbag.py:545} INFO - Filling up the DagBag from /home/airflow/.local/lib/python3.12/site-packages/airflow/example_dags/example_display_name.py
[2026-05-01T13:52:05.825+0000] {processor.py:840} INFO - DAG(s) 'example_display_name' retrieved from /home/airflow/.local/lib/python3.12/site-packages/airflow/example_dags/example_display_name.py
[2026-05-01T13:52:05.872+0000] {logging_mixin.py:188} INFO - [2026-05-01T13:52:05.871+0000] {dag.py:3089} INFO - Sync 1 DAGs
[2026-05-01T13:52:05.900+0000] {logging_mixin.py:188} INFO - [2026-05-01T13:52:05.900+0000] {dag.py:3947} INFO - Setting next_dagrun for example_display_name to None, run_after=None
[2026-05-01T13:52:05.942+0000] {processor.py:183} INFO - Processing /home/airflow/.local/lib/python3.12/site-packages/airflow/example_dags/example_display_name.py took 0.164 seconds
[2026-05-01T13:52:36.126+0000] {processor.py:161} INFO - Started process (PID=1167) to work on /home/airflow/.local/lib/python3.12/site-packages/airflow/example_dags/example_display_name.py
[2026-05-01T13:52:36.131+0000] {processor.py:830} INFO - Processing file /home/airflow/.local/lib/python3.12/site-packages/airflow/example_dags/example_display_name.py for tasks to queue
[2026-05-01T13:52:36.137+0000] {logging_mixin.py:188} INFO - [2026-05-01T13:52:36.137+0000] {dagbag.py:545} INFO - Filling up the DagBag from /home/airflow/.local/lib/python3.12/site-packages/airflow/example_dags/example_display_name.py
[2026-05-01T13:52:36.150+0000] {processor.py:840} INFO - DAG(s) 'example_display_name' retrieved from /home/airflow/.local/lib/python3.12/site-packages/airflow/example_dags/example_display_name.py
[2026-05-01T13:52:36.194+0000] {logging_mixin.py:188} INFO - [2026-05-01T13:52:36.194+0000] {dag.py:3089} INFO - Sync 1 DAGs
[2026-05-01T13:52:36.228+0000] {logging_mixin.py:188} INFO - [2026-05-01T13:52:36.228+0000] {dag.py:3947} INFO - Setting next_dagrun for example_display_name to None, run_after=None
[2026-05-01T13:52:36.256+0000] {processor.py:183} INFO - Processing /home/airflow/.local/lib/python3.12/site-packages/airflow/example_dags/example_display_name.py took 0.145 seconds
[2026-05-01T13:53:06.995+0000] {processor.py:161} INFO - Started process (PID=1225) to work on /home/airflow/.local/lib/python3.12/site-packages/airflow/example_dags/example_display_name.py
[2026-05-01T13:53:06.999+0000] {processor.py:830} INFO - Processing file /home/airflow/.local/lib/python3.12/site-packages/airflow/example_dags/example_display_name.py for tasks to queue
[2026-05-01T13:53:07.006+0000] {logging_mixin.py:188} INFO - [2026-05-01T13:53:07.005+0000] {dagbag.py:545} INFO - Filling up the DagBag from /home/airflow/.local/lib/python3.12/site-packages/airflow/example_dags/example_display_name.py
[2026-05-01T13:53:07.019+0000] {processor.py:840} INFO - DAG(s) 'example_display_name' retrieved from /home/airflow/.local/lib/python3.12/site-packages/airflow/example_dags/example_display_name.py
[2026-05-01T13:53:07.054+0000] {logging_mixin.py:188} INFO - [2026-05-01T13:53:07.054+0000] {dag.py:3089} INFO - Sync 1 DAGs
[2026-05-01T13:53:07.077+0000] {logging_mixin.py:188} INFO - [2026-05-01T13:53:07.077+0000] {dag.py:3947} INFO - Setting next_dagrun for example_display_name to None, run_after=None
[2026-05-01T13:53:07.110+0000] {processor.py:183} INFO - Processing /home/airflow/.local/lib/python3.12/site-packages/airflow/example_dags/example_display_name.py took 0.133 seconds
