[2026-05-01T13:24:14.319+0000] {processor.py:161} INFO - Started process (PID=51) to work on /home/airflow/.local/lib/python3.12/site-packages/airflow/example_dags/example_time_delta_sensor_async.py
[2026-05-01T13:24:14.339+0000] {processor.py:830} INFO - Processing file /home/airflow/.local/lib/python3.12/site-packages/airflow/example_dags/example_time_delta_sensor_async.py for tasks to queue
[2026-05-01T13:24:14.360+0000] {logging_mixin.py:188} INFO - [2026-05-01T13:24:14.359+0000] {dagbag.py:545} INFO - Filling up the DagBag from /home/airflow/.local/lib/python3.12/site-packages/airflow/example_dags/example_time_delta_sensor_async.py
[2026-05-01T13:24:14.465+0000] {processor.py:840} INFO - DAG(s) 'example_time_delta_sensor_async' retrieved from /home/airflow/.local/lib/python3.12/site-packages/airflow/example_dags/example_time_delta_sensor_async.py
[2026-05-01T13:24:15.251+0000] {logging_mixin.py:188} INFO - [2026-05-01T13:24:15.247+0000] {override.py:1858} INFO - Created Permission View: can delete on DAG:example_time_delta_sensor_async
[2026-05-01T13:24:15.311+0000] {logging_mixin.py:188} INFO - [2026-05-01T13:24:15.310+0000] {override.py:1858} INFO - Created Permission View: can edit on DAG:example_time_delta_sensor_async
[2026-05-01T13:24:15.337+0000] {logging_mixin.py:188} INFO - [2026-05-01T13:24:15.336+0000] {override.py:1858} INFO - Created Permission View: can read on DAG:example_time_delta_sensor_async
[2026-05-01T13:24:15.339+0000] {logging_mixin.py:188} INFO - [2026-05-01T13:24:15.338+0000] {dag.py:3089} INFO - Sync 1 DAGs
[2026-05-01T13:24:15.433+0000] {logging_mixin.py:188} INFO - [2026-05-01T13:24:15.433+0000] {dag.py:3111} INFO - Creating ORM DAG for example_time_delta_sensor_async
[2026-05-01T13:24:15.437+0000] {logging_mixin.py:188} INFO - [2026-05-01T13:24:15.436+0000] {dag.py:3947} INFO - Setting next_dagrun for example_time_delta_sensor_async to None, run_after=None
[2026-05-01T13:24:15.600+0000] {processor.py:183} INFO - Processing /home/airflow/.local/lib/python3.12/site-packages/airflow/example_dags/example_time_delta_sensor_async.py took 1.326 seconds
[2026-05-01T13:25:12.368+0000] {processor.py:161} INFO - Started process (PID=108) to work on /home/airflow/.local/lib/python3.12/site-packages/airflow/example_dags/example_time_delta_sensor_async.py
[2026-05-01T13:25:12.389+0000] {processor.py:830} INFO - Processing file /home/airflow/.local/lib/python3.12/site-packages/airflow/example_dags/example_time_delta_sensor_async.py for tasks to queue
[2026-05-01T13:25:12.422+0000] {logging_mixin.py:188} INFO - [2026-05-01T13:25:12.422+0000] {dagbag.py:545} INFO - Filling up the DagBag from /home/airflow/.local/lib/python3.12/site-packages/airflow/example_dags/example_time_delta_sensor_async.py
[2026-05-01T13:25:12.448+0000] {processor.py:840} INFO - DAG(s) 'example_time_delta_sensor_async' retrieved from /home/airflow/.local/lib/python3.12/site-packages/airflow/example_dags/example_time_delta_sensor_async.py
[2026-05-01T13:25:12.515+0000] {logging_mixin.py:188} INFO - [2026-05-01T13:25:12.515+0000] {dag.py:3089} INFO - Sync 1 DAGs
[2026-05-01T13:25:12.787+0000] {logging_mixin.py:188} INFO - [2026-05-01T13:25:12.786+0000] {dag.py:3947} INFO - Setting next_dagrun for example_time_delta_sensor_async to None, run_after=None
[2026-05-01T13:25:12.915+0000] {processor.py:183} INFO - Processing /home/airflow/.local/lib/python3.12/site-packages/airflow/example_dags/example_time_delta_sensor_async.py took 0.672 seconds
[2026-05-01T13:25:43.210+0000] {processor.py:161} INFO - Started process (PID=170) to work on /home/airflow/.local/lib/python3.12/site-packages/airflow/example_dags/example_time_delta_sensor_async.py
[2026-05-01T13:25:43.222+0000] {processor.py:830} INFO - Processing file /home/airflow/.local/lib/python3.12/site-packages/airflow/example_dags/example_time_delta_sensor_async.py for tasks to queue
[2026-05-01T13:25:43.256+0000] {logging_mixin.py:188} INFO - [2026-05-01T13:25:43.241+0000] {dagbag.py:545} INFO - Filling up the DagBag from /home/airflow/.local/lib/python3.12/site-packages/airflow/example_dags/example_time_delta_sensor_async.py
[2026-05-01T13:25:43.283+0000] {processor.py:840} INFO - DAG(s) 'example_time_delta_sensor_async' retrieved from /home/airflow/.local/lib/python3.12/site-packages/airflow/example_dags/example_time_delta_sensor_async.py
[2026-05-01T13:25:43.580+0000] {logging_mixin.py:188} INFO - [2026-05-01T13:25:43.580+0000] {dag.py:3089} INFO - Sync 1 DAGs
[2026-05-01T13:25:43.606+0000] {logging_mixin.py:188} INFO - [2026-05-01T13:25:43.606+0000] {dag.py:3947} INFO - Setting next_dagrun for example_time_delta_sensor_async to None, run_after=None
[2026-05-01T13:25:43.660+0000] {processor.py:183} INFO - Processing /home/airflow/.local/lib/python3.12/site-packages/airflow/example_dags/example_time_delta_sensor_async.py took 0.484 seconds
[2026-05-01T13:26:13.915+0000] {processor.py:161} INFO - Started process (PID=228) to work on /home/airflow/.local/lib/python3.12/site-packages/airflow/example_dags/example_time_delta_sensor_async.py
[2026-05-01T13:26:13.919+0000] {processor.py:830} INFO - Processing file /home/airflow/.local/lib/python3.12/site-packages/airflow/example_dags/example_time_delta_sensor_async.py for tasks to queue
[2026-05-01T13:26:13.926+0000] {logging_mixin.py:188} INFO - [2026-05-01T13:26:13.925+0000] {dagbag.py:545} INFO - Filling up the DagBag from /home/airflow/.local/lib/python3.12/site-packages/airflow/example_dags/example_time_delta_sensor_async.py
[2026-05-01T13:26:13.936+0000] {processor.py:840} INFO - DAG(s) 'example_time_delta_sensor_async' retrieved from /home/airflow/.local/lib/python3.12/site-packages/airflow/example_dags/example_time_delta_sensor_async.py
[2026-05-01T13:26:13.985+0000] {logging_mixin.py:188} INFO - [2026-05-01T13:26:13.984+0000] {dag.py:3089} INFO - Sync 1 DAGs
[2026-05-01T13:26:14.032+0000] {logging_mixin.py:188} INFO - [2026-05-01T13:26:14.031+0000] {dag.py:3947} INFO - Setting next_dagrun for example_time_delta_sensor_async to None, run_after=None
[2026-05-01T13:26:14.062+0000] {processor.py:183} INFO - Processing /home/airflow/.local/lib/python3.12/site-packages/airflow/example_dags/example_time_delta_sensor_async.py took 0.159 seconds
[2026-05-01T13:26:44.427+0000] {processor.py:161} INFO - Started process (PID=286) to work on /home/airflow/.local/lib/python3.12/site-packages/airflow/example_dags/example_time_delta_sensor_async.py
[2026-05-01T13:26:44.432+0000] {processor.py:830} INFO - Processing file /home/airflow/.local/lib/python3.12/site-packages/airflow/example_dags/example_time_delta_sensor_async.py for tasks to queue
[2026-05-01T13:26:44.444+0000] {logging_mixin.py:188} INFO - [2026-05-01T13:26:44.444+0000] {dagbag.py:545} INFO - Filling up the DagBag from /home/airflow/.local/lib/python3.12/site-packages/airflow/example_dags/example_time_delta_sensor_async.py
[2026-05-01T13:26:44.465+0000] {processor.py:840} INFO - DAG(s) 'example_time_delta_sensor_async' retrieved from /home/airflow/.local/lib/python3.12/site-packages/airflow/example_dags/example_time_delta_sensor_async.py
[2026-05-01T13:26:44.539+0000] {logging_mixin.py:188} INFO - [2026-05-01T13:26:44.539+0000] {dag.py:3089} INFO - Sync 1 DAGs
[2026-05-01T13:26:44.608+0000] {logging_mixin.py:188} INFO - [2026-05-01T13:26:44.607+0000] {dag.py:3947} INFO - Setting next_dagrun for example_time_delta_sensor_async to None, run_after=None
[2026-05-01T13:26:44.698+0000] {processor.py:183} INFO - Processing /home/airflow/.local/lib/python3.12/site-packages/airflow/example_dags/example_time_delta_sensor_async.py took 0.292 seconds
[2026-05-01T13:27:15.368+0000] {processor.py:161} INFO - Started process (PID=344) to work on /home/airflow/.local/lib/python3.12/site-packages/airflow/example_dags/example_time_delta_sensor_async.py
[2026-05-01T13:27:15.372+0000] {processor.py:830} INFO - Processing file /home/airflow/.local/lib/python3.12/site-packages/airflow/example_dags/example_time_delta_sensor_async.py for tasks to queue
[2026-05-01T13:27:15.377+0000] {logging_mixin.py:188} INFO - [2026-05-01T13:27:15.376+0000] {dagbag.py:545} INFO - Filling up the DagBag from /home/airflow/.local/lib/python3.12/site-packages/airflow/example_dags/example_time_delta_sensor_async.py
[2026-05-01T13:27:15.387+0000] {processor.py:840} INFO - DAG(s) 'example_time_delta_sensor_async' retrieved from /home/airflow/.local/lib/python3.12/site-packages/airflow/example_dags/example_time_delta_sensor_async.py
[2026-05-01T13:27:15.417+0000] {logging_mixin.py:188} INFO - [2026-05-01T13:27:15.417+0000] {dag.py:3089} INFO - Sync 1 DAGs
[2026-05-01T13:27:15.442+0000] {logging_mixin.py:188} INFO - [2026-05-01T13:27:15.441+0000] {dag.py:3947} INFO - Setting next_dagrun for example_time_delta_sensor_async to None, run_after=None
[2026-05-01T13:27:15.474+0000] {processor.py:183} INFO - Processing /home/airflow/.local/lib/python3.12/site-packages/airflow/example_dags/example_time_delta_sensor_async.py took 0.117 seconds
[2026-05-01T13:27:46.003+0000] {processor.py:161} INFO - Started process (PID=403) to work on /home/airflow/.local/lib/python3.12/site-packages/airflow/example_dags/example_time_delta_sensor_async.py
[2026-05-01T13:27:46.005+0000] {processor.py:830} INFO - Processing file /home/airflow/.local/lib/python3.12/site-packages/airflow/example_dags/example_time_delta_sensor_async.py for tasks to queue
[2026-05-01T13:27:46.009+0000] {logging_mixin.py:188} INFO - [2026-05-01T13:27:46.009+0000] {dagbag.py:545} INFO - Filling up the DagBag from /home/airflow/.local/lib/python3.12/site-packages/airflow/example_dags/example_time_delta_sensor_async.py
[2026-05-01T13:27:46.016+0000] {processor.py:840} INFO - DAG(s) 'example_time_delta_sensor_async' retrieved from /home/airflow/.local/lib/python3.12/site-packages/airflow/example_dags/example_time_delta_sensor_async.py
[2026-05-01T13:27:46.044+0000] {logging_mixin.py:188} INFO - [2026-05-01T13:27:46.044+0000] {dag.py:3089} INFO - Sync 1 DAGs
[2026-05-01T13:27:46.062+0000] {logging_mixin.py:188} INFO - [2026-05-01T13:27:46.062+0000] {dag.py:3947} INFO - Setting next_dagrun for example_time_delta_sensor_async to None, run_after=None
[2026-05-01T13:27:46.092+0000] {processor.py:183} INFO - Processing /home/airflow/.local/lib/python3.12/site-packages/airflow/example_dags/example_time_delta_sensor_async.py took 0.098 seconds
[2026-05-01T13:28:16.767+0000] {processor.py:161} INFO - Started process (PID=461) to work on /home/airflow/.local/lib/python3.12/site-packages/airflow/example_dags/example_time_delta_sensor_async.py
[2026-05-01T13:28:16.770+0000] {processor.py:830} INFO - Processing file /home/airflow/.local/lib/python3.12/site-packages/airflow/example_dags/example_time_delta_sensor_async.py for tasks to queue
[2026-05-01T13:28:16.778+0000] {logging_mixin.py:188} INFO - [2026-05-01T13:28:16.777+0000] {dagbag.py:545} INFO - Filling up the DagBag from /home/airflow/.local/lib/python3.12/site-packages/airflow/example_dags/example_time_delta_sensor_async.py
[2026-05-01T13:28:16.789+0000] {processor.py:840} INFO - DAG(s) 'example_time_delta_sensor_async' retrieved from /home/airflow/.local/lib/python3.12/site-packages/airflow/example_dags/example_time_delta_sensor_async.py
[2026-05-01T13:28:16.828+0000] {logging_mixin.py:188} INFO - [2026-05-01T13:28:16.828+0000] {dag.py:3089} INFO - Sync 1 DAGs
[2026-05-01T13:28:16.852+0000] {logging_mixin.py:188} INFO - [2026-05-01T13:28:16.851+0000] {dag.py:3947} INFO - Setting next_dagrun for example_time_delta_sensor_async to None, run_after=None
[2026-05-01T13:28:16.878+0000] {processor.py:183} INFO - Processing /home/airflow/.local/lib/python3.12/site-packages/airflow/example_dags/example_time_delta_sensor_async.py took 0.119 seconds
[2026-05-01T13:28:46.959+0000] {processor.py:161} INFO - Started process (PID=519) to work on /home/airflow/.local/lib/python3.12/site-packages/airflow/example_dags/example_time_delta_sensor_async.py
[2026-05-01T13:28:46.963+0000] {processor.py:830} INFO - Processing file /home/airflow/.local/lib/python3.12/site-packages/airflow/example_dags/example_time_delta_sensor_async.py for tasks to queue
[2026-05-01T13:28:46.968+0000] {logging_mixin.py:188} INFO - [2026-05-01T13:28:46.967+0000] {dagbag.py:545} INFO - Filling up the DagBag from /home/airflow/.local/lib/python3.12/site-packages/airflow/example_dags/example_time_delta_sensor_async.py
[2026-05-01T13:28:46.979+0000] {processor.py:840} INFO - DAG(s) 'example_time_delta_sensor_async' retrieved from /home/airflow/.local/lib/python3.12/site-packages/airflow/example_dags/example_time_delta_sensor_async.py
[2026-05-01T13:28:47.009+0000] {logging_mixin.py:188} INFO - [2026-05-01T13:28:47.009+0000] {dag.py:3089} INFO - Sync 1 DAGs
[2026-05-01T13:28:47.034+0000] {logging_mixin.py:188} INFO - [2026-05-01T13:28:47.033+0000] {dag.py:3947} INFO - Setting next_dagrun for example_time_delta_sensor_async to None, run_after=None
[2026-05-01T13:28:47.076+0000] {processor.py:183} INFO - Processing /home/airflow/.local/lib/python3.12/site-packages/airflow/example_dags/example_time_delta_sensor_async.py took 0.126 seconds
[2026-05-01T13:29:17.462+0000] {processor.py:161} INFO - Started process (PID=577) to work on /home/airflow/.local/lib/python3.12/site-packages/airflow/example_dags/example_time_delta_sensor_async.py
[2026-05-01T13:29:17.466+0000] {processor.py:830} INFO - Processing file /home/airflow/.local/lib/python3.12/site-packages/airflow/example_dags/example_time_delta_sensor_async.py for tasks to queue
[2026-05-01T13:29:17.473+0000] {logging_mixin.py:188} INFO - [2026-05-01T13:29:17.473+0000] {dagbag.py:545} INFO - Filling up the DagBag from /home/airflow/.local/lib/python3.12/site-packages/airflow/example_dags/example_time_delta_sensor_async.py
[2026-05-01T13:29:17.488+0000] {processor.py:840} INFO - DAG(s) 'example_time_delta_sensor_async' retrieved from /home/airflow/.local/lib/python3.12/site-packages/airflow/example_dags/example_time_delta_sensor_async.py
[2026-05-01T13:29:17.528+0000] {logging_mixin.py:188} INFO - [2026-05-01T13:29:17.528+0000] {dag.py:3089} INFO - Sync 1 DAGs
[2026-05-01T13:29:17.547+0000] {logging_mixin.py:188} INFO - [2026-05-01T13:29:17.546+0000] {dag.py:3947} INFO - Setting next_dagrun for example_time_delta_sensor_async to None, run_after=None
[2026-05-01T13:29:17.579+0000] {processor.py:183} INFO - Processing /home/airflow/.local/lib/python3.12/site-packages/airflow/example_dags/example_time_delta_sensor_async.py took 0.134 seconds
[2026-05-01T13:29:48.152+0000] {processor.py:161} INFO - Started process (PID=635) to work on /home/airflow/.local/lib/python3.12/site-packages/airflow/example_dags/example_time_delta_sensor_async.py
[2026-05-01T13:29:48.156+0000] {processor.py:830} INFO - Processing file /home/airflow/.local/lib/python3.12/site-packages/airflow/example_dags/example_time_delta_sensor_async.py for tasks to queue
[2026-05-01T13:29:48.162+0000] {logging_mixin.py:188} INFO - [2026-05-01T13:29:48.162+0000] {dagbag.py:545} INFO - Filling up the DagBag from /home/airflow/.local/lib/python3.12/site-packages/airflow/example_dags/example_time_delta_sensor_async.py
[2026-05-01T13:29:48.177+0000] {processor.py:840} INFO - DAG(s) 'example_time_delta_sensor_async' retrieved from /home/airflow/.local/lib/python3.12/site-packages/airflow/example_dags/example_time_delta_sensor_async.py
[2026-05-01T13:29:48.208+0000] {logging_mixin.py:188} INFO - [2026-05-01T13:29:48.208+0000] {dag.py:3089} INFO - Sync 1 DAGs
[2026-05-01T13:29:48.231+0000] {logging_mixin.py:188} INFO - [2026-05-01T13:29:48.230+0000] {dag.py:3947} INFO - Setting next_dagrun for example_time_delta_sensor_async to None, run_after=None
[2026-05-01T13:29:48.266+0000] {processor.py:183} INFO - Processing /home/airflow/.local/lib/python3.12/site-packages/airflow/example_dags/example_time_delta_sensor_async.py took 0.125 seconds
[2026-05-01T13:30:18.429+0000] {processor.py:161} INFO - Started process (PID=693) to work on /home/airflow/.local/lib/python3.12/site-packages/airflow/example_dags/example_time_delta_sensor_async.py
[2026-05-01T13:30:18.432+0000] {processor.py:830} INFO - Processing file /home/airflow/.local/lib/python3.12/site-packages/airflow/example_dags/example_time_delta_sensor_async.py for tasks to queue
[2026-05-01T13:30:18.437+0000] {logging_mixin.py:188} INFO - [2026-05-01T13:30:18.437+0000] {dagbag.py:545} INFO - Filling up the DagBag from /home/airflow/.local/lib/python3.12/site-packages/airflow/example_dags/example_time_delta_sensor_async.py
[2026-05-01T13:30:18.454+0000] {processor.py:840} INFO - DAG(s) 'example_time_delta_sensor_async' retrieved from /home/airflow/.local/lib/python3.12/site-packages/airflow/example_dags/example_time_delta_sensor_async.py
[2026-05-01T13:30:18.502+0000] {logging_mixin.py:188} INFO - [2026-05-01T13:30:18.502+0000] {dag.py:3089} INFO - Sync 1 DAGs
[2026-05-01T13:30:18.530+0000] {logging_mixin.py:188} INFO - [2026-05-01T13:30:18.529+0000] {dag.py:3947} INFO - Setting next_dagrun for example_time_delta_sensor_async to None, run_after=None
[2026-05-01T13:30:18.566+0000] {processor.py:183} INFO - Processing /home/airflow/.local/lib/python3.12/site-packages/airflow/example_dags/example_time_delta_sensor_async.py took 0.152 seconds
[2026-05-01T13:30:49.557+0000] {processor.py:161} INFO - Started process (PID=748) to work on /home/airflow/.local/lib/python3.12/site-packages/airflow/example_dags/example_time_delta_sensor_async.py
[2026-05-01T13:30:49.560+0000] {processor.py:830} INFO - Processing file /home/airflow/.local/lib/python3.12/site-packages/airflow/example_dags/example_time_delta_sensor_async.py for tasks to queue
[2026-05-01T13:30:49.568+0000] {logging_mixin.py:188} INFO - [2026-05-01T13:30:49.566+0000] {dagbag.py:545} INFO - Filling up the DagBag from /home/airflow/.local/lib/python3.12/site-packages/airflow/example_dags/example_time_delta_sensor_async.py
[2026-05-01T13:30:49.592+0000] {processor.py:840} INFO - DAG(s) 'example_time_delta_sensor_async' retrieved from /home/airflow/.local/lib/python3.12/site-packages/airflow/example_dags/example_time_delta_sensor_async.py
[2026-05-01T13:30:49.650+0000] {logging_mixin.py:188} INFO - [2026-05-01T13:30:49.650+0000] {dag.py:3089} INFO - Sync 1 DAGs
[2026-05-01T13:30:49.691+0000] {logging_mixin.py:188} INFO - [2026-05-01T13:30:49.691+0000] {dag.py:3947} INFO - Setting next_dagrun for example_time_delta_sensor_async to None, run_after=None
[2026-05-01T13:30:49.738+0000] {processor.py:183} INFO - Processing /home/airflow/.local/lib/python3.12/site-packages/airflow/example_dags/example_time_delta_sensor_async.py took 0.215 seconds
[2026-05-01T13:31:20.395+0000] {processor.py:161} INFO - Started process (PID=803) to work on /home/airflow/.local/lib/python3.12/site-packages/airflow/example_dags/example_time_delta_sensor_async.py
[2026-05-01T13:31:20.408+0000] {processor.py:830} INFO - Processing file /home/airflow/.local/lib/python3.12/site-packages/airflow/example_dags/example_time_delta_sensor_async.py for tasks to queue
[2026-05-01T13:31:20.421+0000] {logging_mixin.py:188} INFO - [2026-05-01T13:31:20.418+0000] {dagbag.py:545} INFO - Filling up the DagBag from /home/airflow/.local/lib/python3.12/site-packages/airflow/example_dags/example_time_delta_sensor_async.py
[2026-05-01T13:31:20.449+0000] {processor.py:840} INFO - DAG(s) 'example_time_delta_sensor_async' retrieved from /home/airflow/.local/lib/python3.12/site-packages/airflow/example_dags/example_time_delta_sensor_async.py
[2026-05-01T13:31:20.579+0000] {logging_mixin.py:188} INFO - [2026-05-01T13:31:20.578+0000] {dag.py:3089} INFO - Sync 1 DAGs
[2026-05-01T13:31:20.678+0000] {logging_mixin.py:188} INFO - [2026-05-01T13:31:20.671+0000] {dag.py:3947} INFO - Setting next_dagrun for example_time_delta_sensor_async to None, run_after=None
[2026-05-01T13:31:20.778+0000] {processor.py:183} INFO - Processing /home/airflow/.local/lib/python3.12/site-packages/airflow/example_dags/example_time_delta_sensor_async.py took 0.413 seconds
[2026-05-01T13:31:51.274+0000] {processor.py:161} INFO - Started process (PID=861) to work on /home/airflow/.local/lib/python3.12/site-packages/airflow/example_dags/example_time_delta_sensor_async.py
[2026-05-01T13:31:51.276+0000] {processor.py:830} INFO - Processing file /home/airflow/.local/lib/python3.12/site-packages/airflow/example_dags/example_time_delta_sensor_async.py for tasks to queue
[2026-05-01T13:31:51.288+0000] {logging_mixin.py:188} INFO - [2026-05-01T13:31:51.287+0000] {dagbag.py:545} INFO - Filling up the DagBag from /home/airflow/.local/lib/python3.12/site-packages/airflow/example_dags/example_time_delta_sensor_async.py
[2026-05-01T13:31:51.316+0000] {processor.py:840} INFO - DAG(s) 'example_time_delta_sensor_async' retrieved from /home/airflow/.local/lib/python3.12/site-packages/airflow/example_dags/example_time_delta_sensor_async.py
[2026-05-01T13:31:51.385+0000] {logging_mixin.py:188} INFO - [2026-05-01T13:31:51.384+0000] {dag.py:3089} INFO - Sync 1 DAGs
[2026-05-01T13:31:51.420+0000] {logging_mixin.py:188} INFO - [2026-05-01T13:31:51.420+0000] {dag.py:3947} INFO - Setting next_dagrun for example_time_delta_sensor_async to None, run_after=None
[2026-05-01T13:31:51.455+0000] {processor.py:183} INFO - Processing /home/airflow/.local/lib/python3.12/site-packages/airflow/example_dags/example_time_delta_sensor_async.py took 0.200 seconds
[2026-05-01T13:32:22.229+0000] {processor.py:161} INFO - Started process (PID=919) to work on /home/airflow/.local/lib/python3.12/site-packages/airflow/example_dags/example_time_delta_sensor_async.py
[2026-05-01T13:32:22.233+0000] {processor.py:830} INFO - Processing file /home/airflow/.local/lib/python3.12/site-packages/airflow/example_dags/example_time_delta_sensor_async.py for tasks to queue
[2026-05-01T13:32:22.241+0000] {logging_mixin.py:188} INFO - [2026-05-01T13:32:22.240+0000] {dagbag.py:545} INFO - Filling up the DagBag from /home/airflow/.local/lib/python3.12/site-packages/airflow/example_dags/example_time_delta_sensor_async.py
[2026-05-01T13:32:22.255+0000] {processor.py:840} INFO - DAG(s) 'example_time_delta_sensor_async' retrieved from /home/airflow/.local/lib/python3.12/site-packages/airflow/example_dags/example_time_delta_sensor_async.py
[2026-05-01T13:32:22.306+0000] {logging_mixin.py:188} INFO - [2026-05-01T13:32:22.306+0000] {dag.py:3089} INFO - Sync 1 DAGs
[2026-05-01T13:32:22.332+0000] {logging_mixin.py:188} INFO - [2026-05-01T13:32:22.332+0000] {dag.py:3947} INFO - Setting next_dagrun for example_time_delta_sensor_async to None, run_after=None
[2026-05-01T13:32:22.362+0000] {processor.py:183} INFO - Processing /home/airflow/.local/lib/python3.12/site-packages/airflow/example_dags/example_time_delta_sensor_async.py took 0.151 seconds
[2026-05-01T13:32:53.292+0000] {processor.py:161} INFO - Started process (PID=977) to work on /home/airflow/.local/lib/python3.12/site-packages/airflow/example_dags/example_time_delta_sensor_async.py
[2026-05-01T13:32:53.295+0000] {processor.py:830} INFO - Processing file /home/airflow/.local/lib/python3.12/site-packages/airflow/example_dags/example_time_delta_sensor_async.py for tasks to queue
[2026-05-01T13:32:53.302+0000] {logging_mixin.py:188} INFO - [2026-05-01T13:32:53.301+0000] {dagbag.py:545} INFO - Filling up the DagBag from /home/airflow/.local/lib/python3.12/site-packages/airflow/example_dags/example_time_delta_sensor_async.py
[2026-05-01T13:32:53.317+0000] {processor.py:840} INFO - DAG(s) 'example_time_delta_sensor_async' retrieved from /home/airflow/.local/lib/python3.12/site-packages/airflow/example_dags/example_time_delta_sensor_async.py
[2026-05-01T13:32:53.364+0000] {logging_mixin.py:188} INFO - [2026-05-01T13:32:53.363+0000] {dag.py:3089} INFO - Sync 1 DAGs
[2026-05-01T13:32:53.424+0000] {logging_mixin.py:188} INFO - [2026-05-01T13:32:53.424+0000] {dag.py:3947} INFO - Setting next_dagrun for example_time_delta_sensor_async to None, run_after=None
[2026-05-01T13:32:53.500+0000] {processor.py:183} INFO - Processing /home/airflow/.local/lib/python3.12/site-packages/airflow/example_dags/example_time_delta_sensor_async.py took 0.225 seconds
[2026-05-01T13:33:23.786+0000] {processor.py:161} INFO - Started process (PID=1033) to work on /home/airflow/.local/lib/python3.12/site-packages/airflow/example_dags/example_time_delta_sensor_async.py
[2026-05-01T13:33:23.790+0000] {processor.py:830} INFO - Processing file /home/airflow/.local/lib/python3.12/site-packages/airflow/example_dags/example_time_delta_sensor_async.py for tasks to queue
[2026-05-01T13:33:23.795+0000] {logging_mixin.py:188} INFO - [2026-05-01T13:33:23.795+0000] {dagbag.py:545} INFO - Filling up the DagBag from /home/airflow/.local/lib/python3.12/site-packages/airflow/example_dags/example_time_delta_sensor_async.py
[2026-05-01T13:33:23.805+0000] {processor.py:840} INFO - DAG(s) 'example_time_delta_sensor_async' retrieved from /home/airflow/.local/lib/python3.12/site-packages/airflow/example_dags/example_time_delta_sensor_async.py
[2026-05-01T13:33:23.853+0000] {logging_mixin.py:188} INFO - [2026-05-01T13:33:23.852+0000] {dag.py:3089} INFO - Sync 1 DAGs
[2026-05-01T13:33:23.875+0000] {logging_mixin.py:188} INFO - [2026-05-01T13:33:23.875+0000] {dag.py:3947} INFO - Setting next_dagrun for example_time_delta_sensor_async to None, run_after=None
[2026-05-01T13:33:23.938+0000] {processor.py:183} INFO - Processing /home/airflow/.local/lib/python3.12/site-packages/airflow/example_dags/example_time_delta_sensor_async.py took 0.168 seconds
[2026-05-01T13:33:54.879+0000] {processor.py:161} INFO - Started process (PID=1091) to work on /home/airflow/.local/lib/python3.12/site-packages/airflow/example_dags/example_time_delta_sensor_async.py
[2026-05-01T13:33:54.884+0000] {processor.py:830} INFO - Processing file /home/airflow/.local/lib/python3.12/site-packages/airflow/example_dags/example_time_delta_sensor_async.py for tasks to queue
[2026-05-01T13:33:54.899+0000] {logging_mixin.py:188} INFO - [2026-05-01T13:33:54.899+0000] {dagbag.py:545} INFO - Filling up the DagBag from /home/airflow/.local/lib/python3.12/site-packages/airflow/example_dags/example_time_delta_sensor_async.py
[2026-05-01T13:33:54.911+0000] {processor.py:840} INFO - DAG(s) 'example_time_delta_sensor_async' retrieved from /home/airflow/.local/lib/python3.12/site-packages/airflow/example_dags/example_time_delta_sensor_async.py
[2026-05-01T13:33:54.977+0000] {logging_mixin.py:188} INFO - [2026-05-01T13:33:54.975+0000] {dag.py:3089} INFO - Sync 1 DAGs
[2026-05-01T13:33:55.016+0000] {logging_mixin.py:188} INFO - [2026-05-01T13:33:55.016+0000] {dag.py:3947} INFO - Setting next_dagrun for example_time_delta_sensor_async to None, run_after=None
[2026-05-01T13:33:55.059+0000] {processor.py:183} INFO - Processing /home/airflow/.local/lib/python3.12/site-packages/airflow/example_dags/example_time_delta_sensor_async.py took 0.194 seconds
[2026-05-01T13:34:26.355+0000] {processor.py:161} INFO - Started process (PID=1149) to work on /home/airflow/.local/lib/python3.12/site-packages/airflow/example_dags/example_time_delta_sensor_async.py
[2026-05-01T13:34:26.360+0000] {processor.py:830} INFO - Processing file /home/airflow/.local/lib/python3.12/site-packages/airflow/example_dags/example_time_delta_sensor_async.py for tasks to queue
[2026-05-01T13:34:26.387+0000] {logging_mixin.py:188} INFO - [2026-05-01T13:34:26.387+0000] {dagbag.py:545} INFO - Filling up the DagBag from /home/airflow/.local/lib/python3.12/site-packages/airflow/example_dags/example_time_delta_sensor_async.py
[2026-05-01T13:34:26.407+0000] {processor.py:840} INFO - DAG(s) 'example_time_delta_sensor_async' retrieved from /home/airflow/.local/lib/python3.12/site-packages/airflow/example_dags/example_time_delta_sensor_async.py
[2026-05-01T13:34:26.462+0000] {logging_mixin.py:188} INFO - [2026-05-01T13:34:26.461+0000] {dag.py:3089} INFO - Sync 1 DAGs
[2026-05-01T13:34:26.502+0000] {logging_mixin.py:188} INFO - [2026-05-01T13:34:26.502+0000] {dag.py:3947} INFO - Setting next_dagrun for example_time_delta_sensor_async to None, run_after=None
[2026-05-01T13:34:26.547+0000] {processor.py:183} INFO - Processing /home/airflow/.local/lib/python3.12/site-packages/airflow/example_dags/example_time_delta_sensor_async.py took 0.238 seconds
[2026-05-01T13:34:57.215+0000] {processor.py:161} INFO - Started process (PID=1206) to work on /home/airflow/.local/lib/python3.12/site-packages/airflow/example_dags/example_time_delta_sensor_async.py
[2026-05-01T13:34:57.221+0000] {processor.py:830} INFO - Processing file /home/airflow/.local/lib/python3.12/site-packages/airflow/example_dags/example_time_delta_sensor_async.py for tasks to queue
[2026-05-01T13:34:57.229+0000] {logging_mixin.py:188} INFO - [2026-05-01T13:34:57.226+0000] {dagbag.py:545} INFO - Filling up the DagBag from /home/airflow/.local/lib/python3.12/site-packages/airflow/example_dags/example_time_delta_sensor_async.py
[2026-05-01T13:34:57.256+0000] {processor.py:840} INFO - DAG(s) 'example_time_delta_sensor_async' retrieved from /home/airflow/.local/lib/python3.12/site-packages/airflow/example_dags/example_time_delta_sensor_async.py
[2026-05-01T13:34:57.348+0000] {logging_mixin.py:188} INFO - [2026-05-01T13:34:57.340+0000] {dag.py:3089} INFO - Sync 1 DAGs
[2026-05-01T13:34:57.389+0000] {logging_mixin.py:188} INFO - [2026-05-01T13:34:57.389+0000] {dag.py:3947} INFO - Setting next_dagrun for example_time_delta_sensor_async to None, run_after=None
[2026-05-01T13:34:57.545+0000] {processor.py:183} INFO - Processing /home/airflow/.local/lib/python3.12/site-packages/airflow/example_dags/example_time_delta_sensor_async.py took 0.359 seconds
[2026-05-01T13:35:28.298+0000] {processor.py:161} INFO - Started process (PID=1264) to work on /home/airflow/.local/lib/python3.12/site-packages/airflow/example_dags/example_time_delta_sensor_async.py
[2026-05-01T13:35:28.302+0000] {processor.py:830} INFO - Processing file /home/airflow/.local/lib/python3.12/site-packages/airflow/example_dags/example_time_delta_sensor_async.py for tasks to queue
[2026-05-01T13:35:28.312+0000] {logging_mixin.py:188} INFO - [2026-05-01T13:35:28.311+0000] {dagbag.py:545} INFO - Filling up the DagBag from /home/airflow/.local/lib/python3.12/site-packages/airflow/example_dags/example_time_delta_sensor_async.py
[2026-05-01T13:35:28.334+0000] {processor.py:840} INFO - DAG(s) 'example_time_delta_sensor_async' retrieved from /home/airflow/.local/lib/python3.12/site-packages/airflow/example_dags/example_time_delta_sensor_async.py
[2026-05-01T13:35:28.372+0000] {logging_mixin.py:188} INFO - [2026-05-01T13:35:28.372+0000] {dag.py:3089} INFO - Sync 1 DAGs
[2026-05-01T13:35:28.392+0000] {logging_mixin.py:188} INFO - [2026-05-01T13:35:28.392+0000] {dag.py:3947} INFO - Setting next_dagrun for example_time_delta_sensor_async to None, run_after=None
[2026-05-01T13:35:28.434+0000] {processor.py:183} INFO - Processing /home/airflow/.local/lib/python3.12/site-packages/airflow/example_dags/example_time_delta_sensor_async.py took 0.168 seconds
[2026-05-01T13:35:58.652+0000] {processor.py:161} INFO - Started process (PID=1322) to work on /home/airflow/.local/lib/python3.12/site-packages/airflow/example_dags/example_time_delta_sensor_async.py
[2026-05-01T13:35:58.657+0000] {processor.py:830} INFO - Processing file /home/airflow/.local/lib/python3.12/site-packages/airflow/example_dags/example_time_delta_sensor_async.py for tasks to queue
[2026-05-01T13:35:58.666+0000] {logging_mixin.py:188} INFO - [2026-05-01T13:35:58.663+0000] {dagbag.py:545} INFO - Filling up the DagBag from /home/airflow/.local/lib/python3.12/site-packages/airflow/example_dags/example_time_delta_sensor_async.py
[2026-05-01T13:35:58.687+0000] {processor.py:840} INFO - DAG(s) 'example_time_delta_sensor_async' retrieved from /home/airflow/.local/lib/python3.12/site-packages/airflow/example_dags/example_time_delta_sensor_async.py
[2026-05-01T13:35:58.760+0000] {logging_mixin.py:188} INFO - [2026-05-01T13:35:58.759+0000] {dag.py:3089} INFO - Sync 1 DAGs
[2026-05-01T13:35:58.814+0000] {logging_mixin.py:188} INFO - [2026-05-01T13:35:58.814+0000] {dag.py:3947} INFO - Setting next_dagrun for example_time_delta_sensor_async to None, run_after=None
[2026-05-01T13:35:58.879+0000] {processor.py:183} INFO - Processing /home/airflow/.local/lib/python3.12/site-packages/airflow/example_dags/example_time_delta_sensor_async.py took 0.240 seconds
[2026-05-01T13:36:29.251+0000] {processor.py:161} INFO - Started process (PID=1380) to work on /home/airflow/.local/lib/python3.12/site-packages/airflow/example_dags/example_time_delta_sensor_async.py
[2026-05-01T13:36:29.260+0000] {processor.py:830} INFO - Processing file /home/airflow/.local/lib/python3.12/site-packages/airflow/example_dags/example_time_delta_sensor_async.py for tasks to queue
[2026-05-01T13:36:29.274+0000] {logging_mixin.py:188} INFO - [2026-05-01T13:36:29.272+0000] {dagbag.py:545} INFO - Filling up the DagBag from /home/airflow/.local/lib/python3.12/site-packages/airflow/example_dags/example_time_delta_sensor_async.py
[2026-05-01T13:36:29.290+0000] {processor.py:840} INFO - DAG(s) 'example_time_delta_sensor_async' retrieved from /home/airflow/.local/lib/python3.12/site-packages/airflow/example_dags/example_time_delta_sensor_async.py
[2026-05-01T13:36:29.356+0000] {logging_mixin.py:188} INFO - [2026-05-01T13:36:29.354+0000] {dag.py:3089} INFO - Sync 1 DAGs
[2026-05-01T13:36:29.427+0000] {logging_mixin.py:188} INFO - [2026-05-01T13:36:29.427+0000] {dag.py:3947} INFO - Setting next_dagrun for example_time_delta_sensor_async to None, run_after=None
[2026-05-01T13:36:29.501+0000] {processor.py:183} INFO - Processing /home/airflow/.local/lib/python3.12/site-packages/airflow/example_dags/example_time_delta_sensor_async.py took 0.307 seconds
[2026-05-01T13:36:59.901+0000] {processor.py:161} INFO - Started process (PID=1438) to work on /home/airflow/.local/lib/python3.12/site-packages/airflow/example_dags/example_time_delta_sensor_async.py
[2026-05-01T13:36:59.958+0000] {processor.py:830} INFO - Processing file /home/airflow/.local/lib/python3.12/site-packages/airflow/example_dags/example_time_delta_sensor_async.py for tasks to queue
[2026-05-01T13:36:59.984+0000] {logging_mixin.py:188} INFO - [2026-05-01T13:36:59.983+0000] {dagbag.py:545} INFO - Filling up the DagBag from /home/airflow/.local/lib/python3.12/site-packages/airflow/example_dags/example_time_delta_sensor_async.py
[2026-05-01T13:37:00.020+0000] {processor.py:840} INFO - DAG(s) 'example_time_delta_sensor_async' retrieved from /home/airflow/.local/lib/python3.12/site-packages/airflow/example_dags/example_time_delta_sensor_async.py
[2026-05-01T13:37:00.065+0000] {logging_mixin.py:188} INFO - [2026-05-01T13:37:00.064+0000] {dag.py:3089} INFO - Sync 1 DAGs
[2026-05-01T13:37:00.088+0000] {logging_mixin.py:188} INFO - [2026-05-01T13:37:00.088+0000] {dag.py:3947} INFO - Setting next_dagrun for example_time_delta_sensor_async to None, run_after=None
[2026-05-01T13:37:00.125+0000] {processor.py:183} INFO - Processing /home/airflow/.local/lib/python3.12/site-packages/airflow/example_dags/example_time_delta_sensor_async.py took 0.260 seconds
[2026-05-01T13:37:30.444+0000] {processor.py:161} INFO - Started process (PID=1495) to work on /home/airflow/.local/lib/python3.12/site-packages/airflow/example_dags/example_time_delta_sensor_async.py
[2026-05-01T13:37:30.448+0000] {processor.py:830} INFO - Processing file /home/airflow/.local/lib/python3.12/site-packages/airflow/example_dags/example_time_delta_sensor_async.py for tasks to queue
[2026-05-01T13:37:30.455+0000] {logging_mixin.py:188} INFO - [2026-05-01T13:37:30.454+0000] {dagbag.py:545} INFO - Filling up the DagBag from /home/airflow/.local/lib/python3.12/site-packages/airflow/example_dags/example_time_delta_sensor_async.py
[2026-05-01T13:37:30.466+0000] {processor.py:840} INFO - DAG(s) 'example_time_delta_sensor_async' retrieved from /home/airflow/.local/lib/python3.12/site-packages/airflow/example_dags/example_time_delta_sensor_async.py
[2026-05-01T13:37:30.513+0000] {logging_mixin.py:188} INFO - [2026-05-01T13:37:30.513+0000] {dag.py:3089} INFO - Sync 1 DAGs
[2026-05-01T13:37:30.548+0000] {logging_mixin.py:188} INFO - [2026-05-01T13:37:30.547+0000] {dag.py:3947} INFO - Setting next_dagrun for example_time_delta_sensor_async to None, run_after=None
[2026-05-01T13:37:30.580+0000] {processor.py:183} INFO - Processing /home/airflow/.local/lib/python3.12/site-packages/airflow/example_dags/example_time_delta_sensor_async.py took 0.152 seconds
[2026-05-01T13:38:01.504+0000] {processor.py:161} INFO - Started process (PID=1552) to work on /home/airflow/.local/lib/python3.12/site-packages/airflow/example_dags/example_time_delta_sensor_async.py
[2026-05-01T13:38:01.508+0000] {processor.py:830} INFO - Processing file /home/airflow/.local/lib/python3.12/site-packages/airflow/example_dags/example_time_delta_sensor_async.py for tasks to queue
[2026-05-01T13:38:01.519+0000] {logging_mixin.py:188} INFO - [2026-05-01T13:38:01.517+0000] {dagbag.py:545} INFO - Filling up the DagBag from /home/airflow/.local/lib/python3.12/site-packages/airflow/example_dags/example_time_delta_sensor_async.py
[2026-05-01T13:38:01.533+0000] {processor.py:840} INFO - DAG(s) 'example_time_delta_sensor_async' retrieved from /home/airflow/.local/lib/python3.12/site-packages/airflow/example_dags/example_time_delta_sensor_async.py
[2026-05-01T13:38:01.586+0000] {logging_mixin.py:188} INFO - [2026-05-01T13:38:01.586+0000] {dag.py:3089} INFO - Sync 1 DAGs
[2026-05-01T13:38:01.658+0000] {logging_mixin.py:188} INFO - [2026-05-01T13:38:01.657+0000] {dag.py:3947} INFO - Setting next_dagrun for example_time_delta_sensor_async to None, run_after=None
[2026-05-01T13:38:01.703+0000] {processor.py:183} INFO - Processing /home/airflow/.local/lib/python3.12/site-packages/airflow/example_dags/example_time_delta_sensor_async.py took 0.403 seconds
[2026-05-01T13:38:32.878+0000] {processor.py:161} INFO - Started process (PID=1610) to work on /home/airflow/.local/lib/python3.12/site-packages/airflow/example_dags/example_time_delta_sensor_async.py
[2026-05-01T13:38:32.885+0000] {processor.py:830} INFO - Processing file /home/airflow/.local/lib/python3.12/site-packages/airflow/example_dags/example_time_delta_sensor_async.py for tasks to queue
[2026-05-01T13:38:32.891+0000] {logging_mixin.py:188} INFO - [2026-05-01T13:38:32.890+0000] {dagbag.py:545} INFO - Filling up the DagBag from /home/airflow/.local/lib/python3.12/site-packages/airflow/example_dags/example_time_delta_sensor_async.py
[2026-05-01T13:38:32.906+0000] {processor.py:840} INFO - DAG(s) 'example_time_delta_sensor_async' retrieved from /home/airflow/.local/lib/python3.12/site-packages/airflow/example_dags/example_time_delta_sensor_async.py
[2026-05-01T13:38:33.039+0000] {logging_mixin.py:188} INFO - [2026-05-01T13:38:33.038+0000] {dag.py:3089} INFO - Sync 1 DAGs
[2026-05-01T13:38:33.066+0000] {logging_mixin.py:188} INFO - [2026-05-01T13:38:33.066+0000] {dag.py:3947} INFO - Setting next_dagrun for example_time_delta_sensor_async to None, run_after=None
[2026-05-01T13:38:33.109+0000] {processor.py:183} INFO - Processing /home/airflow/.local/lib/python3.12/site-packages/airflow/example_dags/example_time_delta_sensor_async.py took 0.256 seconds
[2026-05-01T13:39:03.561+0000] {processor.py:161} INFO - Started process (PID=1668) to work on /home/airflow/.local/lib/python3.12/site-packages/airflow/example_dags/example_time_delta_sensor_async.py
[2026-05-01T13:39:03.565+0000] {processor.py:830} INFO - Processing file /home/airflow/.local/lib/python3.12/site-packages/airflow/example_dags/example_time_delta_sensor_async.py for tasks to queue
[2026-05-01T13:39:03.573+0000] {logging_mixin.py:188} INFO - [2026-05-01T13:39:03.572+0000] {dagbag.py:545} INFO - Filling up the DagBag from /home/airflow/.local/lib/python3.12/site-packages/airflow/example_dags/example_time_delta_sensor_async.py
[2026-05-01T13:39:03.579+0000] {processor.py:840} INFO - DAG(s) 'example_time_delta_sensor_async' retrieved from /home/airflow/.local/lib/python3.12/site-packages/airflow/example_dags/example_time_delta_sensor_async.py
[2026-05-01T13:39:03.630+0000] {logging_mixin.py:188} INFO - [2026-05-01T13:39:03.629+0000] {dag.py:3089} INFO - Sync 1 DAGs
[2026-05-01T13:39:03.666+0000] {logging_mixin.py:188} INFO - [2026-05-01T13:39:03.666+0000] {dag.py:3947} INFO - Setting next_dagrun for example_time_delta_sensor_async to None, run_after=None
[2026-05-01T13:39:03.707+0000] {processor.py:183} INFO - Processing /home/airflow/.local/lib/python3.12/site-packages/airflow/example_dags/example_time_delta_sensor_async.py took 0.175 seconds
[2026-05-01T13:39:34.359+0000] {processor.py:161} INFO - Started process (PID=1726) to work on /home/airflow/.local/lib/python3.12/site-packages/airflow/example_dags/example_time_delta_sensor_async.py
[2026-05-01T13:39:34.364+0000] {processor.py:830} INFO - Processing file /home/airflow/.local/lib/python3.12/site-packages/airflow/example_dags/example_time_delta_sensor_async.py for tasks to queue
[2026-05-01T13:39:34.381+0000] {logging_mixin.py:188} INFO - [2026-05-01T13:39:34.380+0000] {dagbag.py:545} INFO - Filling up the DagBag from /home/airflow/.local/lib/python3.12/site-packages/airflow/example_dags/example_time_delta_sensor_async.py
[2026-05-01T13:39:34.402+0000] {processor.py:840} INFO - DAG(s) 'example_time_delta_sensor_async' retrieved from /home/airflow/.local/lib/python3.12/site-packages/airflow/example_dags/example_time_delta_sensor_async.py
[2026-05-01T13:39:34.462+0000] {logging_mixin.py:188} INFO - [2026-05-01T13:39:34.462+0000] {dag.py:3089} INFO - Sync 1 DAGs
[2026-05-01T13:39:34.491+0000] {logging_mixin.py:188} INFO - [2026-05-01T13:39:34.490+0000] {dag.py:3947} INFO - Setting next_dagrun for example_time_delta_sensor_async to None, run_after=None
[2026-05-01T13:39:34.519+0000] {processor.py:183} INFO - Processing /home/airflow/.local/lib/python3.12/site-packages/airflow/example_dags/example_time_delta_sensor_async.py took 0.189 seconds
[2026-05-01T13:40:05.114+0000] {processor.py:161} INFO - Started process (PID=1784) to work on /home/airflow/.local/lib/python3.12/site-packages/airflow/example_dags/example_time_delta_sensor_async.py
[2026-05-01T13:40:05.119+0000] {processor.py:830} INFO - Processing file /home/airflow/.local/lib/python3.12/site-packages/airflow/example_dags/example_time_delta_sensor_async.py for tasks to queue
[2026-05-01T13:40:05.124+0000] {logging_mixin.py:188} INFO - [2026-05-01T13:40:05.123+0000] {dagbag.py:545} INFO - Filling up the DagBag from /home/airflow/.local/lib/python3.12/site-packages/airflow/example_dags/example_time_delta_sensor_async.py
[2026-05-01T13:40:05.134+0000] {processor.py:840} INFO - DAG(s) 'example_time_delta_sensor_async' retrieved from /home/airflow/.local/lib/python3.12/site-packages/airflow/example_dags/example_time_delta_sensor_async.py
[2026-05-01T13:40:05.362+0000] {logging_mixin.py:188} INFO - [2026-05-01T13:40:05.361+0000] {dag.py:3089} INFO - Sync 1 DAGs
[2026-05-01T13:40:05.385+0000] {logging_mixin.py:188} INFO - [2026-05-01T13:40:05.385+0000] {dag.py:3947} INFO - Setting next_dagrun for example_time_delta_sensor_async to None, run_after=None
[2026-05-01T13:40:05.416+0000] {processor.py:183} INFO - Processing /home/airflow/.local/lib/python3.12/site-packages/airflow/example_dags/example_time_delta_sensor_async.py took 0.316 seconds
[2026-05-01T13:42:15.358+0000] {processor.py:161} INFO - Started process (PID=34) to work on /home/airflow/.local/lib/python3.12/site-packages/airflow/example_dags/example_time_delta_sensor_async.py
[2026-05-01T13:42:15.387+0000] {processor.py:830} INFO - Processing file /home/airflow/.local/lib/python3.12/site-packages/airflow/example_dags/example_time_delta_sensor_async.py for tasks to queue
[2026-05-01T13:42:15.409+0000] {logging_mixin.py:188} INFO - [2026-05-01T13:42:15.408+0000] {dagbag.py:545} INFO - Filling up the DagBag from /home/airflow/.local/lib/python3.12/site-packages/airflow/example_dags/example_time_delta_sensor_async.py
[2026-05-01T13:42:15.491+0000] {processor.py:840} INFO - DAG(s) 'example_time_delta_sensor_async' retrieved from /home/airflow/.local/lib/python3.12/site-packages/airflow/example_dags/example_time_delta_sensor_async.py
[2026-05-01T13:42:16.437+0000] {logging_mixin.py:188} INFO - [2026-05-01T13:42:16.432+0000] {dag.py:3089} INFO - Sync 1 DAGs
[2026-05-01T13:42:16.541+0000] {logging_mixin.py:188} INFO - [2026-05-01T13:42:16.541+0000] {dag.py:3947} INFO - Setting next_dagrun for example_time_delta_sensor_async to None, run_after=None
[2026-05-01T13:42:16.658+0000] {processor.py:183} INFO - Processing /home/airflow/.local/lib/python3.12/site-packages/airflow/example_dags/example_time_delta_sensor_async.py took 1.363 seconds
[2026-05-01T13:42:53.758+0000] {processor.py:161} INFO - Started process (PID=98) to work on /home/airflow/.local/lib/python3.12/site-packages/airflow/example_dags/example_time_delta_sensor_async.py
[2026-05-01T13:42:53.770+0000] {processor.py:830} INFO - Processing file /home/airflow/.local/lib/python3.12/site-packages/airflow/example_dags/example_time_delta_sensor_async.py for tasks to queue
[2026-05-01T13:42:53.777+0000] {logging_mixin.py:188} INFO - [2026-05-01T13:42:53.777+0000] {dagbag.py:545} INFO - Filling up the DagBag from /home/airflow/.local/lib/python3.12/site-packages/airflow/example_dags/example_time_delta_sensor_async.py
[2026-05-01T13:42:53.786+0000] {processor.py:840} INFO - DAG(s) 'example_time_delta_sensor_async' retrieved from /home/airflow/.local/lib/python3.12/site-packages/airflow/example_dags/example_time_delta_sensor_async.py
[2026-05-01T13:42:53.818+0000] {logging_mixin.py:188} INFO - [2026-05-01T13:42:53.818+0000] {dag.py:3089} INFO - Sync 1 DAGs
[2026-05-01T13:42:53.841+0000] {logging_mixin.py:188} INFO - [2026-05-01T13:42:53.841+0000] {dag.py:3947} INFO - Setting next_dagrun for example_time_delta_sensor_async to None, run_after=None
[2026-05-01T13:42:53.868+0000] {processor.py:183} INFO - Processing /home/airflow/.local/lib/python3.12/site-packages/airflow/example_dags/example_time_delta_sensor_async.py took 0.127 seconds
[2026-05-01T13:43:26.204+0000] {processor.py:161} INFO - Started process (PID=146) to work on /home/airflow/.local/lib/python3.12/site-packages/airflow/example_dags/example_time_delta_sensor_async.py
[2026-05-01T13:43:26.208+0000] {processor.py:830} INFO - Processing file /home/airflow/.local/lib/python3.12/site-packages/airflow/example_dags/example_time_delta_sensor_async.py for tasks to queue
[2026-05-01T13:43:26.221+0000] {logging_mixin.py:188} INFO - [2026-05-01T13:43:26.220+0000] {dagbag.py:545} INFO - Filling up the DagBag from /home/airflow/.local/lib/python3.12/site-packages/airflow/example_dags/example_time_delta_sensor_async.py
[2026-05-01T13:43:26.240+0000] {processor.py:840} INFO - DAG(s) 'example_time_delta_sensor_async' retrieved from /home/airflow/.local/lib/python3.12/site-packages/airflow/example_dags/example_time_delta_sensor_async.py
[2026-05-01T13:43:26.296+0000] {logging_mixin.py:188} INFO - [2026-05-01T13:43:26.296+0000] {dag.py:3089} INFO - Sync 1 DAGs
[2026-05-01T13:43:26.345+0000] {logging_mixin.py:188} INFO - [2026-05-01T13:43:26.345+0000] {dag.py:3947} INFO - Setting next_dagrun for example_time_delta_sensor_async to None, run_after=None
[2026-05-01T13:43:26.396+0000] {processor.py:183} INFO - Processing /home/airflow/.local/lib/python3.12/site-packages/airflow/example_dags/example_time_delta_sensor_async.py took 0.221 seconds
[2026-05-01T13:43:57.477+0000] {processor.py:161} INFO - Started process (PID=203) to work on /home/airflow/.local/lib/python3.12/site-packages/airflow/example_dags/example_time_delta_sensor_async.py
[2026-05-01T13:43:57.480+0000] {processor.py:830} INFO - Processing file /home/airflow/.local/lib/python3.12/site-packages/airflow/example_dags/example_time_delta_sensor_async.py for tasks to queue
[2026-05-01T13:43:57.486+0000] {logging_mixin.py:188} INFO - [2026-05-01T13:43:57.485+0000] {dagbag.py:545} INFO - Filling up the DagBag from /home/airflow/.local/lib/python3.12/site-packages/airflow/example_dags/example_time_delta_sensor_async.py
[2026-05-01T13:43:57.500+0000] {processor.py:840} INFO - DAG(s) 'example_time_delta_sensor_async' retrieved from /home/airflow/.local/lib/python3.12/site-packages/airflow/example_dags/example_time_delta_sensor_async.py
[2026-05-01T13:43:57.534+0000] {logging_mixin.py:188} INFO - [2026-05-01T13:43:57.534+0000] {dag.py:3089} INFO - Sync 1 DAGs
[2026-05-01T13:43:57.561+0000] {logging_mixin.py:188} INFO - [2026-05-01T13:43:57.561+0000] {dag.py:3947} INFO - Setting next_dagrun for example_time_delta_sensor_async to None, run_after=None
[2026-05-01T13:43:57.620+0000] {processor.py:183} INFO - Processing /home/airflow/.local/lib/python3.12/site-packages/airflow/example_dags/example_time_delta_sensor_async.py took 0.159 seconds
[2026-05-01T13:44:29.165+0000] {processor.py:161} INFO - Started process (PID=260) to work on /home/airflow/.local/lib/python3.12/site-packages/airflow/example_dags/example_time_delta_sensor_async.py
[2026-05-01T13:44:29.174+0000] {processor.py:830} INFO - Processing file /home/airflow/.local/lib/python3.12/site-packages/airflow/example_dags/example_time_delta_sensor_async.py for tasks to queue
[2026-05-01T13:44:29.200+0000] {logging_mixin.py:188} INFO - [2026-05-01T13:44:29.192+0000] {dagbag.py:545} INFO - Filling up the DagBag from /home/airflow/.local/lib/python3.12/site-packages/airflow/example_dags/example_time_delta_sensor_async.py
[2026-05-01T13:44:29.226+0000] {processor.py:840} INFO - DAG(s) 'example_time_delta_sensor_async' retrieved from /home/airflow/.local/lib/python3.12/site-packages/airflow/example_dags/example_time_delta_sensor_async.py
[2026-05-01T13:44:29.358+0000] {logging_mixin.py:188} INFO - [2026-05-01T13:44:29.358+0000] {dag.py:3089} INFO - Sync 1 DAGs
[2026-05-01T13:44:29.418+0000] {logging_mixin.py:188} INFO - [2026-05-01T13:44:29.418+0000] {dag.py:3947} INFO - Setting next_dagrun for example_time_delta_sensor_async to None, run_after=None
[2026-05-01T13:44:29.513+0000] {processor.py:183} INFO - Processing /home/airflow/.local/lib/python3.12/site-packages/airflow/example_dags/example_time_delta_sensor_async.py took 0.413 seconds
[2026-05-01T13:44:59.743+0000] {processor.py:161} INFO - Started process (PID=317) to work on /home/airflow/.local/lib/python3.12/site-packages/airflow/example_dags/example_time_delta_sensor_async.py
[2026-05-01T13:44:59.747+0000] {processor.py:830} INFO - Processing file /home/airflow/.local/lib/python3.12/site-packages/airflow/example_dags/example_time_delta_sensor_async.py for tasks to queue
[2026-05-01T13:44:59.754+0000] {logging_mixin.py:188} INFO - [2026-05-01T13:44:59.753+0000] {dagbag.py:545} INFO - Filling up the DagBag from /home/airflow/.local/lib/python3.12/site-packages/airflow/example_dags/example_time_delta_sensor_async.py
[2026-05-01T13:44:59.786+0000] {processor.py:840} INFO - DAG(s) 'example_time_delta_sensor_async' retrieved from /home/airflow/.local/lib/python3.12/site-packages/airflow/example_dags/example_time_delta_sensor_async.py
[2026-05-01T13:44:59.848+0000] {logging_mixin.py:188} INFO - [2026-05-01T13:44:59.848+0000] {dag.py:3089} INFO - Sync 1 DAGs
[2026-05-01T13:44:59.877+0000] {logging_mixin.py:188} INFO - [2026-05-01T13:44:59.876+0000] {dag.py:3947} INFO - Setting next_dagrun for example_time_delta_sensor_async to None, run_after=None
[2026-05-01T13:44:59.938+0000] {processor.py:183} INFO - Processing /home/airflow/.local/lib/python3.12/site-packages/airflow/example_dags/example_time_delta_sensor_async.py took 0.218 seconds
[2026-05-01T13:45:30.893+0000] {processor.py:161} INFO - Started process (PID=375) to work on /home/airflow/.local/lib/python3.12/site-packages/airflow/example_dags/example_time_delta_sensor_async.py
[2026-05-01T13:45:30.911+0000] {processor.py:830} INFO - Processing file /home/airflow/.local/lib/python3.12/site-packages/airflow/example_dags/example_time_delta_sensor_async.py for tasks to queue
[2026-05-01T13:45:30.926+0000] {logging_mixin.py:188} INFO - [2026-05-01T13:45:30.925+0000] {dagbag.py:545} INFO - Filling up the DagBag from /home/airflow/.local/lib/python3.12/site-packages/airflow/example_dags/example_time_delta_sensor_async.py
[2026-05-01T13:45:30.978+0000] {processor.py:840} INFO - DAG(s) 'example_time_delta_sensor_async' retrieved from /home/airflow/.local/lib/python3.12/site-packages/airflow/example_dags/example_time_delta_sensor_async.py
[2026-05-01T13:45:31.077+0000] {logging_mixin.py:188} INFO - [2026-05-01T13:45:31.076+0000] {dag.py:3089} INFO - Sync 1 DAGs
[2026-05-01T13:45:31.140+0000] {logging_mixin.py:188} INFO - [2026-05-01T13:45:31.140+0000] {dag.py:3947} INFO - Setting next_dagrun for example_time_delta_sensor_async to None, run_after=None
[2026-05-01T13:45:31.271+0000] {processor.py:183} INFO - Processing /home/airflow/.local/lib/python3.12/site-packages/airflow/example_dags/example_time_delta_sensor_async.py took 0.395 seconds
[2026-05-01T13:46:01.955+0000] {processor.py:161} INFO - Started process (PID=433) to work on /home/airflow/.local/lib/python3.12/site-packages/airflow/example_dags/example_time_delta_sensor_async.py
[2026-05-01T13:46:01.958+0000] {processor.py:830} INFO - Processing file /home/airflow/.local/lib/python3.12/site-packages/airflow/example_dags/example_time_delta_sensor_async.py for tasks to queue
[2026-05-01T13:46:01.962+0000] {logging_mixin.py:188} INFO - [2026-05-01T13:46:01.962+0000] {dagbag.py:545} INFO - Filling up the DagBag from /home/airflow/.local/lib/python3.12/site-packages/airflow/example_dags/example_time_delta_sensor_async.py
[2026-05-01T13:46:01.970+0000] {processor.py:840} INFO - DAG(s) 'example_time_delta_sensor_async' retrieved from /home/airflow/.local/lib/python3.12/site-packages/airflow/example_dags/example_time_delta_sensor_async.py
[2026-05-01T13:46:01.999+0000] {logging_mixin.py:188} INFO - [2026-05-01T13:46:01.999+0000] {dag.py:3089} INFO - Sync 1 DAGs
[2026-05-01T13:46:02.019+0000] {logging_mixin.py:188} INFO - [2026-05-01T13:46:02.018+0000] {dag.py:3947} INFO - Setting next_dagrun for example_time_delta_sensor_async to None, run_after=None
[2026-05-01T13:46:02.049+0000] {processor.py:183} INFO - Processing /home/airflow/.local/lib/python3.12/site-packages/airflow/example_dags/example_time_delta_sensor_async.py took 0.103 seconds
[2026-05-01T13:46:32.380+0000] {processor.py:161} INFO - Started process (PID=491) to work on /home/airflow/.local/lib/python3.12/site-packages/airflow/example_dags/example_time_delta_sensor_async.py
[2026-05-01T13:46:32.384+0000] {processor.py:830} INFO - Processing file /home/airflow/.local/lib/python3.12/site-packages/airflow/example_dags/example_time_delta_sensor_async.py for tasks to queue
[2026-05-01T13:46:32.387+0000] {logging_mixin.py:188} INFO - [2026-05-01T13:46:32.387+0000] {dagbag.py:545} INFO - Filling up the DagBag from /home/airflow/.local/lib/python3.12/site-packages/airflow/example_dags/example_time_delta_sensor_async.py
[2026-05-01T13:46:32.394+0000] {processor.py:840} INFO - DAG(s) 'example_time_delta_sensor_async' retrieved from /home/airflow/.local/lib/python3.12/site-packages/airflow/example_dags/example_time_delta_sensor_async.py
[2026-05-01T13:46:32.422+0000] {logging_mixin.py:188} INFO - [2026-05-01T13:46:32.422+0000] {dag.py:3089} INFO - Sync 1 DAGs
[2026-05-01T13:46:32.440+0000] {logging_mixin.py:188} INFO - [2026-05-01T13:46:32.440+0000] {dag.py:3947} INFO - Setting next_dagrun for example_time_delta_sensor_async to None, run_after=None
[2026-05-01T13:46:32.473+0000] {processor.py:183} INFO - Processing /home/airflow/.local/lib/python3.12/site-packages/airflow/example_dags/example_time_delta_sensor_async.py took 0.101 seconds
[2026-05-01T13:47:02.990+0000] {processor.py:161} INFO - Started process (PID=549) to work on /home/airflow/.local/lib/python3.12/site-packages/airflow/example_dags/example_time_delta_sensor_async.py
[2026-05-01T13:47:02.993+0000] {processor.py:830} INFO - Processing file /home/airflow/.local/lib/python3.12/site-packages/airflow/example_dags/example_time_delta_sensor_async.py for tasks to queue
[2026-05-01T13:47:02.999+0000] {logging_mixin.py:188} INFO - [2026-05-01T13:47:02.998+0000] {dagbag.py:545} INFO - Filling up the DagBag from /home/airflow/.local/lib/python3.12/site-packages/airflow/example_dags/example_time_delta_sensor_async.py
[2026-05-01T13:47:03.010+0000] {processor.py:840} INFO - DAG(s) 'example_time_delta_sensor_async' retrieved from /home/airflow/.local/lib/python3.12/site-packages/airflow/example_dags/example_time_delta_sensor_async.py
[2026-05-01T13:47:03.046+0000] {logging_mixin.py:188} INFO - [2026-05-01T13:47:03.046+0000] {dag.py:3089} INFO - Sync 1 DAGs
[2026-05-01T13:47:03.079+0000] {logging_mixin.py:188} INFO - [2026-05-01T13:47:03.078+0000] {dag.py:3947} INFO - Setting next_dagrun for example_time_delta_sensor_async to None, run_after=None
[2026-05-01T13:47:03.110+0000] {processor.py:183} INFO - Processing /home/airflow/.local/lib/python3.12/site-packages/airflow/example_dags/example_time_delta_sensor_async.py took 0.130 seconds
[2026-05-01T13:47:34.381+0000] {processor.py:161} INFO - Started process (PID=607) to work on /home/airflow/.local/lib/python3.12/site-packages/airflow/example_dags/example_time_delta_sensor_async.py
[2026-05-01T13:47:34.395+0000] {processor.py:830} INFO - Processing file /home/airflow/.local/lib/python3.12/site-packages/airflow/example_dags/example_time_delta_sensor_async.py for tasks to queue
[2026-05-01T13:47:34.408+0000] {logging_mixin.py:188} INFO - [2026-05-01T13:47:34.405+0000] {dagbag.py:545} INFO - Filling up the DagBag from /home/airflow/.local/lib/python3.12/site-packages/airflow/example_dags/example_time_delta_sensor_async.py
[2026-05-01T13:47:34.426+0000] {processor.py:840} INFO - DAG(s) 'example_time_delta_sensor_async' retrieved from /home/airflow/.local/lib/python3.12/site-packages/airflow/example_dags/example_time_delta_sensor_async.py
[2026-05-01T13:47:34.588+0000] {logging_mixin.py:188} INFO - [2026-05-01T13:47:34.579+0000] {dag.py:3089} INFO - Sync 1 DAGs
[2026-05-01T13:47:34.691+0000] {logging_mixin.py:188} INFO - [2026-05-01T13:47:34.691+0000] {dag.py:3947} INFO - Setting next_dagrun for example_time_delta_sensor_async to None, run_after=None
[2026-05-01T13:47:34.742+0000] {processor.py:183} INFO - Processing /home/airflow/.local/lib/python3.12/site-packages/airflow/example_dags/example_time_delta_sensor_async.py took 0.384 seconds
[2026-05-01T13:48:04.862+0000] {processor.py:161} INFO - Started process (PID=664) to work on /home/airflow/.local/lib/python3.12/site-packages/airflow/example_dags/example_time_delta_sensor_async.py
[2026-05-01T13:48:04.865+0000] {processor.py:830} INFO - Processing file /home/airflow/.local/lib/python3.12/site-packages/airflow/example_dags/example_time_delta_sensor_async.py for tasks to queue
[2026-05-01T13:48:04.868+0000] {logging_mixin.py:188} INFO - [2026-05-01T13:48:04.868+0000] {dagbag.py:545} INFO - Filling up the DagBag from /home/airflow/.local/lib/python3.12/site-packages/airflow/example_dags/example_time_delta_sensor_async.py
[2026-05-01T13:48:04.892+0000] {processor.py:840} INFO - DAG(s) 'example_time_delta_sensor_async' retrieved from /home/airflow/.local/lib/python3.12/site-packages/airflow/example_dags/example_time_delta_sensor_async.py
[2026-05-01T13:48:04.933+0000] {logging_mixin.py:188} INFO - [2026-05-01T13:48:04.933+0000] {dag.py:3089} INFO - Sync 1 DAGs
[2026-05-01T13:48:04.962+0000] {logging_mixin.py:188} INFO - [2026-05-01T13:48:04.962+0000] {dag.py:3947} INFO - Setting next_dagrun for example_time_delta_sensor_async to None, run_after=None
[2026-05-01T13:48:04.998+0000] {processor.py:183} INFO - Processing /home/airflow/.local/lib/python3.12/site-packages/airflow/example_dags/example_time_delta_sensor_async.py took 0.165 seconds
[2026-05-01T13:48:35.271+0000] {processor.py:161} INFO - Started process (PID=721) to work on /home/airflow/.local/lib/python3.12/site-packages/airflow/example_dags/example_time_delta_sensor_async.py
[2026-05-01T13:48:35.274+0000] {processor.py:830} INFO - Processing file /home/airflow/.local/lib/python3.12/site-packages/airflow/example_dags/example_time_delta_sensor_async.py for tasks to queue
[2026-05-01T13:48:35.278+0000] {logging_mixin.py:188} INFO - [2026-05-01T13:48:35.277+0000] {dagbag.py:545} INFO - Filling up the DagBag from /home/airflow/.local/lib/python3.12/site-packages/airflow/example_dags/example_time_delta_sensor_async.py
[2026-05-01T13:48:35.285+0000] {processor.py:840} INFO - DAG(s) 'example_time_delta_sensor_async' retrieved from /home/airflow/.local/lib/python3.12/site-packages/airflow/example_dags/example_time_delta_sensor_async.py
[2026-05-01T13:48:35.320+0000] {logging_mixin.py:188} INFO - [2026-05-01T13:48:35.319+0000] {dag.py:3089} INFO - Sync 1 DAGs
[2026-05-01T13:48:35.338+0000] {logging_mixin.py:188} INFO - [2026-05-01T13:48:35.337+0000] {dag.py:3947} INFO - Setting next_dagrun for example_time_delta_sensor_async to None, run_after=None
[2026-05-01T13:48:35.364+0000] {processor.py:183} INFO - Processing /home/airflow/.local/lib/python3.12/site-packages/airflow/example_dags/example_time_delta_sensor_async.py took 0.101 seconds
[2026-05-01T13:49:05.646+0000] {processor.py:161} INFO - Started process (PID=777) to work on /home/airflow/.local/lib/python3.12/site-packages/airflow/example_dags/example_time_delta_sensor_async.py
[2026-05-01T13:49:05.650+0000] {processor.py:830} INFO - Processing file /home/airflow/.local/lib/python3.12/site-packages/airflow/example_dags/example_time_delta_sensor_async.py for tasks to queue
[2026-05-01T13:49:05.655+0000] {logging_mixin.py:188} INFO - [2026-05-01T13:49:05.654+0000] {dagbag.py:545} INFO - Filling up the DagBag from /home/airflow/.local/lib/python3.12/site-packages/airflow/example_dags/example_time_delta_sensor_async.py
[2026-05-01T13:49:05.662+0000] {processor.py:840} INFO - DAG(s) 'example_time_delta_sensor_async' retrieved from /home/airflow/.local/lib/python3.12/site-packages/airflow/example_dags/example_time_delta_sensor_async.py
[2026-05-01T13:49:05.694+0000] {logging_mixin.py:188} INFO - [2026-05-01T13:49:05.693+0000] {dag.py:3089} INFO - Sync 1 DAGs
[2026-05-01T13:49:05.714+0000] {logging_mixin.py:188} INFO - [2026-05-01T13:49:05.713+0000] {dag.py:3947} INFO - Setting next_dagrun for example_time_delta_sensor_async to None, run_after=None
[2026-05-01T13:49:05.741+0000] {processor.py:183} INFO - Processing /home/airflow/.local/lib/python3.12/site-packages/airflow/example_dags/example_time_delta_sensor_async.py took 0.106 seconds
[2026-05-01T13:49:37.471+0000] {processor.py:161} INFO - Started process (PID=835) to work on /home/airflow/.local/lib/python3.12/site-packages/airflow/example_dags/example_time_delta_sensor_async.py
[2026-05-01T13:49:37.477+0000] {processor.py:830} INFO - Processing file /home/airflow/.local/lib/python3.12/site-packages/airflow/example_dags/example_time_delta_sensor_async.py for tasks to queue
[2026-05-01T13:49:37.485+0000] {logging_mixin.py:188} INFO - [2026-05-01T13:49:37.480+0000] {dagbag.py:545} INFO - Filling up the DagBag from /home/airflow/.local/lib/python3.12/site-packages/airflow/example_dags/example_time_delta_sensor_async.py
[2026-05-01T13:49:37.497+0000] {processor.py:840} INFO - DAG(s) 'example_time_delta_sensor_async' retrieved from /home/airflow/.local/lib/python3.12/site-packages/airflow/example_dags/example_time_delta_sensor_async.py
[2026-05-01T13:49:37.537+0000] {logging_mixin.py:188} INFO - [2026-05-01T13:49:37.537+0000] {dag.py:3089} INFO - Sync 1 DAGs
[2026-05-01T13:49:37.561+0000] {logging_mixin.py:188} INFO - [2026-05-01T13:49:37.560+0000] {dag.py:3947} INFO - Setting next_dagrun for example_time_delta_sensor_async to None, run_after=None
[2026-05-01T13:49:37.593+0000] {processor.py:183} INFO - Processing /home/airflow/.local/lib/python3.12/site-packages/airflow/example_dags/example_time_delta_sensor_async.py took 0.135 seconds
[2026-05-01T13:50:09.615+0000] {processor.py:161} INFO - Started process (PID=892) to work on /home/airflow/.local/lib/python3.12/site-packages/airflow/example_dags/example_time_delta_sensor_async.py
[2026-05-01T13:50:09.618+0000] {processor.py:830} INFO - Processing file /home/airflow/.local/lib/python3.12/site-packages/airflow/example_dags/example_time_delta_sensor_async.py for tasks to queue
[2026-05-01T13:50:09.626+0000] {logging_mixin.py:188} INFO - [2026-05-01T13:50:09.625+0000] {dagbag.py:545} INFO - Filling up the DagBag from /home/airflow/.local/lib/python3.12/site-packages/airflow/example_dags/example_time_delta_sensor_async.py
[2026-05-01T13:50:09.635+0000] {processor.py:840} INFO - DAG(s) 'example_time_delta_sensor_async' retrieved from /home/airflow/.local/lib/python3.12/site-packages/airflow/example_dags/example_time_delta_sensor_async.py
[2026-05-01T13:50:09.715+0000] {logging_mixin.py:188} INFO - [2026-05-01T13:50:09.714+0000] {dag.py:3089} INFO - Sync 1 DAGs
[2026-05-01T13:50:09.744+0000] {logging_mixin.py:188} INFO - [2026-05-01T13:50:09.744+0000] {dag.py:3947} INFO - Setting next_dagrun for example_time_delta_sensor_async to None, run_after=None
[2026-05-01T13:50:09.783+0000] {processor.py:183} INFO - Processing /home/airflow/.local/lib/python3.12/site-packages/airflow/example_dags/example_time_delta_sensor_async.py took 0.194 seconds
[2026-05-01T13:50:40.276+0000] {processor.py:161} INFO - Started process (PID=949) to work on /home/airflow/.local/lib/python3.12/site-packages/airflow/example_dags/example_time_delta_sensor_async.py
[2026-05-01T13:50:40.280+0000] {processor.py:830} INFO - Processing file /home/airflow/.local/lib/python3.12/site-packages/airflow/example_dags/example_time_delta_sensor_async.py for tasks to queue
[2026-05-01T13:50:40.286+0000] {logging_mixin.py:188} INFO - [2026-05-01T13:50:40.285+0000] {dagbag.py:545} INFO - Filling up the DagBag from /home/airflow/.local/lib/python3.12/site-packages/airflow/example_dags/example_time_delta_sensor_async.py
[2026-05-01T13:50:40.299+0000] {processor.py:840} INFO - DAG(s) 'example_time_delta_sensor_async' retrieved from /home/airflow/.local/lib/python3.12/site-packages/airflow/example_dags/example_time_delta_sensor_async.py
[2026-05-01T13:50:40.325+0000] {logging_mixin.py:188} INFO - [2026-05-01T13:50:40.324+0000] {dag.py:3089} INFO - Sync 1 DAGs
[2026-05-01T13:50:40.344+0000] {logging_mixin.py:188} INFO - [2026-05-01T13:50:40.344+0000] {dag.py:3947} INFO - Setting next_dagrun for example_time_delta_sensor_async to None, run_after=None
[2026-05-01T13:50:40.376+0000] {processor.py:183} INFO - Processing /home/airflow/.local/lib/python3.12/site-packages/airflow/example_dags/example_time_delta_sensor_async.py took 0.117 seconds
[2026-05-01T13:51:11.325+0000] {processor.py:161} INFO - Started process (PID=1006) to work on /home/airflow/.local/lib/python3.12/site-packages/airflow/example_dags/example_time_delta_sensor_async.py
[2026-05-01T13:51:11.338+0000] {processor.py:830} INFO - Processing file /home/airflow/.local/lib/python3.12/site-packages/airflow/example_dags/example_time_delta_sensor_async.py for tasks to queue
[2026-05-01T13:51:11.349+0000] {logging_mixin.py:188} INFO - [2026-05-01T13:51:11.346+0000] {dagbag.py:545} INFO - Filling up the DagBag from /home/airflow/.local/lib/python3.12/site-packages/airflow/example_dags/example_time_delta_sensor_async.py
[2026-05-01T13:51:11.375+0000] {processor.py:840} INFO - DAG(s) 'example_time_delta_sensor_async' retrieved from /home/airflow/.local/lib/python3.12/site-packages/airflow/example_dags/example_time_delta_sensor_async.py
[2026-05-01T13:51:11.454+0000] {logging_mixin.py:188} INFO - [2026-05-01T13:51:11.452+0000] {dag.py:3089} INFO - Sync 1 DAGs
[2026-05-01T13:51:11.516+0000] {logging_mixin.py:188} INFO - [2026-05-01T13:51:11.516+0000] {dag.py:3947} INFO - Setting next_dagrun for example_time_delta_sensor_async to None, run_after=None
[2026-05-01T13:51:11.553+0000] {processor.py:183} INFO - Processing /home/airflow/.local/lib/python3.12/site-packages/airflow/example_dags/example_time_delta_sensor_async.py took 0.248 seconds
[2026-05-01T13:51:42.057+0000] {processor.py:161} INFO - Started process (PID=1064) to work on /home/airflow/.local/lib/python3.12/site-packages/airflow/example_dags/example_time_delta_sensor_async.py
[2026-05-01T13:51:42.063+0000] {processor.py:830} INFO - Processing file /home/airflow/.local/lib/python3.12/site-packages/airflow/example_dags/example_time_delta_sensor_async.py for tasks to queue
[2026-05-01T13:51:42.069+0000] {logging_mixin.py:188} INFO - [2026-05-01T13:51:42.067+0000] {dagbag.py:545} INFO - Filling up the DagBag from /home/airflow/.local/lib/python3.12/site-packages/airflow/example_dags/example_time_delta_sensor_async.py
[2026-05-01T13:51:42.079+0000] {processor.py:840} INFO - DAG(s) 'example_time_delta_sensor_async' retrieved from /home/airflow/.local/lib/python3.12/site-packages/airflow/example_dags/example_time_delta_sensor_async.py
[2026-05-01T13:51:42.110+0000] {logging_mixin.py:188} INFO - [2026-05-01T13:51:42.110+0000] {dag.py:3089} INFO - Sync 1 DAGs
[2026-05-01T13:51:42.136+0000] {logging_mixin.py:188} INFO - [2026-05-01T13:51:42.135+0000] {dag.py:3947} INFO - Setting next_dagrun for example_time_delta_sensor_async to None, run_after=None
[2026-05-01T13:51:42.180+0000] {processor.py:183} INFO - Processing /home/airflow/.local/lib/python3.12/site-packages/airflow/example_dags/example_time_delta_sensor_async.py took 0.149 seconds
[2026-05-01T13:52:12.514+0000] {processor.py:161} INFO - Started process (PID=1121) to work on /home/airflow/.local/lib/python3.12/site-packages/airflow/example_dags/example_time_delta_sensor_async.py
[2026-05-01T13:52:12.518+0000] {processor.py:830} INFO - Processing file /home/airflow/.local/lib/python3.12/site-packages/airflow/example_dags/example_time_delta_sensor_async.py for tasks to queue
[2026-05-01T13:52:12.523+0000] {logging_mixin.py:188} INFO - [2026-05-01T13:52:12.522+0000] {dagbag.py:545} INFO - Filling up the DagBag from /home/airflow/.local/lib/python3.12/site-packages/airflow/example_dags/example_time_delta_sensor_async.py
[2026-05-01T13:52:12.532+0000] {processor.py:840} INFO - DAG(s) 'example_time_delta_sensor_async' retrieved from /home/airflow/.local/lib/python3.12/site-packages/airflow/example_dags/example_time_delta_sensor_async.py
[2026-05-01T13:52:12.556+0000] {logging_mixin.py:188} INFO - [2026-05-01T13:52:12.556+0000] {dag.py:3089} INFO - Sync 1 DAGs
[2026-05-01T13:52:12.573+0000] {logging_mixin.py:188} INFO - [2026-05-01T13:52:12.573+0000] {dag.py:3947} INFO - Setting next_dagrun for example_time_delta_sensor_async to None, run_after=None
[2026-05-01T13:52:12.597+0000] {processor.py:183} INFO - Processing /home/airflow/.local/lib/python3.12/site-packages/airflow/example_dags/example_time_delta_sensor_async.py took 0.091 seconds
[2026-05-01T13:52:43.556+0000] {processor.py:161} INFO - Started process (PID=1179) to work on /home/airflow/.local/lib/python3.12/site-packages/airflow/example_dags/example_time_delta_sensor_async.py
[2026-05-01T13:52:43.560+0000] {processor.py:830} INFO - Processing file /home/airflow/.local/lib/python3.12/site-packages/airflow/example_dags/example_time_delta_sensor_async.py for tasks to queue
[2026-05-01T13:52:43.571+0000] {logging_mixin.py:188} INFO - [2026-05-01T13:52:43.571+0000] {dagbag.py:545} INFO - Filling up the DagBag from /home/airflow/.local/lib/python3.12/site-packages/airflow/example_dags/example_time_delta_sensor_async.py
[2026-05-01T13:52:43.586+0000] {processor.py:840} INFO - DAG(s) 'example_time_delta_sensor_async' retrieved from /home/airflow/.local/lib/python3.12/site-packages/airflow/example_dags/example_time_delta_sensor_async.py
[2026-05-01T13:52:43.645+0000] {logging_mixin.py:188} INFO - [2026-05-01T13:52:43.643+0000] {dag.py:3089} INFO - Sync 1 DAGs
[2026-05-01T13:52:43.692+0000] {logging_mixin.py:188} INFO - [2026-05-01T13:52:43.692+0000] {dag.py:3947} INFO - Setting next_dagrun for example_time_delta_sensor_async to None, run_after=None
[2026-05-01T13:52:43.806+0000] {processor.py:183} INFO - Processing /home/airflow/.local/lib/python3.12/site-packages/airflow/example_dags/example_time_delta_sensor_async.py took 0.268 seconds
[2026-05-01T13:53:14.797+0000] {processor.py:161} INFO - Started process (PID=1237) to work on /home/airflow/.local/lib/python3.12/site-packages/airflow/example_dags/example_time_delta_sensor_async.py
[2026-05-01T13:53:14.800+0000] {processor.py:830} INFO - Processing file /home/airflow/.local/lib/python3.12/site-packages/airflow/example_dags/example_time_delta_sensor_async.py for tasks to queue
[2026-05-01T13:53:14.804+0000] {logging_mixin.py:188} INFO - [2026-05-01T13:53:14.803+0000] {dagbag.py:545} INFO - Filling up the DagBag from /home/airflow/.local/lib/python3.12/site-packages/airflow/example_dags/example_time_delta_sensor_async.py
[2026-05-01T13:53:14.824+0000] {processor.py:840} INFO - DAG(s) 'example_time_delta_sensor_async' retrieved from /home/airflow/.local/lib/python3.12/site-packages/airflow/example_dags/example_time_delta_sensor_async.py
[2026-05-01T13:53:14.856+0000] {logging_mixin.py:188} INFO - [2026-05-01T13:53:14.856+0000] {dag.py:3089} INFO - Sync 1 DAGs
[2026-05-01T13:53:14.878+0000] {logging_mixin.py:188} INFO - [2026-05-01T13:53:14.878+0000] {dag.py:3947} INFO - Setting next_dagrun for example_time_delta_sensor_async to None, run_after=None
[2026-05-01T13:53:14.906+0000] {processor.py:183} INFO - Processing /home/airflow/.local/lib/python3.12/site-packages/airflow/example_dags/example_time_delta_sensor_async.py took 0.117 seconds
