[2026-05-01T13:24:15.976+0000] {processor.py:161} INFO - Started process (PID=54) to work on /home/airflow/.local/lib/python3.12/site-packages/airflow/example_dags/example_latest_only_with_trigger.py
[2026-05-01T13:24:15.990+0000] {processor.py:830} INFO - Processing file /home/airflow/.local/lib/python3.12/site-packages/airflow/example_dags/example_latest_only_with_trigger.py for tasks to queue
[2026-05-01T13:24:16.000+0000] {logging_mixin.py:188} INFO - [2026-05-01T13:24:15.996+0000] {dagbag.py:545} INFO - Filling up the DagBag from /home/airflow/.local/lib/python3.12/site-packages/airflow/example_dags/example_latest_only_with_trigger.py
[2026-05-01T13:24:16.056+0000] {processor.py:840} INFO - DAG(s) 'latest_only_with_trigger' retrieved from /home/airflow/.local/lib/python3.12/site-packages/airflow/example_dags/example_latest_only_with_trigger.py
[2026-05-01T13:24:16.796+0000] {logging_mixin.py:188} INFO - [2026-05-01T13:24:16.795+0000] {override.py:1858} INFO - Created Permission View: can delete on DAG:latest_only_with_trigger
[2026-05-01T13:24:16.921+0000] {logging_mixin.py:188} INFO - [2026-05-01T13:24:16.920+0000] {override.py:1858} INFO - Created Permission View: can edit on DAG:latest_only_with_trigger
[2026-05-01T13:24:17.003+0000] {logging_mixin.py:188} INFO - [2026-05-01T13:24:17.002+0000] {override.py:1858} INFO - Created Permission View: can read on DAG:latest_only_with_trigger
[2026-05-01T13:24:17.006+0000] {logging_mixin.py:188} INFO - [2026-05-01T13:24:17.005+0000] {dag.py:3089} INFO - Sync 1 DAGs
[2026-05-01T13:24:17.121+0000] {logging_mixin.py:188} INFO - [2026-05-01T13:24:17.121+0000] {dag.py:3111} INFO - Creating ORM DAG for latest_only_with_trigger
[2026-05-01T13:24:17.162+0000] {logging_mixin.py:188} INFO - [2026-05-01T13:24:17.162+0000] {dag.py:3947} INFO - Setting next_dagrun for latest_only_with_trigger to 2026-05-01 08:00:00+00:00, run_after=2026-05-01 12:00:00+00:00
[2026-05-01T13:24:17.458+0000] {processor.py:183} INFO - Processing /home/airflow/.local/lib/python3.12/site-packages/airflow/example_dags/example_latest_only_with_trigger.py took 1.508 seconds
[2026-05-01T13:25:14.614+0000] {processor.py:161} INFO - Started process (PID=117) to work on /home/airflow/.local/lib/python3.12/site-packages/airflow/example_dags/example_latest_only_with_trigger.py
[2026-05-01T13:25:14.618+0000] {processor.py:830} INFO - Processing file /home/airflow/.local/lib/python3.12/site-packages/airflow/example_dags/example_latest_only_with_trigger.py for tasks to queue
[2026-05-01T13:25:14.628+0000] {logging_mixin.py:188} INFO - [2026-05-01T13:25:14.627+0000] {dagbag.py:545} INFO - Filling up the DagBag from /home/airflow/.local/lib/python3.12/site-packages/airflow/example_dags/example_latest_only_with_trigger.py
[2026-05-01T13:25:14.705+0000] {processor.py:840} INFO - DAG(s) 'latest_only_with_trigger' retrieved from /home/airflow/.local/lib/python3.12/site-packages/airflow/example_dags/example_latest_only_with_trigger.py
[2026-05-01T13:25:14.799+0000] {logging_mixin.py:188} INFO - [2026-05-01T13:25:14.799+0000] {dag.py:3089} INFO - Sync 1 DAGs
[2026-05-01T13:25:14.994+0000] {logging_mixin.py:188} INFO - [2026-05-01T13:25:14.993+0000] {dag.py:3947} INFO - Setting next_dagrun for latest_only_with_trigger to 2026-05-01 08:00:00+00:00, run_after=2026-05-01 12:00:00+00:00
[2026-05-01T13:25:15.136+0000] {processor.py:183} INFO - Processing /home/airflow/.local/lib/python3.12/site-packages/airflow/example_dags/example_latest_only_with_trigger.py took 0.548 seconds
[2026-05-01T13:25:45.306+0000] {processor.py:161} INFO - Started process (PID=173) to work on /home/airflow/.local/lib/python3.12/site-packages/airflow/example_dags/example_latest_only_with_trigger.py
[2026-05-01T13:25:45.309+0000] {processor.py:830} INFO - Processing file /home/airflow/.local/lib/python3.12/site-packages/airflow/example_dags/example_latest_only_with_trigger.py for tasks to queue
[2026-05-01T13:25:45.322+0000] {logging_mixin.py:188} INFO - [2026-05-01T13:25:45.320+0000] {dagbag.py:545} INFO - Filling up the DagBag from /home/airflow/.local/lib/python3.12/site-packages/airflow/example_dags/example_latest_only_with_trigger.py
[2026-05-01T13:25:45.344+0000] {processor.py:840} INFO - DAG(s) 'latest_only_with_trigger' retrieved from /home/airflow/.local/lib/python3.12/site-packages/airflow/example_dags/example_latest_only_with_trigger.py
[2026-05-01T13:25:45.548+0000] {logging_mixin.py:188} INFO - [2026-05-01T13:25:45.547+0000] {dag.py:3089} INFO - Sync 1 DAGs
[2026-05-01T13:25:45.595+0000] {logging_mixin.py:188} INFO - [2026-05-01T13:25:45.594+0000] {dag.py:3947} INFO - Setting next_dagrun for latest_only_with_trigger to 2026-05-01 08:00:00+00:00, run_after=2026-05-01 12:00:00+00:00
[2026-05-01T13:25:45.674+0000] {processor.py:183} INFO - Processing /home/airflow/.local/lib/python3.12/site-packages/airflow/example_dags/example_latest_only_with_trigger.py took 0.384 seconds
[2026-05-01T13:26:16.161+0000] {processor.py:161} INFO - Started process (PID=231) to work on /home/airflow/.local/lib/python3.12/site-packages/airflow/example_dags/example_latest_only_with_trigger.py
[2026-05-01T13:26:16.164+0000] {processor.py:830} INFO - Processing file /home/airflow/.local/lib/python3.12/site-packages/airflow/example_dags/example_latest_only_with_trigger.py for tasks to queue
[2026-05-01T13:26:16.171+0000] {logging_mixin.py:188} INFO - [2026-05-01T13:26:16.170+0000] {dagbag.py:545} INFO - Filling up the DagBag from /home/airflow/.local/lib/python3.12/site-packages/airflow/example_dags/example_latest_only_with_trigger.py
[2026-05-01T13:26:16.188+0000] {processor.py:840} INFO - DAG(s) 'latest_only_with_trigger' retrieved from /home/airflow/.local/lib/python3.12/site-packages/airflow/example_dags/example_latest_only_with_trigger.py
[2026-05-01T13:26:16.241+0000] {logging_mixin.py:188} INFO - [2026-05-01T13:26:16.241+0000] {dag.py:3089} INFO - Sync 1 DAGs
[2026-05-01T13:26:16.323+0000] {logging_mixin.py:188} INFO - [2026-05-01T13:26:16.318+0000] {dag.py:3947} INFO - Setting next_dagrun for latest_only_with_trigger to 2026-05-01 08:00:00+00:00, run_after=2026-05-01 12:00:00+00:00
[2026-05-01T13:26:16.363+0000] {processor.py:183} INFO - Processing /home/airflow/.local/lib/python3.12/site-packages/airflow/example_dags/example_latest_only_with_trigger.py took 0.226 seconds
[2026-05-01T13:26:46.469+0000] {processor.py:161} INFO - Started process (PID=289) to work on /home/airflow/.local/lib/python3.12/site-packages/airflow/example_dags/example_latest_only_with_trigger.py
[2026-05-01T13:26:46.473+0000] {processor.py:830} INFO - Processing file /home/airflow/.local/lib/python3.12/site-packages/airflow/example_dags/example_latest_only_with_trigger.py for tasks to queue
[2026-05-01T13:26:46.479+0000] {logging_mixin.py:188} INFO - [2026-05-01T13:26:46.478+0000] {dagbag.py:545} INFO - Filling up the DagBag from /home/airflow/.local/lib/python3.12/site-packages/airflow/example_dags/example_latest_only_with_trigger.py
[2026-05-01T13:26:46.491+0000] {processor.py:840} INFO - DAG(s) 'latest_only_with_trigger' retrieved from /home/airflow/.local/lib/python3.12/site-packages/airflow/example_dags/example_latest_only_with_trigger.py
[2026-05-01T13:26:46.556+0000] {logging_mixin.py:188} INFO - [2026-05-01T13:26:46.556+0000] {dag.py:3089} INFO - Sync 1 DAGs
[2026-05-01T13:26:46.601+0000] {logging_mixin.py:188} INFO - [2026-05-01T13:26:46.601+0000] {dag.py:3947} INFO - Setting next_dagrun for latest_only_with_trigger to 2026-05-01 08:00:00+00:00, run_after=2026-05-01 12:00:00+00:00
[2026-05-01T13:26:46.642+0000] {processor.py:183} INFO - Processing /home/airflow/.local/lib/python3.12/site-packages/airflow/example_dags/example_latest_only_with_trigger.py took 0.186 seconds
[2026-05-01T13:27:16.710+0000] {processor.py:161} INFO - Started process (PID=346) to work on /home/airflow/.local/lib/python3.12/site-packages/airflow/example_dags/example_latest_only_with_trigger.py
[2026-05-01T13:27:16.720+0000] {processor.py:830} INFO - Processing file /home/airflow/.local/lib/python3.12/site-packages/airflow/example_dags/example_latest_only_with_trigger.py for tasks to queue
[2026-05-01T13:27:16.723+0000] {logging_mixin.py:188} INFO - [2026-05-01T13:27:16.723+0000] {dagbag.py:545} INFO - Filling up the DagBag from /home/airflow/.local/lib/python3.12/site-packages/airflow/example_dags/example_latest_only_with_trigger.py
[2026-05-01T13:27:16.739+0000] {processor.py:840} INFO - DAG(s) 'latest_only_with_trigger' retrieved from /home/airflow/.local/lib/python3.12/site-packages/airflow/example_dags/example_latest_only_with_trigger.py
[2026-05-01T13:27:16.801+0000] {logging_mixin.py:188} INFO - [2026-05-01T13:27:16.801+0000] {dag.py:3089} INFO - Sync 1 DAGs
[2026-05-01T13:27:16.871+0000] {logging_mixin.py:188} INFO - [2026-05-01T13:27:16.871+0000] {dag.py:3947} INFO - Setting next_dagrun for latest_only_with_trigger to 2026-05-01 08:00:00+00:00, run_after=2026-05-01 12:00:00+00:00
[2026-05-01T13:27:16.943+0000] {processor.py:183} INFO - Processing /home/airflow/.local/lib/python3.12/site-packages/airflow/example_dags/example_latest_only_with_trigger.py took 0.250 seconds
[2026-05-01T13:27:47.122+0000] {processor.py:161} INFO - Started process (PID=405) to work on /home/airflow/.local/lib/python3.12/site-packages/airflow/example_dags/example_latest_only_with_trigger.py
[2026-05-01T13:27:47.125+0000] {processor.py:830} INFO - Processing file /home/airflow/.local/lib/python3.12/site-packages/airflow/example_dags/example_latest_only_with_trigger.py for tasks to queue
[2026-05-01T13:27:47.130+0000] {logging_mixin.py:188} INFO - [2026-05-01T13:27:47.129+0000] {dagbag.py:545} INFO - Filling up the DagBag from /home/airflow/.local/lib/python3.12/site-packages/airflow/example_dags/example_latest_only_with_trigger.py
[2026-05-01T13:27:47.139+0000] {processor.py:840} INFO - DAG(s) 'latest_only_with_trigger' retrieved from /home/airflow/.local/lib/python3.12/site-packages/airflow/example_dags/example_latest_only_with_trigger.py
[2026-05-01T13:27:47.173+0000] {logging_mixin.py:188} INFO - [2026-05-01T13:27:47.173+0000] {dag.py:3089} INFO - Sync 1 DAGs
[2026-05-01T13:27:47.249+0000] {logging_mixin.py:188} INFO - [2026-05-01T13:27:47.248+0000] {dag.py:3947} INFO - Setting next_dagrun for latest_only_with_trigger to 2026-05-01 08:00:00+00:00, run_after=2026-05-01 12:00:00+00:00
[2026-05-01T13:27:47.287+0000] {processor.py:183} INFO - Processing /home/airflow/.local/lib/python3.12/site-packages/airflow/example_dags/example_latest_only_with_trigger.py took 0.180 seconds
[2026-05-01T13:28:17.860+0000] {processor.py:161} INFO - Started process (PID=463) to work on /home/airflow/.local/lib/python3.12/site-packages/airflow/example_dags/example_latest_only_with_trigger.py
[2026-05-01T13:28:17.863+0000] {processor.py:830} INFO - Processing file /home/airflow/.local/lib/python3.12/site-packages/airflow/example_dags/example_latest_only_with_trigger.py for tasks to queue
[2026-05-01T13:28:17.869+0000] {logging_mixin.py:188} INFO - [2026-05-01T13:28:17.868+0000] {dagbag.py:545} INFO - Filling up the DagBag from /home/airflow/.local/lib/python3.12/site-packages/airflow/example_dags/example_latest_only_with_trigger.py
[2026-05-01T13:28:17.883+0000] {processor.py:840} INFO - DAG(s) 'latest_only_with_trigger' retrieved from /home/airflow/.local/lib/python3.12/site-packages/airflow/example_dags/example_latest_only_with_trigger.py
[2026-05-01T13:28:17.934+0000] {logging_mixin.py:188} INFO - [2026-05-01T13:28:17.934+0000] {dag.py:3089} INFO - Sync 1 DAGs
[2026-05-01T13:28:17.977+0000] {logging_mixin.py:188} INFO - [2026-05-01T13:28:17.977+0000] {dag.py:3947} INFO - Setting next_dagrun for latest_only_with_trigger to 2026-05-01 08:00:00+00:00, run_after=2026-05-01 12:00:00+00:00
[2026-05-01T13:28:18.022+0000] {processor.py:183} INFO - Processing /home/airflow/.local/lib/python3.12/site-packages/airflow/example_dags/example_latest_only_with_trigger.py took 0.173 seconds
[2026-05-01T13:28:48.155+0000] {processor.py:161} INFO - Started process (PID=521) to work on /home/airflow/.local/lib/python3.12/site-packages/airflow/example_dags/example_latest_only_with_trigger.py
[2026-05-01T13:28:48.160+0000] {processor.py:830} INFO - Processing file /home/airflow/.local/lib/python3.12/site-packages/airflow/example_dags/example_latest_only_with_trigger.py for tasks to queue
[2026-05-01T13:28:48.172+0000] {logging_mixin.py:188} INFO - [2026-05-01T13:28:48.171+0000] {dagbag.py:545} INFO - Filling up the DagBag from /home/airflow/.local/lib/python3.12/site-packages/airflow/example_dags/example_latest_only_with_trigger.py
[2026-05-01T13:28:48.198+0000] {processor.py:840} INFO - DAG(s) 'latest_only_with_trigger' retrieved from /home/airflow/.local/lib/python3.12/site-packages/airflow/example_dags/example_latest_only_with_trigger.py
[2026-05-01T13:28:48.245+0000] {logging_mixin.py:188} INFO - [2026-05-01T13:28:48.245+0000] {dag.py:3089} INFO - Sync 1 DAGs
[2026-05-01T13:28:48.279+0000] {logging_mixin.py:188} INFO - [2026-05-01T13:28:48.278+0000] {dag.py:3947} INFO - Setting next_dagrun for latest_only_with_trigger to 2026-05-01 08:00:00+00:00, run_after=2026-05-01 12:00:00+00:00
[2026-05-01T13:28:48.312+0000] {processor.py:183} INFO - Processing /home/airflow/.local/lib/python3.12/site-packages/airflow/example_dags/example_latest_only_with_trigger.py took 0.168 seconds
[2026-05-01T13:29:18.665+0000] {processor.py:161} INFO - Started process (PID=579) to work on /home/airflow/.local/lib/python3.12/site-packages/airflow/example_dags/example_latest_only_with_trigger.py
[2026-05-01T13:29:18.668+0000] {processor.py:830} INFO - Processing file /home/airflow/.local/lib/python3.12/site-packages/airflow/example_dags/example_latest_only_with_trigger.py for tasks to queue
[2026-05-01T13:29:18.673+0000] {logging_mixin.py:188} INFO - [2026-05-01T13:29:18.672+0000] {dagbag.py:545} INFO - Filling up the DagBag from /home/airflow/.local/lib/python3.12/site-packages/airflow/example_dags/example_latest_only_with_trigger.py
[2026-05-01T13:29:18.688+0000] {processor.py:840} INFO - DAG(s) 'latest_only_with_trigger' retrieved from /home/airflow/.local/lib/python3.12/site-packages/airflow/example_dags/example_latest_only_with_trigger.py
[2026-05-01T13:29:18.716+0000] {logging_mixin.py:188} INFO - [2026-05-01T13:29:18.716+0000] {dag.py:3089} INFO - Sync 1 DAGs
[2026-05-01T13:29:18.751+0000] {logging_mixin.py:188} INFO - [2026-05-01T13:29:18.750+0000] {dag.py:3947} INFO - Setting next_dagrun for latest_only_with_trigger to 2026-05-01 08:00:00+00:00, run_after=2026-05-01 12:00:00+00:00
[2026-05-01T13:29:18.784+0000] {processor.py:183} INFO - Processing /home/airflow/.local/lib/python3.12/site-packages/airflow/example_dags/example_latest_only_with_trigger.py took 0.127 seconds
[2026-05-01T13:29:49.354+0000] {processor.py:161} INFO - Started process (PID=637) to work on /home/airflow/.local/lib/python3.12/site-packages/airflow/example_dags/example_latest_only_with_trigger.py
[2026-05-01T13:29:49.357+0000] {processor.py:830} INFO - Processing file /home/airflow/.local/lib/python3.12/site-packages/airflow/example_dags/example_latest_only_with_trigger.py for tasks to queue
[2026-05-01T13:29:49.363+0000] {logging_mixin.py:188} INFO - [2026-05-01T13:29:49.363+0000] {dagbag.py:545} INFO - Filling up the DagBag from /home/airflow/.local/lib/python3.12/site-packages/airflow/example_dags/example_latest_only_with_trigger.py
[2026-05-01T13:29:49.382+0000] {processor.py:840} INFO - DAG(s) 'latest_only_with_trigger' retrieved from /home/airflow/.local/lib/python3.12/site-packages/airflow/example_dags/example_latest_only_with_trigger.py
[2026-05-01T13:29:49.423+0000] {logging_mixin.py:188} INFO - [2026-05-01T13:29:49.422+0000] {dag.py:3089} INFO - Sync 1 DAGs
[2026-05-01T13:29:49.458+0000] {logging_mixin.py:188} INFO - [2026-05-01T13:29:49.458+0000] {dag.py:3947} INFO - Setting next_dagrun for latest_only_with_trigger to 2026-05-01 08:00:00+00:00, run_after=2026-05-01 12:00:00+00:00
[2026-05-01T13:29:49.495+0000] {processor.py:183} INFO - Processing /home/airflow/.local/lib/python3.12/site-packages/airflow/example_dags/example_latest_only_with_trigger.py took 0.151 seconds
[2026-05-01T13:30:19.646+0000] {processor.py:161} INFO - Started process (PID=695) to work on /home/airflow/.local/lib/python3.12/site-packages/airflow/example_dags/example_latest_only_with_trigger.py
[2026-05-01T13:30:19.650+0000] {processor.py:830} INFO - Processing file /home/airflow/.local/lib/python3.12/site-packages/airflow/example_dags/example_latest_only_with_trigger.py for tasks to queue
[2026-05-01T13:30:19.655+0000] {logging_mixin.py:188} INFO - [2026-05-01T13:30:19.654+0000] {dagbag.py:545} INFO - Filling up the DagBag from /home/airflow/.local/lib/python3.12/site-packages/airflow/example_dags/example_latest_only_with_trigger.py
[2026-05-01T13:30:19.666+0000] {processor.py:840} INFO - DAG(s) 'latest_only_with_trigger' retrieved from /home/airflow/.local/lib/python3.12/site-packages/airflow/example_dags/example_latest_only_with_trigger.py
[2026-05-01T13:30:19.708+0000] {logging_mixin.py:188} INFO - [2026-05-01T13:30:19.708+0000] {dag.py:3089} INFO - Sync 1 DAGs
[2026-05-01T13:30:19.749+0000] {logging_mixin.py:188} INFO - [2026-05-01T13:30:19.748+0000] {dag.py:3947} INFO - Setting next_dagrun for latest_only_with_trigger to 2026-05-01 08:00:00+00:00, run_after=2026-05-01 12:00:00+00:00
[2026-05-01T13:30:19.784+0000] {processor.py:183} INFO - Processing /home/airflow/.local/lib/python3.12/site-packages/airflow/example_dags/example_latest_only_with_trigger.py took 0.148 seconds
[2026-05-01T13:30:50.387+0000] {processor.py:161} INFO - Started process (PID=753) to work on /home/airflow/.local/lib/python3.12/site-packages/airflow/example_dags/example_latest_only_with_trigger.py
[2026-05-01T13:30:50.399+0000] {processor.py:830} INFO - Processing file /home/airflow/.local/lib/python3.12/site-packages/airflow/example_dags/example_latest_only_with_trigger.py for tasks to queue
[2026-05-01T13:30:50.409+0000] {logging_mixin.py:188} INFO - [2026-05-01T13:30:50.408+0000] {dagbag.py:545} INFO - Filling up the DagBag from /home/airflow/.local/lib/python3.12/site-packages/airflow/example_dags/example_latest_only_with_trigger.py
[2026-05-01T13:30:50.428+0000] {processor.py:840} INFO - DAG(s) 'latest_only_with_trigger' retrieved from /home/airflow/.local/lib/python3.12/site-packages/airflow/example_dags/example_latest_only_with_trigger.py
[2026-05-01T13:30:51.089+0000] {logging_mixin.py:188} INFO - [2026-05-01T13:30:51.088+0000] {dag.py:3089} INFO - Sync 1 DAGs
[2026-05-01T13:30:51.151+0000] {logging_mixin.py:188} INFO - [2026-05-01T13:30:51.150+0000] {dag.py:3947} INFO - Setting next_dagrun for latest_only_with_trigger to 2026-05-01 08:00:00+00:00, run_after=2026-05-01 12:00:00+00:00
[2026-05-01T13:30:51.199+0000] {processor.py:183} INFO - Processing /home/airflow/.local/lib/python3.12/site-packages/airflow/example_dags/example_latest_only_with_trigger.py took 0.834 seconds
[2026-05-01T13:31:21.456+0000] {processor.py:161} INFO - Started process (PID=809) to work on /home/airflow/.local/lib/python3.12/site-packages/airflow/example_dags/example_latest_only_with_trigger.py
[2026-05-01T13:31:21.461+0000] {processor.py:830} INFO - Processing file /home/airflow/.local/lib/python3.12/site-packages/airflow/example_dags/example_latest_only_with_trigger.py for tasks to queue
[2026-05-01T13:31:21.469+0000] {logging_mixin.py:188} INFO - [2026-05-01T13:31:21.468+0000] {dagbag.py:545} INFO - Filling up the DagBag from /home/airflow/.local/lib/python3.12/site-packages/airflow/example_dags/example_latest_only_with_trigger.py
[2026-05-01T13:31:21.491+0000] {processor.py:840} INFO - DAG(s) 'latest_only_with_trigger' retrieved from /home/airflow/.local/lib/python3.12/site-packages/airflow/example_dags/example_latest_only_with_trigger.py
[2026-05-01T13:31:21.526+0000] {logging_mixin.py:188} INFO - [2026-05-01T13:31:21.526+0000] {dag.py:3089} INFO - Sync 1 DAGs
[2026-05-01T13:31:21.570+0000] {logging_mixin.py:188} INFO - [2026-05-01T13:31:21.569+0000] {dag.py:3947} INFO - Setting next_dagrun for latest_only_with_trigger to 2026-05-01 08:00:00+00:00, run_after=2026-05-01 12:00:00+00:00
[2026-05-01T13:31:21.626+0000] {processor.py:183} INFO - Processing /home/airflow/.local/lib/python3.12/site-packages/airflow/example_dags/example_latest_only_with_trigger.py took 0.185 seconds
[2026-05-01T13:31:51.720+0000] {processor.py:161} INFO - Started process (PID=865) to work on /home/airflow/.local/lib/python3.12/site-packages/airflow/example_dags/example_latest_only_with_trigger.py
[2026-05-01T13:31:51.725+0000] {processor.py:830} INFO - Processing file /home/airflow/.local/lib/python3.12/site-packages/airflow/example_dags/example_latest_only_with_trigger.py for tasks to queue
[2026-05-01T13:31:51.730+0000] {logging_mixin.py:188} INFO - [2026-05-01T13:31:51.730+0000] {dagbag.py:545} INFO - Filling up the DagBag from /home/airflow/.local/lib/python3.12/site-packages/airflow/example_dags/example_latest_only_with_trigger.py
[2026-05-01T13:31:51.747+0000] {processor.py:840} INFO - DAG(s) 'latest_only_with_trigger' retrieved from /home/airflow/.local/lib/python3.12/site-packages/airflow/example_dags/example_latest_only_with_trigger.py
[2026-05-01T13:31:51.801+0000] {logging_mixin.py:188} INFO - [2026-05-01T13:31:51.800+0000] {dag.py:3089} INFO - Sync 1 DAGs
[2026-05-01T13:31:51.885+0000] {logging_mixin.py:188} INFO - [2026-05-01T13:31:51.884+0000] {dag.py:3947} INFO - Setting next_dagrun for latest_only_with_trigger to 2026-05-01 08:00:00+00:00, run_after=2026-05-01 12:00:00+00:00
[2026-05-01T13:31:51.929+0000] {processor.py:183} INFO - Processing /home/airflow/.local/lib/python3.12/site-packages/airflow/example_dags/example_latest_only_with_trigger.py took 0.223 seconds
[2026-05-01T13:32:22.268+0000] {processor.py:161} INFO - Started process (PID=920) to work on /home/airflow/.local/lib/python3.12/site-packages/airflow/example_dags/example_latest_only_with_trigger.py
[2026-05-01T13:32:22.279+0000] {processor.py:830} INFO - Processing file /home/airflow/.local/lib/python3.12/site-packages/airflow/example_dags/example_latest_only_with_trigger.py for tasks to queue
[2026-05-01T13:32:22.287+0000] {logging_mixin.py:188} INFO - [2026-05-01T13:32:22.286+0000] {dagbag.py:545} INFO - Filling up the DagBag from /home/airflow/.local/lib/python3.12/site-packages/airflow/example_dags/example_latest_only_with_trigger.py
[2026-05-01T13:32:22.300+0000] {processor.py:840} INFO - DAG(s) 'latest_only_with_trigger' retrieved from /home/airflow/.local/lib/python3.12/site-packages/airflow/example_dags/example_latest_only_with_trigger.py
[2026-05-01T13:32:22.341+0000] {logging_mixin.py:188} INFO - [2026-05-01T13:32:22.340+0000] {dag.py:3089} INFO - Sync 1 DAGs
[2026-05-01T13:32:22.377+0000] {logging_mixin.py:188} INFO - [2026-05-01T13:32:22.377+0000] {dag.py:3947} INFO - Setting next_dagrun for latest_only_with_trigger to 2026-05-01 08:00:00+00:00, run_after=2026-05-01 12:00:00+00:00
[2026-05-01T13:32:22.408+0000] {processor.py:183} INFO - Processing /home/airflow/.local/lib/python3.12/site-packages/airflow/example_dags/example_latest_only_with_trigger.py took 0.156 seconds
[2026-05-01T13:32:53.330+0000] {processor.py:161} INFO - Started process (PID=978) to work on /home/airflow/.local/lib/python3.12/site-packages/airflow/example_dags/example_latest_only_with_trigger.py
[2026-05-01T13:32:53.335+0000] {processor.py:830} INFO - Processing file /home/airflow/.local/lib/python3.12/site-packages/airflow/example_dags/example_latest_only_with_trigger.py for tasks to queue
[2026-05-01T13:32:53.343+0000] {logging_mixin.py:188} INFO - [2026-05-01T13:32:53.342+0000] {dagbag.py:545} INFO - Filling up the DagBag from /home/airflow/.local/lib/python3.12/site-packages/airflow/example_dags/example_latest_only_with_trigger.py
[2026-05-01T13:32:53.355+0000] {processor.py:840} INFO - DAG(s) 'latest_only_with_trigger' retrieved from /home/airflow/.local/lib/python3.12/site-packages/airflow/example_dags/example_latest_only_with_trigger.py
[2026-05-01T13:32:53.409+0000] {logging_mixin.py:188} INFO - [2026-05-01T13:32:53.408+0000] {dag.py:3089} INFO - Sync 1 DAGs
[2026-05-01T13:32:53.491+0000] {logging_mixin.py:188} INFO - [2026-05-01T13:32:53.491+0000] {dag.py:3947} INFO - Setting next_dagrun for latest_only_with_trigger to 2026-05-01 08:00:00+00:00, run_after=2026-05-01 12:00:00+00:00
[2026-05-01T13:32:53.594+0000] {processor.py:183} INFO - Processing /home/airflow/.local/lib/python3.12/site-packages/airflow/example_dags/example_latest_only_with_trigger.py took 0.280 seconds
[2026-05-01T13:33:23.951+0000] {processor.py:161} INFO - Started process (PID=1034) to work on /home/airflow/.local/lib/python3.12/site-packages/airflow/example_dags/example_latest_only_with_trigger.py
[2026-05-01T13:33:23.956+0000] {processor.py:830} INFO - Processing file /home/airflow/.local/lib/python3.12/site-packages/airflow/example_dags/example_latest_only_with_trigger.py for tasks to queue
[2026-05-01T13:33:23.960+0000] {logging_mixin.py:188} INFO - [2026-05-01T13:33:23.959+0000] {dagbag.py:545} INFO - Filling up the DagBag from /home/airflow/.local/lib/python3.12/site-packages/airflow/example_dags/example_latest_only_with_trigger.py
[2026-05-01T13:33:23.970+0000] {processor.py:840} INFO - DAG(s) 'latest_only_with_trigger' retrieved from /home/airflow/.local/lib/python3.12/site-packages/airflow/example_dags/example_latest_only_with_trigger.py
[2026-05-01T13:33:24.006+0000] {logging_mixin.py:188} INFO - [2026-05-01T13:33:24.005+0000] {dag.py:3089} INFO - Sync 1 DAGs
[2026-05-01T13:33:24.060+0000] {logging_mixin.py:188} INFO - [2026-05-01T13:33:24.060+0000] {dag.py:3947} INFO - Setting next_dagrun for latest_only_with_trigger to 2026-05-01 08:00:00+00:00, run_after=2026-05-01 12:00:00+00:00
[2026-05-01T13:33:24.097+0000] {processor.py:183} INFO - Processing /home/airflow/.local/lib/python3.12/site-packages/airflow/example_dags/example_latest_only_with_trigger.py took 0.165 seconds
[2026-05-01T13:33:55.108+0000] {processor.py:161} INFO - Started process (PID=1092) to work on /home/airflow/.local/lib/python3.12/site-packages/airflow/example_dags/example_latest_only_with_trigger.py
[2026-05-01T13:33:55.111+0000] {processor.py:830} INFO - Processing file /home/airflow/.local/lib/python3.12/site-packages/airflow/example_dags/example_latest_only_with_trigger.py for tasks to queue
[2026-05-01T13:33:55.116+0000] {logging_mixin.py:188} INFO - [2026-05-01T13:33:55.116+0000] {dagbag.py:545} INFO - Filling up the DagBag from /home/airflow/.local/lib/python3.12/site-packages/airflow/example_dags/example_latest_only_with_trigger.py
[2026-05-01T13:33:55.130+0000] {processor.py:840} INFO - DAG(s) 'latest_only_with_trigger' retrieved from /home/airflow/.local/lib/python3.12/site-packages/airflow/example_dags/example_latest_only_with_trigger.py
[2026-05-01T13:33:55.190+0000] {logging_mixin.py:188} INFO - [2026-05-01T13:33:55.190+0000] {dag.py:3089} INFO - Sync 1 DAGs
[2026-05-01T13:33:55.247+0000] {logging_mixin.py:188} INFO - [2026-05-01T13:33:55.245+0000] {dag.py:3947} INFO - Setting next_dagrun for latest_only_with_trigger to 2026-05-01 08:00:00+00:00, run_after=2026-05-01 12:00:00+00:00
[2026-05-01T13:33:55.339+0000] {processor.py:183} INFO - Processing /home/airflow/.local/lib/python3.12/site-packages/airflow/example_dags/example_latest_only_with_trigger.py took 0.246 seconds
[2026-05-01T13:34:26.359+0000] {processor.py:161} INFO - Started process (PID=1150) to work on /home/airflow/.local/lib/python3.12/site-packages/airflow/example_dags/example_latest_only_with_trigger.py
[2026-05-01T13:34:26.365+0000] {processor.py:830} INFO - Processing file /home/airflow/.local/lib/python3.12/site-packages/airflow/example_dags/example_latest_only_with_trigger.py for tasks to queue
[2026-05-01T13:34:26.391+0000] {logging_mixin.py:188} INFO - [2026-05-01T13:34:26.391+0000] {dagbag.py:545} INFO - Filling up the DagBag from /home/airflow/.local/lib/python3.12/site-packages/airflow/example_dags/example_latest_only_with_trigger.py
[2026-05-01T13:34:26.425+0000] {processor.py:840} INFO - DAG(s) 'latest_only_with_trigger' retrieved from /home/airflow/.local/lib/python3.12/site-packages/airflow/example_dags/example_latest_only_with_trigger.py
[2026-05-01T13:34:26.476+0000] {logging_mixin.py:188} INFO - [2026-05-01T13:34:26.476+0000] {dag.py:3089} INFO - Sync 1 DAGs
[2026-05-01T13:34:26.537+0000] {logging_mixin.py:188} INFO - [2026-05-01T13:34:26.536+0000] {dag.py:3947} INFO - Setting next_dagrun for latest_only_with_trigger to 2026-05-01 08:00:00+00:00, run_after=2026-05-01 12:00:00+00:00
[2026-05-01T13:34:26.574+0000] {processor.py:183} INFO - Processing /home/airflow/.local/lib/python3.12/site-packages/airflow/example_dags/example_latest_only_with_trigger.py took 0.242 seconds
[2026-05-01T13:34:57.241+0000] {processor.py:161} INFO - Started process (PID=1207) to work on /home/airflow/.local/lib/python3.12/site-packages/airflow/example_dags/example_latest_only_with_trigger.py
[2026-05-01T13:34:57.246+0000] {processor.py:830} INFO - Processing file /home/airflow/.local/lib/python3.12/site-packages/airflow/example_dags/example_latest_only_with_trigger.py for tasks to queue
[2026-05-01T13:34:57.268+0000] {logging_mixin.py:188} INFO - [2026-05-01T13:34:57.260+0000] {dagbag.py:545} INFO - Filling up the DagBag from /home/airflow/.local/lib/python3.12/site-packages/airflow/example_dags/example_latest_only_with_trigger.py
[2026-05-01T13:34:57.296+0000] {processor.py:840} INFO - DAG(s) 'latest_only_with_trigger' retrieved from /home/airflow/.local/lib/python3.12/site-packages/airflow/example_dags/example_latest_only_with_trigger.py
[2026-05-01T13:34:57.409+0000] {logging_mixin.py:188} INFO - [2026-05-01T13:34:57.409+0000] {dag.py:3089} INFO - Sync 1 DAGs
[2026-05-01T13:34:57.851+0000] {logging_mixin.py:188} INFO - [2026-05-01T13:34:57.849+0000] {dag.py:3947} INFO - Setting next_dagrun for latest_only_with_trigger to 2026-05-01 08:00:00+00:00, run_after=2026-05-01 12:00:00+00:00
[2026-05-01T13:34:57.998+0000] {processor.py:183} INFO - Processing /home/airflow/.local/lib/python3.12/site-packages/airflow/example_dags/example_latest_only_with_trigger.py took 0.788 seconds
[2026-05-01T13:35:28.305+0000] {processor.py:161} INFO - Started process (PID=1265) to work on /home/airflow/.local/lib/python3.12/site-packages/airflow/example_dags/example_latest_only_with_trigger.py
[2026-05-01T13:35:28.312+0000] {processor.py:830} INFO - Processing file /home/airflow/.local/lib/python3.12/site-packages/airflow/example_dags/example_latest_only_with_trigger.py for tasks to queue
[2026-05-01T13:35:28.324+0000] {logging_mixin.py:188} INFO - [2026-05-01T13:35:28.322+0000] {dagbag.py:545} INFO - Filling up the DagBag from /home/airflow/.local/lib/python3.12/site-packages/airflow/example_dags/example_latest_only_with_trigger.py
[2026-05-01T13:35:28.339+0000] {processor.py:840} INFO - DAG(s) 'latest_only_with_trigger' retrieved from /home/airflow/.local/lib/python3.12/site-packages/airflow/example_dags/example_latest_only_with_trigger.py
[2026-05-01T13:35:28.383+0000] {logging_mixin.py:188} INFO - [2026-05-01T13:35:28.383+0000] {dag.py:3089} INFO - Sync 1 DAGs
[2026-05-01T13:35:28.416+0000] {logging_mixin.py:188} INFO - [2026-05-01T13:35:28.416+0000] {dag.py:3947} INFO - Setting next_dagrun for latest_only_with_trigger to 2026-05-01 08:00:00+00:00, run_after=2026-05-01 12:00:00+00:00
[2026-05-01T13:35:28.454+0000] {processor.py:183} INFO - Processing /home/airflow/.local/lib/python3.12/site-packages/airflow/example_dags/example_latest_only_with_trigger.py took 0.172 seconds
[2026-05-01T13:35:58.710+0000] {processor.py:161} INFO - Started process (PID=1323) to work on /home/airflow/.local/lib/python3.12/site-packages/airflow/example_dags/example_latest_only_with_trigger.py
[2026-05-01T13:35:58.715+0000] {processor.py:830} INFO - Processing file /home/airflow/.local/lib/python3.12/site-packages/airflow/example_dags/example_latest_only_with_trigger.py for tasks to queue
[2026-05-01T13:35:58.727+0000] {logging_mixin.py:188} INFO - [2026-05-01T13:35:58.725+0000] {dagbag.py:545} INFO - Filling up the DagBag from /home/airflow/.local/lib/python3.12/site-packages/airflow/example_dags/example_latest_only_with_trigger.py
[2026-05-01T13:35:58.755+0000] {processor.py:840} INFO - DAG(s) 'latest_only_with_trigger' retrieved from /home/airflow/.local/lib/python3.12/site-packages/airflow/example_dags/example_latest_only_with_trigger.py
[2026-05-01T13:35:58.825+0000] {logging_mixin.py:188} INFO - [2026-05-01T13:35:58.824+0000] {dag.py:3089} INFO - Sync 1 DAGs
[2026-05-01T13:35:58.911+0000] {logging_mixin.py:188} INFO - [2026-05-01T13:35:58.911+0000] {dag.py:3947} INFO - Setting next_dagrun for latest_only_with_trigger to 2026-05-01 08:00:00+00:00, run_after=2026-05-01 12:00:00+00:00
[2026-05-01T13:35:58.951+0000] {processor.py:183} INFO - Processing /home/airflow/.local/lib/python3.12/site-packages/airflow/example_dags/example_latest_only_with_trigger.py took 0.266 seconds
[2026-05-01T13:36:29.277+0000] {processor.py:161} INFO - Started process (PID=1381) to work on /home/airflow/.local/lib/python3.12/site-packages/airflow/example_dags/example_latest_only_with_trigger.py
[2026-05-01T13:36:29.282+0000] {processor.py:830} INFO - Processing file /home/airflow/.local/lib/python3.12/site-packages/airflow/example_dags/example_latest_only_with_trigger.py for tasks to queue
[2026-05-01T13:36:29.290+0000] {logging_mixin.py:188} INFO - [2026-05-01T13:36:29.289+0000] {dagbag.py:545} INFO - Filling up the DagBag from /home/airflow/.local/lib/python3.12/site-packages/airflow/example_dags/example_latest_only_with_trigger.py
[2026-05-01T13:36:29.314+0000] {processor.py:840} INFO - DAG(s) 'latest_only_with_trigger' retrieved from /home/airflow/.local/lib/python3.12/site-packages/airflow/example_dags/example_latest_only_with_trigger.py
[2026-05-01T13:36:29.425+0000] {logging_mixin.py:188} INFO - [2026-05-01T13:36:29.425+0000] {dag.py:3089} INFO - Sync 1 DAGs
[2026-05-01T13:36:29.480+0000] {logging_mixin.py:188} INFO - [2026-05-01T13:36:29.480+0000] {dag.py:3947} INFO - Setting next_dagrun for latest_only_with_trigger to 2026-05-01 08:00:00+00:00, run_after=2026-05-01 12:00:00+00:00
[2026-05-01T13:36:29.532+0000] {processor.py:183} INFO - Processing /home/airflow/.local/lib/python3.12/site-packages/airflow/example_dags/example_latest_only_with_trigger.py took 0.281 seconds
[2026-05-01T13:37:00.013+0000] {processor.py:161} INFO - Started process (PID=1439) to work on /home/airflow/.local/lib/python3.12/site-packages/airflow/example_dags/example_latest_only_with_trigger.py
[2026-05-01T13:37:00.025+0000] {processor.py:830} INFO - Processing file /home/airflow/.local/lib/python3.12/site-packages/airflow/example_dags/example_latest_only_with_trigger.py for tasks to queue
[2026-05-01T13:37:00.038+0000] {logging_mixin.py:188} INFO - [2026-05-01T13:37:00.037+0000] {dagbag.py:545} INFO - Filling up the DagBag from /home/airflow/.local/lib/python3.12/site-packages/airflow/example_dags/example_latest_only_with_trigger.py
[2026-05-01T13:37:00.065+0000] {processor.py:840} INFO - DAG(s) 'latest_only_with_trigger' retrieved from /home/airflow/.local/lib/python3.12/site-packages/airflow/example_dags/example_latest_only_with_trigger.py
[2026-05-01T13:37:00.109+0000] {logging_mixin.py:188} INFO - [2026-05-01T13:37:00.108+0000] {dag.py:3089} INFO - Sync 1 DAGs
[2026-05-01T13:37:00.142+0000] {logging_mixin.py:188} INFO - [2026-05-01T13:37:00.141+0000] {dag.py:3947} INFO - Setting next_dagrun for latest_only_with_trigger to 2026-05-01 08:00:00+00:00, run_after=2026-05-01 12:00:00+00:00
[2026-05-01T13:37:00.179+0000] {processor.py:183} INFO - Processing /home/airflow/.local/lib/python3.12/site-packages/airflow/example_dags/example_latest_only_with_trigger.py took 0.196 seconds
[2026-05-01T13:37:30.458+0000] {processor.py:161} INFO - Started process (PID=1496) to work on /home/airflow/.local/lib/python3.12/site-packages/airflow/example_dags/example_latest_only_with_trigger.py
[2026-05-01T13:37:30.461+0000] {processor.py:830} INFO - Processing file /home/airflow/.local/lib/python3.12/site-packages/airflow/example_dags/example_latest_only_with_trigger.py for tasks to queue
[2026-05-01T13:37:30.468+0000] {logging_mixin.py:188} INFO - [2026-05-01T13:37:30.467+0000] {dagbag.py:545} INFO - Filling up the DagBag from /home/airflow/.local/lib/python3.12/site-packages/airflow/example_dags/example_latest_only_with_trigger.py
[2026-05-01T13:37:30.478+0000] {processor.py:840} INFO - DAG(s) 'latest_only_with_trigger' retrieved from /home/airflow/.local/lib/python3.12/site-packages/airflow/example_dags/example_latest_only_with_trigger.py
[2026-05-01T13:37:30.526+0000] {logging_mixin.py:188} INFO - [2026-05-01T13:37:30.526+0000] {dag.py:3089} INFO - Sync 1 DAGs
[2026-05-01T13:37:30.573+0000] {logging_mixin.py:188} INFO - [2026-05-01T13:37:30.573+0000] {dag.py:3947} INFO - Setting next_dagrun for latest_only_with_trigger to 2026-05-01 08:00:00+00:00, run_after=2026-05-01 12:00:00+00:00
[2026-05-01T13:37:30.615+0000] {processor.py:183} INFO - Processing /home/airflow/.local/lib/python3.12/site-packages/airflow/example_dags/example_latest_only_with_trigger.py took 0.172 seconds
[2026-05-01T13:38:01.517+0000] {processor.py:161} INFO - Started process (PID=1553) to work on /home/airflow/.local/lib/python3.12/site-packages/airflow/example_dags/example_latest_only_with_trigger.py
[2026-05-01T13:38:01.520+0000] {processor.py:830} INFO - Processing file /home/airflow/.local/lib/python3.12/site-packages/airflow/example_dags/example_latest_only_with_trigger.py for tasks to queue
[2026-05-01T13:38:01.527+0000] {logging_mixin.py:188} INFO - [2026-05-01T13:38:01.524+0000] {dagbag.py:545} INFO - Filling up the DagBag from /home/airflow/.local/lib/python3.12/site-packages/airflow/example_dags/example_latest_only_with_trigger.py
[2026-05-01T13:38:01.550+0000] {processor.py:840} INFO - DAG(s) 'latest_only_with_trigger' retrieved from /home/airflow/.local/lib/python3.12/site-packages/airflow/example_dags/example_latest_only_with_trigger.py
[2026-05-01T13:38:01.641+0000] {logging_mixin.py:188} INFO - [2026-05-01T13:38:01.641+0000] {dag.py:3089} INFO - Sync 1 DAGs
[2026-05-01T13:38:01.697+0000] {logging_mixin.py:188} INFO - [2026-05-01T13:38:01.697+0000] {dag.py:3947} INFO - Setting next_dagrun for latest_only_with_trigger to 2026-05-01 08:00:00+00:00, run_after=2026-05-01 12:00:00+00:00
[2026-05-01T13:38:01.952+0000] {processor.py:183} INFO - Processing /home/airflow/.local/lib/python3.12/site-packages/airflow/example_dags/example_latest_only_with_trigger.py took 0.454 seconds
[2026-05-01T13:38:32.895+0000] {processor.py:161} INFO - Started process (PID=1611) to work on /home/airflow/.local/lib/python3.12/site-packages/airflow/example_dags/example_latest_only_with_trigger.py
[2026-05-01T13:38:32.908+0000] {processor.py:830} INFO - Processing file /home/airflow/.local/lib/python3.12/site-packages/airflow/example_dags/example_latest_only_with_trigger.py for tasks to queue
[2026-05-01T13:38:32.928+0000] {logging_mixin.py:188} INFO - [2026-05-01T13:38:32.927+0000] {dagbag.py:545} INFO - Filling up the DagBag from /home/airflow/.local/lib/python3.12/site-packages/airflow/example_dags/example_latest_only_with_trigger.py
[2026-05-01T13:38:33.016+0000] {processor.py:840} INFO - DAG(s) 'latest_only_with_trigger' retrieved from /home/airflow/.local/lib/python3.12/site-packages/airflow/example_dags/example_latest_only_with_trigger.py
[2026-05-01T13:38:33.068+0000] {logging_mixin.py:188} INFO - [2026-05-01T13:38:33.068+0000] {dag.py:3089} INFO - Sync 1 DAGs
[2026-05-01T13:38:33.107+0000] {logging_mixin.py:188} INFO - [2026-05-01T13:38:33.107+0000] {dag.py:3947} INFO - Setting next_dagrun for latest_only_with_trigger to 2026-05-01 08:00:00+00:00, run_after=2026-05-01 12:00:00+00:00
[2026-05-01T13:38:33.228+0000] {processor.py:183} INFO - Processing /home/airflow/.local/lib/python3.12/site-packages/airflow/example_dags/example_latest_only_with_trigger.py took 0.368 seconds
[2026-05-01T13:39:03.583+0000] {processor.py:161} INFO - Started process (PID=1669) to work on /home/airflow/.local/lib/python3.12/site-packages/airflow/example_dags/example_latest_only_with_trigger.py
[2026-05-01T13:39:03.585+0000] {processor.py:830} INFO - Processing file /home/airflow/.local/lib/python3.12/site-packages/airflow/example_dags/example_latest_only_with_trigger.py for tasks to queue
[2026-05-01T13:39:03.592+0000] {logging_mixin.py:188} INFO - [2026-05-01T13:39:03.592+0000] {dagbag.py:545} INFO - Filling up the DagBag from /home/airflow/.local/lib/python3.12/site-packages/airflow/example_dags/example_latest_only_with_trigger.py
[2026-05-01T13:39:03.617+0000] {processor.py:840} INFO - DAG(s) 'latest_only_with_trigger' retrieved from /home/airflow/.local/lib/python3.12/site-packages/airflow/example_dags/example_latest_only_with_trigger.py
[2026-05-01T13:39:03.662+0000] {logging_mixin.py:188} INFO - [2026-05-01T13:39:03.662+0000] {dag.py:3089} INFO - Sync 1 DAGs
[2026-05-01T13:39:03.722+0000] {logging_mixin.py:188} INFO - [2026-05-01T13:39:03.722+0000] {dag.py:3947} INFO - Setting next_dagrun for latest_only_with_trigger to 2026-05-01 08:00:00+00:00, run_after=2026-05-01 12:00:00+00:00
[2026-05-01T13:39:03.777+0000] {processor.py:183} INFO - Processing /home/airflow/.local/lib/python3.12/site-packages/airflow/example_dags/example_latest_only_with_trigger.py took 0.216 seconds
[2026-05-01T13:39:34.385+0000] {processor.py:161} INFO - Started process (PID=1727) to work on /home/airflow/.local/lib/python3.12/site-packages/airflow/example_dags/example_latest_only_with_trigger.py
[2026-05-01T13:39:34.390+0000] {processor.py:830} INFO - Processing file /home/airflow/.local/lib/python3.12/site-packages/airflow/example_dags/example_latest_only_with_trigger.py for tasks to queue
[2026-05-01T13:39:34.398+0000] {logging_mixin.py:188} INFO - [2026-05-01T13:39:34.396+0000] {dagbag.py:545} INFO - Filling up the DagBag from /home/airflow/.local/lib/python3.12/site-packages/airflow/example_dags/example_latest_only_with_trigger.py
[2026-05-01T13:39:34.433+0000] {processor.py:840} INFO - DAG(s) 'latest_only_with_trigger' retrieved from /home/airflow/.local/lib/python3.12/site-packages/airflow/example_dags/example_latest_only_with_trigger.py
[2026-05-01T13:39:34.483+0000] {logging_mixin.py:188} INFO - [2026-05-01T13:39:34.482+0000] {dag.py:3089} INFO - Sync 1 DAGs
[2026-05-01T13:39:34.519+0000] {logging_mixin.py:188} INFO - [2026-05-01T13:39:34.519+0000] {dag.py:3947} INFO - Setting next_dagrun for latest_only_with_trigger to 2026-05-01 08:00:00+00:00, run_after=2026-05-01 12:00:00+00:00
[2026-05-01T13:39:34.548+0000] {processor.py:183} INFO - Processing /home/airflow/.local/lib/python3.12/site-packages/airflow/example_dags/example_latest_only_with_trigger.py took 0.190 seconds
[2026-05-01T13:40:05.127+0000] {processor.py:161} INFO - Started process (PID=1785) to work on /home/airflow/.local/lib/python3.12/site-packages/airflow/example_dags/example_latest_only_with_trigger.py
[2026-05-01T13:40:05.130+0000] {processor.py:830} INFO - Processing file /home/airflow/.local/lib/python3.12/site-packages/airflow/example_dags/example_latest_only_with_trigger.py for tasks to queue
[2026-05-01T13:40:05.136+0000] {logging_mixin.py:188} INFO - [2026-05-01T13:40:05.135+0000] {dagbag.py:545} INFO - Filling up the DagBag from /home/airflow/.local/lib/python3.12/site-packages/airflow/example_dags/example_latest_only_with_trigger.py
[2026-05-01T13:40:05.367+0000] {processor.py:840} INFO - DAG(s) 'latest_only_with_trigger' retrieved from /home/airflow/.local/lib/python3.12/site-packages/airflow/example_dags/example_latest_only_with_trigger.py
[2026-05-01T13:40:05.398+0000] {logging_mixin.py:188} INFO - [2026-05-01T13:40:05.397+0000] {dag.py:3089} INFO - Sync 1 DAGs
[2026-05-01T13:40:05.425+0000] {logging_mixin.py:188} INFO - [2026-05-01T13:40:05.425+0000] {dag.py:3947} INFO - Setting next_dagrun for latest_only_with_trigger to 2026-05-01 08:00:00+00:00, run_after=2026-05-01 12:00:00+00:00
[2026-05-01T13:40:05.465+0000] {processor.py:183} INFO - Processing /home/airflow/.local/lib/python3.12/site-packages/airflow/example_dags/example_latest_only_with_trigger.py took 0.351 seconds
[2026-05-01T13:42:18.714+0000] {processor.py:161} INFO - Started process (PID=43) to work on /home/airflow/.local/lib/python3.12/site-packages/airflow/example_dags/example_latest_only_with_trigger.py
[2026-05-01T13:42:18.722+0000] {processor.py:830} INFO - Processing file /home/airflow/.local/lib/python3.12/site-packages/airflow/example_dags/example_latest_only_with_trigger.py for tasks to queue
[2026-05-01T13:42:18.740+0000] {logging_mixin.py:188} INFO - [2026-05-01T13:42:18.737+0000] {dagbag.py:545} INFO - Filling up the DagBag from /home/airflow/.local/lib/python3.12/site-packages/airflow/example_dags/example_latest_only_with_trigger.py
[2026-05-01T13:42:18.811+0000] {processor.py:840} INFO - DAG(s) 'latest_only_with_trigger' retrieved from /home/airflow/.local/lib/python3.12/site-packages/airflow/example_dags/example_latest_only_with_trigger.py
[2026-05-01T13:42:19.561+0000] {logging_mixin.py:188} INFO - [2026-05-01T13:42:19.560+0000] {dag.py:3089} INFO - Sync 1 DAGs
[2026-05-01T13:42:19.735+0000] {logging_mixin.py:188} INFO - [2026-05-01T13:42:19.724+0000] {dag.py:3947} INFO - Setting next_dagrun for latest_only_with_trigger to 2026-05-01 08:00:00+00:00, run_after=2026-05-01 12:00:00+00:00
[2026-05-01T13:42:19.897+0000] {processor.py:183} INFO - Processing /home/airflow/.local/lib/python3.12/site-packages/airflow/example_dags/example_latest_only_with_trigger.py took 1.239 seconds
[2026-05-01T13:42:54.270+0000] {processor.py:161} INFO - Started process (PID=101) to work on /home/airflow/.local/lib/python3.12/site-packages/airflow/example_dags/example_latest_only_with_trigger.py
[2026-05-01T13:42:54.277+0000] {processor.py:830} INFO - Processing file /home/airflow/.local/lib/python3.12/site-packages/airflow/example_dags/example_latest_only_with_trigger.py for tasks to queue
[2026-05-01T13:42:54.285+0000] {logging_mixin.py:188} INFO - [2026-05-01T13:42:54.284+0000] {dagbag.py:545} INFO - Filling up the DagBag from /home/airflow/.local/lib/python3.12/site-packages/airflow/example_dags/example_latest_only_with_trigger.py
[2026-05-01T13:42:54.299+0000] {processor.py:840} INFO - DAG(s) 'latest_only_with_trigger' retrieved from /home/airflow/.local/lib/python3.12/site-packages/airflow/example_dags/example_latest_only_with_trigger.py
[2026-05-01T13:42:54.337+0000] {logging_mixin.py:188} INFO - [2026-05-01T13:42:54.337+0000] {dag.py:3089} INFO - Sync 1 DAGs
[2026-05-01T13:42:54.389+0000] {logging_mixin.py:188} INFO - [2026-05-01T13:42:54.388+0000] {dag.py:3947} INFO - Setting next_dagrun for latest_only_with_trigger to 2026-05-01 08:00:00+00:00, run_after=2026-05-01 12:00:00+00:00
[2026-05-01T13:42:54.431+0000] {processor.py:183} INFO - Processing /home/airflow/.local/lib/python3.12/site-packages/airflow/example_dags/example_latest_only_with_trigger.py took 0.170 seconds
[2026-05-01T13:43:26.763+0000] {processor.py:161} INFO - Started process (PID=149) to work on /home/airflow/.local/lib/python3.12/site-packages/airflow/example_dags/example_latest_only_with_trigger.py
[2026-05-01T13:43:26.776+0000] {processor.py:830} INFO - Processing file /home/airflow/.local/lib/python3.12/site-packages/airflow/example_dags/example_latest_only_with_trigger.py for tasks to queue
[2026-05-01T13:43:26.787+0000] {logging_mixin.py:188} INFO - [2026-05-01T13:43:26.786+0000] {dagbag.py:545} INFO - Filling up the DagBag from /home/airflow/.local/lib/python3.12/site-packages/airflow/example_dags/example_latest_only_with_trigger.py
[2026-05-01T13:43:26.806+0000] {processor.py:840} INFO - DAG(s) 'latest_only_with_trigger' retrieved from /home/airflow/.local/lib/python3.12/site-packages/airflow/example_dags/example_latest_only_with_trigger.py
[2026-05-01T13:43:26.898+0000] {logging_mixin.py:188} INFO - [2026-05-01T13:43:26.897+0000] {dag.py:3089} INFO - Sync 1 DAGs
[2026-05-01T13:43:27.227+0000] {logging_mixin.py:188} INFO - [2026-05-01T13:43:27.227+0000] {dag.py:3947} INFO - Setting next_dagrun for latest_only_with_trigger to 2026-05-01 08:00:00+00:00, run_after=2026-05-01 12:00:00+00:00
[2026-05-01T13:43:27.293+0000] {processor.py:183} INFO - Processing /home/airflow/.local/lib/python3.12/site-packages/airflow/example_dags/example_latest_only_with_trigger.py took 0.553 seconds
[2026-05-01T13:43:58.155+0000] {processor.py:161} INFO - Started process (PID=207) to work on /home/airflow/.local/lib/python3.12/site-packages/airflow/example_dags/example_latest_only_with_trigger.py
[2026-05-01T13:43:58.160+0000] {processor.py:830} INFO - Processing file /home/airflow/.local/lib/python3.12/site-packages/airflow/example_dags/example_latest_only_with_trigger.py for tasks to queue
[2026-05-01T13:43:58.169+0000] {logging_mixin.py:188} INFO - [2026-05-01T13:43:58.168+0000] {dagbag.py:545} INFO - Filling up the DagBag from /home/airflow/.local/lib/python3.12/site-packages/airflow/example_dags/example_latest_only_with_trigger.py
[2026-05-01T13:43:58.205+0000] {processor.py:840} INFO - DAG(s) 'latest_only_with_trigger' retrieved from /home/airflow/.local/lib/python3.12/site-packages/airflow/example_dags/example_latest_only_with_trigger.py
[2026-05-01T13:43:58.286+0000] {logging_mixin.py:188} INFO - [2026-05-01T13:43:58.282+0000] {dag.py:3089} INFO - Sync 1 DAGs
[2026-05-01T13:43:58.340+0000] {logging_mixin.py:188} INFO - [2026-05-01T13:43:58.339+0000] {dag.py:3947} INFO - Setting next_dagrun for latest_only_with_trigger to 2026-05-01 08:00:00+00:00, run_after=2026-05-01 12:00:00+00:00
[2026-05-01T13:43:58.455+0000] {processor.py:183} INFO - Processing /home/airflow/.local/lib/python3.12/site-packages/airflow/example_dags/example_latest_only_with_trigger.py took 0.401 seconds
[2026-05-01T13:44:30.242+0000] {processor.py:161} INFO - Started process (PID=264) to work on /home/airflow/.local/lib/python3.12/site-packages/airflow/example_dags/example_latest_only_with_trigger.py
[2026-05-01T13:44:30.244+0000] {processor.py:830} INFO - Processing file /home/airflow/.local/lib/python3.12/site-packages/airflow/example_dags/example_latest_only_with_trigger.py for tasks to queue
[2026-05-01T13:44:30.251+0000] {logging_mixin.py:188} INFO - [2026-05-01T13:44:30.250+0000] {dagbag.py:545} INFO - Filling up the DagBag from /home/airflow/.local/lib/python3.12/site-packages/airflow/example_dags/example_latest_only_with_trigger.py
[2026-05-01T13:44:30.266+0000] {processor.py:840} INFO - DAG(s) 'latest_only_with_trigger' retrieved from /home/airflow/.local/lib/python3.12/site-packages/airflow/example_dags/example_latest_only_with_trigger.py
[2026-05-01T13:44:30.322+0000] {logging_mixin.py:188} INFO - [2026-05-01T13:44:30.321+0000] {dag.py:3089} INFO - Sync 1 DAGs
[2026-05-01T13:44:30.395+0000] {logging_mixin.py:188} INFO - [2026-05-01T13:44:30.391+0000] {dag.py:3947} INFO - Setting next_dagrun for latest_only_with_trigger to 2026-05-01 08:00:00+00:00, run_after=2026-05-01 12:00:00+00:00
[2026-05-01T13:44:30.455+0000] {processor.py:183} INFO - Processing /home/airflow/.local/lib/python3.12/site-packages/airflow/example_dags/example_latest_only_with_trigger.py took 0.222 seconds
[2026-05-01T13:45:00.871+0000] {processor.py:161} INFO - Started process (PID=322) to work on /home/airflow/.local/lib/python3.12/site-packages/airflow/example_dags/example_latest_only_with_trigger.py
[2026-05-01T13:45:00.874+0000] {processor.py:830} INFO - Processing file /home/airflow/.local/lib/python3.12/site-packages/airflow/example_dags/example_latest_only_with_trigger.py for tasks to queue
[2026-05-01T13:45:00.878+0000] {logging_mixin.py:188} INFO - [2026-05-01T13:45:00.878+0000] {dagbag.py:545} INFO - Filling up the DagBag from /home/airflow/.local/lib/python3.12/site-packages/airflow/example_dags/example_latest_only_with_trigger.py
[2026-05-01T13:45:00.911+0000] {processor.py:840} INFO - DAG(s) 'latest_only_with_trigger' retrieved from /home/airflow/.local/lib/python3.12/site-packages/airflow/example_dags/example_latest_only_with_trigger.py
[2026-05-01T13:45:01.055+0000] {logging_mixin.py:188} INFO - [2026-05-01T13:45:01.055+0000] {dag.py:3089} INFO - Sync 1 DAGs
[2026-05-01T13:45:01.214+0000] {logging_mixin.py:188} INFO - [2026-05-01T13:45:01.213+0000] {dag.py:3947} INFO - Setting next_dagrun for latest_only_with_trigger to 2026-05-01 08:00:00+00:00, run_after=2026-05-01 12:00:00+00:00
[2026-05-01T13:45:01.312+0000] {processor.py:183} INFO - Processing /home/airflow/.local/lib/python3.12/site-packages/airflow/example_dags/example_latest_only_with_trigger.py took 0.477 seconds
[2026-05-01T13:45:31.986+0000] {processor.py:161} INFO - Started process (PID=380) to work on /home/airflow/.local/lib/python3.12/site-packages/airflow/example_dags/example_latest_only_with_trigger.py
[2026-05-01T13:45:31.989+0000] {processor.py:830} INFO - Processing file /home/airflow/.local/lib/python3.12/site-packages/airflow/example_dags/example_latest_only_with_trigger.py for tasks to queue
[2026-05-01T13:45:31.995+0000] {logging_mixin.py:188} INFO - [2026-05-01T13:45:31.994+0000] {dagbag.py:545} INFO - Filling up the DagBag from /home/airflow/.local/lib/python3.12/site-packages/airflow/example_dags/example_latest_only_with_trigger.py
[2026-05-01T13:45:32.019+0000] {processor.py:840} INFO - DAG(s) 'latest_only_with_trigger' retrieved from /home/airflow/.local/lib/python3.12/site-packages/airflow/example_dags/example_latest_only_with_trigger.py
[2026-05-01T13:45:32.077+0000] {logging_mixin.py:188} INFO - [2026-05-01T13:45:32.077+0000] {dag.py:3089} INFO - Sync 1 DAGs
[2026-05-01T13:45:32.277+0000] {logging_mixin.py:188} INFO - [2026-05-01T13:45:32.275+0000] {dag.py:3947} INFO - Setting next_dagrun for latest_only_with_trigger to 2026-05-01 08:00:00+00:00, run_after=2026-05-01 12:00:00+00:00
[2026-05-01T13:45:32.390+0000] {processor.py:183} INFO - Processing /home/airflow/.local/lib/python3.12/site-packages/airflow/example_dags/example_latest_only_with_trigger.py took 0.420 seconds
[2026-05-01T13:46:02.501+0000] {processor.py:161} INFO - Started process (PID=438) to work on /home/airflow/.local/lib/python3.12/site-packages/airflow/example_dags/example_latest_only_with_trigger.py
[2026-05-01T13:46:02.503+0000] {processor.py:830} INFO - Processing file /home/airflow/.local/lib/python3.12/site-packages/airflow/example_dags/example_latest_only_with_trigger.py for tasks to queue
[2026-05-01T13:46:02.510+0000] {logging_mixin.py:188} INFO - [2026-05-01T13:46:02.509+0000] {dagbag.py:545} INFO - Filling up the DagBag from /home/airflow/.local/lib/python3.12/site-packages/airflow/example_dags/example_latest_only_with_trigger.py
[2026-05-01T13:46:02.525+0000] {processor.py:840} INFO - DAG(s) 'latest_only_with_trigger' retrieved from /home/airflow/.local/lib/python3.12/site-packages/airflow/example_dags/example_latest_only_with_trigger.py
[2026-05-01T13:46:02.555+0000] {logging_mixin.py:188} INFO - [2026-05-01T13:46:02.555+0000] {dag.py:3089} INFO - Sync 1 DAGs
[2026-05-01T13:46:02.593+0000] {logging_mixin.py:188} INFO - [2026-05-01T13:46:02.593+0000] {dag.py:3947} INFO - Setting next_dagrun for latest_only_with_trigger to 2026-05-01 08:00:00+00:00, run_after=2026-05-01 12:00:00+00:00
[2026-05-01T13:46:02.639+0000] {processor.py:183} INFO - Processing /home/airflow/.local/lib/python3.12/site-packages/airflow/example_dags/example_latest_only_with_trigger.py took 0.153 seconds
[2026-05-01T13:46:33.040+0000] {processor.py:161} INFO - Started process (PID=496) to work on /home/airflow/.local/lib/python3.12/site-packages/airflow/example_dags/example_latest_only_with_trigger.py
[2026-05-01T13:46:33.043+0000] {processor.py:830} INFO - Processing file /home/airflow/.local/lib/python3.12/site-packages/airflow/example_dags/example_latest_only_with_trigger.py for tasks to queue
[2026-05-01T13:46:33.048+0000] {logging_mixin.py:188} INFO - [2026-05-01T13:46:33.047+0000] {dagbag.py:545} INFO - Filling up the DagBag from /home/airflow/.local/lib/python3.12/site-packages/airflow/example_dags/example_latest_only_with_trigger.py
[2026-05-01T13:46:33.060+0000] {processor.py:840} INFO - DAG(s) 'latest_only_with_trigger' retrieved from /home/airflow/.local/lib/python3.12/site-packages/airflow/example_dags/example_latest_only_with_trigger.py
[2026-05-01T13:46:33.094+0000] {logging_mixin.py:188} INFO - [2026-05-01T13:46:33.094+0000] {dag.py:3089} INFO - Sync 1 DAGs
[2026-05-01T13:46:33.135+0000] {logging_mixin.py:188} INFO - [2026-05-01T13:46:33.135+0000] {dag.py:3947} INFO - Setting next_dagrun for latest_only_with_trigger to 2026-05-01 08:00:00+00:00, run_after=2026-05-01 12:00:00+00:00
[2026-05-01T13:46:33.166+0000] {processor.py:183} INFO - Processing /home/airflow/.local/lib/python3.12/site-packages/airflow/example_dags/example_latest_only_with_trigger.py took 0.137 seconds
[2026-05-01T13:47:03.245+0000] {processor.py:161} INFO - Started process (PID=552) to work on /home/airflow/.local/lib/python3.12/site-packages/airflow/example_dags/example_latest_only_with_trigger.py
[2026-05-01T13:47:03.248+0000] {processor.py:830} INFO - Processing file /home/airflow/.local/lib/python3.12/site-packages/airflow/example_dags/example_latest_only_with_trigger.py for tasks to queue
[2026-05-01T13:47:03.252+0000] {logging_mixin.py:188} INFO - [2026-05-01T13:47:03.252+0000] {dagbag.py:545} INFO - Filling up the DagBag from /home/airflow/.local/lib/python3.12/site-packages/airflow/example_dags/example_latest_only_with_trigger.py
[2026-05-01T13:47:03.269+0000] {processor.py:840} INFO - DAG(s) 'latest_only_with_trigger' retrieved from /home/airflow/.local/lib/python3.12/site-packages/airflow/example_dags/example_latest_only_with_trigger.py
[2026-05-01T13:47:03.310+0000] {logging_mixin.py:188} INFO - [2026-05-01T13:47:03.309+0000] {dag.py:3089} INFO - Sync 1 DAGs
[2026-05-01T13:47:03.348+0000] {logging_mixin.py:188} INFO - [2026-05-01T13:47:03.348+0000] {dag.py:3947} INFO - Setting next_dagrun for latest_only_with_trigger to 2026-05-01 08:00:00+00:00, run_after=2026-05-01 12:00:00+00:00
[2026-05-01T13:47:03.383+0000] {processor.py:183} INFO - Processing /home/airflow/.local/lib/python3.12/site-packages/airflow/example_dags/example_latest_only_with_trigger.py took 0.156 seconds
[2026-05-01T13:47:35.108+0000] {processor.py:161} INFO - Started process (PID=610) to work on /home/airflow/.local/lib/python3.12/site-packages/airflow/example_dags/example_latest_only_with_trigger.py
[2026-05-01T13:47:35.111+0000] {processor.py:830} INFO - Processing file /home/airflow/.local/lib/python3.12/site-packages/airflow/example_dags/example_latest_only_with_trigger.py for tasks to queue
[2026-05-01T13:47:35.118+0000] {logging_mixin.py:188} INFO - [2026-05-01T13:47:35.117+0000] {dagbag.py:545} INFO - Filling up the DagBag from /home/airflow/.local/lib/python3.12/site-packages/airflow/example_dags/example_latest_only_with_trigger.py
[2026-05-01T13:47:35.144+0000] {processor.py:840} INFO - DAG(s) 'latest_only_with_trigger' retrieved from /home/airflow/.local/lib/python3.12/site-packages/airflow/example_dags/example_latest_only_with_trigger.py
[2026-05-01T13:47:35.221+0000] {logging_mixin.py:188} INFO - [2026-05-01T13:47:35.220+0000] {dag.py:3089} INFO - Sync 1 DAGs
[2026-05-01T13:47:35.273+0000] {logging_mixin.py:188} INFO - [2026-05-01T13:47:35.272+0000] {dag.py:3947} INFO - Setting next_dagrun for latest_only_with_trigger to 2026-05-01 08:00:00+00:00, run_after=2026-05-01 12:00:00+00:00
[2026-05-01T13:47:35.334+0000] {processor.py:183} INFO - Processing /home/airflow/.local/lib/python3.12/site-packages/airflow/example_dags/example_latest_only_with_trigger.py took 0.262 seconds
[2026-05-01T13:48:06.098+0000] {processor.py:161} INFO - Started process (PID=667) to work on /home/airflow/.local/lib/python3.12/site-packages/airflow/example_dags/example_latest_only_with_trigger.py
[2026-05-01T13:48:06.101+0000] {processor.py:830} INFO - Processing file /home/airflow/.local/lib/python3.12/site-packages/airflow/example_dags/example_latest_only_with_trigger.py for tasks to queue
[2026-05-01T13:48:06.106+0000] {logging_mixin.py:188} INFO - [2026-05-01T13:48:06.106+0000] {dagbag.py:545} INFO - Filling up the DagBag from /home/airflow/.local/lib/python3.12/site-packages/airflow/example_dags/example_latest_only_with_trigger.py
[2026-05-01T13:48:06.125+0000] {processor.py:840} INFO - DAG(s) 'latest_only_with_trigger' retrieved from /home/airflow/.local/lib/python3.12/site-packages/airflow/example_dags/example_latest_only_with_trigger.py
[2026-05-01T13:48:06.193+0000] {logging_mixin.py:188} INFO - [2026-05-01T13:48:06.193+0000] {dag.py:3089} INFO - Sync 1 DAGs
[2026-05-01T13:48:06.284+0000] {logging_mixin.py:188} INFO - [2026-05-01T13:48:06.283+0000] {dag.py:3947} INFO - Setting next_dagrun for latest_only_with_trigger to 2026-05-01 08:00:00+00:00, run_after=2026-05-01 12:00:00+00:00
[2026-05-01T13:48:06.321+0000] {processor.py:183} INFO - Processing /home/airflow/.local/lib/python3.12/site-packages/airflow/example_dags/example_latest_only_with_trigger.py took 0.246 seconds
[2026-05-01T13:48:36.452+0000] {processor.py:161} INFO - Started process (PID=723) to work on /home/airflow/.local/lib/python3.12/site-packages/airflow/example_dags/example_latest_only_with_trigger.py
[2026-05-01T13:48:36.464+0000] {processor.py:830} INFO - Processing file /home/airflow/.local/lib/python3.12/site-packages/airflow/example_dags/example_latest_only_with_trigger.py for tasks to queue
[2026-05-01T13:48:36.475+0000] {logging_mixin.py:188} INFO - [2026-05-01T13:48:36.475+0000] {dagbag.py:545} INFO - Filling up the DagBag from /home/airflow/.local/lib/python3.12/site-packages/airflow/example_dags/example_latest_only_with_trigger.py
[2026-05-01T13:48:36.488+0000] {processor.py:840} INFO - DAG(s) 'latest_only_with_trigger' retrieved from /home/airflow/.local/lib/python3.12/site-packages/airflow/example_dags/example_latest_only_with_trigger.py
[2026-05-01T13:48:36.536+0000] {logging_mixin.py:188} INFO - [2026-05-01T13:48:36.536+0000] {dag.py:3089} INFO - Sync 1 DAGs
[2026-05-01T13:48:36.586+0000] {logging_mixin.py:188} INFO - [2026-05-01T13:48:36.586+0000] {dag.py:3947} INFO - Setting next_dagrun for latest_only_with_trigger to 2026-05-01 08:00:00+00:00, run_after=2026-05-01 12:00:00+00:00
[2026-05-01T13:48:36.621+0000] {processor.py:183} INFO - Processing /home/airflow/.local/lib/python3.12/site-packages/airflow/example_dags/example_latest_only_with_trigger.py took 0.186 seconds
[2026-05-01T13:49:07.041+0000] {processor.py:161} INFO - Started process (PID=782) to work on /home/airflow/.local/lib/python3.12/site-packages/airflow/example_dags/example_latest_only_with_trigger.py
[2026-05-01T13:49:07.044+0000] {processor.py:830} INFO - Processing file /home/airflow/.local/lib/python3.12/site-packages/airflow/example_dags/example_latest_only_with_trigger.py for tasks to queue
[2026-05-01T13:49:07.050+0000] {logging_mixin.py:188} INFO - [2026-05-01T13:49:07.049+0000] {dagbag.py:545} INFO - Filling up the DagBag from /home/airflow/.local/lib/python3.12/site-packages/airflow/example_dags/example_latest_only_with_trigger.py
[2026-05-01T13:49:07.066+0000] {processor.py:840} INFO - DAG(s) 'latest_only_with_trigger' retrieved from /home/airflow/.local/lib/python3.12/site-packages/airflow/example_dags/example_latest_only_with_trigger.py
[2026-05-01T13:49:07.116+0000] {logging_mixin.py:188} INFO - [2026-05-01T13:49:07.116+0000] {dag.py:3089} INFO - Sync 1 DAGs
[2026-05-01T13:49:07.166+0000] {logging_mixin.py:188} INFO - [2026-05-01T13:49:07.165+0000] {dag.py:3947} INFO - Setting next_dagrun for latest_only_with_trigger to 2026-05-01 08:00:00+00:00, run_after=2026-05-01 12:00:00+00:00
[2026-05-01T13:49:07.213+0000] {processor.py:183} INFO - Processing /home/airflow/.local/lib/python3.12/site-packages/airflow/example_dags/example_latest_only_with_trigger.py took 0.183 seconds
[2026-05-01T13:49:37.910+0000] {processor.py:161} INFO - Started process (PID=840) to work on /home/airflow/.local/lib/python3.12/site-packages/airflow/example_dags/example_latest_only_with_trigger.py
[2026-05-01T13:49:37.914+0000] {processor.py:830} INFO - Processing file /home/airflow/.local/lib/python3.12/site-packages/airflow/example_dags/example_latest_only_with_trigger.py for tasks to queue
[2026-05-01T13:49:37.918+0000] {logging_mixin.py:188} INFO - [2026-05-01T13:49:37.918+0000] {dagbag.py:545} INFO - Filling up the DagBag from /home/airflow/.local/lib/python3.12/site-packages/airflow/example_dags/example_latest_only_with_trigger.py
[2026-05-01T13:49:37.930+0000] {processor.py:840} INFO - DAG(s) 'latest_only_with_trigger' retrieved from /home/airflow/.local/lib/python3.12/site-packages/airflow/example_dags/example_latest_only_with_trigger.py
[2026-05-01T13:49:37.962+0000] {logging_mixin.py:188} INFO - [2026-05-01T13:49:37.962+0000] {dag.py:3089} INFO - Sync 1 DAGs
[2026-05-01T13:49:37.995+0000] {logging_mixin.py:188} INFO - [2026-05-01T13:49:37.994+0000] {dag.py:3947} INFO - Setting next_dagrun for latest_only_with_trigger to 2026-05-01 08:00:00+00:00, run_after=2026-05-01 12:00:00+00:00
[2026-05-01T13:49:38.028+0000] {processor.py:183} INFO - Processing /home/airflow/.local/lib/python3.12/site-packages/airflow/example_dags/example_latest_only_with_trigger.py took 0.128 seconds
[2026-05-01T13:50:10.049+0000] {processor.py:161} INFO - Started process (PID=895) to work on /home/airflow/.local/lib/python3.12/site-packages/airflow/example_dags/example_latest_only_with_trigger.py
[2026-05-01T13:50:10.053+0000] {processor.py:830} INFO - Processing file /home/airflow/.local/lib/python3.12/site-packages/airflow/example_dags/example_latest_only_with_trigger.py for tasks to queue
[2026-05-01T13:50:10.063+0000] {logging_mixin.py:188} INFO - [2026-05-01T13:50:10.062+0000] {dagbag.py:545} INFO - Filling up the DagBag from /home/airflow/.local/lib/python3.12/site-packages/airflow/example_dags/example_latest_only_with_trigger.py
[2026-05-01T13:50:10.086+0000] {processor.py:840} INFO - DAG(s) 'latest_only_with_trigger' retrieved from /home/airflow/.local/lib/python3.12/site-packages/airflow/example_dags/example_latest_only_with_trigger.py
[2026-05-01T13:50:10.128+0000] {logging_mixin.py:188} INFO - [2026-05-01T13:50:10.127+0000] {dag.py:3089} INFO - Sync 1 DAGs
[2026-05-01T13:50:10.223+0000] {logging_mixin.py:188} INFO - [2026-05-01T13:50:10.223+0000] {dag.py:3947} INFO - Setting next_dagrun for latest_only_with_trigger to 2026-05-01 08:00:00+00:00, run_after=2026-05-01 12:00:00+00:00
[2026-05-01T13:50:10.286+0000] {processor.py:183} INFO - Processing /home/airflow/.local/lib/python3.12/site-packages/airflow/example_dags/example_latest_only_with_trigger.py took 0.258 seconds
[2026-05-01T13:50:40.511+0000] {processor.py:161} INFO - Started process (PID=952) to work on /home/airflow/.local/lib/python3.12/site-packages/airflow/example_dags/example_latest_only_with_trigger.py
[2026-05-01T13:50:40.513+0000] {processor.py:830} INFO - Processing file /home/airflow/.local/lib/python3.12/site-packages/airflow/example_dags/example_latest_only_with_trigger.py for tasks to queue
[2026-05-01T13:50:40.521+0000] {logging_mixin.py:188} INFO - [2026-05-01T13:50:40.520+0000] {dagbag.py:545} INFO - Filling up the DagBag from /home/airflow/.local/lib/python3.12/site-packages/airflow/example_dags/example_latest_only_with_trigger.py
[2026-05-01T13:50:40.534+0000] {processor.py:840} INFO - DAG(s) 'latest_only_with_trigger' retrieved from /home/airflow/.local/lib/python3.12/site-packages/airflow/example_dags/example_latest_only_with_trigger.py
[2026-05-01T13:50:40.568+0000] {logging_mixin.py:188} INFO - [2026-05-01T13:50:40.568+0000] {dag.py:3089} INFO - Sync 1 DAGs
[2026-05-01T13:50:40.598+0000] {logging_mixin.py:188} INFO - [2026-05-01T13:50:40.598+0000] {dag.py:3947} INFO - Setting next_dagrun for latest_only_with_trigger to 2026-05-01 08:00:00+00:00, run_after=2026-05-01 12:00:00+00:00
[2026-05-01T13:50:40.645+0000] {processor.py:183} INFO - Processing /home/airflow/.local/lib/python3.12/site-packages/airflow/example_dags/example_latest_only_with_trigger.py took 0.145 seconds
[2026-05-01T13:51:12.133+0000] {processor.py:161} INFO - Started process (PID=1009) to work on /home/airflow/.local/lib/python3.12/site-packages/airflow/example_dags/example_latest_only_with_trigger.py
[2026-05-01T13:51:12.136+0000] {processor.py:830} INFO - Processing file /home/airflow/.local/lib/python3.12/site-packages/airflow/example_dags/example_latest_only_with_trigger.py for tasks to queue
[2026-05-01T13:51:12.144+0000] {logging_mixin.py:188} INFO - [2026-05-01T13:51:12.143+0000] {dagbag.py:545} INFO - Filling up the DagBag from /home/airflow/.local/lib/python3.12/site-packages/airflow/example_dags/example_latest_only_with_trigger.py
[2026-05-01T13:51:12.157+0000] {processor.py:840} INFO - DAG(s) 'latest_only_with_trigger' retrieved from /home/airflow/.local/lib/python3.12/site-packages/airflow/example_dags/example_latest_only_with_trigger.py
[2026-05-01T13:51:12.277+0000] {logging_mixin.py:188} INFO - [2026-05-01T13:51:12.276+0000] {dag.py:3089} INFO - Sync 1 DAGs
[2026-05-01T13:51:12.461+0000] {logging_mixin.py:188} INFO - [2026-05-01T13:51:12.460+0000] {dag.py:3947} INFO - Setting next_dagrun for latest_only_with_trigger to 2026-05-01 08:00:00+00:00, run_after=2026-05-01 12:00:00+00:00
[2026-05-01T13:51:12.538+0000] {processor.py:183} INFO - Processing /home/airflow/.local/lib/python3.12/site-packages/airflow/example_dags/example_latest_only_with_trigger.py took 0.418 seconds
[2026-05-01T13:51:42.669+0000] {processor.py:161} INFO - Started process (PID=1067) to work on /home/airflow/.local/lib/python3.12/site-packages/airflow/example_dags/example_latest_only_with_trigger.py
[2026-05-01T13:51:42.672+0000] {processor.py:830} INFO - Processing file /home/airflow/.local/lib/python3.12/site-packages/airflow/example_dags/example_latest_only_with_trigger.py for tasks to queue
[2026-05-01T13:51:42.678+0000] {logging_mixin.py:188} INFO - [2026-05-01T13:51:42.677+0000] {dagbag.py:545} INFO - Filling up the DagBag from /home/airflow/.local/lib/python3.12/site-packages/airflow/example_dags/example_latest_only_with_trigger.py
[2026-05-01T13:51:42.690+0000] {processor.py:840} INFO - DAG(s) 'latest_only_with_trigger' retrieved from /home/airflow/.local/lib/python3.12/site-packages/airflow/example_dags/example_latest_only_with_trigger.py
[2026-05-01T13:51:42.734+0000] {logging_mixin.py:188} INFO - [2026-05-01T13:51:42.734+0000] {dag.py:3089} INFO - Sync 1 DAGs
[2026-05-01T13:51:42.776+0000] {logging_mixin.py:188} INFO - [2026-05-01T13:51:42.775+0000] {dag.py:3947} INFO - Setting next_dagrun for latest_only_with_trigger to 2026-05-01 08:00:00+00:00, run_after=2026-05-01 12:00:00+00:00
[2026-05-01T13:51:42.806+0000] {processor.py:183} INFO - Processing /home/airflow/.local/lib/python3.12/site-packages/airflow/example_dags/example_latest_only_with_trigger.py took 0.152 seconds
[2026-05-01T13:52:12.919+0000] {processor.py:161} INFO - Started process (PID=1124) to work on /home/airflow/.local/lib/python3.12/site-packages/airflow/example_dags/example_latest_only_with_trigger.py
[2026-05-01T13:52:12.922+0000] {processor.py:830} INFO - Processing file /home/airflow/.local/lib/python3.12/site-packages/airflow/example_dags/example_latest_only_with_trigger.py for tasks to queue
[2026-05-01T13:52:12.926+0000] {logging_mixin.py:188} INFO - [2026-05-01T13:52:12.925+0000] {dagbag.py:545} INFO - Filling up the DagBag from /home/airflow/.local/lib/python3.12/site-packages/airflow/example_dags/example_latest_only_with_trigger.py
[2026-05-01T13:52:12.934+0000] {processor.py:840} INFO - DAG(s) 'latest_only_with_trigger' retrieved from /home/airflow/.local/lib/python3.12/site-packages/airflow/example_dags/example_latest_only_with_trigger.py
[2026-05-01T13:52:12.960+0000] {logging_mixin.py:188} INFO - [2026-05-01T13:52:12.960+0000] {dag.py:3089} INFO - Sync 1 DAGs
[2026-05-01T13:52:12.990+0000] {logging_mixin.py:188} INFO - [2026-05-01T13:52:12.990+0000] {dag.py:3947} INFO - Setting next_dagrun for latest_only_with_trigger to 2026-05-01 08:00:00+00:00, run_after=2026-05-01 12:00:00+00:00
[2026-05-01T13:52:13.019+0000] {processor.py:183} INFO - Processing /home/airflow/.local/lib/python3.12/site-packages/airflow/example_dags/example_latest_only_with_trigger.py took 0.110 seconds
[2026-05-01T13:52:44.197+0000] {processor.py:161} INFO - Started process (PID=1182) to work on /home/airflow/.local/lib/python3.12/site-packages/airflow/example_dags/example_latest_only_with_trigger.py
[2026-05-01T13:52:44.208+0000] {processor.py:830} INFO - Processing file /home/airflow/.local/lib/python3.12/site-packages/airflow/example_dags/example_latest_only_with_trigger.py for tasks to queue
[2026-05-01T13:52:44.224+0000] {logging_mixin.py:188} INFO - [2026-05-01T13:52:44.223+0000] {dagbag.py:545} INFO - Filling up the DagBag from /home/airflow/.local/lib/python3.12/site-packages/airflow/example_dags/example_latest_only_with_trigger.py
[2026-05-01T13:52:44.252+0000] {processor.py:840} INFO - DAG(s) 'latest_only_with_trigger' retrieved from /home/airflow/.local/lib/python3.12/site-packages/airflow/example_dags/example_latest_only_with_trigger.py
[2026-05-01T13:52:44.390+0000] {logging_mixin.py:188} INFO - [2026-05-01T13:52:44.389+0000] {dag.py:3089} INFO - Sync 1 DAGs
[2026-05-01T13:52:44.567+0000] {logging_mixin.py:188} INFO - [2026-05-01T13:52:44.567+0000] {dag.py:3947} INFO - Setting next_dagrun for latest_only_with_trigger to 2026-05-01 08:00:00+00:00, run_after=2026-05-01 12:00:00+00:00
[2026-05-01T13:52:44.754+0000] {processor.py:183} INFO - Processing /home/airflow/.local/lib/python3.12/site-packages/airflow/example_dags/example_latest_only_with_trigger.py took 0.582 seconds
[2026-05-01T13:53:15.233+0000] {processor.py:161} INFO - Started process (PID=1240) to work on /home/airflow/.local/lib/python3.12/site-packages/airflow/example_dags/example_latest_only_with_trigger.py
[2026-05-01T13:53:15.235+0000] {processor.py:830} INFO - Processing file /home/airflow/.local/lib/python3.12/site-packages/airflow/example_dags/example_latest_only_with_trigger.py for tasks to queue
[2026-05-01T13:53:15.239+0000] {logging_mixin.py:188} INFO - [2026-05-01T13:53:15.238+0000] {dagbag.py:545} INFO - Filling up the DagBag from /home/airflow/.local/lib/python3.12/site-packages/airflow/example_dags/example_latest_only_with_trigger.py
[2026-05-01T13:53:15.248+0000] {processor.py:840} INFO - DAG(s) 'latest_only_with_trigger' retrieved from /home/airflow/.local/lib/python3.12/site-packages/airflow/example_dags/example_latest_only_with_trigger.py
[2026-05-01T13:53:15.300+0000] {logging_mixin.py:188} INFO - [2026-05-01T13:53:15.300+0000] {dag.py:3089} INFO - Sync 1 DAGs
[2026-05-01T13:53:15.338+0000] {logging_mixin.py:188} INFO - [2026-05-01T13:53:15.338+0000] {dag.py:3947} INFO - Setting next_dagrun for latest_only_with_trigger to 2026-05-01 08:00:00+00:00, run_after=2026-05-01 12:00:00+00:00
[2026-05-01T13:53:15.379+0000] {processor.py:183} INFO - Processing /home/airflow/.local/lib/python3.12/site-packages/airflow/example_dags/example_latest_only_with_trigger.py took 0.158 seconds
