[2026-05-01T13:24:57.616+0000] {processor.py:161} INFO - Started process (PID=90) to work on /home/airflow/.local/lib/python3.12/site-packages/airflow/example_dags/example_external_task_marker_dag.py
[2026-05-01T13:24:57.650+0000] {processor.py:830} INFO - Processing file /home/airflow/.local/lib/python3.12/site-packages/airflow/example_dags/example_external_task_marker_dag.py for tasks to queue
[2026-05-01T13:24:57.761+0000] {logging_mixin.py:188} INFO - [2026-05-01T13:24:57.761+0000] {dagbag.py:545} INFO - Filling up the DagBag from /home/airflow/.local/lib/python3.12/site-packages/airflow/example_dags/example_external_task_marker_dag.py
[2026-05-01T13:24:57.872+0000] {processor.py:840} INFO - DAG(s) 'example_external_task_marker_child', 'example_external_task_marker_parent' retrieved from /home/airflow/.local/lib/python3.12/site-packages/airflow/example_dags/example_external_task_marker_dag.py
[2026-05-01T13:24:57.987+0000] {logging_mixin.py:188} INFO - [2026-05-01T13:24:57.987+0000] {dag.py:3089} INFO - Sync 2 DAGs
[2026-05-01T13:24:58.228+0000] {logging_mixin.py:188} INFO - [2026-05-01T13:24:58.228+0000] {dag.py:3111} INFO - Creating ORM DAG for example_external_task_marker_parent
[2026-05-01T13:24:58.232+0000] {logging_mixin.py:188} INFO - [2026-05-01T13:24:58.231+0000] {dag.py:3111} INFO - Creating ORM DAG for example_external_task_marker_child
[2026-05-01T13:24:58.242+0000] {logging_mixin.py:188} INFO - [2026-05-01T13:24:58.240+0000] {dag.py:3947} INFO - Setting next_dagrun for example_external_task_marker_child to None, run_after=None
[2026-05-01T13:24:58.252+0000] {logging_mixin.py:188} INFO - [2026-05-01T13:24:58.249+0000] {dag.py:3947} INFO - Setting next_dagrun for example_external_task_marker_parent to None, run_after=None
[2026-05-01T13:24:58.380+0000] {processor.py:183} INFO - Processing /home/airflow/.local/lib/python3.12/site-packages/airflow/example_dags/example_external_task_marker_dag.py took 0.849 seconds
[2026-05-01T13:25:34.558+0000] {processor.py:161} INFO - Started process (PID=148) to work on /home/airflow/.local/lib/python3.12/site-packages/airflow/example_dags/example_external_task_marker_dag.py
[2026-05-01T13:25:34.562+0000] {processor.py:830} INFO - Processing file /home/airflow/.local/lib/python3.12/site-packages/airflow/example_dags/example_external_task_marker_dag.py for tasks to queue
[2026-05-01T13:25:34.575+0000] {logging_mixin.py:188} INFO - [2026-05-01T13:25:34.575+0000] {dagbag.py:545} INFO - Filling up the DagBag from /home/airflow/.local/lib/python3.12/site-packages/airflow/example_dags/example_external_task_marker_dag.py
[2026-05-01T13:25:34.662+0000] {processor.py:840} INFO - DAG(s) 'example_external_task_marker_child', 'example_external_task_marker_parent' retrieved from /home/airflow/.local/lib/python3.12/site-packages/airflow/example_dags/example_external_task_marker_dag.py
[2026-05-01T13:25:35.770+0000] {logging_mixin.py:188} INFO - [2026-05-01T13:25:35.756+0000] {dag.py:3089} INFO - Sync 2 DAGs
[2026-05-01T13:25:35.818+0000] {logging_mixin.py:188} INFO - [2026-05-01T13:25:35.818+0000] {dag.py:3947} INFO - Setting next_dagrun for example_external_task_marker_child to None, run_after=None
[2026-05-01T13:25:35.830+0000] {logging_mixin.py:188} INFO - [2026-05-01T13:25:35.829+0000] {dag.py:3947} INFO - Setting next_dagrun for example_external_task_marker_parent to None, run_after=None
[2026-05-01T13:25:36.324+0000] {processor.py:183} INFO - Processing /home/airflow/.local/lib/python3.12/site-packages/airflow/example_dags/example_external_task_marker_dag.py took 1.799 seconds
[2026-05-01T13:26:06.598+0000] {processor.py:161} INFO - Started process (PID=206) to work on /home/airflow/.local/lib/python3.12/site-packages/airflow/example_dags/example_external_task_marker_dag.py
[2026-05-01T13:26:06.606+0000] {processor.py:830} INFO - Processing file /home/airflow/.local/lib/python3.12/site-packages/airflow/example_dags/example_external_task_marker_dag.py for tasks to queue
[2026-05-01T13:26:06.624+0000] {logging_mixin.py:188} INFO - [2026-05-01T13:26:06.622+0000] {dagbag.py:545} INFO - Filling up the DagBag from /home/airflow/.local/lib/python3.12/site-packages/airflow/example_dags/example_external_task_marker_dag.py
[2026-05-01T13:26:06.659+0000] {processor.py:840} INFO - DAG(s) 'example_external_task_marker_parent', 'example_external_task_marker_child' retrieved from /home/airflow/.local/lib/python3.12/site-packages/airflow/example_dags/example_external_task_marker_dag.py
[2026-05-01T13:26:06.789+0000] {logging_mixin.py:188} INFO - [2026-05-01T13:26:06.789+0000] {dag.py:3089} INFO - Sync 2 DAGs
[2026-05-01T13:26:06.850+0000] {logging_mixin.py:188} INFO - [2026-05-01T13:26:06.850+0000] {dag.py:3947} INFO - Setting next_dagrun for example_external_task_marker_child to None, run_after=None
[2026-05-01T13:26:06.868+0000] {logging_mixin.py:188} INFO - [2026-05-01T13:26:06.867+0000] {dag.py:3947} INFO - Setting next_dagrun for example_external_task_marker_parent to None, run_after=None
[2026-05-01T13:26:06.927+0000] {processor.py:183} INFO - Processing /home/airflow/.local/lib/python3.12/site-packages/airflow/example_dags/example_external_task_marker_dag.py took 0.369 seconds
[2026-05-01T13:26:37.491+0000] {processor.py:161} INFO - Started process (PID=264) to work on /home/airflow/.local/lib/python3.12/site-packages/airflow/example_dags/example_external_task_marker_dag.py
[2026-05-01T13:26:37.502+0000] {processor.py:830} INFO - Processing file /home/airflow/.local/lib/python3.12/site-packages/airflow/example_dags/example_external_task_marker_dag.py for tasks to queue
[2026-05-01T13:26:37.519+0000] {logging_mixin.py:188} INFO - [2026-05-01T13:26:37.515+0000] {dagbag.py:545} INFO - Filling up the DagBag from /home/airflow/.local/lib/python3.12/site-packages/airflow/example_dags/example_external_task_marker_dag.py
[2026-05-01T13:26:37.557+0000] {processor.py:840} INFO - DAG(s) 'example_external_task_marker_child', 'example_external_task_marker_parent' retrieved from /home/airflow/.local/lib/python3.12/site-packages/airflow/example_dags/example_external_task_marker_dag.py
[2026-05-01T13:26:37.838+0000] {logging_mixin.py:188} INFO - [2026-05-01T13:26:37.838+0000] {dag.py:3089} INFO - Sync 2 DAGs
[2026-05-01T13:26:37.942+0000] {logging_mixin.py:188} INFO - [2026-05-01T13:26:37.941+0000] {dag.py:3947} INFO - Setting next_dagrun for example_external_task_marker_child to None, run_after=None
[2026-05-01T13:26:37.966+0000] {logging_mixin.py:188} INFO - [2026-05-01T13:26:37.966+0000] {dag.py:3947} INFO - Setting next_dagrun for example_external_task_marker_parent to None, run_after=None
[2026-05-01T13:26:38.057+0000] {processor.py:183} INFO - Processing /home/airflow/.local/lib/python3.12/site-packages/airflow/example_dags/example_external_task_marker_dag.py took 0.628 seconds
[2026-05-01T13:27:08.803+0000] {processor.py:161} INFO - Started process (PID=322) to work on /home/airflow/.local/lib/python3.12/site-packages/airflow/example_dags/example_external_task_marker_dag.py
[2026-05-01T13:27:08.806+0000] {processor.py:830} INFO - Processing file /home/airflow/.local/lib/python3.12/site-packages/airflow/example_dags/example_external_task_marker_dag.py for tasks to queue
[2026-05-01T13:27:08.810+0000] {logging_mixin.py:188} INFO - [2026-05-01T13:27:08.809+0000] {dagbag.py:545} INFO - Filling up the DagBag from /home/airflow/.local/lib/python3.12/site-packages/airflow/example_dags/example_external_task_marker_dag.py
[2026-05-01T13:27:08.822+0000] {processor.py:840} INFO - DAG(s) 'example_external_task_marker_parent', 'example_external_task_marker_child' retrieved from /home/airflow/.local/lib/python3.12/site-packages/airflow/example_dags/example_external_task_marker_dag.py
[2026-05-01T13:27:08.868+0000] {logging_mixin.py:188} INFO - [2026-05-01T13:27:08.868+0000] {dag.py:3089} INFO - Sync 2 DAGs
[2026-05-01T13:27:08.889+0000] {logging_mixin.py:188} INFO - [2026-05-01T13:27:08.889+0000] {dag.py:3947} INFO - Setting next_dagrun for example_external_task_marker_child to None, run_after=None
[2026-05-01T13:27:08.901+0000] {logging_mixin.py:188} INFO - [2026-05-01T13:27:08.897+0000] {dag.py:3947} INFO - Setting next_dagrun for example_external_task_marker_parent to None, run_after=None
[2026-05-01T13:27:08.936+0000] {processor.py:183} INFO - Processing /home/airflow/.local/lib/python3.12/site-packages/airflow/example_dags/example_external_task_marker_dag.py took 0.144 seconds
[2026-05-01T13:27:39.149+0000] {processor.py:161} INFO - Started process (PID=380) to work on /home/airflow/.local/lib/python3.12/site-packages/airflow/example_dags/example_external_task_marker_dag.py
[2026-05-01T13:27:39.152+0000] {processor.py:830} INFO - Processing file /home/airflow/.local/lib/python3.12/site-packages/airflow/example_dags/example_external_task_marker_dag.py for tasks to queue
[2026-05-01T13:27:39.157+0000] {logging_mixin.py:188} INFO - [2026-05-01T13:27:39.156+0000] {dagbag.py:545} INFO - Filling up the DagBag from /home/airflow/.local/lib/python3.12/site-packages/airflow/example_dags/example_external_task_marker_dag.py
[2026-05-01T13:27:39.170+0000] {processor.py:840} INFO - DAG(s) 'example_external_task_marker_child', 'example_external_task_marker_parent' retrieved from /home/airflow/.local/lib/python3.12/site-packages/airflow/example_dags/example_external_task_marker_dag.py
[2026-05-01T13:27:39.208+0000] {logging_mixin.py:188} INFO - [2026-05-01T13:27:39.208+0000] {dag.py:3089} INFO - Sync 2 DAGs
[2026-05-01T13:27:39.234+0000] {logging_mixin.py:188} INFO - [2026-05-01T13:27:39.233+0000] {dag.py:3947} INFO - Setting next_dagrun for example_external_task_marker_child to None, run_after=None
[2026-05-01T13:27:39.245+0000] {logging_mixin.py:188} INFO - [2026-05-01T13:27:39.245+0000] {dag.py:3947} INFO - Setting next_dagrun for example_external_task_marker_parent to None, run_after=None
[2026-05-01T13:27:39.279+0000] {processor.py:183} INFO - Processing /home/airflow/.local/lib/python3.12/site-packages/airflow/example_dags/example_external_task_marker_dag.py took 0.141 seconds
[2026-05-01T13:28:09.952+0000] {processor.py:161} INFO - Started process (PID=439) to work on /home/airflow/.local/lib/python3.12/site-packages/airflow/example_dags/example_external_task_marker_dag.py
[2026-05-01T13:28:09.954+0000] {processor.py:830} INFO - Processing file /home/airflow/.local/lib/python3.12/site-packages/airflow/example_dags/example_external_task_marker_dag.py for tasks to queue
[2026-05-01T13:28:09.963+0000] {logging_mixin.py:188} INFO - [2026-05-01T13:28:09.962+0000] {dagbag.py:545} INFO - Filling up the DagBag from /home/airflow/.local/lib/python3.12/site-packages/airflow/example_dags/example_external_task_marker_dag.py
[2026-05-01T13:28:09.986+0000] {processor.py:840} INFO - DAG(s) 'example_external_task_marker_parent', 'example_external_task_marker_child' retrieved from /home/airflow/.local/lib/python3.12/site-packages/airflow/example_dags/example_external_task_marker_dag.py
[2026-05-01T13:28:10.025+0000] {logging_mixin.py:188} INFO - [2026-05-01T13:28:10.025+0000] {dag.py:3089} INFO - Sync 2 DAGs
[2026-05-01T13:28:10.054+0000] {logging_mixin.py:188} INFO - [2026-05-01T13:28:10.054+0000] {dag.py:3947} INFO - Setting next_dagrun for example_external_task_marker_child to None, run_after=None
[2026-05-01T13:28:10.061+0000] {logging_mixin.py:188} INFO - [2026-05-01T13:28:10.061+0000] {dag.py:3947} INFO - Setting next_dagrun for example_external_task_marker_parent to None, run_after=None
[2026-05-01T13:28:10.103+0000] {processor.py:183} INFO - Processing /home/airflow/.local/lib/python3.12/site-packages/airflow/example_dags/example_external_task_marker_dag.py took 0.165 seconds
[2026-05-01T13:28:40.688+0000] {processor.py:161} INFO - Started process (PID=497) to work on /home/airflow/.local/lib/python3.12/site-packages/airflow/example_dags/example_external_task_marker_dag.py
[2026-05-01T13:28:40.694+0000] {processor.py:830} INFO - Processing file /home/airflow/.local/lib/python3.12/site-packages/airflow/example_dags/example_external_task_marker_dag.py for tasks to queue
[2026-05-01T13:28:40.701+0000] {logging_mixin.py:188} INFO - [2026-05-01T13:28:40.701+0000] {dagbag.py:545} INFO - Filling up the DagBag from /home/airflow/.local/lib/python3.12/site-packages/airflow/example_dags/example_external_task_marker_dag.py
[2026-05-01T13:28:40.720+0000] {processor.py:840} INFO - DAG(s) 'example_external_task_marker_child', 'example_external_task_marker_parent' retrieved from /home/airflow/.local/lib/python3.12/site-packages/airflow/example_dags/example_external_task_marker_dag.py
[2026-05-01T13:28:40.751+0000] {logging_mixin.py:188} INFO - [2026-05-01T13:28:40.750+0000] {dag.py:3089} INFO - Sync 2 DAGs
[2026-05-01T13:28:40.770+0000] {logging_mixin.py:188} INFO - [2026-05-01T13:28:40.770+0000] {dag.py:3947} INFO - Setting next_dagrun for example_external_task_marker_child to None, run_after=None
[2026-05-01T13:28:40.779+0000] {logging_mixin.py:188} INFO - [2026-05-01T13:28:40.779+0000] {dag.py:3947} INFO - Setting next_dagrun for example_external_task_marker_parent to None, run_after=None
[2026-05-01T13:28:40.800+0000] {processor.py:183} INFO - Processing /home/airflow/.local/lib/python3.12/site-packages/airflow/example_dags/example_external_task_marker_dag.py took 0.145 seconds
[2026-05-01T13:29:10.902+0000] {processor.py:161} INFO - Started process (PID=554) to work on /home/airflow/.local/lib/python3.12/site-packages/airflow/example_dags/example_external_task_marker_dag.py
[2026-05-01T13:29:10.905+0000] {processor.py:830} INFO - Processing file /home/airflow/.local/lib/python3.12/site-packages/airflow/example_dags/example_external_task_marker_dag.py for tasks to queue
[2026-05-01T13:29:10.909+0000] {logging_mixin.py:188} INFO - [2026-05-01T13:29:10.909+0000] {dagbag.py:545} INFO - Filling up the DagBag from /home/airflow/.local/lib/python3.12/site-packages/airflow/example_dags/example_external_task_marker_dag.py
[2026-05-01T13:29:10.920+0000] {processor.py:840} INFO - DAG(s) 'example_external_task_marker_child', 'example_external_task_marker_parent' retrieved from /home/airflow/.local/lib/python3.12/site-packages/airflow/example_dags/example_external_task_marker_dag.py
[2026-05-01T13:29:10.953+0000] {logging_mixin.py:188} INFO - [2026-05-01T13:29:10.952+0000] {dag.py:3089} INFO - Sync 2 DAGs
[2026-05-01T13:29:10.971+0000] {logging_mixin.py:188} INFO - [2026-05-01T13:29:10.971+0000] {dag.py:3947} INFO - Setting next_dagrun for example_external_task_marker_child to None, run_after=None
[2026-05-01T13:29:10.978+0000] {logging_mixin.py:188} INFO - [2026-05-01T13:29:10.978+0000] {dag.py:3947} INFO - Setting next_dagrun for example_external_task_marker_parent to None, run_after=None
[2026-05-01T13:29:11.006+0000] {processor.py:183} INFO - Processing /home/airflow/.local/lib/python3.12/site-packages/airflow/example_dags/example_external_task_marker_dag.py took 0.113 seconds
[2026-05-01T13:29:41.781+0000] {processor.py:161} INFO - Started process (PID=613) to work on /home/airflow/.local/lib/python3.12/site-packages/airflow/example_dags/example_external_task_marker_dag.py
[2026-05-01T13:29:41.784+0000] {processor.py:830} INFO - Processing file /home/airflow/.local/lib/python3.12/site-packages/airflow/example_dags/example_external_task_marker_dag.py for tasks to queue
[2026-05-01T13:29:41.788+0000] {logging_mixin.py:188} INFO - [2026-05-01T13:29:41.787+0000] {dagbag.py:545} INFO - Filling up the DagBag from /home/airflow/.local/lib/python3.12/site-packages/airflow/example_dags/example_external_task_marker_dag.py
[2026-05-01T13:29:41.800+0000] {processor.py:840} INFO - DAG(s) 'example_external_task_marker_parent', 'example_external_task_marker_child' retrieved from /home/airflow/.local/lib/python3.12/site-packages/airflow/example_dags/example_external_task_marker_dag.py
[2026-05-01T13:29:41.843+0000] {logging_mixin.py:188} INFO - [2026-05-01T13:29:41.842+0000] {dag.py:3089} INFO - Sync 2 DAGs
[2026-05-01T13:29:41.865+0000] {logging_mixin.py:188} INFO - [2026-05-01T13:29:41.865+0000] {dag.py:3947} INFO - Setting next_dagrun for example_external_task_marker_child to None, run_after=None
[2026-05-01T13:29:41.871+0000] {logging_mixin.py:188} INFO - [2026-05-01T13:29:41.871+0000] {dag.py:3947} INFO - Setting next_dagrun for example_external_task_marker_parent to None, run_after=None
[2026-05-01T13:29:41.904+0000] {processor.py:183} INFO - Processing /home/airflow/.local/lib/python3.12/site-packages/airflow/example_dags/example_external_task_marker_dag.py took 0.137 seconds
[2026-05-01T13:30:12.522+0000] {processor.py:161} INFO - Started process (PID=671) to work on /home/airflow/.local/lib/python3.12/site-packages/airflow/example_dags/example_external_task_marker_dag.py
[2026-05-01T13:30:12.528+0000] {processor.py:830} INFO - Processing file /home/airflow/.local/lib/python3.12/site-packages/airflow/example_dags/example_external_task_marker_dag.py for tasks to queue
[2026-05-01T13:30:12.541+0000] {logging_mixin.py:188} INFO - [2026-05-01T13:30:12.538+0000] {dagbag.py:545} INFO - Filling up the DagBag from /home/airflow/.local/lib/python3.12/site-packages/airflow/example_dags/example_external_task_marker_dag.py
[2026-05-01T13:30:12.587+0000] {processor.py:840} INFO - DAG(s) 'example_external_task_marker_parent', 'example_external_task_marker_child' retrieved from /home/airflow/.local/lib/python3.12/site-packages/airflow/example_dags/example_external_task_marker_dag.py
[2026-05-01T13:30:12.727+0000] {logging_mixin.py:188} INFO - [2026-05-01T13:30:12.726+0000] {dag.py:3089} INFO - Sync 2 DAGs
[2026-05-01T13:30:12.906+0000] {logging_mixin.py:188} INFO - [2026-05-01T13:30:12.906+0000] {dag.py:3947} INFO - Setting next_dagrun for example_external_task_marker_child to None, run_after=None
[2026-05-01T13:30:12.950+0000] {logging_mixin.py:188} INFO - [2026-05-01T13:30:12.949+0000] {dag.py:3947} INFO - Setting next_dagrun for example_external_task_marker_parent to None, run_after=None
[2026-05-01T13:30:13.075+0000] {processor.py:183} INFO - Processing /home/airflow/.local/lib/python3.12/site-packages/airflow/example_dags/example_external_task_marker_dag.py took 0.590 seconds
[2026-05-01T13:30:43.818+0000] {processor.py:161} INFO - Started process (PID=729) to work on /home/airflow/.local/lib/python3.12/site-packages/airflow/example_dags/example_external_task_marker_dag.py
[2026-05-01T13:30:43.821+0000] {processor.py:830} INFO - Processing file /home/airflow/.local/lib/python3.12/site-packages/airflow/example_dags/example_external_task_marker_dag.py for tasks to queue
[2026-05-01T13:30:43.827+0000] {logging_mixin.py:188} INFO - [2026-05-01T13:30:43.827+0000] {dagbag.py:545} INFO - Filling up the DagBag from /home/airflow/.local/lib/python3.12/site-packages/airflow/example_dags/example_external_task_marker_dag.py
[2026-05-01T13:30:43.861+0000] {processor.py:840} INFO - DAG(s) 'example_external_task_marker_parent', 'example_external_task_marker_child' retrieved from /home/airflow/.local/lib/python3.12/site-packages/airflow/example_dags/example_external_task_marker_dag.py
[2026-05-01T13:30:43.994+0000] {logging_mixin.py:188} INFO - [2026-05-01T13:30:43.994+0000] {dag.py:3089} INFO - Sync 2 DAGs
[2026-05-01T13:30:44.358+0000] {logging_mixin.py:188} INFO - [2026-05-01T13:30:44.357+0000] {dag.py:3947} INFO - Setting next_dagrun for example_external_task_marker_child to None, run_after=None
[2026-05-01T13:30:44.386+0000] {logging_mixin.py:188} INFO - [2026-05-01T13:30:44.386+0000] {dag.py:3947} INFO - Setting next_dagrun for example_external_task_marker_parent to None, run_after=None
[2026-05-01T13:30:44.483+0000] {processor.py:183} INFO - Processing /home/airflow/.local/lib/python3.12/site-packages/airflow/example_dags/example_external_task_marker_dag.py took 0.684 seconds
[2026-05-01T13:31:15.339+0000] {processor.py:161} INFO - Started process (PID=793) to work on /home/airflow/.local/lib/python3.12/site-packages/airflow/example_dags/example_external_task_marker_dag.py
[2026-05-01T13:31:15.341+0000] {processor.py:830} INFO - Processing file /home/airflow/.local/lib/python3.12/site-packages/airflow/example_dags/example_external_task_marker_dag.py for tasks to queue
[2026-05-01T13:31:15.347+0000] {logging_mixin.py:188} INFO - [2026-05-01T13:31:15.346+0000] {dagbag.py:545} INFO - Filling up the DagBag from /home/airflow/.local/lib/python3.12/site-packages/airflow/example_dags/example_external_task_marker_dag.py
[2026-05-01T13:31:15.362+0000] {processor.py:840} INFO - DAG(s) 'example_external_task_marker_parent', 'example_external_task_marker_child' retrieved from /home/airflow/.local/lib/python3.12/site-packages/airflow/example_dags/example_external_task_marker_dag.py
[2026-05-01T13:31:15.421+0000] {logging_mixin.py:188} INFO - [2026-05-01T13:31:15.421+0000] {dag.py:3089} INFO - Sync 2 DAGs
[2026-05-01T13:31:15.459+0000] {logging_mixin.py:188} INFO - [2026-05-01T13:31:15.457+0000] {dag.py:3947} INFO - Setting next_dagrun for example_external_task_marker_child to None, run_after=None
[2026-05-01T13:31:15.472+0000] {logging_mixin.py:188} INFO - [2026-05-01T13:31:15.472+0000] {dag.py:3947} INFO - Setting next_dagrun for example_external_task_marker_parent to None, run_after=None
[2026-05-01T13:31:15.534+0000] {processor.py:183} INFO - Processing /home/airflow/.local/lib/python3.12/site-packages/airflow/example_dags/example_external_task_marker_dag.py took 0.205 seconds
[2026-05-01T13:31:45.741+0000] {processor.py:161} INFO - Started process (PID=851) to work on /home/airflow/.local/lib/python3.12/site-packages/airflow/example_dags/example_external_task_marker_dag.py
[2026-05-01T13:31:45.743+0000] {processor.py:830} INFO - Processing file /home/airflow/.local/lib/python3.12/site-packages/airflow/example_dags/example_external_task_marker_dag.py for tasks to queue
[2026-05-01T13:31:45.748+0000] {logging_mixin.py:188} INFO - [2026-05-01T13:31:45.748+0000] {dagbag.py:545} INFO - Filling up the DagBag from /home/airflow/.local/lib/python3.12/site-packages/airflow/example_dags/example_external_task_marker_dag.py
[2026-05-01T13:31:45.758+0000] {processor.py:840} INFO - DAG(s) 'example_external_task_marker_child', 'example_external_task_marker_parent' retrieved from /home/airflow/.local/lib/python3.12/site-packages/airflow/example_dags/example_external_task_marker_dag.py
[2026-05-01T13:31:45.794+0000] {logging_mixin.py:188} INFO - [2026-05-01T13:31:45.793+0000] {dag.py:3089} INFO - Sync 2 DAGs
[2026-05-01T13:31:45.821+0000] {logging_mixin.py:188} INFO - [2026-05-01T13:31:45.821+0000] {dag.py:3947} INFO - Setting next_dagrun for example_external_task_marker_child to None, run_after=None
[2026-05-01T13:31:45.830+0000] {logging_mixin.py:188} INFO - [2026-05-01T13:31:45.830+0000] {dag.py:3947} INFO - Setting next_dagrun for example_external_task_marker_parent to None, run_after=None
[2026-05-01T13:31:45.858+0000] {processor.py:183} INFO - Processing /home/airflow/.local/lib/python3.12/site-packages/airflow/example_dags/example_external_task_marker_dag.py took 0.128 seconds
[2026-05-01T13:32:16.754+0000] {processor.py:161} INFO - Started process (PID=909) to work on /home/airflow/.local/lib/python3.12/site-packages/airflow/example_dags/example_external_task_marker_dag.py
[2026-05-01T13:32:16.771+0000] {processor.py:830} INFO - Processing file /home/airflow/.local/lib/python3.12/site-packages/airflow/example_dags/example_external_task_marker_dag.py for tasks to queue
[2026-05-01T13:32:16.784+0000] {logging_mixin.py:188} INFO - [2026-05-01T13:32:16.783+0000] {dagbag.py:545} INFO - Filling up the DagBag from /home/airflow/.local/lib/python3.12/site-packages/airflow/example_dags/example_external_task_marker_dag.py
[2026-05-01T13:32:16.801+0000] {processor.py:840} INFO - DAG(s) 'example_external_task_marker_child', 'example_external_task_marker_parent' retrieved from /home/airflow/.local/lib/python3.12/site-packages/airflow/example_dags/example_external_task_marker_dag.py
[2026-05-01T13:32:16.879+0000] {logging_mixin.py:188} INFO - [2026-05-01T13:32:16.878+0000] {dag.py:3089} INFO - Sync 2 DAGs
[2026-05-01T13:32:16.924+0000] {logging_mixin.py:188} INFO - [2026-05-01T13:32:16.924+0000] {dag.py:3947} INFO - Setting next_dagrun for example_external_task_marker_child to None, run_after=None
[2026-05-01T13:32:16.939+0000] {logging_mixin.py:188} INFO - [2026-05-01T13:32:16.938+0000] {dag.py:3947} INFO - Setting next_dagrun for example_external_task_marker_parent to None, run_after=None
[2026-05-01T13:32:17.030+0000] {processor.py:183} INFO - Processing /home/airflow/.local/lib/python3.12/site-packages/airflow/example_dags/example_external_task_marker_dag.py took 0.288 seconds
[2026-05-01T13:32:47.557+0000] {processor.py:161} INFO - Started process (PID=967) to work on /home/airflow/.local/lib/python3.12/site-packages/airflow/example_dags/example_external_task_marker_dag.py
[2026-05-01T13:32:47.560+0000] {processor.py:830} INFO - Processing file /home/airflow/.local/lib/python3.12/site-packages/airflow/example_dags/example_external_task_marker_dag.py for tasks to queue
[2026-05-01T13:32:47.565+0000] {logging_mixin.py:188} INFO - [2026-05-01T13:32:47.564+0000] {dagbag.py:545} INFO - Filling up the DagBag from /home/airflow/.local/lib/python3.12/site-packages/airflow/example_dags/example_external_task_marker_dag.py
[2026-05-01T13:32:47.579+0000] {processor.py:840} INFO - DAG(s) 'example_external_task_marker_child', 'example_external_task_marker_parent' retrieved from /home/airflow/.local/lib/python3.12/site-packages/airflow/example_dags/example_external_task_marker_dag.py
[2026-05-01T13:32:47.630+0000] {logging_mixin.py:188} INFO - [2026-05-01T13:32:47.629+0000] {dag.py:3089} INFO - Sync 2 DAGs
[2026-05-01T13:32:47.658+0000] {logging_mixin.py:188} INFO - [2026-05-01T13:32:47.657+0000] {dag.py:3947} INFO - Setting next_dagrun for example_external_task_marker_child to None, run_after=None
[2026-05-01T13:32:47.664+0000] {logging_mixin.py:188} INFO - [2026-05-01T13:32:47.664+0000] {dag.py:3947} INFO - Setting next_dagrun for example_external_task_marker_parent to None, run_after=None
[2026-05-01T13:32:47.701+0000] {processor.py:183} INFO - Processing /home/airflow/.local/lib/python3.12/site-packages/airflow/example_dags/example_external_task_marker_dag.py took 0.166 seconds
[2026-05-01T13:33:18.066+0000] {processor.py:161} INFO - Started process (PID=1025) to work on /home/airflow/.local/lib/python3.12/site-packages/airflow/example_dags/example_external_task_marker_dag.py
[2026-05-01T13:33:18.069+0000] {processor.py:830} INFO - Processing file /home/airflow/.local/lib/python3.12/site-packages/airflow/example_dags/example_external_task_marker_dag.py for tasks to queue
[2026-05-01T13:33:18.080+0000] {logging_mixin.py:188} INFO - [2026-05-01T13:33:18.079+0000] {dagbag.py:545} INFO - Filling up the DagBag from /home/airflow/.local/lib/python3.12/site-packages/airflow/example_dags/example_external_task_marker_dag.py
[2026-05-01T13:33:18.123+0000] {processor.py:840} INFO - DAG(s) 'example_external_task_marker_parent', 'example_external_task_marker_child' retrieved from /home/airflow/.local/lib/python3.12/site-packages/airflow/example_dags/example_external_task_marker_dag.py
[2026-05-01T13:33:18.283+0000] {logging_mixin.py:188} INFO - [2026-05-01T13:33:18.282+0000] {dag.py:3089} INFO - Sync 2 DAGs
[2026-05-01T13:33:18.336+0000] {logging_mixin.py:188} INFO - [2026-05-01T13:33:18.336+0000] {dag.py:3947} INFO - Setting next_dagrun for example_external_task_marker_child to None, run_after=None
[2026-05-01T13:33:18.345+0000] {logging_mixin.py:188} INFO - [2026-05-01T13:33:18.345+0000] {dag.py:3947} INFO - Setting next_dagrun for example_external_task_marker_parent to None, run_after=None
[2026-05-01T13:33:18.399+0000] {processor.py:183} INFO - Processing /home/airflow/.local/lib/python3.12/site-packages/airflow/example_dags/example_external_task_marker_dag.py took 0.348 seconds
[2026-05-01T13:33:49.666+0000] {processor.py:161} INFO - Started process (PID=1083) to work on /home/airflow/.local/lib/python3.12/site-packages/airflow/example_dags/example_external_task_marker_dag.py
[2026-05-01T13:33:49.672+0000] {processor.py:830} INFO - Processing file /home/airflow/.local/lib/python3.12/site-packages/airflow/example_dags/example_external_task_marker_dag.py for tasks to queue
[2026-05-01T13:33:49.694+0000] {logging_mixin.py:188} INFO - [2026-05-01T13:33:49.691+0000] {dagbag.py:545} INFO - Filling up the DagBag from /home/airflow/.local/lib/python3.12/site-packages/airflow/example_dags/example_external_task_marker_dag.py
[2026-05-01T13:33:49.712+0000] {processor.py:840} INFO - DAG(s) 'example_external_task_marker_child', 'example_external_task_marker_parent' retrieved from /home/airflow/.local/lib/python3.12/site-packages/airflow/example_dags/example_external_task_marker_dag.py
[2026-05-01T13:33:49.807+0000] {logging_mixin.py:188} INFO - [2026-05-01T13:33:49.806+0000] {dag.py:3089} INFO - Sync 2 DAGs
[2026-05-01T13:33:49.857+0000] {logging_mixin.py:188} INFO - [2026-05-01T13:33:49.856+0000] {dag.py:3947} INFO - Setting next_dagrun for example_external_task_marker_child to None, run_after=None
[2026-05-01T13:33:49.892+0000] {logging_mixin.py:188} INFO - [2026-05-01T13:33:49.891+0000] {dag.py:3947} INFO - Setting next_dagrun for example_external_task_marker_parent to None, run_after=None
[2026-05-01T13:33:49.922+0000] {processor.py:183} INFO - Processing /home/airflow/.local/lib/python3.12/site-packages/airflow/example_dags/example_external_task_marker_dag.py took 0.298 seconds
[2026-05-01T13:34:20.306+0000] {processor.py:161} INFO - Started process (PID=1141) to work on /home/airflow/.local/lib/python3.12/site-packages/airflow/example_dags/example_external_task_marker_dag.py
[2026-05-01T13:34:20.315+0000] {processor.py:830} INFO - Processing file /home/airflow/.local/lib/python3.12/site-packages/airflow/example_dags/example_external_task_marker_dag.py for tasks to queue
[2026-05-01T13:34:20.336+0000] {logging_mixin.py:188} INFO - [2026-05-01T13:34:20.333+0000] {dagbag.py:545} INFO - Filling up the DagBag from /home/airflow/.local/lib/python3.12/site-packages/airflow/example_dags/example_external_task_marker_dag.py
[2026-05-01T13:34:20.371+0000] {processor.py:840} INFO - DAG(s) 'example_external_task_marker_child', 'example_external_task_marker_parent' retrieved from /home/airflow/.local/lib/python3.12/site-packages/airflow/example_dags/example_external_task_marker_dag.py
[2026-05-01T13:34:20.455+0000] {logging_mixin.py:188} INFO - [2026-05-01T13:34:20.454+0000] {dag.py:3089} INFO - Sync 2 DAGs
[2026-05-01T13:34:20.489+0000] {logging_mixin.py:188} INFO - [2026-05-01T13:34:20.489+0000] {dag.py:3947} INFO - Setting next_dagrun for example_external_task_marker_child to None, run_after=None
[2026-05-01T13:34:20.500+0000] {logging_mixin.py:188} INFO - [2026-05-01T13:34:20.499+0000] {dag.py:3947} INFO - Setting next_dagrun for example_external_task_marker_parent to None, run_after=None
[2026-05-01T13:34:20.546+0000] {processor.py:183} INFO - Processing /home/airflow/.local/lib/python3.12/site-packages/airflow/example_dags/example_external_task_marker_dag.py took 0.309 seconds
[2026-05-01T13:34:50.882+0000] {processor.py:161} INFO - Started process (PID=1198) to work on /home/airflow/.local/lib/python3.12/site-packages/airflow/example_dags/example_external_task_marker_dag.py
[2026-05-01T13:34:50.946+0000] {processor.py:830} INFO - Processing file /home/airflow/.local/lib/python3.12/site-packages/airflow/example_dags/example_external_task_marker_dag.py for tasks to queue
[2026-05-01T13:34:50.965+0000] {logging_mixin.py:188} INFO - [2026-05-01T13:34:50.964+0000] {dagbag.py:545} INFO - Filling up the DagBag from /home/airflow/.local/lib/python3.12/site-packages/airflow/example_dags/example_external_task_marker_dag.py
[2026-05-01T13:34:51.026+0000] {processor.py:840} INFO - DAG(s) 'example_external_task_marker_parent', 'example_external_task_marker_child' retrieved from /home/airflow/.local/lib/python3.12/site-packages/airflow/example_dags/example_external_task_marker_dag.py
[2026-05-01T13:34:51.119+0000] {logging_mixin.py:188} INFO - [2026-05-01T13:34:51.119+0000] {dag.py:3089} INFO - Sync 2 DAGs
[2026-05-01T13:34:51.219+0000] {logging_mixin.py:188} INFO - [2026-05-01T13:34:51.217+0000] {dag.py:3947} INFO - Setting next_dagrun for example_external_task_marker_child to None, run_after=None
[2026-05-01T13:34:51.255+0000] {logging_mixin.py:188} INFO - [2026-05-01T13:34:51.252+0000] {dag.py:3947} INFO - Setting next_dagrun for example_external_task_marker_parent to None, run_after=None
[2026-05-01T13:34:51.384+0000] {processor.py:183} INFO - Processing /home/airflow/.local/lib/python3.12/site-packages/airflow/example_dags/example_external_task_marker_dag.py took 0.529 seconds
[2026-05-01T13:35:21.517+0000] {processor.py:161} INFO - Started process (PID=1256) to work on /home/airflow/.local/lib/python3.12/site-packages/airflow/example_dags/example_external_task_marker_dag.py
[2026-05-01T13:35:21.522+0000] {processor.py:830} INFO - Processing file /home/airflow/.local/lib/python3.12/site-packages/airflow/example_dags/example_external_task_marker_dag.py for tasks to queue
[2026-05-01T13:35:21.527+0000] {logging_mixin.py:188} INFO - [2026-05-01T13:35:21.526+0000] {dagbag.py:545} INFO - Filling up the DagBag from /home/airflow/.local/lib/python3.12/site-packages/airflow/example_dags/example_external_task_marker_dag.py
[2026-05-01T13:35:21.539+0000] {processor.py:840} INFO - DAG(s) 'example_external_task_marker_child', 'example_external_task_marker_parent' retrieved from /home/airflow/.local/lib/python3.12/site-packages/airflow/example_dags/example_external_task_marker_dag.py
[2026-05-01T13:35:21.584+0000] {logging_mixin.py:188} INFO - [2026-05-01T13:35:21.583+0000] {dag.py:3089} INFO - Sync 2 DAGs
[2026-05-01T13:35:21.618+0000] {logging_mixin.py:188} INFO - [2026-05-01T13:35:21.618+0000] {dag.py:3947} INFO - Setting next_dagrun for example_external_task_marker_child to None, run_after=None
[2026-05-01T13:35:21.631+0000] {logging_mixin.py:188} INFO - [2026-05-01T13:35:21.630+0000] {dag.py:3947} INFO - Setting next_dagrun for example_external_task_marker_parent to None, run_after=None
[2026-05-01T13:35:21.677+0000] {processor.py:183} INFO - Processing /home/airflow/.local/lib/python3.12/site-packages/airflow/example_dags/example_external_task_marker_dag.py took 0.171 seconds
[2026-05-01T13:35:53.056+0000] {processor.py:161} INFO - Started process (PID=1314) to work on /home/airflow/.local/lib/python3.12/site-packages/airflow/example_dags/example_external_task_marker_dag.py
[2026-05-01T13:35:53.071+0000] {processor.py:830} INFO - Processing file /home/airflow/.local/lib/python3.12/site-packages/airflow/example_dags/example_external_task_marker_dag.py for tasks to queue
[2026-05-01T13:35:53.079+0000] {logging_mixin.py:188} INFO - [2026-05-01T13:35:53.077+0000] {dagbag.py:545} INFO - Filling up the DagBag from /home/airflow/.local/lib/python3.12/site-packages/airflow/example_dags/example_external_task_marker_dag.py
[2026-05-01T13:35:53.130+0000] {processor.py:840} INFO - DAG(s) 'example_external_task_marker_parent', 'example_external_task_marker_child' retrieved from /home/airflow/.local/lib/python3.12/site-packages/airflow/example_dags/example_external_task_marker_dag.py
[2026-05-01T13:35:53.224+0000] {logging_mixin.py:188} INFO - [2026-05-01T13:35:53.223+0000] {dag.py:3089} INFO - Sync 2 DAGs
[2026-05-01T13:35:53.273+0000] {logging_mixin.py:188} INFO - [2026-05-01T13:35:53.273+0000] {dag.py:3947} INFO - Setting next_dagrun for example_external_task_marker_child to None, run_after=None
[2026-05-01T13:35:53.301+0000] {logging_mixin.py:188} INFO - [2026-05-01T13:35:53.301+0000] {dag.py:3947} INFO - Setting next_dagrun for example_external_task_marker_parent to None, run_after=None
[2026-05-01T13:35:53.396+0000] {processor.py:183} INFO - Processing /home/airflow/.local/lib/python3.12/site-packages/airflow/example_dags/example_external_task_marker_dag.py took 0.452 seconds
[2026-05-01T13:36:23.582+0000] {processor.py:161} INFO - Started process (PID=1372) to work on /home/airflow/.local/lib/python3.12/site-packages/airflow/example_dags/example_external_task_marker_dag.py
[2026-05-01T13:36:23.588+0000] {processor.py:830} INFO - Processing file /home/airflow/.local/lib/python3.12/site-packages/airflow/example_dags/example_external_task_marker_dag.py for tasks to queue
[2026-05-01T13:36:23.624+0000] {logging_mixin.py:188} INFO - [2026-05-01T13:36:23.603+0000] {dagbag.py:545} INFO - Filling up the DagBag from /home/airflow/.local/lib/python3.12/site-packages/airflow/example_dags/example_external_task_marker_dag.py
[2026-05-01T13:36:23.651+0000] {processor.py:840} INFO - DAG(s) 'example_external_task_marker_parent', 'example_external_task_marker_child' retrieved from /home/airflow/.local/lib/python3.12/site-packages/airflow/example_dags/example_external_task_marker_dag.py
[2026-05-01T13:36:23.787+0000] {logging_mixin.py:188} INFO - [2026-05-01T13:36:23.786+0000] {dag.py:3089} INFO - Sync 2 DAGs
[2026-05-01T13:36:23.858+0000] {logging_mixin.py:188} INFO - [2026-05-01T13:36:23.858+0000] {dag.py:3947} INFO - Setting next_dagrun for example_external_task_marker_child to None, run_after=None
[2026-05-01T13:36:23.910+0000] {logging_mixin.py:188} INFO - [2026-05-01T13:36:23.909+0000] {dag.py:3947} INFO - Setting next_dagrun for example_external_task_marker_parent to None, run_after=None
[2026-05-01T13:36:23.985+0000] {processor.py:183} INFO - Processing /home/airflow/.local/lib/python3.12/site-packages/airflow/example_dags/example_external_task_marker_dag.py took 0.432 seconds
[2026-05-01T13:36:54.797+0000] {processor.py:161} INFO - Started process (PID=1430) to work on /home/airflow/.local/lib/python3.12/site-packages/airflow/example_dags/example_external_task_marker_dag.py
[2026-05-01T13:36:54.817+0000] {processor.py:830} INFO - Processing file /home/airflow/.local/lib/python3.12/site-packages/airflow/example_dags/example_external_task_marker_dag.py for tasks to queue
[2026-05-01T13:36:54.838+0000] {logging_mixin.py:188} INFO - [2026-05-01T13:36:54.838+0000] {dagbag.py:545} INFO - Filling up the DagBag from /home/airflow/.local/lib/python3.12/site-packages/airflow/example_dags/example_external_task_marker_dag.py
[2026-05-01T13:36:54.862+0000] {processor.py:840} INFO - DAG(s) 'example_external_task_marker_parent', 'example_external_task_marker_child' retrieved from /home/airflow/.local/lib/python3.12/site-packages/airflow/example_dags/example_external_task_marker_dag.py
[2026-05-01T13:36:54.940+0000] {logging_mixin.py:188} INFO - [2026-05-01T13:36:54.940+0000] {dag.py:3089} INFO - Sync 2 DAGs
[2026-05-01T13:36:54.979+0000] {logging_mixin.py:188} INFO - [2026-05-01T13:36:54.979+0000] {dag.py:3947} INFO - Setting next_dagrun for example_external_task_marker_child to None, run_after=None
[2026-05-01T13:36:54.988+0000] {logging_mixin.py:188} INFO - [2026-05-01T13:36:54.987+0000] {dag.py:3947} INFO - Setting next_dagrun for example_external_task_marker_parent to None, run_after=None
[2026-05-01T13:36:55.028+0000] {processor.py:183} INFO - Processing /home/airflow/.local/lib/python3.12/site-packages/airflow/example_dags/example_external_task_marker_dag.py took 0.283 seconds
[2026-05-01T13:37:25.399+0000] {processor.py:161} INFO - Started process (PID=1487) to work on /home/airflow/.local/lib/python3.12/site-packages/airflow/example_dags/example_external_task_marker_dag.py
[2026-05-01T13:37:25.402+0000] {processor.py:830} INFO - Processing file /home/airflow/.local/lib/python3.12/site-packages/airflow/example_dags/example_external_task_marker_dag.py for tasks to queue
[2026-05-01T13:37:25.408+0000] {logging_mixin.py:188} INFO - [2026-05-01T13:37:25.407+0000] {dagbag.py:545} INFO - Filling up the DagBag from /home/airflow/.local/lib/python3.12/site-packages/airflow/example_dags/example_external_task_marker_dag.py
[2026-05-01T13:37:25.426+0000] {processor.py:840} INFO - DAG(s) 'example_external_task_marker_parent', 'example_external_task_marker_child' retrieved from /home/airflow/.local/lib/python3.12/site-packages/airflow/example_dags/example_external_task_marker_dag.py
[2026-05-01T13:37:25.461+0000] {logging_mixin.py:188} INFO - [2026-05-01T13:37:25.461+0000] {dag.py:3089} INFO - Sync 2 DAGs
[2026-05-01T13:37:25.495+0000] {logging_mixin.py:188} INFO - [2026-05-01T13:37:25.495+0000] {dag.py:3947} INFO - Setting next_dagrun for example_external_task_marker_child to None, run_after=None
[2026-05-01T13:37:25.507+0000] {logging_mixin.py:188} INFO - [2026-05-01T13:37:25.506+0000] {dag.py:3947} INFO - Setting next_dagrun for example_external_task_marker_parent to None, run_after=None
[2026-05-01T13:37:25.532+0000] {processor.py:183} INFO - Processing /home/airflow/.local/lib/python3.12/site-packages/airflow/example_dags/example_external_task_marker_dag.py took 0.146 seconds
[2026-05-01T13:37:55.817+0000] {processor.py:161} INFO - Started process (PID=1544) to work on /home/airflow/.local/lib/python3.12/site-packages/airflow/example_dags/example_external_task_marker_dag.py
[2026-05-01T13:37:55.820+0000] {processor.py:830} INFO - Processing file /home/airflow/.local/lib/python3.12/site-packages/airflow/example_dags/example_external_task_marker_dag.py for tasks to queue
[2026-05-01T13:37:55.828+0000] {logging_mixin.py:188} INFO - [2026-05-01T13:37:55.828+0000] {dagbag.py:545} INFO - Filling up the DagBag from /home/airflow/.local/lib/python3.12/site-packages/airflow/example_dags/example_external_task_marker_dag.py
[2026-05-01T13:37:55.849+0000] {processor.py:840} INFO - DAG(s) 'example_external_task_marker_child', 'example_external_task_marker_parent' retrieved from /home/airflow/.local/lib/python3.12/site-packages/airflow/example_dags/example_external_task_marker_dag.py
[2026-05-01T13:37:55.918+0000] {logging_mixin.py:188} INFO - [2026-05-01T13:37:55.917+0000] {dag.py:3089} INFO - Sync 2 DAGs
[2026-05-01T13:37:55.950+0000] {logging_mixin.py:188} INFO - [2026-05-01T13:37:55.949+0000] {dag.py:3947} INFO - Setting next_dagrun for example_external_task_marker_child to None, run_after=None
[2026-05-01T13:37:55.963+0000] {logging_mixin.py:188} INFO - [2026-05-01T13:37:55.962+0000] {dag.py:3947} INFO - Setting next_dagrun for example_external_task_marker_parent to None, run_after=None
[2026-05-01T13:37:56.005+0000] {processor.py:183} INFO - Processing /home/airflow/.local/lib/python3.12/site-packages/airflow/example_dags/example_external_task_marker_dag.py took 0.199 seconds
[2026-05-01T13:38:26.523+0000] {processor.py:161} INFO - Started process (PID=1602) to work on /home/airflow/.local/lib/python3.12/site-packages/airflow/example_dags/example_external_task_marker_dag.py
[2026-05-01T13:38:26.525+0000] {processor.py:830} INFO - Processing file /home/airflow/.local/lib/python3.12/site-packages/airflow/example_dags/example_external_task_marker_dag.py for tasks to queue
[2026-05-01T13:38:26.533+0000] {logging_mixin.py:188} INFO - [2026-05-01T13:38:26.532+0000] {dagbag.py:545} INFO - Filling up the DagBag from /home/airflow/.local/lib/python3.12/site-packages/airflow/example_dags/example_external_task_marker_dag.py
[2026-05-01T13:38:26.552+0000] {processor.py:840} INFO - DAG(s) 'example_external_task_marker_child', 'example_external_task_marker_parent' retrieved from /home/airflow/.local/lib/python3.12/site-packages/airflow/example_dags/example_external_task_marker_dag.py
[2026-05-01T13:38:26.610+0000] {logging_mixin.py:188} INFO - [2026-05-01T13:38:26.610+0000] {dag.py:3089} INFO - Sync 2 DAGs
[2026-05-01T13:38:26.636+0000] {logging_mixin.py:188} INFO - [2026-05-01T13:38:26.636+0000] {dag.py:3947} INFO - Setting next_dagrun for example_external_task_marker_child to None, run_after=None
[2026-05-01T13:38:26.647+0000] {logging_mixin.py:188} INFO - [2026-05-01T13:38:26.646+0000] {dag.py:3947} INFO - Setting next_dagrun for example_external_task_marker_parent to None, run_after=None
[2026-05-01T13:38:26.673+0000] {processor.py:183} INFO - Processing /home/airflow/.local/lib/python3.12/site-packages/airflow/example_dags/example_external_task_marker_dag.py took 0.169 seconds
[2026-05-01T13:38:57.060+0000] {processor.py:161} INFO - Started process (PID=1660) to work on /home/airflow/.local/lib/python3.12/site-packages/airflow/example_dags/example_external_task_marker_dag.py
[2026-05-01T13:38:57.062+0000] {processor.py:830} INFO - Processing file /home/airflow/.local/lib/python3.12/site-packages/airflow/example_dags/example_external_task_marker_dag.py for tasks to queue
[2026-05-01T13:38:57.067+0000] {logging_mixin.py:188} INFO - [2026-05-01T13:38:57.066+0000] {dagbag.py:545} INFO - Filling up the DagBag from /home/airflow/.local/lib/python3.12/site-packages/airflow/example_dags/example_external_task_marker_dag.py
[2026-05-01T13:38:57.079+0000] {processor.py:840} INFO - DAG(s) 'example_external_task_marker_child', 'example_external_task_marker_parent' retrieved from /home/airflow/.local/lib/python3.12/site-packages/airflow/example_dags/example_external_task_marker_dag.py
[2026-05-01T13:38:57.115+0000] {logging_mixin.py:188} INFO - [2026-05-01T13:38:57.114+0000] {dag.py:3089} INFO - Sync 2 DAGs
[2026-05-01T13:38:57.138+0000] {logging_mixin.py:188} INFO - [2026-05-01T13:38:57.138+0000] {dag.py:3947} INFO - Setting next_dagrun for example_external_task_marker_child to None, run_after=None
[2026-05-01T13:38:57.154+0000] {logging_mixin.py:188} INFO - [2026-05-01T13:38:57.154+0000] {dag.py:3947} INFO - Setting next_dagrun for example_external_task_marker_parent to None, run_after=None
[2026-05-01T13:38:57.187+0000] {processor.py:183} INFO - Processing /home/airflow/.local/lib/python3.12/site-packages/airflow/example_dags/example_external_task_marker_dag.py took 0.138 seconds
[2026-05-01T13:39:27.430+0000] {processor.py:161} INFO - Started process (PID=1716) to work on /home/airflow/.local/lib/python3.12/site-packages/airflow/example_dags/example_external_task_marker_dag.py
[2026-05-01T13:39:27.432+0000] {processor.py:830} INFO - Processing file /home/airflow/.local/lib/python3.12/site-packages/airflow/example_dags/example_external_task_marker_dag.py for tasks to queue
[2026-05-01T13:39:27.438+0000] {logging_mixin.py:188} INFO - [2026-05-01T13:39:27.438+0000] {dagbag.py:545} INFO - Filling up the DagBag from /home/airflow/.local/lib/python3.12/site-packages/airflow/example_dags/example_external_task_marker_dag.py
[2026-05-01T13:39:27.466+0000] {processor.py:840} INFO - DAG(s) 'example_external_task_marker_child', 'example_external_task_marker_parent' retrieved from /home/airflow/.local/lib/python3.12/site-packages/airflow/example_dags/example_external_task_marker_dag.py
[2026-05-01T13:39:27.527+0000] {logging_mixin.py:188} INFO - [2026-05-01T13:39:27.527+0000] {dag.py:3089} INFO - Sync 2 DAGs
[2026-05-01T13:39:27.569+0000] {logging_mixin.py:188} INFO - [2026-05-01T13:39:27.569+0000] {dag.py:3947} INFO - Setting next_dagrun for example_external_task_marker_child to None, run_after=None
[2026-05-01T13:39:27.589+0000] {logging_mixin.py:188} INFO - [2026-05-01T13:39:27.589+0000] {dag.py:3947} INFO - Setting next_dagrun for example_external_task_marker_parent to None, run_after=None
[2026-05-01T13:39:27.647+0000] {processor.py:183} INFO - Processing /home/airflow/.local/lib/python3.12/site-packages/airflow/example_dags/example_external_task_marker_dag.py took 0.240 seconds
[2026-05-01T13:39:58.515+0000] {processor.py:161} INFO - Started process (PID=1774) to work on /home/airflow/.local/lib/python3.12/site-packages/airflow/example_dags/example_external_task_marker_dag.py
[2026-05-01T13:39:58.529+0000] {processor.py:830} INFO - Processing file /home/airflow/.local/lib/python3.12/site-packages/airflow/example_dags/example_external_task_marker_dag.py for tasks to queue
[2026-05-01T13:39:58.540+0000] {logging_mixin.py:188} INFO - [2026-05-01T13:39:58.540+0000] {dagbag.py:545} INFO - Filling up the DagBag from /home/airflow/.local/lib/python3.12/site-packages/airflow/example_dags/example_external_task_marker_dag.py
[2026-05-01T13:39:58.587+0000] {processor.py:840} INFO - DAG(s) 'example_external_task_marker_child', 'example_external_task_marker_parent' retrieved from /home/airflow/.local/lib/python3.12/site-packages/airflow/example_dags/example_external_task_marker_dag.py
[2026-05-01T13:39:58.675+0000] {logging_mixin.py:188} INFO - [2026-05-01T13:39:58.674+0000] {dag.py:3089} INFO - Sync 2 DAGs
[2026-05-01T13:39:59.358+0000] {logging_mixin.py:188} INFO - [2026-05-01T13:39:59.358+0000] {dag.py:3947} INFO - Setting next_dagrun for example_external_task_marker_child to None, run_after=None
[2026-05-01T13:39:59.377+0000] {logging_mixin.py:188} INFO - [2026-05-01T13:39:59.376+0000] {dag.py:3947} INFO - Setting next_dagrun for example_external_task_marker_parent to None, run_after=None
[2026-05-01T13:39:59.405+0000] {processor.py:183} INFO - Processing /home/airflow/.local/lib/python3.12/site-packages/airflow/example_dags/example_external_task_marker_dag.py took 0.972 seconds
[2026-05-01T13:42:47.960+0000] {processor.py:161} INFO - Started process (PID=74) to work on /home/airflow/.local/lib/python3.12/site-packages/airflow/example_dags/example_external_task_marker_dag.py
[2026-05-01T13:42:47.969+0000] {processor.py:830} INFO - Processing file /home/airflow/.local/lib/python3.12/site-packages/airflow/example_dags/example_external_task_marker_dag.py for tasks to queue
[2026-05-01T13:42:47.984+0000] {logging_mixin.py:188} INFO - [2026-05-01T13:42:47.982+0000] {dagbag.py:545} INFO - Filling up the DagBag from /home/airflow/.local/lib/python3.12/site-packages/airflow/example_dags/example_external_task_marker_dag.py
[2026-05-01T13:42:48.017+0000] {processor.py:840} INFO - DAG(s) 'example_external_task_marker_parent', 'example_external_task_marker_child' retrieved from /home/airflow/.local/lib/python3.12/site-packages/airflow/example_dags/example_external_task_marker_dag.py
[2026-05-01T13:42:48.810+0000] {logging_mixin.py:188} INFO - [2026-05-01T13:42:48.810+0000] {dag.py:3089} INFO - Sync 2 DAGs
[2026-05-01T13:42:48.847+0000] {logging_mixin.py:188} INFO - [2026-05-01T13:42:48.846+0000] {dag.py:3947} INFO - Setting next_dagrun for example_external_task_marker_child to None, run_after=None
[2026-05-01T13:42:48.861+0000] {logging_mixin.py:188} INFO - [2026-05-01T13:42:48.861+0000] {dag.py:3947} INFO - Setting next_dagrun for example_external_task_marker_parent to None, run_after=None
[2026-05-01T13:42:48.935+0000] {processor.py:183} INFO - Processing /home/airflow/.local/lib/python3.12/site-packages/airflow/example_dags/example_external_task_marker_dag.py took 1.005 seconds
[2026-05-01T13:43:24.298+0000] {processor.py:161} INFO - Started process (PID=138) to work on /home/airflow/.local/lib/python3.12/site-packages/airflow/example_dags/example_external_task_marker_dag.py
[2026-05-01T13:43:24.310+0000] {processor.py:830} INFO - Processing file /home/airflow/.local/lib/python3.12/site-packages/airflow/example_dags/example_external_task_marker_dag.py for tasks to queue
[2026-05-01T13:43:24.327+0000] {logging_mixin.py:188} INFO - [2026-05-01T13:43:24.326+0000] {dagbag.py:545} INFO - Filling up the DagBag from /home/airflow/.local/lib/python3.12/site-packages/airflow/example_dags/example_external_task_marker_dag.py
[2026-05-01T13:43:24.363+0000] {processor.py:840} INFO - DAG(s) 'example_external_task_marker_child', 'example_external_task_marker_parent' retrieved from /home/airflow/.local/lib/python3.12/site-packages/airflow/example_dags/example_external_task_marker_dag.py
[2026-05-01T13:43:24.432+0000] {logging_mixin.py:188} INFO - [2026-05-01T13:43:24.431+0000] {dag.py:3089} INFO - Sync 2 DAGs
[2026-05-01T13:43:24.578+0000] {logging_mixin.py:188} INFO - [2026-05-01T13:43:24.577+0000] {dag.py:3947} INFO - Setting next_dagrun for example_external_task_marker_child to None, run_after=None
[2026-05-01T13:43:24.645+0000] {logging_mixin.py:188} INFO - [2026-05-01T13:43:24.642+0000] {dag.py:3947} INFO - Setting next_dagrun for example_external_task_marker_parent to None, run_after=None
[2026-05-01T13:43:24.739+0000] {processor.py:183} INFO - Processing /home/airflow/.local/lib/python3.12/site-packages/airflow/example_dags/example_external_task_marker_dag.py took 0.495 seconds
[2026-05-01T13:43:56.083+0000] {processor.py:161} INFO - Started process (PID=196) to work on /home/airflow/.local/lib/python3.12/site-packages/airflow/example_dags/example_external_task_marker_dag.py
[2026-05-01T13:43:56.086+0000] {processor.py:830} INFO - Processing file /home/airflow/.local/lib/python3.12/site-packages/airflow/example_dags/example_external_task_marker_dag.py for tasks to queue
[2026-05-01T13:43:56.093+0000] {logging_mixin.py:188} INFO - [2026-05-01T13:43:56.092+0000] {dagbag.py:545} INFO - Filling up the DagBag from /home/airflow/.local/lib/python3.12/site-packages/airflow/example_dags/example_external_task_marker_dag.py
[2026-05-01T13:43:56.109+0000] {processor.py:840} INFO - DAG(s) 'example_external_task_marker_child', 'example_external_task_marker_parent' retrieved from /home/airflow/.local/lib/python3.12/site-packages/airflow/example_dags/example_external_task_marker_dag.py
[2026-05-01T13:43:56.173+0000] {logging_mixin.py:188} INFO - [2026-05-01T13:43:56.173+0000] {dag.py:3089} INFO - Sync 2 DAGs
[2026-05-01T13:43:56.210+0000] {logging_mixin.py:188} INFO - [2026-05-01T13:43:56.210+0000] {dag.py:3947} INFO - Setting next_dagrun for example_external_task_marker_child to None, run_after=None
[2026-05-01T13:43:56.221+0000] {logging_mixin.py:188} INFO - [2026-05-01T13:43:56.221+0000] {dag.py:3947} INFO - Setting next_dagrun for example_external_task_marker_parent to None, run_after=None
[2026-05-01T13:43:56.289+0000] {processor.py:183} INFO - Processing /home/airflow/.local/lib/python3.12/site-packages/airflow/example_dags/example_external_task_marker_dag.py took 0.237 seconds
[2026-05-01T13:44:27.035+0000] {processor.py:161} INFO - Started process (PID=253) to work on /home/airflow/.local/lib/python3.12/site-packages/airflow/example_dags/example_external_task_marker_dag.py
[2026-05-01T13:44:27.064+0000] {processor.py:830} INFO - Processing file /home/airflow/.local/lib/python3.12/site-packages/airflow/example_dags/example_external_task_marker_dag.py for tasks to queue
[2026-05-01T13:44:27.081+0000] {logging_mixin.py:188} INFO - [2026-05-01T13:44:27.074+0000] {dagbag.py:545} INFO - Filling up the DagBag from /home/airflow/.local/lib/python3.12/site-packages/airflow/example_dags/example_external_task_marker_dag.py
[2026-05-01T13:44:27.125+0000] {processor.py:840} INFO - DAG(s) 'example_external_task_marker_child', 'example_external_task_marker_parent' retrieved from /home/airflow/.local/lib/python3.12/site-packages/airflow/example_dags/example_external_task_marker_dag.py
[2026-05-01T13:44:27.214+0000] {logging_mixin.py:188} INFO - [2026-05-01T13:44:27.213+0000] {dag.py:3089} INFO - Sync 2 DAGs
[2026-05-01T13:44:27.279+0000] {logging_mixin.py:188} INFO - [2026-05-01T13:44:27.279+0000] {dag.py:3947} INFO - Setting next_dagrun for example_external_task_marker_child to None, run_after=None
[2026-05-01T13:44:27.303+0000] {logging_mixin.py:188} INFO - [2026-05-01T13:44:27.302+0000] {dag.py:3947} INFO - Setting next_dagrun for example_external_task_marker_parent to None, run_after=None
[2026-05-01T13:44:27.371+0000] {processor.py:183} INFO - Processing /home/airflow/.local/lib/python3.12/site-packages/airflow/example_dags/example_external_task_marker_dag.py took 0.373 seconds
[2026-05-01T13:44:57.902+0000] {processor.py:161} INFO - Started process (PID=311) to work on /home/airflow/.local/lib/python3.12/site-packages/airflow/example_dags/example_external_task_marker_dag.py
[2026-05-01T13:44:57.915+0000] {processor.py:830} INFO - Processing file /home/airflow/.local/lib/python3.12/site-packages/airflow/example_dags/example_external_task_marker_dag.py for tasks to queue
[2026-05-01T13:44:57.954+0000] {logging_mixin.py:188} INFO - [2026-05-01T13:44:57.944+0000] {dagbag.py:545} INFO - Filling up the DagBag from /home/airflow/.local/lib/python3.12/site-packages/airflow/example_dags/example_external_task_marker_dag.py
[2026-05-01T13:44:58.113+0000] {processor.py:840} INFO - DAG(s) 'example_external_task_marker_parent', 'example_external_task_marker_child' retrieved from /home/airflow/.local/lib/python3.12/site-packages/airflow/example_dags/example_external_task_marker_dag.py
[2026-05-01T13:44:58.203+0000] {logging_mixin.py:188} INFO - [2026-05-01T13:44:58.203+0000] {dag.py:3089} INFO - Sync 2 DAGs
[2026-05-01T13:44:58.237+0000] {logging_mixin.py:188} INFO - [2026-05-01T13:44:58.236+0000] {dag.py:3947} INFO - Setting next_dagrun for example_external_task_marker_child to None, run_after=None
[2026-05-01T13:44:58.247+0000] {logging_mixin.py:188} INFO - [2026-05-01T13:44:58.246+0000] {dag.py:3947} INFO - Setting next_dagrun for example_external_task_marker_parent to None, run_after=None
[2026-05-01T13:44:58.326+0000] {processor.py:183} INFO - Processing /home/airflow/.local/lib/python3.12/site-packages/airflow/example_dags/example_external_task_marker_dag.py took 0.437 seconds
[2026-05-01T13:45:29.776+0000] {processor.py:161} INFO - Started process (PID=371) to work on /home/airflow/.local/lib/python3.12/site-packages/airflow/example_dags/example_external_task_marker_dag.py
[2026-05-01T13:45:29.786+0000] {processor.py:830} INFO - Processing file /home/airflow/.local/lib/python3.12/site-packages/airflow/example_dags/example_external_task_marker_dag.py for tasks to queue
[2026-05-01T13:45:29.804+0000] {logging_mixin.py:188} INFO - [2026-05-01T13:45:29.803+0000] {dagbag.py:545} INFO - Filling up the DagBag from /home/airflow/.local/lib/python3.12/site-packages/airflow/example_dags/example_external_task_marker_dag.py
[2026-05-01T13:45:29.833+0000] {processor.py:840} INFO - DAG(s) 'example_external_task_marker_child', 'example_external_task_marker_parent' retrieved from /home/airflow/.local/lib/python3.12/site-packages/airflow/example_dags/example_external_task_marker_dag.py
[2026-05-01T13:45:29.943+0000] {logging_mixin.py:188} INFO - [2026-05-01T13:45:29.943+0000] {dag.py:3089} INFO - Sync 2 DAGs
[2026-05-01T13:45:29.976+0000] {logging_mixin.py:188} INFO - [2026-05-01T13:45:29.976+0000] {dag.py:3947} INFO - Setting next_dagrun for example_external_task_marker_child to None, run_after=None
[2026-05-01T13:45:29.992+0000] {logging_mixin.py:188} INFO - [2026-05-01T13:45:29.992+0000] {dag.py:3947} INFO - Setting next_dagrun for example_external_task_marker_parent to None, run_after=None
[2026-05-01T13:45:30.035+0000] {processor.py:183} INFO - Processing /home/airflow/.local/lib/python3.12/site-packages/airflow/example_dags/example_external_task_marker_dag.py took 0.300 seconds
[2026-05-01T13:46:00.576+0000] {processor.py:161} INFO - Started process (PID=429) to work on /home/airflow/.local/lib/python3.12/site-packages/airflow/example_dags/example_external_task_marker_dag.py
[2026-05-01T13:46:00.580+0000] {processor.py:830} INFO - Processing file /home/airflow/.local/lib/python3.12/site-packages/airflow/example_dags/example_external_task_marker_dag.py for tasks to queue
[2026-05-01T13:46:00.585+0000] {logging_mixin.py:188} INFO - [2026-05-01T13:46:00.584+0000] {dagbag.py:545} INFO - Filling up the DagBag from /home/airflow/.local/lib/python3.12/site-packages/airflow/example_dags/example_external_task_marker_dag.py
[2026-05-01T13:46:00.602+0000] {processor.py:840} INFO - DAG(s) 'example_external_task_marker_parent', 'example_external_task_marker_child' retrieved from /home/airflow/.local/lib/python3.12/site-packages/airflow/example_dags/example_external_task_marker_dag.py
[2026-05-01T13:46:00.641+0000] {logging_mixin.py:188} INFO - [2026-05-01T13:46:00.641+0000] {dag.py:3089} INFO - Sync 2 DAGs
[2026-05-01T13:46:00.669+0000] {logging_mixin.py:188} INFO - [2026-05-01T13:46:00.669+0000] {dag.py:3947} INFO - Setting next_dagrun for example_external_task_marker_child to None, run_after=None
[2026-05-01T13:46:00.675+0000] {logging_mixin.py:188} INFO - [2026-05-01T13:46:00.675+0000] {dag.py:3947} INFO - Setting next_dagrun for example_external_task_marker_parent to None, run_after=None
[2026-05-01T13:46:00.700+0000] {processor.py:183} INFO - Processing /home/airflow/.local/lib/python3.12/site-packages/airflow/example_dags/example_external_task_marker_dag.py took 0.141 seconds
[2026-05-01T13:46:31.019+0000] {processor.py:161} INFO - Started process (PID=487) to work on /home/airflow/.local/lib/python3.12/site-packages/airflow/example_dags/example_external_task_marker_dag.py
[2026-05-01T13:46:31.022+0000] {processor.py:830} INFO - Processing file /home/airflow/.local/lib/python3.12/site-packages/airflow/example_dags/example_external_task_marker_dag.py for tasks to queue
[2026-05-01T13:46:31.026+0000] {logging_mixin.py:188} INFO - [2026-05-01T13:46:31.025+0000] {dagbag.py:545} INFO - Filling up the DagBag from /home/airflow/.local/lib/python3.12/site-packages/airflow/example_dags/example_external_task_marker_dag.py
[2026-05-01T13:46:31.036+0000] {processor.py:840} INFO - DAG(s) 'example_external_task_marker_child', 'example_external_task_marker_parent' retrieved from /home/airflow/.local/lib/python3.12/site-packages/airflow/example_dags/example_external_task_marker_dag.py
[2026-05-01T13:46:31.072+0000] {logging_mixin.py:188} INFO - [2026-05-01T13:46:31.072+0000] {dag.py:3089} INFO - Sync 2 DAGs
[2026-05-01T13:46:31.092+0000] {logging_mixin.py:188} INFO - [2026-05-01T13:46:31.092+0000] {dag.py:3947} INFO - Setting next_dagrun for example_external_task_marker_child to None, run_after=None
[2026-05-01T13:46:31.100+0000] {logging_mixin.py:188} INFO - [2026-05-01T13:46:31.100+0000] {dag.py:3947} INFO - Setting next_dagrun for example_external_task_marker_parent to None, run_after=None
[2026-05-01T13:46:31.122+0000] {processor.py:183} INFO - Processing /home/airflow/.local/lib/python3.12/site-packages/airflow/example_dags/example_external_task_marker_dag.py took 0.113 seconds
[2026-05-01T13:47:01.613+0000] {processor.py:161} INFO - Started process (PID=545) to work on /home/airflow/.local/lib/python3.12/site-packages/airflow/example_dags/example_external_task_marker_dag.py
[2026-05-01T13:47:01.616+0000] {processor.py:830} INFO - Processing file /home/airflow/.local/lib/python3.12/site-packages/airflow/example_dags/example_external_task_marker_dag.py for tasks to queue
[2026-05-01T13:47:01.620+0000] {logging_mixin.py:188} INFO - [2026-05-01T13:47:01.620+0000] {dagbag.py:545} INFO - Filling up the DagBag from /home/airflow/.local/lib/python3.12/site-packages/airflow/example_dags/example_external_task_marker_dag.py
[2026-05-01T13:47:01.629+0000] {processor.py:840} INFO - DAG(s) 'example_external_task_marker_child', 'example_external_task_marker_parent' retrieved from /home/airflow/.local/lib/python3.12/site-packages/airflow/example_dags/example_external_task_marker_dag.py
[2026-05-01T13:47:01.661+0000] {logging_mixin.py:188} INFO - [2026-05-01T13:47:01.661+0000] {dag.py:3089} INFO - Sync 2 DAGs
[2026-05-01T13:47:01.686+0000] {logging_mixin.py:188} INFO - [2026-05-01T13:47:01.685+0000] {dag.py:3947} INFO - Setting next_dagrun for example_external_task_marker_child to None, run_after=None
[2026-05-01T13:47:01.692+0000] {logging_mixin.py:188} INFO - [2026-05-01T13:47:01.692+0000] {dag.py:3947} INFO - Setting next_dagrun for example_external_task_marker_parent to None, run_after=None
[2026-05-01T13:47:01.717+0000] {processor.py:183} INFO - Processing /home/airflow/.local/lib/python3.12/site-packages/airflow/example_dags/example_external_task_marker_dag.py took 0.111 seconds
[2026-05-01T13:47:32.917+0000] {processor.py:161} INFO - Started process (PID=603) to work on /home/airflow/.local/lib/python3.12/site-packages/airflow/example_dags/example_external_task_marker_dag.py
[2026-05-01T13:47:32.925+0000] {processor.py:830} INFO - Processing file /home/airflow/.local/lib/python3.12/site-packages/airflow/example_dags/example_external_task_marker_dag.py for tasks to queue
[2026-05-01T13:47:32.944+0000] {logging_mixin.py:188} INFO - [2026-05-01T13:47:32.941+0000] {dagbag.py:545} INFO - Filling up the DagBag from /home/airflow/.local/lib/python3.12/site-packages/airflow/example_dags/example_external_task_marker_dag.py
[2026-05-01T13:47:32.970+0000] {processor.py:840} INFO - DAG(s) 'example_external_task_marker_parent', 'example_external_task_marker_child' retrieved from /home/airflow/.local/lib/python3.12/site-packages/airflow/example_dags/example_external_task_marker_dag.py
[2026-05-01T13:47:33.116+0000] {logging_mixin.py:188} INFO - [2026-05-01T13:47:33.115+0000] {dag.py:3089} INFO - Sync 2 DAGs
[2026-05-01T13:47:33.229+0000] {logging_mixin.py:188} INFO - [2026-05-01T13:47:33.228+0000] {dag.py:3947} INFO - Setting next_dagrun for example_external_task_marker_child to None, run_after=None
[2026-05-01T13:47:33.258+0000] {logging_mixin.py:188} INFO - [2026-05-01T13:47:33.258+0000] {dag.py:3947} INFO - Setting next_dagrun for example_external_task_marker_parent to None, run_after=None
[2026-05-01T13:47:33.341+0000] {processor.py:183} INFO - Processing /home/airflow/.local/lib/python3.12/site-packages/airflow/example_dags/example_external_task_marker_dag.py took 0.460 seconds
[2026-05-01T13:48:04.342+0000] {processor.py:161} INFO - Started process (PID=660) to work on /home/airflow/.local/lib/python3.12/site-packages/airflow/example_dags/example_external_task_marker_dag.py
[2026-05-01T13:48:04.349+0000] {processor.py:830} INFO - Processing file /home/airflow/.local/lib/python3.12/site-packages/airflow/example_dags/example_external_task_marker_dag.py for tasks to queue
[2026-05-01T13:48:04.356+0000] {logging_mixin.py:188} INFO - [2026-05-01T13:48:04.355+0000] {dagbag.py:545} INFO - Filling up the DagBag from /home/airflow/.local/lib/python3.12/site-packages/airflow/example_dags/example_external_task_marker_dag.py
[2026-05-01T13:48:04.388+0000] {processor.py:840} INFO - DAG(s) 'example_external_task_marker_child', 'example_external_task_marker_parent' retrieved from /home/airflow/.local/lib/python3.12/site-packages/airflow/example_dags/example_external_task_marker_dag.py
[2026-05-01T13:48:04.500+0000] {logging_mixin.py:188} INFO - [2026-05-01T13:48:04.500+0000] {dag.py:3089} INFO - Sync 2 DAGs
[2026-05-01T13:48:04.578+0000] {logging_mixin.py:188} INFO - [2026-05-01T13:48:04.577+0000] {dag.py:3947} INFO - Setting next_dagrun for example_external_task_marker_child to None, run_after=None
[2026-05-01T13:48:04.591+0000] {logging_mixin.py:188} INFO - [2026-05-01T13:48:04.591+0000] {dag.py:3947} INFO - Setting next_dagrun for example_external_task_marker_parent to None, run_after=None
[2026-05-01T13:48:04.657+0000] {processor.py:183} INFO - Processing /home/airflow/.local/lib/python3.12/site-packages/airflow/example_dags/example_external_task_marker_dag.py took 0.337 seconds
[2026-05-01T13:48:34.919+0000] {processor.py:161} INFO - Started process (PID=719) to work on /home/airflow/.local/lib/python3.12/site-packages/airflow/example_dags/example_external_task_marker_dag.py
[2026-05-01T13:48:34.921+0000] {processor.py:830} INFO - Processing file /home/airflow/.local/lib/python3.12/site-packages/airflow/example_dags/example_external_task_marker_dag.py for tasks to queue
[2026-05-01T13:48:34.925+0000] {logging_mixin.py:188} INFO - [2026-05-01T13:48:34.925+0000] {dagbag.py:545} INFO - Filling up the DagBag from /home/airflow/.local/lib/python3.12/site-packages/airflow/example_dags/example_external_task_marker_dag.py
[2026-05-01T13:48:34.939+0000] {processor.py:840} INFO - DAG(s) 'example_external_task_marker_child', 'example_external_task_marker_parent' retrieved from /home/airflow/.local/lib/python3.12/site-packages/airflow/example_dags/example_external_task_marker_dag.py
[2026-05-01T13:48:34.990+0000] {logging_mixin.py:188} INFO - [2026-05-01T13:48:34.989+0000] {dag.py:3089} INFO - Sync 2 DAGs
[2026-05-01T13:48:35.012+0000] {logging_mixin.py:188} INFO - [2026-05-01T13:48:35.012+0000] {dag.py:3947} INFO - Setting next_dagrun for example_external_task_marker_child to None, run_after=None
[2026-05-01T13:48:35.021+0000] {logging_mixin.py:188} INFO - [2026-05-01T13:48:35.021+0000] {dag.py:3947} INFO - Setting next_dagrun for example_external_task_marker_parent to None, run_after=None
[2026-05-01T13:48:35.054+0000] {processor.py:183} INFO - Processing /home/airflow/.local/lib/python3.12/site-packages/airflow/example_dags/example_external_task_marker_dag.py took 0.149 seconds
[2026-05-01T13:49:05.790+0000] {processor.py:161} INFO - Started process (PID=778) to work on /home/airflow/.local/lib/python3.12/site-packages/airflow/example_dags/example_external_task_marker_dag.py
[2026-05-01T13:49:05.793+0000] {processor.py:830} INFO - Processing file /home/airflow/.local/lib/python3.12/site-packages/airflow/example_dags/example_external_task_marker_dag.py for tasks to queue
[2026-05-01T13:49:05.800+0000] {logging_mixin.py:188} INFO - [2026-05-01T13:49:05.798+0000] {dagbag.py:545} INFO - Filling up the DagBag from /home/airflow/.local/lib/python3.12/site-packages/airflow/example_dags/example_external_task_marker_dag.py
[2026-05-01T13:49:05.812+0000] {processor.py:840} INFO - DAG(s) 'example_external_task_marker_child', 'example_external_task_marker_parent' retrieved from /home/airflow/.local/lib/python3.12/site-packages/airflow/example_dags/example_external_task_marker_dag.py
[2026-05-01T13:49:05.856+0000] {logging_mixin.py:188} INFO - [2026-05-01T13:49:05.855+0000] {dag.py:3089} INFO - Sync 2 DAGs
[2026-05-01T13:49:05.882+0000] {logging_mixin.py:188} INFO - [2026-05-01T13:49:05.882+0000] {dag.py:3947} INFO - Setting next_dagrun for example_external_task_marker_child to None, run_after=None
[2026-05-01T13:49:05.892+0000] {logging_mixin.py:188} INFO - [2026-05-01T13:49:05.891+0000] {dag.py:3947} INFO - Setting next_dagrun for example_external_task_marker_parent to None, run_after=None
[2026-05-01T13:49:05.931+0000] {processor.py:183} INFO - Processing /home/airflow/.local/lib/python3.12/site-packages/airflow/example_dags/example_external_task_marker_dag.py took 0.154 seconds
[2026-05-01T13:49:37.653+0000] {processor.py:161} INFO - Started process (PID=837) to work on /home/airflow/.local/lib/python3.12/site-packages/airflow/example_dags/example_external_task_marker_dag.py
[2026-05-01T13:49:37.656+0000] {processor.py:830} INFO - Processing file /home/airflow/.local/lib/python3.12/site-packages/airflow/example_dags/example_external_task_marker_dag.py for tasks to queue
[2026-05-01T13:49:37.668+0000] {logging_mixin.py:188} INFO - [2026-05-01T13:49:37.662+0000] {dagbag.py:545} INFO - Filling up the DagBag from /home/airflow/.local/lib/python3.12/site-packages/airflow/example_dags/example_external_task_marker_dag.py
[2026-05-01T13:49:37.683+0000] {processor.py:840} INFO - DAG(s) 'example_external_task_marker_child', 'example_external_task_marker_parent' retrieved from /home/airflow/.local/lib/python3.12/site-packages/airflow/example_dags/example_external_task_marker_dag.py
[2026-05-01T13:49:37.723+0000] {logging_mixin.py:188} INFO - [2026-05-01T13:49:37.722+0000] {dag.py:3089} INFO - Sync 2 DAGs
[2026-05-01T13:49:37.746+0000] {logging_mixin.py:188} INFO - [2026-05-01T13:49:37.745+0000] {dag.py:3947} INFO - Setting next_dagrun for example_external_task_marker_child to None, run_after=None
[2026-05-01T13:49:37.756+0000] {logging_mixin.py:188} INFO - [2026-05-01T13:49:37.756+0000] {dag.py:3947} INFO - Setting next_dagrun for example_external_task_marker_parent to None, run_after=None
[2026-05-01T13:49:37.781+0000] {processor.py:183} INFO - Processing /home/airflow/.local/lib/python3.12/site-packages/airflow/example_dags/example_external_task_marker_dag.py took 0.141 seconds
[2026-05-01T13:50:10.369+0000] {processor.py:161} INFO - Started process (PID=897) to work on /home/airflow/.local/lib/python3.12/site-packages/airflow/example_dags/example_external_task_marker_dag.py
[2026-05-01T13:50:10.373+0000] {processor.py:830} INFO - Processing file /home/airflow/.local/lib/python3.12/site-packages/airflow/example_dags/example_external_task_marker_dag.py for tasks to queue
[2026-05-01T13:50:10.382+0000] {logging_mixin.py:188} INFO - [2026-05-01T13:50:10.381+0000] {dagbag.py:545} INFO - Filling up the DagBag from /home/airflow/.local/lib/python3.12/site-packages/airflow/example_dags/example_external_task_marker_dag.py
[2026-05-01T13:50:10.396+0000] {processor.py:840} INFO - DAG(s) 'example_external_task_marker_child', 'example_external_task_marker_parent' retrieved from /home/airflow/.local/lib/python3.12/site-packages/airflow/example_dags/example_external_task_marker_dag.py
[2026-05-01T13:50:10.474+0000] {logging_mixin.py:188} INFO - [2026-05-01T13:50:10.474+0000] {dag.py:3089} INFO - Sync 2 DAGs
[2026-05-01T13:50:10.510+0000] {logging_mixin.py:188} INFO - [2026-05-01T13:50:10.510+0000] {dag.py:3947} INFO - Setting next_dagrun for example_external_task_marker_child to None, run_after=None
[2026-05-01T13:50:10.521+0000] {logging_mixin.py:188} INFO - [2026-05-01T13:50:10.520+0000] {dag.py:3947} INFO - Setting next_dagrun for example_external_task_marker_parent to None, run_after=None
[2026-05-01T13:50:10.590+0000] {processor.py:183} INFO - Processing /home/airflow/.local/lib/python3.12/site-packages/airflow/example_dags/example_external_task_marker_dag.py took 0.233 seconds
[2026-05-01T13:50:40.703+0000] {processor.py:161} INFO - Started process (PID=954) to work on /home/airflow/.local/lib/python3.12/site-packages/airflow/example_dags/example_external_task_marker_dag.py
[2026-05-01T13:50:40.706+0000] {processor.py:830} INFO - Processing file /home/airflow/.local/lib/python3.12/site-packages/airflow/example_dags/example_external_task_marker_dag.py for tasks to queue
[2026-05-01T13:50:40.711+0000] {logging_mixin.py:188} INFO - [2026-05-01T13:50:40.711+0000] {dagbag.py:545} INFO - Filling up the DagBag from /home/airflow/.local/lib/python3.12/site-packages/airflow/example_dags/example_external_task_marker_dag.py
[2026-05-01T13:50:40.723+0000] {processor.py:840} INFO - DAG(s) 'example_external_task_marker_parent', 'example_external_task_marker_child' retrieved from /home/airflow/.local/lib/python3.12/site-packages/airflow/example_dags/example_external_task_marker_dag.py
[2026-05-01T13:50:40.763+0000] {logging_mixin.py:188} INFO - [2026-05-01T13:50:40.762+0000] {dag.py:3089} INFO - Sync 2 DAGs
[2026-05-01T13:50:40.787+0000] {logging_mixin.py:188} INFO - [2026-05-01T13:50:40.786+0000] {dag.py:3947} INFO - Setting next_dagrun for example_external_task_marker_child to None, run_after=None
[2026-05-01T13:50:40.793+0000] {logging_mixin.py:188} INFO - [2026-05-01T13:50:40.793+0000] {dag.py:3947} INFO - Setting next_dagrun for example_external_task_marker_parent to None, run_after=None
[2026-05-01T13:50:40.815+0000] {processor.py:183} INFO - Processing /home/airflow/.local/lib/python3.12/site-packages/airflow/example_dags/example_external_task_marker_dag.py took 0.123 seconds
[2026-05-01T13:51:12.832+0000] {processor.py:161} INFO - Started process (PID=1012) to work on /home/airflow/.local/lib/python3.12/site-packages/airflow/example_dags/example_external_task_marker_dag.py
[2026-05-01T13:51:12.835+0000] {processor.py:830} INFO - Processing file /home/airflow/.local/lib/python3.12/site-packages/airflow/example_dags/example_external_task_marker_dag.py for tasks to queue
[2026-05-01T13:51:12.842+0000] {logging_mixin.py:188} INFO - [2026-05-01T13:51:12.840+0000] {dagbag.py:545} INFO - Filling up the DagBag from /home/airflow/.local/lib/python3.12/site-packages/airflow/example_dags/example_external_task_marker_dag.py
[2026-05-01T13:51:12.857+0000] {processor.py:840} INFO - DAG(s) 'example_external_task_marker_child', 'example_external_task_marker_parent' retrieved from /home/airflow/.local/lib/python3.12/site-packages/airflow/example_dags/example_external_task_marker_dag.py
[2026-05-01T13:51:12.935+0000] {logging_mixin.py:188} INFO - [2026-05-01T13:51:12.934+0000] {dag.py:3089} INFO - Sync 2 DAGs
[2026-05-01T13:51:13.123+0000] {logging_mixin.py:188} INFO - [2026-05-01T13:51:13.122+0000] {dag.py:3947} INFO - Setting next_dagrun for example_external_task_marker_child to None, run_after=None
[2026-05-01T13:51:13.157+0000] {logging_mixin.py:188} INFO - [2026-05-01T13:51:13.157+0000] {dag.py:3947} INFO - Setting next_dagrun for example_external_task_marker_parent to None, run_after=None
[2026-05-01T13:51:13.274+0000] {processor.py:183} INFO - Processing /home/airflow/.local/lib/python3.12/site-packages/airflow/example_dags/example_external_task_marker_dag.py took 0.460 seconds
[2026-05-01T13:51:44.139+0000] {processor.py:161} INFO - Started process (PID=1071) to work on /home/airflow/.local/lib/python3.12/site-packages/airflow/example_dags/example_external_task_marker_dag.py
[2026-05-01T13:51:44.143+0000] {processor.py:830} INFO - Processing file /home/airflow/.local/lib/python3.12/site-packages/airflow/example_dags/example_external_task_marker_dag.py for tasks to queue
[2026-05-01T13:51:44.152+0000] {logging_mixin.py:188} INFO - [2026-05-01T13:51:44.151+0000] {dagbag.py:545} INFO - Filling up the DagBag from /home/airflow/.local/lib/python3.12/site-packages/airflow/example_dags/example_external_task_marker_dag.py
[2026-05-01T13:51:44.169+0000] {processor.py:840} INFO - DAG(s) 'example_external_task_marker_parent', 'example_external_task_marker_child' retrieved from /home/airflow/.local/lib/python3.12/site-packages/airflow/example_dags/example_external_task_marker_dag.py
[2026-05-01T13:51:44.211+0000] {logging_mixin.py:188} INFO - [2026-05-01T13:51:44.211+0000] {dag.py:3089} INFO - Sync 2 DAGs
[2026-05-01T13:51:44.234+0000] {logging_mixin.py:188} INFO - [2026-05-01T13:51:44.234+0000] {dag.py:3947} INFO - Setting next_dagrun for example_external_task_marker_child to None, run_after=None
[2026-05-01T13:51:44.242+0000] {logging_mixin.py:188} INFO - [2026-05-01T13:51:44.242+0000] {dag.py:3947} INFO - Setting next_dagrun for example_external_task_marker_parent to None, run_after=None
[2026-05-01T13:51:44.274+0000] {processor.py:183} INFO - Processing /home/airflow/.local/lib/python3.12/site-packages/airflow/example_dags/example_external_task_marker_dag.py took 0.143 seconds
[2026-05-01T13:52:15.095+0000] {processor.py:161} INFO - Started process (PID=1128) to work on /home/airflow/.local/lib/python3.12/site-packages/airflow/example_dags/example_external_task_marker_dag.py
[2026-05-01T13:52:15.105+0000] {processor.py:830} INFO - Processing file /home/airflow/.local/lib/python3.12/site-packages/airflow/example_dags/example_external_task_marker_dag.py for tasks to queue
[2026-05-01T13:52:15.140+0000] {logging_mixin.py:188} INFO - [2026-05-01T13:52:15.139+0000] {dagbag.py:545} INFO - Filling up the DagBag from /home/airflow/.local/lib/python3.12/site-packages/airflow/example_dags/example_external_task_marker_dag.py
[2026-05-01T13:52:15.153+0000] {processor.py:840} INFO - DAG(s) 'example_external_task_marker_parent', 'example_external_task_marker_child' retrieved from /home/airflow/.local/lib/python3.12/site-packages/airflow/example_dags/example_external_task_marker_dag.py
[2026-05-01T13:52:15.575+0000] {logging_mixin.py:188} INFO - [2026-05-01T13:52:15.574+0000] {dag.py:3089} INFO - Sync 2 DAGs
[2026-05-01T13:52:15.722+0000] {logging_mixin.py:188} INFO - [2026-05-01T13:52:15.722+0000] {dag.py:3947} INFO - Setting next_dagrun for example_external_task_marker_child to None, run_after=None
[2026-05-01T13:52:15.748+0000] {logging_mixin.py:188} INFO - [2026-05-01T13:52:15.747+0000] {dag.py:3947} INFO - Setting next_dagrun for example_external_task_marker_parent to None, run_after=None
[2026-05-01T13:52:15.880+0000] {processor.py:183} INFO - Processing /home/airflow/.local/lib/python3.12/site-packages/airflow/example_dags/example_external_task_marker_dag.py took 0.826 seconds
[2026-05-01T13:52:46.573+0000] {processor.py:161} INFO - Started process (PID=1187) to work on /home/airflow/.local/lib/python3.12/site-packages/airflow/example_dags/example_external_task_marker_dag.py
[2026-05-01T13:52:46.575+0000] {processor.py:830} INFO - Processing file /home/airflow/.local/lib/python3.12/site-packages/airflow/example_dags/example_external_task_marker_dag.py for tasks to queue
[2026-05-01T13:52:46.581+0000] {logging_mixin.py:188} INFO - [2026-05-01T13:52:46.580+0000] {dagbag.py:545} INFO - Filling up the DagBag from /home/airflow/.local/lib/python3.12/site-packages/airflow/example_dags/example_external_task_marker_dag.py
[2026-05-01T13:52:46.593+0000] {processor.py:840} INFO - DAG(s) 'example_external_task_marker_parent', 'example_external_task_marker_child' retrieved from /home/airflow/.local/lib/python3.12/site-packages/airflow/example_dags/example_external_task_marker_dag.py
[2026-05-01T13:52:46.651+0000] {logging_mixin.py:188} INFO - [2026-05-01T13:52:46.651+0000] {dag.py:3089} INFO - Sync 2 DAGs
[2026-05-01T13:52:46.677+0000] {logging_mixin.py:188} INFO - [2026-05-01T13:52:46.676+0000] {dag.py:3947} INFO - Setting next_dagrun for example_external_task_marker_child to None, run_after=None
[2026-05-01T13:52:46.691+0000] {logging_mixin.py:188} INFO - [2026-05-01T13:52:46.687+0000] {dag.py:3947} INFO - Setting next_dagrun for example_external_task_marker_parent to None, run_after=None
[2026-05-01T13:52:46.734+0000] {processor.py:183} INFO - Processing /home/airflow/.local/lib/python3.12/site-packages/airflow/example_dags/example_external_task_marker_dag.py took 0.180 seconds
[2026-05-01T13:53:16.986+0000] {processor.py:161} INFO - Started process (PID=1245) to work on /home/airflow/.local/lib/python3.12/site-packages/airflow/example_dags/example_external_task_marker_dag.py
[2026-05-01T13:53:16.992+0000] {processor.py:830} INFO - Processing file /home/airflow/.local/lib/python3.12/site-packages/airflow/example_dags/example_external_task_marker_dag.py for tasks to queue
[2026-05-01T13:53:17.003+0000] {logging_mixin.py:188} INFO - [2026-05-01T13:53:17.001+0000] {dagbag.py:545} INFO - Filling up the DagBag from /home/airflow/.local/lib/python3.12/site-packages/airflow/example_dags/example_external_task_marker_dag.py
[2026-05-01T13:53:17.027+0000] {processor.py:840} INFO - DAG(s) 'example_external_task_marker_parent', 'example_external_task_marker_child' retrieved from /home/airflow/.local/lib/python3.12/site-packages/airflow/example_dags/example_external_task_marker_dag.py
[2026-05-01T13:53:17.160+0000] {logging_mixin.py:188} INFO - [2026-05-01T13:53:17.159+0000] {dag.py:3089} INFO - Sync 2 DAGs
[2026-05-01T13:53:17.205+0000] {logging_mixin.py:188} INFO - [2026-05-01T13:53:17.204+0000] {dag.py:3947} INFO - Setting next_dagrun for example_external_task_marker_child to None, run_after=None
[2026-05-01T13:53:17.220+0000] {logging_mixin.py:188} INFO - [2026-05-01T13:53:17.220+0000] {dag.py:3947} INFO - Setting next_dagrun for example_external_task_marker_parent to None, run_after=None
[2026-05-01T13:53:17.277+0000] {processor.py:183} INFO - Processing /home/airflow/.local/lib/python3.12/site-packages/airflow/example_dags/example_external_task_marker_dag.py took 0.320 seconds
