[2026-05-01T13:25:00.736+0000] {processor.py:161} INFO - Started process (PID=96) to work on /home/airflow/.local/lib/python3.12/site-packages/airflow/example_dags/example_short_circuit_operator.py
[2026-05-01T13:25:00.749+0000] {processor.py:830} INFO - Processing file /home/airflow/.local/lib/python3.12/site-packages/airflow/example_dags/example_short_circuit_operator.py for tasks to queue
[2026-05-01T13:25:00.761+0000] {logging_mixin.py:188} INFO - [2026-05-01T13:25:00.759+0000] {dagbag.py:545} INFO - Filling up the DagBag from /home/airflow/.local/lib/python3.12/site-packages/airflow/example_dags/example_short_circuit_operator.py
[2026-05-01T13:25:00.810+0000] {processor.py:840} INFO - DAG(s) 'example_short_circuit_operator' retrieved from /home/airflow/.local/lib/python3.12/site-packages/airflow/example_dags/example_short_circuit_operator.py
[2026-05-01T13:25:00.864+0000] {logging_mixin.py:188} INFO - [2026-05-01T13:25:00.863+0000] {dag.py:3089} INFO - Sync 1 DAGs
[2026-05-01T13:25:00.963+0000] {logging_mixin.py:188} INFO - [2026-05-01T13:25:00.963+0000] {dag.py:3111} INFO - Creating ORM DAG for example_short_circuit_operator
[2026-05-01T13:25:01.034+0000] {logging_mixin.py:188} INFO - [2026-05-01T13:25:01.026+0000] {dag.py:3947} INFO - Setting next_dagrun for example_short_circuit_operator to 2026-04-30 00:00:00+00:00, run_after=2026-05-01 00:00:00+00:00
[2026-05-01T13:25:01.230+0000] {processor.py:183} INFO - Processing /home/airflow/.local/lib/python3.12/site-packages/airflow/example_dags/example_short_circuit_operator.py took 0.524 seconds
[2026-05-01T13:25:37.806+0000] {processor.py:161} INFO - Started process (PID=153) to work on /home/airflow/.local/lib/python3.12/site-packages/airflow/example_dags/example_short_circuit_operator.py
[2026-05-01T13:25:37.811+0000] {processor.py:830} INFO - Processing file /home/airflow/.local/lib/python3.12/site-packages/airflow/example_dags/example_short_circuit_operator.py for tasks to queue
[2026-05-01T13:25:37.825+0000] {logging_mixin.py:188} INFO - [2026-05-01T13:25:37.822+0000] {dagbag.py:545} INFO - Filling up the DagBag from /home/airflow/.local/lib/python3.12/site-packages/airflow/example_dags/example_short_circuit_operator.py
[2026-05-01T13:25:37.849+0000] {processor.py:840} INFO - DAG(s) 'example_short_circuit_operator' retrieved from /home/airflow/.local/lib/python3.12/site-packages/airflow/example_dags/example_short_circuit_operator.py
[2026-05-01T13:25:38.286+0000] {logging_mixin.py:188} INFO - [2026-05-01T13:25:38.286+0000] {dag.py:3089} INFO - Sync 1 DAGs
[2026-05-01T13:25:38.342+0000] {logging_mixin.py:188} INFO - [2026-05-01T13:25:38.341+0000] {dag.py:3947} INFO - Setting next_dagrun for example_short_circuit_operator to 2026-04-30 00:00:00+00:00, run_after=2026-05-01 00:00:00+00:00
[2026-05-01T13:25:38.393+0000] {processor.py:183} INFO - Processing /home/airflow/.local/lib/python3.12/site-packages/airflow/example_dags/example_short_circuit_operator.py took 0.606 seconds
[2026-05-01T13:26:09.364+0000] {processor.py:161} INFO - Started process (PID=212) to work on /home/airflow/.local/lib/python3.12/site-packages/airflow/example_dags/example_short_circuit_operator.py
[2026-05-01T13:26:09.367+0000] {processor.py:830} INFO - Processing file /home/airflow/.local/lib/python3.12/site-packages/airflow/example_dags/example_short_circuit_operator.py for tasks to queue
[2026-05-01T13:26:09.373+0000] {logging_mixin.py:188} INFO - [2026-05-01T13:26:09.372+0000] {dagbag.py:545} INFO - Filling up the DagBag from /home/airflow/.local/lib/python3.12/site-packages/airflow/example_dags/example_short_circuit_operator.py
[2026-05-01T13:26:09.388+0000] {processor.py:840} INFO - DAG(s) 'example_short_circuit_operator' retrieved from /home/airflow/.local/lib/python3.12/site-packages/airflow/example_dags/example_short_circuit_operator.py
[2026-05-01T13:26:09.430+0000] {logging_mixin.py:188} INFO - [2026-05-01T13:26:09.430+0000] {dag.py:3089} INFO - Sync 1 DAGs
[2026-05-01T13:26:09.465+0000] {logging_mixin.py:188} INFO - [2026-05-01T13:26:09.464+0000] {dag.py:3947} INFO - Setting next_dagrun for example_short_circuit_operator to 2026-04-30 00:00:00+00:00, run_after=2026-05-01 00:00:00+00:00
[2026-05-01T13:26:09.494+0000] {processor.py:183} INFO - Processing /home/airflow/.local/lib/python3.12/site-packages/airflow/example_dags/example_short_circuit_operator.py took 0.141 seconds
[2026-05-01T13:26:40.573+0000] {processor.py:161} INFO - Started process (PID=270) to work on /home/airflow/.local/lib/python3.12/site-packages/airflow/example_dags/example_short_circuit_operator.py
[2026-05-01T13:26:40.582+0000] {processor.py:830} INFO - Processing file /home/airflow/.local/lib/python3.12/site-packages/airflow/example_dags/example_short_circuit_operator.py for tasks to queue
[2026-05-01T13:26:40.594+0000] {logging_mixin.py:188} INFO - [2026-05-01T13:26:40.592+0000] {dagbag.py:545} INFO - Filling up the DagBag from /home/airflow/.local/lib/python3.12/site-packages/airflow/example_dags/example_short_circuit_operator.py
[2026-05-01T13:26:40.655+0000] {processor.py:840} INFO - DAG(s) 'example_short_circuit_operator' retrieved from /home/airflow/.local/lib/python3.12/site-packages/airflow/example_dags/example_short_circuit_operator.py
[2026-05-01T13:26:40.750+0000] {logging_mixin.py:188} INFO - [2026-05-01T13:26:40.750+0000] {dag.py:3089} INFO - Sync 1 DAGs
[2026-05-01T13:26:40.859+0000] {logging_mixin.py:188} INFO - [2026-05-01T13:26:40.859+0000] {dag.py:3947} INFO - Setting next_dagrun for example_short_circuit_operator to 2026-04-30 00:00:00+00:00, run_after=2026-05-01 00:00:00+00:00
[2026-05-01T13:26:40.933+0000] {processor.py:183} INFO - Processing /home/airflow/.local/lib/python3.12/site-packages/airflow/example_dags/example_short_circuit_operator.py took 0.390 seconds
[2026-05-01T13:27:11.236+0000] {processor.py:161} INFO - Started process (PID=327) to work on /home/airflow/.local/lib/python3.12/site-packages/airflow/example_dags/example_short_circuit_operator.py
[2026-05-01T13:27:11.239+0000] {processor.py:830} INFO - Processing file /home/airflow/.local/lib/python3.12/site-packages/airflow/example_dags/example_short_circuit_operator.py for tasks to queue
[2026-05-01T13:27:11.244+0000] {logging_mixin.py:188} INFO - [2026-05-01T13:27:11.244+0000] {dagbag.py:545} INFO - Filling up the DagBag from /home/airflow/.local/lib/python3.12/site-packages/airflow/example_dags/example_short_circuit_operator.py
[2026-05-01T13:27:11.259+0000] {processor.py:840} INFO - DAG(s) 'example_short_circuit_operator' retrieved from /home/airflow/.local/lib/python3.12/site-packages/airflow/example_dags/example_short_circuit_operator.py
[2026-05-01T13:27:11.305+0000] {logging_mixin.py:188} INFO - [2026-05-01T13:27:11.304+0000] {dag.py:3089} INFO - Sync 1 DAGs
[2026-05-01T13:27:11.341+0000] {logging_mixin.py:188} INFO - [2026-05-01T13:27:11.341+0000] {dag.py:3947} INFO - Setting next_dagrun for example_short_circuit_operator to 2026-04-30 00:00:00+00:00, run_after=2026-05-01 00:00:00+00:00
[2026-05-01T13:27:11.376+0000] {processor.py:183} INFO - Processing /home/airflow/.local/lib/python3.12/site-packages/airflow/example_dags/example_short_circuit_operator.py took 0.150 seconds
[2026-05-01T13:27:41.507+0000] {processor.py:161} INFO - Started process (PID=385) to work on /home/airflow/.local/lib/python3.12/site-packages/airflow/example_dags/example_short_circuit_operator.py
[2026-05-01T13:27:41.510+0000] {processor.py:830} INFO - Processing file /home/airflow/.local/lib/python3.12/site-packages/airflow/example_dags/example_short_circuit_operator.py for tasks to queue
[2026-05-01T13:27:41.514+0000] {logging_mixin.py:188} INFO - [2026-05-01T13:27:41.513+0000] {dagbag.py:545} INFO - Filling up the DagBag from /home/airflow/.local/lib/python3.12/site-packages/airflow/example_dags/example_short_circuit_operator.py
[2026-05-01T13:27:41.527+0000] {processor.py:840} INFO - DAG(s) 'example_short_circuit_operator' retrieved from /home/airflow/.local/lib/python3.12/site-packages/airflow/example_dags/example_short_circuit_operator.py
[2026-05-01T13:27:41.557+0000] {logging_mixin.py:188} INFO - [2026-05-01T13:27:41.557+0000] {dag.py:3089} INFO - Sync 1 DAGs
[2026-05-01T13:27:41.608+0000] {logging_mixin.py:188} INFO - [2026-05-01T13:27:41.607+0000] {dag.py:3947} INFO - Setting next_dagrun for example_short_circuit_operator to 2026-04-30 00:00:00+00:00, run_after=2026-05-01 00:00:00+00:00
[2026-05-01T13:27:41.657+0000] {processor.py:183} INFO - Processing /home/airflow/.local/lib/python3.12/site-packages/airflow/example_dags/example_short_circuit_operator.py took 0.162 seconds
[2026-05-01T13:28:12.595+0000] {processor.py:161} INFO - Started process (PID=444) to work on /home/airflow/.local/lib/python3.12/site-packages/airflow/example_dags/example_short_circuit_operator.py
[2026-05-01T13:28:12.598+0000] {processor.py:830} INFO - Processing file /home/airflow/.local/lib/python3.12/site-packages/airflow/example_dags/example_short_circuit_operator.py for tasks to queue
[2026-05-01T13:28:12.603+0000] {logging_mixin.py:188} INFO - [2026-05-01T13:28:12.602+0000] {dagbag.py:545} INFO - Filling up the DagBag from /home/airflow/.local/lib/python3.12/site-packages/airflow/example_dags/example_short_circuit_operator.py
[2026-05-01T13:28:12.617+0000] {processor.py:840} INFO - DAG(s) 'example_short_circuit_operator' retrieved from /home/airflow/.local/lib/python3.12/site-packages/airflow/example_dags/example_short_circuit_operator.py
[2026-05-01T13:28:12.658+0000] {logging_mixin.py:188} INFO - [2026-05-01T13:28:12.657+0000] {dag.py:3089} INFO - Sync 1 DAGs
[2026-05-01T13:28:12.692+0000] {logging_mixin.py:188} INFO - [2026-05-01T13:28:12.691+0000] {dag.py:3947} INFO - Setting next_dagrun for example_short_circuit_operator to 2026-04-30 00:00:00+00:00, run_after=2026-05-01 00:00:00+00:00
[2026-05-01T13:28:12.722+0000] {processor.py:183} INFO - Processing /home/airflow/.local/lib/python3.12/site-packages/airflow/example_dags/example_short_circuit_operator.py took 0.140 seconds
[2026-05-01T13:28:43.408+0000] {processor.py:161} INFO - Started process (PID=502) to work on /home/airflow/.local/lib/python3.12/site-packages/airflow/example_dags/example_short_circuit_operator.py
[2026-05-01T13:28:43.410+0000] {processor.py:830} INFO - Processing file /home/airflow/.local/lib/python3.12/site-packages/airflow/example_dags/example_short_circuit_operator.py for tasks to queue
[2026-05-01T13:28:43.415+0000] {logging_mixin.py:188} INFO - [2026-05-01T13:28:43.414+0000] {dagbag.py:545} INFO - Filling up the DagBag from /home/airflow/.local/lib/python3.12/site-packages/airflow/example_dags/example_short_circuit_operator.py
[2026-05-01T13:28:43.434+0000] {processor.py:840} INFO - DAG(s) 'example_short_circuit_operator' retrieved from /home/airflow/.local/lib/python3.12/site-packages/airflow/example_dags/example_short_circuit_operator.py
[2026-05-01T13:28:43.489+0000] {logging_mixin.py:188} INFO - [2026-05-01T13:28:43.489+0000] {dag.py:3089} INFO - Sync 1 DAGs
[2026-05-01T13:28:43.558+0000] {logging_mixin.py:188} INFO - [2026-05-01T13:28:43.558+0000] {dag.py:3947} INFO - Setting next_dagrun for example_short_circuit_operator to 2026-04-30 00:00:00+00:00, run_after=2026-05-01 00:00:00+00:00
[2026-05-01T13:28:43.616+0000] {processor.py:183} INFO - Processing /home/airflow/.local/lib/python3.12/site-packages/airflow/example_dags/example_short_circuit_operator.py took 0.218 seconds
[2026-05-01T13:29:15.042+0000] {processor.py:161} INFO - Started process (PID=566) to work on /home/airflow/.local/lib/python3.12/site-packages/airflow/example_dags/example_short_circuit_operator.py
[2026-05-01T13:29:15.045+0000] {processor.py:830} INFO - Processing file /home/airflow/.local/lib/python3.12/site-packages/airflow/example_dags/example_short_circuit_operator.py for tasks to queue
[2026-05-01T13:29:15.052+0000] {logging_mixin.py:188} INFO - [2026-05-01T13:29:15.051+0000] {dagbag.py:545} INFO - Filling up the DagBag from /home/airflow/.local/lib/python3.12/site-packages/airflow/example_dags/example_short_circuit_operator.py
[2026-05-01T13:29:15.068+0000] {processor.py:840} INFO - DAG(s) 'example_short_circuit_operator' retrieved from /home/airflow/.local/lib/python3.12/site-packages/airflow/example_dags/example_short_circuit_operator.py
[2026-05-01T13:29:15.116+0000] {logging_mixin.py:188} INFO - [2026-05-01T13:29:15.115+0000] {dag.py:3089} INFO - Sync 1 DAGs
[2026-05-01T13:29:15.151+0000] {logging_mixin.py:188} INFO - [2026-05-01T13:29:15.151+0000] {dag.py:3947} INFO - Setting next_dagrun for example_short_circuit_operator to 2026-04-30 00:00:00+00:00, run_after=2026-05-01 00:00:00+00:00
[2026-05-01T13:29:15.188+0000] {processor.py:183} INFO - Processing /home/airflow/.local/lib/python3.12/site-packages/airflow/example_dags/example_short_circuit_operator.py took 0.269 seconds
[2026-05-01T13:29:46.611+0000] {processor.py:161} INFO - Started process (PID=627) to work on /home/airflow/.local/lib/python3.12/site-packages/airflow/example_dags/example_short_circuit_operator.py
[2026-05-01T13:29:46.613+0000] {processor.py:830} INFO - Processing file /home/airflow/.local/lib/python3.12/site-packages/airflow/example_dags/example_short_circuit_operator.py for tasks to queue
[2026-05-01T13:29:46.619+0000] {logging_mixin.py:188} INFO - [2026-05-01T13:29:46.618+0000] {dagbag.py:545} INFO - Filling up the DagBag from /home/airflow/.local/lib/python3.12/site-packages/airflow/example_dags/example_short_circuit_operator.py
[2026-05-01T13:29:46.634+0000] {processor.py:840} INFO - DAG(s) 'example_short_circuit_operator' retrieved from /home/airflow/.local/lib/python3.12/site-packages/airflow/example_dags/example_short_circuit_operator.py
[2026-05-01T13:29:46.670+0000] {logging_mixin.py:188} INFO - [2026-05-01T13:29:46.670+0000] {dag.py:3089} INFO - Sync 1 DAGs
[2026-05-01T13:29:46.709+0000] {logging_mixin.py:188} INFO - [2026-05-01T13:29:46.708+0000] {dag.py:3947} INFO - Setting next_dagrun for example_short_circuit_operator to 2026-04-30 00:00:00+00:00, run_after=2026-05-01 00:00:00+00:00
[2026-05-01T13:29:46.742+0000] {processor.py:183} INFO - Processing /home/airflow/.local/lib/python3.12/site-packages/airflow/example_dags/example_short_circuit_operator.py took 0.140 seconds
[2026-05-01T13:30:16.964+0000] {processor.py:161} INFO - Started process (PID=685) to work on /home/airflow/.local/lib/python3.12/site-packages/airflow/example_dags/example_short_circuit_operator.py
[2026-05-01T13:30:16.967+0000] {processor.py:830} INFO - Processing file /home/airflow/.local/lib/python3.12/site-packages/airflow/example_dags/example_short_circuit_operator.py for tasks to queue
[2026-05-01T13:30:16.973+0000] {logging_mixin.py:188} INFO - [2026-05-01T13:30:16.972+0000] {dagbag.py:545} INFO - Filling up the DagBag from /home/airflow/.local/lib/python3.12/site-packages/airflow/example_dags/example_short_circuit_operator.py
[2026-05-01T13:30:16.988+0000] {processor.py:840} INFO - DAG(s) 'example_short_circuit_operator' retrieved from /home/airflow/.local/lib/python3.12/site-packages/airflow/example_dags/example_short_circuit_operator.py
[2026-05-01T13:30:17.047+0000] {logging_mixin.py:188} INFO - [2026-05-01T13:30:17.046+0000] {dag.py:3089} INFO - Sync 1 DAGs
[2026-05-01T13:30:17.086+0000] {logging_mixin.py:188} INFO - [2026-05-01T13:30:17.085+0000] {dag.py:3947} INFO - Setting next_dagrun for example_short_circuit_operator to 2026-04-30 00:00:00+00:00, run_after=2026-05-01 00:00:00+00:00
[2026-05-01T13:30:17.110+0000] {processor.py:183} INFO - Processing /home/airflow/.local/lib/python3.12/site-packages/airflow/example_dags/example_short_circuit_operator.py took 0.155 seconds
[2026-05-01T13:30:48.640+0000] {processor.py:161} INFO - Started process (PID=743) to work on /home/airflow/.local/lib/python3.12/site-packages/airflow/example_dags/example_short_circuit_operator.py
[2026-05-01T13:30:48.644+0000] {processor.py:830} INFO - Processing file /home/airflow/.local/lib/python3.12/site-packages/airflow/example_dags/example_short_circuit_operator.py for tasks to queue
[2026-05-01T13:30:48.660+0000] {logging_mixin.py:188} INFO - [2026-05-01T13:30:48.656+0000] {dagbag.py:545} INFO - Filling up the DagBag from /home/airflow/.local/lib/python3.12/site-packages/airflow/example_dags/example_short_circuit_operator.py
[2026-05-01T13:30:48.708+0000] {processor.py:840} INFO - DAG(s) 'example_short_circuit_operator' retrieved from /home/airflow/.local/lib/python3.12/site-packages/airflow/example_dags/example_short_circuit_operator.py
[2026-05-01T13:30:48.812+0000] {logging_mixin.py:188} INFO - [2026-05-01T13:30:48.811+0000] {dag.py:3089} INFO - Sync 1 DAGs
[2026-05-01T13:30:48.878+0000] {logging_mixin.py:188} INFO - [2026-05-01T13:30:48.878+0000] {dag.py:3947} INFO - Setting next_dagrun for example_short_circuit_operator to 2026-04-30 00:00:00+00:00, run_after=2026-05-01 00:00:00+00:00
[2026-05-01T13:30:48.943+0000] {processor.py:183} INFO - Processing /home/airflow/.local/lib/python3.12/site-packages/airflow/example_dags/example_short_circuit_operator.py took 0.353 seconds
[2026-05-01T13:31:19.800+0000] {processor.py:161} INFO - Started process (PID=801) to work on /home/airflow/.local/lib/python3.12/site-packages/airflow/example_dags/example_short_circuit_operator.py
[2026-05-01T13:31:19.809+0000] {processor.py:830} INFO - Processing file /home/airflow/.local/lib/python3.12/site-packages/airflow/example_dags/example_short_circuit_operator.py for tasks to queue
[2026-05-01T13:31:19.821+0000] {logging_mixin.py:188} INFO - [2026-05-01T13:31:19.821+0000] {dagbag.py:545} INFO - Filling up the DagBag from /home/airflow/.local/lib/python3.12/site-packages/airflow/example_dags/example_short_circuit_operator.py
[2026-05-01T13:31:19.852+0000] {processor.py:840} INFO - DAG(s) 'example_short_circuit_operator' retrieved from /home/airflow/.local/lib/python3.12/site-packages/airflow/example_dags/example_short_circuit_operator.py
[2026-05-01T13:31:20.005+0000] {logging_mixin.py:188} INFO - [2026-05-01T13:31:20.004+0000] {dag.py:3089} INFO - Sync 1 DAGs
[2026-05-01T13:31:20.164+0000] {logging_mixin.py:188} INFO - [2026-05-01T13:31:20.164+0000] {dag.py:3947} INFO - Setting next_dagrun for example_short_circuit_operator to 2026-04-30 00:00:00+00:00, run_after=2026-05-01 00:00:00+00:00
[2026-05-01T13:31:20.246+0000] {processor.py:183} INFO - Processing /home/airflow/.local/lib/python3.12/site-packages/airflow/example_dags/example_short_circuit_operator.py took 0.472 seconds
[2026-05-01T13:31:51.032+0000] {processor.py:161} INFO - Started process (PID=860) to work on /home/airflow/.local/lib/python3.12/site-packages/airflow/example_dags/example_short_circuit_operator.py
[2026-05-01T13:31:51.035+0000] {processor.py:830} INFO - Processing file /home/airflow/.local/lib/python3.12/site-packages/airflow/example_dags/example_short_circuit_operator.py for tasks to queue
[2026-05-01T13:31:51.041+0000] {logging_mixin.py:188} INFO - [2026-05-01T13:31:51.040+0000] {dagbag.py:545} INFO - Filling up the DagBag from /home/airflow/.local/lib/python3.12/site-packages/airflow/example_dags/example_short_circuit_operator.py
[2026-05-01T13:31:51.056+0000] {processor.py:840} INFO - DAG(s) 'example_short_circuit_operator' retrieved from /home/airflow/.local/lib/python3.12/site-packages/airflow/example_dags/example_short_circuit_operator.py
[2026-05-01T13:31:51.099+0000] {logging_mixin.py:188} INFO - [2026-05-01T13:31:51.099+0000] {dag.py:3089} INFO - Sync 1 DAGs
[2026-05-01T13:31:51.148+0000] {logging_mixin.py:188} INFO - [2026-05-01T13:31:51.148+0000] {dag.py:3947} INFO - Setting next_dagrun for example_short_circuit_operator to 2026-04-30 00:00:00+00:00, run_after=2026-05-01 00:00:00+00:00
[2026-05-01T13:31:51.206+0000] {processor.py:183} INFO - Processing /home/airflow/.local/lib/python3.12/site-packages/airflow/example_dags/example_short_circuit_operator.py took 0.229 seconds
[2026-05-01T13:32:21.933+0000] {processor.py:161} INFO - Started process (PID=918) to work on /home/airflow/.local/lib/python3.12/site-packages/airflow/example_dags/example_short_circuit_operator.py
[2026-05-01T13:32:21.939+0000] {processor.py:830} INFO - Processing file /home/airflow/.local/lib/python3.12/site-packages/airflow/example_dags/example_short_circuit_operator.py for tasks to queue
[2026-05-01T13:32:21.953+0000] {logging_mixin.py:188} INFO - [2026-05-01T13:32:21.952+0000] {dagbag.py:545} INFO - Filling up the DagBag from /home/airflow/.local/lib/python3.12/site-packages/airflow/example_dags/example_short_circuit_operator.py
[2026-05-01T13:32:21.999+0000] {processor.py:840} INFO - DAG(s) 'example_short_circuit_operator' retrieved from /home/airflow/.local/lib/python3.12/site-packages/airflow/example_dags/example_short_circuit_operator.py
[2026-05-01T13:32:22.064+0000] {logging_mixin.py:188} INFO - [2026-05-01T13:32:22.063+0000] {dag.py:3089} INFO - Sync 1 DAGs
[2026-05-01T13:32:22.115+0000] {logging_mixin.py:188} INFO - [2026-05-01T13:32:22.115+0000] {dag.py:3947} INFO - Setting next_dagrun for example_short_circuit_operator to 2026-04-30 00:00:00+00:00, run_after=2026-05-01 00:00:00+00:00
[2026-05-01T13:32:22.155+0000] {processor.py:183} INFO - Processing /home/airflow/.local/lib/python3.12/site-packages/airflow/example_dags/example_short_circuit_operator.py took 0.253 seconds
[2026-05-01T13:32:53.052+0000] {processor.py:161} INFO - Started process (PID=976) to work on /home/airflow/.local/lib/python3.12/site-packages/airflow/example_dags/example_short_circuit_operator.py
[2026-05-01T13:32:53.055+0000] {processor.py:830} INFO - Processing file /home/airflow/.local/lib/python3.12/site-packages/airflow/example_dags/example_short_circuit_operator.py for tasks to queue
[2026-05-01T13:32:53.067+0000] {logging_mixin.py:188} INFO - [2026-05-01T13:32:53.060+0000] {dagbag.py:545} INFO - Filling up the DagBag from /home/airflow/.local/lib/python3.12/site-packages/airflow/example_dags/example_short_circuit_operator.py
[2026-05-01T13:32:53.084+0000] {processor.py:840} INFO - DAG(s) 'example_short_circuit_operator' retrieved from /home/airflow/.local/lib/python3.12/site-packages/airflow/example_dags/example_short_circuit_operator.py
[2026-05-01T13:32:53.132+0000] {logging_mixin.py:188} INFO - [2026-05-01T13:32:53.131+0000] {dag.py:3089} INFO - Sync 1 DAGs
[2026-05-01T13:32:53.177+0000] {logging_mixin.py:188} INFO - [2026-05-01T13:32:53.176+0000] {dag.py:3947} INFO - Setting next_dagrun for example_short_circuit_operator to 2026-04-30 00:00:00+00:00, run_after=2026-05-01 00:00:00+00:00
[2026-05-01T13:32:53.214+0000] {processor.py:183} INFO - Processing /home/airflow/.local/lib/python3.12/site-packages/airflow/example_dags/example_short_circuit_operator.py took 0.178 seconds
[2026-05-01T13:33:24.159+0000] {processor.py:161} INFO - Started process (PID=1036) to work on /home/airflow/.local/lib/python3.12/site-packages/airflow/example_dags/example_short_circuit_operator.py
[2026-05-01T13:33:24.162+0000] {processor.py:830} INFO - Processing file /home/airflow/.local/lib/python3.12/site-packages/airflow/example_dags/example_short_circuit_operator.py for tasks to queue
[2026-05-01T13:33:24.167+0000] {logging_mixin.py:188} INFO - [2026-05-01T13:33:24.167+0000] {dagbag.py:545} INFO - Filling up the DagBag from /home/airflow/.local/lib/python3.12/site-packages/airflow/example_dags/example_short_circuit_operator.py
[2026-05-01T13:33:24.183+0000] {processor.py:840} INFO - DAG(s) 'example_short_circuit_operator' retrieved from /home/airflow/.local/lib/python3.12/site-packages/airflow/example_dags/example_short_circuit_operator.py
[2026-05-01T13:33:24.234+0000] {logging_mixin.py:188} INFO - [2026-05-01T13:33:24.233+0000] {dag.py:3089} INFO - Sync 1 DAGs
[2026-05-01T13:33:24.304+0000] {logging_mixin.py:188} INFO - [2026-05-01T13:33:24.304+0000] {dag.py:3947} INFO - Setting next_dagrun for example_short_circuit_operator to 2026-04-30 00:00:00+00:00, run_after=2026-05-01 00:00:00+00:00
[2026-05-01T13:33:24.339+0000] {processor.py:183} INFO - Processing /home/airflow/.local/lib/python3.12/site-packages/airflow/example_dags/example_short_circuit_operator.py took 0.191 seconds
[2026-05-01T13:33:55.408+0000] {processor.py:161} INFO - Started process (PID=1094) to work on /home/airflow/.local/lib/python3.12/site-packages/airflow/example_dags/example_short_circuit_operator.py
[2026-05-01T13:33:55.411+0000] {processor.py:830} INFO - Processing file /home/airflow/.local/lib/python3.12/site-packages/airflow/example_dags/example_short_circuit_operator.py for tasks to queue
[2026-05-01T13:33:55.418+0000] {logging_mixin.py:188} INFO - [2026-05-01T13:33:55.417+0000] {dagbag.py:545} INFO - Filling up the DagBag from /home/airflow/.local/lib/python3.12/site-packages/airflow/example_dags/example_short_circuit_operator.py
[2026-05-01T13:33:55.435+0000] {processor.py:840} INFO - DAG(s) 'example_short_circuit_operator' retrieved from /home/airflow/.local/lib/python3.12/site-packages/airflow/example_dags/example_short_circuit_operator.py
[2026-05-01T13:33:55.492+0000] {logging_mixin.py:188} INFO - [2026-05-01T13:33:55.492+0000] {dag.py:3089} INFO - Sync 1 DAGs
[2026-05-01T13:33:55.527+0000] {logging_mixin.py:188} INFO - [2026-05-01T13:33:55.526+0000] {dag.py:3947} INFO - Setting next_dagrun for example_short_circuit_operator to 2026-04-30 00:00:00+00:00, run_after=2026-05-01 00:00:00+00:00
[2026-05-01T13:33:55.597+0000] {processor.py:183} INFO - Processing /home/airflow/.local/lib/python3.12/site-packages/airflow/example_dags/example_short_circuit_operator.py took 0.200 seconds
[2026-05-01T13:34:26.657+0000] {processor.py:161} INFO - Started process (PID=1152) to work on /home/airflow/.local/lib/python3.12/site-packages/airflow/example_dags/example_short_circuit_operator.py
[2026-05-01T13:34:26.661+0000] {processor.py:830} INFO - Processing file /home/airflow/.local/lib/python3.12/site-packages/airflow/example_dags/example_short_circuit_operator.py for tasks to queue
[2026-05-01T13:34:26.670+0000] {logging_mixin.py:188} INFO - [2026-05-01T13:34:26.669+0000] {dagbag.py:545} INFO - Filling up the DagBag from /home/airflow/.local/lib/python3.12/site-packages/airflow/example_dags/example_short_circuit_operator.py
[2026-05-01T13:34:26.706+0000] {processor.py:840} INFO - DAG(s) 'example_short_circuit_operator' retrieved from /home/airflow/.local/lib/python3.12/site-packages/airflow/example_dags/example_short_circuit_operator.py
[2026-05-01T13:34:26.895+0000] {logging_mixin.py:188} INFO - [2026-05-01T13:34:26.895+0000] {dag.py:3089} INFO - Sync 1 DAGs
[2026-05-01T13:34:27.012+0000] {logging_mixin.py:188} INFO - [2026-05-01T13:34:27.012+0000] {dag.py:3947} INFO - Setting next_dagrun for example_short_circuit_operator to 2026-04-30 00:00:00+00:00, run_after=2026-05-01 00:00:00+00:00
[2026-05-01T13:34:27.058+0000] {processor.py:183} INFO - Processing /home/airflow/.local/lib/python3.12/site-packages/airflow/example_dags/example_short_circuit_operator.py took 0.415 seconds
[2026-05-01T13:34:58.086+0000] {processor.py:161} INFO - Started process (PID=1209) to work on /home/airflow/.local/lib/python3.12/site-packages/airflow/example_dags/example_short_circuit_operator.py
[2026-05-01T13:34:58.090+0000] {processor.py:830} INFO - Processing file /home/airflow/.local/lib/python3.12/site-packages/airflow/example_dags/example_short_circuit_operator.py for tasks to queue
[2026-05-01T13:34:58.096+0000] {logging_mixin.py:188} INFO - [2026-05-01T13:34:58.095+0000] {dagbag.py:545} INFO - Filling up the DagBag from /home/airflow/.local/lib/python3.12/site-packages/airflow/example_dags/example_short_circuit_operator.py
[2026-05-01T13:34:58.114+0000] {processor.py:840} INFO - DAG(s) 'example_short_circuit_operator' retrieved from /home/airflow/.local/lib/python3.12/site-packages/airflow/example_dags/example_short_circuit_operator.py
[2026-05-01T13:34:58.155+0000] {logging_mixin.py:188} INFO - [2026-05-01T13:34:58.155+0000] {dag.py:3089} INFO - Sync 1 DAGs
[2026-05-01T13:34:58.271+0000] {logging_mixin.py:188} INFO - [2026-05-01T13:34:58.270+0000] {dag.py:3947} INFO - Setting next_dagrun for example_short_circuit_operator to 2026-04-30 00:00:00+00:00, run_after=2026-05-01 00:00:00+00:00
[2026-05-01T13:34:58.333+0000] {processor.py:183} INFO - Processing /home/airflow/.local/lib/python3.12/site-packages/airflow/example_dags/example_short_circuit_operator.py took 0.270 seconds
[2026-05-01T13:35:28.512+0000] {processor.py:161} INFO - Started process (PID=1267) to work on /home/airflow/.local/lib/python3.12/site-packages/airflow/example_dags/example_short_circuit_operator.py
[2026-05-01T13:35:28.520+0000] {processor.py:830} INFO - Processing file /home/airflow/.local/lib/python3.12/site-packages/airflow/example_dags/example_short_circuit_operator.py for tasks to queue
[2026-05-01T13:35:28.525+0000] {logging_mixin.py:188} INFO - [2026-05-01T13:35:28.524+0000] {dagbag.py:545} INFO - Filling up the DagBag from /home/airflow/.local/lib/python3.12/site-packages/airflow/example_dags/example_short_circuit_operator.py
[2026-05-01T13:35:28.540+0000] {processor.py:840} INFO - DAG(s) 'example_short_circuit_operator' retrieved from /home/airflow/.local/lib/python3.12/site-packages/airflow/example_dags/example_short_circuit_operator.py
[2026-05-01T13:35:28.576+0000] {logging_mixin.py:188} INFO - [2026-05-01T13:35:28.576+0000] {dag.py:3089} INFO - Sync 1 DAGs
[2026-05-01T13:35:28.610+0000] {logging_mixin.py:188} INFO - [2026-05-01T13:35:28.609+0000] {dag.py:3947} INFO - Setting next_dagrun for example_short_circuit_operator to 2026-04-30 00:00:00+00:00, run_after=2026-05-01 00:00:00+00:00
[2026-05-01T13:35:28.639+0000] {processor.py:183} INFO - Processing /home/airflow/.local/lib/python3.12/site-packages/airflow/example_dags/example_short_circuit_operator.py took 0.137 seconds
[2026-05-01T13:35:59.056+0000] {processor.py:161} INFO - Started process (PID=1325) to work on /home/airflow/.local/lib/python3.12/site-packages/airflow/example_dags/example_short_circuit_operator.py
[2026-05-01T13:35:59.059+0000] {processor.py:830} INFO - Processing file /home/airflow/.local/lib/python3.12/site-packages/airflow/example_dags/example_short_circuit_operator.py for tasks to queue
[2026-05-01T13:35:59.070+0000] {logging_mixin.py:188} INFO - [2026-05-01T13:35:59.068+0000] {dagbag.py:545} INFO - Filling up the DagBag from /home/airflow/.local/lib/python3.12/site-packages/airflow/example_dags/example_short_circuit_operator.py
[2026-05-01T13:35:59.111+0000] {processor.py:840} INFO - DAG(s) 'example_short_circuit_operator' retrieved from /home/airflow/.local/lib/python3.12/site-packages/airflow/example_dags/example_short_circuit_operator.py
[2026-05-01T13:35:59.166+0000] {logging_mixin.py:188} INFO - [2026-05-01T13:35:59.166+0000] {dag.py:3089} INFO - Sync 1 DAGs
[2026-05-01T13:35:59.197+0000] {logging_mixin.py:188} INFO - [2026-05-01T13:35:59.197+0000] {dag.py:3947} INFO - Setting next_dagrun for example_short_circuit_operator to 2026-04-30 00:00:00+00:00, run_after=2026-05-01 00:00:00+00:00
[2026-05-01T13:35:59.223+0000] {processor.py:183} INFO - Processing /home/airflow/.local/lib/python3.12/site-packages/airflow/example_dags/example_short_circuit_operator.py took 0.195 seconds
[2026-05-01T13:36:29.628+0000] {processor.py:161} INFO - Started process (PID=1383) to work on /home/airflow/.local/lib/python3.12/site-packages/airflow/example_dags/example_short_circuit_operator.py
[2026-05-01T13:36:29.633+0000] {processor.py:830} INFO - Processing file /home/airflow/.local/lib/python3.12/site-packages/airflow/example_dags/example_short_circuit_operator.py for tasks to queue
[2026-05-01T13:36:29.644+0000] {logging_mixin.py:188} INFO - [2026-05-01T13:36:29.643+0000] {dagbag.py:545} INFO - Filling up the DagBag from /home/airflow/.local/lib/python3.12/site-packages/airflow/example_dags/example_short_circuit_operator.py
[2026-05-01T13:36:29.680+0000] {processor.py:840} INFO - DAG(s) 'example_short_circuit_operator' retrieved from /home/airflow/.local/lib/python3.12/site-packages/airflow/example_dags/example_short_circuit_operator.py
[2026-05-01T13:36:29.756+0000] {logging_mixin.py:188} INFO - [2026-05-01T13:36:29.755+0000] {dag.py:3089} INFO - Sync 1 DAGs
[2026-05-01T13:36:29.813+0000] {logging_mixin.py:188} INFO - [2026-05-01T13:36:29.813+0000] {dag.py:3947} INFO - Setting next_dagrun for example_short_circuit_operator to 2026-04-30 00:00:00+00:00, run_after=2026-05-01 00:00:00+00:00
[2026-05-01T13:36:29.892+0000] {processor.py:183} INFO - Processing /home/airflow/.local/lib/python3.12/site-packages/airflow/example_dags/example_short_circuit_operator.py took 0.282 seconds
[2026-05-01T13:37:00.187+0000] {processor.py:161} INFO - Started process (PID=1440) to work on /home/airflow/.local/lib/python3.12/site-packages/airflow/example_dags/example_short_circuit_operator.py
[2026-05-01T13:37:00.191+0000] {processor.py:830} INFO - Processing file /home/airflow/.local/lib/python3.12/site-packages/airflow/example_dags/example_short_circuit_operator.py for tasks to queue
[2026-05-01T13:37:00.198+0000] {logging_mixin.py:188} INFO - [2026-05-01T13:37:00.197+0000] {dagbag.py:545} INFO - Filling up the DagBag from /home/airflow/.local/lib/python3.12/site-packages/airflow/example_dags/example_short_circuit_operator.py
[2026-05-01T13:37:00.237+0000] {processor.py:840} INFO - DAG(s) 'example_short_circuit_operator' retrieved from /home/airflow/.local/lib/python3.12/site-packages/airflow/example_dags/example_short_circuit_operator.py
[2026-05-01T13:37:00.301+0000] {logging_mixin.py:188} INFO - [2026-05-01T13:37:00.300+0000] {dag.py:3089} INFO - Sync 1 DAGs
[2026-05-01T13:37:00.337+0000] {logging_mixin.py:188} INFO - [2026-05-01T13:37:00.337+0000] {dag.py:3947} INFO - Setting next_dagrun for example_short_circuit_operator to 2026-04-30 00:00:00+00:00, run_after=2026-05-01 00:00:00+00:00
[2026-05-01T13:37:00.370+0000] {processor.py:183} INFO - Processing /home/airflow/.local/lib/python3.12/site-packages/airflow/example_dags/example_short_circuit_operator.py took 0.193 seconds
[2026-05-01T13:37:30.660+0000] {processor.py:161} INFO - Started process (PID=1497) to work on /home/airflow/.local/lib/python3.12/site-packages/airflow/example_dags/example_short_circuit_operator.py
[2026-05-01T13:37:30.663+0000] {processor.py:830} INFO - Processing file /home/airflow/.local/lib/python3.12/site-packages/airflow/example_dags/example_short_circuit_operator.py for tasks to queue
[2026-05-01T13:37:30.672+0000] {logging_mixin.py:188} INFO - [2026-05-01T13:37:30.669+0000] {dagbag.py:545} INFO - Filling up the DagBag from /home/airflow/.local/lib/python3.12/site-packages/airflow/example_dags/example_short_circuit_operator.py
[2026-05-01T13:37:30.687+0000] {processor.py:840} INFO - DAG(s) 'example_short_circuit_operator' retrieved from /home/airflow/.local/lib/python3.12/site-packages/airflow/example_dags/example_short_circuit_operator.py
[2026-05-01T13:37:30.726+0000] {logging_mixin.py:188} INFO - [2026-05-01T13:37:30.726+0000] {dag.py:3089} INFO - Sync 1 DAGs
[2026-05-01T13:37:30.807+0000] {logging_mixin.py:188} INFO - [2026-05-01T13:37:30.807+0000] {dag.py:3947} INFO - Setting next_dagrun for example_short_circuit_operator to 2026-04-30 00:00:00+00:00, run_after=2026-05-01 00:00:00+00:00
[2026-05-01T13:37:30.877+0000] {processor.py:183} INFO - Processing /home/airflow/.local/lib/python3.12/site-packages/airflow/example_dags/example_short_circuit_operator.py took 0.225 seconds
[2026-05-01T13:38:02.066+0000] {processor.py:161} INFO - Started process (PID=1555) to work on /home/airflow/.local/lib/python3.12/site-packages/airflow/example_dags/example_short_circuit_operator.py
[2026-05-01T13:38:02.074+0000] {processor.py:830} INFO - Processing file /home/airflow/.local/lib/python3.12/site-packages/airflow/example_dags/example_short_circuit_operator.py for tasks to queue
[2026-05-01T13:38:02.086+0000] {logging_mixin.py:188} INFO - [2026-05-01T13:38:02.085+0000] {dagbag.py:545} INFO - Filling up the DagBag from /home/airflow/.local/lib/python3.12/site-packages/airflow/example_dags/example_short_circuit_operator.py
[2026-05-01T13:38:02.140+0000] {processor.py:840} INFO - DAG(s) 'example_short_circuit_operator' retrieved from /home/airflow/.local/lib/python3.12/site-packages/airflow/example_dags/example_short_circuit_operator.py
[2026-05-01T13:38:02.205+0000] {logging_mixin.py:188} INFO - [2026-05-01T13:38:02.204+0000] {dag.py:3089} INFO - Sync 1 DAGs
[2026-05-01T13:38:02.253+0000] {logging_mixin.py:188} INFO - [2026-05-01T13:38:02.253+0000] {dag.py:3947} INFO - Setting next_dagrun for example_short_circuit_operator to 2026-04-30 00:00:00+00:00, run_after=2026-05-01 00:00:00+00:00
[2026-05-01T13:38:02.514+0000] {processor.py:183} INFO - Processing /home/airflow/.local/lib/python3.12/site-packages/airflow/example_dags/example_short_circuit_operator.py took 0.468 seconds
[2026-05-01T13:38:33.354+0000] {processor.py:161} INFO - Started process (PID=1613) to work on /home/airflow/.local/lib/python3.12/site-packages/airflow/example_dags/example_short_circuit_operator.py
[2026-05-01T13:38:33.362+0000] {processor.py:830} INFO - Processing file /home/airflow/.local/lib/python3.12/site-packages/airflow/example_dags/example_short_circuit_operator.py for tasks to queue
[2026-05-01T13:38:33.370+0000] {logging_mixin.py:188} INFO - [2026-05-01T13:38:33.369+0000] {dagbag.py:545} INFO - Filling up the DagBag from /home/airflow/.local/lib/python3.12/site-packages/airflow/example_dags/example_short_circuit_operator.py
[2026-05-01T13:38:33.386+0000] {processor.py:840} INFO - DAG(s) 'example_short_circuit_operator' retrieved from /home/airflow/.local/lib/python3.12/site-packages/airflow/example_dags/example_short_circuit_operator.py
[2026-05-01T13:38:33.440+0000] {logging_mixin.py:188} INFO - [2026-05-01T13:38:33.439+0000] {dag.py:3089} INFO - Sync 1 DAGs
[2026-05-01T13:38:33.502+0000] {logging_mixin.py:188} INFO - [2026-05-01T13:38:33.502+0000] {dag.py:3947} INFO - Setting next_dagrun for example_short_circuit_operator to 2026-04-30 00:00:00+00:00, run_after=2026-05-01 00:00:00+00:00
[2026-05-01T13:38:33.537+0000] {processor.py:183} INFO - Processing /home/airflow/.local/lib/python3.12/site-packages/airflow/example_dags/example_short_circuit_operator.py took 0.200 seconds
[2026-05-01T13:39:03.882+0000] {processor.py:161} INFO - Started process (PID=1671) to work on /home/airflow/.local/lib/python3.12/site-packages/airflow/example_dags/example_short_circuit_operator.py
[2026-05-01T13:39:03.893+0000] {processor.py:830} INFO - Processing file /home/airflow/.local/lib/python3.12/site-packages/airflow/example_dags/example_short_circuit_operator.py for tasks to queue
[2026-05-01T13:39:03.902+0000] {logging_mixin.py:188} INFO - [2026-05-01T13:39:03.901+0000] {dagbag.py:545} INFO - Filling up the DagBag from /home/airflow/.local/lib/python3.12/site-packages/airflow/example_dags/example_short_circuit_operator.py
[2026-05-01T13:39:03.922+0000] {processor.py:840} INFO - DAG(s) 'example_short_circuit_operator' retrieved from /home/airflow/.local/lib/python3.12/site-packages/airflow/example_dags/example_short_circuit_operator.py
[2026-05-01T13:39:03.978+0000] {logging_mixin.py:188} INFO - [2026-05-01T13:39:03.978+0000] {dag.py:3089} INFO - Sync 1 DAGs
[2026-05-01T13:39:04.040+0000] {logging_mixin.py:188} INFO - [2026-05-01T13:39:04.040+0000] {dag.py:3947} INFO - Setting next_dagrun for example_short_circuit_operator to 2026-04-30 00:00:00+00:00, run_after=2026-05-01 00:00:00+00:00
[2026-05-01T13:39:04.086+0000] {processor.py:183} INFO - Processing /home/airflow/.local/lib/python3.12/site-packages/airflow/example_dags/example_short_circuit_operator.py took 0.221 seconds
[2026-05-01T13:39:34.597+0000] {processor.py:161} INFO - Started process (PID=1729) to work on /home/airflow/.local/lib/python3.12/site-packages/airflow/example_dags/example_short_circuit_operator.py
[2026-05-01T13:39:34.599+0000] {processor.py:830} INFO - Processing file /home/airflow/.local/lib/python3.12/site-packages/airflow/example_dags/example_short_circuit_operator.py for tasks to queue
[2026-05-01T13:39:34.603+0000] {logging_mixin.py:188} INFO - [2026-05-01T13:39:34.602+0000] {dagbag.py:545} INFO - Filling up the DagBag from /home/airflow/.local/lib/python3.12/site-packages/airflow/example_dags/example_short_circuit_operator.py
[2026-05-01T13:39:34.615+0000] {processor.py:840} INFO - DAG(s) 'example_short_circuit_operator' retrieved from /home/airflow/.local/lib/python3.12/site-packages/airflow/example_dags/example_short_circuit_operator.py
[2026-05-01T13:39:34.650+0000] {logging_mixin.py:188} INFO - [2026-05-01T13:39:34.649+0000] {dag.py:3089} INFO - Sync 1 DAGs
[2026-05-01T13:39:34.680+0000] {logging_mixin.py:188} INFO - [2026-05-01T13:39:34.680+0000] {dag.py:3947} INFO - Setting next_dagrun for example_short_circuit_operator to 2026-04-30 00:00:00+00:00, run_after=2026-05-01 00:00:00+00:00
[2026-05-01T13:39:34.710+0000] {processor.py:183} INFO - Processing /home/airflow/.local/lib/python3.12/site-packages/airflow/example_dags/example_short_circuit_operator.py took 0.122 seconds
[2026-05-01T13:40:05.525+0000] {processor.py:161} INFO - Started process (PID=1787) to work on /home/airflow/.local/lib/python3.12/site-packages/airflow/example_dags/example_short_circuit_operator.py
[2026-05-01T13:40:05.528+0000] {processor.py:830} INFO - Processing file /home/airflow/.local/lib/python3.12/site-packages/airflow/example_dags/example_short_circuit_operator.py for tasks to queue
[2026-05-01T13:40:05.533+0000] {logging_mixin.py:188} INFO - [2026-05-01T13:40:05.532+0000] {dagbag.py:545} INFO - Filling up the DagBag from /home/airflow/.local/lib/python3.12/site-packages/airflow/example_dags/example_short_circuit_operator.py
[2026-05-01T13:40:05.744+0000] {processor.py:840} INFO - DAG(s) 'example_short_circuit_operator' retrieved from /home/airflow/.local/lib/python3.12/site-packages/airflow/example_dags/example_short_circuit_operator.py
[2026-05-01T13:40:05.779+0000] {logging_mixin.py:188} INFO - [2026-05-01T13:40:05.779+0000] {dag.py:3089} INFO - Sync 1 DAGs
[2026-05-01T13:40:05.820+0000] {logging_mixin.py:188} INFO - [2026-05-01T13:40:05.819+0000] {dag.py:3947} INFO - Setting next_dagrun for example_short_circuit_operator to 2026-04-30 00:00:00+00:00, run_after=2026-05-01 00:00:00+00:00
[2026-05-01T13:40:05.857+0000] {processor.py:183} INFO - Processing /home/airflow/.local/lib/python3.12/site-packages/airflow/example_dags/example_short_circuit_operator.py took 0.342 seconds
[2026-05-01T13:42:50.890+0000] {processor.py:161} INFO - Started process (PID=86) to work on /home/airflow/.local/lib/python3.12/site-packages/airflow/example_dags/example_short_circuit_operator.py
[2026-05-01T13:42:50.900+0000] {processor.py:830} INFO - Processing file /home/airflow/.local/lib/python3.12/site-packages/airflow/example_dags/example_short_circuit_operator.py for tasks to queue
[2026-05-01T13:42:50.910+0000] {logging_mixin.py:188} INFO - [2026-05-01T13:42:50.907+0000] {dagbag.py:545} INFO - Filling up the DagBag from /home/airflow/.local/lib/python3.12/site-packages/airflow/example_dags/example_short_circuit_operator.py
[2026-05-01T13:42:50.934+0000] {processor.py:840} INFO - DAG(s) 'example_short_circuit_operator' retrieved from /home/airflow/.local/lib/python3.12/site-packages/airflow/example_dags/example_short_circuit_operator.py
[2026-05-01T13:42:51.295+0000] {logging_mixin.py:188} INFO - [2026-05-01T13:42:51.295+0000] {dag.py:3089} INFO - Sync 1 DAGs
[2026-05-01T13:42:51.338+0000] {logging_mixin.py:188} INFO - [2026-05-01T13:42:51.337+0000] {dag.py:3947} INFO - Setting next_dagrun for example_short_circuit_operator to 2026-04-30 00:00:00+00:00, run_after=2026-05-01 00:00:00+00:00
[2026-05-01T13:42:51.378+0000] {processor.py:183} INFO - Processing /home/airflow/.local/lib/python3.12/site-packages/airflow/example_dags/example_short_circuit_operator.py took 0.515 seconds
[2026-05-01T13:43:28.819+0000] {processor.py:161} INFO - Started process (PID=156) to work on /home/airflow/.local/lib/python3.12/site-packages/airflow/example_dags/example_short_circuit_operator.py
[2026-05-01T13:43:28.822+0000] {processor.py:830} INFO - Processing file /home/airflow/.local/lib/python3.12/site-packages/airflow/example_dags/example_short_circuit_operator.py for tasks to queue
[2026-05-01T13:43:28.829+0000] {logging_mixin.py:188} INFO - [2026-05-01T13:43:28.828+0000] {dagbag.py:545} INFO - Filling up the DagBag from /home/airflow/.local/lib/python3.12/site-packages/airflow/example_dags/example_short_circuit_operator.py
[2026-05-01T13:43:28.845+0000] {processor.py:840} INFO - DAG(s) 'example_short_circuit_operator' retrieved from /home/airflow/.local/lib/python3.12/site-packages/airflow/example_dags/example_short_circuit_operator.py
[2026-05-01T13:43:28.894+0000] {logging_mixin.py:188} INFO - [2026-05-01T13:43:28.894+0000] {dag.py:3089} INFO - Sync 1 DAGs
[2026-05-01T13:43:28.942+0000] {logging_mixin.py:188} INFO - [2026-05-01T13:43:28.942+0000] {dag.py:3947} INFO - Setting next_dagrun for example_short_circuit_operator to 2026-04-30 00:00:00+00:00, run_after=2026-05-01 00:00:00+00:00
[2026-05-01T13:43:28.980+0000] {processor.py:183} INFO - Processing /home/airflow/.local/lib/python3.12/site-packages/airflow/example_dags/example_short_circuit_operator.py took 0.172 seconds
[2026-05-01T13:43:59.284+0000] {processor.py:161} INFO - Started process (PID=213) to work on /home/airflow/.local/lib/python3.12/site-packages/airflow/example_dags/example_short_circuit_operator.py
[2026-05-01T13:43:59.288+0000] {processor.py:830} INFO - Processing file /home/airflow/.local/lib/python3.12/site-packages/airflow/example_dags/example_short_circuit_operator.py for tasks to queue
[2026-05-01T13:43:59.294+0000] {logging_mixin.py:188} INFO - [2026-05-01T13:43:59.293+0000] {dagbag.py:545} INFO - Filling up the DagBag from /home/airflow/.local/lib/python3.12/site-packages/airflow/example_dags/example_short_circuit_operator.py
[2026-05-01T13:43:59.315+0000] {processor.py:840} INFO - DAG(s) 'example_short_circuit_operator' retrieved from /home/airflow/.local/lib/python3.12/site-packages/airflow/example_dags/example_short_circuit_operator.py
[2026-05-01T13:43:59.356+0000] {logging_mixin.py:188} INFO - [2026-05-01T13:43:59.356+0000] {dag.py:3089} INFO - Sync 1 DAGs
[2026-05-01T13:43:59.426+0000] {logging_mixin.py:188} INFO - [2026-05-01T13:43:59.425+0000] {dag.py:3947} INFO - Setting next_dagrun for example_short_circuit_operator to 2026-04-30 00:00:00+00:00, run_after=2026-05-01 00:00:00+00:00
[2026-05-01T13:43:59.461+0000] {processor.py:183} INFO - Processing /home/airflow/.local/lib/python3.12/site-packages/airflow/example_dags/example_short_circuit_operator.py took 0.191 seconds
[2026-05-01T13:44:31.244+0000] {processor.py:161} INFO - Started process (PID=270) to work on /home/airflow/.local/lib/python3.12/site-packages/airflow/example_dags/example_short_circuit_operator.py
[2026-05-01T13:44:31.249+0000] {processor.py:830} INFO - Processing file /home/airflow/.local/lib/python3.12/site-packages/airflow/example_dags/example_short_circuit_operator.py for tasks to queue
[2026-05-01T13:44:31.261+0000] {logging_mixin.py:188} INFO - [2026-05-01T13:44:31.260+0000] {dagbag.py:545} INFO - Filling up the DagBag from /home/airflow/.local/lib/python3.12/site-packages/airflow/example_dags/example_short_circuit_operator.py
[2026-05-01T13:44:31.278+0000] {processor.py:840} INFO - DAG(s) 'example_short_circuit_operator' retrieved from /home/airflow/.local/lib/python3.12/site-packages/airflow/example_dags/example_short_circuit_operator.py
[2026-05-01T13:44:31.318+0000] {logging_mixin.py:188} INFO - [2026-05-01T13:44:31.317+0000] {dag.py:3089} INFO - Sync 1 DAGs
[2026-05-01T13:44:31.367+0000] {logging_mixin.py:188} INFO - [2026-05-01T13:44:31.367+0000] {dag.py:3947} INFO - Setting next_dagrun for example_short_circuit_operator to 2026-04-30 00:00:00+00:00, run_after=2026-05-01 00:00:00+00:00
[2026-05-01T13:44:31.398+0000] {processor.py:183} INFO - Processing /home/airflow/.local/lib/python3.12/site-packages/airflow/example_dags/example_short_circuit_operator.py took 0.179 seconds
[2026-05-01T13:45:04.469+0000] {processor.py:161} INFO - Started process (PID=329) to work on /home/airflow/.local/lib/python3.12/site-packages/airflow/example_dags/example_short_circuit_operator.py
[2026-05-01T13:45:04.483+0000] {processor.py:830} INFO - Processing file /home/airflow/.local/lib/python3.12/site-packages/airflow/example_dags/example_short_circuit_operator.py for tasks to queue
[2026-05-01T13:45:04.512+0000] {logging_mixin.py:188} INFO - [2026-05-01T13:45:04.505+0000] {dagbag.py:545} INFO - Filling up the DagBag from /home/airflow/.local/lib/python3.12/site-packages/airflow/example_dags/example_short_circuit_operator.py
[2026-05-01T13:45:04.612+0000] {processor.py:840} INFO - DAG(s) 'example_short_circuit_operator' retrieved from /home/airflow/.local/lib/python3.12/site-packages/airflow/example_dags/example_short_circuit_operator.py
[2026-05-01T13:45:04.937+0000] {logging_mixin.py:188} INFO - [2026-05-01T13:45:04.932+0000] {dag.py:3089} INFO - Sync 1 DAGs
[2026-05-01T13:45:05.108+0000] {logging_mixin.py:188} INFO - [2026-05-01T13:45:05.107+0000] {dag.py:3947} INFO - Setting next_dagrun for example_short_circuit_operator to 2026-04-30 00:00:00+00:00, run_after=2026-05-01 00:00:00+00:00
[2026-05-01T13:45:05.275+0000] {processor.py:183} INFO - Processing /home/airflow/.local/lib/python3.12/site-packages/airflow/example_dags/example_short_circuit_operator.py took 0.878 seconds
[2026-05-01T13:45:36.278+0000] {processor.py:161} INFO - Started process (PID=386) to work on /home/airflow/.local/lib/python3.12/site-packages/airflow/example_dags/example_short_circuit_operator.py
[2026-05-01T13:45:36.281+0000] {processor.py:830} INFO - Processing file /home/airflow/.local/lib/python3.12/site-packages/airflow/example_dags/example_short_circuit_operator.py for tasks to queue
[2026-05-01T13:45:36.286+0000] {logging_mixin.py:188} INFO - [2026-05-01T13:45:36.285+0000] {dagbag.py:545} INFO - Filling up the DagBag from /home/airflow/.local/lib/python3.12/site-packages/airflow/example_dags/example_short_circuit_operator.py
[2026-05-01T13:45:36.298+0000] {processor.py:840} INFO - DAG(s) 'example_short_circuit_operator' retrieved from /home/airflow/.local/lib/python3.12/site-packages/airflow/example_dags/example_short_circuit_operator.py
[2026-05-01T13:45:36.333+0000] {logging_mixin.py:188} INFO - [2026-05-01T13:45:36.333+0000] {dag.py:3089} INFO - Sync 1 DAGs
[2026-05-01T13:45:36.369+0000] {logging_mixin.py:188} INFO - [2026-05-01T13:45:36.368+0000] {dag.py:3947} INFO - Setting next_dagrun for example_short_circuit_operator to 2026-04-30 00:00:00+00:00, run_after=2026-05-01 00:00:00+00:00
[2026-05-01T13:45:36.398+0000] {processor.py:183} INFO - Processing /home/airflow/.local/lib/python3.12/site-packages/airflow/example_dags/example_short_circuit_operator.py took 0.128 seconds
[2026-05-01T13:46:06.958+0000] {processor.py:161} INFO - Started process (PID=444) to work on /home/airflow/.local/lib/python3.12/site-packages/airflow/example_dags/example_short_circuit_operator.py
[2026-05-01T13:46:06.962+0000] {processor.py:830} INFO - Processing file /home/airflow/.local/lib/python3.12/site-packages/airflow/example_dags/example_short_circuit_operator.py for tasks to queue
[2026-05-01T13:46:06.969+0000] {logging_mixin.py:188} INFO - [2026-05-01T13:46:06.968+0000] {dagbag.py:545} INFO - Filling up the DagBag from /home/airflow/.local/lib/python3.12/site-packages/airflow/example_dags/example_short_circuit_operator.py
[2026-05-01T13:46:06.984+0000] {processor.py:840} INFO - DAG(s) 'example_short_circuit_operator' retrieved from /home/airflow/.local/lib/python3.12/site-packages/airflow/example_dags/example_short_circuit_operator.py
[2026-05-01T13:46:07.023+0000] {logging_mixin.py:188} INFO - [2026-05-01T13:46:07.023+0000] {dag.py:3089} INFO - Sync 1 DAGs
[2026-05-01T13:46:07.058+0000] {logging_mixin.py:188} INFO - [2026-05-01T13:46:07.058+0000] {dag.py:3947} INFO - Setting next_dagrun for example_short_circuit_operator to 2026-04-30 00:00:00+00:00, run_after=2026-05-01 00:00:00+00:00
[2026-05-01T13:46:07.092+0000] {processor.py:183} INFO - Processing /home/airflow/.local/lib/python3.12/site-packages/airflow/example_dags/example_short_circuit_operator.py took 0.152 seconds
[2026-05-01T13:46:37.495+0000] {processor.py:161} INFO - Started process (PID=502) to work on /home/airflow/.local/lib/python3.12/site-packages/airflow/example_dags/example_short_circuit_operator.py
[2026-05-01T13:46:37.499+0000] {processor.py:830} INFO - Processing file /home/airflow/.local/lib/python3.12/site-packages/airflow/example_dags/example_short_circuit_operator.py for tasks to queue
[2026-05-01T13:46:37.504+0000] {logging_mixin.py:188} INFO - [2026-05-01T13:46:37.504+0000] {dagbag.py:545} INFO - Filling up the DagBag from /home/airflow/.local/lib/python3.12/site-packages/airflow/example_dags/example_short_circuit_operator.py
[2026-05-01T13:46:37.517+0000] {processor.py:840} INFO - DAG(s) 'example_short_circuit_operator' retrieved from /home/airflow/.local/lib/python3.12/site-packages/airflow/example_dags/example_short_circuit_operator.py
[2026-05-01T13:46:37.553+0000] {logging_mixin.py:188} INFO - [2026-05-01T13:46:37.553+0000] {dag.py:3089} INFO - Sync 1 DAGs
[2026-05-01T13:46:37.604+0000] {logging_mixin.py:188} INFO - [2026-05-01T13:46:37.604+0000] {dag.py:3947} INFO - Setting next_dagrun for example_short_circuit_operator to 2026-04-30 00:00:00+00:00, run_after=2026-05-01 00:00:00+00:00
[2026-05-01T13:46:37.634+0000] {processor.py:183} INFO - Processing /home/airflow/.local/lib/python3.12/site-packages/airflow/example_dags/example_short_circuit_operator.py took 0.156 seconds
[2026-05-01T13:47:08.349+0000] {processor.py:161} INFO - Started process (PID=560) to work on /home/airflow/.local/lib/python3.12/site-packages/airflow/example_dags/example_short_circuit_operator.py
[2026-05-01T13:47:08.360+0000] {processor.py:830} INFO - Processing file /home/airflow/.local/lib/python3.12/site-packages/airflow/example_dags/example_short_circuit_operator.py for tasks to queue
[2026-05-01T13:47:08.365+0000] {logging_mixin.py:188} INFO - [2026-05-01T13:47:08.364+0000] {dagbag.py:545} INFO - Filling up the DagBag from /home/airflow/.local/lib/python3.12/site-packages/airflow/example_dags/example_short_circuit_operator.py
[2026-05-01T13:47:08.390+0000] {processor.py:840} INFO - DAG(s) 'example_short_circuit_operator' retrieved from /home/airflow/.local/lib/python3.12/site-packages/airflow/example_dags/example_short_circuit_operator.py
[2026-05-01T13:47:08.438+0000] {logging_mixin.py:188} INFO - [2026-05-01T13:47:08.438+0000] {dag.py:3089} INFO - Sync 1 DAGs
[2026-05-01T13:47:08.483+0000] {logging_mixin.py:188} INFO - [2026-05-01T13:47:08.482+0000] {dag.py:3947} INFO - Setting next_dagrun for example_short_circuit_operator to 2026-04-30 00:00:00+00:00, run_after=2026-05-01 00:00:00+00:00
[2026-05-01T13:47:08.520+0000] {processor.py:183} INFO - Processing /home/airflow/.local/lib/python3.12/site-packages/airflow/example_dags/example_short_circuit_operator.py took 0.186 seconds
[2026-05-01T13:47:39.291+0000] {processor.py:161} INFO - Started process (PID=618) to work on /home/airflow/.local/lib/python3.12/site-packages/airflow/example_dags/example_short_circuit_operator.py
[2026-05-01T13:47:39.295+0000] {processor.py:830} INFO - Processing file /home/airflow/.local/lib/python3.12/site-packages/airflow/example_dags/example_short_circuit_operator.py for tasks to queue
[2026-05-01T13:47:39.300+0000] {logging_mixin.py:188} INFO - [2026-05-01T13:47:39.300+0000] {dagbag.py:545} INFO - Filling up the DagBag from /home/airflow/.local/lib/python3.12/site-packages/airflow/example_dags/example_short_circuit_operator.py
[2026-05-01T13:47:39.317+0000] {processor.py:840} INFO - DAG(s) 'example_short_circuit_operator' retrieved from /home/airflow/.local/lib/python3.12/site-packages/airflow/example_dags/example_short_circuit_operator.py
[2026-05-01T13:47:39.353+0000] {logging_mixin.py:188} INFO - [2026-05-01T13:47:39.353+0000] {dag.py:3089} INFO - Sync 1 DAGs
[2026-05-01T13:47:39.390+0000] {logging_mixin.py:188} INFO - [2026-05-01T13:47:39.390+0000] {dag.py:3947} INFO - Setting next_dagrun for example_short_circuit_operator to 2026-04-30 00:00:00+00:00, run_after=2026-05-01 00:00:00+00:00
[2026-05-01T13:47:39.422+0000] {processor.py:183} INFO - Processing /home/airflow/.local/lib/python3.12/site-packages/airflow/example_dags/example_short_circuit_operator.py took 0.143 seconds
[2026-05-01T13:48:09.708+0000] {processor.py:161} INFO - Started process (PID=675) to work on /home/airflow/.local/lib/python3.12/site-packages/airflow/example_dags/example_short_circuit_operator.py
[2026-05-01T13:48:09.714+0000] {processor.py:830} INFO - Processing file /home/airflow/.local/lib/python3.12/site-packages/airflow/example_dags/example_short_circuit_operator.py for tasks to queue
[2026-05-01T13:48:09.723+0000] {logging_mixin.py:188} INFO - [2026-05-01T13:48:09.722+0000] {dagbag.py:545} INFO - Filling up the DagBag from /home/airflow/.local/lib/python3.12/site-packages/airflow/example_dags/example_short_circuit_operator.py
[2026-05-01T13:48:09.807+0000] {processor.py:840} INFO - DAG(s) 'example_short_circuit_operator' retrieved from /home/airflow/.local/lib/python3.12/site-packages/airflow/example_dags/example_short_circuit_operator.py
[2026-05-01T13:48:09.874+0000] {logging_mixin.py:188} INFO - [2026-05-01T13:48:09.873+0000] {dag.py:3089} INFO - Sync 1 DAGs
[2026-05-01T13:48:09.951+0000] {logging_mixin.py:188} INFO - [2026-05-01T13:48:09.951+0000] {dag.py:3947} INFO - Setting next_dagrun for example_short_circuit_operator to 2026-04-30 00:00:00+00:00, run_after=2026-05-01 00:00:00+00:00
[2026-05-01T13:48:10.020+0000] {processor.py:183} INFO - Processing /home/airflow/.local/lib/python3.12/site-packages/airflow/example_dags/example_short_circuit_operator.py took 0.341 seconds
[2026-05-01T13:48:40.369+0000] {processor.py:161} INFO - Started process (PID=732) to work on /home/airflow/.local/lib/python3.12/site-packages/airflow/example_dags/example_short_circuit_operator.py
[2026-05-01T13:48:40.371+0000] {processor.py:830} INFO - Processing file /home/airflow/.local/lib/python3.12/site-packages/airflow/example_dags/example_short_circuit_operator.py for tasks to queue
[2026-05-01T13:48:40.376+0000] {logging_mixin.py:188} INFO - [2026-05-01T13:48:40.376+0000] {dagbag.py:545} INFO - Filling up the DagBag from /home/airflow/.local/lib/python3.12/site-packages/airflow/example_dags/example_short_circuit_operator.py
[2026-05-01T13:48:40.391+0000] {processor.py:840} INFO - DAG(s) 'example_short_circuit_operator' retrieved from /home/airflow/.local/lib/python3.12/site-packages/airflow/example_dags/example_short_circuit_operator.py
[2026-05-01T13:48:40.442+0000] {logging_mixin.py:188} INFO - [2026-05-01T13:48:40.441+0000] {dag.py:3089} INFO - Sync 1 DAGs
[2026-05-01T13:48:40.498+0000] {logging_mixin.py:188} INFO - [2026-05-01T13:48:40.498+0000] {dag.py:3947} INFO - Setting next_dagrun for example_short_circuit_operator to 2026-04-30 00:00:00+00:00, run_after=2026-05-01 00:00:00+00:00
[2026-05-01T13:48:40.543+0000] {processor.py:183} INFO - Processing /home/airflow/.local/lib/python3.12/site-packages/airflow/example_dags/example_short_circuit_operator.py took 0.192 seconds
[2026-05-01T13:49:10.752+0000] {processor.py:161} INFO - Started process (PID=790) to work on /home/airflow/.local/lib/python3.12/site-packages/airflow/example_dags/example_short_circuit_operator.py
[2026-05-01T13:49:10.757+0000] {processor.py:830} INFO - Processing file /home/airflow/.local/lib/python3.12/site-packages/airflow/example_dags/example_short_circuit_operator.py for tasks to queue
[2026-05-01T13:49:10.761+0000] {logging_mixin.py:188} INFO - [2026-05-01T13:49:10.761+0000] {dagbag.py:545} INFO - Filling up the DagBag from /home/airflow/.local/lib/python3.12/site-packages/airflow/example_dags/example_short_circuit_operator.py
[2026-05-01T13:49:10.793+0000] {processor.py:840} INFO - DAG(s) 'example_short_circuit_operator' retrieved from /home/airflow/.local/lib/python3.12/site-packages/airflow/example_dags/example_short_circuit_operator.py
[2026-05-01T13:49:10.842+0000] {logging_mixin.py:188} INFO - [2026-05-01T13:49:10.842+0000] {dag.py:3089} INFO - Sync 1 DAGs
[2026-05-01T13:49:10.878+0000] {logging_mixin.py:188} INFO - [2026-05-01T13:49:10.878+0000] {dag.py:3947} INFO - Setting next_dagrun for example_short_circuit_operator to 2026-04-30 00:00:00+00:00, run_after=2026-05-01 00:00:00+00:00
[2026-05-01T13:49:10.908+0000] {processor.py:183} INFO - Processing /home/airflow/.local/lib/python3.12/site-packages/airflow/example_dags/example_short_circuit_operator.py took 0.176 seconds
[2026-05-01T13:49:41.576+0000] {processor.py:161} INFO - Started process (PID=848) to work on /home/airflow/.local/lib/python3.12/site-packages/airflow/example_dags/example_short_circuit_operator.py
[2026-05-01T13:49:41.583+0000] {processor.py:830} INFO - Processing file /home/airflow/.local/lib/python3.12/site-packages/airflow/example_dags/example_short_circuit_operator.py for tasks to queue
[2026-05-01T13:49:41.587+0000] {logging_mixin.py:188} INFO - [2026-05-01T13:49:41.587+0000] {dagbag.py:545} INFO - Filling up the DagBag from /home/airflow/.local/lib/python3.12/site-packages/airflow/example_dags/example_short_circuit_operator.py
[2026-05-01T13:49:41.599+0000] {processor.py:840} INFO - DAG(s) 'example_short_circuit_operator' retrieved from /home/airflow/.local/lib/python3.12/site-packages/airflow/example_dags/example_short_circuit_operator.py
[2026-05-01T13:49:41.647+0000] {logging_mixin.py:188} INFO - [2026-05-01T13:49:41.647+0000] {dag.py:3089} INFO - Sync 1 DAGs
[2026-05-01T13:49:41.686+0000] {logging_mixin.py:188} INFO - [2026-05-01T13:49:41.686+0000] {dag.py:3947} INFO - Setting next_dagrun for example_short_circuit_operator to 2026-04-30 00:00:00+00:00, run_after=2026-05-01 00:00:00+00:00
[2026-05-01T13:49:41.743+0000] {processor.py:183} INFO - Processing /home/airflow/.local/lib/python3.12/site-packages/airflow/example_dags/example_short_circuit_operator.py took 0.183 seconds
[2026-05-01T13:50:12.828+0000] {processor.py:161} INFO - Started process (PID=905) to work on /home/airflow/.local/lib/python3.12/site-packages/airflow/example_dags/example_short_circuit_operator.py
[2026-05-01T13:50:12.844+0000] {processor.py:830} INFO - Processing file /home/airflow/.local/lib/python3.12/site-packages/airflow/example_dags/example_short_circuit_operator.py for tasks to queue
[2026-05-01T13:50:12.851+0000] {logging_mixin.py:188} INFO - [2026-05-01T13:50:12.851+0000] {dagbag.py:545} INFO - Filling up the DagBag from /home/airflow/.local/lib/python3.12/site-packages/airflow/example_dags/example_short_circuit_operator.py
[2026-05-01T13:50:12.872+0000] {processor.py:840} INFO - DAG(s) 'example_short_circuit_operator' retrieved from /home/airflow/.local/lib/python3.12/site-packages/airflow/example_dags/example_short_circuit_operator.py
[2026-05-01T13:50:12.924+0000] {logging_mixin.py:188} INFO - [2026-05-01T13:50:12.924+0000] {dag.py:3089} INFO - Sync 1 DAGs
[2026-05-01T13:50:12.988+0000] {logging_mixin.py:188} INFO - [2026-05-01T13:50:12.987+0000] {dag.py:3947} INFO - Setting next_dagrun for example_short_circuit_operator to 2026-04-30 00:00:00+00:00, run_after=2026-05-01 00:00:00+00:00
[2026-05-01T13:50:13.091+0000] {processor.py:183} INFO - Processing /home/airflow/.local/lib/python3.12/site-packages/airflow/example_dags/example_short_circuit_operator.py took 0.287 seconds
[2026-05-01T13:50:44.062+0000] {processor.py:161} INFO - Started process (PID=962) to work on /home/airflow/.local/lib/python3.12/site-packages/airflow/example_dags/example_short_circuit_operator.py
[2026-05-01T13:50:44.070+0000] {processor.py:830} INFO - Processing file /home/airflow/.local/lib/python3.12/site-packages/airflow/example_dags/example_short_circuit_operator.py for tasks to queue
[2026-05-01T13:50:44.082+0000] {logging_mixin.py:188} INFO - [2026-05-01T13:50:44.079+0000] {dagbag.py:545} INFO - Filling up the DagBag from /home/airflow/.local/lib/python3.12/site-packages/airflow/example_dags/example_short_circuit_operator.py
[2026-05-01T13:50:44.115+0000] {processor.py:840} INFO - DAG(s) 'example_short_circuit_operator' retrieved from /home/airflow/.local/lib/python3.12/site-packages/airflow/example_dags/example_short_circuit_operator.py
[2026-05-01T13:50:44.166+0000] {logging_mixin.py:188} INFO - [2026-05-01T13:50:44.166+0000] {dag.py:3089} INFO - Sync 1 DAGs
[2026-05-01T13:50:44.203+0000] {logging_mixin.py:188} INFO - [2026-05-01T13:50:44.202+0000] {dag.py:3947} INFO - Setting next_dagrun for example_short_circuit_operator to 2026-04-30 00:00:00+00:00, run_after=2026-05-01 00:00:00+00:00
[2026-05-01T13:50:44.241+0000] {processor.py:183} INFO - Processing /home/airflow/.local/lib/python3.12/site-packages/airflow/example_dags/example_short_circuit_operator.py took 0.231 seconds
[2026-05-01T13:51:14.407+0000] {processor.py:161} INFO - Started process (PID=1019) to work on /home/airflow/.local/lib/python3.12/site-packages/airflow/example_dags/example_short_circuit_operator.py
[2026-05-01T13:51:14.411+0000] {processor.py:830} INFO - Processing file /home/airflow/.local/lib/python3.12/site-packages/airflow/example_dags/example_short_circuit_operator.py for tasks to queue
[2026-05-01T13:51:14.417+0000] {logging_mixin.py:188} INFO - [2026-05-01T13:51:14.417+0000] {dagbag.py:545} INFO - Filling up the DagBag from /home/airflow/.local/lib/python3.12/site-packages/airflow/example_dags/example_short_circuit_operator.py
[2026-05-01T13:51:14.436+0000] {processor.py:840} INFO - DAG(s) 'example_short_circuit_operator' retrieved from /home/airflow/.local/lib/python3.12/site-packages/airflow/example_dags/example_short_circuit_operator.py
[2026-05-01T13:51:14.479+0000] {logging_mixin.py:188} INFO - [2026-05-01T13:51:14.478+0000] {dag.py:3089} INFO - Sync 1 DAGs
[2026-05-01T13:51:14.549+0000] {logging_mixin.py:188} INFO - [2026-05-01T13:51:14.548+0000] {dag.py:3947} INFO - Setting next_dagrun for example_short_circuit_operator to 2026-04-30 00:00:00+00:00, run_after=2026-05-01 00:00:00+00:00
[2026-05-01T13:51:14.639+0000] {processor.py:183} INFO - Processing /home/airflow/.local/lib/python3.12/site-packages/airflow/example_dags/example_short_circuit_operator.py took 0.246 seconds
[2026-05-01T13:51:45.090+0000] {processor.py:161} INFO - Started process (PID=1077) to work on /home/airflow/.local/lib/python3.12/site-packages/airflow/example_dags/example_short_circuit_operator.py
[2026-05-01T13:51:45.093+0000] {processor.py:830} INFO - Processing file /home/airflow/.local/lib/python3.12/site-packages/airflow/example_dags/example_short_circuit_operator.py for tasks to queue
[2026-05-01T13:51:45.106+0000] {logging_mixin.py:188} INFO - [2026-05-01T13:51:45.105+0000] {dagbag.py:545} INFO - Filling up the DagBag from /home/airflow/.local/lib/python3.12/site-packages/airflow/example_dags/example_short_circuit_operator.py
[2026-05-01T13:51:45.133+0000] {processor.py:840} INFO - DAG(s) 'example_short_circuit_operator' retrieved from /home/airflow/.local/lib/python3.12/site-packages/airflow/example_dags/example_short_circuit_operator.py
[2026-05-01T13:51:45.216+0000] {logging_mixin.py:188} INFO - [2026-05-01T13:51:45.212+0000] {dag.py:3089} INFO - Sync 1 DAGs
[2026-05-01T13:51:45.264+0000] {logging_mixin.py:188} INFO - [2026-05-01T13:51:45.264+0000] {dag.py:3947} INFO - Setting next_dagrun for example_short_circuit_operator to 2026-04-30 00:00:00+00:00, run_after=2026-05-01 00:00:00+00:00
[2026-05-01T13:51:45.307+0000] {processor.py:183} INFO - Processing /home/airflow/.local/lib/python3.12/site-packages/airflow/example_dags/example_short_circuit_operator.py took 0.237 seconds
[2026-05-01T13:52:16.601+0000] {processor.py:161} INFO - Started process (PID=1134) to work on /home/airflow/.local/lib/python3.12/site-packages/airflow/example_dags/example_short_circuit_operator.py
[2026-05-01T13:52:16.603+0000] {processor.py:830} INFO - Processing file /home/airflow/.local/lib/python3.12/site-packages/airflow/example_dags/example_short_circuit_operator.py for tasks to queue
[2026-05-01T13:52:16.610+0000] {logging_mixin.py:188} INFO - [2026-05-01T13:52:16.609+0000] {dagbag.py:545} INFO - Filling up the DagBag from /home/airflow/.local/lib/python3.12/site-packages/airflow/example_dags/example_short_circuit_operator.py
[2026-05-01T13:52:16.637+0000] {processor.py:840} INFO - DAG(s) 'example_short_circuit_operator' retrieved from /home/airflow/.local/lib/python3.12/site-packages/airflow/example_dags/example_short_circuit_operator.py
[2026-05-01T13:52:16.721+0000] {logging_mixin.py:188} INFO - [2026-05-01T13:52:16.721+0000] {dag.py:3089} INFO - Sync 1 DAGs
[2026-05-01T13:52:16.768+0000] {logging_mixin.py:188} INFO - [2026-05-01T13:52:16.768+0000] {dag.py:3947} INFO - Setting next_dagrun for example_short_circuit_operator to 2026-04-30 00:00:00+00:00, run_after=2026-05-01 00:00:00+00:00
[2026-05-01T13:52:16.814+0000] {processor.py:183} INFO - Processing /home/airflow/.local/lib/python3.12/site-packages/airflow/example_dags/example_short_circuit_operator.py took 0.226 seconds
[2026-05-01T13:52:47.563+0000] {processor.py:161} INFO - Started process (PID=1192) to work on /home/airflow/.local/lib/python3.12/site-packages/airflow/example_dags/example_short_circuit_operator.py
[2026-05-01T13:52:47.567+0000] {processor.py:830} INFO - Processing file /home/airflow/.local/lib/python3.12/site-packages/airflow/example_dags/example_short_circuit_operator.py for tasks to queue
[2026-05-01T13:52:47.573+0000] {logging_mixin.py:188} INFO - [2026-05-01T13:52:47.572+0000] {dagbag.py:545} INFO - Filling up the DagBag from /home/airflow/.local/lib/python3.12/site-packages/airflow/example_dags/example_short_circuit_operator.py
[2026-05-01T13:52:47.586+0000] {processor.py:840} INFO - DAG(s) 'example_short_circuit_operator' retrieved from /home/airflow/.local/lib/python3.12/site-packages/airflow/example_dags/example_short_circuit_operator.py
[2026-05-01T13:52:47.640+0000] {logging_mixin.py:188} INFO - [2026-05-01T13:52:47.640+0000] {dag.py:3089} INFO - Sync 1 DAGs
[2026-05-01T13:52:47.675+0000] {logging_mixin.py:188} INFO - [2026-05-01T13:52:47.674+0000] {dag.py:3947} INFO - Setting next_dagrun for example_short_circuit_operator to 2026-04-30 00:00:00+00:00, run_after=2026-05-01 00:00:00+00:00
[2026-05-01T13:52:47.711+0000] {processor.py:183} INFO - Processing /home/airflow/.local/lib/python3.12/site-packages/airflow/example_dags/example_short_circuit_operator.py took 0.159 seconds
[2026-05-01T13:53:18.739+0000] {processor.py:161} INFO - Started process (PID=1250) to work on /home/airflow/.local/lib/python3.12/site-packages/airflow/example_dags/example_short_circuit_operator.py
[2026-05-01T13:53:18.742+0000] {processor.py:830} INFO - Processing file /home/airflow/.local/lib/python3.12/site-packages/airflow/example_dags/example_short_circuit_operator.py for tasks to queue
[2026-05-01T13:53:18.747+0000] {logging_mixin.py:188} INFO - [2026-05-01T13:53:18.746+0000] {dagbag.py:545} INFO - Filling up the DagBag from /home/airflow/.local/lib/python3.12/site-packages/airflow/example_dags/example_short_circuit_operator.py
[2026-05-01T13:53:18.768+0000] {processor.py:840} INFO - DAG(s) 'example_short_circuit_operator' retrieved from /home/airflow/.local/lib/python3.12/site-packages/airflow/example_dags/example_short_circuit_operator.py
[2026-05-01T13:53:18.803+0000] {logging_mixin.py:188} INFO - [2026-05-01T13:53:18.803+0000] {dag.py:3089} INFO - Sync 1 DAGs
[2026-05-01T13:53:18.838+0000] {logging_mixin.py:188} INFO - [2026-05-01T13:53:18.838+0000] {dag.py:3947} INFO - Setting next_dagrun for example_short_circuit_operator to 2026-04-30 00:00:00+00:00, run_after=2026-05-01 00:00:00+00:00
[2026-05-01T13:53:18.871+0000] {processor.py:183} INFO - Processing /home/airflow/.local/lib/python3.12/site-packages/airflow/example_dags/example_short_circuit_operator.py took 0.147 seconds
