[2026-05-01T13:24:22.088+0000] {processor.py:161} INFO - Started process (PID=60) to work on /home/airflow/.local/lib/python3.12/site-packages/airflow/example_dags/example_branch_labels.py
[2026-05-01T13:24:22.101+0000] {processor.py:830} INFO - Processing file /home/airflow/.local/lib/python3.12/site-packages/airflow/example_dags/example_branch_labels.py for tasks to queue
[2026-05-01T13:24:22.106+0000] {logging_mixin.py:188} INFO - [2026-05-01T13:24:22.106+0000] {dagbag.py:545} INFO - Filling up the DagBag from /home/airflow/.local/lib/python3.12/site-packages/airflow/example_dags/example_branch_labels.py
[2026-05-01T13:24:22.213+0000] {processor.py:840} INFO - DAG(s) 'example_branch_labels' retrieved from /home/airflow/.local/lib/python3.12/site-packages/airflow/example_dags/example_branch_labels.py
[2026-05-01T13:24:23.099+0000] {logging_mixin.py:188} INFO - [2026-05-01T13:24:23.098+0000] {override.py:1858} INFO - Created Permission View: can delete on DAG:example_branch_labels
[2026-05-01T13:24:23.178+0000] {logging_mixin.py:188} INFO - [2026-05-01T13:24:23.177+0000] {override.py:1858} INFO - Created Permission View: can edit on DAG:example_branch_labels
[2026-05-01T13:24:23.230+0000] {logging_mixin.py:188} INFO - [2026-05-01T13:24:23.230+0000] {override.py:1858} INFO - Created Permission View: can read on DAG:example_branch_labels
[2026-05-01T13:24:23.236+0000] {logging_mixin.py:188} INFO - [2026-05-01T13:24:23.234+0000] {dag.py:3089} INFO - Sync 1 DAGs
[2026-05-01T13:24:23.340+0000] {logging_mixin.py:188} INFO - [2026-05-01T13:24:23.331+0000] {dag.py:3111} INFO - Creating ORM DAG for example_branch_labels
[2026-05-01T13:24:23.434+0000] {logging_mixin.py:188} INFO - [2026-05-01T13:24:23.434+0000] {dag.py:3947} INFO - Setting next_dagrun for example_branch_labels to 2026-04-30 00:00:00+00:00, run_after=2026-05-01 00:00:00+00:00
[2026-05-01T13:24:23.535+0000] {processor.py:183} INFO - Processing /home/airflow/.local/lib/python3.12/site-packages/airflow/example_dags/example_branch_labels.py took 1.472 seconds
[2026-05-01T13:25:17.602+0000] {processor.py:161} INFO - Started process (PID=123) to work on /home/airflow/.local/lib/python3.12/site-packages/airflow/example_dags/example_branch_labels.py
[2026-05-01T13:25:17.616+0000] {processor.py:830} INFO - Processing file /home/airflow/.local/lib/python3.12/site-packages/airflow/example_dags/example_branch_labels.py for tasks to queue
[2026-05-01T13:25:17.632+0000] {logging_mixin.py:188} INFO - [2026-05-01T13:25:17.631+0000] {dagbag.py:545} INFO - Filling up the DagBag from /home/airflow/.local/lib/python3.12/site-packages/airflow/example_dags/example_branch_labels.py
[2026-05-01T13:25:18.708+0000] {processor.py:840} INFO - DAG(s) 'example_branch_labels' retrieved from /home/airflow/.local/lib/python3.12/site-packages/airflow/example_dags/example_branch_labels.py
[2026-05-01T13:25:18.800+0000] {logging_mixin.py:188} INFO - [2026-05-01T13:25:18.799+0000] {dag.py:3089} INFO - Sync 1 DAGs
[2026-05-01T13:25:18.947+0000] {logging_mixin.py:188} INFO - [2026-05-01T13:25:18.946+0000] {dag.py:3947} INFO - Setting next_dagrun for example_branch_labels to 2026-04-30 00:00:00+00:00, run_after=2026-05-01 00:00:00+00:00
[2026-05-01T13:25:19.392+0000] {processor.py:183} INFO - Processing /home/airflow/.local/lib/python3.12/site-packages/airflow/example_dags/example_branch_labels.py took 1.840 seconds
[2026-05-01T13:25:49.624+0000] {processor.py:161} INFO - Started process (PID=181) to work on /home/airflow/.local/lib/python3.12/site-packages/airflow/example_dags/example_branch_labels.py
[2026-05-01T13:25:49.627+0000] {processor.py:830} INFO - Processing file /home/airflow/.local/lib/python3.12/site-packages/airflow/example_dags/example_branch_labels.py for tasks to queue
[2026-05-01T13:25:49.633+0000] {logging_mixin.py:188} INFO - [2026-05-01T13:25:49.632+0000] {dagbag.py:545} INFO - Filling up the DagBag from /home/airflow/.local/lib/python3.12/site-packages/airflow/example_dags/example_branch_labels.py
[2026-05-01T13:25:49.650+0000] {processor.py:840} INFO - DAG(s) 'example_branch_labels' retrieved from /home/airflow/.local/lib/python3.12/site-packages/airflow/example_dags/example_branch_labels.py
[2026-05-01T13:25:49.999+0000] {logging_mixin.py:188} INFO - [2026-05-01T13:25:49.999+0000] {dag.py:3089} INFO - Sync 1 DAGs
[2026-05-01T13:25:50.040+0000] {logging_mixin.py:188} INFO - [2026-05-01T13:25:50.039+0000] {dag.py:3947} INFO - Setting next_dagrun for example_branch_labels to 2026-04-30 00:00:00+00:00, run_after=2026-05-01 00:00:00+00:00
[2026-05-01T13:25:50.068+0000] {processor.py:183} INFO - Processing /home/airflow/.local/lib/python3.12/site-packages/airflow/example_dags/example_branch_labels.py took 0.457 seconds
[2026-05-01T13:26:20.707+0000] {processor.py:161} INFO - Started process (PID=239) to work on /home/airflow/.local/lib/python3.12/site-packages/airflow/example_dags/example_branch_labels.py
[2026-05-01T13:26:20.710+0000] {processor.py:830} INFO - Processing file /home/airflow/.local/lib/python3.12/site-packages/airflow/example_dags/example_branch_labels.py for tasks to queue
[2026-05-01T13:26:20.716+0000] {logging_mixin.py:188} INFO - [2026-05-01T13:26:20.715+0000] {dagbag.py:545} INFO - Filling up the DagBag from /home/airflow/.local/lib/python3.12/site-packages/airflow/example_dags/example_branch_labels.py
[2026-05-01T13:26:20.733+0000] {processor.py:840} INFO - DAG(s) 'example_branch_labels' retrieved from /home/airflow/.local/lib/python3.12/site-packages/airflow/example_dags/example_branch_labels.py
[2026-05-01T13:26:20.784+0000] {logging_mixin.py:188} INFO - [2026-05-01T13:26:20.780+0000] {dag.py:3089} INFO - Sync 1 DAGs
[2026-05-01T13:26:20.920+0000] {logging_mixin.py:188} INFO - [2026-05-01T13:26:20.920+0000] {dag.py:3947} INFO - Setting next_dagrun for example_branch_labels to 2026-04-30 00:00:00+00:00, run_after=2026-05-01 00:00:00+00:00
[2026-05-01T13:26:20.973+0000] {processor.py:183} INFO - Processing /home/airflow/.local/lib/python3.12/site-packages/airflow/example_dags/example_branch_labels.py took 0.280 seconds
[2026-05-01T13:26:51.202+0000] {processor.py:161} INFO - Started process (PID=297) to work on /home/airflow/.local/lib/python3.12/site-packages/airflow/example_dags/example_branch_labels.py
[2026-05-01T13:26:51.205+0000] {processor.py:830} INFO - Processing file /home/airflow/.local/lib/python3.12/site-packages/airflow/example_dags/example_branch_labels.py for tasks to queue
[2026-05-01T13:26:51.212+0000] {logging_mixin.py:188} INFO - [2026-05-01T13:26:51.211+0000] {dagbag.py:545} INFO - Filling up the DagBag from /home/airflow/.local/lib/python3.12/site-packages/airflow/example_dags/example_branch_labels.py
[2026-05-01T13:26:51.227+0000] {processor.py:840} INFO - DAG(s) 'example_branch_labels' retrieved from /home/airflow/.local/lib/python3.12/site-packages/airflow/example_dags/example_branch_labels.py
[2026-05-01T13:26:51.270+0000] {logging_mixin.py:188} INFO - [2026-05-01T13:26:51.269+0000] {dag.py:3089} INFO - Sync 1 DAGs
[2026-05-01T13:26:51.311+0000] {logging_mixin.py:188} INFO - [2026-05-01T13:26:51.310+0000] {dag.py:3947} INFO - Setting next_dagrun for example_branch_labels to 2026-04-30 00:00:00+00:00, run_after=2026-05-01 00:00:00+00:00
[2026-05-01T13:26:51.346+0000] {processor.py:183} INFO - Processing /home/airflow/.local/lib/python3.12/site-packages/airflow/example_dags/example_branch_labels.py took 0.154 seconds
[2026-05-01T13:27:21.653+0000] {processor.py:161} INFO - Started process (PID=353) to work on /home/airflow/.local/lib/python3.12/site-packages/airflow/example_dags/example_branch_labels.py
[2026-05-01T13:27:21.657+0000] {processor.py:830} INFO - Processing file /home/airflow/.local/lib/python3.12/site-packages/airflow/example_dags/example_branch_labels.py for tasks to queue
[2026-05-01T13:27:21.661+0000] {logging_mixin.py:188} INFO - [2026-05-01T13:27:21.660+0000] {dagbag.py:545} INFO - Filling up the DagBag from /home/airflow/.local/lib/python3.12/site-packages/airflow/example_dags/example_branch_labels.py
[2026-05-01T13:27:21.680+0000] {processor.py:840} INFO - DAG(s) 'example_branch_labels' retrieved from /home/airflow/.local/lib/python3.12/site-packages/airflow/example_dags/example_branch_labels.py
[2026-05-01T13:27:21.714+0000] {logging_mixin.py:188} INFO - [2026-05-01T13:27:21.714+0000] {dag.py:3089} INFO - Sync 1 DAGs
[2026-05-01T13:27:21.757+0000] {logging_mixin.py:188} INFO - [2026-05-01T13:27:21.755+0000] {dag.py:3947} INFO - Setting next_dagrun for example_branch_labels to 2026-04-30 00:00:00+00:00, run_after=2026-05-01 00:00:00+00:00
[2026-05-01T13:27:21.789+0000] {processor.py:183} INFO - Processing /home/airflow/.local/lib/python3.12/site-packages/airflow/example_dags/example_branch_labels.py took 0.146 seconds
[2026-05-01T13:27:51.973+0000] {processor.py:161} INFO - Started process (PID=412) to work on /home/airflow/.local/lib/python3.12/site-packages/airflow/example_dags/example_branch_labels.py
[2026-05-01T13:27:51.976+0000] {processor.py:830} INFO - Processing file /home/airflow/.local/lib/python3.12/site-packages/airflow/example_dags/example_branch_labels.py for tasks to queue
[2026-05-01T13:27:51.987+0000] {logging_mixin.py:188} INFO - [2026-05-01T13:27:51.987+0000] {dagbag.py:545} INFO - Filling up the DagBag from /home/airflow/.local/lib/python3.12/site-packages/airflow/example_dags/example_branch_labels.py
[2026-05-01T13:27:52.018+0000] {processor.py:840} INFO - DAG(s) 'example_branch_labels' retrieved from /home/airflow/.local/lib/python3.12/site-packages/airflow/example_dags/example_branch_labels.py
[2026-05-01T13:27:52.082+0000] {logging_mixin.py:188} INFO - [2026-05-01T13:27:52.082+0000] {dag.py:3089} INFO - Sync 1 DAGs
[2026-05-01T13:27:52.169+0000] {logging_mixin.py:188} INFO - [2026-05-01T13:27:52.169+0000] {dag.py:3947} INFO - Setting next_dagrun for example_branch_labels to 2026-04-30 00:00:00+00:00, run_after=2026-05-01 00:00:00+00:00
[2026-05-01T13:27:52.240+0000] {processor.py:183} INFO - Processing /home/airflow/.local/lib/python3.12/site-packages/airflow/example_dags/example_branch_labels.py took 0.310 seconds
[2026-05-01T13:28:22.545+0000] {processor.py:161} INFO - Started process (PID=470) to work on /home/airflow/.local/lib/python3.12/site-packages/airflow/example_dags/example_branch_labels.py
[2026-05-01T13:28:22.550+0000] {processor.py:830} INFO - Processing file /home/airflow/.local/lib/python3.12/site-packages/airflow/example_dags/example_branch_labels.py for tasks to queue
[2026-05-01T13:28:22.559+0000] {logging_mixin.py:188} INFO - [2026-05-01T13:28:22.558+0000] {dagbag.py:545} INFO - Filling up the DagBag from /home/airflow/.local/lib/python3.12/site-packages/airflow/example_dags/example_branch_labels.py
[2026-05-01T13:28:22.591+0000] {processor.py:840} INFO - DAG(s) 'example_branch_labels' retrieved from /home/airflow/.local/lib/python3.12/site-packages/airflow/example_dags/example_branch_labels.py
[2026-05-01T13:28:22.626+0000] {logging_mixin.py:188} INFO - [2026-05-01T13:28:22.626+0000] {dag.py:3089} INFO - Sync 1 DAGs
[2026-05-01T13:28:22.675+0000] {logging_mixin.py:188} INFO - [2026-05-01T13:28:22.674+0000] {dag.py:3947} INFO - Setting next_dagrun for example_branch_labels to 2026-04-30 00:00:00+00:00, run_after=2026-05-01 00:00:00+00:00
[2026-05-01T13:28:22.751+0000] {processor.py:183} INFO - Processing /home/airflow/.local/lib/python3.12/site-packages/airflow/example_dags/example_branch_labels.py took 0.222 seconds
[2026-05-01T13:28:52.850+0000] {processor.py:161} INFO - Started process (PID=528) to work on /home/airflow/.local/lib/python3.12/site-packages/airflow/example_dags/example_branch_labels.py
[2026-05-01T13:28:52.853+0000] {processor.py:830} INFO - Processing file /home/airflow/.local/lib/python3.12/site-packages/airflow/example_dags/example_branch_labels.py for tasks to queue
[2026-05-01T13:28:52.859+0000] {logging_mixin.py:188} INFO - [2026-05-01T13:28:52.859+0000] {dagbag.py:545} INFO - Filling up the DagBag from /home/airflow/.local/lib/python3.12/site-packages/airflow/example_dags/example_branch_labels.py
[2026-05-01T13:28:52.878+0000] {processor.py:840} INFO - DAG(s) 'example_branch_labels' retrieved from /home/airflow/.local/lib/python3.12/site-packages/airflow/example_dags/example_branch_labels.py
[2026-05-01T13:28:52.920+0000] {logging_mixin.py:188} INFO - [2026-05-01T13:28:52.920+0000] {dag.py:3089} INFO - Sync 1 DAGs
[2026-05-01T13:28:52.956+0000] {logging_mixin.py:188} INFO - [2026-05-01T13:28:52.956+0000] {dag.py:3947} INFO - Setting next_dagrun for example_branch_labels to 2026-04-30 00:00:00+00:00, run_after=2026-05-01 00:00:00+00:00
[2026-05-01T13:28:52.985+0000] {processor.py:183} INFO - Processing /home/airflow/.local/lib/python3.12/site-packages/airflow/example_dags/example_branch_labels.py took 0.148 seconds
[2026-05-01T13:29:23.515+0000] {processor.py:161} INFO - Started process (PID=586) to work on /home/airflow/.local/lib/python3.12/site-packages/airflow/example_dags/example_branch_labels.py
[2026-05-01T13:29:23.526+0000] {processor.py:830} INFO - Processing file /home/airflow/.local/lib/python3.12/site-packages/airflow/example_dags/example_branch_labels.py for tasks to queue
[2026-05-01T13:29:23.534+0000] {logging_mixin.py:188} INFO - [2026-05-01T13:29:23.533+0000] {dagbag.py:545} INFO - Filling up the DagBag from /home/airflow/.local/lib/python3.12/site-packages/airflow/example_dags/example_branch_labels.py
[2026-05-01T13:29:23.554+0000] {processor.py:840} INFO - DAG(s) 'example_branch_labels' retrieved from /home/airflow/.local/lib/python3.12/site-packages/airflow/example_dags/example_branch_labels.py
[2026-05-01T13:29:23.588+0000] {logging_mixin.py:188} INFO - [2026-05-01T13:29:23.587+0000] {dag.py:3089} INFO - Sync 1 DAGs
[2026-05-01T13:29:23.640+0000] {logging_mixin.py:188} INFO - [2026-05-01T13:29:23.640+0000] {dag.py:3947} INFO - Setting next_dagrun for example_branch_labels to 2026-04-30 00:00:00+00:00, run_after=2026-05-01 00:00:00+00:00
[2026-05-01T13:29:23.672+0000] {processor.py:183} INFO - Processing /home/airflow/.local/lib/python3.12/site-packages/airflow/example_dags/example_branch_labels.py took 0.176 seconds
[2026-05-01T13:29:53.874+0000] {processor.py:161} INFO - Started process (PID=644) to work on /home/airflow/.local/lib/python3.12/site-packages/airflow/example_dags/example_branch_labels.py
[2026-05-01T13:29:53.876+0000] {processor.py:830} INFO - Processing file /home/airflow/.local/lib/python3.12/site-packages/airflow/example_dags/example_branch_labels.py for tasks to queue
[2026-05-01T13:29:53.887+0000] {logging_mixin.py:188} INFO - [2026-05-01T13:29:53.886+0000] {dagbag.py:545} INFO - Filling up the DagBag from /home/airflow/.local/lib/python3.12/site-packages/airflow/example_dags/example_branch_labels.py
[2026-05-01T13:29:53.909+0000] {processor.py:840} INFO - DAG(s) 'example_branch_labels' retrieved from /home/airflow/.local/lib/python3.12/site-packages/airflow/example_dags/example_branch_labels.py
[2026-05-01T13:29:53.955+0000] {logging_mixin.py:188} INFO - [2026-05-01T13:29:53.955+0000] {dag.py:3089} INFO - Sync 1 DAGs
[2026-05-01T13:29:54.006+0000] {logging_mixin.py:188} INFO - [2026-05-01T13:29:54.006+0000] {dag.py:3947} INFO - Setting next_dagrun for example_branch_labels to 2026-04-30 00:00:00+00:00, run_after=2026-05-01 00:00:00+00:00
[2026-05-01T13:29:54.036+0000] {processor.py:183} INFO - Processing /home/airflow/.local/lib/python3.12/site-packages/airflow/example_dags/example_branch_labels.py took 0.175 seconds
[2026-05-01T13:30:24.817+0000] {processor.py:161} INFO - Started process (PID=702) to work on /home/airflow/.local/lib/python3.12/site-packages/airflow/example_dags/example_branch_labels.py
[2026-05-01T13:30:24.821+0000] {processor.py:830} INFO - Processing file /home/airflow/.local/lib/python3.12/site-packages/airflow/example_dags/example_branch_labels.py for tasks to queue
[2026-05-01T13:30:24.828+0000] {logging_mixin.py:188} INFO - [2026-05-01T13:30:24.827+0000] {dagbag.py:545} INFO - Filling up the DagBag from /home/airflow/.local/lib/python3.12/site-packages/airflow/example_dags/example_branch_labels.py
[2026-05-01T13:30:24.845+0000] {processor.py:840} INFO - DAG(s) 'example_branch_labels' retrieved from /home/airflow/.local/lib/python3.12/site-packages/airflow/example_dags/example_branch_labels.py
[2026-05-01T13:30:24.879+0000] {logging_mixin.py:188} INFO - [2026-05-01T13:30:24.878+0000] {dag.py:3089} INFO - Sync 1 DAGs
[2026-05-01T13:30:24.924+0000] {logging_mixin.py:188} INFO - [2026-05-01T13:30:24.924+0000] {dag.py:3947} INFO - Setting next_dagrun for example_branch_labels to 2026-04-30 00:00:00+00:00, run_after=2026-05-01 00:00:00+00:00
[2026-05-01T13:30:25.022+0000] {processor.py:183} INFO - Processing /home/airflow/.local/lib/python3.12/site-packages/airflow/example_dags/example_branch_labels.py took 0.217 seconds
[2026-05-01T13:30:55.436+0000] {processor.py:161} INFO - Started process (PID=760) to work on /home/airflow/.local/lib/python3.12/site-packages/airflow/example_dags/example_branch_labels.py
[2026-05-01T13:30:55.444+0000] {processor.py:830} INFO - Processing file /home/airflow/.local/lib/python3.12/site-packages/airflow/example_dags/example_branch_labels.py for tasks to queue
[2026-05-01T13:30:55.452+0000] {logging_mixin.py:188} INFO - [2026-05-01T13:30:55.452+0000] {dagbag.py:545} INFO - Filling up the DagBag from /home/airflow/.local/lib/python3.12/site-packages/airflow/example_dags/example_branch_labels.py
[2026-05-01T13:30:55.476+0000] {processor.py:840} INFO - DAG(s) 'example_branch_labels' retrieved from /home/airflow/.local/lib/python3.12/site-packages/airflow/example_dags/example_branch_labels.py
[2026-05-01T13:30:55.517+0000] {logging_mixin.py:188} INFO - [2026-05-01T13:30:55.516+0000] {dag.py:3089} INFO - Sync 1 DAGs
[2026-05-01T13:30:55.558+0000] {logging_mixin.py:188} INFO - [2026-05-01T13:30:55.557+0000] {dag.py:3947} INFO - Setting next_dagrun for example_branch_labels to 2026-04-30 00:00:00+00:00, run_after=2026-05-01 00:00:00+00:00
[2026-05-01T13:30:55.593+0000] {processor.py:183} INFO - Processing /home/airflow/.local/lib/python3.12/site-packages/airflow/example_dags/example_branch_labels.py took 0.181 seconds
[2026-05-01T13:31:26.411+0000] {processor.py:161} INFO - Started process (PID=818) to work on /home/airflow/.local/lib/python3.12/site-packages/airflow/example_dags/example_branch_labels.py
[2026-05-01T13:31:26.420+0000] {processor.py:830} INFO - Processing file /home/airflow/.local/lib/python3.12/site-packages/airflow/example_dags/example_branch_labels.py for tasks to queue
[2026-05-01T13:31:26.434+0000] {logging_mixin.py:188} INFO - [2026-05-01T13:31:26.432+0000] {dagbag.py:545} INFO - Filling up the DagBag from /home/airflow/.local/lib/python3.12/site-packages/airflow/example_dags/example_branch_labels.py
[2026-05-01T13:31:26.511+0000] {processor.py:840} INFO - DAG(s) 'example_branch_labels' retrieved from /home/airflow/.local/lib/python3.12/site-packages/airflow/example_dags/example_branch_labels.py
[2026-05-01T13:31:26.650+0000] {logging_mixin.py:188} INFO - [2026-05-01T13:31:26.650+0000] {dag.py:3089} INFO - Sync 1 DAGs
[2026-05-01T13:31:26.996+0000] {logging_mixin.py:188} INFO - [2026-05-01T13:31:26.995+0000] {dag.py:3947} INFO - Setting next_dagrun for example_branch_labels to 2026-04-30 00:00:00+00:00, run_after=2026-05-01 00:00:00+00:00
[2026-05-01T13:31:27.174+0000] {processor.py:183} INFO - Processing /home/airflow/.local/lib/python3.12/site-packages/airflow/example_dags/example_branch_labels.py took 0.815 seconds
[2026-05-01T13:31:57.763+0000] {processor.py:161} INFO - Started process (PID=876) to work on /home/airflow/.local/lib/python3.12/site-packages/airflow/example_dags/example_branch_labels.py
[2026-05-01T13:31:57.779+0000] {processor.py:830} INFO - Processing file /home/airflow/.local/lib/python3.12/site-packages/airflow/example_dags/example_branch_labels.py for tasks to queue
[2026-05-01T13:31:57.796+0000] {logging_mixin.py:188} INFO - [2026-05-01T13:31:57.795+0000] {dagbag.py:545} INFO - Filling up the DagBag from /home/airflow/.local/lib/python3.12/site-packages/airflow/example_dags/example_branch_labels.py
[2026-05-01T13:31:57.899+0000] {processor.py:840} INFO - DAG(s) 'example_branch_labels' retrieved from /home/airflow/.local/lib/python3.12/site-packages/airflow/example_dags/example_branch_labels.py
[2026-05-01T13:31:57.967+0000] {logging_mixin.py:188} INFO - [2026-05-01T13:31:57.967+0000] {dag.py:3089} INFO - Sync 1 DAGs
[2026-05-01T13:31:58.192+0000] {logging_mixin.py:188} INFO - [2026-05-01T13:31:58.191+0000] {dag.py:3947} INFO - Setting next_dagrun for example_branch_labels to 2026-04-30 00:00:00+00:00, run_after=2026-05-01 00:00:00+00:00
[2026-05-01T13:31:58.282+0000] {processor.py:183} INFO - Processing /home/airflow/.local/lib/python3.12/site-packages/airflow/example_dags/example_branch_labels.py took 0.556 seconds
[2026-05-01T13:32:28.478+0000] {processor.py:161} INFO - Started process (PID=934) to work on /home/airflow/.local/lib/python3.12/site-packages/airflow/example_dags/example_branch_labels.py
[2026-05-01T13:32:28.481+0000] {processor.py:830} INFO - Processing file /home/airflow/.local/lib/python3.12/site-packages/airflow/example_dags/example_branch_labels.py for tasks to queue
[2026-05-01T13:32:28.490+0000] {logging_mixin.py:188} INFO - [2026-05-01T13:32:28.490+0000] {dagbag.py:545} INFO - Filling up the DagBag from /home/airflow/.local/lib/python3.12/site-packages/airflow/example_dags/example_branch_labels.py
[2026-05-01T13:32:28.503+0000] {processor.py:840} INFO - DAG(s) 'example_branch_labels' retrieved from /home/airflow/.local/lib/python3.12/site-packages/airflow/example_dags/example_branch_labels.py
[2026-05-01T13:32:28.542+0000] {logging_mixin.py:188} INFO - [2026-05-01T13:32:28.542+0000] {dag.py:3089} INFO - Sync 1 DAGs
[2026-05-01T13:32:28.590+0000] {logging_mixin.py:188} INFO - [2026-05-01T13:32:28.590+0000] {dag.py:3947} INFO - Setting next_dagrun for example_branch_labels to 2026-04-30 00:00:00+00:00, run_after=2026-05-01 00:00:00+00:00
[2026-05-01T13:32:28.629+0000] {processor.py:183} INFO - Processing /home/airflow/.local/lib/python3.12/site-packages/airflow/example_dags/example_branch_labels.py took 0.165 seconds
[2026-05-01T13:32:59.558+0000] {processor.py:161} INFO - Started process (PID=992) to work on /home/airflow/.local/lib/python3.12/site-packages/airflow/example_dags/example_branch_labels.py
[2026-05-01T13:32:59.572+0000] {processor.py:830} INFO - Processing file /home/airflow/.local/lib/python3.12/site-packages/airflow/example_dags/example_branch_labels.py for tasks to queue
[2026-05-01T13:32:59.578+0000] {logging_mixin.py:188} INFO - [2026-05-01T13:32:59.577+0000] {dagbag.py:545} INFO - Filling up the DagBag from /home/airflow/.local/lib/python3.12/site-packages/airflow/example_dags/example_branch_labels.py
[2026-05-01T13:32:59.604+0000] {processor.py:840} INFO - DAG(s) 'example_branch_labels' retrieved from /home/airflow/.local/lib/python3.12/site-packages/airflow/example_dags/example_branch_labels.py
[2026-05-01T13:32:59.644+0000] {logging_mixin.py:188} INFO - [2026-05-01T13:32:59.644+0000] {dag.py:3089} INFO - Sync 1 DAGs
[2026-05-01T13:32:59.684+0000] {logging_mixin.py:188} INFO - [2026-05-01T13:32:59.684+0000] {dag.py:3947} INFO - Setting next_dagrun for example_branch_labels to 2026-04-30 00:00:00+00:00, run_after=2026-05-01 00:00:00+00:00
[2026-05-01T13:32:59.712+0000] {processor.py:183} INFO - Processing /home/airflow/.local/lib/python3.12/site-packages/airflow/example_dags/example_branch_labels.py took 0.203 seconds
[2026-05-01T13:33:30.009+0000] {processor.py:161} INFO - Started process (PID=1050) to work on /home/airflow/.local/lib/python3.12/site-packages/airflow/example_dags/example_branch_labels.py
[2026-05-01T13:33:30.011+0000] {processor.py:830} INFO - Processing file /home/airflow/.local/lib/python3.12/site-packages/airflow/example_dags/example_branch_labels.py for tasks to queue
[2026-05-01T13:33:30.018+0000] {logging_mixin.py:188} INFO - [2026-05-01T13:33:30.017+0000] {dagbag.py:545} INFO - Filling up the DagBag from /home/airflow/.local/lib/python3.12/site-packages/airflow/example_dags/example_branch_labels.py
[2026-05-01T13:33:30.039+0000] {processor.py:840} INFO - DAG(s) 'example_branch_labels' retrieved from /home/airflow/.local/lib/python3.12/site-packages/airflow/example_dags/example_branch_labels.py
[2026-05-01T13:33:30.076+0000] {logging_mixin.py:188} INFO - [2026-05-01T13:33:30.076+0000] {dag.py:3089} INFO - Sync 1 DAGs
[2026-05-01T13:33:30.116+0000] {logging_mixin.py:188} INFO - [2026-05-01T13:33:30.115+0000] {dag.py:3947} INFO - Setting next_dagrun for example_branch_labels to 2026-04-30 00:00:00+00:00, run_after=2026-05-01 00:00:00+00:00
[2026-05-01T13:33:30.163+0000] {processor.py:183} INFO - Processing /home/airflow/.local/lib/python3.12/site-packages/airflow/example_dags/example_branch_labels.py took 0.166 seconds
[2026-05-01T13:34:00.494+0000] {processor.py:161} INFO - Started process (PID=1108) to work on /home/airflow/.local/lib/python3.12/site-packages/airflow/example_dags/example_branch_labels.py
[2026-05-01T13:34:00.497+0000] {processor.py:830} INFO - Processing file /home/airflow/.local/lib/python3.12/site-packages/airflow/example_dags/example_branch_labels.py for tasks to queue
[2026-05-01T13:34:00.503+0000] {logging_mixin.py:188} INFO - [2026-05-01T13:34:00.501+0000] {dagbag.py:545} INFO - Filling up the DagBag from /home/airflow/.local/lib/python3.12/site-packages/airflow/example_dags/example_branch_labels.py
[2026-05-01T13:34:00.519+0000] {processor.py:840} INFO - DAG(s) 'example_branch_labels' retrieved from /home/airflow/.local/lib/python3.12/site-packages/airflow/example_dags/example_branch_labels.py
[2026-05-01T13:34:00.554+0000] {logging_mixin.py:188} INFO - [2026-05-01T13:34:00.553+0000] {dag.py:3089} INFO - Sync 1 DAGs
[2026-05-01T13:34:00.592+0000] {logging_mixin.py:188} INFO - [2026-05-01T13:34:00.592+0000] {dag.py:3947} INFO - Setting next_dagrun for example_branch_labels to 2026-04-30 00:00:00+00:00, run_after=2026-05-01 00:00:00+00:00
[2026-05-01T13:34:00.621+0000] {processor.py:183} INFO - Processing /home/airflow/.local/lib/python3.12/site-packages/airflow/example_dags/example_branch_labels.py took 0.139 seconds
[2026-05-01T13:34:31.468+0000] {processor.py:161} INFO - Started process (PID=1165) to work on /home/airflow/.local/lib/python3.12/site-packages/airflow/example_dags/example_branch_labels.py
[2026-05-01T13:34:31.470+0000] {processor.py:830} INFO - Processing file /home/airflow/.local/lib/python3.12/site-packages/airflow/example_dags/example_branch_labels.py for tasks to queue
[2026-05-01T13:34:31.478+0000] {logging_mixin.py:188} INFO - [2026-05-01T13:34:31.476+0000] {dagbag.py:545} INFO - Filling up the DagBag from /home/airflow/.local/lib/python3.12/site-packages/airflow/example_dags/example_branch_labels.py
[2026-05-01T13:34:31.499+0000] {processor.py:840} INFO - DAG(s) 'example_branch_labels' retrieved from /home/airflow/.local/lib/python3.12/site-packages/airflow/example_dags/example_branch_labels.py
[2026-05-01T13:34:31.547+0000] {logging_mixin.py:188} INFO - [2026-05-01T13:34:31.546+0000] {dag.py:3089} INFO - Sync 1 DAGs
[2026-05-01T13:34:31.743+0000] {logging_mixin.py:188} INFO - [2026-05-01T13:34:31.743+0000] {dag.py:3947} INFO - Setting next_dagrun for example_branch_labels to 2026-04-30 00:00:00+00:00, run_after=2026-05-01 00:00:00+00:00
[2026-05-01T13:34:31.847+0000] {processor.py:183} INFO - Processing /home/airflow/.local/lib/python3.12/site-packages/airflow/example_dags/example_branch_labels.py took 0.389 seconds
[2026-05-01T13:35:02.843+0000] {processor.py:161} INFO - Started process (PID=1222) to work on /home/airflow/.local/lib/python3.12/site-packages/airflow/example_dags/example_branch_labels.py
[2026-05-01T13:35:02.846+0000] {processor.py:830} INFO - Processing file /home/airflow/.local/lib/python3.12/site-packages/airflow/example_dags/example_branch_labels.py for tasks to queue
[2026-05-01T13:35:02.851+0000] {logging_mixin.py:188} INFO - [2026-05-01T13:35:02.851+0000] {dagbag.py:545} INFO - Filling up the DagBag from /home/airflow/.local/lib/python3.12/site-packages/airflow/example_dags/example_branch_labels.py
[2026-05-01T13:35:02.873+0000] {processor.py:840} INFO - DAG(s) 'example_branch_labels' retrieved from /home/airflow/.local/lib/python3.12/site-packages/airflow/example_dags/example_branch_labels.py
[2026-05-01T13:35:02.917+0000] {logging_mixin.py:188} INFO - [2026-05-01T13:35:02.917+0000] {dag.py:3089} INFO - Sync 1 DAGs
[2026-05-01T13:35:02.957+0000] {logging_mixin.py:188} INFO - [2026-05-01T13:35:02.956+0000] {dag.py:3947} INFO - Setting next_dagrun for example_branch_labels to 2026-04-30 00:00:00+00:00, run_after=2026-05-01 00:00:00+00:00
[2026-05-01T13:35:02.989+0000] {processor.py:183} INFO - Processing /home/airflow/.local/lib/python3.12/site-packages/airflow/example_dags/example_branch_labels.py took 0.155 seconds
[2026-05-01T13:35:33.629+0000] {processor.py:161} INFO - Started process (PID=1280) to work on /home/airflow/.local/lib/python3.12/site-packages/airflow/example_dags/example_branch_labels.py
[2026-05-01T13:35:33.633+0000] {processor.py:830} INFO - Processing file /home/airflow/.local/lib/python3.12/site-packages/airflow/example_dags/example_branch_labels.py for tasks to queue
[2026-05-01T13:35:33.637+0000] {logging_mixin.py:188} INFO - [2026-05-01T13:35:33.637+0000] {dagbag.py:545} INFO - Filling up the DagBag from /home/airflow/.local/lib/python3.12/site-packages/airflow/example_dags/example_branch_labels.py
[2026-05-01T13:35:33.660+0000] {processor.py:840} INFO - DAG(s) 'example_branch_labels' retrieved from /home/airflow/.local/lib/python3.12/site-packages/airflow/example_dags/example_branch_labels.py
[2026-05-01T13:35:33.712+0000] {logging_mixin.py:188} INFO - [2026-05-01T13:35:33.712+0000] {dag.py:3089} INFO - Sync 1 DAGs
[2026-05-01T13:35:33.775+0000] {logging_mixin.py:188} INFO - [2026-05-01T13:35:33.774+0000] {dag.py:3947} INFO - Setting next_dagrun for example_branch_labels to 2026-04-30 00:00:00+00:00, run_after=2026-05-01 00:00:00+00:00
[2026-05-01T13:35:33.814+0000] {processor.py:183} INFO - Processing /home/airflow/.local/lib/python3.12/site-packages/airflow/example_dags/example_branch_labels.py took 0.204 seconds
[2026-05-01T13:36:04.670+0000] {processor.py:161} INFO - Started process (PID=1338) to work on /home/airflow/.local/lib/python3.12/site-packages/airflow/example_dags/example_branch_labels.py
[2026-05-01T13:36:04.673+0000] {processor.py:830} INFO - Processing file /home/airflow/.local/lib/python3.12/site-packages/airflow/example_dags/example_branch_labels.py for tasks to queue
[2026-05-01T13:36:04.676+0000] {logging_mixin.py:188} INFO - [2026-05-01T13:36:04.676+0000] {dagbag.py:545} INFO - Filling up the DagBag from /home/airflow/.local/lib/python3.12/site-packages/airflow/example_dags/example_branch_labels.py
[2026-05-01T13:36:04.695+0000] {processor.py:840} INFO - DAG(s) 'example_branch_labels' retrieved from /home/airflow/.local/lib/python3.12/site-packages/airflow/example_dags/example_branch_labels.py
[2026-05-01T13:36:04.724+0000] {logging_mixin.py:188} INFO - [2026-05-01T13:36:04.724+0000] {dag.py:3089} INFO - Sync 1 DAGs
[2026-05-01T13:36:04.759+0000] {logging_mixin.py:188} INFO - [2026-05-01T13:36:04.758+0000] {dag.py:3947} INFO - Setting next_dagrun for example_branch_labels to 2026-04-30 00:00:00+00:00, run_after=2026-05-01 00:00:00+00:00
[2026-05-01T13:36:04.783+0000] {processor.py:183} INFO - Processing /home/airflow/.local/lib/python3.12/site-packages/airflow/example_dags/example_branch_labels.py took 0.134 seconds
[2026-05-01T13:36:35.308+0000] {processor.py:161} INFO - Started process (PID=1396) to work on /home/airflow/.local/lib/python3.12/site-packages/airflow/example_dags/example_branch_labels.py
[2026-05-01T13:36:35.317+0000] {processor.py:830} INFO - Processing file /home/airflow/.local/lib/python3.12/site-packages/airflow/example_dags/example_branch_labels.py for tasks to queue
[2026-05-01T13:36:35.327+0000] {logging_mixin.py:188} INFO - [2026-05-01T13:36:35.326+0000] {dagbag.py:545} INFO - Filling up the DagBag from /home/airflow/.local/lib/python3.12/site-packages/airflow/example_dags/example_branch_labels.py
[2026-05-01T13:36:35.359+0000] {processor.py:840} INFO - DAG(s) 'example_branch_labels' retrieved from /home/airflow/.local/lib/python3.12/site-packages/airflow/example_dags/example_branch_labels.py
[2026-05-01T13:36:35.440+0000] {logging_mixin.py:188} INFO - [2026-05-01T13:36:35.439+0000] {dag.py:3089} INFO - Sync 1 DAGs
[2026-05-01T13:36:35.542+0000] {logging_mixin.py:188} INFO - [2026-05-01T13:36:35.542+0000] {dag.py:3947} INFO - Setting next_dagrun for example_branch_labels to 2026-04-30 00:00:00+00:00, run_after=2026-05-01 00:00:00+00:00
[2026-05-01T13:36:35.684+0000] {processor.py:183} INFO - Processing /home/airflow/.local/lib/python3.12/site-packages/airflow/example_dags/example_branch_labels.py took 0.400 seconds
[2026-05-01T13:37:06.341+0000] {processor.py:161} INFO - Started process (PID=1454) to work on /home/airflow/.local/lib/python3.12/site-packages/airflow/example_dags/example_branch_labels.py
[2026-05-01T13:37:06.344+0000] {processor.py:830} INFO - Processing file /home/airflow/.local/lib/python3.12/site-packages/airflow/example_dags/example_branch_labels.py for tasks to queue
[2026-05-01T13:37:06.351+0000] {logging_mixin.py:188} INFO - [2026-05-01T13:37:06.350+0000] {dagbag.py:545} INFO - Filling up the DagBag from /home/airflow/.local/lib/python3.12/site-packages/airflow/example_dags/example_branch_labels.py
[2026-05-01T13:37:06.371+0000] {processor.py:840} INFO - DAG(s) 'example_branch_labels' retrieved from /home/airflow/.local/lib/python3.12/site-packages/airflow/example_dags/example_branch_labels.py
[2026-05-01T13:37:06.410+0000] {logging_mixin.py:188} INFO - [2026-05-01T13:37:06.407+0000] {dag.py:3089} INFO - Sync 1 DAGs
[2026-05-01T13:37:06.474+0000] {logging_mixin.py:188} INFO - [2026-05-01T13:37:06.473+0000] {dag.py:3947} INFO - Setting next_dagrun for example_branch_labels to 2026-04-30 00:00:00+00:00, run_after=2026-05-01 00:00:00+00:00
[2026-05-01T13:37:06.511+0000] {processor.py:183} INFO - Processing /home/airflow/.local/lib/python3.12/site-packages/airflow/example_dags/example_branch_labels.py took 0.183 seconds
[2026-05-01T13:37:36.915+0000] {processor.py:161} INFO - Started process (PID=1511) to work on /home/airflow/.local/lib/python3.12/site-packages/airflow/example_dags/example_branch_labels.py
[2026-05-01T13:37:36.922+0000] {processor.py:830} INFO - Processing file /home/airflow/.local/lib/python3.12/site-packages/airflow/example_dags/example_branch_labels.py for tasks to queue
[2026-05-01T13:37:36.933+0000] {logging_mixin.py:188} INFO - [2026-05-01T13:37:36.933+0000] {dagbag.py:545} INFO - Filling up the DagBag from /home/airflow/.local/lib/python3.12/site-packages/airflow/example_dags/example_branch_labels.py
[2026-05-01T13:37:36.964+0000] {processor.py:840} INFO - DAG(s) 'example_branch_labels' retrieved from /home/airflow/.local/lib/python3.12/site-packages/airflow/example_dags/example_branch_labels.py
[2026-05-01T13:37:36.999+0000] {logging_mixin.py:188} INFO - [2026-05-01T13:37:36.998+0000] {dag.py:3089} INFO - Sync 1 DAGs
[2026-05-01T13:37:37.031+0000] {logging_mixin.py:188} INFO - [2026-05-01T13:37:37.030+0000] {dag.py:3947} INFO - Setting next_dagrun for example_branch_labels to 2026-04-30 00:00:00+00:00, run_after=2026-05-01 00:00:00+00:00
[2026-05-01T13:37:37.055+0000] {processor.py:183} INFO - Processing /home/airflow/.local/lib/python3.12/site-packages/airflow/example_dags/example_branch_labels.py took 0.156 seconds
[2026-05-01T13:38:07.421+0000] {processor.py:161} INFO - Started process (PID=1568) to work on /home/airflow/.local/lib/python3.12/site-packages/airflow/example_dags/example_branch_labels.py
[2026-05-01T13:38:07.423+0000] {processor.py:830} INFO - Processing file /home/airflow/.local/lib/python3.12/site-packages/airflow/example_dags/example_branch_labels.py for tasks to queue
[2026-05-01T13:38:07.427+0000] {logging_mixin.py:188} INFO - [2026-05-01T13:38:07.427+0000] {dagbag.py:545} INFO - Filling up the DagBag from /home/airflow/.local/lib/python3.12/site-packages/airflow/example_dags/example_branch_labels.py
[2026-05-01T13:38:07.444+0000] {processor.py:840} INFO - DAG(s) 'example_branch_labels' retrieved from /home/airflow/.local/lib/python3.12/site-packages/airflow/example_dags/example_branch_labels.py
[2026-05-01T13:38:07.483+0000] {logging_mixin.py:188} INFO - [2026-05-01T13:38:07.483+0000] {dag.py:3089} INFO - Sync 1 DAGs
[2026-05-01T13:38:07.537+0000] {logging_mixin.py:188} INFO - [2026-05-01T13:38:07.536+0000] {dag.py:3947} INFO - Setting next_dagrun for example_branch_labels to 2026-04-30 00:00:00+00:00, run_after=2026-05-01 00:00:00+00:00
[2026-05-01T13:38:07.567+0000] {processor.py:183} INFO - Processing /home/airflow/.local/lib/python3.12/site-packages/airflow/example_dags/example_branch_labels.py took 0.164 seconds
[2026-05-01T13:38:38.453+0000] {processor.py:161} INFO - Started process (PID=1626) to work on /home/airflow/.local/lib/python3.12/site-packages/airflow/example_dags/example_branch_labels.py
[2026-05-01T13:38:38.458+0000] {processor.py:830} INFO - Processing file /home/airflow/.local/lib/python3.12/site-packages/airflow/example_dags/example_branch_labels.py for tasks to queue
[2026-05-01T13:38:38.465+0000] {logging_mixin.py:188} INFO - [2026-05-01T13:38:38.463+0000] {dagbag.py:545} INFO - Filling up the DagBag from /home/airflow/.local/lib/python3.12/site-packages/airflow/example_dags/example_branch_labels.py
[2026-05-01T13:38:38.486+0000] {processor.py:840} INFO - DAG(s) 'example_branch_labels' retrieved from /home/airflow/.local/lib/python3.12/site-packages/airflow/example_dags/example_branch_labels.py
[2026-05-01T13:38:38.531+0000] {logging_mixin.py:188} INFO - [2026-05-01T13:38:38.530+0000] {dag.py:3089} INFO - Sync 1 DAGs
[2026-05-01T13:38:38.590+0000] {logging_mixin.py:188} INFO - [2026-05-01T13:38:38.589+0000] {dag.py:3947} INFO - Setting next_dagrun for example_branch_labels to 2026-04-30 00:00:00+00:00, run_after=2026-05-01 00:00:00+00:00
[2026-05-01T13:38:38.619+0000] {processor.py:183} INFO - Processing /home/airflow/.local/lib/python3.12/site-packages/airflow/example_dags/example_branch_labels.py took 0.186 seconds
[2026-05-01T13:39:09.250+0000] {processor.py:161} INFO - Started process (PID=1684) to work on /home/airflow/.local/lib/python3.12/site-packages/airflow/example_dags/example_branch_labels.py
[2026-05-01T13:39:09.253+0000] {processor.py:830} INFO - Processing file /home/airflow/.local/lib/python3.12/site-packages/airflow/example_dags/example_branch_labels.py for tasks to queue
[2026-05-01T13:39:09.260+0000] {logging_mixin.py:188} INFO - [2026-05-01T13:39:09.259+0000] {dagbag.py:545} INFO - Filling up the DagBag from /home/airflow/.local/lib/python3.12/site-packages/airflow/example_dags/example_branch_labels.py
[2026-05-01T13:39:09.275+0000] {processor.py:840} INFO - DAG(s) 'example_branch_labels' retrieved from /home/airflow/.local/lib/python3.12/site-packages/airflow/example_dags/example_branch_labels.py
[2026-05-01T13:39:09.317+0000] {logging_mixin.py:188} INFO - [2026-05-01T13:39:09.316+0000] {dag.py:3089} INFO - Sync 1 DAGs
[2026-05-01T13:39:09.353+0000] {logging_mixin.py:188} INFO - [2026-05-01T13:39:09.353+0000] {dag.py:3947} INFO - Setting next_dagrun for example_branch_labels to 2026-04-30 00:00:00+00:00, run_after=2026-05-01 00:00:00+00:00
[2026-05-01T13:39:09.384+0000] {processor.py:183} INFO - Processing /home/airflow/.local/lib/python3.12/site-packages/airflow/example_dags/example_branch_labels.py took 0.146 seconds
[2026-05-01T13:39:40.217+0000] {processor.py:161} INFO - Started process (PID=1742) to work on /home/airflow/.local/lib/python3.12/site-packages/airflow/example_dags/example_branch_labels.py
[2026-05-01T13:39:40.219+0000] {processor.py:830} INFO - Processing file /home/airflow/.local/lib/python3.12/site-packages/airflow/example_dags/example_branch_labels.py for tasks to queue
[2026-05-01T13:39:40.224+0000] {logging_mixin.py:188} INFO - [2026-05-01T13:39:40.223+0000] {dagbag.py:545} INFO - Filling up the DagBag from /home/airflow/.local/lib/python3.12/site-packages/airflow/example_dags/example_branch_labels.py
[2026-05-01T13:39:40.238+0000] {processor.py:840} INFO - DAG(s) 'example_branch_labels' retrieved from /home/airflow/.local/lib/python3.12/site-packages/airflow/example_dags/example_branch_labels.py
[2026-05-01T13:39:40.270+0000] {logging_mixin.py:188} INFO - [2026-05-01T13:39:40.269+0000] {dag.py:3089} INFO - Sync 1 DAGs
[2026-05-01T13:39:40.306+0000] {logging_mixin.py:188} INFO - [2026-05-01T13:39:40.305+0000] {dag.py:3947} INFO - Setting next_dagrun for example_branch_labels to 2026-04-30 00:00:00+00:00, run_after=2026-05-01 00:00:00+00:00
[2026-05-01T13:39:40.340+0000] {processor.py:183} INFO - Processing /home/airflow/.local/lib/python3.12/site-packages/airflow/example_dags/example_branch_labels.py took 0.135 seconds
[2026-05-01T13:40:11.491+0000] {processor.py:161} INFO - Started process (PID=1800) to work on /home/airflow/.local/lib/python3.12/site-packages/airflow/example_dags/example_branch_labels.py
[2026-05-01T13:40:11.499+0000] {processor.py:830} INFO - Processing file /home/airflow/.local/lib/python3.12/site-packages/airflow/example_dags/example_branch_labels.py for tasks to queue
[2026-05-01T13:40:11.526+0000] {logging_mixin.py:188} INFO - [2026-05-01T13:40:11.525+0000] {dagbag.py:545} INFO - Filling up the DagBag from /home/airflow/.local/lib/python3.12/site-packages/airflow/example_dags/example_branch_labels.py
[2026-05-01T13:40:11.589+0000] {processor.py:840} INFO - DAG(s) 'example_branch_labels' retrieved from /home/airflow/.local/lib/python3.12/site-packages/airflow/example_dags/example_branch_labels.py
[2026-05-01T13:40:11.682+0000] {logging_mixin.py:188} INFO - [2026-05-01T13:40:11.681+0000] {dag.py:3089} INFO - Sync 1 DAGs
[2026-05-01T13:40:11.784+0000] {logging_mixin.py:188} INFO - [2026-05-01T13:40:11.783+0000] {dag.py:3947} INFO - Setting next_dagrun for example_branch_labels to 2026-04-30 00:00:00+00:00, run_after=2026-05-01 00:00:00+00:00
[2026-05-01T13:40:11.817+0000] {processor.py:183} INFO - Processing /home/airflow/.local/lib/python3.12/site-packages/airflow/example_dags/example_branch_labels.py took 0.345 seconds
[2026-05-01T13:42:22.037+0000] {processor.py:161} INFO - Started process (PID=49) to work on /home/airflow/.local/lib/python3.12/site-packages/airflow/example_dags/example_branch_labels.py
[2026-05-01T13:42:22.048+0000] {processor.py:830} INFO - Processing file /home/airflow/.local/lib/python3.12/site-packages/airflow/example_dags/example_branch_labels.py for tasks to queue
[2026-05-01T13:42:22.069+0000] {logging_mixin.py:188} INFO - [2026-05-01T13:42:22.068+0000] {dagbag.py:545} INFO - Filling up the DagBag from /home/airflow/.local/lib/python3.12/site-packages/airflow/example_dags/example_branch_labels.py
[2026-05-01T13:42:22.136+0000] {processor.py:840} INFO - DAG(s) 'example_branch_labels' retrieved from /home/airflow/.local/lib/python3.12/site-packages/airflow/example_dags/example_branch_labels.py
[2026-05-01T13:42:22.915+0000] {logging_mixin.py:188} INFO - [2026-05-01T13:42:22.914+0000] {dag.py:3089} INFO - Sync 1 DAGs
[2026-05-01T13:42:23.056+0000] {logging_mixin.py:188} INFO - [2026-05-01T13:42:23.047+0000] {dag.py:3947} INFO - Setting next_dagrun for example_branch_labels to 2026-04-30 00:00:00+00:00, run_after=2026-05-01 00:00:00+00:00
[2026-05-01T13:42:28.835+0000] {processor.py:183} INFO - Processing /home/airflow/.local/lib/python3.12/site-packages/airflow/example_dags/example_branch_labels.py took 6.832 seconds
[2026-05-01T13:42:59.075+0000] {processor.py:161} INFO - Started process (PID=107) to work on /home/airflow/.local/lib/python3.12/site-packages/airflow/example_dags/example_branch_labels.py
[2026-05-01T13:42:59.078+0000] {processor.py:830} INFO - Processing file /home/airflow/.local/lib/python3.12/site-packages/airflow/example_dags/example_branch_labels.py for tasks to queue
[2026-05-01T13:42:59.084+0000] {logging_mixin.py:188} INFO - [2026-05-01T13:42:59.083+0000] {dagbag.py:545} INFO - Filling up the DagBag from /home/airflow/.local/lib/python3.12/site-packages/airflow/example_dags/example_branch_labels.py
[2026-05-01T13:42:59.097+0000] {processor.py:840} INFO - DAG(s) 'example_branch_labels' retrieved from /home/airflow/.local/lib/python3.12/site-packages/airflow/example_dags/example_branch_labels.py
[2026-05-01T13:42:59.125+0000] {logging_mixin.py:188} INFO - [2026-05-01T13:42:59.125+0000] {dag.py:3089} INFO - Sync 1 DAGs
[2026-05-01T13:42:59.159+0000] {logging_mixin.py:188} INFO - [2026-05-01T13:42:59.159+0000] {dag.py:3947} INFO - Setting next_dagrun for example_branch_labels to 2026-04-30 00:00:00+00:00, run_after=2026-05-01 00:00:00+00:00
[2026-05-01T13:42:59.185+0000] {processor.py:183} INFO - Processing /home/airflow/.local/lib/python3.12/site-packages/airflow/example_dags/example_branch_labels.py took 0.120 seconds
[2026-05-01T13:43:32.512+0000] {processor.py:161} INFO - Started process (PID=165) to work on /home/airflow/.local/lib/python3.12/site-packages/airflow/example_dags/example_branch_labels.py
[2026-05-01T13:43:32.516+0000] {processor.py:830} INFO - Processing file /home/airflow/.local/lib/python3.12/site-packages/airflow/example_dags/example_branch_labels.py for tasks to queue
[2026-05-01T13:43:32.522+0000] {logging_mixin.py:188} INFO - [2026-05-01T13:43:32.522+0000] {dagbag.py:545} INFO - Filling up the DagBag from /home/airflow/.local/lib/python3.12/site-packages/airflow/example_dags/example_branch_labels.py
[2026-05-01T13:43:32.539+0000] {processor.py:840} INFO - DAG(s) 'example_branch_labels' retrieved from /home/airflow/.local/lib/python3.12/site-packages/airflow/example_dags/example_branch_labels.py
[2026-05-01T13:43:32.580+0000] {logging_mixin.py:188} INFO - [2026-05-01T13:43:32.580+0000] {dag.py:3089} INFO - Sync 1 DAGs
[2026-05-01T13:43:32.639+0000] {logging_mixin.py:188} INFO - [2026-05-01T13:43:32.638+0000] {dag.py:3947} INFO - Setting next_dagrun for example_branch_labels to 2026-04-30 00:00:00+00:00, run_after=2026-05-01 00:00:00+00:00
[2026-05-01T13:43:32.681+0000] {processor.py:183} INFO - Processing /home/airflow/.local/lib/python3.12/site-packages/airflow/example_dags/example_branch_labels.py took 0.186 seconds
[2026-05-01T13:44:02.978+0000] {processor.py:161} INFO - Started process (PID=219) to work on /home/airflow/.local/lib/python3.12/site-packages/airflow/example_dags/example_branch_labels.py
[2026-05-01T13:44:02.981+0000] {processor.py:830} INFO - Processing file /home/airflow/.local/lib/python3.12/site-packages/airflow/example_dags/example_branch_labels.py for tasks to queue
[2026-05-01T13:44:02.987+0000] {logging_mixin.py:188} INFO - [2026-05-01T13:44:02.986+0000] {dagbag.py:545} INFO - Filling up the DagBag from /home/airflow/.local/lib/python3.12/site-packages/airflow/example_dags/example_branch_labels.py
[2026-05-01T13:44:03.013+0000] {processor.py:840} INFO - DAG(s) 'example_branch_labels' retrieved from /home/airflow/.local/lib/python3.12/site-packages/airflow/example_dags/example_branch_labels.py
[2026-05-01T13:44:03.057+0000] {logging_mixin.py:188} INFO - [2026-05-01T13:44:03.056+0000] {dag.py:3089} INFO - Sync 1 DAGs
[2026-05-01T13:44:03.094+0000] {logging_mixin.py:188} INFO - [2026-05-01T13:44:03.093+0000] {dag.py:3947} INFO - Setting next_dagrun for example_branch_labels to 2026-04-30 00:00:00+00:00, run_after=2026-05-01 00:00:00+00:00
[2026-05-01T13:44:03.134+0000] {processor.py:183} INFO - Processing /home/airflow/.local/lib/python3.12/site-packages/airflow/example_dags/example_branch_labels.py took 0.166 seconds
[2026-05-01T13:44:33.783+0000] {processor.py:161} INFO - Started process (PID=276) to work on /home/airflow/.local/lib/python3.12/site-packages/airflow/example_dags/example_branch_labels.py
[2026-05-01T13:44:33.786+0000] {processor.py:830} INFO - Processing file /home/airflow/.local/lib/python3.12/site-packages/airflow/example_dags/example_branch_labels.py for tasks to queue
[2026-05-01T13:44:33.791+0000] {logging_mixin.py:188} INFO - [2026-05-01T13:44:33.790+0000] {dagbag.py:545} INFO - Filling up the DagBag from /home/airflow/.local/lib/python3.12/site-packages/airflow/example_dags/example_branch_labels.py
[2026-05-01T13:44:33.808+0000] {processor.py:840} INFO - DAG(s) 'example_branch_labels' retrieved from /home/airflow/.local/lib/python3.12/site-packages/airflow/example_dags/example_branch_labels.py
[2026-05-01T13:44:33.865+0000] {logging_mixin.py:188} INFO - [2026-05-01T13:44:33.862+0000] {dag.py:3089} INFO - Sync 1 DAGs
[2026-05-01T13:44:33.932+0000] {logging_mixin.py:188} INFO - [2026-05-01T13:44:33.931+0000] {dag.py:3947} INFO - Setting next_dagrun for example_branch_labels to 2026-04-30 00:00:00+00:00, run_after=2026-05-01 00:00:00+00:00
[2026-05-01T13:44:33.978+0000] {processor.py:183} INFO - Processing /home/airflow/.local/lib/python3.12/site-packages/airflow/example_dags/example_branch_labels.py took 0.208 seconds
[2026-05-01T13:45:07.412+0000] {processor.py:161} INFO - Started process (PID=334) to work on /home/airflow/.local/lib/python3.12/site-packages/airflow/example_dags/example_branch_labels.py
[2026-05-01T13:45:07.425+0000] {processor.py:830} INFO - Processing file /home/airflow/.local/lib/python3.12/site-packages/airflow/example_dags/example_branch_labels.py for tasks to queue
[2026-05-01T13:45:07.452+0000] {logging_mixin.py:188} INFO - [2026-05-01T13:45:07.451+0000] {dagbag.py:545} INFO - Filling up the DagBag from /home/airflow/.local/lib/python3.12/site-packages/airflow/example_dags/example_branch_labels.py
[2026-05-01T13:45:07.528+0000] {processor.py:840} INFO - DAG(s) 'example_branch_labels' retrieved from /home/airflow/.local/lib/python3.12/site-packages/airflow/example_dags/example_branch_labels.py
[2026-05-01T13:45:07.762+0000] {logging_mixin.py:188} INFO - [2026-05-01T13:45:07.761+0000] {dag.py:3089} INFO - Sync 1 DAGs
[2026-05-01T13:45:08.020+0000] {logging_mixin.py:188} INFO - [2026-05-01T13:45:08.019+0000] {dag.py:3947} INFO - Setting next_dagrun for example_branch_labels to 2026-04-30 00:00:00+00:00, run_after=2026-05-01 00:00:00+00:00
[2026-05-01T13:45:08.211+0000] {processor.py:183} INFO - Processing /home/airflow/.local/lib/python3.12/site-packages/airflow/example_dags/example_branch_labels.py took 0.903 seconds
[2026-05-01T13:45:38.434+0000] {processor.py:161} INFO - Started process (PID=392) to work on /home/airflow/.local/lib/python3.12/site-packages/airflow/example_dags/example_branch_labels.py
[2026-05-01T13:45:38.445+0000] {processor.py:830} INFO - Processing file /home/airflow/.local/lib/python3.12/site-packages/airflow/example_dags/example_branch_labels.py for tasks to queue
[2026-05-01T13:45:38.463+0000] {logging_mixin.py:188} INFO - [2026-05-01T13:45:38.462+0000] {dagbag.py:545} INFO - Filling up the DagBag from /home/airflow/.local/lib/python3.12/site-packages/airflow/example_dags/example_branch_labels.py
[2026-05-01T13:45:38.528+0000] {processor.py:840} INFO - DAG(s) 'example_branch_labels' retrieved from /home/airflow/.local/lib/python3.12/site-packages/airflow/example_dags/example_branch_labels.py
[2026-05-01T13:45:38.653+0000] {logging_mixin.py:188} INFO - [2026-05-01T13:45:38.651+0000] {dag.py:3089} INFO - Sync 1 DAGs
[2026-05-01T13:45:39.031+0000] {logging_mixin.py:188} INFO - [2026-05-01T13:45:39.031+0000] {dag.py:3947} INFO - Setting next_dagrun for example_branch_labels to 2026-04-30 00:00:00+00:00, run_after=2026-05-01 00:00:00+00:00
[2026-05-01T13:45:39.072+0000] {processor.py:183} INFO - Processing /home/airflow/.local/lib/python3.12/site-packages/airflow/example_dags/example_branch_labels.py took 0.653 seconds
[2026-05-01T13:46:09.299+0000] {processor.py:161} INFO - Started process (PID=449) to work on /home/airflow/.local/lib/python3.12/site-packages/airflow/example_dags/example_branch_labels.py
[2026-05-01T13:46:09.303+0000] {processor.py:830} INFO - Processing file /home/airflow/.local/lib/python3.12/site-packages/airflow/example_dags/example_branch_labels.py for tasks to queue
[2026-05-01T13:46:09.311+0000] {logging_mixin.py:188} INFO - [2026-05-01T13:46:09.310+0000] {dagbag.py:545} INFO - Filling up the DagBag from /home/airflow/.local/lib/python3.12/site-packages/airflow/example_dags/example_branch_labels.py
[2026-05-01T13:46:09.332+0000] {processor.py:840} INFO - DAG(s) 'example_branch_labels' retrieved from /home/airflow/.local/lib/python3.12/site-packages/airflow/example_dags/example_branch_labels.py
[2026-05-01T13:46:09.371+0000] {logging_mixin.py:188} INFO - [2026-05-01T13:46:09.370+0000] {dag.py:3089} INFO - Sync 1 DAGs
[2026-05-01T13:46:09.412+0000] {logging_mixin.py:188} INFO - [2026-05-01T13:46:09.411+0000] {dag.py:3947} INFO - Setting next_dagrun for example_branch_labels to 2026-04-30 00:00:00+00:00, run_after=2026-05-01 00:00:00+00:00
[2026-05-01T13:46:09.453+0000] {processor.py:183} INFO - Processing /home/airflow/.local/lib/python3.12/site-packages/airflow/example_dags/example_branch_labels.py took 0.166 seconds
[2026-05-01T13:46:39.837+0000] {processor.py:161} INFO - Started process (PID=507) to work on /home/airflow/.local/lib/python3.12/site-packages/airflow/example_dags/example_branch_labels.py
[2026-05-01T13:46:39.840+0000] {processor.py:830} INFO - Processing file /home/airflow/.local/lib/python3.12/site-packages/airflow/example_dags/example_branch_labels.py for tasks to queue
[2026-05-01T13:46:39.845+0000] {logging_mixin.py:188} INFO - [2026-05-01T13:46:39.844+0000] {dagbag.py:545} INFO - Filling up the DagBag from /home/airflow/.local/lib/python3.12/site-packages/airflow/example_dags/example_branch_labels.py
[2026-05-01T13:46:39.858+0000] {processor.py:840} INFO - DAG(s) 'example_branch_labels' retrieved from /home/airflow/.local/lib/python3.12/site-packages/airflow/example_dags/example_branch_labels.py
[2026-05-01T13:46:39.914+0000] {logging_mixin.py:188} INFO - [2026-05-01T13:46:39.913+0000] {dag.py:3089} INFO - Sync 1 DAGs
[2026-05-01T13:46:39.945+0000] {logging_mixin.py:188} INFO - [2026-05-01T13:46:39.945+0000] {dag.py:3947} INFO - Setting next_dagrun for example_branch_labels to 2026-04-30 00:00:00+00:00, run_after=2026-05-01 00:00:00+00:00
[2026-05-01T13:46:39.973+0000] {processor.py:183} INFO - Processing /home/airflow/.local/lib/python3.12/site-packages/airflow/example_dags/example_branch_labels.py took 0.150 seconds
[2026-05-01T13:47:10.886+0000] {processor.py:161} INFO - Started process (PID=565) to work on /home/airflow/.local/lib/python3.12/site-packages/airflow/example_dags/example_branch_labels.py
[2026-05-01T13:47:10.889+0000] {processor.py:830} INFO - Processing file /home/airflow/.local/lib/python3.12/site-packages/airflow/example_dags/example_branch_labels.py for tasks to queue
[2026-05-01T13:47:10.896+0000] {logging_mixin.py:188} INFO - [2026-05-01T13:47:10.894+0000] {dagbag.py:545} INFO - Filling up the DagBag from /home/airflow/.local/lib/python3.12/site-packages/airflow/example_dags/example_branch_labels.py
[2026-05-01T13:47:10.925+0000] {processor.py:840} INFO - DAG(s) 'example_branch_labels' retrieved from /home/airflow/.local/lib/python3.12/site-packages/airflow/example_dags/example_branch_labels.py
[2026-05-01T13:47:10.978+0000] {logging_mixin.py:188} INFO - [2026-05-01T13:47:10.978+0000] {dag.py:3089} INFO - Sync 1 DAGs
[2026-05-01T13:47:11.029+0000] {logging_mixin.py:188} INFO - [2026-05-01T13:47:11.028+0000] {dag.py:3947} INFO - Setting next_dagrun for example_branch_labels to 2026-04-30 00:00:00+00:00, run_after=2026-05-01 00:00:00+00:00
[2026-05-01T13:47:11.064+0000] {processor.py:183} INFO - Processing /home/airflow/.local/lib/python3.12/site-packages/airflow/example_dags/example_branch_labels.py took 0.194 seconds
[2026-05-01T13:47:41.664+0000] {processor.py:161} INFO - Started process (PID=623) to work on /home/airflow/.local/lib/python3.12/site-packages/airflow/example_dags/example_branch_labels.py
[2026-05-01T13:47:41.667+0000] {processor.py:830} INFO - Processing file /home/airflow/.local/lib/python3.12/site-packages/airflow/example_dags/example_branch_labels.py for tasks to queue
[2026-05-01T13:47:41.674+0000] {logging_mixin.py:188} INFO - [2026-05-01T13:47:41.673+0000] {dagbag.py:545} INFO - Filling up the DagBag from /home/airflow/.local/lib/python3.12/site-packages/airflow/example_dags/example_branch_labels.py
[2026-05-01T13:47:41.690+0000] {processor.py:840} INFO - DAG(s) 'example_branch_labels' retrieved from /home/airflow/.local/lib/python3.12/site-packages/airflow/example_dags/example_branch_labels.py
[2026-05-01T13:47:41.724+0000] {logging_mixin.py:188} INFO - [2026-05-01T13:47:41.724+0000] {dag.py:3089} INFO - Sync 1 DAGs
[2026-05-01T13:47:41.760+0000] {logging_mixin.py:188} INFO - [2026-05-01T13:47:41.760+0000] {dag.py:3947} INFO - Setting next_dagrun for example_branch_labels to 2026-04-30 00:00:00+00:00, run_after=2026-05-01 00:00:00+00:00
[2026-05-01T13:47:41.791+0000] {processor.py:183} INFO - Processing /home/airflow/.local/lib/python3.12/site-packages/airflow/example_dags/example_branch_labels.py took 0.142 seconds
[2026-05-01T13:48:12.290+0000] {processor.py:161} INFO - Started process (PID=680) to work on /home/airflow/.local/lib/python3.12/site-packages/airflow/example_dags/example_branch_labels.py
[2026-05-01T13:48:12.294+0000] {processor.py:830} INFO - Processing file /home/airflow/.local/lib/python3.12/site-packages/airflow/example_dags/example_branch_labels.py for tasks to queue
[2026-05-01T13:48:12.299+0000] {logging_mixin.py:188} INFO - [2026-05-01T13:48:12.298+0000] {dagbag.py:545} INFO - Filling up the DagBag from /home/airflow/.local/lib/python3.12/site-packages/airflow/example_dags/example_branch_labels.py
[2026-05-01T13:48:12.315+0000] {processor.py:840} INFO - DAG(s) 'example_branch_labels' retrieved from /home/airflow/.local/lib/python3.12/site-packages/airflow/example_dags/example_branch_labels.py
[2026-05-01T13:48:12.343+0000] {logging_mixin.py:188} INFO - [2026-05-01T13:48:12.343+0000] {dag.py:3089} INFO - Sync 1 DAGs
[2026-05-01T13:48:12.374+0000] {logging_mixin.py:188} INFO - [2026-05-01T13:48:12.374+0000] {dag.py:3947} INFO - Setting next_dagrun for example_branch_labels to 2026-04-30 00:00:00+00:00, run_after=2026-05-01 00:00:00+00:00
[2026-05-01T13:48:12.409+0000] {processor.py:183} INFO - Processing /home/airflow/.local/lib/python3.12/site-packages/airflow/example_dags/example_branch_labels.py took 0.131 seconds
[2026-05-01T13:48:42.813+0000] {processor.py:161} INFO - Started process (PID=737) to work on /home/airflow/.local/lib/python3.12/site-packages/airflow/example_dags/example_branch_labels.py
[2026-05-01T13:48:42.819+0000] {processor.py:830} INFO - Processing file /home/airflow/.local/lib/python3.12/site-packages/airflow/example_dags/example_branch_labels.py for tasks to queue
[2026-05-01T13:48:42.824+0000] {logging_mixin.py:188} INFO - [2026-05-01T13:48:42.823+0000] {dagbag.py:545} INFO - Filling up the DagBag from /home/airflow/.local/lib/python3.12/site-packages/airflow/example_dags/example_branch_labels.py
[2026-05-01T13:48:42.846+0000] {processor.py:840} INFO - DAG(s) 'example_branch_labels' retrieved from /home/airflow/.local/lib/python3.12/site-packages/airflow/example_dags/example_branch_labels.py
[2026-05-01T13:48:42.907+0000] {logging_mixin.py:188} INFO - [2026-05-01T13:48:42.907+0000] {dag.py:3089} INFO - Sync 1 DAGs
[2026-05-01T13:48:42.964+0000] {logging_mixin.py:188} INFO - [2026-05-01T13:48:42.964+0000] {dag.py:3947} INFO - Setting next_dagrun for example_branch_labels to 2026-04-30 00:00:00+00:00, run_after=2026-05-01 00:00:00+00:00
[2026-05-01T13:48:43.024+0000] {processor.py:183} INFO - Processing /home/airflow/.local/lib/python3.12/site-packages/airflow/example_dags/example_branch_labels.py took 0.235 seconds
[2026-05-01T13:49:13.231+0000] {processor.py:161} INFO - Started process (PID=795) to work on /home/airflow/.local/lib/python3.12/site-packages/airflow/example_dags/example_branch_labels.py
[2026-05-01T13:49:13.238+0000] {processor.py:830} INFO - Processing file /home/airflow/.local/lib/python3.12/site-packages/airflow/example_dags/example_branch_labels.py for tasks to queue
[2026-05-01T13:49:13.245+0000] {logging_mixin.py:188} INFO - [2026-05-01T13:49:13.244+0000] {dagbag.py:545} INFO - Filling up the DagBag from /home/airflow/.local/lib/python3.12/site-packages/airflow/example_dags/example_branch_labels.py
[2026-05-01T13:49:13.285+0000] {processor.py:840} INFO - DAG(s) 'example_branch_labels' retrieved from /home/airflow/.local/lib/python3.12/site-packages/airflow/example_dags/example_branch_labels.py
[2026-05-01T13:49:13.418+0000] {logging_mixin.py:188} INFO - [2026-05-01T13:49:13.417+0000] {dag.py:3089} INFO - Sync 1 DAGs
[2026-05-01T13:49:13.519+0000] {logging_mixin.py:188} INFO - [2026-05-01T13:49:13.518+0000] {dag.py:3947} INFO - Setting next_dagrun for example_branch_labels to 2026-04-30 00:00:00+00:00, run_after=2026-05-01 00:00:00+00:00
[2026-05-01T13:49:13.595+0000] {processor.py:183} INFO - Processing /home/airflow/.local/lib/python3.12/site-packages/airflow/example_dags/example_branch_labels.py took 0.401 seconds
[2026-05-01T13:49:43.976+0000] {processor.py:161} INFO - Started process (PID=853) to work on /home/airflow/.local/lib/python3.12/site-packages/airflow/example_dags/example_branch_labels.py
[2026-05-01T13:49:43.981+0000] {processor.py:830} INFO - Processing file /home/airflow/.local/lib/python3.12/site-packages/airflow/example_dags/example_branch_labels.py for tasks to queue
[2026-05-01T13:49:43.988+0000] {logging_mixin.py:188} INFO - [2026-05-01T13:49:43.987+0000] {dagbag.py:545} INFO - Filling up the DagBag from /home/airflow/.local/lib/python3.12/site-packages/airflow/example_dags/example_branch_labels.py
[2026-05-01T13:49:44.005+0000] {processor.py:840} INFO - DAG(s) 'example_branch_labels' retrieved from /home/airflow/.local/lib/python3.12/site-packages/airflow/example_dags/example_branch_labels.py
[2026-05-01T13:49:44.048+0000] {logging_mixin.py:188} INFO - [2026-05-01T13:49:44.047+0000] {dag.py:3089} INFO - Sync 1 DAGs
[2026-05-01T13:49:44.104+0000] {logging_mixin.py:188} INFO - [2026-05-01T13:49:44.102+0000] {dag.py:3947} INFO - Setting next_dagrun for example_branch_labels to 2026-04-30 00:00:00+00:00, run_after=2026-05-01 00:00:00+00:00
[2026-05-01T13:49:44.134+0000] {processor.py:183} INFO - Processing /home/airflow/.local/lib/python3.12/site-packages/airflow/example_dags/example_branch_labels.py took 0.170 seconds
[2026-05-01T13:50:14.330+0000] {processor.py:161} INFO - Started process (PID=910) to work on /home/airflow/.local/lib/python3.12/site-packages/airflow/example_dags/example_branch_labels.py
[2026-05-01T13:50:14.334+0000] {processor.py:830} INFO - Processing file /home/airflow/.local/lib/python3.12/site-packages/airflow/example_dags/example_branch_labels.py for tasks to queue
[2026-05-01T13:50:14.347+0000] {logging_mixin.py:188} INFO - [2026-05-01T13:50:14.346+0000] {dagbag.py:545} INFO - Filling up the DagBag from /home/airflow/.local/lib/python3.12/site-packages/airflow/example_dags/example_branch_labels.py
[2026-05-01T13:50:14.371+0000] {processor.py:840} INFO - DAG(s) 'example_branch_labels' retrieved from /home/airflow/.local/lib/python3.12/site-packages/airflow/example_dags/example_branch_labels.py
[2026-05-01T13:50:14.445+0000] {logging_mixin.py:188} INFO - [2026-05-01T13:50:14.444+0000] {dag.py:3089} INFO - Sync 1 DAGs
[2026-05-01T13:50:14.531+0000] {logging_mixin.py:188} INFO - [2026-05-01T13:50:14.531+0000] {dag.py:3947} INFO - Setting next_dagrun for example_branch_labels to 2026-04-30 00:00:00+00:00, run_after=2026-05-01 00:00:00+00:00
[2026-05-01T13:50:14.598+0000] {processor.py:183} INFO - Processing /home/airflow/.local/lib/python3.12/site-packages/airflow/example_dags/example_branch_labels.py took 0.288 seconds
[2026-05-01T13:50:45.541+0000] {processor.py:161} INFO - Started process (PID=967) to work on /home/airflow/.local/lib/python3.12/site-packages/airflow/example_dags/example_branch_labels.py
[2026-05-01T13:50:45.544+0000] {processor.py:830} INFO - Processing file /home/airflow/.local/lib/python3.12/site-packages/airflow/example_dags/example_branch_labels.py for tasks to queue
[2026-05-01T13:50:45.549+0000] {logging_mixin.py:188} INFO - [2026-05-01T13:50:45.548+0000] {dagbag.py:545} INFO - Filling up the DagBag from /home/airflow/.local/lib/python3.12/site-packages/airflow/example_dags/example_branch_labels.py
[2026-05-01T13:50:45.565+0000] {processor.py:840} INFO - DAG(s) 'example_branch_labels' retrieved from /home/airflow/.local/lib/python3.12/site-packages/airflow/example_dags/example_branch_labels.py
[2026-05-01T13:50:45.618+0000] {logging_mixin.py:188} INFO - [2026-05-01T13:50:45.618+0000] {dag.py:3089} INFO - Sync 1 DAGs
[2026-05-01T13:50:45.725+0000] {logging_mixin.py:188} INFO - [2026-05-01T13:50:45.724+0000] {dag.py:3947} INFO - Setting next_dagrun for example_branch_labels to 2026-04-30 00:00:00+00:00, run_after=2026-05-01 00:00:00+00:00
[2026-05-01T13:50:45.855+0000] {processor.py:183} INFO - Processing /home/airflow/.local/lib/python3.12/site-packages/airflow/example_dags/example_branch_labels.py took 0.329 seconds
[2026-05-01T13:51:16.345+0000] {processor.py:161} INFO - Started process (PID=1024) to work on /home/airflow/.local/lib/python3.12/site-packages/airflow/example_dags/example_branch_labels.py
[2026-05-01T13:51:16.368+0000] {processor.py:830} INFO - Processing file /home/airflow/.local/lib/python3.12/site-packages/airflow/example_dags/example_branch_labels.py for tasks to queue
[2026-05-01T13:51:16.380+0000] {logging_mixin.py:188} INFO - [2026-05-01T13:51:16.372+0000] {dagbag.py:545} INFO - Filling up the DagBag from /home/airflow/.local/lib/python3.12/site-packages/airflow/example_dags/example_branch_labels.py
[2026-05-01T13:51:16.419+0000] {processor.py:840} INFO - DAG(s) 'example_branch_labels' retrieved from /home/airflow/.local/lib/python3.12/site-packages/airflow/example_dags/example_branch_labels.py
[2026-05-01T13:51:16.485+0000] {logging_mixin.py:188} INFO - [2026-05-01T13:51:16.485+0000] {dag.py:3089} INFO - Sync 1 DAGs
[2026-05-01T13:51:16.535+0000] {logging_mixin.py:188} INFO - [2026-05-01T13:51:16.535+0000] {dag.py:3947} INFO - Setting next_dagrun for example_branch_labels to 2026-04-30 00:00:00+00:00, run_after=2026-05-01 00:00:00+00:00
[2026-05-01T13:51:16.577+0000] {processor.py:183} INFO - Processing /home/airflow/.local/lib/python3.12/site-packages/airflow/example_dags/example_branch_labels.py took 0.273 seconds
[2026-05-01T13:51:46.694+0000] {processor.py:161} INFO - Started process (PID=1082) to work on /home/airflow/.local/lib/python3.12/site-packages/airflow/example_dags/example_branch_labels.py
[2026-05-01T13:51:46.698+0000] {processor.py:830} INFO - Processing file /home/airflow/.local/lib/python3.12/site-packages/airflow/example_dags/example_branch_labels.py for tasks to queue
[2026-05-01T13:51:46.703+0000] {logging_mixin.py:188} INFO - [2026-05-01T13:51:46.702+0000] {dagbag.py:545} INFO - Filling up the DagBag from /home/airflow/.local/lib/python3.12/site-packages/airflow/example_dags/example_branch_labels.py
[2026-05-01T13:51:46.723+0000] {processor.py:840} INFO - DAG(s) 'example_branch_labels' retrieved from /home/airflow/.local/lib/python3.12/site-packages/airflow/example_dags/example_branch_labels.py
[2026-05-01T13:51:46.766+0000] {logging_mixin.py:188} INFO - [2026-05-01T13:51:46.766+0000] {dag.py:3089} INFO - Sync 1 DAGs
[2026-05-01T13:51:46.811+0000] {logging_mixin.py:188} INFO - [2026-05-01T13:51:46.810+0000] {dag.py:3947} INFO - Setting next_dagrun for example_branch_labels to 2026-04-30 00:00:00+00:00, run_after=2026-05-01 00:00:00+00:00
[2026-05-01T13:51:46.848+0000] {processor.py:183} INFO - Processing /home/airflow/.local/lib/python3.12/site-packages/airflow/example_dags/example_branch_labels.py took 0.165 seconds
[2026-05-01T13:52:17.187+0000] {processor.py:161} INFO - Started process (PID=1139) to work on /home/airflow/.local/lib/python3.12/site-packages/airflow/example_dags/example_branch_labels.py
[2026-05-01T13:52:17.190+0000] {processor.py:830} INFO - Processing file /home/airflow/.local/lib/python3.12/site-packages/airflow/example_dags/example_branch_labels.py for tasks to queue
[2026-05-01T13:52:17.198+0000] {logging_mixin.py:188} INFO - [2026-05-01T13:52:17.197+0000] {dagbag.py:545} INFO - Filling up the DagBag from /home/airflow/.local/lib/python3.12/site-packages/airflow/example_dags/example_branch_labels.py
[2026-05-01T13:52:17.219+0000] {processor.py:840} INFO - DAG(s) 'example_branch_labels' retrieved from /home/airflow/.local/lib/python3.12/site-packages/airflow/example_dags/example_branch_labels.py
[2026-05-01T13:52:17.274+0000] {logging_mixin.py:188} INFO - [2026-05-01T13:52:17.274+0000] {dag.py:3089} INFO - Sync 1 DAGs
[2026-05-01T13:52:17.333+0000] {logging_mixin.py:188} INFO - [2026-05-01T13:52:17.333+0000] {dag.py:3947} INFO - Setting next_dagrun for example_branch_labels to 2026-04-30 00:00:00+00:00, run_after=2026-05-01 00:00:00+00:00
[2026-05-01T13:52:17.383+0000] {processor.py:183} INFO - Processing /home/airflow/.local/lib/python3.12/site-packages/airflow/example_dags/example_branch_labels.py took 0.216 seconds
[2026-05-01T13:52:49.292+0000] {processor.py:161} INFO - Started process (PID=1196) to work on /home/airflow/.local/lib/python3.12/site-packages/airflow/example_dags/example_branch_labels.py
[2026-05-01T13:52:49.298+0000] {processor.py:830} INFO - Processing file /home/airflow/.local/lib/python3.12/site-packages/airflow/example_dags/example_branch_labels.py for tasks to queue
[2026-05-01T13:52:49.312+0000] {logging_mixin.py:188} INFO - [2026-05-01T13:52:49.311+0000] {dagbag.py:545} INFO - Filling up the DagBag from /home/airflow/.local/lib/python3.12/site-packages/airflow/example_dags/example_branch_labels.py
[2026-05-01T13:52:49.458+0000] {processor.py:840} INFO - DAG(s) 'example_branch_labels' retrieved from /home/airflow/.local/lib/python3.12/site-packages/airflow/example_dags/example_branch_labels.py
[2026-05-01T13:52:49.592+0000] {logging_mixin.py:188} INFO - [2026-05-01T13:52:49.592+0000] {dag.py:3089} INFO - Sync 1 DAGs
[2026-05-01T13:52:49.680+0000] {logging_mixin.py:188} INFO - [2026-05-01T13:52:49.679+0000] {dag.py:3947} INFO - Setting next_dagrun for example_branch_labels to 2026-04-30 00:00:00+00:00, run_after=2026-05-01 00:00:00+00:00
[2026-05-01T13:52:49.745+0000] {processor.py:183} INFO - Processing /home/airflow/.local/lib/python3.12/site-packages/airflow/example_dags/example_branch_labels.py took 0.627 seconds
[2026-05-01T13:53:20.271+0000] {processor.py:161} INFO - Started process (PID=1254) to work on /home/airflow/.local/lib/python3.12/site-packages/airflow/example_dags/example_branch_labels.py
[2026-05-01T13:53:20.281+0000] {processor.py:830} INFO - Processing file /home/airflow/.local/lib/python3.12/site-packages/airflow/example_dags/example_branch_labels.py for tasks to queue
[2026-05-01T13:53:20.287+0000] {logging_mixin.py:188} INFO - [2026-05-01T13:53:20.286+0000] {dagbag.py:545} INFO - Filling up the DagBag from /home/airflow/.local/lib/python3.12/site-packages/airflow/example_dags/example_branch_labels.py
[2026-05-01T13:53:20.322+0000] {processor.py:840} INFO - DAG(s) 'example_branch_labels' retrieved from /home/airflow/.local/lib/python3.12/site-packages/airflow/example_dags/example_branch_labels.py
[2026-05-01T13:53:20.410+0000] {logging_mixin.py:188} INFO - [2026-05-01T13:53:20.408+0000] {dag.py:3089} INFO - Sync 1 DAGs
[2026-05-01T13:53:20.492+0000] {logging_mixin.py:188} INFO - [2026-05-01T13:53:20.490+0000] {dag.py:3947} INFO - Setting next_dagrun for example_branch_labels to 2026-04-30 00:00:00+00:00, run_after=2026-05-01 00:00:00+00:00
[2026-05-01T13:53:20.552+0000] {processor.py:183} INFO - Processing /home/airflow/.local/lib/python3.12/site-packages/airflow/example_dags/example_branch_labels.py took 0.302 seconds
