[2026-05-01T13:24:12.737+0000] {processor.py:161} INFO - Started process (PID=49) to work on /home/airflow/.local/lib/python3.12/site-packages/airflow/example_dags/example_complex.py
[2026-05-01T13:24:12.755+0000] {processor.py:830} INFO - Processing file /home/airflow/.local/lib/python3.12/site-packages/airflow/example_dags/example_complex.py for tasks to queue
[2026-05-01T13:24:12.778+0000] {logging_mixin.py:188} INFO - [2026-05-01T13:24:12.773+0000] {dagbag.py:545} INFO - Filling up the DagBag from /home/airflow/.local/lib/python3.12/site-packages/airflow/example_dags/example_complex.py
[2026-05-01T13:24:12.865+0000] {processor.py:840} INFO - DAG(s) 'example_complex' retrieved from /home/airflow/.local/lib/python3.12/site-packages/airflow/example_dags/example_complex.py
[2026-05-01T13:24:13.863+0000] {logging_mixin.py:188} INFO - [2026-05-01T13:24:13.862+0000] {override.py:1858} INFO - Created Permission View: can delete on DAG:example_complex
[2026-05-01T13:24:13.926+0000] {logging_mixin.py:188} INFO - [2026-05-01T13:24:13.926+0000] {override.py:1858} INFO - Created Permission View: can edit on DAG:example_complex
[2026-05-01T13:24:13.961+0000] {logging_mixin.py:188} INFO - [2026-05-01T13:24:13.960+0000] {override.py:1858} INFO - Created Permission View: can read on DAG:example_complex
[2026-05-01T13:24:13.964+0000] {logging_mixin.py:188} INFO - [2026-05-01T13:24:13.962+0000] {dag.py:3089} INFO - Sync 1 DAGs
[2026-05-01T13:24:14.043+0000] {logging_mixin.py:188} INFO - [2026-05-01T13:24:14.043+0000] {dag.py:3111} INFO - Creating ORM DAG for example_complex
[2026-05-01T13:24:14.052+0000] {logging_mixin.py:188} INFO - [2026-05-01T13:24:14.050+0000] {dag.py:3947} INFO - Setting next_dagrun for example_complex to None, run_after=None
[2026-05-01T13:24:14.194+0000] {processor.py:183} INFO - Processing /home/airflow/.local/lib/python3.12/site-packages/airflow/example_dags/example_complex.py took 1.493 seconds
[2026-05-01T13:25:09.661+0000] {processor.py:161} INFO - Started process (PID=106) to work on /home/airflow/.local/lib/python3.12/site-packages/airflow/example_dags/example_complex.py
[2026-05-01T13:25:09.703+0000] {processor.py:830} INFO - Processing file /home/airflow/.local/lib/python3.12/site-packages/airflow/example_dags/example_complex.py for tasks to queue
[2026-05-01T13:25:09.757+0000] {logging_mixin.py:188} INFO - [2026-05-01T13:25:09.756+0000] {dagbag.py:545} INFO - Filling up the DagBag from /home/airflow/.local/lib/python3.12/site-packages/airflow/example_dags/example_complex.py
[2026-05-01T13:25:09.941+0000] {processor.py:840} INFO - DAG(s) 'example_complex' retrieved from /home/airflow/.local/lib/python3.12/site-packages/airflow/example_dags/example_complex.py
[2026-05-01T13:25:10.026+0000] {logging_mixin.py:188} INFO - [2026-05-01T13:25:10.025+0000] {dag.py:3089} INFO - Sync 1 DAGs
[2026-05-01T13:25:10.107+0000] {logging_mixin.py:188} INFO - [2026-05-01T13:25:10.107+0000] {dag.py:3947} INFO - Setting next_dagrun for example_complex to None, run_after=None
[2026-05-01T13:25:10.237+0000] {processor.py:183} INFO - Processing /home/airflow/.local/lib/python3.12/site-packages/airflow/example_dags/example_complex.py took 0.619 seconds
[2026-05-01T13:25:40.591+0000] {processor.py:161} INFO - Started process (PID=162) to work on /home/airflow/.local/lib/python3.12/site-packages/airflow/example_dags/example_complex.py
[2026-05-01T13:25:40.603+0000] {processor.py:830} INFO - Processing file /home/airflow/.local/lib/python3.12/site-packages/airflow/example_dags/example_complex.py for tasks to queue
[2026-05-01T13:25:40.610+0000] {logging_mixin.py:188} INFO - [2026-05-01T13:25:40.607+0000] {dagbag.py:545} INFO - Filling up the DagBag from /home/airflow/.local/lib/python3.12/site-packages/airflow/example_dags/example_complex.py
[2026-05-01T13:25:40.645+0000] {processor.py:840} INFO - DAG(s) 'example_complex' retrieved from /home/airflow/.local/lib/python3.12/site-packages/airflow/example_dags/example_complex.py
[2026-05-01T13:25:40.831+0000] {logging_mixin.py:188} INFO - [2026-05-01T13:25:40.831+0000] {dag.py:3089} INFO - Sync 1 DAGs
[2026-05-01T13:25:40.849+0000] {logging_mixin.py:188} INFO - [2026-05-01T13:25:40.848+0000] {dag.py:3947} INFO - Setting next_dagrun for example_complex to None, run_after=None
[2026-05-01T13:25:40.878+0000] {processor.py:183} INFO - Processing /home/airflow/.local/lib/python3.12/site-packages/airflow/example_dags/example_complex.py took 0.306 seconds
[2026-05-01T13:26:11.318+0000] {processor.py:161} INFO - Started process (PID=220) to work on /home/airflow/.local/lib/python3.12/site-packages/airflow/example_dags/example_complex.py
[2026-05-01T13:26:11.324+0000] {processor.py:830} INFO - Processing file /home/airflow/.local/lib/python3.12/site-packages/airflow/example_dags/example_complex.py for tasks to queue
[2026-05-01T13:26:11.329+0000] {logging_mixin.py:188} INFO - [2026-05-01T13:26:11.329+0000] {dagbag.py:545} INFO - Filling up the DagBag from /home/airflow/.local/lib/python3.12/site-packages/airflow/example_dags/example_complex.py
[2026-05-01T13:26:11.356+0000] {processor.py:840} INFO - DAG(s) 'example_complex' retrieved from /home/airflow/.local/lib/python3.12/site-packages/airflow/example_dags/example_complex.py
[2026-05-01T13:26:11.428+0000] {logging_mixin.py:188} INFO - [2026-05-01T13:26:11.428+0000] {dag.py:3089} INFO - Sync 1 DAGs
[2026-05-01T13:26:11.454+0000] {logging_mixin.py:188} INFO - [2026-05-01T13:26:11.454+0000] {dag.py:3947} INFO - Setting next_dagrun for example_complex to None, run_after=None
[2026-05-01T13:26:11.494+0000] {processor.py:183} INFO - Processing /home/airflow/.local/lib/python3.12/site-packages/airflow/example_dags/example_complex.py took 0.189 seconds
[2026-05-01T13:26:42.279+0000] {processor.py:161} INFO - Started process (PID=277) to work on /home/airflow/.local/lib/python3.12/site-packages/airflow/example_dags/example_complex.py
[2026-05-01T13:26:42.288+0000] {processor.py:830} INFO - Processing file /home/airflow/.local/lib/python3.12/site-packages/airflow/example_dags/example_complex.py for tasks to queue
[2026-05-01T13:26:42.304+0000] {logging_mixin.py:188} INFO - [2026-05-01T13:26:42.303+0000] {dagbag.py:545} INFO - Filling up the DagBag from /home/airflow/.local/lib/python3.12/site-packages/airflow/example_dags/example_complex.py
[2026-05-01T13:26:42.360+0000] {processor.py:840} INFO - DAG(s) 'example_complex' retrieved from /home/airflow/.local/lib/python3.12/site-packages/airflow/example_dags/example_complex.py
[2026-05-01T13:26:42.547+0000] {logging_mixin.py:188} INFO - [2026-05-01T13:26:42.547+0000] {dag.py:3089} INFO - Sync 1 DAGs
[2026-05-01T13:26:42.641+0000] {logging_mixin.py:188} INFO - [2026-05-01T13:26:42.640+0000] {dag.py:3947} INFO - Setting next_dagrun for example_complex to None, run_after=None
[2026-05-01T13:26:42.857+0000] {processor.py:183} INFO - Processing /home/airflow/.local/lib/python3.12/site-packages/airflow/example_dags/example_complex.py took 0.605 seconds
[2026-05-01T13:27:13.073+0000] {processor.py:161} INFO - Started process (PID=335) to work on /home/airflow/.local/lib/python3.12/site-packages/airflow/example_dags/example_complex.py
[2026-05-01T13:27:13.082+0000] {processor.py:830} INFO - Processing file /home/airflow/.local/lib/python3.12/site-packages/airflow/example_dags/example_complex.py for tasks to queue
[2026-05-01T13:27:13.089+0000] {logging_mixin.py:188} INFO - [2026-05-01T13:27:13.088+0000] {dagbag.py:545} INFO - Filling up the DagBag from /home/airflow/.local/lib/python3.12/site-packages/airflow/example_dags/example_complex.py
[2026-05-01T13:27:13.111+0000] {processor.py:840} INFO - DAG(s) 'example_complex' retrieved from /home/airflow/.local/lib/python3.12/site-packages/airflow/example_dags/example_complex.py
[2026-05-01T13:27:13.203+0000] {logging_mixin.py:188} INFO - [2026-05-01T13:27:13.203+0000] {dag.py:3089} INFO - Sync 1 DAGs
[2026-05-01T13:27:13.235+0000] {logging_mixin.py:188} INFO - [2026-05-01T13:27:13.234+0000] {dag.py:3947} INFO - Setting next_dagrun for example_complex to None, run_after=None
[2026-05-01T13:27:13.271+0000] {processor.py:183} INFO - Processing /home/airflow/.local/lib/python3.12/site-packages/airflow/example_dags/example_complex.py took 0.208 seconds
[2026-05-01T13:27:43.746+0000] {processor.py:161} INFO - Started process (PID=400) to work on /home/airflow/.local/lib/python3.12/site-packages/airflow/example_dags/example_complex.py
[2026-05-01T13:27:43.748+0000] {processor.py:830} INFO - Processing file /home/airflow/.local/lib/python3.12/site-packages/airflow/example_dags/example_complex.py for tasks to queue
[2026-05-01T13:27:43.752+0000] {logging_mixin.py:188} INFO - [2026-05-01T13:27:43.752+0000] {dagbag.py:545} INFO - Filling up the DagBag from /home/airflow/.local/lib/python3.12/site-packages/airflow/example_dags/example_complex.py
[2026-05-01T13:27:43.770+0000] {processor.py:840} INFO - DAG(s) 'example_complex' retrieved from /home/airflow/.local/lib/python3.12/site-packages/airflow/example_dags/example_complex.py
[2026-05-01T13:27:43.817+0000] {logging_mixin.py:188} INFO - [2026-05-01T13:27:43.817+0000] {dag.py:3089} INFO - Sync 1 DAGs
[2026-05-01T13:27:43.843+0000] {logging_mixin.py:188} INFO - [2026-05-01T13:27:43.842+0000] {dag.py:3947} INFO - Setting next_dagrun for example_complex to None, run_after=None
[2026-05-01T13:27:43.872+0000] {processor.py:183} INFO - Processing /home/airflow/.local/lib/python3.12/site-packages/airflow/example_dags/example_complex.py took 0.137 seconds
[2026-05-01T13:28:14.586+0000] {processor.py:161} INFO - Started process (PID=458) to work on /home/airflow/.local/lib/python3.12/site-packages/airflow/example_dags/example_complex.py
[2026-05-01T13:28:14.589+0000] {processor.py:830} INFO - Processing file /home/airflow/.local/lib/python3.12/site-packages/airflow/example_dags/example_complex.py for tasks to queue
[2026-05-01T13:28:14.594+0000] {logging_mixin.py:188} INFO - [2026-05-01T13:28:14.593+0000] {dagbag.py:545} INFO - Filling up the DagBag from /home/airflow/.local/lib/python3.12/site-packages/airflow/example_dags/example_complex.py
[2026-05-01T13:28:14.613+0000] {processor.py:840} INFO - DAG(s) 'example_complex' retrieved from /home/airflow/.local/lib/python3.12/site-packages/airflow/example_dags/example_complex.py
[2026-05-01T13:28:14.664+0000] {logging_mixin.py:188} INFO - [2026-05-01T13:28:14.663+0000] {dag.py:3089} INFO - Sync 1 DAGs
[2026-05-01T13:28:14.686+0000] {logging_mixin.py:188} INFO - [2026-05-01T13:28:14.686+0000] {dag.py:3947} INFO - Setting next_dagrun for example_complex to None, run_after=None
[2026-05-01T13:28:14.711+0000] {processor.py:183} INFO - Processing /home/airflow/.local/lib/python3.12/site-packages/airflow/example_dags/example_complex.py took 0.137 seconds
[2026-05-01T13:28:45.386+0000] {processor.py:161} INFO - Started process (PID=516) to work on /home/airflow/.local/lib/python3.12/site-packages/airflow/example_dags/example_complex.py
[2026-05-01T13:28:45.390+0000] {processor.py:830} INFO - Processing file /home/airflow/.local/lib/python3.12/site-packages/airflow/example_dags/example_complex.py for tasks to queue
[2026-05-01T13:28:45.397+0000] {logging_mixin.py:188} INFO - [2026-05-01T13:28:45.396+0000] {dagbag.py:545} INFO - Filling up the DagBag from /home/airflow/.local/lib/python3.12/site-packages/airflow/example_dags/example_complex.py
[2026-05-01T13:28:45.416+0000] {processor.py:840} INFO - DAG(s) 'example_complex' retrieved from /home/airflow/.local/lib/python3.12/site-packages/airflow/example_dags/example_complex.py
[2026-05-01T13:28:45.629+0000] {logging_mixin.py:188} INFO - [2026-05-01T13:28:45.629+0000] {dag.py:3089} INFO - Sync 1 DAGs
[2026-05-01T13:28:45.653+0000] {logging_mixin.py:188} INFO - [2026-05-01T13:28:45.652+0000] {dag.py:3947} INFO - Setting next_dagrun for example_complex to None, run_after=None
[2026-05-01T13:28:45.695+0000] {processor.py:183} INFO - Processing /home/airflow/.local/lib/python3.12/site-packages/airflow/example_dags/example_complex.py took 0.326 seconds
[2026-05-01T13:29:15.825+0000] {processor.py:161} INFO - Started process (PID=573) to work on /home/airflow/.local/lib/python3.12/site-packages/airflow/example_dags/example_complex.py
[2026-05-01T13:29:15.828+0000] {processor.py:830} INFO - Processing file /home/airflow/.local/lib/python3.12/site-packages/airflow/example_dags/example_complex.py for tasks to queue
[2026-05-01T13:29:15.834+0000] {logging_mixin.py:188} INFO - [2026-05-01T13:29:15.833+0000] {dagbag.py:545} INFO - Filling up the DagBag from /home/airflow/.local/lib/python3.12/site-packages/airflow/example_dags/example_complex.py
[2026-05-01T13:29:15.851+0000] {processor.py:840} INFO - DAG(s) 'example_complex' retrieved from /home/airflow/.local/lib/python3.12/site-packages/airflow/example_dags/example_complex.py
[2026-05-01T13:29:15.918+0000] {logging_mixin.py:188} INFO - [2026-05-01T13:29:15.917+0000] {dag.py:3089} INFO - Sync 1 DAGs
[2026-05-01T13:29:15.939+0000] {logging_mixin.py:188} INFO - [2026-05-01T13:29:15.939+0000] {dag.py:3947} INFO - Setting next_dagrun for example_complex to None, run_after=None
[2026-05-01T13:29:15.968+0000] {processor.py:183} INFO - Processing /home/airflow/.local/lib/python3.12/site-packages/airflow/example_dags/example_complex.py took 0.159 seconds
[2026-05-01T13:29:46.412+0000] {processor.py:161} INFO - Started process (PID=625) to work on /home/airflow/.local/lib/python3.12/site-packages/airflow/example_dags/example_complex.py
[2026-05-01T13:29:46.416+0000] {processor.py:830} INFO - Processing file /home/airflow/.local/lib/python3.12/site-packages/airflow/example_dags/example_complex.py for tasks to queue
[2026-05-01T13:29:46.422+0000] {logging_mixin.py:188} INFO - [2026-05-01T13:29:46.421+0000] {dagbag.py:545} INFO - Filling up the DagBag from /home/airflow/.local/lib/python3.12/site-packages/airflow/example_dags/example_complex.py
[2026-05-01T13:29:46.444+0000] {processor.py:840} INFO - DAG(s) 'example_complex' retrieved from /home/airflow/.local/lib/python3.12/site-packages/airflow/example_dags/example_complex.py
[2026-05-01T13:29:46.506+0000] {logging_mixin.py:188} INFO - [2026-05-01T13:29:46.505+0000] {dag.py:3089} INFO - Sync 1 DAGs
[2026-05-01T13:29:46.528+0000] {logging_mixin.py:188} INFO - [2026-05-01T13:29:46.528+0000] {dag.py:3947} INFO - Setting next_dagrun for example_complex to None, run_after=None
[2026-05-01T13:29:46.555+0000] {processor.py:183} INFO - Processing /home/airflow/.local/lib/python3.12/site-packages/airflow/example_dags/example_complex.py took 0.154 seconds
[2026-05-01T13:30:16.745+0000] {processor.py:161} INFO - Started process (PID=683) to work on /home/airflow/.local/lib/python3.12/site-packages/airflow/example_dags/example_complex.py
[2026-05-01T13:30:16.748+0000] {processor.py:830} INFO - Processing file /home/airflow/.local/lib/python3.12/site-packages/airflow/example_dags/example_complex.py for tasks to queue
[2026-05-01T13:30:16.754+0000] {logging_mixin.py:188} INFO - [2026-05-01T13:30:16.752+0000] {dagbag.py:545} INFO - Filling up the DagBag from /home/airflow/.local/lib/python3.12/site-packages/airflow/example_dags/example_complex.py
[2026-05-01T13:30:16.775+0000] {processor.py:840} INFO - DAG(s) 'example_complex' retrieved from /home/airflow/.local/lib/python3.12/site-packages/airflow/example_dags/example_complex.py
[2026-05-01T13:30:16.848+0000] {logging_mixin.py:188} INFO - [2026-05-01T13:30:16.847+0000] {dag.py:3089} INFO - Sync 1 DAGs
[2026-05-01T13:30:16.877+0000] {logging_mixin.py:188} INFO - [2026-05-01T13:30:16.876+0000] {dag.py:3947} INFO - Setting next_dagrun for example_complex to None, run_after=None
[2026-05-01T13:30:16.907+0000] {processor.py:183} INFO - Processing /home/airflow/.local/lib/python3.12/site-packages/airflow/example_dags/example_complex.py took 0.174 seconds
[2026-05-01T13:30:47.992+0000] {processor.py:161} INFO - Started process (PID=741) to work on /home/airflow/.local/lib/python3.12/site-packages/airflow/example_dags/example_complex.py
[2026-05-01T13:30:47.998+0000] {processor.py:830} INFO - Processing file /home/airflow/.local/lib/python3.12/site-packages/airflow/example_dags/example_complex.py for tasks to queue
[2026-05-01T13:30:48.018+0000] {logging_mixin.py:188} INFO - [2026-05-01T13:30:48.014+0000] {dagbag.py:545} INFO - Filling up the DagBag from /home/airflow/.local/lib/python3.12/site-packages/airflow/example_dags/example_complex.py
[2026-05-01T13:30:48.071+0000] {processor.py:840} INFO - DAG(s) 'example_complex' retrieved from /home/airflow/.local/lib/python3.12/site-packages/airflow/example_dags/example_complex.py
[2026-05-01T13:30:48.198+0000] {logging_mixin.py:188} INFO - [2026-05-01T13:30:48.198+0000] {dag.py:3089} INFO - Sync 1 DAGs
[2026-05-01T13:30:48.271+0000] {logging_mixin.py:188} INFO - [2026-05-01T13:30:48.270+0000] {dag.py:3947} INFO - Setting next_dagrun for example_complex to None, run_after=None
[2026-05-01T13:30:48.381+0000] {processor.py:183} INFO - Processing /home/airflow/.local/lib/python3.12/site-packages/airflow/example_dags/example_complex.py took 0.431 seconds
[2026-05-01T13:31:19.196+0000] {processor.py:161} INFO - Started process (PID=799) to work on /home/airflow/.local/lib/python3.12/site-packages/airflow/example_dags/example_complex.py
[2026-05-01T13:31:19.199+0000] {processor.py:830} INFO - Processing file /home/airflow/.local/lib/python3.12/site-packages/airflow/example_dags/example_complex.py for tasks to queue
[2026-05-01T13:31:19.204+0000] {logging_mixin.py:188} INFO - [2026-05-01T13:31:19.204+0000] {dagbag.py:545} INFO - Filling up the DagBag from /home/airflow/.local/lib/python3.12/site-packages/airflow/example_dags/example_complex.py
[2026-05-01T13:31:19.247+0000] {processor.py:840} INFO - DAG(s) 'example_complex' retrieved from /home/airflow/.local/lib/python3.12/site-packages/airflow/example_dags/example_complex.py
[2026-05-01T13:31:19.322+0000] {logging_mixin.py:188} INFO - [2026-05-01T13:31:19.322+0000] {dag.py:3089} INFO - Sync 1 DAGs
[2026-05-01T13:31:19.403+0000] {logging_mixin.py:188} INFO - [2026-05-01T13:31:19.403+0000] {dag.py:3947} INFO - Setting next_dagrun for example_complex to None, run_after=None
[2026-05-01T13:31:19.483+0000] {processor.py:183} INFO - Processing /home/airflow/.local/lib/python3.12/site-packages/airflow/example_dags/example_complex.py took 0.306 seconds
[2026-05-01T13:31:50.346+0000] {processor.py:161} INFO - Started process (PID=857) to work on /home/airflow/.local/lib/python3.12/site-packages/airflow/example_dags/example_complex.py
[2026-05-01T13:31:50.348+0000] {processor.py:830} INFO - Processing file /home/airflow/.local/lib/python3.12/site-packages/airflow/example_dags/example_complex.py for tasks to queue
[2026-05-01T13:31:50.353+0000] {logging_mixin.py:188} INFO - [2026-05-01T13:31:50.352+0000] {dagbag.py:545} INFO - Filling up the DagBag from /home/airflow/.local/lib/python3.12/site-packages/airflow/example_dags/example_complex.py
[2026-05-01T13:31:50.377+0000] {processor.py:840} INFO - DAG(s) 'example_complex' retrieved from /home/airflow/.local/lib/python3.12/site-packages/airflow/example_dags/example_complex.py
[2026-05-01T13:31:50.427+0000] {logging_mixin.py:188} INFO - [2026-05-01T13:31:50.427+0000] {dag.py:3089} INFO - Sync 1 DAGs
[2026-05-01T13:31:50.451+0000] {logging_mixin.py:188} INFO - [2026-05-01T13:31:50.451+0000] {dag.py:3947} INFO - Setting next_dagrun for example_complex to None, run_after=None
[2026-05-01T13:31:50.500+0000] {processor.py:183} INFO - Processing /home/airflow/.local/lib/python3.12/site-packages/airflow/example_dags/example_complex.py took 0.168 seconds
[2026-05-01T13:32:21.483+0000] {processor.py:161} INFO - Started process (PID=915) to work on /home/airflow/.local/lib/python3.12/site-packages/airflow/example_dags/example_complex.py
[2026-05-01T13:32:21.485+0000] {processor.py:830} INFO - Processing file /home/airflow/.local/lib/python3.12/site-packages/airflow/example_dags/example_complex.py for tasks to queue
[2026-05-01T13:32:21.490+0000] {logging_mixin.py:188} INFO - [2026-05-01T13:32:21.489+0000] {dagbag.py:545} INFO - Filling up the DagBag from /home/airflow/.local/lib/python3.12/site-packages/airflow/example_dags/example_complex.py
[2026-05-01T13:32:21.512+0000] {processor.py:840} INFO - DAG(s) 'example_complex' retrieved from /home/airflow/.local/lib/python3.12/site-packages/airflow/example_dags/example_complex.py
[2026-05-01T13:32:21.564+0000] {logging_mixin.py:188} INFO - [2026-05-01T13:32:21.564+0000] {dag.py:3089} INFO - Sync 1 DAGs
[2026-05-01T13:32:21.592+0000] {logging_mixin.py:188} INFO - [2026-05-01T13:32:21.591+0000] {dag.py:3947} INFO - Setting next_dagrun for example_complex to None, run_after=None
[2026-05-01T13:32:21.621+0000] {processor.py:183} INFO - Processing /home/airflow/.local/lib/python3.12/site-packages/airflow/example_dags/example_complex.py took 0.156 seconds
[2026-05-01T13:32:52.310+0000] {processor.py:161} INFO - Started process (PID=973) to work on /home/airflow/.local/lib/python3.12/site-packages/airflow/example_dags/example_complex.py
[2026-05-01T13:32:52.318+0000] {processor.py:830} INFO - Processing file /home/airflow/.local/lib/python3.12/site-packages/airflow/example_dags/example_complex.py for tasks to queue
[2026-05-01T13:32:52.328+0000] {logging_mixin.py:188} INFO - [2026-05-01T13:32:52.326+0000] {dagbag.py:545} INFO - Filling up the DagBag from /home/airflow/.local/lib/python3.12/site-packages/airflow/example_dags/example_complex.py
[2026-05-01T13:32:52.368+0000] {processor.py:840} INFO - DAG(s) 'example_complex' retrieved from /home/airflow/.local/lib/python3.12/site-packages/airflow/example_dags/example_complex.py
[2026-05-01T13:32:52.478+0000] {logging_mixin.py:188} INFO - [2026-05-01T13:32:52.477+0000] {dag.py:3089} INFO - Sync 1 DAGs
[2026-05-01T13:32:52.586+0000] {logging_mixin.py:188} INFO - [2026-05-01T13:32:52.586+0000] {dag.py:3947} INFO - Setting next_dagrun for example_complex to None, run_after=None
[2026-05-01T13:32:52.649+0000] {processor.py:183} INFO - Processing /home/airflow/.local/lib/python3.12/site-packages/airflow/example_dags/example_complex.py took 0.360 seconds
[2026-05-01T13:33:23.100+0000] {processor.py:161} INFO - Started process (PID=1031) to work on /home/airflow/.local/lib/python3.12/site-packages/airflow/example_dags/example_complex.py
[2026-05-01T13:33:23.105+0000] {processor.py:830} INFO - Processing file /home/airflow/.local/lib/python3.12/site-packages/airflow/example_dags/example_complex.py for tasks to queue
[2026-05-01T13:33:23.113+0000] {logging_mixin.py:188} INFO - [2026-05-01T13:33:23.111+0000] {dagbag.py:545} INFO - Filling up the DagBag from /home/airflow/.local/lib/python3.12/site-packages/airflow/example_dags/example_complex.py
[2026-05-01T13:33:23.148+0000] {processor.py:840} INFO - DAG(s) 'example_complex' retrieved from /home/airflow/.local/lib/python3.12/site-packages/airflow/example_dags/example_complex.py
[2026-05-01T13:33:23.220+0000] {logging_mixin.py:188} INFO - [2026-05-01T13:33:23.219+0000] {dag.py:3089} INFO - Sync 1 DAGs
[2026-05-01T13:33:23.247+0000] {logging_mixin.py:188} INFO - [2026-05-01T13:33:23.246+0000] {dag.py:3947} INFO - Setting next_dagrun for example_complex to None, run_after=None
[2026-05-01T13:33:23.665+0000] {processor.py:183} INFO - Processing /home/airflow/.local/lib/python3.12/site-packages/airflow/example_dags/example_complex.py took 0.588 seconds
[2026-05-01T13:33:54.420+0000] {processor.py:161} INFO - Started process (PID=1089) to work on /home/airflow/.local/lib/python3.12/site-packages/airflow/example_dags/example_complex.py
[2026-05-01T13:33:54.430+0000] {processor.py:830} INFO - Processing file /home/airflow/.local/lib/python3.12/site-packages/airflow/example_dags/example_complex.py for tasks to queue
[2026-05-01T13:33:54.442+0000] {logging_mixin.py:188} INFO - [2026-05-01T13:33:54.440+0000] {dagbag.py:545} INFO - Filling up the DagBag from /home/airflow/.local/lib/python3.12/site-packages/airflow/example_dags/example_complex.py
[2026-05-01T13:33:54.477+0000] {processor.py:840} INFO - DAG(s) 'example_complex' retrieved from /home/airflow/.local/lib/python3.12/site-packages/airflow/example_dags/example_complex.py
[2026-05-01T13:33:54.687+0000] {logging_mixin.py:188} INFO - [2026-05-01T13:33:54.687+0000] {dag.py:3089} INFO - Sync 1 DAGs
[2026-05-01T13:33:54.716+0000] {logging_mixin.py:188} INFO - [2026-05-01T13:33:54.716+0000] {dag.py:3947} INFO - Setting next_dagrun for example_complex to None, run_after=None
[2026-05-01T13:33:54.762+0000] {processor.py:183} INFO - Processing /home/airflow/.local/lib/python3.12/site-packages/airflow/example_dags/example_complex.py took 0.355 seconds
[2026-05-01T13:34:25.089+0000] {processor.py:161} INFO - Started process (PID=1147) to work on /home/airflow/.local/lib/python3.12/site-packages/airflow/example_dags/example_complex.py
[2026-05-01T13:34:25.092+0000] {processor.py:830} INFO - Processing file /home/airflow/.local/lib/python3.12/site-packages/airflow/example_dags/example_complex.py for tasks to queue
[2026-05-01T13:34:25.359+0000] {logging_mixin.py:188} INFO - [2026-05-01T13:34:25.358+0000] {dagbag.py:545} INFO - Filling up the DagBag from /home/airflow/.local/lib/python3.12/site-packages/airflow/example_dags/example_complex.py
[2026-05-01T13:34:25.705+0000] {processor.py:840} INFO - DAG(s) 'example_complex' retrieved from /home/airflow/.local/lib/python3.12/site-packages/airflow/example_dags/example_complex.py
[2026-05-01T13:34:25.890+0000] {logging_mixin.py:188} INFO - [2026-05-01T13:34:25.886+0000] {dag.py:3089} INFO - Sync 1 DAGs
[2026-05-01T13:34:25.945+0000] {logging_mixin.py:188} INFO - [2026-05-01T13:34:25.945+0000] {dag.py:3947} INFO - Setting next_dagrun for example_complex to None, run_after=None
[2026-05-01T13:34:25.993+0000] {processor.py:183} INFO - Processing /home/airflow/.local/lib/python3.12/site-packages/airflow/example_dags/example_complex.py took 0.924 seconds
[2026-05-01T13:34:56.380+0000] {processor.py:161} INFO - Started process (PID=1204) to work on /home/airflow/.local/lib/python3.12/site-packages/airflow/example_dags/example_complex.py
[2026-05-01T13:34:56.387+0000] {processor.py:830} INFO - Processing file /home/airflow/.local/lib/python3.12/site-packages/airflow/example_dags/example_complex.py for tasks to queue
[2026-05-01T13:34:56.440+0000] {logging_mixin.py:188} INFO - [2026-05-01T13:34:56.439+0000] {dagbag.py:545} INFO - Filling up the DagBag from /home/airflow/.local/lib/python3.12/site-packages/airflow/example_dags/example_complex.py
[2026-05-01T13:34:56.560+0000] {processor.py:840} INFO - DAG(s) 'example_complex' retrieved from /home/airflow/.local/lib/python3.12/site-packages/airflow/example_dags/example_complex.py
[2026-05-01T13:34:56.727+0000] {logging_mixin.py:188} INFO - [2026-05-01T13:34:56.726+0000] {dag.py:3089} INFO - Sync 1 DAGs
[2026-05-01T13:34:56.779+0000] {logging_mixin.py:188} INFO - [2026-05-01T13:34:56.778+0000] {dag.py:3947} INFO - Setting next_dagrun for example_complex to None, run_after=None
[2026-05-01T13:34:56.845+0000] {processor.py:183} INFO - Processing /home/airflow/.local/lib/python3.12/site-packages/airflow/example_dags/example_complex.py took 0.505 seconds
[2026-05-01T13:35:26.974+0000] {processor.py:161} INFO - Started process (PID=1262) to work on /home/airflow/.local/lib/python3.12/site-packages/airflow/example_dags/example_complex.py
[2026-05-01T13:35:26.977+0000] {processor.py:830} INFO - Processing file /home/airflow/.local/lib/python3.12/site-packages/airflow/example_dags/example_complex.py for tasks to queue
[2026-05-01T13:35:26.982+0000] {logging_mixin.py:188} INFO - [2026-05-01T13:35:26.981+0000] {dagbag.py:545} INFO - Filling up the DagBag from /home/airflow/.local/lib/python3.12/site-packages/airflow/example_dags/example_complex.py
[2026-05-01T13:35:27.013+0000] {processor.py:840} INFO - DAG(s) 'example_complex' retrieved from /home/airflow/.local/lib/python3.12/site-packages/airflow/example_dags/example_complex.py
[2026-05-01T13:35:27.095+0000] {logging_mixin.py:188} INFO - [2026-05-01T13:35:27.094+0000] {dag.py:3089} INFO - Sync 1 DAGs
[2026-05-01T13:35:27.131+0000] {logging_mixin.py:188} INFO - [2026-05-01T13:35:27.131+0000] {dag.py:3947} INFO - Setting next_dagrun for example_complex to None, run_after=None
[2026-05-01T13:35:27.162+0000] {processor.py:183} INFO - Processing /home/airflow/.local/lib/python3.12/site-packages/airflow/example_dags/example_complex.py took 0.212 seconds
[2026-05-01T13:35:57.424+0000] {processor.py:161} INFO - Started process (PID=1320) to work on /home/airflow/.local/lib/python3.12/site-packages/airflow/example_dags/example_complex.py
[2026-05-01T13:35:57.438+0000] {processor.py:830} INFO - Processing file /home/airflow/.local/lib/python3.12/site-packages/airflow/example_dags/example_complex.py for tasks to queue
[2026-05-01T13:35:57.445+0000] {logging_mixin.py:188} INFO - [2026-05-01T13:35:57.444+0000] {dagbag.py:545} INFO - Filling up the DagBag from /home/airflow/.local/lib/python3.12/site-packages/airflow/example_dags/example_complex.py
[2026-05-01T13:35:57.470+0000] {processor.py:840} INFO - DAG(s) 'example_complex' retrieved from /home/airflow/.local/lib/python3.12/site-packages/airflow/example_dags/example_complex.py
[2026-05-01T13:35:57.521+0000] {logging_mixin.py:188} INFO - [2026-05-01T13:35:57.520+0000] {dag.py:3089} INFO - Sync 1 DAGs
[2026-05-01T13:35:57.549+0000] {logging_mixin.py:188} INFO - [2026-05-01T13:35:57.549+0000] {dag.py:3947} INFO - Setting next_dagrun for example_complex to None, run_after=None
[2026-05-01T13:35:57.577+0000] {processor.py:183} INFO - Processing /home/airflow/.local/lib/python3.12/site-packages/airflow/example_dags/example_complex.py took 0.172 seconds
[2026-05-01T13:36:27.819+0000] {processor.py:161} INFO - Started process (PID=1378) to work on /home/airflow/.local/lib/python3.12/site-packages/airflow/example_dags/example_complex.py
[2026-05-01T13:36:27.825+0000] {processor.py:830} INFO - Processing file /home/airflow/.local/lib/python3.12/site-packages/airflow/example_dags/example_complex.py for tasks to queue
[2026-05-01T13:36:27.834+0000] {logging_mixin.py:188} INFO - [2026-05-01T13:36:27.832+0000] {dagbag.py:545} INFO - Filling up the DagBag from /home/airflow/.local/lib/python3.12/site-packages/airflow/example_dags/example_complex.py
[2026-05-01T13:36:27.867+0000] {processor.py:840} INFO - DAG(s) 'example_complex' retrieved from /home/airflow/.local/lib/python3.12/site-packages/airflow/example_dags/example_complex.py
[2026-05-01T13:36:27.981+0000] {logging_mixin.py:188} INFO - [2026-05-01T13:36:27.980+0000] {dag.py:3089} INFO - Sync 1 DAGs
[2026-05-01T13:36:28.013+0000] {logging_mixin.py:188} INFO - [2026-05-01T13:36:28.013+0000] {dag.py:3947} INFO - Setting next_dagrun for example_complex to None, run_after=None
[2026-05-01T13:36:28.070+0000] {processor.py:183} INFO - Processing /home/airflow/.local/lib/python3.12/site-packages/airflow/example_dags/example_complex.py took 0.285 seconds
[2026-05-01T13:36:58.346+0000] {processor.py:161} INFO - Started process (PID=1436) to work on /home/airflow/.local/lib/python3.12/site-packages/airflow/example_dags/example_complex.py
[2026-05-01T13:36:58.349+0000] {processor.py:830} INFO - Processing file /home/airflow/.local/lib/python3.12/site-packages/airflow/example_dags/example_complex.py for tasks to queue
[2026-05-01T13:36:58.354+0000] {logging_mixin.py:188} INFO - [2026-05-01T13:36:58.353+0000] {dagbag.py:545} INFO - Filling up the DagBag from /home/airflow/.local/lib/python3.12/site-packages/airflow/example_dags/example_complex.py
[2026-05-01T13:36:58.375+0000] {processor.py:840} INFO - DAG(s) 'example_complex' retrieved from /home/airflow/.local/lib/python3.12/site-packages/airflow/example_dags/example_complex.py
[2026-05-01T13:36:58.433+0000] {logging_mixin.py:188} INFO - [2026-05-01T13:36:58.432+0000] {dag.py:3089} INFO - Sync 1 DAGs
[2026-05-01T13:36:58.481+0000] {logging_mixin.py:188} INFO - [2026-05-01T13:36:58.481+0000] {dag.py:3947} INFO - Setting next_dagrun for example_complex to None, run_after=None
[2026-05-01T13:36:58.544+0000] {processor.py:183} INFO - Processing /home/airflow/.local/lib/python3.12/site-packages/airflow/example_dags/example_complex.py took 0.207 seconds
[2026-05-01T13:37:29.242+0000] {processor.py:161} INFO - Started process (PID=1493) to work on /home/airflow/.local/lib/python3.12/site-packages/airflow/example_dags/example_complex.py
[2026-05-01T13:37:29.244+0000] {processor.py:830} INFO - Processing file /home/airflow/.local/lib/python3.12/site-packages/airflow/example_dags/example_complex.py for tasks to queue
[2026-05-01T13:37:29.248+0000] {logging_mixin.py:188} INFO - [2026-05-01T13:37:29.247+0000] {dagbag.py:545} INFO - Filling up the DagBag from /home/airflow/.local/lib/python3.12/site-packages/airflow/example_dags/example_complex.py
[2026-05-01T13:37:29.269+0000] {processor.py:840} INFO - DAG(s) 'example_complex' retrieved from /home/airflow/.local/lib/python3.12/site-packages/airflow/example_dags/example_complex.py
[2026-05-01T13:37:29.322+0000] {logging_mixin.py:188} INFO - [2026-05-01T13:37:29.321+0000] {dag.py:3089} INFO - Sync 1 DAGs
[2026-05-01T13:37:29.343+0000] {logging_mixin.py:188} INFO - [2026-05-01T13:37:29.342+0000] {dag.py:3947} INFO - Setting next_dagrun for example_complex to None, run_after=None
[2026-05-01T13:37:29.372+0000] {processor.py:183} INFO - Processing /home/airflow/.local/lib/python3.12/site-packages/airflow/example_dags/example_complex.py took 0.140 seconds
[2026-05-01T13:37:59.470+0000] {processor.py:161} INFO - Started process (PID=1550) to work on /home/airflow/.local/lib/python3.12/site-packages/airflow/example_dags/example_complex.py
[2026-05-01T13:37:59.473+0000] {processor.py:830} INFO - Processing file /home/airflow/.local/lib/python3.12/site-packages/airflow/example_dags/example_complex.py for tasks to queue
[2026-05-01T13:37:59.479+0000] {logging_mixin.py:188} INFO - [2026-05-01T13:37:59.478+0000] {dagbag.py:545} INFO - Filling up the DagBag from /home/airflow/.local/lib/python3.12/site-packages/airflow/example_dags/example_complex.py
[2026-05-01T13:37:59.499+0000] {processor.py:840} INFO - DAG(s) 'example_complex' retrieved from /home/airflow/.local/lib/python3.12/site-packages/airflow/example_dags/example_complex.py
[2026-05-01T13:37:59.555+0000] {logging_mixin.py:188} INFO - [2026-05-01T13:37:59.555+0000] {dag.py:3089} INFO - Sync 1 DAGs
[2026-05-01T13:37:59.579+0000] {logging_mixin.py:188} INFO - [2026-05-01T13:37:59.578+0000] {dag.py:3947} INFO - Setting next_dagrun for example_complex to None, run_after=None
[2026-05-01T13:37:59.994+0000] {processor.py:183} INFO - Processing /home/airflow/.local/lib/python3.12/site-packages/airflow/example_dags/example_complex.py took 0.535 seconds
[2026-05-01T13:38:30.280+0000] {processor.py:161} INFO - Started process (PID=1607) to work on /home/airflow/.local/lib/python3.12/site-packages/airflow/example_dags/example_complex.py
[2026-05-01T13:38:30.284+0000] {processor.py:830} INFO - Processing file /home/airflow/.local/lib/python3.12/site-packages/airflow/example_dags/example_complex.py for tasks to queue
[2026-05-01T13:38:30.291+0000] {logging_mixin.py:188} INFO - [2026-05-01T13:38:30.290+0000] {dagbag.py:545} INFO - Filling up the DagBag from /home/airflow/.local/lib/python3.12/site-packages/airflow/example_dags/example_complex.py
[2026-05-01T13:38:30.320+0000] {processor.py:840} INFO - DAG(s) 'example_complex' retrieved from /home/airflow/.local/lib/python3.12/site-packages/airflow/example_dags/example_complex.py
[2026-05-01T13:38:30.395+0000] {logging_mixin.py:188} INFO - [2026-05-01T13:38:30.395+0000] {dag.py:3089} INFO - Sync 1 DAGs
[2026-05-01T13:38:30.428+0000] {logging_mixin.py:188} INFO - [2026-05-01T13:38:30.427+0000] {dag.py:3947} INFO - Setting next_dagrun for example_complex to None, run_after=None
[2026-05-01T13:38:30.473+0000] {processor.py:183} INFO - Processing /home/airflow/.local/lib/python3.12/site-packages/airflow/example_dags/example_complex.py took 0.218 seconds
[2026-05-01T13:39:00.579+0000] {processor.py:161} INFO - Started process (PID=1665) to work on /home/airflow/.local/lib/python3.12/site-packages/airflow/example_dags/example_complex.py
[2026-05-01T13:39:00.596+0000] {processor.py:830} INFO - Processing file /home/airflow/.local/lib/python3.12/site-packages/airflow/example_dags/example_complex.py for tasks to queue
[2026-05-01T13:39:00.609+0000] {logging_mixin.py:188} INFO - [2026-05-01T13:39:00.608+0000] {dagbag.py:545} INFO - Filling up the DagBag from /home/airflow/.local/lib/python3.12/site-packages/airflow/example_dags/example_complex.py
[2026-05-01T13:39:00.677+0000] {processor.py:840} INFO - DAG(s) 'example_complex' retrieved from /home/airflow/.local/lib/python3.12/site-packages/airflow/example_dags/example_complex.py
[2026-05-01T13:39:00.847+0000] {logging_mixin.py:188} INFO - [2026-05-01T13:39:00.846+0000] {dag.py:3089} INFO - Sync 1 DAGs
[2026-05-01T13:39:00.917+0000] {logging_mixin.py:188} INFO - [2026-05-01T13:39:00.916+0000] {dag.py:3947} INFO - Setting next_dagrun for example_complex to None, run_after=None
[2026-05-01T13:39:01.087+0000] {processor.py:183} INFO - Processing /home/airflow/.local/lib/python3.12/site-packages/airflow/example_dags/example_complex.py took 0.522 seconds
[2026-05-01T13:39:31.787+0000] {processor.py:161} INFO - Started process (PID=1723) to work on /home/airflow/.local/lib/python3.12/site-packages/airflow/example_dags/example_complex.py
[2026-05-01T13:39:31.791+0000] {processor.py:830} INFO - Processing file /home/airflow/.local/lib/python3.12/site-packages/airflow/example_dags/example_complex.py for tasks to queue
[2026-05-01T13:39:31.799+0000] {logging_mixin.py:188} INFO - [2026-05-01T13:39:31.798+0000] {dagbag.py:545} INFO - Filling up the DagBag from /home/airflow/.local/lib/python3.12/site-packages/airflow/example_dags/example_complex.py
[2026-05-01T13:39:31.829+0000] {processor.py:840} INFO - DAG(s) 'example_complex' retrieved from /home/airflow/.local/lib/python3.12/site-packages/airflow/example_dags/example_complex.py
[2026-05-01T13:39:31.917+0000] {logging_mixin.py:188} INFO - [2026-05-01T13:39:31.916+0000] {dag.py:3089} INFO - Sync 1 DAGs
[2026-05-01T13:39:31.950+0000] {logging_mixin.py:188} INFO - [2026-05-01T13:39:31.950+0000] {dag.py:3947} INFO - Setting next_dagrun for example_complex to None, run_after=None
[2026-05-01T13:39:32.009+0000] {processor.py:183} INFO - Processing /home/airflow/.local/lib/python3.12/site-packages/airflow/example_dags/example_complex.py took 0.307 seconds
[2026-05-01T13:40:02.445+0000] {processor.py:161} INFO - Started process (PID=1781) to work on /home/airflow/.local/lib/python3.12/site-packages/airflow/example_dags/example_complex.py
[2026-05-01T13:40:02.453+0000] {processor.py:830} INFO - Processing file /home/airflow/.local/lib/python3.12/site-packages/airflow/example_dags/example_complex.py for tasks to queue
[2026-05-01T13:40:02.466+0000] {logging_mixin.py:188} INFO - [2026-05-01T13:40:02.465+0000] {dagbag.py:545} INFO - Filling up the DagBag from /home/airflow/.local/lib/python3.12/site-packages/airflow/example_dags/example_complex.py
[2026-05-01T13:40:02.963+0000] {processor.py:840} INFO - DAG(s) 'example_complex' retrieved from /home/airflow/.local/lib/python3.12/site-packages/airflow/example_dags/example_complex.py
[2026-05-01T13:40:03.066+0000] {logging_mixin.py:188} INFO - [2026-05-01T13:40:03.066+0000] {dag.py:3089} INFO - Sync 1 DAGs
[2026-05-01T13:40:03.096+0000] {logging_mixin.py:188} INFO - [2026-05-01T13:40:03.096+0000] {dag.py:3947} INFO - Setting next_dagrun for example_complex to None, run_after=None
[2026-05-01T13:40:03.134+0000] {processor.py:183} INFO - Processing /home/airflow/.local/lib/python3.12/site-packages/airflow/example_dags/example_complex.py took 0.707 seconds
[2026-05-01T13:42:14.345+0000] {processor.py:161} INFO - Started process (PID=32) to work on /home/airflow/.local/lib/python3.12/site-packages/airflow/example_dags/example_complex.py
[2026-05-01T13:42:14.351+0000] {processor.py:830} INFO - Processing file /home/airflow/.local/lib/python3.12/site-packages/airflow/example_dags/example_complex.py for tasks to queue
[2026-05-01T13:42:14.358+0000] {logging_mixin.py:188} INFO - [2026-05-01T13:42:14.357+0000] {dagbag.py:545} INFO - Filling up the DagBag from /home/airflow/.local/lib/python3.12/site-packages/airflow/example_dags/example_complex.py
[2026-05-01T13:42:14.435+0000] {processor.py:840} INFO - DAG(s) 'example_complex' retrieved from /home/airflow/.local/lib/python3.12/site-packages/airflow/example_dags/example_complex.py
[2026-05-01T13:42:14.939+0000] {logging_mixin.py:188} INFO - [2026-05-01T13:42:14.939+0000] {dag.py:3089} INFO - Sync 1 DAGs
[2026-05-01T13:42:14.966+0000] {logging_mixin.py:188} INFO - [2026-05-01T13:42:14.966+0000] {dag.py:3947} INFO - Setting next_dagrun for example_complex to None, run_after=None
[2026-05-01T13:42:15.018+0000] {processor.py:183} INFO - Processing /home/airflow/.local/lib/python3.12/site-packages/airflow/example_dags/example_complex.py took 0.690 seconds
[2026-05-01T13:42:53.408+0000] {processor.py:161} INFO - Started process (PID=96) to work on /home/airflow/.local/lib/python3.12/site-packages/airflow/example_dags/example_complex.py
[2026-05-01T13:42:53.435+0000] {processor.py:830} INFO - Processing file /home/airflow/.local/lib/python3.12/site-packages/airflow/example_dags/example_complex.py for tasks to queue
[2026-05-01T13:42:53.443+0000] {logging_mixin.py:188} INFO - [2026-05-01T13:42:53.442+0000] {dagbag.py:545} INFO - Filling up the DagBag from /home/airflow/.local/lib/python3.12/site-packages/airflow/example_dags/example_complex.py
[2026-05-01T13:42:53.479+0000] {processor.py:840} INFO - DAG(s) 'example_complex' retrieved from /home/airflow/.local/lib/python3.12/site-packages/airflow/example_dags/example_complex.py
[2026-05-01T13:42:53.552+0000] {logging_mixin.py:188} INFO - [2026-05-01T13:42:53.552+0000] {dag.py:3089} INFO - Sync 1 DAGs
[2026-05-01T13:42:53.597+0000] {logging_mixin.py:188} INFO - [2026-05-01T13:42:53.597+0000] {dag.py:3947} INFO - Setting next_dagrun for example_complex to None, run_after=None
[2026-05-01T13:42:53.693+0000] {processor.py:183} INFO - Processing /home/airflow/.local/lib/python3.12/site-packages/airflow/example_dags/example_complex.py took 0.301 seconds
[2026-05-01T13:43:25.734+0000] {processor.py:161} INFO - Started process (PID=144) to work on /home/airflow/.local/lib/python3.12/site-packages/airflow/example_dags/example_complex.py
[2026-05-01T13:43:25.738+0000] {processor.py:830} INFO - Processing file /home/airflow/.local/lib/python3.12/site-packages/airflow/example_dags/example_complex.py for tasks to queue
[2026-05-01T13:43:25.742+0000] {logging_mixin.py:188} INFO - [2026-05-01T13:43:25.742+0000] {dagbag.py:545} INFO - Filling up the DagBag from /home/airflow/.local/lib/python3.12/site-packages/airflow/example_dags/example_complex.py
[2026-05-01T13:43:25.771+0000] {processor.py:840} INFO - DAG(s) 'example_complex' retrieved from /home/airflow/.local/lib/python3.12/site-packages/airflow/example_dags/example_complex.py
[2026-05-01T13:43:25.839+0000] {logging_mixin.py:188} INFO - [2026-05-01T13:43:25.839+0000] {dag.py:3089} INFO - Sync 1 DAGs
[2026-05-01T13:43:25.868+0000] {logging_mixin.py:188} INFO - [2026-05-01T13:43:25.867+0000] {dag.py:3947} INFO - Setting next_dagrun for example_complex to None, run_after=None
[2026-05-01T13:43:25.928+0000] {processor.py:183} INFO - Processing /home/airflow/.local/lib/python3.12/site-packages/airflow/example_dags/example_complex.py took 0.235 seconds
[2026-05-01T13:43:57.001+0000] {processor.py:161} INFO - Started process (PID=201) to work on /home/airflow/.local/lib/python3.12/site-packages/airflow/example_dags/example_complex.py
[2026-05-01T13:43:57.011+0000] {processor.py:830} INFO - Processing file /home/airflow/.local/lib/python3.12/site-packages/airflow/example_dags/example_complex.py for tasks to queue
[2026-05-01T13:43:57.045+0000] {logging_mixin.py:188} INFO - [2026-05-01T13:43:57.044+0000] {dagbag.py:545} INFO - Filling up the DagBag from /home/airflow/.local/lib/python3.12/site-packages/airflow/example_dags/example_complex.py
[2026-05-01T13:43:57.101+0000] {processor.py:840} INFO - DAG(s) 'example_complex' retrieved from /home/airflow/.local/lib/python3.12/site-packages/airflow/example_dags/example_complex.py
[2026-05-01T13:43:57.256+0000] {logging_mixin.py:188} INFO - [2026-05-01T13:43:57.256+0000] {dag.py:3089} INFO - Sync 1 DAGs
[2026-05-01T13:43:57.308+0000] {logging_mixin.py:188} INFO - [2026-05-01T13:43:57.308+0000] {dag.py:3947} INFO - Setting next_dagrun for example_complex to None, run_after=None
[2026-05-01T13:43:57.376+0000] {processor.py:183} INFO - Processing /home/airflow/.local/lib/python3.12/site-packages/airflow/example_dags/example_complex.py took 0.399 seconds
[2026-05-01T13:44:27.964+0000] {processor.py:161} INFO - Started process (PID=257) to work on /home/airflow/.local/lib/python3.12/site-packages/airflow/example_dags/example_complex.py
[2026-05-01T13:44:27.972+0000] {processor.py:830} INFO - Processing file /home/airflow/.local/lib/python3.12/site-packages/airflow/example_dags/example_complex.py for tasks to queue
[2026-05-01T13:44:27.980+0000] {logging_mixin.py:188} INFO - [2026-05-01T13:44:27.980+0000] {dagbag.py:545} INFO - Filling up the DagBag from /home/airflow/.local/lib/python3.12/site-packages/airflow/example_dags/example_complex.py
[2026-05-01T13:44:28.041+0000] {processor.py:840} INFO - DAG(s) 'example_complex' retrieved from /home/airflow/.local/lib/python3.12/site-packages/airflow/example_dags/example_complex.py
[2026-05-01T13:44:28.202+0000] {logging_mixin.py:188} INFO - [2026-05-01T13:44:28.202+0000] {dag.py:3089} INFO - Sync 1 DAGs
[2026-05-01T13:44:28.261+0000] {logging_mixin.py:188} INFO - [2026-05-01T13:44:28.261+0000] {dag.py:3947} INFO - Setting next_dagrun for example_complex to None, run_after=None
[2026-05-01T13:44:28.347+0000] {processor.py:183} INFO - Processing /home/airflow/.local/lib/python3.12/site-packages/airflow/example_dags/example_complex.py took 0.417 seconds
[2026-05-01T13:44:58.614+0000] {processor.py:161} INFO - Started process (PID=315) to work on /home/airflow/.local/lib/python3.12/site-packages/airflow/example_dags/example_complex.py
[2026-05-01T13:44:58.618+0000] {processor.py:830} INFO - Processing file /home/airflow/.local/lib/python3.12/site-packages/airflow/example_dags/example_complex.py for tasks to queue
[2026-05-01T13:44:58.623+0000] {logging_mixin.py:188} INFO - [2026-05-01T13:44:58.622+0000] {dagbag.py:545} INFO - Filling up the DagBag from /home/airflow/.local/lib/python3.12/site-packages/airflow/example_dags/example_complex.py
[2026-05-01T13:44:58.656+0000] {processor.py:840} INFO - DAG(s) 'example_complex' retrieved from /home/airflow/.local/lib/python3.12/site-packages/airflow/example_dags/example_complex.py
[2026-05-01T13:44:58.704+0000] {logging_mixin.py:188} INFO - [2026-05-01T13:44:58.704+0000] {dag.py:3089} INFO - Sync 1 DAGs
[2026-05-01T13:44:58.724+0000] {logging_mixin.py:188} INFO - [2026-05-01T13:44:58.724+0000] {dag.py:3947} INFO - Setting next_dagrun for example_complex to None, run_after=None
[2026-05-01T13:44:58.765+0000] {processor.py:183} INFO - Processing /home/airflow/.local/lib/python3.12/site-packages/airflow/example_dags/example_complex.py took 0.163 seconds
[2026-05-01T13:45:30.228+0000] {processor.py:161} INFO - Started process (PID=373) to work on /home/airflow/.local/lib/python3.12/site-packages/airflow/example_dags/example_complex.py
[2026-05-01T13:45:30.243+0000] {processor.py:830} INFO - Processing file /home/airflow/.local/lib/python3.12/site-packages/airflow/example_dags/example_complex.py for tasks to queue
[2026-05-01T13:45:30.260+0000] {logging_mixin.py:188} INFO - [2026-05-01T13:45:30.258+0000] {dagbag.py:545} INFO - Filling up the DagBag from /home/airflow/.local/lib/python3.12/site-packages/airflow/example_dags/example_complex.py
[2026-05-01T13:45:30.346+0000] {processor.py:840} INFO - DAG(s) 'example_complex' retrieved from /home/airflow/.local/lib/python3.12/site-packages/airflow/example_dags/example_complex.py
[2026-05-01T13:45:30.627+0000] {logging_mixin.py:188} INFO - [2026-05-01T13:45:30.625+0000] {dag.py:3089} INFO - Sync 1 DAGs
[2026-05-01T13:45:30.689+0000] {logging_mixin.py:188} INFO - [2026-05-01T13:45:30.688+0000] {dag.py:3947} INFO - Setting next_dagrun for example_complex to None, run_after=None
[2026-05-01T13:45:30.806+0000] {processor.py:183} INFO - Processing /home/airflow/.local/lib/python3.12/site-packages/airflow/example_dags/example_complex.py took 0.651 seconds
[2026-05-01T13:46:01.771+0000] {processor.py:161} INFO - Started process (PID=431) to work on /home/airflow/.local/lib/python3.12/site-packages/airflow/example_dags/example_complex.py
[2026-05-01T13:46:01.776+0000] {processor.py:830} INFO - Processing file /home/airflow/.local/lib/python3.12/site-packages/airflow/example_dags/example_complex.py for tasks to queue
[2026-05-01T13:46:01.783+0000] {logging_mixin.py:188} INFO - [2026-05-01T13:46:01.782+0000] {dagbag.py:545} INFO - Filling up the DagBag from /home/airflow/.local/lib/python3.12/site-packages/airflow/example_dags/example_complex.py
[2026-05-01T13:46:01.809+0000] {processor.py:840} INFO - DAG(s) 'example_complex' retrieved from /home/airflow/.local/lib/python3.12/site-packages/airflow/example_dags/example_complex.py
[2026-05-01T13:46:01.856+0000] {logging_mixin.py:188} INFO - [2026-05-01T13:46:01.855+0000] {dag.py:3089} INFO - Sync 1 DAGs
[2026-05-01T13:46:01.878+0000] {logging_mixin.py:188} INFO - [2026-05-01T13:46:01.878+0000] {dag.py:3947} INFO - Setting next_dagrun for example_complex to None, run_after=None
[2026-05-01T13:46:01.910+0000] {processor.py:183} INFO - Processing /home/airflow/.local/lib/python3.12/site-packages/airflow/example_dags/example_complex.py took 0.155 seconds
[2026-05-01T13:46:32.190+0000] {processor.py:161} INFO - Started process (PID=489) to work on /home/airflow/.local/lib/python3.12/site-packages/airflow/example_dags/example_complex.py
[2026-05-01T13:46:32.193+0000] {processor.py:830} INFO - Processing file /home/airflow/.local/lib/python3.12/site-packages/airflow/example_dags/example_complex.py for tasks to queue
[2026-05-01T13:46:32.198+0000] {logging_mixin.py:188} INFO - [2026-05-01T13:46:32.197+0000] {dagbag.py:545} INFO - Filling up the DagBag from /home/airflow/.local/lib/python3.12/site-packages/airflow/example_dags/example_complex.py
[2026-05-01T13:46:32.217+0000] {processor.py:840} INFO - DAG(s) 'example_complex' retrieved from /home/airflow/.local/lib/python3.12/site-packages/airflow/example_dags/example_complex.py
[2026-05-01T13:46:32.271+0000] {logging_mixin.py:188} INFO - [2026-05-01T13:46:32.270+0000] {dag.py:3089} INFO - Sync 1 DAGs
[2026-05-01T13:46:32.294+0000] {logging_mixin.py:188} INFO - [2026-05-01T13:46:32.293+0000] {dag.py:3947} INFO - Setting next_dagrun for example_complex to None, run_after=None
[2026-05-01T13:46:32.325+0000] {processor.py:183} INFO - Processing /home/airflow/.local/lib/python3.12/site-packages/airflow/example_dags/example_complex.py took 0.149 seconds
[2026-05-01T13:47:02.782+0000] {processor.py:161} INFO - Started process (PID=547) to work on /home/airflow/.local/lib/python3.12/site-packages/airflow/example_dags/example_complex.py
[2026-05-01T13:47:02.785+0000] {processor.py:830} INFO - Processing file /home/airflow/.local/lib/python3.12/site-packages/airflow/example_dags/example_complex.py for tasks to queue
[2026-05-01T13:47:02.791+0000] {logging_mixin.py:188} INFO - [2026-05-01T13:47:02.790+0000] {dagbag.py:545} INFO - Filling up the DagBag from /home/airflow/.local/lib/python3.12/site-packages/airflow/example_dags/example_complex.py
[2026-05-01T13:47:02.807+0000] {processor.py:840} INFO - DAG(s) 'example_complex' retrieved from /home/airflow/.local/lib/python3.12/site-packages/airflow/example_dags/example_complex.py
[2026-05-01T13:47:02.860+0000] {logging_mixin.py:188} INFO - [2026-05-01T13:47:02.859+0000] {dag.py:3089} INFO - Sync 1 DAGs
[2026-05-01T13:47:02.888+0000] {logging_mixin.py:188} INFO - [2026-05-01T13:47:02.888+0000] {dag.py:3947} INFO - Setting next_dagrun for example_complex to None, run_after=None
[2026-05-01T13:47:02.925+0000] {processor.py:183} INFO - Processing /home/airflow/.local/lib/python3.12/site-packages/airflow/example_dags/example_complex.py took 0.157 seconds
[2026-05-01T13:47:33.501+0000] {processor.py:161} INFO - Started process (PID=605) to work on /home/airflow/.local/lib/python3.12/site-packages/airflow/example_dags/example_complex.py
[2026-05-01T13:47:33.512+0000] {processor.py:830} INFO - Processing file /home/airflow/.local/lib/python3.12/site-packages/airflow/example_dags/example_complex.py for tasks to queue
[2026-05-01T13:47:33.529+0000] {logging_mixin.py:188} INFO - [2026-05-01T13:47:33.528+0000] {dagbag.py:545} INFO - Filling up the DagBag from /home/airflow/.local/lib/python3.12/site-packages/airflow/example_dags/example_complex.py
[2026-05-01T13:47:33.619+0000] {processor.py:840} INFO - DAG(s) 'example_complex' retrieved from /home/airflow/.local/lib/python3.12/site-packages/airflow/example_dags/example_complex.py
[2026-05-01T13:47:33.792+0000] {logging_mixin.py:188} INFO - [2026-05-01T13:47:33.792+0000] {dag.py:3089} INFO - Sync 1 DAGs
[2026-05-01T13:47:34.022+0000] {logging_mixin.py:188} INFO - [2026-05-01T13:47:34.021+0000] {dag.py:3947} INFO - Setting next_dagrun for example_complex to None, run_after=None
[2026-05-01T13:47:34.240+0000] {processor.py:183} INFO - Processing /home/airflow/.local/lib/python3.12/site-packages/airflow/example_dags/example_complex.py took 0.774 seconds
[2026-05-01T13:48:04.606+0000] {processor.py:161} INFO - Started process (PID=662) to work on /home/airflow/.local/lib/python3.12/site-packages/airflow/example_dags/example_complex.py
[2026-05-01T13:48:04.610+0000] {processor.py:830} INFO - Processing file /home/airflow/.local/lib/python3.12/site-packages/airflow/example_dags/example_complex.py for tasks to queue
[2026-05-01T13:48:04.617+0000] {logging_mixin.py:188} INFO - [2026-05-01T13:48:04.615+0000] {dagbag.py:545} INFO - Filling up the DagBag from /home/airflow/.local/lib/python3.12/site-packages/airflow/example_dags/example_complex.py
[2026-05-01T13:48:04.635+0000] {processor.py:840} INFO - DAG(s) 'example_complex' retrieved from /home/airflow/.local/lib/python3.12/site-packages/airflow/example_dags/example_complex.py
[2026-05-01T13:48:04.695+0000] {logging_mixin.py:188} INFO - [2026-05-01T13:48:04.695+0000] {dag.py:3089} INFO - Sync 1 DAGs
[2026-05-01T13:48:04.745+0000] {logging_mixin.py:188} INFO - [2026-05-01T13:48:04.743+0000] {dag.py:3947} INFO - Setting next_dagrun for example_complex to None, run_after=None
[2026-05-01T13:48:04.780+0000] {processor.py:183} INFO - Processing /home/airflow/.local/lib/python3.12/site-packages/airflow/example_dags/example_complex.py took 0.187 seconds
[2026-05-01T13:48:34.905+0000] {processor.py:161} INFO - Started process (PID=718) to work on /home/airflow/.local/lib/python3.12/site-packages/airflow/example_dags/example_complex.py
[2026-05-01T13:48:34.907+0000] {processor.py:830} INFO - Processing file /home/airflow/.local/lib/python3.12/site-packages/airflow/example_dags/example_complex.py for tasks to queue
[2026-05-01T13:48:34.913+0000] {logging_mixin.py:188} INFO - [2026-05-01T13:48:34.912+0000] {dagbag.py:545} INFO - Filling up the DagBag from /home/airflow/.local/lib/python3.12/site-packages/airflow/example_dags/example_complex.py
[2026-05-01T13:48:34.932+0000] {processor.py:840} INFO - DAG(s) 'example_complex' retrieved from /home/airflow/.local/lib/python3.12/site-packages/airflow/example_dags/example_complex.py
[2026-05-01T13:48:34.996+0000] {logging_mixin.py:188} INFO - [2026-05-01T13:48:34.995+0000] {dag.py:3089} INFO - Sync 1 DAGs
[2026-05-01T13:48:35.019+0000] {logging_mixin.py:188} INFO - [2026-05-01T13:48:35.019+0000] {dag.py:3947} INFO - Setting next_dagrun for example_complex to None, run_after=None
[2026-05-01T13:48:35.060+0000] {processor.py:183} INFO - Processing /home/airflow/.local/lib/python3.12/site-packages/airflow/example_dags/example_complex.py took 0.178 seconds
[2026-05-01T13:49:05.451+0000] {processor.py:161} INFO - Started process (PID=775) to work on /home/airflow/.local/lib/python3.12/site-packages/airflow/example_dags/example_complex.py
[2026-05-01T13:49:05.455+0000] {processor.py:830} INFO - Processing file /home/airflow/.local/lib/python3.12/site-packages/airflow/example_dags/example_complex.py for tasks to queue
[2026-05-01T13:49:05.464+0000] {logging_mixin.py:188} INFO - [2026-05-01T13:49:05.462+0000] {dagbag.py:545} INFO - Filling up the DagBag from /home/airflow/.local/lib/python3.12/site-packages/airflow/example_dags/example_complex.py
[2026-05-01T13:49:05.484+0000] {processor.py:840} INFO - DAG(s) 'example_complex' retrieved from /home/airflow/.local/lib/python3.12/site-packages/airflow/example_dags/example_complex.py
[2026-05-01T13:49:05.536+0000] {logging_mixin.py:188} INFO - [2026-05-01T13:49:05.536+0000] {dag.py:3089} INFO - Sync 1 DAGs
[2026-05-01T13:49:05.562+0000] {logging_mixin.py:188} INFO - [2026-05-01T13:49:05.561+0000] {dag.py:3947} INFO - Setting next_dagrun for example_complex to None, run_after=None
[2026-05-01T13:49:05.589+0000] {processor.py:183} INFO - Processing /home/airflow/.local/lib/python3.12/site-packages/airflow/example_dags/example_complex.py took 0.158 seconds
[2026-05-01T13:49:37.023+0000] {processor.py:161} INFO - Started process (PID=833) to work on /home/airflow/.local/lib/python3.12/site-packages/airflow/example_dags/example_complex.py
[2026-05-01T13:49:37.026+0000] {processor.py:830} INFO - Processing file /home/airflow/.local/lib/python3.12/site-packages/airflow/example_dags/example_complex.py for tasks to queue
[2026-05-01T13:49:37.033+0000] {logging_mixin.py:188} INFO - [2026-05-01T13:49:37.032+0000] {dagbag.py:545} INFO - Filling up the DagBag from /home/airflow/.local/lib/python3.12/site-packages/airflow/example_dags/example_complex.py
[2026-05-01T13:49:37.090+0000] {processor.py:840} INFO - DAG(s) 'example_complex' retrieved from /home/airflow/.local/lib/python3.12/site-packages/airflow/example_dags/example_complex.py
[2026-05-01T13:49:37.354+0000] {logging_mixin.py:188} INFO - [2026-05-01T13:49:37.353+0000] {dag.py:3089} INFO - Sync 1 DAGs
[2026-05-01T13:49:37.384+0000] {logging_mixin.py:188} INFO - [2026-05-01T13:49:37.384+0000] {dag.py:3947} INFO - Setting next_dagrun for example_complex to None, run_after=None
[2026-05-01T13:49:37.420+0000] {processor.py:183} INFO - Processing /home/airflow/.local/lib/python3.12/site-packages/airflow/example_dags/example_complex.py took 0.426 seconds
[2026-05-01T13:50:08.613+0000] {processor.py:161} INFO - Started process (PID=890) to work on /home/airflow/.local/lib/python3.12/site-packages/airflow/example_dags/example_complex.py
[2026-05-01T13:50:08.621+0000] {processor.py:830} INFO - Processing file /home/airflow/.local/lib/python3.12/site-packages/airflow/example_dags/example_complex.py for tasks to queue
[2026-05-01T13:50:08.630+0000] {logging_mixin.py:188} INFO - [2026-05-01T13:50:08.626+0000] {dagbag.py:545} INFO - Filling up the DagBag from /home/airflow/.local/lib/python3.12/site-packages/airflow/example_dags/example_complex.py
[2026-05-01T13:50:08.668+0000] {processor.py:840} INFO - DAG(s) 'example_complex' retrieved from /home/airflow/.local/lib/python3.12/site-packages/airflow/example_dags/example_complex.py
[2026-05-01T13:50:09.367+0000] {logging_mixin.py:188} INFO - [2026-05-01T13:50:09.366+0000] {dag.py:3089} INFO - Sync 1 DAGs
[2026-05-01T13:50:09.402+0000] {logging_mixin.py:188} INFO - [2026-05-01T13:50:09.402+0000] {dag.py:3947} INFO - Setting next_dagrun for example_complex to None, run_after=None
[2026-05-01T13:50:09.504+0000] {processor.py:183} INFO - Processing /home/airflow/.local/lib/python3.12/site-packages/airflow/example_dags/example_complex.py took 0.919 seconds
[2026-05-01T13:50:40.037+0000] {processor.py:161} INFO - Started process (PID=947) to work on /home/airflow/.local/lib/python3.12/site-packages/airflow/example_dags/example_complex.py
[2026-05-01T13:50:40.047+0000] {processor.py:830} INFO - Processing file /home/airflow/.local/lib/python3.12/site-packages/airflow/example_dags/example_complex.py for tasks to queue
[2026-05-01T13:50:40.053+0000] {logging_mixin.py:188} INFO - [2026-05-01T13:50:40.053+0000] {dagbag.py:545} INFO - Filling up the DagBag from /home/airflow/.local/lib/python3.12/site-packages/airflow/example_dags/example_complex.py
[2026-05-01T13:50:40.094+0000] {processor.py:840} INFO - DAG(s) 'example_complex' retrieved from /home/airflow/.local/lib/python3.12/site-packages/airflow/example_dags/example_complex.py
[2026-05-01T13:50:40.166+0000] {logging_mixin.py:188} INFO - [2026-05-01T13:50:40.165+0000] {dag.py:3089} INFO - Sync 1 DAGs
[2026-05-01T13:50:40.191+0000] {logging_mixin.py:188} INFO - [2026-05-01T13:50:40.191+0000] {dag.py:3947} INFO - Setting next_dagrun for example_complex to None, run_after=None
[2026-05-01T13:50:40.238+0000] {processor.py:183} INFO - Processing /home/airflow/.local/lib/python3.12/site-packages/airflow/example_dags/example_complex.py took 0.317 seconds
[2026-05-01T13:51:10.727+0000] {processor.py:161} INFO - Started process (PID=1004) to work on /home/airflow/.local/lib/python3.12/site-packages/airflow/example_dags/example_complex.py
[2026-05-01T13:51:10.738+0000] {processor.py:830} INFO - Processing file /home/airflow/.local/lib/python3.12/site-packages/airflow/example_dags/example_complex.py for tasks to queue
[2026-05-01T13:51:10.778+0000] {logging_mixin.py:188} INFO - [2026-05-01T13:51:10.761+0000] {dagbag.py:545} INFO - Filling up the DagBag from /home/airflow/.local/lib/python3.12/site-packages/airflow/example_dags/example_complex.py
[2026-05-01T13:51:10.836+0000] {processor.py:840} INFO - DAG(s) 'example_complex' retrieved from /home/airflow/.local/lib/python3.12/site-packages/airflow/example_dags/example_complex.py
[2026-05-01T13:51:11.045+0000] {logging_mixin.py:188} INFO - [2026-05-01T13:51:11.044+0000] {dag.py:3089} INFO - Sync 1 DAGs
[2026-05-01T13:51:11.129+0000] {logging_mixin.py:188} INFO - [2026-05-01T13:51:11.128+0000] {dag.py:3947} INFO - Setting next_dagrun for example_complex to None, run_after=None
[2026-05-01T13:51:11.215+0000] {processor.py:183} INFO - Processing /home/airflow/.local/lib/python3.12/site-packages/airflow/example_dags/example_complex.py took 0.524 seconds
[2026-05-01T13:51:41.687+0000] {processor.py:161} INFO - Started process (PID=1062) to work on /home/airflow/.local/lib/python3.12/site-packages/airflow/example_dags/example_complex.py
[2026-05-01T13:51:41.696+0000] {processor.py:830} INFO - Processing file /home/airflow/.local/lib/python3.12/site-packages/airflow/example_dags/example_complex.py for tasks to queue
[2026-05-01T13:51:41.729+0000] {logging_mixin.py:188} INFO - [2026-05-01T13:51:41.725+0000] {dagbag.py:545} INFO - Filling up the DagBag from /home/airflow/.local/lib/python3.12/site-packages/airflow/example_dags/example_complex.py
[2026-05-01T13:51:41.791+0000] {processor.py:840} INFO - DAG(s) 'example_complex' retrieved from /home/airflow/.local/lib/python3.12/site-packages/airflow/example_dags/example_complex.py
[2026-05-01T13:51:41.902+0000] {logging_mixin.py:188} INFO - [2026-05-01T13:51:41.901+0000] {dag.py:3089} INFO - Sync 1 DAGs
[2026-05-01T13:51:41.943+0000] {logging_mixin.py:188} INFO - [2026-05-01T13:51:41.943+0000] {dag.py:3947} INFO - Setting next_dagrun for example_complex to None, run_after=None
[2026-05-01T13:51:42.026+0000] {processor.py:183} INFO - Processing /home/airflow/.local/lib/python3.12/site-packages/airflow/example_dags/example_complex.py took 0.370 seconds
[2026-05-01T13:52:12.334+0000] {processor.py:161} INFO - Started process (PID=1119) to work on /home/airflow/.local/lib/python3.12/site-packages/airflow/example_dags/example_complex.py
[2026-05-01T13:52:12.337+0000] {processor.py:830} INFO - Processing file /home/airflow/.local/lib/python3.12/site-packages/airflow/example_dags/example_complex.py for tasks to queue
[2026-05-01T13:52:12.346+0000] {logging_mixin.py:188} INFO - [2026-05-01T13:52:12.343+0000] {dagbag.py:545} INFO - Filling up the DagBag from /home/airflow/.local/lib/python3.12/site-packages/airflow/example_dags/example_complex.py
[2026-05-01T13:52:12.369+0000] {processor.py:840} INFO - DAG(s) 'example_complex' retrieved from /home/airflow/.local/lib/python3.12/site-packages/airflow/example_dags/example_complex.py
[2026-05-01T13:52:12.413+0000] {logging_mixin.py:188} INFO - [2026-05-01T13:52:12.412+0000] {dag.py:3089} INFO - Sync 1 DAGs
[2026-05-01T13:52:12.434+0000] {logging_mixin.py:188} INFO - [2026-05-01T13:52:12.434+0000] {dag.py:3947} INFO - Setting next_dagrun for example_complex to None, run_after=None
[2026-05-01T13:52:12.481+0000] {processor.py:183} INFO - Processing /home/airflow/.local/lib/python3.12/site-packages/airflow/example_dags/example_complex.py took 0.169 seconds
[2026-05-01T13:52:43.238+0000] {processor.py:161} INFO - Started process (PID=1177) to work on /home/airflow/.local/lib/python3.12/site-packages/airflow/example_dags/example_complex.py
[2026-05-01T13:52:43.240+0000] {processor.py:830} INFO - Processing file /home/airflow/.local/lib/python3.12/site-packages/airflow/example_dags/example_complex.py for tasks to queue
[2026-05-01T13:52:43.246+0000] {logging_mixin.py:188} INFO - [2026-05-01T13:52:43.245+0000] {dagbag.py:545} INFO - Filling up the DagBag from /home/airflow/.local/lib/python3.12/site-packages/airflow/example_dags/example_complex.py
[2026-05-01T13:52:43.283+0000] {processor.py:840} INFO - DAG(s) 'example_complex' retrieved from /home/airflow/.local/lib/python3.12/site-packages/airflow/example_dags/example_complex.py
[2026-05-01T13:52:43.386+0000] {logging_mixin.py:188} INFO - [2026-05-01T13:52:43.386+0000] {dag.py:3089} INFO - Sync 1 DAGs
[2026-05-01T13:52:43.427+0000] {logging_mixin.py:188} INFO - [2026-05-01T13:52:43.426+0000] {dag.py:3947} INFO - Setting next_dagrun for example_complex to None, run_after=None
[2026-05-01T13:52:43.506+0000] {processor.py:183} INFO - Processing /home/airflow/.local/lib/python3.12/site-packages/airflow/example_dags/example_complex.py took 0.294 seconds
[2026-05-01T13:53:14.066+0000] {processor.py:161} INFO - Started process (PID=1235) to work on /home/airflow/.local/lib/python3.12/site-packages/airflow/example_dags/example_complex.py
[2026-05-01T13:53:14.073+0000] {processor.py:830} INFO - Processing file /home/airflow/.local/lib/python3.12/site-packages/airflow/example_dags/example_complex.py for tasks to queue
[2026-05-01T13:53:14.080+0000] {logging_mixin.py:188} INFO - [2026-05-01T13:53:14.080+0000] {dagbag.py:545} INFO - Filling up the DagBag from /home/airflow/.local/lib/python3.12/site-packages/airflow/example_dags/example_complex.py
[2026-05-01T13:53:14.517+0000] {processor.py:840} INFO - DAG(s) 'example_complex' retrieved from /home/airflow/.local/lib/python3.12/site-packages/airflow/example_dags/example_complex.py
[2026-05-01T13:53:14.680+0000] {logging_mixin.py:188} INFO - [2026-05-01T13:53:14.680+0000] {dag.py:3089} INFO - Sync 1 DAGs
[2026-05-01T13:53:14.723+0000] {logging_mixin.py:188} INFO - [2026-05-01T13:53:14.723+0000] {dag.py:3947} INFO - Setting next_dagrun for example_complex to None, run_after=None
[2026-05-01T13:53:14.748+0000] {processor.py:183} INFO - Processing /home/airflow/.local/lib/python3.12/site-packages/airflow/example_dags/example_complex.py took 0.699 seconds
