[2026-05-01T13:24:36.316+0000] {processor.py:161} INFO - Started process (PID=73) to work on /home/airflow/.local/lib/python3.12/site-packages/airflow/example_dags/example_xcomargs.py
[2026-05-01T13:24:36.329+0000] {processor.py:830} INFO - Processing file /home/airflow/.local/lib/python3.12/site-packages/airflow/example_dags/example_xcomargs.py for tasks to queue
[2026-05-01T13:24:36.358+0000] {logging_mixin.py:188} INFO - [2026-05-01T13:24:36.356+0000] {dagbag.py:545} INFO - Filling up the DagBag from /home/airflow/.local/lib/python3.12/site-packages/airflow/example_dags/example_xcomargs.py
[2026-05-01T13:24:36.528+0000] {processor.py:840} INFO - DAG(s) 'example_xcom_args', 'example_xcom_args_with_operators' retrieved from /home/airflow/.local/lib/python3.12/site-packages/airflow/example_dags/example_xcomargs.py
[2026-05-01T13:24:38.024+0000] {logging_mixin.py:188} INFO - [2026-05-01T13:24:38.023+0000] {override.py:1858} INFO - Created Permission View: can delete on DAG:example_xcom_args
[2026-05-01T13:24:38.106+0000] {logging_mixin.py:188} INFO - [2026-05-01T13:24:38.105+0000] {override.py:1858} INFO - Created Permission View: can edit on DAG:example_xcom_args
[2026-05-01T13:24:38.154+0000] {logging_mixin.py:188} INFO - [2026-05-01T13:24:38.154+0000] {override.py:1858} INFO - Created Permission View: can read on DAG:example_xcom_args
[2026-05-01T13:24:38.252+0000] {logging_mixin.py:188} INFO - [2026-05-01T13:24:38.252+0000] {override.py:1858} INFO - Created Permission View: can delete on DAG:example_xcom_args_with_operators
[2026-05-01T13:24:38.340+0000] {logging_mixin.py:188} INFO - [2026-05-01T13:24:38.339+0000] {override.py:1858} INFO - Created Permission View: can edit on DAG:example_xcom_args_with_operators
[2026-05-01T13:24:38.432+0000] {logging_mixin.py:188} INFO - [2026-05-01T13:24:38.431+0000] {override.py:1858} INFO - Created Permission View: can read on DAG:example_xcom_args_with_operators
[2026-05-01T13:24:38.438+0000] {logging_mixin.py:188} INFO - [2026-05-01T13:24:38.436+0000] {dag.py:3089} INFO - Sync 2 DAGs
[2026-05-01T13:24:38.563+0000] {logging_mixin.py:188} INFO - [2026-05-01T13:24:38.563+0000] {dag.py:3111} INFO - Creating ORM DAG for example_xcom_args
[2026-05-01T13:24:38.602+0000] {logging_mixin.py:188} INFO - [2026-05-01T13:24:38.583+0000] {dag.py:3111} INFO - Creating ORM DAG for example_xcom_args_with_operators
[2026-05-01T13:24:38.608+0000] {logging_mixin.py:188} INFO - [2026-05-01T13:24:38.608+0000] {dag.py:3947} INFO - Setting next_dagrun for example_xcom_args to None, run_after=None
[2026-05-01T13:24:38.635+0000] {logging_mixin.py:188} INFO - [2026-05-01T13:24:38.634+0000] {dag.py:3947} INFO - Setting next_dagrun for example_xcom_args_with_operators to None, run_after=None
[2026-05-01T13:24:38.793+0000] {processor.py:183} INFO - Processing /home/airflow/.local/lib/python3.12/site-packages/airflow/example_dags/example_xcomargs.py took 2.551 seconds
[2026-05-01T13:25:26.736+0000] {processor.py:161} INFO - Started process (PID=136) to work on /home/airflow/.local/lib/python3.12/site-packages/airflow/example_dags/example_xcomargs.py
[2026-05-01T13:25:26.747+0000] {processor.py:830} INFO - Processing file /home/airflow/.local/lib/python3.12/site-packages/airflow/example_dags/example_xcomargs.py for tasks to queue
[2026-05-01T13:25:26.791+0000] {logging_mixin.py:188} INFO - [2026-05-01T13:25:26.790+0000] {dagbag.py:545} INFO - Filling up the DagBag from /home/airflow/.local/lib/python3.12/site-packages/airflow/example_dags/example_xcomargs.py
[2026-05-01T13:25:26.973+0000] {processor.py:840} INFO - DAG(s) 'example_xcom_args_with_operators', 'example_xcom_args' retrieved from /home/airflow/.local/lib/python3.12/site-packages/airflow/example_dags/example_xcomargs.py
[2026-05-01T13:25:28.259+0000] {logging_mixin.py:188} INFO - [2026-05-01T13:25:28.258+0000] {dag.py:3089} INFO - Sync 2 DAGs
[2026-05-01T13:25:28.886+0000] {logging_mixin.py:188} INFO - [2026-05-01T13:25:28.886+0000] {dag.py:3947} INFO - Setting next_dagrun for example_xcom_args to None, run_after=None
[2026-05-01T13:25:28.978+0000] {logging_mixin.py:188} INFO - [2026-05-01T13:25:28.978+0000] {dag.py:3947} INFO - Setting next_dagrun for example_xcom_args_with_operators to None, run_after=None
[2026-05-01T13:25:29.289+0000] {processor.py:183} INFO - Processing /home/airflow/.local/lib/python3.12/site-packages/airflow/example_dags/example_xcomargs.py took 2.640 seconds
[2026-05-01T13:26:00.616+0000] {processor.py:161} INFO - Started process (PID=194) to work on /home/airflow/.local/lib/python3.12/site-packages/airflow/example_dags/example_xcomargs.py
[2026-05-01T13:26:00.630+0000] {processor.py:830} INFO - Processing file /home/airflow/.local/lib/python3.12/site-packages/airflow/example_dags/example_xcomargs.py for tasks to queue
[2026-05-01T13:26:00.668+0000] {logging_mixin.py:188} INFO - [2026-05-01T13:26:00.667+0000] {dagbag.py:545} INFO - Filling up the DagBag from /home/airflow/.local/lib/python3.12/site-packages/airflow/example_dags/example_xcomargs.py
[2026-05-01T13:26:00.746+0000] {processor.py:840} INFO - DAG(s) 'example_xcom_args_with_operators', 'example_xcom_args' retrieved from /home/airflow/.local/lib/python3.12/site-packages/airflow/example_dags/example_xcomargs.py
[2026-05-01T13:26:00.881+0000] {logging_mixin.py:188} INFO - [2026-05-01T13:26:00.880+0000] {dag.py:3089} INFO - Sync 2 DAGs
[2026-05-01T13:26:00.976+0000] {logging_mixin.py:188} INFO - [2026-05-01T13:26:00.976+0000] {dag.py:3947} INFO - Setting next_dagrun for example_xcom_args to None, run_after=None
[2026-05-01T13:26:01.004+0000] {logging_mixin.py:188} INFO - [2026-05-01T13:26:01.004+0000] {dag.py:3947} INFO - Setting next_dagrun for example_xcom_args_with_operators to None, run_after=None
[2026-05-01T13:26:01.078+0000] {processor.py:183} INFO - Processing /home/airflow/.local/lib/python3.12/site-packages/airflow/example_dags/example_xcomargs.py took 0.511 seconds
[2026-05-01T13:26:31.703+0000] {processor.py:161} INFO - Started process (PID=252) to work on /home/airflow/.local/lib/python3.12/site-packages/airflow/example_dags/example_xcomargs.py
[2026-05-01T13:26:31.711+0000] {processor.py:830} INFO - Processing file /home/airflow/.local/lib/python3.12/site-packages/airflow/example_dags/example_xcomargs.py for tasks to queue
[2026-05-01T13:26:31.728+0000] {logging_mixin.py:188} INFO - [2026-05-01T13:26:31.727+0000] {dagbag.py:545} INFO - Filling up the DagBag from /home/airflow/.local/lib/python3.12/site-packages/airflow/example_dags/example_xcomargs.py
[2026-05-01T13:26:31.772+0000] {processor.py:840} INFO - DAG(s) 'example_xcom_args_with_operators', 'example_xcom_args' retrieved from /home/airflow/.local/lib/python3.12/site-packages/airflow/example_dags/example_xcomargs.py
[2026-05-01T13:26:31.885+0000] {logging_mixin.py:188} INFO - [2026-05-01T13:26:31.884+0000] {dag.py:3089} INFO - Sync 2 DAGs
[2026-05-01T13:26:31.944+0000] {logging_mixin.py:188} INFO - [2026-05-01T13:26:31.943+0000] {dag.py:3947} INFO - Setting next_dagrun for example_xcom_args to None, run_after=None
[2026-05-01T13:26:31.958+0000] {logging_mixin.py:188} INFO - [2026-05-01T13:26:31.957+0000] {dag.py:3947} INFO - Setting next_dagrun for example_xcom_args_with_operators to None, run_after=None
[2026-05-01T13:26:32.028+0000] {processor.py:183} INFO - Processing /home/airflow/.local/lib/python3.12/site-packages/airflow/example_dags/example_xcomargs.py took 0.367 seconds
[2026-05-01T13:27:02.615+0000] {processor.py:161} INFO - Started process (PID=310) to work on /home/airflow/.local/lib/python3.12/site-packages/airflow/example_dags/example_xcomargs.py
[2026-05-01T13:27:02.620+0000] {processor.py:830} INFO - Processing file /home/airflow/.local/lib/python3.12/site-packages/airflow/example_dags/example_xcomargs.py for tasks to queue
[2026-05-01T13:27:02.627+0000] {logging_mixin.py:188} INFO - [2026-05-01T13:27:02.626+0000] {dagbag.py:545} INFO - Filling up the DagBag from /home/airflow/.local/lib/python3.12/site-packages/airflow/example_dags/example_xcomargs.py
[2026-05-01T13:27:02.645+0000] {processor.py:840} INFO - DAG(s) 'example_xcom_args', 'example_xcom_args_with_operators' retrieved from /home/airflow/.local/lib/python3.12/site-packages/airflow/example_dags/example_xcomargs.py
[2026-05-01T13:27:02.702+0000] {logging_mixin.py:188} INFO - [2026-05-01T13:27:02.702+0000] {dag.py:3089} INFO - Sync 2 DAGs
[2026-05-01T13:27:02.729+0000] {logging_mixin.py:188} INFO - [2026-05-01T13:27:02.729+0000] {dag.py:3947} INFO - Setting next_dagrun for example_xcom_args to None, run_after=None
[2026-05-01T13:27:02.738+0000] {logging_mixin.py:188} INFO - [2026-05-01T13:27:02.737+0000] {dag.py:3947} INFO - Setting next_dagrun for example_xcom_args_with_operators to None, run_after=None
[2026-05-01T13:27:02.768+0000] {processor.py:183} INFO - Processing /home/airflow/.local/lib/python3.12/site-packages/airflow/example_dags/example_xcomargs.py took 0.164 seconds
[2026-05-01T13:27:32.981+0000] {processor.py:161} INFO - Started process (PID=368) to work on /home/airflow/.local/lib/python3.12/site-packages/airflow/example_dags/example_xcomargs.py
[2026-05-01T13:27:32.984+0000] {processor.py:830} INFO - Processing file /home/airflow/.local/lib/python3.12/site-packages/airflow/example_dags/example_xcomargs.py for tasks to queue
[2026-05-01T13:27:32.991+0000] {logging_mixin.py:188} INFO - [2026-05-01T13:27:32.990+0000] {dagbag.py:545} INFO - Filling up the DagBag from /home/airflow/.local/lib/python3.12/site-packages/airflow/example_dags/example_xcomargs.py
[2026-05-01T13:27:33.022+0000] {processor.py:840} INFO - DAG(s) 'example_xcom_args_with_operators', 'example_xcom_args' retrieved from /home/airflow/.local/lib/python3.12/site-packages/airflow/example_dags/example_xcomargs.py
[2026-05-01T13:27:33.070+0000] {logging_mixin.py:188} INFO - [2026-05-01T13:27:33.069+0000] {dag.py:3089} INFO - Sync 2 DAGs
[2026-05-01T13:27:33.095+0000] {logging_mixin.py:188} INFO - [2026-05-01T13:27:33.094+0000] {dag.py:3947} INFO - Setting next_dagrun for example_xcom_args to None, run_after=None
[2026-05-01T13:27:33.108+0000] {logging_mixin.py:188} INFO - [2026-05-01T13:27:33.108+0000] {dag.py:3947} INFO - Setting next_dagrun for example_xcom_args_with_operators to None, run_after=None
[2026-05-01T13:27:33.154+0000] {processor.py:183} INFO - Processing /home/airflow/.local/lib/python3.12/site-packages/airflow/example_dags/example_xcomargs.py took 0.203 seconds
[2026-05-01T13:28:03.799+0000] {processor.py:161} INFO - Started process (PID=427) to work on /home/airflow/.local/lib/python3.12/site-packages/airflow/example_dags/example_xcomargs.py
[2026-05-01T13:28:03.804+0000] {processor.py:830} INFO - Processing file /home/airflow/.local/lib/python3.12/site-packages/airflow/example_dags/example_xcomargs.py for tasks to queue
[2026-05-01T13:28:03.810+0000] {logging_mixin.py:188} INFO - [2026-05-01T13:28:03.809+0000] {dagbag.py:545} INFO - Filling up the DagBag from /home/airflow/.local/lib/python3.12/site-packages/airflow/example_dags/example_xcomargs.py
[2026-05-01T13:28:03.850+0000] {processor.py:840} INFO - DAG(s) 'example_xcom_args_with_operators', 'example_xcom_args' retrieved from /home/airflow/.local/lib/python3.12/site-packages/airflow/example_dags/example_xcomargs.py
[2026-05-01T13:28:03.915+0000] {logging_mixin.py:188} INFO - [2026-05-01T13:28:03.915+0000] {dag.py:3089} INFO - Sync 2 DAGs
[2026-05-01T13:28:03.936+0000] {logging_mixin.py:188} INFO - [2026-05-01T13:28:03.935+0000] {dag.py:3947} INFO - Setting next_dagrun for example_xcom_args to None, run_after=None
[2026-05-01T13:28:03.944+0000] {logging_mixin.py:188} INFO - [2026-05-01T13:28:03.943+0000] {dag.py:3947} INFO - Setting next_dagrun for example_xcom_args_with_operators to None, run_after=None
[2026-05-01T13:28:03.985+0000] {processor.py:183} INFO - Processing /home/airflow/.local/lib/python3.12/site-packages/airflow/example_dags/example_xcomargs.py took 0.203 seconds
[2026-05-01T13:28:34.733+0000] {processor.py:161} INFO - Started process (PID=485) to work on /home/airflow/.local/lib/python3.12/site-packages/airflow/example_dags/example_xcomargs.py
[2026-05-01T13:28:34.741+0000] {processor.py:830} INFO - Processing file /home/airflow/.local/lib/python3.12/site-packages/airflow/example_dags/example_xcomargs.py for tasks to queue
[2026-05-01T13:28:34.751+0000] {logging_mixin.py:188} INFO - [2026-05-01T13:28:34.750+0000] {dagbag.py:545} INFO - Filling up the DagBag from /home/airflow/.local/lib/python3.12/site-packages/airflow/example_dags/example_xcomargs.py
[2026-05-01T13:28:34.799+0000] {processor.py:840} INFO - DAG(s) 'example_xcom_args', 'example_xcom_args_with_operators' retrieved from /home/airflow/.local/lib/python3.12/site-packages/airflow/example_dags/example_xcomargs.py
[2026-05-01T13:28:34.920+0000] {logging_mixin.py:188} INFO - [2026-05-01T13:28:34.920+0000] {dag.py:3089} INFO - Sync 2 DAGs
[2026-05-01T13:28:34.976+0000] {logging_mixin.py:188} INFO - [2026-05-01T13:28:34.976+0000] {dag.py:3947} INFO - Setting next_dagrun for example_xcom_args to None, run_after=None
[2026-05-01T13:28:34.999+0000] {logging_mixin.py:188} INFO - [2026-05-01T13:28:34.998+0000] {dag.py:3947} INFO - Setting next_dagrun for example_xcom_args_with_operators to None, run_after=None
[2026-05-01T13:28:35.054+0000] {processor.py:183} INFO - Processing /home/airflow/.local/lib/python3.12/site-packages/airflow/example_dags/example_xcomargs.py took 0.340 seconds
[2026-05-01T13:29:05.657+0000] {processor.py:161} INFO - Started process (PID=543) to work on /home/airflow/.local/lib/python3.12/site-packages/airflow/example_dags/example_xcomargs.py
[2026-05-01T13:29:05.660+0000] {processor.py:830} INFO - Processing file /home/airflow/.local/lib/python3.12/site-packages/airflow/example_dags/example_xcomargs.py for tasks to queue
[2026-05-01T13:29:05.666+0000] {logging_mixin.py:188} INFO - [2026-05-01T13:29:05.666+0000] {dagbag.py:545} INFO - Filling up the DagBag from /home/airflow/.local/lib/python3.12/site-packages/airflow/example_dags/example_xcomargs.py
[2026-05-01T13:29:05.703+0000] {processor.py:840} INFO - DAG(s) 'example_xcom_args_with_operators', 'example_xcom_args' retrieved from /home/airflow/.local/lib/python3.12/site-packages/airflow/example_dags/example_xcomargs.py
[2026-05-01T13:29:05.784+0000] {logging_mixin.py:188} INFO - [2026-05-01T13:29:05.782+0000] {dag.py:3089} INFO - Sync 2 DAGs
[2026-05-01T13:29:05.830+0000] {logging_mixin.py:188} INFO - [2026-05-01T13:29:05.830+0000] {dag.py:3947} INFO - Setting next_dagrun for example_xcom_args to None, run_after=None
[2026-05-01T13:29:05.837+0000] {logging_mixin.py:188} INFO - [2026-05-01T13:29:05.837+0000] {dag.py:3947} INFO - Setting next_dagrun for example_xcom_args_with_operators to None, run_after=None
[2026-05-01T13:29:05.860+0000] {processor.py:183} INFO - Processing /home/airflow/.local/lib/python3.12/site-packages/airflow/example_dags/example_xcomargs.py took 0.223 seconds
[2026-05-01T13:29:36.449+0000] {processor.py:161} INFO - Started process (PID=601) to work on /home/airflow/.local/lib/python3.12/site-packages/airflow/example_dags/example_xcomargs.py
[2026-05-01T13:29:36.453+0000] {processor.py:830} INFO - Processing file /home/airflow/.local/lib/python3.12/site-packages/airflow/example_dags/example_xcomargs.py for tasks to queue
[2026-05-01T13:29:36.456+0000] {logging_mixin.py:188} INFO - [2026-05-01T13:29:36.456+0000] {dagbag.py:545} INFO - Filling up the DagBag from /home/airflow/.local/lib/python3.12/site-packages/airflow/example_dags/example_xcomargs.py
[2026-05-01T13:29:36.512+0000] {processor.py:840} INFO - DAG(s) 'example_xcom_args_with_operators', 'example_xcom_args' retrieved from /home/airflow/.local/lib/python3.12/site-packages/airflow/example_dags/example_xcomargs.py
[2026-05-01T13:29:36.626+0000] {logging_mixin.py:188} INFO - [2026-05-01T13:29:36.625+0000] {dag.py:3089} INFO - Sync 2 DAGs
[2026-05-01T13:29:36.696+0000] {logging_mixin.py:188} INFO - [2026-05-01T13:29:36.696+0000] {dag.py:3947} INFO - Setting next_dagrun for example_xcom_args to None, run_after=None
[2026-05-01T13:29:36.715+0000] {logging_mixin.py:188} INFO - [2026-05-01T13:29:36.715+0000] {dag.py:3947} INFO - Setting next_dagrun for example_xcom_args_with_operators to None, run_after=None
[2026-05-01T13:29:36.794+0000] {processor.py:183} INFO - Processing /home/airflow/.local/lib/python3.12/site-packages/airflow/example_dags/example_xcomargs.py took 0.361 seconds
[2026-05-01T13:30:06.986+0000] {processor.py:161} INFO - Started process (PID=659) to work on /home/airflow/.local/lib/python3.12/site-packages/airflow/example_dags/example_xcomargs.py
[2026-05-01T13:30:06.989+0000] {processor.py:830} INFO - Processing file /home/airflow/.local/lib/python3.12/site-packages/airflow/example_dags/example_xcomargs.py for tasks to queue
[2026-05-01T13:30:06.995+0000] {logging_mixin.py:188} INFO - [2026-05-01T13:30:06.994+0000] {dagbag.py:545} INFO - Filling up the DagBag from /home/airflow/.local/lib/python3.12/site-packages/airflow/example_dags/example_xcomargs.py
[2026-05-01T13:30:07.011+0000] {processor.py:840} INFO - DAG(s) 'example_xcom_args_with_operators', 'example_xcom_args' retrieved from /home/airflow/.local/lib/python3.12/site-packages/airflow/example_dags/example_xcomargs.py
[2026-05-01T13:30:07.057+0000] {logging_mixin.py:188} INFO - [2026-05-01T13:30:07.057+0000] {dag.py:3089} INFO - Sync 2 DAGs
[2026-05-01T13:30:07.081+0000] {logging_mixin.py:188} INFO - [2026-05-01T13:30:07.081+0000] {dag.py:3947} INFO - Setting next_dagrun for example_xcom_args to None, run_after=None
[2026-05-01T13:30:07.089+0000] {logging_mixin.py:188} INFO - [2026-05-01T13:30:07.089+0000] {dag.py:3947} INFO - Setting next_dagrun for example_xcom_args_with_operators to None, run_after=None
[2026-05-01T13:30:07.119+0000] {processor.py:183} INFO - Processing /home/airflow/.local/lib/python3.12/site-packages/airflow/example_dags/example_xcomargs.py took 0.151 seconds
[2026-05-01T13:30:37.507+0000] {processor.py:161} INFO - Started process (PID=717) to work on /home/airflow/.local/lib/python3.12/site-packages/airflow/example_dags/example_xcomargs.py
[2026-05-01T13:30:37.518+0000] {processor.py:830} INFO - Processing file /home/airflow/.local/lib/python3.12/site-packages/airflow/example_dags/example_xcomargs.py for tasks to queue
[2026-05-01T13:30:37.529+0000] {logging_mixin.py:188} INFO - [2026-05-01T13:30:37.527+0000] {dagbag.py:545} INFO - Filling up the DagBag from /home/airflow/.local/lib/python3.12/site-packages/airflow/example_dags/example_xcomargs.py
[2026-05-01T13:30:37.564+0000] {processor.py:840} INFO - DAG(s) 'example_xcom_args', 'example_xcom_args_with_operators' retrieved from /home/airflow/.local/lib/python3.12/site-packages/airflow/example_dags/example_xcomargs.py
[2026-05-01T13:30:37.608+0000] {logging_mixin.py:188} INFO - [2026-05-01T13:30:37.608+0000] {dag.py:3089} INFO - Sync 2 DAGs
[2026-05-01T13:30:37.634+0000] {logging_mixin.py:188} INFO - [2026-05-01T13:30:37.634+0000] {dag.py:3947} INFO - Setting next_dagrun for example_xcom_args to None, run_after=None
[2026-05-01T13:30:37.648+0000] {logging_mixin.py:188} INFO - [2026-05-01T13:30:37.648+0000] {dag.py:3947} INFO - Setting next_dagrun for example_xcom_args_with_operators to None, run_after=None
[2026-05-01T13:30:37.673+0000] {processor.py:183} INFO - Processing /home/airflow/.local/lib/python3.12/site-packages/airflow/example_dags/example_xcomargs.py took 0.186 seconds
[2026-05-01T13:31:07.952+0000] {processor.py:161} INFO - Started process (PID=775) to work on /home/airflow/.local/lib/python3.12/site-packages/airflow/example_dags/example_xcomargs.py
[2026-05-01T13:31:07.959+0000] {processor.py:830} INFO - Processing file /home/airflow/.local/lib/python3.12/site-packages/airflow/example_dags/example_xcomargs.py for tasks to queue
[2026-05-01T13:31:07.970+0000] {logging_mixin.py:188} INFO - [2026-05-01T13:31:07.969+0000] {dagbag.py:545} INFO - Filling up the DagBag from /home/airflow/.local/lib/python3.12/site-packages/airflow/example_dags/example_xcomargs.py
[2026-05-01T13:31:07.993+0000] {processor.py:840} INFO - DAG(s) 'example_xcom_args_with_operators', 'example_xcom_args' retrieved from /home/airflow/.local/lib/python3.12/site-packages/airflow/example_dags/example_xcomargs.py
[2026-05-01T13:31:08.034+0000] {logging_mixin.py:188} INFO - [2026-05-01T13:31:08.034+0000] {dag.py:3089} INFO - Sync 2 DAGs
[2026-05-01T13:31:08.060+0000] {logging_mixin.py:188} INFO - [2026-05-01T13:31:08.060+0000] {dag.py:3947} INFO - Setting next_dagrun for example_xcom_args to None, run_after=None
[2026-05-01T13:31:08.074+0000] {logging_mixin.py:188} INFO - [2026-05-01T13:31:08.074+0000] {dag.py:3947} INFO - Setting next_dagrun for example_xcom_args_with_operators to None, run_after=None
[2026-05-01T13:31:08.106+0000] {processor.py:183} INFO - Processing /home/airflow/.local/lib/python3.12/site-packages/airflow/example_dags/example_xcomargs.py took 0.169 seconds
[2026-05-01T13:31:38.309+0000] {processor.py:161} INFO - Started process (PID=833) to work on /home/airflow/.local/lib/python3.12/site-packages/airflow/example_dags/example_xcomargs.py
[2026-05-01T13:31:38.312+0000] {processor.py:830} INFO - Processing file /home/airflow/.local/lib/python3.12/site-packages/airflow/example_dags/example_xcomargs.py for tasks to queue
[2026-05-01T13:31:38.320+0000] {logging_mixin.py:188} INFO - [2026-05-01T13:31:38.318+0000] {dagbag.py:545} INFO - Filling up the DagBag from /home/airflow/.local/lib/python3.12/site-packages/airflow/example_dags/example_xcomargs.py
[2026-05-01T13:31:38.339+0000] {processor.py:840} INFO - DAG(s) 'example_xcom_args_with_operators', 'example_xcom_args' retrieved from /home/airflow/.local/lib/python3.12/site-packages/airflow/example_dags/example_xcomargs.py
[2026-05-01T13:31:38.377+0000] {logging_mixin.py:188} INFO - [2026-05-01T13:31:38.377+0000] {dag.py:3089} INFO - Sync 2 DAGs
[2026-05-01T13:31:38.399+0000] {logging_mixin.py:188} INFO - [2026-05-01T13:31:38.398+0000] {dag.py:3947} INFO - Setting next_dagrun for example_xcom_args to None, run_after=None
[2026-05-01T13:31:38.407+0000] {logging_mixin.py:188} INFO - [2026-05-01T13:31:38.407+0000] {dag.py:3947} INFO - Setting next_dagrun for example_xcom_args_with_operators to None, run_after=None
[2026-05-01T13:31:38.437+0000] {processor.py:183} INFO - Processing /home/airflow/.local/lib/python3.12/site-packages/airflow/example_dags/example_xcomargs.py took 0.145 seconds
[2026-05-01T13:32:09.002+0000] {processor.py:161} INFO - Started process (PID=891) to work on /home/airflow/.local/lib/python3.12/site-packages/airflow/example_dags/example_xcomargs.py
[2026-05-01T13:32:09.005+0000] {processor.py:830} INFO - Processing file /home/airflow/.local/lib/python3.12/site-packages/airflow/example_dags/example_xcomargs.py for tasks to queue
[2026-05-01T13:32:09.010+0000] {logging_mixin.py:188} INFO - [2026-05-01T13:32:09.009+0000] {dagbag.py:545} INFO - Filling up the DagBag from /home/airflow/.local/lib/python3.12/site-packages/airflow/example_dags/example_xcomargs.py
[2026-05-01T13:32:09.026+0000] {processor.py:840} INFO - DAG(s) 'example_xcom_args', 'example_xcom_args_with_operators' retrieved from /home/airflow/.local/lib/python3.12/site-packages/airflow/example_dags/example_xcomargs.py
[2026-05-01T13:32:09.066+0000] {logging_mixin.py:188} INFO - [2026-05-01T13:32:09.066+0000] {dag.py:3089} INFO - Sync 2 DAGs
[2026-05-01T13:32:09.096+0000] {logging_mixin.py:188} INFO - [2026-05-01T13:32:09.096+0000] {dag.py:3947} INFO - Setting next_dagrun for example_xcom_args to None, run_after=None
[2026-05-01T13:32:09.104+0000] {logging_mixin.py:188} INFO - [2026-05-01T13:32:09.104+0000] {dag.py:3947} INFO - Setting next_dagrun for example_xcom_args_with_operators to None, run_after=None
[2026-05-01T13:32:09.134+0000] {processor.py:183} INFO - Processing /home/airflow/.local/lib/python3.12/site-packages/airflow/example_dags/example_xcomargs.py took 0.146 seconds
[2026-05-01T13:32:39.455+0000] {processor.py:161} INFO - Started process (PID=948) to work on /home/airflow/.local/lib/python3.12/site-packages/airflow/example_dags/example_xcomargs.py
[2026-05-01T13:32:39.458+0000] {processor.py:830} INFO - Processing file /home/airflow/.local/lib/python3.12/site-packages/airflow/example_dags/example_xcomargs.py for tasks to queue
[2026-05-01T13:32:39.463+0000] {logging_mixin.py:188} INFO - [2026-05-01T13:32:39.463+0000] {dagbag.py:545} INFO - Filling up the DagBag from /home/airflow/.local/lib/python3.12/site-packages/airflow/example_dags/example_xcomargs.py
[2026-05-01T13:32:39.477+0000] {processor.py:840} INFO - DAG(s) 'example_xcom_args_with_operators', 'example_xcom_args' retrieved from /home/airflow/.local/lib/python3.12/site-packages/airflow/example_dags/example_xcomargs.py
[2026-05-01T13:32:39.510+0000] {logging_mixin.py:188} INFO - [2026-05-01T13:32:39.509+0000] {dag.py:3089} INFO - Sync 2 DAGs
[2026-05-01T13:32:39.547+0000] {logging_mixin.py:188} INFO - [2026-05-01T13:32:39.544+0000] {dag.py:3947} INFO - Setting next_dagrun for example_xcom_args to None, run_after=None
[2026-05-01T13:32:39.559+0000] {logging_mixin.py:188} INFO - [2026-05-01T13:32:39.559+0000] {dag.py:3947} INFO - Setting next_dagrun for example_xcom_args_with_operators to None, run_after=None
[2026-05-01T13:32:39.584+0000] {processor.py:183} INFO - Processing /home/airflow/.local/lib/python3.12/site-packages/airflow/example_dags/example_xcomargs.py took 0.141 seconds
[2026-05-01T13:33:09.638+0000] {processor.py:161} INFO - Started process (PID=1005) to work on /home/airflow/.local/lib/python3.12/site-packages/airflow/example_dags/example_xcomargs.py
[2026-05-01T13:33:09.641+0000] {processor.py:830} INFO - Processing file /home/airflow/.local/lib/python3.12/site-packages/airflow/example_dags/example_xcomargs.py for tasks to queue
[2026-05-01T13:33:09.646+0000] {logging_mixin.py:188} INFO - [2026-05-01T13:33:09.645+0000] {dagbag.py:545} INFO - Filling up the DagBag from /home/airflow/.local/lib/python3.12/site-packages/airflow/example_dags/example_xcomargs.py
[2026-05-01T13:33:09.662+0000] {processor.py:840} INFO - DAG(s) 'example_xcom_args', 'example_xcom_args_with_operators' retrieved from /home/airflow/.local/lib/python3.12/site-packages/airflow/example_dags/example_xcomargs.py
[2026-05-01T13:33:09.708+0000] {logging_mixin.py:188} INFO - [2026-05-01T13:33:09.708+0000] {dag.py:3089} INFO - Sync 2 DAGs
[2026-05-01T13:33:09.742+0000] {logging_mixin.py:188} INFO - [2026-05-01T13:33:09.742+0000] {dag.py:3947} INFO - Setting next_dagrun for example_xcom_args to None, run_after=None
[2026-05-01T13:33:09.752+0000] {logging_mixin.py:188} INFO - [2026-05-01T13:33:09.752+0000] {dag.py:3947} INFO - Setting next_dagrun for example_xcom_args_with_operators to None, run_after=None
[2026-05-01T13:33:09.778+0000] {processor.py:183} INFO - Processing /home/airflow/.local/lib/python3.12/site-packages/airflow/example_dags/example_xcomargs.py took 0.154 seconds
[2026-05-01T13:33:40.658+0000] {processor.py:161} INFO - Started process (PID=1063) to work on /home/airflow/.local/lib/python3.12/site-packages/airflow/example_dags/example_xcomargs.py
[2026-05-01T13:33:40.662+0000] {processor.py:830} INFO - Processing file /home/airflow/.local/lib/python3.12/site-packages/airflow/example_dags/example_xcomargs.py for tasks to queue
[2026-05-01T13:33:40.668+0000] {logging_mixin.py:188} INFO - [2026-05-01T13:33:40.667+0000] {dagbag.py:545} INFO - Filling up the DagBag from /home/airflow/.local/lib/python3.12/site-packages/airflow/example_dags/example_xcomargs.py
[2026-05-01T13:33:40.691+0000] {processor.py:840} INFO - DAG(s) 'example_xcom_args', 'example_xcom_args_with_operators' retrieved from /home/airflow/.local/lib/python3.12/site-packages/airflow/example_dags/example_xcomargs.py
[2026-05-01T13:33:40.723+0000] {logging_mixin.py:188} INFO - [2026-05-01T13:33:40.722+0000] {dag.py:3089} INFO - Sync 2 DAGs
[2026-05-01T13:33:40.744+0000] {logging_mixin.py:188} INFO - [2026-05-01T13:33:40.744+0000] {dag.py:3947} INFO - Setting next_dagrun for example_xcom_args to None, run_after=None
[2026-05-01T13:33:40.753+0000] {logging_mixin.py:188} INFO - [2026-05-01T13:33:40.752+0000] {dag.py:3947} INFO - Setting next_dagrun for example_xcom_args_with_operators to None, run_after=None
[2026-05-01T13:33:40.776+0000] {processor.py:183} INFO - Processing /home/airflow/.local/lib/python3.12/site-packages/airflow/example_dags/example_xcomargs.py took 0.150 seconds
[2026-05-01T13:34:11.056+0000] {processor.py:161} INFO - Started process (PID=1121) to work on /home/airflow/.local/lib/python3.12/site-packages/airflow/example_dags/example_xcomargs.py
[2026-05-01T13:34:11.058+0000] {processor.py:830} INFO - Processing file /home/airflow/.local/lib/python3.12/site-packages/airflow/example_dags/example_xcomargs.py for tasks to queue
[2026-05-01T13:34:11.062+0000] {logging_mixin.py:188} INFO - [2026-05-01T13:34:11.062+0000] {dagbag.py:545} INFO - Filling up the DagBag from /home/airflow/.local/lib/python3.12/site-packages/airflow/example_dags/example_xcomargs.py
[2026-05-01T13:34:11.074+0000] {processor.py:840} INFO - DAG(s) 'example_xcom_args_with_operators', 'example_xcom_args' retrieved from /home/airflow/.local/lib/python3.12/site-packages/airflow/example_dags/example_xcomargs.py
[2026-05-01T13:34:11.128+0000] {logging_mixin.py:188} INFO - [2026-05-01T13:34:11.127+0000] {dag.py:3089} INFO - Sync 2 DAGs
[2026-05-01T13:34:11.170+0000] {logging_mixin.py:188} INFO - [2026-05-01T13:34:11.170+0000] {dag.py:3947} INFO - Setting next_dagrun for example_xcom_args to None, run_after=None
[2026-05-01T13:34:11.177+0000] {logging_mixin.py:188} INFO - [2026-05-01T13:34:11.177+0000] {dag.py:3947} INFO - Setting next_dagrun for example_xcom_args_with_operators to None, run_after=None
[2026-05-01T13:34:11.202+0000] {processor.py:183} INFO - Processing /home/airflow/.local/lib/python3.12/site-packages/airflow/example_dags/example_xcomargs.py took 0.163 seconds
[2026-05-01T13:34:41.569+0000] {processor.py:161} INFO - Started process (PID=1179) to work on /home/airflow/.local/lib/python3.12/site-packages/airflow/example_dags/example_xcomargs.py
[2026-05-01T13:34:41.577+0000] {processor.py:830} INFO - Processing file /home/airflow/.local/lib/python3.12/site-packages/airflow/example_dags/example_xcomargs.py for tasks to queue
[2026-05-01T13:34:41.586+0000] {logging_mixin.py:188} INFO - [2026-05-01T13:34:41.585+0000] {dagbag.py:545} INFO - Filling up the DagBag from /home/airflow/.local/lib/python3.12/site-packages/airflow/example_dags/example_xcomargs.py
[2026-05-01T13:34:41.599+0000] {processor.py:840} INFO - DAG(s) 'example_xcom_args_with_operators', 'example_xcom_args' retrieved from /home/airflow/.local/lib/python3.12/site-packages/airflow/example_dags/example_xcomargs.py
[2026-05-01T13:34:41.633+0000] {logging_mixin.py:188} INFO - [2026-05-01T13:34:41.633+0000] {dag.py:3089} INFO - Sync 2 DAGs
[2026-05-01T13:34:41.657+0000] {logging_mixin.py:188} INFO - [2026-05-01T13:34:41.657+0000] {dag.py:3947} INFO - Setting next_dagrun for example_xcom_args to None, run_after=None
[2026-05-01T13:34:41.664+0000] {logging_mixin.py:188} INFO - [2026-05-01T13:34:41.664+0000] {dag.py:3947} INFO - Setting next_dagrun for example_xcom_args_with_operators to None, run_after=None
[2026-05-01T13:34:41.689+0000] {processor.py:183} INFO - Processing /home/airflow/.local/lib/python3.12/site-packages/airflow/example_dags/example_xcomargs.py took 0.129 seconds
[2026-05-01T13:35:11.865+0000] {processor.py:161} INFO - Started process (PID=1236) to work on /home/airflow/.local/lib/python3.12/site-packages/airflow/example_dags/example_xcomargs.py
[2026-05-01T13:35:11.868+0000] {processor.py:830} INFO - Processing file /home/airflow/.local/lib/python3.12/site-packages/airflow/example_dags/example_xcomargs.py for tasks to queue
[2026-05-01T13:35:11.875+0000] {logging_mixin.py:188} INFO - [2026-05-01T13:35:11.874+0000] {dagbag.py:545} INFO - Filling up the DagBag from /home/airflow/.local/lib/python3.12/site-packages/airflow/example_dags/example_xcomargs.py
[2026-05-01T13:35:11.897+0000] {processor.py:840} INFO - DAG(s) 'example_xcom_args', 'example_xcom_args_with_operators' retrieved from /home/airflow/.local/lib/python3.12/site-packages/airflow/example_dags/example_xcomargs.py
[2026-05-01T13:35:11.943+0000] {logging_mixin.py:188} INFO - [2026-05-01T13:35:11.943+0000] {dag.py:3089} INFO - Sync 2 DAGs
[2026-05-01T13:35:11.968+0000] {logging_mixin.py:188} INFO - [2026-05-01T13:35:11.968+0000] {dag.py:3947} INFO - Setting next_dagrun for example_xcom_args to None, run_after=None
[2026-05-01T13:35:11.975+0000] {logging_mixin.py:188} INFO - [2026-05-01T13:35:11.975+0000] {dag.py:3947} INFO - Setting next_dagrun for example_xcom_args_with_operators to None, run_after=None
[2026-05-01T13:35:12.004+0000] {processor.py:183} INFO - Processing /home/airflow/.local/lib/python3.12/site-packages/airflow/example_dags/example_xcomargs.py took 0.156 seconds
[2026-05-01T13:35:42.131+0000] {processor.py:161} INFO - Started process (PID=1294) to work on /home/airflow/.local/lib/python3.12/site-packages/airflow/example_dags/example_xcomargs.py
[2026-05-01T13:35:42.137+0000] {processor.py:830} INFO - Processing file /home/airflow/.local/lib/python3.12/site-packages/airflow/example_dags/example_xcomargs.py for tasks to queue
[2026-05-01T13:35:42.143+0000] {logging_mixin.py:188} INFO - [2026-05-01T13:35:42.142+0000] {dagbag.py:545} INFO - Filling up the DagBag from /home/airflow/.local/lib/python3.12/site-packages/airflow/example_dags/example_xcomargs.py
[2026-05-01T13:35:42.159+0000] {processor.py:840} INFO - DAG(s) 'example_xcom_args_with_operators', 'example_xcom_args' retrieved from /home/airflow/.local/lib/python3.12/site-packages/airflow/example_dags/example_xcomargs.py
[2026-05-01T13:35:42.205+0000] {logging_mixin.py:188} INFO - [2026-05-01T13:35:42.204+0000] {dag.py:3089} INFO - Sync 2 DAGs
[2026-05-01T13:35:42.223+0000] {logging_mixin.py:188} INFO - [2026-05-01T13:35:42.222+0000] {dag.py:3947} INFO - Setting next_dagrun for example_xcom_args to None, run_after=None
[2026-05-01T13:35:42.230+0000] {logging_mixin.py:188} INFO - [2026-05-01T13:35:42.229+0000] {dag.py:3947} INFO - Setting next_dagrun for example_xcom_args_with_operators to None, run_after=None
[2026-05-01T13:35:42.252+0000] {processor.py:183} INFO - Processing /home/airflow/.local/lib/python3.12/site-packages/airflow/example_dags/example_xcomargs.py took 0.144 seconds
[2026-05-01T13:36:13.233+0000] {processor.py:161} INFO - Started process (PID=1352) to work on /home/airflow/.local/lib/python3.12/site-packages/airflow/example_dags/example_xcomargs.py
[2026-05-01T13:36:13.237+0000] {processor.py:830} INFO - Processing file /home/airflow/.local/lib/python3.12/site-packages/airflow/example_dags/example_xcomargs.py for tasks to queue
[2026-05-01T13:36:13.248+0000] {logging_mixin.py:188} INFO - [2026-05-01T13:36:13.247+0000] {dagbag.py:545} INFO - Filling up the DagBag from /home/airflow/.local/lib/python3.12/site-packages/airflow/example_dags/example_xcomargs.py
[2026-05-01T13:36:13.272+0000] {processor.py:840} INFO - DAG(s) 'example_xcom_args_with_operators', 'example_xcom_args' retrieved from /home/airflow/.local/lib/python3.12/site-packages/airflow/example_dags/example_xcomargs.py
[2026-05-01T13:36:13.337+0000] {logging_mixin.py:188} INFO - [2026-05-01T13:36:13.336+0000] {dag.py:3089} INFO - Sync 2 DAGs
[2026-05-01T13:36:13.374+0000] {logging_mixin.py:188} INFO - [2026-05-01T13:36:13.374+0000] {dag.py:3947} INFO - Setting next_dagrun for example_xcom_args to None, run_after=None
[2026-05-01T13:36:13.383+0000] {logging_mixin.py:188} INFO - [2026-05-01T13:36:13.383+0000] {dag.py:3947} INFO - Setting next_dagrun for example_xcom_args_with_operators to None, run_after=None
[2026-05-01T13:36:13.429+0000] {processor.py:183} INFO - Processing /home/airflow/.local/lib/python3.12/site-packages/airflow/example_dags/example_xcomargs.py took 0.218 seconds
[2026-05-01T13:36:44.167+0000] {processor.py:161} INFO - Started process (PID=1410) to work on /home/airflow/.local/lib/python3.12/site-packages/airflow/example_dags/example_xcomargs.py
[2026-05-01T13:36:44.172+0000] {processor.py:830} INFO - Processing file /home/airflow/.local/lib/python3.12/site-packages/airflow/example_dags/example_xcomargs.py for tasks to queue
[2026-05-01T13:36:44.178+0000] {logging_mixin.py:188} INFO - [2026-05-01T13:36:44.177+0000] {dagbag.py:545} INFO - Filling up the DagBag from /home/airflow/.local/lib/python3.12/site-packages/airflow/example_dags/example_xcomargs.py
[2026-05-01T13:36:44.193+0000] {processor.py:840} INFO - DAG(s) 'example_xcom_args_with_operators', 'example_xcom_args' retrieved from /home/airflow/.local/lib/python3.12/site-packages/airflow/example_dags/example_xcomargs.py
[2026-05-01T13:36:44.236+0000] {logging_mixin.py:188} INFO - [2026-05-01T13:36:44.235+0000] {dag.py:3089} INFO - Sync 2 DAGs
[2026-05-01T13:36:44.254+0000] {logging_mixin.py:188} INFO - [2026-05-01T13:36:44.254+0000] {dag.py:3947} INFO - Setting next_dagrun for example_xcom_args to None, run_after=None
[2026-05-01T13:36:44.265+0000] {logging_mixin.py:188} INFO - [2026-05-01T13:36:44.265+0000] {dag.py:3947} INFO - Setting next_dagrun for example_xcom_args_with_operators to None, run_after=None
[2026-05-01T13:36:44.302+0000] {processor.py:183} INFO - Processing /home/airflow/.local/lib/python3.12/site-packages/airflow/example_dags/example_xcomargs.py took 0.152 seconds
[2026-05-01T13:37:15.570+0000] {processor.py:161} INFO - Started process (PID=1468) to work on /home/airflow/.local/lib/python3.12/site-packages/airflow/example_dags/example_xcomargs.py
[2026-05-01T13:37:15.582+0000] {processor.py:830} INFO - Processing file /home/airflow/.local/lib/python3.12/site-packages/airflow/example_dags/example_xcomargs.py for tasks to queue
[2026-05-01T13:37:15.600+0000] {logging_mixin.py:188} INFO - [2026-05-01T13:37:15.598+0000] {dagbag.py:545} INFO - Filling up the DagBag from /home/airflow/.local/lib/python3.12/site-packages/airflow/example_dags/example_xcomargs.py
[2026-05-01T13:37:15.663+0000] {processor.py:840} INFO - DAG(s) 'example_xcom_args', 'example_xcom_args_with_operators' retrieved from /home/airflow/.local/lib/python3.12/site-packages/airflow/example_dags/example_xcomargs.py
[2026-05-01T13:37:15.722+0000] {logging_mixin.py:188} INFO - [2026-05-01T13:37:15.721+0000] {dag.py:3089} INFO - Sync 2 DAGs
[2026-05-01T13:37:15.749+0000] {logging_mixin.py:188} INFO - [2026-05-01T13:37:15.749+0000] {dag.py:3947} INFO - Setting next_dagrun for example_xcom_args to None, run_after=None
[2026-05-01T13:37:15.762+0000] {logging_mixin.py:188} INFO - [2026-05-01T13:37:15.762+0000] {dag.py:3947} INFO - Setting next_dagrun for example_xcom_args_with_operators to None, run_after=None
[2026-05-01T13:37:15.810+0000] {processor.py:183} INFO - Processing /home/airflow/.local/lib/python3.12/site-packages/airflow/example_dags/example_xcomargs.py took 0.311 seconds
[2026-05-01T13:37:45.891+0000] {processor.py:161} INFO - Started process (PID=1525) to work on /home/airflow/.local/lib/python3.12/site-packages/airflow/example_dags/example_xcomargs.py
[2026-05-01T13:37:45.899+0000] {processor.py:830} INFO - Processing file /home/airflow/.local/lib/python3.12/site-packages/airflow/example_dags/example_xcomargs.py for tasks to queue
[2026-05-01T13:37:45.905+0000] {logging_mixin.py:188} INFO - [2026-05-01T13:37:45.904+0000] {dagbag.py:545} INFO - Filling up the DagBag from /home/airflow/.local/lib/python3.12/site-packages/airflow/example_dags/example_xcomargs.py
[2026-05-01T13:37:45.925+0000] {processor.py:840} INFO - DAG(s) 'example_xcom_args', 'example_xcom_args_with_operators' retrieved from /home/airflow/.local/lib/python3.12/site-packages/airflow/example_dags/example_xcomargs.py
[2026-05-01T13:37:46.003+0000] {logging_mixin.py:188} INFO - [2026-05-01T13:37:46.003+0000] {dag.py:3089} INFO - Sync 2 DAGs
[2026-05-01T13:37:46.037+0000] {logging_mixin.py:188} INFO - [2026-05-01T13:37:46.036+0000] {dag.py:3947} INFO - Setting next_dagrun for example_xcom_args to None, run_after=None
[2026-05-01T13:37:46.046+0000] {logging_mixin.py:188} INFO - [2026-05-01T13:37:46.045+0000] {dag.py:3947} INFO - Setting next_dagrun for example_xcom_args_with_operators to None, run_after=None
[2026-05-01T13:37:46.070+0000] {processor.py:183} INFO - Processing /home/airflow/.local/lib/python3.12/site-packages/airflow/example_dags/example_xcomargs.py took 0.192 seconds
[2026-05-01T13:38:16.157+0000] {processor.py:161} INFO - Started process (PID=1582) to work on /home/airflow/.local/lib/python3.12/site-packages/airflow/example_dags/example_xcomargs.py
[2026-05-01T13:38:16.160+0000] {processor.py:830} INFO - Processing file /home/airflow/.local/lib/python3.12/site-packages/airflow/example_dags/example_xcomargs.py for tasks to queue
[2026-05-01T13:38:16.164+0000] {logging_mixin.py:188} INFO - [2026-05-01T13:38:16.163+0000] {dagbag.py:545} INFO - Filling up the DagBag from /home/airflow/.local/lib/python3.12/site-packages/airflow/example_dags/example_xcomargs.py
[2026-05-01T13:38:16.178+0000] {processor.py:840} INFO - DAG(s) 'example_xcom_args_with_operators', 'example_xcom_args' retrieved from /home/airflow/.local/lib/python3.12/site-packages/airflow/example_dags/example_xcomargs.py
[2026-05-01T13:38:16.234+0000] {logging_mixin.py:188} INFO - [2026-05-01T13:38:16.233+0000] {dag.py:3089} INFO - Sync 2 DAGs
[2026-05-01T13:38:16.271+0000] {logging_mixin.py:188} INFO - [2026-05-01T13:38:16.271+0000] {dag.py:3947} INFO - Setting next_dagrun for example_xcom_args to None, run_after=None
[2026-05-01T13:38:16.287+0000] {logging_mixin.py:188} INFO - [2026-05-01T13:38:16.286+0000] {dag.py:3947} INFO - Setting next_dagrun for example_xcom_args_with_operators to None, run_after=None
[2026-05-01T13:38:16.335+0000] {processor.py:183} INFO - Processing /home/airflow/.local/lib/python3.12/site-packages/airflow/example_dags/example_xcomargs.py took 0.187 seconds
[2026-05-01T13:38:47.448+0000] {processor.py:161} INFO - Started process (PID=1646) to work on /home/airflow/.local/lib/python3.12/site-packages/airflow/example_dags/example_xcomargs.py
[2026-05-01T13:38:47.452+0000] {processor.py:830} INFO - Processing file /home/airflow/.local/lib/python3.12/site-packages/airflow/example_dags/example_xcomargs.py for tasks to queue
[2026-05-01T13:38:47.456+0000] {logging_mixin.py:188} INFO - [2026-05-01T13:38:47.456+0000] {dagbag.py:545} INFO - Filling up the DagBag from /home/airflow/.local/lib/python3.12/site-packages/airflow/example_dags/example_xcomargs.py
[2026-05-01T13:38:47.472+0000] {processor.py:840} INFO - DAG(s) 'example_xcom_args', 'example_xcom_args_with_operators' retrieved from /home/airflow/.local/lib/python3.12/site-packages/airflow/example_dags/example_xcomargs.py
[2026-05-01T13:38:47.520+0000] {logging_mixin.py:188} INFO - [2026-05-01T13:38:47.519+0000] {dag.py:3089} INFO - Sync 2 DAGs
[2026-05-01T13:38:47.546+0000] {logging_mixin.py:188} INFO - [2026-05-01T13:38:47.545+0000] {dag.py:3947} INFO - Setting next_dagrun for example_xcom_args to None, run_after=None
[2026-05-01T13:38:47.556+0000] {logging_mixin.py:188} INFO - [2026-05-01T13:38:47.555+0000] {dag.py:3947} INFO - Setting next_dagrun for example_xcom_args_with_operators to None, run_after=None
[2026-05-01T13:38:47.591+0000] {processor.py:183} INFO - Processing /home/airflow/.local/lib/python3.12/site-packages/airflow/example_dags/example_xcomargs.py took 0.158 seconds
[2026-05-01T13:39:18.064+0000] {processor.py:161} INFO - Started process (PID=1704) to work on /home/airflow/.local/lib/python3.12/site-packages/airflow/example_dags/example_xcomargs.py
[2026-05-01T13:39:18.066+0000] {processor.py:830} INFO - Processing file /home/airflow/.local/lib/python3.12/site-packages/airflow/example_dags/example_xcomargs.py for tasks to queue
[2026-05-01T13:39:18.072+0000] {logging_mixin.py:188} INFO - [2026-05-01T13:39:18.071+0000] {dagbag.py:545} INFO - Filling up the DagBag from /home/airflow/.local/lib/python3.12/site-packages/airflow/example_dags/example_xcomargs.py
[2026-05-01T13:39:18.089+0000] {processor.py:840} INFO - DAG(s) 'example_xcom_args_with_operators', 'example_xcom_args' retrieved from /home/airflow/.local/lib/python3.12/site-packages/airflow/example_dags/example_xcomargs.py
[2026-05-01T13:39:18.127+0000] {logging_mixin.py:188} INFO - [2026-05-01T13:39:18.126+0000] {dag.py:3089} INFO - Sync 2 DAGs
[2026-05-01T13:39:18.357+0000] {logging_mixin.py:188} INFO - [2026-05-01T13:39:18.357+0000] {dag.py:3947} INFO - Setting next_dagrun for example_xcom_args to None, run_after=None
[2026-05-01T13:39:18.370+0000] {logging_mixin.py:188} INFO - [2026-05-01T13:39:18.370+0000] {dag.py:3947} INFO - Setting next_dagrun for example_xcom_args_with_operators to None, run_after=None
[2026-05-01T13:39:18.407+0000] {processor.py:183} INFO - Processing /home/airflow/.local/lib/python3.12/site-packages/airflow/example_dags/example_xcomargs.py took 0.359 seconds
[2026-05-01T13:39:49.554+0000] {processor.py:161} INFO - Started process (PID=1762) to work on /home/airflow/.local/lib/python3.12/site-packages/airflow/example_dags/example_xcomargs.py
[2026-05-01T13:39:49.563+0000] {processor.py:830} INFO - Processing file /home/airflow/.local/lib/python3.12/site-packages/airflow/example_dags/example_xcomargs.py for tasks to queue
[2026-05-01T13:39:49.594+0000] {logging_mixin.py:188} INFO - [2026-05-01T13:39:49.593+0000] {dagbag.py:545} INFO - Filling up the DagBag from /home/airflow/.local/lib/python3.12/site-packages/airflow/example_dags/example_xcomargs.py
[2026-05-01T13:39:49.625+0000] {processor.py:840} INFO - DAG(s) 'example_xcom_args_with_operators', 'example_xcom_args' retrieved from /home/airflow/.local/lib/python3.12/site-packages/airflow/example_dags/example_xcomargs.py
[2026-05-01T13:39:49.693+0000] {logging_mixin.py:188} INFO - [2026-05-01T13:39:49.692+0000] {dag.py:3089} INFO - Sync 2 DAGs
[2026-05-01T13:39:49.719+0000] {logging_mixin.py:188} INFO - [2026-05-01T13:39:49.718+0000] {dag.py:3947} INFO - Setting next_dagrun for example_xcom_args to None, run_after=None
[2026-05-01T13:39:49.728+0000] {logging_mixin.py:188} INFO - [2026-05-01T13:39:49.727+0000] {dag.py:3947} INFO - Setting next_dagrun for example_xcom_args_with_operators to None, run_after=None
[2026-05-01T13:39:50.008+0000] {processor.py:183} INFO - Processing /home/airflow/.local/lib/python3.12/site-packages/airflow/example_dags/example_xcomargs.py took 0.477 seconds
[2026-05-01T13:40:20.374+0000] {processor.py:161} INFO - Started process (PID=1821) to work on /home/airflow/.local/lib/python3.12/site-packages/airflow/example_dags/example_xcomargs.py
[2026-05-01T13:40:20.378+0000] {processor.py:830} INFO - Processing file /home/airflow/.local/lib/python3.12/site-packages/airflow/example_dags/example_xcomargs.py for tasks to queue
[2026-05-01T13:40:20.390+0000] {logging_mixin.py:188} INFO - [2026-05-01T13:40:20.389+0000] {dagbag.py:545} INFO - Filling up the DagBag from /home/airflow/.local/lib/python3.12/site-packages/airflow/example_dags/example_xcomargs.py
[2026-05-01T13:40:20.404+0000] {processor.py:840} INFO - DAG(s) 'example_xcom_args_with_operators', 'example_xcom_args' retrieved from /home/airflow/.local/lib/python3.12/site-packages/airflow/example_dags/example_xcomargs.py
[2026-05-01T13:40:20.450+0000] {logging_mixin.py:188} INFO - [2026-05-01T13:40:20.450+0000] {dag.py:3089} INFO - Sync 2 DAGs
[2026-05-01T13:40:20.484+0000] {logging_mixin.py:188} INFO - [2026-05-01T13:40:20.483+0000] {dag.py:3947} INFO - Setting next_dagrun for example_xcom_args to None, run_after=None
[2026-05-01T13:40:20.497+0000] {logging_mixin.py:188} INFO - [2026-05-01T13:40:20.495+0000] {dag.py:3947} INFO - Setting next_dagrun for example_xcom_args_with_operators to None, run_after=None
[2026-05-01T13:40:20.595+0000] {processor.py:183} INFO - Processing /home/airflow/.local/lib/python3.12/site-packages/airflow/example_dags/example_xcomargs.py took 0.235 seconds
[2026-05-01T13:42:40.831+0000] {processor.py:161} INFO - Started process (PID=62) to work on /home/airflow/.local/lib/python3.12/site-packages/airflow/example_dags/example_xcomargs.py
[2026-05-01T13:42:40.834+0000] {processor.py:830} INFO - Processing file /home/airflow/.local/lib/python3.12/site-packages/airflow/example_dags/example_xcomargs.py for tasks to queue
[2026-05-01T13:42:40.862+0000] {logging_mixin.py:188} INFO - [2026-05-01T13:42:40.861+0000] {dagbag.py:545} INFO - Filling up the DagBag from /home/airflow/.local/lib/python3.12/site-packages/airflow/example_dags/example_xcomargs.py
[2026-05-01T13:42:40.934+0000] {processor.py:840} INFO - DAG(s) 'example_xcom_args_with_operators', 'example_xcom_args' retrieved from /home/airflow/.local/lib/python3.12/site-packages/airflow/example_dags/example_xcomargs.py
[2026-05-01T13:42:41.528+0000] {logging_mixin.py:188} INFO - [2026-05-01T13:42:41.528+0000] {dag.py:3089} INFO - Sync 2 DAGs
[2026-05-01T13:42:41.608+0000] {logging_mixin.py:188} INFO - [2026-05-01T13:42:41.608+0000] {dag.py:3947} INFO - Setting next_dagrun for example_xcom_args to None, run_after=None
[2026-05-01T13:42:41.643+0000] {logging_mixin.py:188} INFO - [2026-05-01T13:42:41.641+0000] {dag.py:3947} INFO - Setting next_dagrun for example_xcom_args_with_operators to None, run_after=None
[2026-05-01T13:42:41.751+0000] {processor.py:183} INFO - Processing /home/airflow/.local/lib/python3.12/site-packages/airflow/example_dags/example_xcomargs.py took 0.988 seconds
[2026-05-01T13:43:12.697+0000] {processor.py:161} INFO - Started process (PID=120) to work on /home/airflow/.local/lib/python3.12/site-packages/airflow/example_dags/example_xcomargs.py
[2026-05-01T13:43:12.702+0000] {processor.py:830} INFO - Processing file /home/airflow/.local/lib/python3.12/site-packages/airflow/example_dags/example_xcomargs.py for tasks to queue
[2026-05-01T13:43:12.740+0000] {logging_mixin.py:188} INFO - [2026-05-01T13:43:12.739+0000] {dagbag.py:545} INFO - Filling up the DagBag from /home/airflow/.local/lib/python3.12/site-packages/airflow/example_dags/example_xcomargs.py
[2026-05-01T13:43:12.841+0000] {processor.py:840} INFO - DAG(s) 'example_xcom_args', 'example_xcom_args_with_operators' retrieved from /home/airflow/.local/lib/python3.12/site-packages/airflow/example_dags/example_xcomargs.py
[2026-05-01T13:43:12.914+0000] {logging_mixin.py:188} INFO - [2026-05-01T13:43:12.914+0000] {dag.py:3089} INFO - Sync 2 DAGs
[2026-05-01T13:43:13.018+0000] {logging_mixin.py:188} INFO - [2026-05-01T13:43:13.017+0000] {dag.py:3947} INFO - Setting next_dagrun for example_xcom_args to None, run_after=None
[2026-05-01T13:43:13.088+0000] {logging_mixin.py:188} INFO - [2026-05-01T13:43:13.087+0000] {dag.py:3947} INFO - Setting next_dagrun for example_xcom_args_with_operators to None, run_after=None
[2026-05-01T13:43:13.234+0000] {processor.py:183} INFO - Processing /home/airflow/.local/lib/python3.12/site-packages/airflow/example_dags/example_xcomargs.py took 0.588 seconds
[2026-05-01T13:43:43.476+0000] {processor.py:161} INFO - Started process (PID=178) to work on /home/airflow/.local/lib/python3.12/site-packages/airflow/example_dags/example_xcomargs.py
[2026-05-01T13:43:43.485+0000] {processor.py:830} INFO - Processing file /home/airflow/.local/lib/python3.12/site-packages/airflow/example_dags/example_xcomargs.py for tasks to queue
[2026-05-01T13:43:43.492+0000] {logging_mixin.py:188} INFO - [2026-05-01T13:43:43.491+0000] {dagbag.py:545} INFO - Filling up the DagBag from /home/airflow/.local/lib/python3.12/site-packages/airflow/example_dags/example_xcomargs.py
[2026-05-01T13:43:43.524+0000] {processor.py:840} INFO - DAG(s) 'example_xcom_args_with_operators', 'example_xcom_args' retrieved from /home/airflow/.local/lib/python3.12/site-packages/airflow/example_dags/example_xcomargs.py
[2026-05-01T13:43:43.618+0000] {logging_mixin.py:188} INFO - [2026-05-01T13:43:43.617+0000] {dag.py:3089} INFO - Sync 2 DAGs
[2026-05-01T13:43:43.661+0000] {logging_mixin.py:188} INFO - [2026-05-01T13:43:43.661+0000] {dag.py:3947} INFO - Setting next_dagrun for example_xcom_args to None, run_after=None
[2026-05-01T13:43:43.692+0000] {logging_mixin.py:188} INFO - [2026-05-01T13:43:43.692+0000] {dag.py:3947} INFO - Setting next_dagrun for example_xcom_args_with_operators to None, run_after=None
[2026-05-01T13:43:43.758+0000] {processor.py:183} INFO - Processing /home/airflow/.local/lib/python3.12/site-packages/airflow/example_dags/example_xcomargs.py took 0.304 seconds
[2026-05-01T13:44:14.365+0000] {processor.py:161} INFO - Started process (PID=236) to work on /home/airflow/.local/lib/python3.12/site-packages/airflow/example_dags/example_xcomargs.py
[2026-05-01T13:44:14.369+0000] {processor.py:830} INFO - Processing file /home/airflow/.local/lib/python3.12/site-packages/airflow/example_dags/example_xcomargs.py for tasks to queue
[2026-05-01T13:44:14.375+0000] {logging_mixin.py:188} INFO - [2026-05-01T13:44:14.374+0000] {dagbag.py:545} INFO - Filling up the DagBag from /home/airflow/.local/lib/python3.12/site-packages/airflow/example_dags/example_xcomargs.py
[2026-05-01T13:44:14.398+0000] {processor.py:840} INFO - DAG(s) 'example_xcom_args', 'example_xcom_args_with_operators' retrieved from /home/airflow/.local/lib/python3.12/site-packages/airflow/example_dags/example_xcomargs.py
[2026-05-01T13:44:14.434+0000] {logging_mixin.py:188} INFO - [2026-05-01T13:44:14.434+0000] {dag.py:3089} INFO - Sync 2 DAGs
[2026-05-01T13:44:14.454+0000] {logging_mixin.py:188} INFO - [2026-05-01T13:44:14.454+0000] {dag.py:3947} INFO - Setting next_dagrun for example_xcom_args to None, run_after=None
[2026-05-01T13:44:14.461+0000] {logging_mixin.py:188} INFO - [2026-05-01T13:44:14.461+0000] {dag.py:3947} INFO - Setting next_dagrun for example_xcom_args_with_operators to None, run_after=None
[2026-05-01T13:44:14.487+0000] {processor.py:183} INFO - Processing /home/airflow/.local/lib/python3.12/site-packages/airflow/example_dags/example_xcomargs.py took 0.133 seconds
[2026-05-01T13:44:45.177+0000] {processor.py:161} INFO - Started process (PID=293) to work on /home/airflow/.local/lib/python3.12/site-packages/airflow/example_dags/example_xcomargs.py
[2026-05-01T13:44:45.180+0000] {processor.py:830} INFO - Processing file /home/airflow/.local/lib/python3.12/site-packages/airflow/example_dags/example_xcomargs.py for tasks to queue
[2026-05-01T13:44:45.195+0000] {logging_mixin.py:188} INFO - [2026-05-01T13:44:45.191+0000] {dagbag.py:545} INFO - Filling up the DagBag from /home/airflow/.local/lib/python3.12/site-packages/airflow/example_dags/example_xcomargs.py
[2026-05-01T13:44:45.224+0000] {processor.py:840} INFO - DAG(s) 'example_xcom_args_with_operators', 'example_xcom_args' retrieved from /home/airflow/.local/lib/python3.12/site-packages/airflow/example_dags/example_xcomargs.py
[2026-05-01T13:44:45.257+0000] {logging_mixin.py:188} INFO - [2026-05-01T13:44:45.257+0000] {dag.py:3089} INFO - Sync 2 DAGs
[2026-05-01T13:44:45.275+0000] {logging_mixin.py:188} INFO - [2026-05-01T13:44:45.275+0000] {dag.py:3947} INFO - Setting next_dagrun for example_xcom_args to None, run_after=None
[2026-05-01T13:44:45.282+0000] {logging_mixin.py:188} INFO - [2026-05-01T13:44:45.282+0000] {dag.py:3947} INFO - Setting next_dagrun for example_xcom_args_with_operators to None, run_after=None
[2026-05-01T13:44:45.308+0000] {processor.py:183} INFO - Processing /home/airflow/.local/lib/python3.12/site-packages/airflow/example_dags/example_xcomargs.py took 0.155 seconds
[2026-05-01T13:45:16.335+0000] {processor.py:161} INFO - Started process (PID=351) to work on /home/airflow/.local/lib/python3.12/site-packages/airflow/example_dags/example_xcomargs.py
[2026-05-01T13:45:16.339+0000] {processor.py:830} INFO - Processing file /home/airflow/.local/lib/python3.12/site-packages/airflow/example_dags/example_xcomargs.py for tasks to queue
[2026-05-01T13:45:16.359+0000] {logging_mixin.py:188} INFO - [2026-05-01T13:45:16.357+0000] {dagbag.py:545} INFO - Filling up the DagBag from /home/airflow/.local/lib/python3.12/site-packages/airflow/example_dags/example_xcomargs.py
[2026-05-01T13:45:16.395+0000] {processor.py:840} INFO - DAG(s) 'example_xcom_args_with_operators', 'example_xcom_args' retrieved from /home/airflow/.local/lib/python3.12/site-packages/airflow/example_dags/example_xcomargs.py
[2026-05-01T13:45:16.460+0000] {logging_mixin.py:188} INFO - [2026-05-01T13:45:16.460+0000] {dag.py:3089} INFO - Sync 2 DAGs
[2026-05-01T13:45:16.490+0000] {logging_mixin.py:188} INFO - [2026-05-01T13:45:16.490+0000] {dag.py:3947} INFO - Setting next_dagrun for example_xcom_args to None, run_after=None
[2026-05-01T13:45:16.497+0000] {logging_mixin.py:188} INFO - [2026-05-01T13:45:16.497+0000] {dag.py:3947} INFO - Setting next_dagrun for example_xcom_args_with_operators to None, run_after=None
[2026-05-01T13:45:16.524+0000] {processor.py:183} INFO - Processing /home/airflow/.local/lib/python3.12/site-packages/airflow/example_dags/example_xcomargs.py took 0.227 seconds
[2026-05-01T13:45:48.106+0000] {processor.py:161} INFO - Started process (PID=409) to work on /home/airflow/.local/lib/python3.12/site-packages/airflow/example_dags/example_xcomargs.py
[2026-05-01T13:45:48.110+0000] {processor.py:830} INFO - Processing file /home/airflow/.local/lib/python3.12/site-packages/airflow/example_dags/example_xcomargs.py for tasks to queue
[2026-05-01T13:45:48.123+0000] {logging_mixin.py:188} INFO - [2026-05-01T13:45:48.121+0000] {dagbag.py:545} INFO - Filling up the DagBag from /home/airflow/.local/lib/python3.12/site-packages/airflow/example_dags/example_xcomargs.py
[2026-05-01T13:45:48.141+0000] {processor.py:840} INFO - DAG(s) 'example_xcom_args', 'example_xcom_args_with_operators' retrieved from /home/airflow/.local/lib/python3.12/site-packages/airflow/example_dags/example_xcomargs.py
[2026-05-01T13:45:48.215+0000] {logging_mixin.py:188} INFO - [2026-05-01T13:45:48.215+0000] {dag.py:3089} INFO - Sync 2 DAGs
[2026-05-01T13:45:48.309+0000] {logging_mixin.py:188} INFO - [2026-05-01T13:45:48.309+0000] {dag.py:3947} INFO - Setting next_dagrun for example_xcom_args to None, run_after=None
[2026-05-01T13:45:48.332+0000] {logging_mixin.py:188} INFO - [2026-05-01T13:45:48.332+0000] {dag.py:3947} INFO - Setting next_dagrun for example_xcom_args_with_operators to None, run_after=None
[2026-05-01T13:45:48.460+0000] {processor.py:183} INFO - Processing /home/airflow/.local/lib/python3.12/site-packages/airflow/example_dags/example_xcomargs.py took 0.403 seconds
[2026-05-01T13:46:18.606+0000] {processor.py:161} INFO - Started process (PID=467) to work on /home/airflow/.local/lib/python3.12/site-packages/airflow/example_dags/example_xcomargs.py
[2026-05-01T13:46:18.609+0000] {processor.py:830} INFO - Processing file /home/airflow/.local/lib/python3.12/site-packages/airflow/example_dags/example_xcomargs.py for tasks to queue
[2026-05-01T13:46:18.614+0000] {logging_mixin.py:188} INFO - [2026-05-01T13:46:18.613+0000] {dagbag.py:545} INFO - Filling up the DagBag from /home/airflow/.local/lib/python3.12/site-packages/airflow/example_dags/example_xcomargs.py
[2026-05-01T13:46:18.627+0000] {processor.py:840} INFO - DAG(s) 'example_xcom_args_with_operators', 'example_xcom_args' retrieved from /home/airflow/.local/lib/python3.12/site-packages/airflow/example_dags/example_xcomargs.py
[2026-05-01T13:46:18.663+0000] {logging_mixin.py:188} INFO - [2026-05-01T13:46:18.663+0000] {dag.py:3089} INFO - Sync 2 DAGs
[2026-05-01T13:46:18.684+0000] {logging_mixin.py:188} INFO - [2026-05-01T13:46:18.683+0000] {dag.py:3947} INFO - Setting next_dagrun for example_xcom_args to None, run_after=None
[2026-05-01T13:46:18.690+0000] {logging_mixin.py:188} INFO - [2026-05-01T13:46:18.690+0000] {dag.py:3947} INFO - Setting next_dagrun for example_xcom_args_with_operators to None, run_after=None
[2026-05-01T13:46:18.716+0000] {processor.py:183} INFO - Processing /home/airflow/.local/lib/python3.12/site-packages/airflow/example_dags/example_xcomargs.py took 0.120 seconds
[2026-05-01T13:46:49.066+0000] {processor.py:161} INFO - Started process (PID=525) to work on /home/airflow/.local/lib/python3.12/site-packages/airflow/example_dags/example_xcomargs.py
[2026-05-01T13:46:49.071+0000] {processor.py:830} INFO - Processing file /home/airflow/.local/lib/python3.12/site-packages/airflow/example_dags/example_xcomargs.py for tasks to queue
[2026-05-01T13:46:49.076+0000] {logging_mixin.py:188} INFO - [2026-05-01T13:46:49.075+0000] {dagbag.py:545} INFO - Filling up the DagBag from /home/airflow/.local/lib/python3.12/site-packages/airflow/example_dags/example_xcomargs.py
[2026-05-01T13:46:49.090+0000] {processor.py:840} INFO - DAG(s) 'example_xcom_args', 'example_xcom_args_with_operators' retrieved from /home/airflow/.local/lib/python3.12/site-packages/airflow/example_dags/example_xcomargs.py
[2026-05-01T13:46:49.131+0000] {logging_mixin.py:188} INFO - [2026-05-01T13:46:49.130+0000] {dag.py:3089} INFO - Sync 2 DAGs
[2026-05-01T13:46:49.152+0000] {logging_mixin.py:188} INFO - [2026-05-01T13:46:49.152+0000] {dag.py:3947} INFO - Setting next_dagrun for example_xcom_args to None, run_after=None
[2026-05-01T13:46:49.164+0000] {logging_mixin.py:188} INFO - [2026-05-01T13:46:49.164+0000] {dag.py:3947} INFO - Setting next_dagrun for example_xcom_args_with_operators to None, run_after=None
[2026-05-01T13:46:49.194+0000] {processor.py:183} INFO - Processing /home/airflow/.local/lib/python3.12/site-packages/airflow/example_dags/example_xcomargs.py took 0.143 seconds
[2026-05-01T13:47:19.267+0000] {processor.py:161} INFO - Started process (PID=581) to work on /home/airflow/.local/lib/python3.12/site-packages/airflow/example_dags/example_xcomargs.py
[2026-05-01T13:47:19.270+0000] {processor.py:830} INFO - Processing file /home/airflow/.local/lib/python3.12/site-packages/airflow/example_dags/example_xcomargs.py for tasks to queue
[2026-05-01T13:47:19.274+0000] {logging_mixin.py:188} INFO - [2026-05-01T13:47:19.274+0000] {dagbag.py:545} INFO - Filling up the DagBag from /home/airflow/.local/lib/python3.12/site-packages/airflow/example_dags/example_xcomargs.py
[2026-05-01T13:47:19.286+0000] {processor.py:840} INFO - DAG(s) 'example_xcom_args_with_operators', 'example_xcom_args' retrieved from /home/airflow/.local/lib/python3.12/site-packages/airflow/example_dags/example_xcomargs.py
[2026-05-01T13:47:19.323+0000] {logging_mixin.py:188} INFO - [2026-05-01T13:47:19.322+0000] {dag.py:3089} INFO - Sync 2 DAGs
[2026-05-01T13:47:19.343+0000] {logging_mixin.py:188} INFO - [2026-05-01T13:47:19.342+0000] {dag.py:3947} INFO - Setting next_dagrun for example_xcom_args to None, run_after=None
[2026-05-01T13:47:19.351+0000] {logging_mixin.py:188} INFO - [2026-05-01T13:47:19.351+0000] {dag.py:3947} INFO - Setting next_dagrun for example_xcom_args_with_operators to None, run_after=None
[2026-05-01T13:47:19.379+0000] {processor.py:183} INFO - Processing /home/airflow/.local/lib/python3.12/site-packages/airflow/example_dags/example_xcomargs.py took 0.121 seconds
[2026-05-01T13:47:49.768+0000] {processor.py:161} INFO - Started process (PID=639) to work on /home/airflow/.local/lib/python3.12/site-packages/airflow/example_dags/example_xcomargs.py
[2026-05-01T13:47:49.773+0000] {processor.py:830} INFO - Processing file /home/airflow/.local/lib/python3.12/site-packages/airflow/example_dags/example_xcomargs.py for tasks to queue
[2026-05-01T13:47:49.779+0000] {logging_mixin.py:188} INFO - [2026-05-01T13:47:49.778+0000] {dagbag.py:545} INFO - Filling up the DagBag from /home/airflow/.local/lib/python3.12/site-packages/airflow/example_dags/example_xcomargs.py
[2026-05-01T13:47:49.796+0000] {processor.py:840} INFO - DAG(s) 'example_xcom_args', 'example_xcom_args_with_operators' retrieved from /home/airflow/.local/lib/python3.12/site-packages/airflow/example_dags/example_xcomargs.py
[2026-05-01T13:47:49.842+0000] {logging_mixin.py:188} INFO - [2026-05-01T13:47:49.842+0000] {dag.py:3089} INFO - Sync 2 DAGs
[2026-05-01T13:47:49.874+0000] {logging_mixin.py:188} INFO - [2026-05-01T13:47:49.874+0000] {dag.py:3947} INFO - Setting next_dagrun for example_xcom_args to None, run_after=None
[2026-05-01T13:47:49.886+0000] {logging_mixin.py:188} INFO - [2026-05-01T13:47:49.886+0000] {dag.py:3947} INFO - Setting next_dagrun for example_xcom_args_with_operators to None, run_after=None
[2026-05-01T13:47:49.924+0000] {processor.py:183} INFO - Processing /home/airflow/.local/lib/python3.12/site-packages/airflow/example_dags/example_xcomargs.py took 0.168 seconds
[2026-05-01T13:48:20.558+0000] {processor.py:161} INFO - Started process (PID=696) to work on /home/airflow/.local/lib/python3.12/site-packages/airflow/example_dags/example_xcomargs.py
[2026-05-01T13:48:20.560+0000] {processor.py:830} INFO - Processing file /home/airflow/.local/lib/python3.12/site-packages/airflow/example_dags/example_xcomargs.py for tasks to queue
[2026-05-01T13:48:20.563+0000] {logging_mixin.py:188} INFO - [2026-05-01T13:48:20.563+0000] {dagbag.py:545} INFO - Filling up the DagBag from /home/airflow/.local/lib/python3.12/site-packages/airflow/example_dags/example_xcomargs.py
[2026-05-01T13:48:20.574+0000] {processor.py:840} INFO - DAG(s) 'example_xcom_args_with_operators', 'example_xcom_args' retrieved from /home/airflow/.local/lib/python3.12/site-packages/airflow/example_dags/example_xcomargs.py
[2026-05-01T13:48:20.604+0000] {logging_mixin.py:188} INFO - [2026-05-01T13:48:20.604+0000] {dag.py:3089} INFO - Sync 2 DAGs
[2026-05-01T13:48:20.622+0000] {logging_mixin.py:188} INFO - [2026-05-01T13:48:20.622+0000] {dag.py:3947} INFO - Setting next_dagrun for example_xcom_args to None, run_after=None
[2026-05-01T13:48:20.629+0000] {logging_mixin.py:188} INFO - [2026-05-01T13:48:20.629+0000] {dag.py:3947} INFO - Setting next_dagrun for example_xcom_args_with_operators to None, run_after=None
[2026-05-01T13:48:20.652+0000] {processor.py:183} INFO - Processing /home/airflow/.local/lib/python3.12/site-packages/airflow/example_dags/example_xcomargs.py took 0.103 seconds
[2026-05-01T13:48:51.317+0000] {processor.py:161} INFO - Started process (PID=753) to work on /home/airflow/.local/lib/python3.12/site-packages/airflow/example_dags/example_xcomargs.py
[2026-05-01T13:48:51.320+0000] {processor.py:830} INFO - Processing file /home/airflow/.local/lib/python3.12/site-packages/airflow/example_dags/example_xcomargs.py for tasks to queue
[2026-05-01T13:48:51.324+0000] {logging_mixin.py:188} INFO - [2026-05-01T13:48:51.323+0000] {dagbag.py:545} INFO - Filling up the DagBag from /home/airflow/.local/lib/python3.12/site-packages/airflow/example_dags/example_xcomargs.py
[2026-05-01T13:48:51.336+0000] {processor.py:840} INFO - DAG(s) 'example_xcom_args_with_operators', 'example_xcom_args' retrieved from /home/airflow/.local/lib/python3.12/site-packages/airflow/example_dags/example_xcomargs.py
[2026-05-01T13:48:51.369+0000] {logging_mixin.py:188} INFO - [2026-05-01T13:48:51.369+0000] {dag.py:3089} INFO - Sync 2 DAGs
[2026-05-01T13:48:51.387+0000] {logging_mixin.py:188} INFO - [2026-05-01T13:48:51.387+0000] {dag.py:3947} INFO - Setting next_dagrun for example_xcom_args to None, run_after=None
[2026-05-01T13:48:51.393+0000] {logging_mixin.py:188} INFO - [2026-05-01T13:48:51.393+0000] {dag.py:3947} INFO - Setting next_dagrun for example_xcom_args_with_operators to None, run_after=None
[2026-05-01T13:48:51.417+0000] {processor.py:183} INFO - Processing /home/airflow/.local/lib/python3.12/site-packages/airflow/example_dags/example_xcomargs.py took 0.114 seconds
[2026-05-01T13:49:21.736+0000] {processor.py:161} INFO - Started process (PID=811) to work on /home/airflow/.local/lib/python3.12/site-packages/airflow/example_dags/example_xcomargs.py
[2026-05-01T13:49:21.990+0000] {processor.py:830} INFO - Processing file /home/airflow/.local/lib/python3.12/site-packages/airflow/example_dags/example_xcomargs.py for tasks to queue
[2026-05-01T13:49:22.007+0000] {logging_mixin.py:188} INFO - [2026-05-01T13:49:22.006+0000] {dagbag.py:545} INFO - Filling up the DagBag from /home/airflow/.local/lib/python3.12/site-packages/airflow/example_dags/example_xcomargs.py
[2026-05-01T13:49:22.041+0000] {processor.py:840} INFO - DAG(s) 'example_xcom_args', 'example_xcom_args_with_operators' retrieved from /home/airflow/.local/lib/python3.12/site-packages/airflow/example_dags/example_xcomargs.py
[2026-05-01T13:49:22.373+0000] {logging_mixin.py:188} INFO - [2026-05-01T13:49:22.373+0000] {dag.py:3089} INFO - Sync 2 DAGs
[2026-05-01T13:49:22.738+0000] {logging_mixin.py:188} INFO - [2026-05-01T13:49:22.695+0000] {dag.py:3947} INFO - Setting next_dagrun for example_xcom_args to None, run_after=None
[2026-05-01T13:49:22.751+0000] {logging_mixin.py:188} INFO - [2026-05-01T13:49:22.750+0000] {dag.py:3947} INFO - Setting next_dagrun for example_xcom_args_with_operators to None, run_after=None
[2026-05-01T13:49:24.773+0000] {processor.py:183} INFO - Processing /home/airflow/.local/lib/python3.12/site-packages/airflow/example_dags/example_xcomargs.py took 3.083 seconds
[2026-05-01T13:49:55.756+0000] {processor.py:161} INFO - Started process (PID=874) to work on /home/airflow/.local/lib/python3.12/site-packages/airflow/example_dags/example_xcomargs.py
[2026-05-01T13:49:55.765+0000] {processor.py:830} INFO - Processing file /home/airflow/.local/lib/python3.12/site-packages/airflow/example_dags/example_xcomargs.py for tasks to queue
[2026-05-01T13:49:55.790+0000] {logging_mixin.py:188} INFO - [2026-05-01T13:49:55.790+0000] {dagbag.py:545} INFO - Filling up the DagBag from /home/airflow/.local/lib/python3.12/site-packages/airflow/example_dags/example_xcomargs.py
[2026-05-01T13:49:55.893+0000] {processor.py:840} INFO - DAG(s) 'example_xcom_args_with_operators', 'example_xcom_args' retrieved from /home/airflow/.local/lib/python3.12/site-packages/airflow/example_dags/example_xcomargs.py
[2026-05-01T13:49:55.997+0000] {logging_mixin.py:188} INFO - [2026-05-01T13:49:55.996+0000] {dag.py:3089} INFO - Sync 2 DAGs
[2026-05-01T13:49:56.148+0000] {logging_mixin.py:188} INFO - [2026-05-01T13:49:56.146+0000] {dag.py:3947} INFO - Setting next_dagrun for example_xcom_args to None, run_after=None
[2026-05-01T13:49:56.790+0000] {logging_mixin.py:188} INFO - [2026-05-01T13:49:56.789+0000] {dag.py:3947} INFO - Setting next_dagrun for example_xcom_args_with_operators to None, run_after=None
[2026-05-01T13:49:56.884+0000] {processor.py:183} INFO - Processing /home/airflow/.local/lib/python3.12/site-packages/airflow/example_dags/example_xcomargs.py took 1.145 seconds
[2026-05-01T13:50:27.342+0000] {processor.py:161} INFO - Started process (PID=931) to work on /home/airflow/.local/lib/python3.12/site-packages/airflow/example_dags/example_xcomargs.py
[2026-05-01T13:50:27.375+0000] {processor.py:830} INFO - Processing file /home/airflow/.local/lib/python3.12/site-packages/airflow/example_dags/example_xcomargs.py for tasks to queue
[2026-05-01T13:50:27.425+0000] {logging_mixin.py:188} INFO - [2026-05-01T13:50:27.425+0000] {dagbag.py:545} INFO - Filling up the DagBag from /home/airflow/.local/lib/python3.12/site-packages/airflow/example_dags/example_xcomargs.py
[2026-05-01T13:50:27.512+0000] {processor.py:840} INFO - DAG(s) 'example_xcom_args_with_operators', 'example_xcom_args' retrieved from /home/airflow/.local/lib/python3.12/site-packages/airflow/example_dags/example_xcomargs.py
[2026-05-01T13:50:27.635+0000] {logging_mixin.py:188} INFO - [2026-05-01T13:50:27.633+0000] {dag.py:3089} INFO - Sync 2 DAGs
[2026-05-01T13:50:27.790+0000] {logging_mixin.py:188} INFO - [2026-05-01T13:50:27.789+0000] {dag.py:3947} INFO - Setting next_dagrun for example_xcom_args to None, run_after=None
[2026-05-01T13:50:27.823+0000] {logging_mixin.py:188} INFO - [2026-05-01T13:50:27.814+0000] {dag.py:3947} INFO - Setting next_dagrun for example_xcom_args_with_operators to None, run_after=None
[2026-05-01T13:50:28.241+0000] {processor.py:183} INFO - Processing /home/airflow/.local/lib/python3.12/site-packages/airflow/example_dags/example_xcomargs.py took 0.965 seconds
[2026-05-01T13:50:59.309+0000] {processor.py:161} INFO - Started process (PID=988) to work on /home/airflow/.local/lib/python3.12/site-packages/airflow/example_dags/example_xcomargs.py
[2026-05-01T13:50:59.312+0000] {processor.py:830} INFO - Processing file /home/airflow/.local/lib/python3.12/site-packages/airflow/example_dags/example_xcomargs.py for tasks to queue
[2026-05-01T13:50:59.321+0000] {logging_mixin.py:188} INFO - [2026-05-01T13:50:59.320+0000] {dagbag.py:545} INFO - Filling up the DagBag from /home/airflow/.local/lib/python3.12/site-packages/airflow/example_dags/example_xcomargs.py
[2026-05-01T13:50:59.345+0000] {processor.py:840} INFO - DAG(s) 'example_xcom_args_with_operators', 'example_xcom_args' retrieved from /home/airflow/.local/lib/python3.12/site-packages/airflow/example_dags/example_xcomargs.py
[2026-05-01T13:50:59.398+0000] {logging_mixin.py:188} INFO - [2026-05-01T13:50:59.398+0000] {dag.py:3089} INFO - Sync 2 DAGs
[2026-05-01T13:50:59.452+0000] {logging_mixin.py:188} INFO - [2026-05-01T13:50:59.452+0000] {dag.py:3947} INFO - Setting next_dagrun for example_xcom_args to None, run_after=None
[2026-05-01T13:50:59.465+0000] {logging_mixin.py:188} INFO - [2026-05-01T13:50:59.464+0000] {dag.py:3947} INFO - Setting next_dagrun for example_xcom_args_with_operators to None, run_after=None
[2026-05-01T13:50:59.507+0000] {processor.py:183} INFO - Processing /home/airflow/.local/lib/python3.12/site-packages/airflow/example_dags/example_xcomargs.py took 0.254 seconds
[2026-05-01T13:51:30.024+0000] {processor.py:161} INFO - Started process (PID=1046) to work on /home/airflow/.local/lib/python3.12/site-packages/airflow/example_dags/example_xcomargs.py
[2026-05-01T13:51:30.030+0000] {processor.py:830} INFO - Processing file /home/airflow/.local/lib/python3.12/site-packages/airflow/example_dags/example_xcomargs.py for tasks to queue
[2026-05-01T13:51:30.036+0000] {logging_mixin.py:188} INFO - [2026-05-01T13:51:30.035+0000] {dagbag.py:545} INFO - Filling up the DagBag from /home/airflow/.local/lib/python3.12/site-packages/airflow/example_dags/example_xcomargs.py
[2026-05-01T13:51:30.053+0000] {processor.py:840} INFO - DAG(s) 'example_xcom_args_with_operators', 'example_xcom_args' retrieved from /home/airflow/.local/lib/python3.12/site-packages/airflow/example_dags/example_xcomargs.py
[2026-05-01T13:51:30.101+0000] {logging_mixin.py:188} INFO - [2026-05-01T13:51:30.101+0000] {dag.py:3089} INFO - Sync 2 DAGs
[2026-05-01T13:51:30.133+0000] {logging_mixin.py:188} INFO - [2026-05-01T13:51:30.133+0000] {dag.py:3947} INFO - Setting next_dagrun for example_xcom_args to None, run_after=None
[2026-05-01T13:51:30.152+0000] {logging_mixin.py:188} INFO - [2026-05-01T13:51:30.152+0000] {dag.py:3947} INFO - Setting next_dagrun for example_xcom_args_with_operators to None, run_after=None
[2026-05-01T13:51:30.194+0000] {processor.py:183} INFO - Processing /home/airflow/.local/lib/python3.12/site-packages/airflow/example_dags/example_xcomargs.py took 0.183 seconds
[2026-05-01T13:52:01.004+0000] {processor.py:161} INFO - Started process (PID=1103) to work on /home/airflow/.local/lib/python3.12/site-packages/airflow/example_dags/example_xcomargs.py
[2026-05-01T13:52:01.014+0000] {processor.py:830} INFO - Processing file /home/airflow/.local/lib/python3.12/site-packages/airflow/example_dags/example_xcomargs.py for tasks to queue
[2026-05-01T13:52:01.017+0000] {logging_mixin.py:188} INFO - [2026-05-01T13:52:01.017+0000] {dagbag.py:545} INFO - Filling up the DagBag from /home/airflow/.local/lib/python3.12/site-packages/airflow/example_dags/example_xcomargs.py
[2026-05-01T13:52:01.031+0000] {processor.py:840} INFO - DAG(s) 'example_xcom_args', 'example_xcom_args_with_operators' retrieved from /home/airflow/.local/lib/python3.12/site-packages/airflow/example_dags/example_xcomargs.py
[2026-05-01T13:52:01.071+0000] {logging_mixin.py:188} INFO - [2026-05-01T13:52:01.070+0000] {dag.py:3089} INFO - Sync 2 DAGs
[2026-05-01T13:52:01.092+0000] {logging_mixin.py:188} INFO - [2026-05-01T13:52:01.092+0000] {dag.py:3947} INFO - Setting next_dagrun for example_xcom_args to None, run_after=None
[2026-05-01T13:52:01.105+0000] {logging_mixin.py:188} INFO - [2026-05-01T13:52:01.105+0000] {dag.py:3947} INFO - Setting next_dagrun for example_xcom_args_with_operators to None, run_after=None
[2026-05-01T13:52:01.133+0000] {processor.py:183} INFO - Processing /home/airflow/.local/lib/python3.12/site-packages/airflow/example_dags/example_xcomargs.py took 0.140 seconds
[2026-05-01T13:52:31.305+0000] {processor.py:161} INFO - Started process (PID=1161) to work on /home/airflow/.local/lib/python3.12/site-packages/airflow/example_dags/example_xcomargs.py
[2026-05-01T13:52:31.309+0000] {processor.py:830} INFO - Processing file /home/airflow/.local/lib/python3.12/site-packages/airflow/example_dags/example_xcomargs.py for tasks to queue
[2026-05-01T13:52:31.316+0000] {logging_mixin.py:188} INFO - [2026-05-01T13:52:31.315+0000] {dagbag.py:545} INFO - Filling up the DagBag from /home/airflow/.local/lib/python3.12/site-packages/airflow/example_dags/example_xcomargs.py
[2026-05-01T13:52:31.332+0000] {processor.py:840} INFO - DAG(s) 'example_xcom_args', 'example_xcom_args_with_operators' retrieved from /home/airflow/.local/lib/python3.12/site-packages/airflow/example_dags/example_xcomargs.py
[2026-05-01T13:52:31.370+0000] {logging_mixin.py:188} INFO - [2026-05-01T13:52:31.370+0000] {dag.py:3089} INFO - Sync 2 DAGs
[2026-05-01T13:52:31.395+0000] {logging_mixin.py:188} INFO - [2026-05-01T13:52:31.395+0000] {dag.py:3947} INFO - Setting next_dagrun for example_xcom_args to None, run_after=None
[2026-05-01T13:52:31.404+0000] {logging_mixin.py:188} INFO - [2026-05-01T13:52:31.404+0000] {dag.py:3947} INFO - Setting next_dagrun for example_xcom_args_with_operators to None, run_after=None
[2026-05-01T13:52:31.434+0000] {processor.py:183} INFO - Processing /home/airflow/.local/lib/python3.12/site-packages/airflow/example_dags/example_xcomargs.py took 0.144 seconds
[2026-05-01T13:53:02.162+0000] {processor.py:161} INFO - Started process (PID=1219) to work on /home/airflow/.local/lib/python3.12/site-packages/airflow/example_dags/example_xcomargs.py
[2026-05-01T13:53:02.165+0000] {processor.py:830} INFO - Processing file /home/airflow/.local/lib/python3.12/site-packages/airflow/example_dags/example_xcomargs.py for tasks to queue
[2026-05-01T13:53:02.170+0000] {logging_mixin.py:188} INFO - [2026-05-01T13:53:02.169+0000] {dagbag.py:545} INFO - Filling up the DagBag from /home/airflow/.local/lib/python3.12/site-packages/airflow/example_dags/example_xcomargs.py
[2026-05-01T13:53:02.189+0000] {processor.py:840} INFO - DAG(s) 'example_xcom_args', 'example_xcom_args_with_operators' retrieved from /home/airflow/.local/lib/python3.12/site-packages/airflow/example_dags/example_xcomargs.py
[2026-05-01T13:53:02.222+0000] {logging_mixin.py:188} INFO - [2026-05-01T13:53:02.222+0000] {dag.py:3089} INFO - Sync 2 DAGs
[2026-05-01T13:53:02.244+0000] {logging_mixin.py:188} INFO - [2026-05-01T13:53:02.244+0000] {dag.py:3947} INFO - Setting next_dagrun for example_xcom_args to None, run_after=None
[2026-05-01T13:53:02.250+0000] {logging_mixin.py:188} INFO - [2026-05-01T13:53:02.250+0000] {dag.py:3947} INFO - Setting next_dagrun for example_xcom_args_with_operators to None, run_after=None
[2026-05-01T13:53:02.283+0000] {processor.py:183} INFO - Processing /home/airflow/.local/lib/python3.12/site-packages/airflow/example_dags/example_xcomargs.py took 0.133 seconds
[2026-05-01T13:53:32.841+0000] {processor.py:161} INFO - Started process (PID=1276) to work on /home/airflow/.local/lib/python3.12/site-packages/airflow/example_dags/example_xcomargs.py
[2026-05-01T13:53:32.843+0000] {processor.py:830} INFO - Processing file /home/airflow/.local/lib/python3.12/site-packages/airflow/example_dags/example_xcomargs.py for tasks to queue
[2026-05-01T13:53:32.847+0000] {logging_mixin.py:188} INFO - [2026-05-01T13:53:32.847+0000] {dagbag.py:545} INFO - Filling up the DagBag from /home/airflow/.local/lib/python3.12/site-packages/airflow/example_dags/example_xcomargs.py
[2026-05-01T13:53:32.863+0000] {processor.py:840} INFO - DAG(s) 'example_xcom_args_with_operators', 'example_xcom_args' retrieved from /home/airflow/.local/lib/python3.12/site-packages/airflow/example_dags/example_xcomargs.py
[2026-05-01T13:53:32.904+0000] {logging_mixin.py:188} INFO - [2026-05-01T13:53:32.904+0000] {dag.py:3089} INFO - Sync 2 DAGs
[2026-05-01T13:53:32.932+0000] {logging_mixin.py:188} INFO - [2026-05-01T13:53:32.931+0000] {dag.py:3947} INFO - Setting next_dagrun for example_xcom_args to None, run_after=None
[2026-05-01T13:53:32.940+0000] {logging_mixin.py:188} INFO - [2026-05-01T13:53:32.939+0000] {dag.py:3947} INFO - Setting next_dagrun for example_xcom_args_with_operators to None, run_after=None
[2026-05-01T13:53:32.985+0000] {processor.py:183} INFO - Processing /home/airflow/.local/lib/python3.12/site-packages/airflow/example_dags/example_xcomargs.py took 0.153 seconds
