[2026-05-01T13:24:32.194+0000] {processor.py:161} INFO - Started process (PID=70) to work on /home/airflow/.local/lib/python3.12/site-packages/airflow/example_dags/tutorial_taskflow_api.py
[2026-05-01T13:24:32.214+0000] {processor.py:830} INFO - Processing file /home/airflow/.local/lib/python3.12/site-packages/airflow/example_dags/tutorial_taskflow_api.py for tasks to queue
[2026-05-01T13:24:32.240+0000] {logging_mixin.py:188} INFO - [2026-05-01T13:24:32.237+0000] {dagbag.py:545} INFO - Filling up the DagBag from /home/airflow/.local/lib/python3.12/site-packages/airflow/example_dags/tutorial_taskflow_api.py
[2026-05-01T13:24:32.323+0000] {processor.py:840} INFO - DAG(s) 'tutorial_taskflow_api' retrieved from /home/airflow/.local/lib/python3.12/site-packages/airflow/example_dags/tutorial_taskflow_api.py
[2026-05-01T13:24:33.192+0000] {logging_mixin.py:188} INFO - [2026-05-01T13:24:33.191+0000] {override.py:1858} INFO - Created Permission View: can delete on DAG:tutorial_taskflow_api
[2026-05-01T13:24:33.250+0000] {logging_mixin.py:188} INFO - [2026-05-01T13:24:33.250+0000] {override.py:1858} INFO - Created Permission View: can edit on DAG:tutorial_taskflow_api
[2026-05-01T13:24:33.286+0000] {logging_mixin.py:188} INFO - [2026-05-01T13:24:33.283+0000] {override.py:1858} INFO - Created Permission View: can read on DAG:tutorial_taskflow_api
[2026-05-01T13:24:33.290+0000] {logging_mixin.py:188} INFO - [2026-05-01T13:24:33.288+0000] {dag.py:3089} INFO - Sync 1 DAGs
[2026-05-01T13:24:33.388+0000] {logging_mixin.py:188} INFO - [2026-05-01T13:24:33.381+0000] {dag.py:3111} INFO - Creating ORM DAG for tutorial_taskflow_api
[2026-05-01T13:24:33.402+0000] {logging_mixin.py:188} INFO - [2026-05-01T13:24:33.396+0000] {dag.py:3947} INFO - Setting next_dagrun for tutorial_taskflow_api to None, run_after=None
[2026-05-01T13:24:33.491+0000] {processor.py:183} INFO - Processing /home/airflow/.local/lib/python3.12/site-packages/airflow/example_dags/tutorial_taskflow_api.py took 1.358 seconds
[2026-05-01T13:25:24.331+0000] {processor.py:161} INFO - Started process (PID=133) to work on /home/airflow/.local/lib/python3.12/site-packages/airflow/example_dags/tutorial_taskflow_api.py
[2026-05-01T13:25:24.474+0000] {processor.py:830} INFO - Processing file /home/airflow/.local/lib/python3.12/site-packages/airflow/example_dags/tutorial_taskflow_api.py for tasks to queue
[2026-05-01T13:25:24.486+0000] {logging_mixin.py:188} INFO - [2026-05-01T13:25:24.485+0000] {dagbag.py:545} INFO - Filling up the DagBag from /home/airflow/.local/lib/python3.12/site-packages/airflow/example_dags/tutorial_taskflow_api.py
[2026-05-01T13:25:24.549+0000] {processor.py:840} INFO - DAG(s) 'tutorial_taskflow_api' retrieved from /home/airflow/.local/lib/python3.12/site-packages/airflow/example_dags/tutorial_taskflow_api.py
[2026-05-01T13:25:24.776+0000] {logging_mixin.py:188} INFO - [2026-05-01T13:25:24.775+0000] {dag.py:3089} INFO - Sync 1 DAGs
[2026-05-01T13:25:25.101+0000] {logging_mixin.py:188} INFO - [2026-05-01T13:25:25.101+0000] {dag.py:3947} INFO - Setting next_dagrun for tutorial_taskflow_api to None, run_after=None
[2026-05-01T13:25:25.566+0000] {processor.py:183} INFO - Processing /home/airflow/.local/lib/python3.12/site-packages/airflow/example_dags/tutorial_taskflow_api.py took 1.278 seconds
[2026-05-01T13:25:55.976+0000] {processor.py:161} INFO - Started process (PID=191) to work on /home/airflow/.local/lib/python3.12/site-packages/airflow/example_dags/tutorial_taskflow_api.py
[2026-05-01T13:25:55.980+0000] {processor.py:830} INFO - Processing file /home/airflow/.local/lib/python3.12/site-packages/airflow/example_dags/tutorial_taskflow_api.py for tasks to queue
[2026-05-01T13:25:55.987+0000] {logging_mixin.py:188} INFO - [2026-05-01T13:25:55.986+0000] {dagbag.py:545} INFO - Filling up the DagBag from /home/airflow/.local/lib/python3.12/site-packages/airflow/example_dags/tutorial_taskflow_api.py
[2026-05-01T13:25:56.037+0000] {processor.py:840} INFO - DAG(s) 'tutorial_taskflow_api' retrieved from /home/airflow/.local/lib/python3.12/site-packages/airflow/example_dags/tutorial_taskflow_api.py
[2026-05-01T13:25:56.689+0000] {logging_mixin.py:188} INFO - [2026-05-01T13:25:56.688+0000] {dag.py:3089} INFO - Sync 1 DAGs
[2026-05-01T13:25:56.727+0000] {logging_mixin.py:188} INFO - [2026-05-01T13:25:56.727+0000] {dag.py:3947} INFO - Setting next_dagrun for tutorial_taskflow_api to None, run_after=None
[2026-05-01T13:25:56.835+0000] {processor.py:183} INFO - Processing /home/airflow/.local/lib/python3.12/site-packages/airflow/example_dags/tutorial_taskflow_api.py took 0.885 seconds
[2026-05-01T13:26:27.360+0000] {processor.py:161} INFO - Started process (PID=249) to work on /home/airflow/.local/lib/python3.12/site-packages/airflow/example_dags/tutorial_taskflow_api.py
[2026-05-01T13:26:27.363+0000] {processor.py:830} INFO - Processing file /home/airflow/.local/lib/python3.12/site-packages/airflow/example_dags/tutorial_taskflow_api.py for tasks to queue
[2026-05-01T13:26:27.369+0000] {logging_mixin.py:188} INFO - [2026-05-01T13:26:27.368+0000] {dagbag.py:545} INFO - Filling up the DagBag from /home/airflow/.local/lib/python3.12/site-packages/airflow/example_dags/tutorial_taskflow_api.py
[2026-05-01T13:26:27.387+0000] {processor.py:840} INFO - DAG(s) 'tutorial_taskflow_api' retrieved from /home/airflow/.local/lib/python3.12/site-packages/airflow/example_dags/tutorial_taskflow_api.py
[2026-05-01T13:26:27.426+0000] {logging_mixin.py:188} INFO - [2026-05-01T13:26:27.425+0000] {dag.py:3089} INFO - Sync 1 DAGs
[2026-05-01T13:26:27.449+0000] {logging_mixin.py:188} INFO - [2026-05-01T13:26:27.449+0000] {dag.py:3947} INFO - Setting next_dagrun for tutorial_taskflow_api to None, run_after=None
[2026-05-01T13:26:27.489+0000] {processor.py:183} INFO - Processing /home/airflow/.local/lib/python3.12/site-packages/airflow/example_dags/tutorial_taskflow_api.py took 0.144 seconds
[2026-05-01T13:26:58.228+0000] {processor.py:161} INFO - Started process (PID=307) to work on /home/airflow/.local/lib/python3.12/site-packages/airflow/example_dags/tutorial_taskflow_api.py
[2026-05-01T13:26:58.231+0000] {processor.py:830} INFO - Processing file /home/airflow/.local/lib/python3.12/site-packages/airflow/example_dags/tutorial_taskflow_api.py for tasks to queue
[2026-05-01T13:26:58.235+0000] {logging_mixin.py:188} INFO - [2026-05-01T13:26:58.234+0000] {dagbag.py:545} INFO - Filling up the DagBag from /home/airflow/.local/lib/python3.12/site-packages/airflow/example_dags/tutorial_taskflow_api.py
[2026-05-01T13:26:58.247+0000] {processor.py:840} INFO - DAG(s) 'tutorial_taskflow_api' retrieved from /home/airflow/.local/lib/python3.12/site-packages/airflow/example_dags/tutorial_taskflow_api.py
[2026-05-01T13:26:58.276+0000] {logging_mixin.py:188} INFO - [2026-05-01T13:26:58.276+0000] {dag.py:3089} INFO - Sync 1 DAGs
[2026-05-01T13:26:58.298+0000] {logging_mixin.py:188} INFO - [2026-05-01T13:26:58.298+0000] {dag.py:3947} INFO - Setting next_dagrun for tutorial_taskflow_api to None, run_after=None
[2026-05-01T13:26:58.329+0000] {processor.py:183} INFO - Processing /home/airflow/.local/lib/python3.12/site-packages/airflow/example_dags/tutorial_taskflow_api.py took 0.116 seconds
[2026-05-01T13:27:28.606+0000] {processor.py:161} INFO - Started process (PID=365) to work on /home/airflow/.local/lib/python3.12/site-packages/airflow/example_dags/tutorial_taskflow_api.py
[2026-05-01T13:27:28.609+0000] {processor.py:830} INFO - Processing file /home/airflow/.local/lib/python3.12/site-packages/airflow/example_dags/tutorial_taskflow_api.py for tasks to queue
[2026-05-01T13:27:28.613+0000] {logging_mixin.py:188} INFO - [2026-05-01T13:27:28.613+0000] {dagbag.py:545} INFO - Filling up the DagBag from /home/airflow/.local/lib/python3.12/site-packages/airflow/example_dags/tutorial_taskflow_api.py
[2026-05-01T13:27:28.627+0000] {processor.py:840} INFO - DAG(s) 'tutorial_taskflow_api' retrieved from /home/airflow/.local/lib/python3.12/site-packages/airflow/example_dags/tutorial_taskflow_api.py
[2026-05-01T13:27:28.658+0000] {logging_mixin.py:188} INFO - [2026-05-01T13:27:28.657+0000] {dag.py:3089} INFO - Sync 1 DAGs
[2026-05-01T13:27:28.679+0000] {logging_mixin.py:188} INFO - [2026-05-01T13:27:28.679+0000] {dag.py:3947} INFO - Setting next_dagrun for tutorial_taskflow_api to None, run_after=None
[2026-05-01T13:27:28.719+0000] {processor.py:183} INFO - Processing /home/airflow/.local/lib/python3.12/site-packages/airflow/example_dags/tutorial_taskflow_api.py took 0.128 seconds
[2026-05-01T13:27:59.229+0000] {processor.py:161} INFO - Started process (PID=424) to work on /home/airflow/.local/lib/python3.12/site-packages/airflow/example_dags/tutorial_taskflow_api.py
[2026-05-01T13:27:59.232+0000] {processor.py:830} INFO - Processing file /home/airflow/.local/lib/python3.12/site-packages/airflow/example_dags/tutorial_taskflow_api.py for tasks to queue
[2026-05-01T13:27:59.236+0000] {logging_mixin.py:188} INFO - [2026-05-01T13:27:59.235+0000] {dagbag.py:545} INFO - Filling up the DagBag from /home/airflow/.local/lib/python3.12/site-packages/airflow/example_dags/tutorial_taskflow_api.py
[2026-05-01T13:27:59.246+0000] {processor.py:840} INFO - DAG(s) 'tutorial_taskflow_api' retrieved from /home/airflow/.local/lib/python3.12/site-packages/airflow/example_dags/tutorial_taskflow_api.py
[2026-05-01T13:27:59.280+0000] {logging_mixin.py:188} INFO - [2026-05-01T13:27:59.280+0000] {dag.py:3089} INFO - Sync 1 DAGs
[2026-05-01T13:27:59.314+0000] {logging_mixin.py:188} INFO - [2026-05-01T13:27:59.314+0000] {dag.py:3947} INFO - Setting next_dagrun for tutorial_taskflow_api to None, run_after=None
[2026-05-01T13:27:59.436+0000] {processor.py:183} INFO - Processing /home/airflow/.local/lib/python3.12/site-packages/airflow/example_dags/tutorial_taskflow_api.py took 0.217 seconds
[2026-05-01T13:28:29.754+0000] {processor.py:161} INFO - Started process (PID=482) to work on /home/airflow/.local/lib/python3.12/site-packages/airflow/example_dags/tutorial_taskflow_api.py
[2026-05-01T13:28:29.758+0000] {processor.py:830} INFO - Processing file /home/airflow/.local/lib/python3.12/site-packages/airflow/example_dags/tutorial_taskflow_api.py for tasks to queue
[2026-05-01T13:28:29.777+0000] {logging_mixin.py:188} INFO - [2026-05-01T13:28:29.772+0000] {dagbag.py:545} INFO - Filling up the DagBag from /home/airflow/.local/lib/python3.12/site-packages/airflow/example_dags/tutorial_taskflow_api.py
[2026-05-01T13:28:29.852+0000] {processor.py:840} INFO - DAG(s) 'tutorial_taskflow_api' retrieved from /home/airflow/.local/lib/python3.12/site-packages/airflow/example_dags/tutorial_taskflow_api.py
[2026-05-01T13:28:29.998+0000] {logging_mixin.py:188} INFO - [2026-05-01T13:28:29.997+0000] {dag.py:3089} INFO - Sync 1 DAGs
[2026-05-01T13:28:30.134+0000] {logging_mixin.py:188} INFO - [2026-05-01T13:28:30.133+0000] {dag.py:3947} INFO - Setting next_dagrun for tutorial_taskflow_api to None, run_after=None
[2026-05-01T13:28:30.248+0000] {processor.py:183} INFO - Processing /home/airflow/.local/lib/python3.12/site-packages/airflow/example_dags/tutorial_taskflow_api.py took 0.547 seconds
[2026-05-01T13:29:01.168+0000] {processor.py:161} INFO - Started process (PID=540) to work on /home/airflow/.local/lib/python3.12/site-packages/airflow/example_dags/tutorial_taskflow_api.py
[2026-05-01T13:29:01.171+0000] {processor.py:830} INFO - Processing file /home/airflow/.local/lib/python3.12/site-packages/airflow/example_dags/tutorial_taskflow_api.py for tasks to queue
[2026-05-01T13:29:01.179+0000] {logging_mixin.py:188} INFO - [2026-05-01T13:29:01.178+0000] {dagbag.py:545} INFO - Filling up the DagBag from /home/airflow/.local/lib/python3.12/site-packages/airflow/example_dags/tutorial_taskflow_api.py
[2026-05-01T13:29:01.192+0000] {processor.py:840} INFO - DAG(s) 'tutorial_taskflow_api' retrieved from /home/airflow/.local/lib/python3.12/site-packages/airflow/example_dags/tutorial_taskflow_api.py
[2026-05-01T13:29:01.243+0000] {logging_mixin.py:188} INFO - [2026-05-01T13:29:01.243+0000] {dag.py:3089} INFO - Sync 1 DAGs
[2026-05-01T13:29:01.267+0000] {logging_mixin.py:188} INFO - [2026-05-01T13:29:01.266+0000] {dag.py:3947} INFO - Setting next_dagrun for tutorial_taskflow_api to None, run_after=None
[2026-05-01T13:29:01.300+0000] {processor.py:183} INFO - Processing /home/airflow/.local/lib/python3.12/site-packages/airflow/example_dags/tutorial_taskflow_api.py took 0.144 seconds
[2026-05-01T13:29:32.026+0000] {processor.py:161} INFO - Started process (PID=598) to work on /home/airflow/.local/lib/python3.12/site-packages/airflow/example_dags/tutorial_taskflow_api.py
[2026-05-01T13:29:32.029+0000] {processor.py:830} INFO - Processing file /home/airflow/.local/lib/python3.12/site-packages/airflow/example_dags/tutorial_taskflow_api.py for tasks to queue
[2026-05-01T13:29:32.035+0000] {logging_mixin.py:188} INFO - [2026-05-01T13:29:32.035+0000] {dagbag.py:545} INFO - Filling up the DagBag from /home/airflow/.local/lib/python3.12/site-packages/airflow/example_dags/tutorial_taskflow_api.py
[2026-05-01T13:29:32.045+0000] {processor.py:840} INFO - DAG(s) 'tutorial_taskflow_api' retrieved from /home/airflow/.local/lib/python3.12/site-packages/airflow/example_dags/tutorial_taskflow_api.py
[2026-05-01T13:29:32.089+0000] {logging_mixin.py:188} INFO - [2026-05-01T13:29:32.089+0000] {dag.py:3089} INFO - Sync 1 DAGs
[2026-05-01T13:29:32.110+0000] {logging_mixin.py:188} INFO - [2026-05-01T13:29:32.110+0000] {dag.py:3947} INFO - Setting next_dagrun for tutorial_taskflow_api to None, run_after=None
[2026-05-01T13:29:32.147+0000] {processor.py:183} INFO - Processing /home/airflow/.local/lib/python3.12/site-packages/airflow/example_dags/tutorial_taskflow_api.py took 0.145 seconds
[2026-05-01T13:30:02.557+0000] {processor.py:161} INFO - Started process (PID=656) to work on /home/airflow/.local/lib/python3.12/site-packages/airflow/example_dags/tutorial_taskflow_api.py
[2026-05-01T13:30:02.560+0000] {processor.py:830} INFO - Processing file /home/airflow/.local/lib/python3.12/site-packages/airflow/example_dags/tutorial_taskflow_api.py for tasks to queue
[2026-05-01T13:30:02.566+0000] {logging_mixin.py:188} INFO - [2026-05-01T13:30:02.565+0000] {dagbag.py:545} INFO - Filling up the DagBag from /home/airflow/.local/lib/python3.12/site-packages/airflow/example_dags/tutorial_taskflow_api.py
[2026-05-01T13:30:02.581+0000] {processor.py:840} INFO - DAG(s) 'tutorial_taskflow_api' retrieved from /home/airflow/.local/lib/python3.12/site-packages/airflow/example_dags/tutorial_taskflow_api.py
[2026-05-01T13:30:02.616+0000] {logging_mixin.py:188} INFO - [2026-05-01T13:30:02.616+0000] {dag.py:3089} INFO - Sync 1 DAGs
[2026-05-01T13:30:02.641+0000] {logging_mixin.py:188} INFO - [2026-05-01T13:30:02.640+0000] {dag.py:3947} INFO - Setting next_dagrun for tutorial_taskflow_api to None, run_after=None
[2026-05-01T13:30:02.681+0000] {processor.py:183} INFO - Processing /home/airflow/.local/lib/python3.12/site-packages/airflow/example_dags/tutorial_taskflow_api.py took 0.133 seconds
[2026-05-01T13:30:33.001+0000] {processor.py:161} INFO - Started process (PID=714) to work on /home/airflow/.local/lib/python3.12/site-packages/airflow/example_dags/tutorial_taskflow_api.py
[2026-05-01T13:30:33.003+0000] {processor.py:830} INFO - Processing file /home/airflow/.local/lib/python3.12/site-packages/airflow/example_dags/tutorial_taskflow_api.py for tasks to queue
[2026-05-01T13:30:33.009+0000] {logging_mixin.py:188} INFO - [2026-05-01T13:30:33.008+0000] {dagbag.py:545} INFO - Filling up the DagBag from /home/airflow/.local/lib/python3.12/site-packages/airflow/example_dags/tutorial_taskflow_api.py
[2026-05-01T13:30:33.023+0000] {processor.py:840} INFO - DAG(s) 'tutorial_taskflow_api' retrieved from /home/airflow/.local/lib/python3.12/site-packages/airflow/example_dags/tutorial_taskflow_api.py
[2026-05-01T13:30:33.068+0000] {logging_mixin.py:188} INFO - [2026-05-01T13:30:33.068+0000] {dag.py:3089} INFO - Sync 1 DAGs
[2026-05-01T13:30:33.092+0000] {logging_mixin.py:188} INFO - [2026-05-01T13:30:33.092+0000] {dag.py:3947} INFO - Setting next_dagrun for tutorial_taskflow_api to None, run_after=None
[2026-05-01T13:30:33.133+0000] {processor.py:183} INFO - Processing /home/airflow/.local/lib/python3.12/site-packages/airflow/example_dags/tutorial_taskflow_api.py took 0.143 seconds
[2026-05-01T13:31:03.487+0000] {processor.py:161} INFO - Started process (PID=770) to work on /home/airflow/.local/lib/python3.12/site-packages/airflow/example_dags/tutorial_taskflow_api.py
[2026-05-01T13:31:03.496+0000] {processor.py:830} INFO - Processing file /home/airflow/.local/lib/python3.12/site-packages/airflow/example_dags/tutorial_taskflow_api.py for tasks to queue
[2026-05-01T13:31:03.501+0000] {logging_mixin.py:188} INFO - [2026-05-01T13:31:03.500+0000] {dagbag.py:545} INFO - Filling up the DagBag from /home/airflow/.local/lib/python3.12/site-packages/airflow/example_dags/tutorial_taskflow_api.py
[2026-05-01T13:31:03.516+0000] {processor.py:840} INFO - DAG(s) 'tutorial_taskflow_api' retrieved from /home/airflow/.local/lib/python3.12/site-packages/airflow/example_dags/tutorial_taskflow_api.py
[2026-05-01T13:31:03.547+0000] {logging_mixin.py:188} INFO - [2026-05-01T13:31:03.547+0000] {dag.py:3089} INFO - Sync 1 DAGs
[2026-05-01T13:31:03.568+0000] {logging_mixin.py:188} INFO - [2026-05-01T13:31:03.567+0000] {dag.py:3947} INFO - Setting next_dagrun for tutorial_taskflow_api to None, run_after=None
[2026-05-01T13:31:03.605+0000] {processor.py:183} INFO - Processing /home/airflow/.local/lib/python3.12/site-packages/airflow/example_dags/tutorial_taskflow_api.py took 0.132 seconds
[2026-05-01T13:31:34.035+0000] {processor.py:161} INFO - Started process (PID=828) to work on /home/airflow/.local/lib/python3.12/site-packages/airflow/example_dags/tutorial_taskflow_api.py
[2026-05-01T13:31:34.038+0000] {processor.py:830} INFO - Processing file /home/airflow/.local/lib/python3.12/site-packages/airflow/example_dags/tutorial_taskflow_api.py for tasks to queue
[2026-05-01T13:31:34.052+0000] {logging_mixin.py:188} INFO - [2026-05-01T13:31:34.051+0000] {dagbag.py:545} INFO - Filling up the DagBag from /home/airflow/.local/lib/python3.12/site-packages/airflow/example_dags/tutorial_taskflow_api.py
[2026-05-01T13:31:34.118+0000] {processor.py:840} INFO - DAG(s) 'tutorial_taskflow_api' retrieved from /home/airflow/.local/lib/python3.12/site-packages/airflow/example_dags/tutorial_taskflow_api.py
[2026-05-01T13:31:34.204+0000] {logging_mixin.py:188} INFO - [2026-05-01T13:31:34.203+0000] {dag.py:3089} INFO - Sync 1 DAGs
[2026-05-01T13:31:34.242+0000] {logging_mixin.py:188} INFO - [2026-05-01T13:31:34.242+0000] {dag.py:3947} INFO - Setting next_dagrun for tutorial_taskflow_api to None, run_after=None
[2026-05-01T13:31:34.305+0000] {processor.py:183} INFO - Processing /home/airflow/.local/lib/python3.12/site-packages/airflow/example_dags/tutorial_taskflow_api.py took 0.319 seconds
[2026-05-01T13:32:04.574+0000] {processor.py:161} INFO - Started process (PID=886) to work on /home/airflow/.local/lib/python3.12/site-packages/airflow/example_dags/tutorial_taskflow_api.py
[2026-05-01T13:32:04.579+0000] {processor.py:830} INFO - Processing file /home/airflow/.local/lib/python3.12/site-packages/airflow/example_dags/tutorial_taskflow_api.py for tasks to queue
[2026-05-01T13:32:04.594+0000] {logging_mixin.py:188} INFO - [2026-05-01T13:32:04.593+0000] {dagbag.py:545} INFO - Filling up the DagBag from /home/airflow/.local/lib/python3.12/site-packages/airflow/example_dags/tutorial_taskflow_api.py
[2026-05-01T13:32:04.630+0000] {processor.py:840} INFO - DAG(s) 'tutorial_taskflow_api' retrieved from /home/airflow/.local/lib/python3.12/site-packages/airflow/example_dags/tutorial_taskflow_api.py
[2026-05-01T13:32:04.709+0000] {logging_mixin.py:188} INFO - [2026-05-01T13:32:04.709+0000] {dag.py:3089} INFO - Sync 1 DAGs
[2026-05-01T13:32:04.786+0000] {logging_mixin.py:188} INFO - [2026-05-01T13:32:04.784+0000] {dag.py:3947} INFO - Setting next_dagrun for tutorial_taskflow_api to None, run_after=None
[2026-05-01T13:32:04.873+0000] {processor.py:183} INFO - Processing /home/airflow/.local/lib/python3.12/site-packages/airflow/example_dags/tutorial_taskflow_api.py took 0.334 seconds
[2026-05-01T13:32:35.857+0000] {processor.py:161} INFO - Started process (PID=944) to work on /home/airflow/.local/lib/python3.12/site-packages/airflow/example_dags/tutorial_taskflow_api.py
[2026-05-01T13:32:35.861+0000] {processor.py:830} INFO - Processing file /home/airflow/.local/lib/python3.12/site-packages/airflow/example_dags/tutorial_taskflow_api.py for tasks to queue
[2026-05-01T13:32:35.874+0000] {logging_mixin.py:188} INFO - [2026-05-01T13:32:35.872+0000] {dagbag.py:545} INFO - Filling up the DagBag from /home/airflow/.local/lib/python3.12/site-packages/airflow/example_dags/tutorial_taskflow_api.py
[2026-05-01T13:32:35.896+0000] {processor.py:840} INFO - DAG(s) 'tutorial_taskflow_api' retrieved from /home/airflow/.local/lib/python3.12/site-packages/airflow/example_dags/tutorial_taskflow_api.py
[2026-05-01T13:32:35.935+0000] {logging_mixin.py:188} INFO - [2026-05-01T13:32:35.935+0000] {dag.py:3089} INFO - Sync 1 DAGs
[2026-05-01T13:32:35.954+0000] {logging_mixin.py:188} INFO - [2026-05-01T13:32:35.953+0000] {dag.py:3947} INFO - Setting next_dagrun for tutorial_taskflow_api to None, run_after=None
[2026-05-01T13:32:35.997+0000] {processor.py:183} INFO - Processing /home/airflow/.local/lib/python3.12/site-packages/airflow/example_dags/tutorial_taskflow_api.py took 0.186 seconds
[2026-05-01T13:33:06.136+0000] {processor.py:161} INFO - Started process (PID=1002) to work on /home/airflow/.local/lib/python3.12/site-packages/airflow/example_dags/tutorial_taskflow_api.py
[2026-05-01T13:33:06.145+0000] {processor.py:830} INFO - Processing file /home/airflow/.local/lib/python3.12/site-packages/airflow/example_dags/tutorial_taskflow_api.py for tasks to queue
[2026-05-01T13:33:06.149+0000] {logging_mixin.py:188} INFO - [2026-05-01T13:33:06.149+0000] {dagbag.py:545} INFO - Filling up the DagBag from /home/airflow/.local/lib/python3.12/site-packages/airflow/example_dags/tutorial_taskflow_api.py
[2026-05-01T13:33:06.168+0000] {processor.py:840} INFO - DAG(s) 'tutorial_taskflow_api' retrieved from /home/airflow/.local/lib/python3.12/site-packages/airflow/example_dags/tutorial_taskflow_api.py
[2026-05-01T13:33:06.225+0000] {logging_mixin.py:188} INFO - [2026-05-01T13:33:06.224+0000] {dag.py:3089} INFO - Sync 1 DAGs
[2026-05-01T13:33:06.263+0000] {logging_mixin.py:188} INFO - [2026-05-01T13:33:06.262+0000] {dag.py:3947} INFO - Setting next_dagrun for tutorial_taskflow_api to None, run_after=None
[2026-05-01T13:33:06.317+0000] {processor.py:183} INFO - Processing /home/airflow/.local/lib/python3.12/site-packages/airflow/example_dags/tutorial_taskflow_api.py took 0.198 seconds
[2026-05-01T13:33:37.191+0000] {processor.py:161} INFO - Started process (PID=1060) to work on /home/airflow/.local/lib/python3.12/site-packages/airflow/example_dags/tutorial_taskflow_api.py
[2026-05-01T13:33:37.194+0000] {processor.py:830} INFO - Processing file /home/airflow/.local/lib/python3.12/site-packages/airflow/example_dags/tutorial_taskflow_api.py for tasks to queue
[2026-05-01T13:33:37.200+0000] {logging_mixin.py:188} INFO - [2026-05-01T13:33:37.199+0000] {dagbag.py:545} INFO - Filling up the DagBag from /home/airflow/.local/lib/python3.12/site-packages/airflow/example_dags/tutorial_taskflow_api.py
[2026-05-01T13:33:37.213+0000] {processor.py:840} INFO - DAG(s) 'tutorial_taskflow_api' retrieved from /home/airflow/.local/lib/python3.12/site-packages/airflow/example_dags/tutorial_taskflow_api.py
[2026-05-01T13:33:37.246+0000] {logging_mixin.py:188} INFO - [2026-05-01T13:33:37.246+0000] {dag.py:3089} INFO - Sync 1 DAGs
[2026-05-01T13:33:37.268+0000] {logging_mixin.py:188} INFO - [2026-05-01T13:33:37.268+0000] {dag.py:3947} INFO - Setting next_dagrun for tutorial_taskflow_api to None, run_after=None
[2026-05-01T13:33:37.303+0000] {processor.py:183} INFO - Processing /home/airflow/.local/lib/python3.12/site-packages/airflow/example_dags/tutorial_taskflow_api.py took 0.125 seconds
[2026-05-01T13:34:07.588+0000] {processor.py:161} INFO - Started process (PID=1118) to work on /home/airflow/.local/lib/python3.12/site-packages/airflow/example_dags/tutorial_taskflow_api.py
[2026-05-01T13:34:07.592+0000] {processor.py:830} INFO - Processing file /home/airflow/.local/lib/python3.12/site-packages/airflow/example_dags/tutorial_taskflow_api.py for tasks to queue
[2026-05-01T13:34:07.599+0000] {logging_mixin.py:188} INFO - [2026-05-01T13:34:07.598+0000] {dagbag.py:545} INFO - Filling up the DagBag from /home/airflow/.local/lib/python3.12/site-packages/airflow/example_dags/tutorial_taskflow_api.py
[2026-05-01T13:34:07.618+0000] {processor.py:840} INFO - DAG(s) 'tutorial_taskflow_api' retrieved from /home/airflow/.local/lib/python3.12/site-packages/airflow/example_dags/tutorial_taskflow_api.py
[2026-05-01T13:34:07.657+0000] {logging_mixin.py:188} INFO - [2026-05-01T13:34:07.657+0000] {dag.py:3089} INFO - Sync 1 DAGs
[2026-05-01T13:34:07.687+0000] {logging_mixin.py:188} INFO - [2026-05-01T13:34:07.686+0000] {dag.py:3947} INFO - Setting next_dagrun for tutorial_taskflow_api to None, run_after=None
[2026-05-01T13:34:07.721+0000] {processor.py:183} INFO - Processing /home/airflow/.local/lib/python3.12/site-packages/airflow/example_dags/tutorial_taskflow_api.py took 0.151 seconds
[2026-05-01T13:34:37.999+0000] {processor.py:161} INFO - Started process (PID=1176) to work on /home/airflow/.local/lib/python3.12/site-packages/airflow/example_dags/tutorial_taskflow_api.py
[2026-05-01T13:34:38.002+0000] {processor.py:830} INFO - Processing file /home/airflow/.local/lib/python3.12/site-packages/airflow/example_dags/tutorial_taskflow_api.py for tasks to queue
[2026-05-01T13:34:38.007+0000] {logging_mixin.py:188} INFO - [2026-05-01T13:34:38.007+0000] {dagbag.py:545} INFO - Filling up the DagBag from /home/airflow/.local/lib/python3.12/site-packages/airflow/example_dags/tutorial_taskflow_api.py
[2026-05-01T13:34:38.020+0000] {processor.py:840} INFO - DAG(s) 'tutorial_taskflow_api' retrieved from /home/airflow/.local/lib/python3.12/site-packages/airflow/example_dags/tutorial_taskflow_api.py
[2026-05-01T13:34:38.056+0000] {logging_mixin.py:188} INFO - [2026-05-01T13:34:38.055+0000] {dag.py:3089} INFO - Sync 1 DAGs
[2026-05-01T13:34:38.082+0000] {logging_mixin.py:188} INFO - [2026-05-01T13:34:38.081+0000] {dag.py:3947} INFO - Setting next_dagrun for tutorial_taskflow_api to None, run_after=None
[2026-05-01T13:34:38.153+0000] {processor.py:183} INFO - Processing /home/airflow/.local/lib/python3.12/site-packages/airflow/example_dags/tutorial_taskflow_api.py took 0.182 seconds
[2026-05-01T13:35:08.289+0000] {processor.py:161} INFO - Started process (PID=1232) to work on /home/airflow/.local/lib/python3.12/site-packages/airflow/example_dags/tutorial_taskflow_api.py
[2026-05-01T13:35:08.292+0000] {processor.py:830} INFO - Processing file /home/airflow/.local/lib/python3.12/site-packages/airflow/example_dags/tutorial_taskflow_api.py for tasks to queue
[2026-05-01T13:35:08.296+0000] {logging_mixin.py:188} INFO - [2026-05-01T13:35:08.296+0000] {dagbag.py:545} INFO - Filling up the DagBag from /home/airflow/.local/lib/python3.12/site-packages/airflow/example_dags/tutorial_taskflow_api.py
[2026-05-01T13:35:08.306+0000] {processor.py:840} INFO - DAG(s) 'tutorial_taskflow_api' retrieved from /home/airflow/.local/lib/python3.12/site-packages/airflow/example_dags/tutorial_taskflow_api.py
[2026-05-01T13:35:08.340+0000] {logging_mixin.py:188} INFO - [2026-05-01T13:35:08.340+0000] {dag.py:3089} INFO - Sync 1 DAGs
[2026-05-01T13:35:08.359+0000] {logging_mixin.py:188} INFO - [2026-05-01T13:35:08.359+0000] {dag.py:3947} INFO - Setting next_dagrun for tutorial_taskflow_api to None, run_after=None
[2026-05-01T13:35:08.389+0000] {processor.py:183} INFO - Processing /home/airflow/.local/lib/python3.12/site-packages/airflow/example_dags/tutorial_taskflow_api.py took 0.110 seconds
[2026-05-01T13:35:38.744+0000] {processor.py:161} INFO - Started process (PID=1291) to work on /home/airflow/.local/lib/python3.12/site-packages/airflow/example_dags/tutorial_taskflow_api.py
[2026-05-01T13:35:38.746+0000] {processor.py:830} INFO - Processing file /home/airflow/.local/lib/python3.12/site-packages/airflow/example_dags/tutorial_taskflow_api.py for tasks to queue
[2026-05-01T13:35:38.752+0000] {logging_mixin.py:188} INFO - [2026-05-01T13:35:38.751+0000] {dagbag.py:545} INFO - Filling up the DagBag from /home/airflow/.local/lib/python3.12/site-packages/airflow/example_dags/tutorial_taskflow_api.py
[2026-05-01T13:35:38.766+0000] {processor.py:840} INFO - DAG(s) 'tutorial_taskflow_api' retrieved from /home/airflow/.local/lib/python3.12/site-packages/airflow/example_dags/tutorial_taskflow_api.py
[2026-05-01T13:35:38.792+0000] {logging_mixin.py:188} INFO - [2026-05-01T13:35:38.792+0000] {dag.py:3089} INFO - Sync 1 DAGs
[2026-05-01T13:35:38.812+0000] {logging_mixin.py:188} INFO - [2026-05-01T13:35:38.812+0000] {dag.py:3947} INFO - Setting next_dagrun for tutorial_taskflow_api to None, run_after=None
[2026-05-01T13:35:38.847+0000] {processor.py:183} INFO - Processing /home/airflow/.local/lib/python3.12/site-packages/airflow/example_dags/tutorial_taskflow_api.py took 0.114 seconds
[2026-05-01T13:36:09.705+0000] {processor.py:161} INFO - Started process (PID=1349) to work on /home/airflow/.local/lib/python3.12/site-packages/airflow/example_dags/tutorial_taskflow_api.py
[2026-05-01T13:36:09.708+0000] {processor.py:830} INFO - Processing file /home/airflow/.local/lib/python3.12/site-packages/airflow/example_dags/tutorial_taskflow_api.py for tasks to queue
[2026-05-01T13:36:09.713+0000] {logging_mixin.py:188} INFO - [2026-05-01T13:36:09.712+0000] {dagbag.py:545} INFO - Filling up the DagBag from /home/airflow/.local/lib/python3.12/site-packages/airflow/example_dags/tutorial_taskflow_api.py
[2026-05-01T13:36:09.726+0000] {processor.py:840} INFO - DAG(s) 'tutorial_taskflow_api' retrieved from /home/airflow/.local/lib/python3.12/site-packages/airflow/example_dags/tutorial_taskflow_api.py
[2026-05-01T13:36:09.783+0000] {logging_mixin.py:188} INFO - [2026-05-01T13:36:09.782+0000] {dag.py:3089} INFO - Sync 1 DAGs
[2026-05-01T13:36:09.809+0000] {logging_mixin.py:188} INFO - [2026-05-01T13:36:09.809+0000] {dag.py:3947} INFO - Setting next_dagrun for tutorial_taskflow_api to None, run_after=None
[2026-05-01T13:36:09.840+0000] {processor.py:183} INFO - Processing /home/airflow/.local/lib/python3.12/site-packages/airflow/example_dags/tutorial_taskflow_api.py took 0.149 seconds
[2026-05-01T13:36:40.557+0000] {processor.py:161} INFO - Started process (PID=1407) to work on /home/airflow/.local/lib/python3.12/site-packages/airflow/example_dags/tutorial_taskflow_api.py
[2026-05-01T13:36:40.561+0000] {processor.py:830} INFO - Processing file /home/airflow/.local/lib/python3.12/site-packages/airflow/example_dags/tutorial_taskflow_api.py for tasks to queue
[2026-05-01T13:36:40.578+0000] {logging_mixin.py:188} INFO - [2026-05-01T13:36:40.577+0000] {dagbag.py:545} INFO - Filling up the DagBag from /home/airflow/.local/lib/python3.12/site-packages/airflow/example_dags/tutorial_taskflow_api.py
[2026-05-01T13:36:40.609+0000] {processor.py:840} INFO - DAG(s) 'tutorial_taskflow_api' retrieved from /home/airflow/.local/lib/python3.12/site-packages/airflow/example_dags/tutorial_taskflow_api.py
[2026-05-01T13:36:40.652+0000] {logging_mixin.py:188} INFO - [2026-05-01T13:36:40.652+0000] {dag.py:3089} INFO - Sync 1 DAGs
[2026-05-01T13:36:40.677+0000] {logging_mixin.py:188} INFO - [2026-05-01T13:36:40.677+0000] {dag.py:3947} INFO - Setting next_dagrun for tutorial_taskflow_api to None, run_after=None
[2026-05-01T13:36:40.704+0000] {processor.py:183} INFO - Processing /home/airflow/.local/lib/python3.12/site-packages/airflow/example_dags/tutorial_taskflow_api.py took 0.171 seconds
[2026-05-01T13:37:11.279+0000] {processor.py:161} INFO - Started process (PID=1465) to work on /home/airflow/.local/lib/python3.12/site-packages/airflow/example_dags/tutorial_taskflow_api.py
[2026-05-01T13:37:11.284+0000] {processor.py:830} INFO - Processing file /home/airflow/.local/lib/python3.12/site-packages/airflow/example_dags/tutorial_taskflow_api.py for tasks to queue
[2026-05-01T13:37:11.295+0000] {logging_mixin.py:188} INFO - [2026-05-01T13:37:11.287+0000] {dagbag.py:545} INFO - Filling up the DagBag from /home/airflow/.local/lib/python3.12/site-packages/airflow/example_dags/tutorial_taskflow_api.py
[2026-05-01T13:37:11.314+0000] {processor.py:840} INFO - DAG(s) 'tutorial_taskflow_api' retrieved from /home/airflow/.local/lib/python3.12/site-packages/airflow/example_dags/tutorial_taskflow_api.py
[2026-05-01T13:37:11.389+0000] {logging_mixin.py:188} INFO - [2026-05-01T13:37:11.388+0000] {dag.py:3089} INFO - Sync 1 DAGs
[2026-05-01T13:37:11.417+0000] {logging_mixin.py:188} INFO - [2026-05-01T13:37:11.417+0000] {dag.py:3947} INFO - Setting next_dagrun for tutorial_taskflow_api to None, run_after=None
[2026-05-01T13:37:11.469+0000] {processor.py:183} INFO - Processing /home/airflow/.local/lib/python3.12/site-packages/airflow/example_dags/tutorial_taskflow_api.py took 0.213 seconds
[2026-05-01T13:37:42.290+0000] {processor.py:161} INFO - Started process (PID=1522) to work on /home/airflow/.local/lib/python3.12/site-packages/airflow/example_dags/tutorial_taskflow_api.py
[2026-05-01T13:37:42.293+0000] {processor.py:830} INFO - Processing file /home/airflow/.local/lib/python3.12/site-packages/airflow/example_dags/tutorial_taskflow_api.py for tasks to queue
[2026-05-01T13:37:42.297+0000] {logging_mixin.py:188} INFO - [2026-05-01T13:37:42.297+0000] {dagbag.py:545} INFO - Filling up the DagBag from /home/airflow/.local/lib/python3.12/site-packages/airflow/example_dags/tutorial_taskflow_api.py
[2026-05-01T13:37:42.313+0000] {processor.py:840} INFO - DAG(s) 'tutorial_taskflow_api' retrieved from /home/airflow/.local/lib/python3.12/site-packages/airflow/example_dags/tutorial_taskflow_api.py
[2026-05-01T13:37:42.341+0000] {logging_mixin.py:188} INFO - [2026-05-01T13:37:42.341+0000] {dag.py:3089} INFO - Sync 1 DAGs
[2026-05-01T13:37:42.361+0000] {logging_mixin.py:188} INFO - [2026-05-01T13:37:42.361+0000] {dag.py:3947} INFO - Setting next_dagrun for tutorial_taskflow_api to None, run_after=None
[2026-05-01T13:37:42.390+0000] {processor.py:183} INFO - Processing /home/airflow/.local/lib/python3.12/site-packages/airflow/example_dags/tutorial_taskflow_api.py took 0.111 seconds
[2026-05-01T13:38:13.886+0000] {processor.py:161} INFO - Started process (PID=1579) to work on /home/airflow/.local/lib/python3.12/site-packages/airflow/example_dags/tutorial_taskflow_api.py
[2026-05-01T13:38:13.890+0000] {processor.py:830} INFO - Processing file /home/airflow/.local/lib/python3.12/site-packages/airflow/example_dags/tutorial_taskflow_api.py for tasks to queue
[2026-05-01T13:38:13.899+0000] {logging_mixin.py:188} INFO - [2026-05-01T13:38:13.898+0000] {dagbag.py:545} INFO - Filling up the DagBag from /home/airflow/.local/lib/python3.12/site-packages/airflow/example_dags/tutorial_taskflow_api.py
[2026-05-01T13:38:13.922+0000] {processor.py:840} INFO - DAG(s) 'tutorial_taskflow_api' retrieved from /home/airflow/.local/lib/python3.12/site-packages/airflow/example_dags/tutorial_taskflow_api.py
[2026-05-01T13:38:13.987+0000] {logging_mixin.py:188} INFO - [2026-05-01T13:38:13.987+0000] {dag.py:3089} INFO - Sync 1 DAGs
[2026-05-01T13:38:14.041+0000] {logging_mixin.py:188} INFO - [2026-05-01T13:38:14.041+0000] {dag.py:3947} INFO - Setting next_dagrun for tutorial_taskflow_api to None, run_after=None
[2026-05-01T13:38:14.096+0000] {processor.py:183} INFO - Processing /home/airflow/.local/lib/python3.12/site-packages/airflow/example_dags/tutorial_taskflow_api.py took 0.240 seconds
[2026-05-01T13:38:44.835+0000] {processor.py:161} INFO - Started process (PID=1637) to work on /home/airflow/.local/lib/python3.12/site-packages/airflow/example_dags/tutorial_taskflow_api.py
[2026-05-01T13:38:44.838+0000] {processor.py:830} INFO - Processing file /home/airflow/.local/lib/python3.12/site-packages/airflow/example_dags/tutorial_taskflow_api.py for tasks to queue
[2026-05-01T13:38:44.843+0000] {logging_mixin.py:188} INFO - [2026-05-01T13:38:44.842+0000] {dagbag.py:545} INFO - Filling up the DagBag from /home/airflow/.local/lib/python3.12/site-packages/airflow/example_dags/tutorial_taskflow_api.py
[2026-05-01T13:38:44.857+0000] {processor.py:840} INFO - DAG(s) 'tutorial_taskflow_api' retrieved from /home/airflow/.local/lib/python3.12/site-packages/airflow/example_dags/tutorial_taskflow_api.py
[2026-05-01T13:38:44.892+0000] {logging_mixin.py:188} INFO - [2026-05-01T13:38:44.892+0000] {dag.py:3089} INFO - Sync 1 DAGs
[2026-05-01T13:38:44.914+0000] {logging_mixin.py:188} INFO - [2026-05-01T13:38:44.914+0000] {dag.py:3947} INFO - Setting next_dagrun for tutorial_taskflow_api to None, run_after=None
[2026-05-01T13:38:44.939+0000] {processor.py:183} INFO - Processing /home/airflow/.local/lib/python3.12/site-packages/airflow/example_dags/tutorial_taskflow_api.py took 0.118 seconds
[2026-05-01T13:39:15.448+0000] {processor.py:161} INFO - Started process (PID=1695) to work on /home/airflow/.local/lib/python3.12/site-packages/airflow/example_dags/tutorial_taskflow_api.py
[2026-05-01T13:39:15.450+0000] {processor.py:830} INFO - Processing file /home/airflow/.local/lib/python3.12/site-packages/airflow/example_dags/tutorial_taskflow_api.py for tasks to queue
[2026-05-01T13:39:15.456+0000] {logging_mixin.py:188} INFO - [2026-05-01T13:39:15.454+0000] {dagbag.py:545} INFO - Filling up the DagBag from /home/airflow/.local/lib/python3.12/site-packages/airflow/example_dags/tutorial_taskflow_api.py
[2026-05-01T13:39:15.468+0000] {processor.py:840} INFO - DAG(s) 'tutorial_taskflow_api' retrieved from /home/airflow/.local/lib/python3.12/site-packages/airflow/example_dags/tutorial_taskflow_api.py
[2026-05-01T13:39:15.507+0000] {logging_mixin.py:188} INFO - [2026-05-01T13:39:15.506+0000] {dag.py:3089} INFO - Sync 1 DAGs
[2026-05-01T13:39:15.531+0000] {logging_mixin.py:188} INFO - [2026-05-01T13:39:15.531+0000] {dag.py:3947} INFO - Setting next_dagrun for tutorial_taskflow_api to None, run_after=None
[2026-05-01T13:39:15.839+0000] {processor.py:183} INFO - Processing /home/airflow/.local/lib/python3.12/site-packages/airflow/example_dags/tutorial_taskflow_api.py took 0.402 seconds
[2026-05-01T13:39:46.562+0000] {processor.py:161} INFO - Started process (PID=1753) to work on /home/airflow/.local/lib/python3.12/site-packages/airflow/example_dags/tutorial_taskflow_api.py
[2026-05-01T13:39:46.565+0000] {processor.py:830} INFO - Processing file /home/airflow/.local/lib/python3.12/site-packages/airflow/example_dags/tutorial_taskflow_api.py for tasks to queue
[2026-05-01T13:39:46.570+0000] {logging_mixin.py:188} INFO - [2026-05-01T13:39:46.569+0000] {dagbag.py:545} INFO - Filling up the DagBag from /home/airflow/.local/lib/python3.12/site-packages/airflow/example_dags/tutorial_taskflow_api.py
[2026-05-01T13:39:46.581+0000] {processor.py:840} INFO - DAG(s) 'tutorial_taskflow_api' retrieved from /home/airflow/.local/lib/python3.12/site-packages/airflow/example_dags/tutorial_taskflow_api.py
[2026-05-01T13:39:46.610+0000] {logging_mixin.py:188} INFO - [2026-05-01T13:39:46.609+0000] {dag.py:3089} INFO - Sync 1 DAGs
[2026-05-01T13:39:46.631+0000] {logging_mixin.py:188} INFO - [2026-05-01T13:39:46.631+0000] {dag.py:3947} INFO - Setting next_dagrun for tutorial_taskflow_api to None, run_after=None
[2026-05-01T13:39:46.658+0000] {processor.py:183} INFO - Processing /home/airflow/.local/lib/python3.12/site-packages/airflow/example_dags/tutorial_taskflow_api.py took 0.107 seconds
[2026-05-01T13:40:16.901+0000] {processor.py:161} INFO - Started process (PID=1811) to work on /home/airflow/.local/lib/python3.12/site-packages/airflow/example_dags/tutorial_taskflow_api.py
[2026-05-01T13:40:16.906+0000] {processor.py:830} INFO - Processing file /home/airflow/.local/lib/python3.12/site-packages/airflow/example_dags/tutorial_taskflow_api.py for tasks to queue
[2026-05-01T13:40:16.913+0000] {logging_mixin.py:188} INFO - [2026-05-01T13:40:16.912+0000] {dagbag.py:545} INFO - Filling up the DagBag from /home/airflow/.local/lib/python3.12/site-packages/airflow/example_dags/tutorial_taskflow_api.py
[2026-05-01T13:40:16.935+0000] {processor.py:840} INFO - DAG(s) 'tutorial_taskflow_api' retrieved from /home/airflow/.local/lib/python3.12/site-packages/airflow/example_dags/tutorial_taskflow_api.py
[2026-05-01T13:40:16.988+0000] {logging_mixin.py:188} INFO - [2026-05-01T13:40:16.987+0000] {dag.py:3089} INFO - Sync 1 DAGs
[2026-05-01T13:40:17.013+0000] {logging_mixin.py:188} INFO - [2026-05-01T13:40:17.013+0000] {dag.py:3947} INFO - Setting next_dagrun for tutorial_taskflow_api to None, run_after=None
[2026-05-01T13:40:17.076+0000] {processor.py:183} INFO - Processing /home/airflow/.local/lib/python3.12/site-packages/airflow/example_dags/tutorial_taskflow_api.py took 0.187 seconds
[2026-05-01T13:42:39.040+0000] {processor.py:161} INFO - Started process (PID=59) to work on /home/airflow/.local/lib/python3.12/site-packages/airflow/example_dags/tutorial_taskflow_api.py
[2026-05-01T13:42:39.045+0000] {processor.py:830} INFO - Processing file /home/airflow/.local/lib/python3.12/site-packages/airflow/example_dags/tutorial_taskflow_api.py for tasks to queue
[2026-05-01T13:42:39.057+0000] {logging_mixin.py:188} INFO - [2026-05-01T13:42:39.057+0000] {dagbag.py:545} INFO - Filling up the DagBag from /home/airflow/.local/lib/python3.12/site-packages/airflow/example_dags/tutorial_taskflow_api.py
[2026-05-01T13:42:39.116+0000] {processor.py:840} INFO - DAG(s) 'tutorial_taskflow_api' retrieved from /home/airflow/.local/lib/python3.12/site-packages/airflow/example_dags/tutorial_taskflow_api.py
[2026-05-01T13:42:40.217+0000] {logging_mixin.py:188} INFO - [2026-05-01T13:42:40.217+0000] {dag.py:3089} INFO - Sync 1 DAGs
[2026-05-01T13:42:40.309+0000] {logging_mixin.py:188} INFO - [2026-05-01T13:42:40.309+0000] {dag.py:3947} INFO - Setting next_dagrun for tutorial_taskflow_api to None, run_after=None
[2026-05-01T13:42:40.581+0000] {processor.py:183} INFO - Processing /home/airflow/.local/lib/python3.12/site-packages/airflow/example_dags/tutorial_taskflow_api.py took 1.594 seconds
[2026-05-01T13:43:11.257+0000] {processor.py:161} INFO - Started process (PID=118) to work on /home/airflow/.local/lib/python3.12/site-packages/airflow/example_dags/tutorial_taskflow_api.py
[2026-05-01T13:43:11.262+0000] {processor.py:830} INFO - Processing file /home/airflow/.local/lib/python3.12/site-packages/airflow/example_dags/tutorial_taskflow_api.py for tasks to queue
[2026-05-01T13:43:11.281+0000] {logging_mixin.py:188} INFO - [2026-05-01T13:43:11.280+0000] {dagbag.py:545} INFO - Filling up the DagBag from /home/airflow/.local/lib/python3.12/site-packages/airflow/example_dags/tutorial_taskflow_api.py
[2026-05-01T13:43:11.357+0000] {processor.py:840} INFO - DAG(s) 'tutorial_taskflow_api' retrieved from /home/airflow/.local/lib/python3.12/site-packages/airflow/example_dags/tutorial_taskflow_api.py
[2026-05-01T13:43:11.501+0000] {logging_mixin.py:188} INFO - [2026-05-01T13:43:11.500+0000] {dag.py:3089} INFO - Sync 1 DAGs
[2026-05-01T13:43:11.602+0000] {logging_mixin.py:188} INFO - [2026-05-01T13:43:11.601+0000] {dag.py:3947} INFO - Setting next_dagrun for tutorial_taskflow_api to None, run_after=None
[2026-05-01T13:43:11.857+0000] {processor.py:183} INFO - Processing /home/airflow/.local/lib/python3.12/site-packages/airflow/example_dags/tutorial_taskflow_api.py took 0.684 seconds
[2026-05-01T13:43:42.065+0000] {processor.py:161} INFO - Started process (PID=175) to work on /home/airflow/.local/lib/python3.12/site-packages/airflow/example_dags/tutorial_taskflow_api.py
[2026-05-01T13:43:42.069+0000] {processor.py:830} INFO - Processing file /home/airflow/.local/lib/python3.12/site-packages/airflow/example_dags/tutorial_taskflow_api.py for tasks to queue
[2026-05-01T13:43:42.074+0000] {logging_mixin.py:188} INFO - [2026-05-01T13:43:42.073+0000] {dagbag.py:545} INFO - Filling up the DagBag from /home/airflow/.local/lib/python3.12/site-packages/airflow/example_dags/tutorial_taskflow_api.py
[2026-05-01T13:43:42.084+0000] {processor.py:840} INFO - DAG(s) 'tutorial_taskflow_api' retrieved from /home/airflow/.local/lib/python3.12/site-packages/airflow/example_dags/tutorial_taskflow_api.py
[2026-05-01T13:43:42.116+0000] {logging_mixin.py:188} INFO - [2026-05-01T13:43:42.116+0000] {dag.py:3089} INFO - Sync 1 DAGs
[2026-05-01T13:43:42.140+0000] {logging_mixin.py:188} INFO - [2026-05-01T13:43:42.140+0000] {dag.py:3947} INFO - Setting next_dagrun for tutorial_taskflow_api to None, run_after=None
[2026-05-01T13:43:42.173+0000] {processor.py:183} INFO - Processing /home/airflow/.local/lib/python3.12/site-packages/airflow/example_dags/tutorial_taskflow_api.py took 0.117 seconds
[2026-05-01T13:44:12.782+0000] {processor.py:161} INFO - Started process (PID=233) to work on /home/airflow/.local/lib/python3.12/site-packages/airflow/example_dags/tutorial_taskflow_api.py
[2026-05-01T13:44:12.813+0000] {processor.py:830} INFO - Processing file /home/airflow/.local/lib/python3.12/site-packages/airflow/example_dags/tutorial_taskflow_api.py for tasks to queue
[2026-05-01T13:44:12.828+0000] {logging_mixin.py:188} INFO - [2026-05-01T13:44:12.828+0000] {dagbag.py:545} INFO - Filling up the DagBag from /home/airflow/.local/lib/python3.12/site-packages/airflow/example_dags/tutorial_taskflow_api.py
[2026-05-01T13:44:12.877+0000] {processor.py:840} INFO - DAG(s) 'tutorial_taskflow_api' retrieved from /home/airflow/.local/lib/python3.12/site-packages/airflow/example_dags/tutorial_taskflow_api.py
[2026-05-01T13:44:12.962+0000] {logging_mixin.py:188} INFO - [2026-05-01T13:44:12.962+0000] {dag.py:3089} INFO - Sync 1 DAGs
[2026-05-01T13:44:13.009+0000] {logging_mixin.py:188} INFO - [2026-05-01T13:44:13.009+0000] {dag.py:3947} INFO - Setting next_dagrun for tutorial_taskflow_api to None, run_after=None
[2026-05-01T13:44:13.075+0000] {processor.py:183} INFO - Processing /home/airflow/.local/lib/python3.12/site-packages/airflow/example_dags/tutorial_taskflow_api.py took 0.365 seconds
[2026-05-01T13:44:43.819+0000] {processor.py:161} INFO - Started process (PID=290) to work on /home/airflow/.local/lib/python3.12/site-packages/airflow/example_dags/tutorial_taskflow_api.py
[2026-05-01T13:44:43.822+0000] {processor.py:830} INFO - Processing file /home/airflow/.local/lib/python3.12/site-packages/airflow/example_dags/tutorial_taskflow_api.py for tasks to queue
[2026-05-01T13:44:43.825+0000] {logging_mixin.py:188} INFO - [2026-05-01T13:44:43.825+0000] {dagbag.py:545} INFO - Filling up the DagBag from /home/airflow/.local/lib/python3.12/site-packages/airflow/example_dags/tutorial_taskflow_api.py
[2026-05-01T13:44:43.836+0000] {processor.py:840} INFO - DAG(s) 'tutorial_taskflow_api' retrieved from /home/airflow/.local/lib/python3.12/site-packages/airflow/example_dags/tutorial_taskflow_api.py
[2026-05-01T13:44:43.863+0000] {logging_mixin.py:188} INFO - [2026-05-01T13:44:43.863+0000] {dag.py:3089} INFO - Sync 1 DAGs
[2026-05-01T13:44:43.891+0000] {logging_mixin.py:188} INFO - [2026-05-01T13:44:43.891+0000] {dag.py:3947} INFO - Setting next_dagrun for tutorial_taskflow_api to None, run_after=None
[2026-05-01T13:44:43.938+0000] {processor.py:183} INFO - Processing /home/airflow/.local/lib/python3.12/site-packages/airflow/example_dags/tutorial_taskflow_api.py took 0.127 seconds
[2026-05-01T13:45:14.692+0000] {processor.py:161} INFO - Started process (PID=348) to work on /home/airflow/.local/lib/python3.12/site-packages/airflow/example_dags/tutorial_taskflow_api.py
[2026-05-01T13:45:14.701+0000] {processor.py:830} INFO - Processing file /home/airflow/.local/lib/python3.12/site-packages/airflow/example_dags/tutorial_taskflow_api.py for tasks to queue
[2026-05-01T13:45:14.710+0000] {logging_mixin.py:188} INFO - [2026-05-01T13:45:14.710+0000] {dagbag.py:545} INFO - Filling up the DagBag from /home/airflow/.local/lib/python3.12/site-packages/airflow/example_dags/tutorial_taskflow_api.py
[2026-05-01T13:45:14.736+0000] {processor.py:840} INFO - DAG(s) 'tutorial_taskflow_api' retrieved from /home/airflow/.local/lib/python3.12/site-packages/airflow/example_dags/tutorial_taskflow_api.py
[2026-05-01T13:45:14.789+0000] {logging_mixin.py:188} INFO - [2026-05-01T13:45:14.788+0000] {dag.py:3089} INFO - Sync 1 DAGs
[2026-05-01T13:45:14.826+0000] {logging_mixin.py:188} INFO - [2026-05-01T13:45:14.826+0000] {dag.py:3947} INFO - Setting next_dagrun for tutorial_taskflow_api to None, run_after=None
[2026-05-01T13:45:14.889+0000] {processor.py:183} INFO - Processing /home/airflow/.local/lib/python3.12/site-packages/airflow/example_dags/tutorial_taskflow_api.py took 0.216 seconds
[2026-05-01T13:45:47.248+0000] {processor.py:161} INFO - Started process (PID=406) to work on /home/airflow/.local/lib/python3.12/site-packages/airflow/example_dags/tutorial_taskflow_api.py
[2026-05-01T13:45:47.255+0000] {processor.py:830} INFO - Processing file /home/airflow/.local/lib/python3.12/site-packages/airflow/example_dags/tutorial_taskflow_api.py for tasks to queue
[2026-05-01T13:45:47.267+0000] {logging_mixin.py:188} INFO - [2026-05-01T13:45:47.266+0000] {dagbag.py:545} INFO - Filling up the DagBag from /home/airflow/.local/lib/python3.12/site-packages/airflow/example_dags/tutorial_taskflow_api.py
[2026-05-01T13:45:47.296+0000] {processor.py:840} INFO - DAG(s) 'tutorial_taskflow_api' retrieved from /home/airflow/.local/lib/python3.12/site-packages/airflow/example_dags/tutorial_taskflow_api.py
[2026-05-01T13:45:47.387+0000] {logging_mixin.py:188} INFO - [2026-05-01T13:45:47.387+0000] {dag.py:3089} INFO - Sync 1 DAGs
[2026-05-01T13:45:47.438+0000] {logging_mixin.py:188} INFO - [2026-05-01T13:45:47.438+0000] {dag.py:3947} INFO - Setting next_dagrun for tutorial_taskflow_api to None, run_after=None
[2026-05-01T13:45:47.537+0000] {processor.py:183} INFO - Processing /home/airflow/.local/lib/python3.12/site-packages/airflow/example_dags/tutorial_taskflow_api.py took 0.332 seconds
[2026-05-01T13:46:17.884+0000] {processor.py:161} INFO - Started process (PID=462) to work on /home/airflow/.local/lib/python3.12/site-packages/airflow/example_dags/tutorial_taskflow_api.py
[2026-05-01T13:46:17.887+0000] {processor.py:830} INFO - Processing file /home/airflow/.local/lib/python3.12/site-packages/airflow/example_dags/tutorial_taskflow_api.py for tasks to queue
[2026-05-01T13:46:17.892+0000] {logging_mixin.py:188} INFO - [2026-05-01T13:46:17.891+0000] {dagbag.py:545} INFO - Filling up the DagBag from /home/airflow/.local/lib/python3.12/site-packages/airflow/example_dags/tutorial_taskflow_api.py
[2026-05-01T13:46:17.906+0000] {processor.py:840} INFO - DAG(s) 'tutorial_taskflow_api' retrieved from /home/airflow/.local/lib/python3.12/site-packages/airflow/example_dags/tutorial_taskflow_api.py
[2026-05-01T13:46:17.937+0000] {logging_mixin.py:188} INFO - [2026-05-01T13:46:17.936+0000] {dag.py:3089} INFO - Sync 1 DAGs
[2026-05-01T13:46:17.955+0000] {logging_mixin.py:188} INFO - [2026-05-01T13:46:17.955+0000] {dag.py:3947} INFO - Setting next_dagrun for tutorial_taskflow_api to None, run_after=None
[2026-05-01T13:46:17.983+0000] {processor.py:183} INFO - Processing /home/airflow/.local/lib/python3.12/site-packages/airflow/example_dags/tutorial_taskflow_api.py took 0.117 seconds
[2026-05-01T13:46:48.434+0000] {processor.py:161} INFO - Started process (PID=520) to work on /home/airflow/.local/lib/python3.12/site-packages/airflow/example_dags/tutorial_taskflow_api.py
[2026-05-01T13:46:48.436+0000] {processor.py:830} INFO - Processing file /home/airflow/.local/lib/python3.12/site-packages/airflow/example_dags/tutorial_taskflow_api.py for tasks to queue
[2026-05-01T13:46:48.441+0000] {logging_mixin.py:188} INFO - [2026-05-01T13:46:48.440+0000] {dagbag.py:545} INFO - Filling up the DagBag from /home/airflow/.local/lib/python3.12/site-packages/airflow/example_dags/tutorial_taskflow_api.py
[2026-05-01T13:46:48.458+0000] {processor.py:840} INFO - DAG(s) 'tutorial_taskflow_api' retrieved from /home/airflow/.local/lib/python3.12/site-packages/airflow/example_dags/tutorial_taskflow_api.py
[2026-05-01T13:46:48.504+0000] {logging_mixin.py:188} INFO - [2026-05-01T13:46:48.503+0000] {dag.py:3089} INFO - Sync 1 DAGs
[2026-05-01T13:46:48.546+0000] {logging_mixin.py:188} INFO - [2026-05-01T13:46:48.536+0000] {dag.py:3947} INFO - Setting next_dagrun for tutorial_taskflow_api to None, run_after=None
[2026-05-01T13:46:48.598+0000] {processor.py:183} INFO - Processing /home/airflow/.local/lib/python3.12/site-packages/airflow/example_dags/tutorial_taskflow_api.py took 0.191 seconds
[2026-05-01T13:47:18.768+0000] {processor.py:161} INFO - Started process (PID=578) to work on /home/airflow/.local/lib/python3.12/site-packages/airflow/example_dags/tutorial_taskflow_api.py
[2026-05-01T13:47:18.772+0000] {processor.py:830} INFO - Processing file /home/airflow/.local/lib/python3.12/site-packages/airflow/example_dags/tutorial_taskflow_api.py for tasks to queue
[2026-05-01T13:47:18.779+0000] {logging_mixin.py:188} INFO - [2026-05-01T13:47:18.778+0000] {dagbag.py:545} INFO - Filling up the DagBag from /home/airflow/.local/lib/python3.12/site-packages/airflow/example_dags/tutorial_taskflow_api.py
[2026-05-01T13:47:18.791+0000] {processor.py:840} INFO - DAG(s) 'tutorial_taskflow_api' retrieved from /home/airflow/.local/lib/python3.12/site-packages/airflow/example_dags/tutorial_taskflow_api.py
[2026-05-01T13:47:18.823+0000] {logging_mixin.py:188} INFO - [2026-05-01T13:47:18.822+0000] {dag.py:3089} INFO - Sync 1 DAGs
[2026-05-01T13:47:18.845+0000] {logging_mixin.py:188} INFO - [2026-05-01T13:47:18.845+0000] {dag.py:3947} INFO - Setting next_dagrun for tutorial_taskflow_api to None, run_after=None
[2026-05-01T13:47:18.889+0000] {processor.py:183} INFO - Processing /home/airflow/.local/lib/python3.12/site-packages/airflow/example_dags/tutorial_taskflow_api.py took 0.136 seconds
[2026-05-01T13:47:49.186+0000] {processor.py:161} INFO - Started process (PID=636) to work on /home/airflow/.local/lib/python3.12/site-packages/airflow/example_dags/tutorial_taskflow_api.py
[2026-05-01T13:47:49.188+0000] {processor.py:830} INFO - Processing file /home/airflow/.local/lib/python3.12/site-packages/airflow/example_dags/tutorial_taskflow_api.py for tasks to queue
[2026-05-01T13:47:49.193+0000] {logging_mixin.py:188} INFO - [2026-05-01T13:47:49.193+0000] {dagbag.py:545} INFO - Filling up the DagBag from /home/airflow/.local/lib/python3.12/site-packages/airflow/example_dags/tutorial_taskflow_api.py
[2026-05-01T13:47:49.212+0000] {processor.py:840} INFO - DAG(s) 'tutorial_taskflow_api' retrieved from /home/airflow/.local/lib/python3.12/site-packages/airflow/example_dags/tutorial_taskflow_api.py
[2026-05-01T13:47:49.240+0000] {logging_mixin.py:188} INFO - [2026-05-01T13:47:49.239+0000] {dag.py:3089} INFO - Sync 1 DAGs
[2026-05-01T13:47:49.260+0000] {logging_mixin.py:188} INFO - [2026-05-01T13:47:49.260+0000] {dag.py:3947} INFO - Setting next_dagrun for tutorial_taskflow_api to None, run_after=None
[2026-05-01T13:47:49.310+0000] {processor.py:183} INFO - Processing /home/airflow/.local/lib/python3.12/site-packages/airflow/example_dags/tutorial_taskflow_api.py took 0.136 seconds
[2026-05-01T13:48:20.121+0000] {processor.py:161} INFO - Started process (PID=693) to work on /home/airflow/.local/lib/python3.12/site-packages/airflow/example_dags/tutorial_taskflow_api.py
[2026-05-01T13:48:20.125+0000] {processor.py:830} INFO - Processing file /home/airflow/.local/lib/python3.12/site-packages/airflow/example_dags/tutorial_taskflow_api.py for tasks to queue
[2026-05-01T13:48:20.130+0000] {logging_mixin.py:188} INFO - [2026-05-01T13:48:20.129+0000] {dagbag.py:545} INFO - Filling up the DagBag from /home/airflow/.local/lib/python3.12/site-packages/airflow/example_dags/tutorial_taskflow_api.py
[2026-05-01T13:48:20.142+0000] {processor.py:840} INFO - DAG(s) 'tutorial_taskflow_api' retrieved from /home/airflow/.local/lib/python3.12/site-packages/airflow/example_dags/tutorial_taskflow_api.py
[2026-05-01T13:48:20.168+0000] {logging_mixin.py:188} INFO - [2026-05-01T13:48:20.168+0000] {dag.py:3089} INFO - Sync 1 DAGs
[2026-05-01T13:48:20.192+0000] {logging_mixin.py:188} INFO - [2026-05-01T13:48:20.192+0000] {dag.py:3947} INFO - Setting next_dagrun for tutorial_taskflow_api to None, run_after=None
[2026-05-01T13:48:20.226+0000] {processor.py:183} INFO - Processing /home/airflow/.local/lib/python3.12/site-packages/airflow/example_dags/tutorial_taskflow_api.py took 0.118 seconds
[2026-05-01T13:48:50.743+0000] {processor.py:161} INFO - Started process (PID=750) to work on /home/airflow/.local/lib/python3.12/site-packages/airflow/example_dags/tutorial_taskflow_api.py
[2026-05-01T13:48:50.746+0000] {processor.py:830} INFO - Processing file /home/airflow/.local/lib/python3.12/site-packages/airflow/example_dags/tutorial_taskflow_api.py for tasks to queue
[2026-05-01T13:48:50.751+0000] {logging_mixin.py:188} INFO - [2026-05-01T13:48:50.751+0000] {dagbag.py:545} INFO - Filling up the DagBag from /home/airflow/.local/lib/python3.12/site-packages/airflow/example_dags/tutorial_taskflow_api.py
[2026-05-01T13:48:50.770+0000] {processor.py:840} INFO - DAG(s) 'tutorial_taskflow_api' retrieved from /home/airflow/.local/lib/python3.12/site-packages/airflow/example_dags/tutorial_taskflow_api.py
[2026-05-01T13:48:50.806+0000] {logging_mixin.py:188} INFO - [2026-05-01T13:48:50.806+0000] {dag.py:3089} INFO - Sync 1 DAGs
[2026-05-01T13:48:50.837+0000] {logging_mixin.py:188} INFO - [2026-05-01T13:48:50.837+0000] {dag.py:3947} INFO - Setting next_dagrun for tutorial_taskflow_api to None, run_after=None
[2026-05-01T13:48:50.941+0000] {processor.py:183} INFO - Processing /home/airflow/.local/lib/python3.12/site-packages/airflow/example_dags/tutorial_taskflow_api.py took 0.211 seconds
[2026-05-01T13:49:21.153+0000] {processor.py:161} INFO - Started process (PID=808) to work on /home/airflow/.local/lib/python3.12/site-packages/airflow/example_dags/tutorial_taskflow_api.py
[2026-05-01T13:49:21.156+0000] {processor.py:830} INFO - Processing file /home/airflow/.local/lib/python3.12/site-packages/airflow/example_dags/tutorial_taskflow_api.py for tasks to queue
[2026-05-01T13:49:21.161+0000] {logging_mixin.py:188} INFO - [2026-05-01T13:49:21.160+0000] {dagbag.py:545} INFO - Filling up the DagBag from /home/airflow/.local/lib/python3.12/site-packages/airflow/example_dags/tutorial_taskflow_api.py
[2026-05-01T13:49:21.173+0000] {processor.py:840} INFO - DAG(s) 'tutorial_taskflow_api' retrieved from /home/airflow/.local/lib/python3.12/site-packages/airflow/example_dags/tutorial_taskflow_api.py
[2026-05-01T13:49:21.200+0000] {logging_mixin.py:188} INFO - [2026-05-01T13:49:21.200+0000] {dag.py:3089} INFO - Sync 1 DAGs
[2026-05-01T13:49:21.220+0000] {logging_mixin.py:188} INFO - [2026-05-01T13:49:21.220+0000] {dag.py:3947} INFO - Setting next_dagrun for tutorial_taskflow_api to None, run_after=None
[2026-05-01T13:49:21.256+0000] {processor.py:183} INFO - Processing /home/airflow/.local/lib/python3.12/site-packages/airflow/example_dags/tutorial_taskflow_api.py took 0.111 seconds
[2026-05-01T13:49:52.294+0000] {processor.py:161} INFO - Started process (PID=866) to work on /home/airflow/.local/lib/python3.12/site-packages/airflow/example_dags/tutorial_taskflow_api.py
[2026-05-01T13:49:52.300+0000] {processor.py:830} INFO - Processing file /home/airflow/.local/lib/python3.12/site-packages/airflow/example_dags/tutorial_taskflow_api.py for tasks to queue
[2026-05-01T13:49:52.308+0000] {logging_mixin.py:188} INFO - [2026-05-01T13:49:52.305+0000] {dagbag.py:545} INFO - Filling up the DagBag from /home/airflow/.local/lib/python3.12/site-packages/airflow/example_dags/tutorial_taskflow_api.py
[2026-05-01T13:49:52.354+0000] {processor.py:840} INFO - DAG(s) 'tutorial_taskflow_api' retrieved from /home/airflow/.local/lib/python3.12/site-packages/airflow/example_dags/tutorial_taskflow_api.py
[2026-05-01T13:49:52.415+0000] {logging_mixin.py:188} INFO - [2026-05-01T13:49:52.414+0000] {dag.py:3089} INFO - Sync 1 DAGs
[2026-05-01T13:49:52.443+0000] {logging_mixin.py:188} INFO - [2026-05-01T13:49:52.443+0000] {dag.py:3947} INFO - Setting next_dagrun for tutorial_taskflow_api to None, run_after=None
[2026-05-01T13:49:52.508+0000] {processor.py:183} INFO - Processing /home/airflow/.local/lib/python3.12/site-packages/airflow/example_dags/tutorial_taskflow_api.py took 0.248 seconds
[2026-05-01T13:50:23.926+0000] {processor.py:161} INFO - Started process (PID=928) to work on /home/airflow/.local/lib/python3.12/site-packages/airflow/example_dags/tutorial_taskflow_api.py
[2026-05-01T13:50:23.929+0000] {processor.py:830} INFO - Processing file /home/airflow/.local/lib/python3.12/site-packages/airflow/example_dags/tutorial_taskflow_api.py for tasks to queue
[2026-05-01T13:50:23.935+0000] {logging_mixin.py:188} INFO - [2026-05-01T13:50:23.934+0000] {dagbag.py:545} INFO - Filling up the DagBag from /home/airflow/.local/lib/python3.12/site-packages/airflow/example_dags/tutorial_taskflow_api.py
[2026-05-01T13:50:23.948+0000] {processor.py:840} INFO - DAG(s) 'tutorial_taskflow_api' retrieved from /home/airflow/.local/lib/python3.12/site-packages/airflow/example_dags/tutorial_taskflow_api.py
[2026-05-01T13:50:23.984+0000] {logging_mixin.py:188} INFO - [2026-05-01T13:50:23.984+0000] {dag.py:3089} INFO - Sync 1 DAGs
[2026-05-01T13:50:24.007+0000] {logging_mixin.py:188} INFO - [2026-05-01T13:50:24.006+0000] {dag.py:3947} INFO - Setting next_dagrun for tutorial_taskflow_api to None, run_after=None
[2026-05-01T13:50:24.059+0000] {processor.py:183} INFO - Processing /home/airflow/.local/lib/python3.12/site-packages/airflow/example_dags/tutorial_taskflow_api.py took 0.146 seconds
[2026-05-01T13:50:54.767+0000] {processor.py:161} INFO - Started process (PID=985) to work on /home/airflow/.local/lib/python3.12/site-packages/airflow/example_dags/tutorial_taskflow_api.py
[2026-05-01T13:50:54.775+0000] {processor.py:830} INFO - Processing file /home/airflow/.local/lib/python3.12/site-packages/airflow/example_dags/tutorial_taskflow_api.py for tasks to queue
[2026-05-01T13:50:54.790+0000] {logging_mixin.py:188} INFO - [2026-05-01T13:50:54.783+0000] {dagbag.py:545} INFO - Filling up the DagBag from /home/airflow/.local/lib/python3.12/site-packages/airflow/example_dags/tutorial_taskflow_api.py
[2026-05-01T13:50:54.912+0000] {processor.py:840} INFO - DAG(s) 'tutorial_taskflow_api' retrieved from /home/airflow/.local/lib/python3.12/site-packages/airflow/example_dags/tutorial_taskflow_api.py
[2026-05-01T13:50:54.988+0000] {logging_mixin.py:188} INFO - [2026-05-01T13:50:54.986+0000] {dag.py:3089} INFO - Sync 1 DAGs
[2026-05-01T13:50:55.015+0000] {logging_mixin.py:188} INFO - [2026-05-01T13:50:55.015+0000] {dag.py:3947} INFO - Setting next_dagrun for tutorial_taskflow_api to None, run_after=None
[2026-05-01T13:50:55.072+0000] {processor.py:183} INFO - Processing /home/airflow/.local/lib/python3.12/site-packages/airflow/example_dags/tutorial_taskflow_api.py took 0.386 seconds
[2026-05-01T13:51:25.366+0000] {processor.py:161} INFO - Started process (PID=1043) to work on /home/airflow/.local/lib/python3.12/site-packages/airflow/example_dags/tutorial_taskflow_api.py
[2026-05-01T13:51:25.369+0000] {processor.py:830} INFO - Processing file /home/airflow/.local/lib/python3.12/site-packages/airflow/example_dags/tutorial_taskflow_api.py for tasks to queue
[2026-05-01T13:51:25.374+0000] {logging_mixin.py:188} INFO - [2026-05-01T13:51:25.374+0000] {dagbag.py:545} INFO - Filling up the DagBag from /home/airflow/.local/lib/python3.12/site-packages/airflow/example_dags/tutorial_taskflow_api.py
[2026-05-01T13:51:25.439+0000] {processor.py:840} INFO - DAG(s) 'tutorial_taskflow_api' retrieved from /home/airflow/.local/lib/python3.12/site-packages/airflow/example_dags/tutorial_taskflow_api.py
[2026-05-01T13:51:25.590+0000] {logging_mixin.py:188} INFO - [2026-05-01T13:51:25.590+0000] {dag.py:3089} INFO - Sync 1 DAGs
[2026-05-01T13:51:25.681+0000] {logging_mixin.py:188} INFO - [2026-05-01T13:51:25.681+0000] {dag.py:3947} INFO - Setting next_dagrun for tutorial_taskflow_api to None, run_after=None
[2026-05-01T13:51:25.837+0000] {processor.py:183} INFO - Processing /home/airflow/.local/lib/python3.12/site-packages/airflow/example_dags/tutorial_taskflow_api.py took 0.516 seconds
[2026-05-01T13:51:56.748+0000] {processor.py:161} INFO - Started process (PID=1100) to work on /home/airflow/.local/lib/python3.12/site-packages/airflow/example_dags/tutorial_taskflow_api.py
[2026-05-01T13:51:56.753+0000] {processor.py:830} INFO - Processing file /home/airflow/.local/lib/python3.12/site-packages/airflow/example_dags/tutorial_taskflow_api.py for tasks to queue
[2026-05-01T13:51:56.761+0000] {logging_mixin.py:188} INFO - [2026-05-01T13:51:56.760+0000] {dagbag.py:545} INFO - Filling up the DagBag from /home/airflow/.local/lib/python3.12/site-packages/airflow/example_dags/tutorial_taskflow_api.py
[2026-05-01T13:51:56.777+0000] {processor.py:840} INFO - DAG(s) 'tutorial_taskflow_api' retrieved from /home/airflow/.local/lib/python3.12/site-packages/airflow/example_dags/tutorial_taskflow_api.py
[2026-05-01T13:51:56.822+0000] {logging_mixin.py:188} INFO - [2026-05-01T13:51:56.821+0000] {dag.py:3089} INFO - Sync 1 DAGs
[2026-05-01T13:51:56.858+0000] {logging_mixin.py:188} INFO - [2026-05-01T13:51:56.858+0000] {dag.py:3947} INFO - Setting next_dagrun for tutorial_taskflow_api to None, run_after=None
[2026-05-01T13:51:56.892+0000] {processor.py:183} INFO - Processing /home/airflow/.local/lib/python3.12/site-packages/airflow/example_dags/tutorial_taskflow_api.py took 0.160 seconds
[2026-05-01T13:52:27.047+0000] {processor.py:161} INFO - Started process (PID=1158) to work on /home/airflow/.local/lib/python3.12/site-packages/airflow/example_dags/tutorial_taskflow_api.py
[2026-05-01T13:52:27.051+0000] {processor.py:830} INFO - Processing file /home/airflow/.local/lib/python3.12/site-packages/airflow/example_dags/tutorial_taskflow_api.py for tasks to queue
[2026-05-01T13:52:27.056+0000] {logging_mixin.py:188} INFO - [2026-05-01T13:52:27.056+0000] {dagbag.py:545} INFO - Filling up the DagBag from /home/airflow/.local/lib/python3.12/site-packages/airflow/example_dags/tutorial_taskflow_api.py
[2026-05-01T13:52:27.076+0000] {processor.py:840} INFO - DAG(s) 'tutorial_taskflow_api' retrieved from /home/airflow/.local/lib/python3.12/site-packages/airflow/example_dags/tutorial_taskflow_api.py
[2026-05-01T13:52:27.117+0000] {logging_mixin.py:188} INFO - [2026-05-01T13:52:27.117+0000] {dag.py:3089} INFO - Sync 1 DAGs
[2026-05-01T13:52:27.152+0000] {logging_mixin.py:188} INFO - [2026-05-01T13:52:27.151+0000] {dag.py:3947} INFO - Setting next_dagrun for tutorial_taskflow_api to None, run_after=None
[2026-05-01T13:52:27.185+0000] {processor.py:183} INFO - Processing /home/airflow/.local/lib/python3.12/site-packages/airflow/example_dags/tutorial_taskflow_api.py took 0.156 seconds
[2026-05-01T13:52:57.840+0000] {processor.py:161} INFO - Started process (PID=1216) to work on /home/airflow/.local/lib/python3.12/site-packages/airflow/example_dags/tutorial_taskflow_api.py
[2026-05-01T13:52:57.842+0000] {processor.py:830} INFO - Processing file /home/airflow/.local/lib/python3.12/site-packages/airflow/example_dags/tutorial_taskflow_api.py for tasks to queue
[2026-05-01T13:52:57.847+0000] {logging_mixin.py:188} INFO - [2026-05-01T13:52:57.847+0000] {dagbag.py:545} INFO - Filling up the DagBag from /home/airflow/.local/lib/python3.12/site-packages/airflow/example_dags/tutorial_taskflow_api.py
[2026-05-01T13:52:57.861+0000] {processor.py:840} INFO - DAG(s) 'tutorial_taskflow_api' retrieved from /home/airflow/.local/lib/python3.12/site-packages/airflow/example_dags/tutorial_taskflow_api.py
[2026-05-01T13:52:57.892+0000] {logging_mixin.py:188} INFO - [2026-05-01T13:52:57.892+0000] {dag.py:3089} INFO - Sync 1 DAGs
[2026-05-01T13:52:57.922+0000] {logging_mixin.py:188} INFO - [2026-05-01T13:52:57.921+0000] {dag.py:3947} INFO - Setting next_dagrun for tutorial_taskflow_api to None, run_after=None
[2026-05-01T13:52:57.974+0000] {processor.py:183} INFO - Processing /home/airflow/.local/lib/python3.12/site-packages/airflow/example_dags/tutorial_taskflow_api.py took 0.148 seconds
[2026-05-01T13:53:29.380+0000] {processor.py:161} INFO - Started process (PID=1273) to work on /home/airflow/.local/lib/python3.12/site-packages/airflow/example_dags/tutorial_taskflow_api.py
[2026-05-01T13:53:29.391+0000] {processor.py:830} INFO - Processing file /home/airflow/.local/lib/python3.12/site-packages/airflow/example_dags/tutorial_taskflow_api.py for tasks to queue
[2026-05-01T13:53:29.413+0000] {logging_mixin.py:188} INFO - [2026-05-01T13:53:29.399+0000] {dagbag.py:545} INFO - Filling up the DagBag from /home/airflow/.local/lib/python3.12/site-packages/airflow/example_dags/tutorial_taskflow_api.py
[2026-05-01T13:53:29.466+0000] {processor.py:840} INFO - DAG(s) 'tutorial_taskflow_api' retrieved from /home/airflow/.local/lib/python3.12/site-packages/airflow/example_dags/tutorial_taskflow_api.py
[2026-05-01T13:53:29.573+0000] {logging_mixin.py:188} INFO - [2026-05-01T13:53:29.573+0000] {dag.py:3089} INFO - Sync 1 DAGs
[2026-05-01T13:53:29.642+0000] {logging_mixin.py:188} INFO - [2026-05-01T13:53:29.637+0000] {dag.py:3947} INFO - Setting next_dagrun for tutorial_taskflow_api to None, run_after=None
[2026-05-01T13:53:29.737+0000] {processor.py:183} INFO - Processing /home/airflow/.local/lib/python3.12/site-packages/airflow/example_dags/tutorial_taskflow_api.py took 0.382 seconds
