[2026-05-01T13:24:44.625+0000] {processor.py:161} INFO - Started process (PID=84) to work on /home/airflow/.local/lib/python3.12/site-packages/airflow/example_dags/tutorial_dag.py
[2026-05-01T13:24:44.643+0000] {processor.py:830} INFO - Processing file /home/airflow/.local/lib/python3.12/site-packages/airflow/example_dags/tutorial_dag.py for tasks to queue
[2026-05-01T13:24:44.673+0000] {logging_mixin.py:188} INFO - [2026-05-01T13:24:44.672+0000] {dagbag.py:545} INFO - Filling up the DagBag from /home/airflow/.local/lib/python3.12/site-packages/airflow/example_dags/tutorial_dag.py
[2026-05-01T13:24:44.825+0000] {processor.py:840} INFO - DAG(s) 'tutorial_dag' retrieved from /home/airflow/.local/lib/python3.12/site-packages/airflow/example_dags/tutorial_dag.py
[2026-05-01T13:24:46.544+0000] {logging_mixin.py:188} INFO - [2026-05-01T13:24:46.540+0000] {override.py:1858} INFO - Created Permission View: can delete on DAG:tutorial_dag
[2026-05-01T13:24:46.700+0000] {logging_mixin.py:188} INFO - [2026-05-01T13:24:46.699+0000] {override.py:1858} INFO - Created Permission View: can edit on DAG:tutorial_dag
[2026-05-01T13:24:46.818+0000] {logging_mixin.py:188} INFO - [2026-05-01T13:24:46.817+0000] {override.py:1858} INFO - Created Permission View: can read on DAG:tutorial_dag
[2026-05-01T13:24:46.840+0000] {logging_mixin.py:188} INFO - [2026-05-01T13:24:46.833+0000] {dag.py:3089} INFO - Sync 1 DAGs
[2026-05-01T13:24:47.141+0000] {logging_mixin.py:188} INFO - [2026-05-01T13:24:47.135+0000] {dag.py:3111} INFO - Creating ORM DAG for tutorial_dag
[2026-05-01T13:24:47.158+0000] {logging_mixin.py:188} INFO - [2026-05-01T13:24:47.152+0000] {dag.py:3947} INFO - Setting next_dagrun for tutorial_dag to None, run_after=None
[2026-05-01T13:24:47.374+0000] {processor.py:183} INFO - Processing /home/airflow/.local/lib/python3.12/site-packages/airflow/example_dags/tutorial_dag.py took 2.829 seconds
[2026-05-01T13:25:31.909+0000] {processor.py:161} INFO - Started process (PID=142) to work on /home/airflow/.local/lib/python3.12/site-packages/airflow/example_dags/tutorial_dag.py
[2026-05-01T13:25:31.919+0000] {processor.py:830} INFO - Processing file /home/airflow/.local/lib/python3.12/site-packages/airflow/example_dags/tutorial_dag.py for tasks to queue
[2026-05-01T13:25:31.937+0000] {logging_mixin.py:188} INFO - [2026-05-01T13:25:31.936+0000] {dagbag.py:545} INFO - Filling up the DagBag from /home/airflow/.local/lib/python3.12/site-packages/airflow/example_dags/tutorial_dag.py
[2026-05-01T13:25:31.968+0000] {processor.py:840} INFO - DAG(s) 'tutorial_dag' retrieved from /home/airflow/.local/lib/python3.12/site-packages/airflow/example_dags/tutorial_dag.py
[2026-05-01T13:25:32.062+0000] {logging_mixin.py:188} INFO - [2026-05-01T13:25:32.062+0000] {dag.py:3089} INFO - Sync 1 DAGs
[2026-05-01T13:25:32.125+0000] {logging_mixin.py:188} INFO - [2026-05-01T13:25:32.124+0000] {dag.py:3947} INFO - Setting next_dagrun for tutorial_dag to None, run_after=None
[2026-05-01T13:25:32.196+0000] {processor.py:183} INFO - Processing /home/airflow/.local/lib/python3.12/site-packages/airflow/example_dags/tutorial_dag.py took 0.321 seconds
[2026-05-01T13:26:02.403+0000] {processor.py:161} INFO - Started process (PID=200) to work on /home/airflow/.local/lib/python3.12/site-packages/airflow/example_dags/tutorial_dag.py
[2026-05-01T13:26:02.414+0000] {processor.py:830} INFO - Processing file /home/airflow/.local/lib/python3.12/site-packages/airflow/example_dags/tutorial_dag.py for tasks to queue
[2026-05-01T13:26:02.424+0000] {logging_mixin.py:188} INFO - [2026-05-01T13:26:02.423+0000] {dagbag.py:545} INFO - Filling up the DagBag from /home/airflow/.local/lib/python3.12/site-packages/airflow/example_dags/tutorial_dag.py
[2026-05-01T13:26:02.442+0000] {processor.py:840} INFO - DAG(s) 'tutorial_dag' retrieved from /home/airflow/.local/lib/python3.12/site-packages/airflow/example_dags/tutorial_dag.py
[2026-05-01T13:26:02.548+0000] {logging_mixin.py:188} INFO - [2026-05-01T13:26:02.548+0000] {dag.py:3089} INFO - Sync 1 DAGs
[2026-05-01T13:26:02.657+0000] {logging_mixin.py:188} INFO - [2026-05-01T13:26:02.656+0000] {dag.py:3947} INFO - Setting next_dagrun for tutorial_dag to None, run_after=None
[2026-05-01T13:26:02.822+0000] {processor.py:183} INFO - Processing /home/airflow/.local/lib/python3.12/site-packages/airflow/example_dags/tutorial_dag.py took 0.475 seconds
[2026-05-01T13:26:33.541+0000] {processor.py:161} INFO - Started process (PID=258) to work on /home/airflow/.local/lib/python3.12/site-packages/airflow/example_dags/tutorial_dag.py
[2026-05-01T13:26:33.544+0000] {processor.py:830} INFO - Processing file /home/airflow/.local/lib/python3.12/site-packages/airflow/example_dags/tutorial_dag.py for tasks to queue
[2026-05-01T13:26:33.550+0000] {logging_mixin.py:188} INFO - [2026-05-01T13:26:33.550+0000] {dagbag.py:545} INFO - Filling up the DagBag from /home/airflow/.local/lib/python3.12/site-packages/airflow/example_dags/tutorial_dag.py
[2026-05-01T13:26:33.567+0000] {processor.py:840} INFO - DAG(s) 'tutorial_dag' retrieved from /home/airflow/.local/lib/python3.12/site-packages/airflow/example_dags/tutorial_dag.py
[2026-05-01T13:26:33.612+0000] {logging_mixin.py:188} INFO - [2026-05-01T13:26:33.612+0000] {dag.py:3089} INFO - Sync 1 DAGs
[2026-05-01T13:26:33.637+0000] {logging_mixin.py:188} INFO - [2026-05-01T13:26:33.637+0000] {dag.py:3947} INFO - Setting next_dagrun for tutorial_dag to None, run_after=None
[2026-05-01T13:26:33.679+0000] {processor.py:183} INFO - Processing /home/airflow/.local/lib/python3.12/site-packages/airflow/example_dags/tutorial_dag.py took 0.153 seconds
[2026-05-01T13:27:04.130+0000] {processor.py:161} INFO - Started process (PID=316) to work on /home/airflow/.local/lib/python3.12/site-packages/airflow/example_dags/tutorial_dag.py
[2026-05-01T13:27:04.132+0000] {processor.py:830} INFO - Processing file /home/airflow/.local/lib/python3.12/site-packages/airflow/example_dags/tutorial_dag.py for tasks to queue
[2026-05-01T13:27:04.137+0000] {logging_mixin.py:188} INFO - [2026-05-01T13:27:04.137+0000] {dagbag.py:545} INFO - Filling up the DagBag from /home/airflow/.local/lib/python3.12/site-packages/airflow/example_dags/tutorial_dag.py
[2026-05-01T13:27:04.150+0000] {processor.py:840} INFO - DAG(s) 'tutorial_dag' retrieved from /home/airflow/.local/lib/python3.12/site-packages/airflow/example_dags/tutorial_dag.py
[2026-05-01T13:27:04.187+0000] {logging_mixin.py:188} INFO - [2026-05-01T13:27:04.187+0000] {dag.py:3089} INFO - Sync 1 DAGs
[2026-05-01T13:27:04.207+0000] {logging_mixin.py:188} INFO - [2026-05-01T13:27:04.206+0000] {dag.py:3947} INFO - Setting next_dagrun for tutorial_dag to None, run_after=None
[2026-05-01T13:27:04.237+0000] {processor.py:183} INFO - Processing /home/airflow/.local/lib/python3.12/site-packages/airflow/example_dags/tutorial_dag.py took 0.118 seconds
[2026-05-01T13:27:34.593+0000] {processor.py:161} INFO - Started process (PID=374) to work on /home/airflow/.local/lib/python3.12/site-packages/airflow/example_dags/tutorial_dag.py
[2026-05-01T13:27:34.595+0000] {processor.py:830} INFO - Processing file /home/airflow/.local/lib/python3.12/site-packages/airflow/example_dags/tutorial_dag.py for tasks to queue
[2026-05-01T13:27:34.600+0000] {logging_mixin.py:188} INFO - [2026-05-01T13:27:34.599+0000] {dagbag.py:545} INFO - Filling up the DagBag from /home/airflow/.local/lib/python3.12/site-packages/airflow/example_dags/tutorial_dag.py
[2026-05-01T13:27:34.611+0000] {processor.py:840} INFO - DAG(s) 'tutorial_dag' retrieved from /home/airflow/.local/lib/python3.12/site-packages/airflow/example_dags/tutorial_dag.py
[2026-05-01T13:27:34.640+0000] {logging_mixin.py:188} INFO - [2026-05-01T13:27:34.639+0000] {dag.py:3089} INFO - Sync 1 DAGs
[2026-05-01T13:27:34.661+0000] {logging_mixin.py:188} INFO - [2026-05-01T13:27:34.660+0000] {dag.py:3947} INFO - Setting next_dagrun for tutorial_dag to None, run_after=None
[2026-05-01T13:27:34.691+0000] {processor.py:183} INFO - Processing /home/airflow/.local/lib/python3.12/site-packages/airflow/example_dags/tutorial_dag.py took 0.108 seconds
[2026-05-01T13:28:06.028+0000] {processor.py:161} INFO - Started process (PID=433) to work on /home/airflow/.local/lib/python3.12/site-packages/airflow/example_dags/tutorial_dag.py
[2026-05-01T13:28:06.032+0000] {processor.py:830} INFO - Processing file /home/airflow/.local/lib/python3.12/site-packages/airflow/example_dags/tutorial_dag.py for tasks to queue
[2026-05-01T13:28:06.038+0000] {logging_mixin.py:188} INFO - [2026-05-01T13:28:06.038+0000] {dagbag.py:545} INFO - Filling up the DagBag from /home/airflow/.local/lib/python3.12/site-packages/airflow/example_dags/tutorial_dag.py
[2026-05-01T13:28:06.048+0000] {processor.py:840} INFO - DAG(s) 'tutorial_dag' retrieved from /home/airflow/.local/lib/python3.12/site-packages/airflow/example_dags/tutorial_dag.py
[2026-05-01T13:28:06.100+0000] {logging_mixin.py:188} INFO - [2026-05-01T13:28:06.100+0000] {dag.py:3089} INFO - Sync 1 DAGs
[2026-05-01T13:28:06.146+0000] {logging_mixin.py:188} INFO - [2026-05-01T13:28:06.145+0000] {dag.py:3947} INFO - Setting next_dagrun for tutorial_dag to None, run_after=None
[2026-05-01T13:28:06.250+0000] {processor.py:183} INFO - Processing /home/airflow/.local/lib/python3.12/site-packages/airflow/example_dags/tutorial_dag.py took 0.237 seconds
[2026-05-01T13:28:36.691+0000] {processor.py:161} INFO - Started process (PID=491) to work on /home/airflow/.local/lib/python3.12/site-packages/airflow/example_dags/tutorial_dag.py
[2026-05-01T13:28:36.695+0000] {processor.py:830} INFO - Processing file /home/airflow/.local/lib/python3.12/site-packages/airflow/example_dags/tutorial_dag.py for tasks to queue
[2026-05-01T13:28:36.703+0000] {logging_mixin.py:188} INFO - [2026-05-01T13:28:36.701+0000] {dagbag.py:545} INFO - Filling up the DagBag from /home/airflow/.local/lib/python3.12/site-packages/airflow/example_dags/tutorial_dag.py
[2026-05-01T13:28:36.718+0000] {processor.py:840} INFO - DAG(s) 'tutorial_dag' retrieved from /home/airflow/.local/lib/python3.12/site-packages/airflow/example_dags/tutorial_dag.py
[2026-05-01T13:28:36.771+0000] {logging_mixin.py:188} INFO - [2026-05-01T13:28:36.770+0000] {dag.py:3089} INFO - Sync 1 DAGs
[2026-05-01T13:28:36.850+0000] {logging_mixin.py:188} INFO - [2026-05-01T13:28:36.850+0000] {dag.py:3947} INFO - Setting next_dagrun for tutorial_dag to None, run_after=None
[2026-05-01T13:28:36.896+0000] {processor.py:183} INFO - Processing /home/airflow/.local/lib/python3.12/site-packages/airflow/example_dags/tutorial_dag.py took 0.223 seconds
[2026-05-01T13:29:07.351+0000] {processor.py:161} INFO - Started process (PID=549) to work on /home/airflow/.local/lib/python3.12/site-packages/airflow/example_dags/tutorial_dag.py
[2026-05-01T13:29:07.354+0000] {processor.py:830} INFO - Processing file /home/airflow/.local/lib/python3.12/site-packages/airflow/example_dags/tutorial_dag.py for tasks to queue
[2026-05-01T13:29:07.358+0000] {logging_mixin.py:188} INFO - [2026-05-01T13:29:07.358+0000] {dagbag.py:545} INFO - Filling up the DagBag from /home/airflow/.local/lib/python3.12/site-packages/airflow/example_dags/tutorial_dag.py
[2026-05-01T13:29:07.371+0000] {processor.py:840} INFO - DAG(s) 'tutorial_dag' retrieved from /home/airflow/.local/lib/python3.12/site-packages/airflow/example_dags/tutorial_dag.py
[2026-05-01T13:29:07.409+0000] {logging_mixin.py:188} INFO - [2026-05-01T13:29:07.409+0000] {dag.py:3089} INFO - Sync 1 DAGs
[2026-05-01T13:29:07.431+0000] {logging_mixin.py:188} INFO - [2026-05-01T13:29:07.431+0000] {dag.py:3947} INFO - Setting next_dagrun for tutorial_dag to None, run_after=None
[2026-05-01T13:29:07.459+0000] {processor.py:183} INFO - Processing /home/airflow/.local/lib/python3.12/site-packages/airflow/example_dags/tutorial_dag.py took 0.120 seconds
[2026-05-01T13:29:38.942+0000] {processor.py:161} INFO - Started process (PID=607) to work on /home/airflow/.local/lib/python3.12/site-packages/airflow/example_dags/tutorial_dag.py
[2026-05-01T13:29:38.947+0000] {processor.py:830} INFO - Processing file /home/airflow/.local/lib/python3.12/site-packages/airflow/example_dags/tutorial_dag.py for tasks to queue
[2026-05-01T13:29:38.957+0000] {logging_mixin.py:188} INFO - [2026-05-01T13:29:38.957+0000] {dagbag.py:545} INFO - Filling up the DagBag from /home/airflow/.local/lib/python3.12/site-packages/airflow/example_dags/tutorial_dag.py
[2026-05-01T13:29:38.985+0000] {processor.py:840} INFO - DAG(s) 'tutorial_dag' retrieved from /home/airflow/.local/lib/python3.12/site-packages/airflow/example_dags/tutorial_dag.py
[2026-05-01T13:29:39.048+0000] {logging_mixin.py:188} INFO - [2026-05-01T13:29:39.047+0000] {dag.py:3089} INFO - Sync 1 DAGs
[2026-05-01T13:29:39.073+0000] {logging_mixin.py:188} INFO - [2026-05-01T13:29:39.072+0000] {dag.py:3947} INFO - Setting next_dagrun for tutorial_dag to None, run_after=None
[2026-05-01T13:29:39.112+0000] {processor.py:183} INFO - Processing /home/airflow/.local/lib/python3.12/site-packages/airflow/example_dags/tutorial_dag.py took 0.201 seconds
[2026-05-01T13:30:09.727+0000] {processor.py:161} INFO - Started process (PID=665) to work on /home/airflow/.local/lib/python3.12/site-packages/airflow/example_dags/tutorial_dag.py
[2026-05-01T13:30:09.730+0000] {processor.py:830} INFO - Processing file /home/airflow/.local/lib/python3.12/site-packages/airflow/example_dags/tutorial_dag.py for tasks to queue
[2026-05-01T13:30:09.733+0000] {logging_mixin.py:188} INFO - [2026-05-01T13:30:09.733+0000] {dagbag.py:545} INFO - Filling up the DagBag from /home/airflow/.local/lib/python3.12/site-packages/airflow/example_dags/tutorial_dag.py
[2026-05-01T13:30:09.754+0000] {processor.py:840} INFO - DAG(s) 'tutorial_dag' retrieved from /home/airflow/.local/lib/python3.12/site-packages/airflow/example_dags/tutorial_dag.py
[2026-05-01T13:30:09.815+0000] {logging_mixin.py:188} INFO - [2026-05-01T13:30:09.815+0000] {dag.py:3089} INFO - Sync 1 DAGs
[2026-05-01T13:30:09.850+0000] {logging_mixin.py:188} INFO - [2026-05-01T13:30:09.850+0000] {dag.py:3947} INFO - Setting next_dagrun for tutorial_dag to None, run_after=None
[2026-05-01T13:30:09.916+0000] {processor.py:183} INFO - Processing /home/airflow/.local/lib/python3.12/site-packages/airflow/example_dags/tutorial_dag.py took 0.205 seconds
[2026-05-01T13:30:40.243+0000] {processor.py:161} INFO - Started process (PID=723) to work on /home/airflow/.local/lib/python3.12/site-packages/airflow/example_dags/tutorial_dag.py
[2026-05-01T13:30:40.246+0000] {processor.py:830} INFO - Processing file /home/airflow/.local/lib/python3.12/site-packages/airflow/example_dags/tutorial_dag.py for tasks to queue
[2026-05-01T13:30:40.252+0000] {logging_mixin.py:188} INFO - [2026-05-01T13:30:40.252+0000] {dagbag.py:545} INFO - Filling up the DagBag from /home/airflow/.local/lib/python3.12/site-packages/airflow/example_dags/tutorial_dag.py
[2026-05-01T13:30:40.265+0000] {processor.py:840} INFO - DAG(s) 'tutorial_dag' retrieved from /home/airflow/.local/lib/python3.12/site-packages/airflow/example_dags/tutorial_dag.py
[2026-05-01T13:30:40.300+0000] {logging_mixin.py:188} INFO - [2026-05-01T13:30:40.300+0000] {dag.py:3089} INFO - Sync 1 DAGs
[2026-05-01T13:30:40.326+0000] {logging_mixin.py:188} INFO - [2026-05-01T13:30:40.326+0000] {dag.py:3947} INFO - Setting next_dagrun for tutorial_dag to None, run_after=None
[2026-05-01T13:30:40.369+0000] {processor.py:183} INFO - Processing /home/airflow/.local/lib/python3.12/site-packages/airflow/example_dags/tutorial_dag.py took 0.137 seconds
[2026-05-01T13:31:10.549+0000] {processor.py:161} INFO - Started process (PID=781) to work on /home/airflow/.local/lib/python3.12/site-packages/airflow/example_dags/tutorial_dag.py
[2026-05-01T13:31:10.552+0000] {processor.py:830} INFO - Processing file /home/airflow/.local/lib/python3.12/site-packages/airflow/example_dags/tutorial_dag.py for tasks to queue
[2026-05-01T13:31:10.557+0000] {logging_mixin.py:188} INFO - [2026-05-01T13:31:10.556+0000] {dagbag.py:545} INFO - Filling up the DagBag from /home/airflow/.local/lib/python3.12/site-packages/airflow/example_dags/tutorial_dag.py
[2026-05-01T13:31:10.567+0000] {processor.py:840} INFO - DAG(s) 'tutorial_dag' retrieved from /home/airflow/.local/lib/python3.12/site-packages/airflow/example_dags/tutorial_dag.py
[2026-05-01T13:31:10.594+0000] {logging_mixin.py:188} INFO - [2026-05-01T13:31:10.594+0000] {dag.py:3089} INFO - Sync 1 DAGs
[2026-05-01T13:31:10.617+0000] {logging_mixin.py:188} INFO - [2026-05-01T13:31:10.617+0000] {dag.py:3947} INFO - Setting next_dagrun for tutorial_dag to None, run_after=None
[2026-05-01T13:31:10.646+0000] {processor.py:183} INFO - Processing /home/airflow/.local/lib/python3.12/site-packages/airflow/example_dags/tutorial_dag.py took 0.107 seconds
[2026-05-01T13:31:40.929+0000] {processor.py:161} INFO - Started process (PID=839) to work on /home/airflow/.local/lib/python3.12/site-packages/airflow/example_dags/tutorial_dag.py
[2026-05-01T13:31:40.931+0000] {processor.py:830} INFO - Processing file /home/airflow/.local/lib/python3.12/site-packages/airflow/example_dags/tutorial_dag.py for tasks to queue
[2026-05-01T13:31:40.937+0000] {logging_mixin.py:188} INFO - [2026-05-01T13:31:40.936+0000] {dagbag.py:545} INFO - Filling up the DagBag from /home/airflow/.local/lib/python3.12/site-packages/airflow/example_dags/tutorial_dag.py
[2026-05-01T13:31:40.950+0000] {processor.py:840} INFO - DAG(s) 'tutorial_dag' retrieved from /home/airflow/.local/lib/python3.12/site-packages/airflow/example_dags/tutorial_dag.py
[2026-05-01T13:31:40.988+0000] {logging_mixin.py:188} INFO - [2026-05-01T13:31:40.987+0000] {dag.py:3089} INFO - Sync 1 DAGs
[2026-05-01T13:31:41.011+0000] {logging_mixin.py:188} INFO - [2026-05-01T13:31:41.011+0000] {dag.py:3947} INFO - Setting next_dagrun for tutorial_dag to None, run_after=None
[2026-05-01T13:31:41.056+0000] {processor.py:183} INFO - Processing /home/airflow/.local/lib/python3.12/site-packages/airflow/example_dags/tutorial_dag.py took 0.140 seconds
[2026-05-01T13:32:11.981+0000] {processor.py:161} INFO - Started process (PID=897) to work on /home/airflow/.local/lib/python3.12/site-packages/airflow/example_dags/tutorial_dag.py
[2026-05-01T13:32:11.984+0000] {processor.py:830} INFO - Processing file /home/airflow/.local/lib/python3.12/site-packages/airflow/example_dags/tutorial_dag.py for tasks to queue
[2026-05-01T13:32:11.992+0000] {logging_mixin.py:188} INFO - [2026-05-01T13:32:11.991+0000] {dagbag.py:545} INFO - Filling up the DagBag from /home/airflow/.local/lib/python3.12/site-packages/airflow/example_dags/tutorial_dag.py
[2026-05-01T13:32:12.007+0000] {processor.py:840} INFO - DAG(s) 'tutorial_dag' retrieved from /home/airflow/.local/lib/python3.12/site-packages/airflow/example_dags/tutorial_dag.py
[2026-05-01T13:32:12.074+0000] {logging_mixin.py:188} INFO - [2026-05-01T13:32:12.074+0000] {dag.py:3089} INFO - Sync 1 DAGs
[2026-05-01T13:32:12.106+0000] {logging_mixin.py:188} INFO - [2026-05-01T13:32:12.106+0000] {dag.py:3947} INFO - Setting next_dagrun for tutorial_dag to None, run_after=None
[2026-05-01T13:32:12.162+0000] {processor.py:183} INFO - Processing /home/airflow/.local/lib/python3.12/site-packages/airflow/example_dags/tutorial_dag.py took 0.197 seconds
[2026-05-01T13:32:42.724+0000] {processor.py:161} INFO - Started process (PID=955) to work on /home/airflow/.local/lib/python3.12/site-packages/airflow/example_dags/tutorial_dag.py
[2026-05-01T13:32:42.729+0000] {processor.py:830} INFO - Processing file /home/airflow/.local/lib/python3.12/site-packages/airflow/example_dags/tutorial_dag.py for tasks to queue
[2026-05-01T13:32:42.737+0000] {logging_mixin.py:188} INFO - [2026-05-01T13:32:42.736+0000] {dagbag.py:545} INFO - Filling up the DagBag from /home/airflow/.local/lib/python3.12/site-packages/airflow/example_dags/tutorial_dag.py
[2026-05-01T13:32:42.750+0000] {processor.py:840} INFO - DAG(s) 'tutorial_dag' retrieved from /home/airflow/.local/lib/python3.12/site-packages/airflow/example_dags/tutorial_dag.py
[2026-05-01T13:32:42.801+0000] {logging_mixin.py:188} INFO - [2026-05-01T13:32:42.800+0000] {dag.py:3089} INFO - Sync 1 DAGs
[2026-05-01T13:32:42.828+0000] {logging_mixin.py:188} INFO - [2026-05-01T13:32:42.827+0000] {dag.py:3947} INFO - Setting next_dagrun for tutorial_dag to None, run_after=None
[2026-05-01T13:32:42.865+0000] {processor.py:183} INFO - Processing /home/airflow/.local/lib/python3.12/site-packages/airflow/example_dags/tutorial_dag.py took 0.162 seconds
[2026-05-01T13:33:13.148+0000] {processor.py:161} INFO - Started process (PID=1013) to work on /home/airflow/.local/lib/python3.12/site-packages/airflow/example_dags/tutorial_dag.py
[2026-05-01T13:33:13.151+0000] {processor.py:830} INFO - Processing file /home/airflow/.local/lib/python3.12/site-packages/airflow/example_dags/tutorial_dag.py for tasks to queue
[2026-05-01T13:33:13.157+0000] {logging_mixin.py:188} INFO - [2026-05-01T13:33:13.156+0000] {dagbag.py:545} INFO - Filling up the DagBag from /home/airflow/.local/lib/python3.12/site-packages/airflow/example_dags/tutorial_dag.py
[2026-05-01T13:33:13.167+0000] {processor.py:840} INFO - DAG(s) 'tutorial_dag' retrieved from /home/airflow/.local/lib/python3.12/site-packages/airflow/example_dags/tutorial_dag.py
[2026-05-01T13:33:13.198+0000] {logging_mixin.py:188} INFO - [2026-05-01T13:33:13.198+0000] {dag.py:3089} INFO - Sync 1 DAGs
[2026-05-01T13:33:13.222+0000] {logging_mixin.py:188} INFO - [2026-05-01T13:33:13.222+0000] {dag.py:3947} INFO - Setting next_dagrun for tutorial_dag to None, run_after=None
[2026-05-01T13:33:13.290+0000] {processor.py:183} INFO - Processing /home/airflow/.local/lib/python3.12/site-packages/airflow/example_dags/tutorial_dag.py took 0.169 seconds
[2026-05-01T13:33:43.393+0000] {processor.py:161} INFO - Started process (PID=1071) to work on /home/airflow/.local/lib/python3.12/site-packages/airflow/example_dags/tutorial_dag.py
[2026-05-01T13:33:43.395+0000] {processor.py:830} INFO - Processing file /home/airflow/.local/lib/python3.12/site-packages/airflow/example_dags/tutorial_dag.py for tasks to queue
[2026-05-01T13:33:43.399+0000] {logging_mixin.py:188} INFO - [2026-05-01T13:33:43.398+0000] {dagbag.py:545} INFO - Filling up the DagBag from /home/airflow/.local/lib/python3.12/site-packages/airflow/example_dags/tutorial_dag.py
[2026-05-01T13:33:43.409+0000] {processor.py:840} INFO - DAG(s) 'tutorial_dag' retrieved from /home/airflow/.local/lib/python3.12/site-packages/airflow/example_dags/tutorial_dag.py
[2026-05-01T13:33:43.442+0000] {logging_mixin.py:188} INFO - [2026-05-01T13:33:43.442+0000] {dag.py:3089} INFO - Sync 1 DAGs
[2026-05-01T13:33:43.467+0000] {logging_mixin.py:188} INFO - [2026-05-01T13:33:43.466+0000] {dag.py:3947} INFO - Setting next_dagrun for tutorial_dag to None, run_after=None
[2026-05-01T13:33:43.504+0000] {processor.py:183} INFO - Processing /home/airflow/.local/lib/python3.12/site-packages/airflow/example_dags/tutorial_dag.py took 0.123 seconds
[2026-05-01T13:34:14.359+0000] {processor.py:161} INFO - Started process (PID=1129) to work on /home/airflow/.local/lib/python3.12/site-packages/airflow/example_dags/tutorial_dag.py
[2026-05-01T13:34:14.370+0000] {processor.py:830} INFO - Processing file /home/airflow/.local/lib/python3.12/site-packages/airflow/example_dags/tutorial_dag.py for tasks to queue
[2026-05-01T13:34:14.375+0000] {logging_mixin.py:188} INFO - [2026-05-01T13:34:14.374+0000] {dagbag.py:545} INFO - Filling up the DagBag from /home/airflow/.local/lib/python3.12/site-packages/airflow/example_dags/tutorial_dag.py
[2026-05-01T13:34:14.402+0000] {processor.py:840} INFO - DAG(s) 'tutorial_dag' retrieved from /home/airflow/.local/lib/python3.12/site-packages/airflow/example_dags/tutorial_dag.py
[2026-05-01T13:34:14.498+0000] {logging_mixin.py:188} INFO - [2026-05-01T13:34:14.495+0000] {dag.py:3089} INFO - Sync 1 DAGs
[2026-05-01T13:34:14.566+0000] {logging_mixin.py:188} INFO - [2026-05-01T13:34:14.565+0000] {dag.py:3947} INFO - Setting next_dagrun for tutorial_dag to None, run_after=None
[2026-05-01T13:34:14.727+0000] {processor.py:183} INFO - Processing /home/airflow/.local/lib/python3.12/site-packages/airflow/example_dags/tutorial_dag.py took 0.391 seconds
[2026-05-01T13:34:45.365+0000] {processor.py:161} INFO - Started process (PID=1187) to work on /home/airflow/.local/lib/python3.12/site-packages/airflow/example_dags/tutorial_dag.py
[2026-05-01T13:34:45.367+0000] {processor.py:830} INFO - Processing file /home/airflow/.local/lib/python3.12/site-packages/airflow/example_dags/tutorial_dag.py for tasks to queue
[2026-05-01T13:34:45.373+0000] {logging_mixin.py:188} INFO - [2026-05-01T13:34:45.372+0000] {dagbag.py:545} INFO - Filling up the DagBag from /home/airflow/.local/lib/python3.12/site-packages/airflow/example_dags/tutorial_dag.py
[2026-05-01T13:34:45.389+0000] {processor.py:840} INFO - DAG(s) 'tutorial_dag' retrieved from /home/airflow/.local/lib/python3.12/site-packages/airflow/example_dags/tutorial_dag.py
[2026-05-01T13:34:45.425+0000] {logging_mixin.py:188} INFO - [2026-05-01T13:34:45.425+0000] {dag.py:3089} INFO - Sync 1 DAGs
[2026-05-01T13:34:45.451+0000] {logging_mixin.py:188} INFO - [2026-05-01T13:34:45.450+0000] {dag.py:3947} INFO - Setting next_dagrun for tutorial_dag to None, run_after=None
[2026-05-01T13:34:45.483+0000] {processor.py:183} INFO - Processing /home/airflow/.local/lib/python3.12/site-packages/airflow/example_dags/tutorial_dag.py took 0.134 seconds
[2026-05-01T13:35:16.061+0000] {processor.py:161} INFO - Started process (PID=1250) to work on /home/airflow/.local/lib/python3.12/site-packages/airflow/example_dags/tutorial_dag.py
[2026-05-01T13:35:16.064+0000] {processor.py:830} INFO - Processing file /home/airflow/.local/lib/python3.12/site-packages/airflow/example_dags/tutorial_dag.py for tasks to queue
[2026-05-01T13:35:16.073+0000] {logging_mixin.py:188} INFO - [2026-05-01T13:35:16.067+0000] {dagbag.py:545} INFO - Filling up the DagBag from /home/airflow/.local/lib/python3.12/site-packages/airflow/example_dags/tutorial_dag.py
[2026-05-01T13:35:16.085+0000] {processor.py:840} INFO - DAG(s) 'tutorial_dag' retrieved from /home/airflow/.local/lib/python3.12/site-packages/airflow/example_dags/tutorial_dag.py
[2026-05-01T13:35:16.114+0000] {logging_mixin.py:188} INFO - [2026-05-01T13:35:16.113+0000] {dag.py:3089} INFO - Sync 1 DAGs
[2026-05-01T13:35:16.134+0000] {logging_mixin.py:188} INFO - [2026-05-01T13:35:16.134+0000] {dag.py:3947} INFO - Setting next_dagrun for tutorial_dag to None, run_after=None
[2026-05-01T13:35:16.160+0000] {processor.py:183} INFO - Processing /home/airflow/.local/lib/python3.12/site-packages/airflow/example_dags/tutorial_dag.py took 0.111 seconds
[2026-05-01T13:35:46.618+0000] {processor.py:161} INFO - Started process (PID=1306) to work on /home/airflow/.local/lib/python3.12/site-packages/airflow/example_dags/tutorial_dag.py
[2026-05-01T13:35:46.621+0000] {processor.py:830} INFO - Processing file /home/airflow/.local/lib/python3.12/site-packages/airflow/example_dags/tutorial_dag.py for tasks to queue
[2026-05-01T13:35:46.626+0000] {logging_mixin.py:188} INFO - [2026-05-01T13:35:46.625+0000] {dagbag.py:545} INFO - Filling up the DagBag from /home/airflow/.local/lib/python3.12/site-packages/airflow/example_dags/tutorial_dag.py
[2026-05-01T13:35:46.640+0000] {processor.py:840} INFO - DAG(s) 'tutorial_dag' retrieved from /home/airflow/.local/lib/python3.12/site-packages/airflow/example_dags/tutorial_dag.py
[2026-05-01T13:35:46.692+0000] {logging_mixin.py:188} INFO - [2026-05-01T13:35:46.691+0000] {dag.py:3089} INFO - Sync 1 DAGs
[2026-05-01T13:35:46.725+0000] {logging_mixin.py:188} INFO - [2026-05-01T13:35:46.725+0000] {dag.py:3947} INFO - Setting next_dagrun for tutorial_dag to None, run_after=None
[2026-05-01T13:35:46.765+0000] {processor.py:183} INFO - Processing /home/airflow/.local/lib/python3.12/site-packages/airflow/example_dags/tutorial_dag.py took 0.170 seconds
[2026-05-01T13:36:16.879+0000] {processor.py:161} INFO - Started process (PID=1364) to work on /home/airflow/.local/lib/python3.12/site-packages/airflow/example_dags/tutorial_dag.py
[2026-05-01T13:36:16.882+0000] {processor.py:830} INFO - Processing file /home/airflow/.local/lib/python3.12/site-packages/airflow/example_dags/tutorial_dag.py for tasks to queue
[2026-05-01T13:36:16.887+0000] {logging_mixin.py:188} INFO - [2026-05-01T13:36:16.886+0000] {dagbag.py:545} INFO - Filling up the DagBag from /home/airflow/.local/lib/python3.12/site-packages/airflow/example_dags/tutorial_dag.py
[2026-05-01T13:36:16.902+0000] {processor.py:840} INFO - DAG(s) 'tutorial_dag' retrieved from /home/airflow/.local/lib/python3.12/site-packages/airflow/example_dags/tutorial_dag.py
[2026-05-01T13:36:16.959+0000] {logging_mixin.py:188} INFO - [2026-05-01T13:36:16.959+0000] {dag.py:3089} INFO - Sync 1 DAGs
[2026-05-01T13:36:16.986+0000] {logging_mixin.py:188} INFO - [2026-05-01T13:36:16.985+0000] {dag.py:3947} INFO - Setting next_dagrun for tutorial_dag to None, run_after=None
[2026-05-01T13:36:17.062+0000] {processor.py:183} INFO - Processing /home/airflow/.local/lib/python3.12/site-packages/airflow/example_dags/tutorial_dag.py took 0.193 seconds
[2026-05-01T13:36:47.488+0000] {processor.py:161} INFO - Started process (PID=1422) to work on /home/airflow/.local/lib/python3.12/site-packages/airflow/example_dags/tutorial_dag.py
[2026-05-01T13:36:47.490+0000] {processor.py:830} INFO - Processing file /home/airflow/.local/lib/python3.12/site-packages/airflow/example_dags/tutorial_dag.py for tasks to queue
[2026-05-01T13:36:47.500+0000] {logging_mixin.py:188} INFO - [2026-05-01T13:36:47.498+0000] {dagbag.py:545} INFO - Filling up the DagBag from /home/airflow/.local/lib/python3.12/site-packages/airflow/example_dags/tutorial_dag.py
[2026-05-01T13:36:47.510+0000] {processor.py:840} INFO - DAG(s) 'tutorial_dag' retrieved from /home/airflow/.local/lib/python3.12/site-packages/airflow/example_dags/tutorial_dag.py
[2026-05-01T13:36:47.545+0000] {logging_mixin.py:188} INFO - [2026-05-01T13:36:47.544+0000] {dag.py:3089} INFO - Sync 1 DAGs
[2026-05-01T13:36:47.568+0000] {logging_mixin.py:188} INFO - [2026-05-01T13:36:47.568+0000] {dag.py:3947} INFO - Setting next_dagrun for tutorial_dag to None, run_after=None
[2026-05-01T13:36:47.600+0000] {processor.py:183} INFO - Processing /home/airflow/.local/lib/python3.12/site-packages/airflow/example_dags/tutorial_dag.py took 0.121 seconds
[2026-05-01T13:37:18.489+0000] {processor.py:161} INFO - Started process (PID=1479) to work on /home/airflow/.local/lib/python3.12/site-packages/airflow/example_dags/tutorial_dag.py
[2026-05-01T13:37:18.497+0000] {processor.py:830} INFO - Processing file /home/airflow/.local/lib/python3.12/site-packages/airflow/example_dags/tutorial_dag.py for tasks to queue
[2026-05-01T13:37:18.507+0000] {logging_mixin.py:188} INFO - [2026-05-01T13:37:18.506+0000] {dagbag.py:545} INFO - Filling up the DagBag from /home/airflow/.local/lib/python3.12/site-packages/airflow/example_dags/tutorial_dag.py
[2026-05-01T13:37:18.526+0000] {processor.py:840} INFO - DAG(s) 'tutorial_dag' retrieved from /home/airflow/.local/lib/python3.12/site-packages/airflow/example_dags/tutorial_dag.py
[2026-05-01T13:37:18.561+0000] {logging_mixin.py:188} INFO - [2026-05-01T13:37:18.561+0000] {dag.py:3089} INFO - Sync 1 DAGs
[2026-05-01T13:37:18.589+0000] {logging_mixin.py:188} INFO - [2026-05-01T13:37:18.589+0000] {dag.py:3947} INFO - Setting next_dagrun for tutorial_dag to None, run_after=None
[2026-05-01T13:37:18.614+0000] {processor.py:183} INFO - Processing /home/airflow/.local/lib/python3.12/site-packages/airflow/example_dags/tutorial_dag.py took 0.146 seconds
[2026-05-01T13:37:48.990+0000] {processor.py:161} INFO - Started process (PID=1536) to work on /home/airflow/.local/lib/python3.12/site-packages/airflow/example_dags/tutorial_dag.py
[2026-05-01T13:37:48.999+0000] {processor.py:830} INFO - Processing file /home/airflow/.local/lib/python3.12/site-packages/airflow/example_dags/tutorial_dag.py for tasks to queue
[2026-05-01T13:37:49.014+0000] {logging_mixin.py:188} INFO - [2026-05-01T13:37:49.013+0000] {dagbag.py:545} INFO - Filling up the DagBag from /home/airflow/.local/lib/python3.12/site-packages/airflow/example_dags/tutorial_dag.py
[2026-05-01T13:37:49.032+0000] {processor.py:840} INFO - DAG(s) 'tutorial_dag' retrieved from /home/airflow/.local/lib/python3.12/site-packages/airflow/example_dags/tutorial_dag.py
[2026-05-01T13:37:49.071+0000] {logging_mixin.py:188} INFO - [2026-05-01T13:37:49.070+0000] {dag.py:3089} INFO - Sync 1 DAGs
[2026-05-01T13:37:49.095+0000] {logging_mixin.py:188} INFO - [2026-05-01T13:37:49.094+0000] {dag.py:3947} INFO - Setting next_dagrun for tutorial_dag to None, run_after=None
[2026-05-01T13:37:49.134+0000] {processor.py:183} INFO - Processing /home/airflow/.local/lib/python3.12/site-packages/airflow/example_dags/tutorial_dag.py took 0.183 seconds
[2026-05-01T13:38:19.510+0000] {processor.py:161} INFO - Started process (PID=1594) to work on /home/airflow/.local/lib/python3.12/site-packages/airflow/example_dags/tutorial_dag.py
[2026-05-01T13:38:19.521+0000] {processor.py:830} INFO - Processing file /home/airflow/.local/lib/python3.12/site-packages/airflow/example_dags/tutorial_dag.py for tasks to queue
[2026-05-01T13:38:19.594+0000] {logging_mixin.py:188} INFO - [2026-05-01T13:38:19.594+0000] {dagbag.py:545} INFO - Filling up the DagBag from /home/airflow/.local/lib/python3.12/site-packages/airflow/example_dags/tutorial_dag.py
[2026-05-01T13:38:19.661+0000] {processor.py:840} INFO - DAG(s) 'tutorial_dag' retrieved from /home/airflow/.local/lib/python3.12/site-packages/airflow/example_dags/tutorial_dag.py
[2026-05-01T13:38:19.774+0000] {logging_mixin.py:188} INFO - [2026-05-01T13:38:19.774+0000] {dag.py:3089} INFO - Sync 1 DAGs
[2026-05-01T13:38:19.828+0000] {logging_mixin.py:188} INFO - [2026-05-01T13:38:19.827+0000] {dag.py:3947} INFO - Setting next_dagrun for tutorial_dag to None, run_after=None
[2026-05-01T13:38:19.901+0000] {processor.py:183} INFO - Processing /home/airflow/.local/lib/python3.12/site-packages/airflow/example_dags/tutorial_dag.py took 0.429 seconds
[2026-05-01T13:38:50.063+0000] {processor.py:161} INFO - Started process (PID=1652) to work on /home/airflow/.local/lib/python3.12/site-packages/airflow/example_dags/tutorial_dag.py
[2026-05-01T13:38:50.067+0000] {processor.py:830} INFO - Processing file /home/airflow/.local/lib/python3.12/site-packages/airflow/example_dags/tutorial_dag.py for tasks to queue
[2026-05-01T13:38:50.071+0000] {logging_mixin.py:188} INFO - [2026-05-01T13:38:50.071+0000] {dagbag.py:545} INFO - Filling up the DagBag from /home/airflow/.local/lib/python3.12/site-packages/airflow/example_dags/tutorial_dag.py
[2026-05-01T13:38:50.080+0000] {processor.py:840} INFO - DAG(s) 'tutorial_dag' retrieved from /home/airflow/.local/lib/python3.12/site-packages/airflow/example_dags/tutorial_dag.py
[2026-05-01T13:38:50.128+0000] {logging_mixin.py:188} INFO - [2026-05-01T13:38:50.127+0000] {dag.py:3089} INFO - Sync 1 DAGs
[2026-05-01T13:38:50.169+0000] {logging_mixin.py:188} INFO - [2026-05-01T13:38:50.169+0000] {dag.py:3947} INFO - Setting next_dagrun for tutorial_dag to None, run_after=None
[2026-05-01T13:38:50.205+0000] {processor.py:183} INFO - Processing /home/airflow/.local/lib/python3.12/site-packages/airflow/example_dags/tutorial_dag.py took 0.154 seconds
[2026-05-01T13:39:21.529+0000] {processor.py:161} INFO - Started process (PID=1710) to work on /home/airflow/.local/lib/python3.12/site-packages/airflow/example_dags/tutorial_dag.py
[2026-05-01T13:39:21.532+0000] {processor.py:830} INFO - Processing file /home/airflow/.local/lib/python3.12/site-packages/airflow/example_dags/tutorial_dag.py for tasks to queue
[2026-05-01T13:39:21.537+0000] {logging_mixin.py:188} INFO - [2026-05-01T13:39:21.537+0000] {dagbag.py:545} INFO - Filling up the DagBag from /home/airflow/.local/lib/python3.12/site-packages/airflow/example_dags/tutorial_dag.py
[2026-05-01T13:39:21.548+0000] {processor.py:840} INFO - DAG(s) 'tutorial_dag' retrieved from /home/airflow/.local/lib/python3.12/site-packages/airflow/example_dags/tutorial_dag.py
[2026-05-01T13:39:21.578+0000] {logging_mixin.py:188} INFO - [2026-05-01T13:39:21.578+0000] {dag.py:3089} INFO - Sync 1 DAGs
[2026-05-01T13:39:21.784+0000] {logging_mixin.py:188} INFO - [2026-05-01T13:39:21.784+0000] {dag.py:3947} INFO - Setting next_dagrun for tutorial_dag to None, run_after=None
[2026-05-01T13:39:21.815+0000] {processor.py:183} INFO - Processing /home/airflow/.local/lib/python3.12/site-packages/airflow/example_dags/tutorial_dag.py took 0.297 seconds
[2026-05-01T13:39:52.194+0000] {processor.py:161} INFO - Started process (PID=1768) to work on /home/airflow/.local/lib/python3.12/site-packages/airflow/example_dags/tutorial_dag.py
[2026-05-01T13:39:52.199+0000] {processor.py:830} INFO - Processing file /home/airflow/.local/lib/python3.12/site-packages/airflow/example_dags/tutorial_dag.py for tasks to queue
[2026-05-01T13:39:52.207+0000] {logging_mixin.py:188} INFO - [2026-05-01T13:39:52.207+0000] {dagbag.py:545} INFO - Filling up the DagBag from /home/airflow/.local/lib/python3.12/site-packages/airflow/example_dags/tutorial_dag.py
[2026-05-01T13:39:52.227+0000] {processor.py:840} INFO - DAG(s) 'tutorial_dag' retrieved from /home/airflow/.local/lib/python3.12/site-packages/airflow/example_dags/tutorial_dag.py
[2026-05-01T13:39:52.388+0000] {logging_mixin.py:188} INFO - [2026-05-01T13:39:52.388+0000] {dag.py:3089} INFO - Sync 1 DAGs
[2026-05-01T13:39:52.429+0000] {logging_mixin.py:188} INFO - [2026-05-01T13:39:52.429+0000] {dag.py:3947} INFO - Setting next_dagrun for tutorial_dag to None, run_after=None
[2026-05-01T13:39:52.841+0000] {processor.py:183} INFO - Processing /home/airflow/.local/lib/python3.12/site-packages/airflow/example_dags/tutorial_dag.py took 0.662 seconds
[2026-05-01T13:42:44.619+0000] {processor.py:161} INFO - Started process (PID=68) to work on /home/airflow/.local/lib/python3.12/site-packages/airflow/example_dags/tutorial_dag.py
[2026-05-01T13:42:44.623+0000] {processor.py:830} INFO - Processing file /home/airflow/.local/lib/python3.12/site-packages/airflow/example_dags/tutorial_dag.py for tasks to queue
[2026-05-01T13:42:44.645+0000] {logging_mixin.py:188} INFO - [2026-05-01T13:42:44.644+0000] {dagbag.py:545} INFO - Filling up the DagBag from /home/airflow/.local/lib/python3.12/site-packages/airflow/example_dags/tutorial_dag.py
[2026-05-01T13:42:44.681+0000] {processor.py:840} INFO - DAG(s) 'tutorial_dag' retrieved from /home/airflow/.local/lib/python3.12/site-packages/airflow/example_dags/tutorial_dag.py
[2026-05-01T13:42:45.868+0000] {logging_mixin.py:188} INFO - [2026-05-01T13:42:45.867+0000] {dag.py:3089} INFO - Sync 1 DAGs
[2026-05-01T13:42:45.938+0000] {logging_mixin.py:188} INFO - [2026-05-01T13:42:45.927+0000] {dag.py:3947} INFO - Setting next_dagrun for tutorial_dag to None, run_after=None
[2026-05-01T13:42:46.028+0000] {processor.py:183} INFO - Processing /home/airflow/.local/lib/python3.12/site-packages/airflow/example_dags/tutorial_dag.py took 1.460 seconds
[2026-05-01T13:43:20.268+0000] {processor.py:161} INFO - Started process (PID=132) to work on /home/airflow/.local/lib/python3.12/site-packages/airflow/example_dags/tutorial_dag.py
[2026-05-01T13:43:20.292+0000] {processor.py:830} INFO - Processing file /home/airflow/.local/lib/python3.12/site-packages/airflow/example_dags/tutorial_dag.py for tasks to queue
[2026-05-01T13:43:20.310+0000] {logging_mixin.py:188} INFO - [2026-05-01T13:43:20.308+0000] {dagbag.py:545} INFO - Filling up the DagBag from /home/airflow/.local/lib/python3.12/site-packages/airflow/example_dags/tutorial_dag.py
[2026-05-01T13:43:20.388+0000] {processor.py:840} INFO - DAG(s) 'tutorial_dag' retrieved from /home/airflow/.local/lib/python3.12/site-packages/airflow/example_dags/tutorial_dag.py
[2026-05-01T13:43:20.800+0000] {logging_mixin.py:188} INFO - [2026-05-01T13:43:20.799+0000] {dag.py:3089} INFO - Sync 1 DAGs
[2026-05-01T13:43:20.952+0000] {logging_mixin.py:188} INFO - [2026-05-01T13:43:20.952+0000] {dag.py:3947} INFO - Setting next_dagrun for tutorial_dag to None, run_after=None
[2026-05-01T13:43:21.237+0000] {processor.py:183} INFO - Processing /home/airflow/.local/lib/python3.12/site-packages/airflow/example_dags/tutorial_dag.py took 1.043 seconds
[2026-05-01T13:43:52.038+0000] {processor.py:161} INFO - Started process (PID=190) to work on /home/airflow/.local/lib/python3.12/site-packages/airflow/example_dags/tutorial_dag.py
[2026-05-01T13:43:52.043+0000] {processor.py:830} INFO - Processing file /home/airflow/.local/lib/python3.12/site-packages/airflow/example_dags/tutorial_dag.py for tasks to queue
[2026-05-01T13:43:52.062+0000] {logging_mixin.py:188} INFO - [2026-05-01T13:43:52.059+0000] {dagbag.py:545} INFO - Filling up the DagBag from /home/airflow/.local/lib/python3.12/site-packages/airflow/example_dags/tutorial_dag.py
[2026-05-01T13:43:52.113+0000] {processor.py:840} INFO - DAG(s) 'tutorial_dag' retrieved from /home/airflow/.local/lib/python3.12/site-packages/airflow/example_dags/tutorial_dag.py
[2026-05-01T13:43:52.236+0000] {logging_mixin.py:188} INFO - [2026-05-01T13:43:52.230+0000] {dag.py:3089} INFO - Sync 1 DAGs
[2026-05-01T13:43:52.375+0000] {logging_mixin.py:188} INFO - [2026-05-01T13:43:52.374+0000] {dag.py:3947} INFO - Setting next_dagrun for tutorial_dag to None, run_after=None
[2026-05-01T13:43:52.455+0000] {processor.py:183} INFO - Processing /home/airflow/.local/lib/python3.12/site-packages/airflow/example_dags/tutorial_dag.py took 0.517 seconds
[2026-05-01T13:44:23.185+0000] {processor.py:161} INFO - Started process (PID=247) to work on /home/airflow/.local/lib/python3.12/site-packages/airflow/example_dags/tutorial_dag.py
[2026-05-01T13:44:23.193+0000] {processor.py:830} INFO - Processing file /home/airflow/.local/lib/python3.12/site-packages/airflow/example_dags/tutorial_dag.py for tasks to queue
[2026-05-01T13:44:23.199+0000] {logging_mixin.py:188} INFO - [2026-05-01T13:44:23.198+0000] {dagbag.py:545} INFO - Filling up the DagBag from /home/airflow/.local/lib/python3.12/site-packages/airflow/example_dags/tutorial_dag.py
[2026-05-01T13:44:23.213+0000] {processor.py:840} INFO - DAG(s) 'tutorial_dag' retrieved from /home/airflow/.local/lib/python3.12/site-packages/airflow/example_dags/tutorial_dag.py
[2026-05-01T13:44:23.254+0000] {logging_mixin.py:188} INFO - [2026-05-01T13:44:23.254+0000] {dag.py:3089} INFO - Sync 1 DAGs
[2026-05-01T13:44:23.285+0000] {logging_mixin.py:188} INFO - [2026-05-01T13:44:23.285+0000] {dag.py:3947} INFO - Setting next_dagrun for tutorial_dag to None, run_after=None
[2026-05-01T13:44:23.330+0000] {processor.py:183} INFO - Processing /home/airflow/.local/lib/python3.12/site-packages/airflow/example_dags/tutorial_dag.py took 0.165 seconds
[2026-05-01T13:44:53.906+0000] {processor.py:161} INFO - Started process (PID=305) to work on /home/airflow/.local/lib/python3.12/site-packages/airflow/example_dags/tutorial_dag.py
[2026-05-01T13:44:53.912+0000] {processor.py:830} INFO - Processing file /home/airflow/.local/lib/python3.12/site-packages/airflow/example_dags/tutorial_dag.py for tasks to queue
[2026-05-01T13:44:53.921+0000] {logging_mixin.py:188} INFO - [2026-05-01T13:44:53.920+0000] {dagbag.py:545} INFO - Filling up the DagBag from /home/airflow/.local/lib/python3.12/site-packages/airflow/example_dags/tutorial_dag.py
[2026-05-01T13:44:53.946+0000] {processor.py:840} INFO - DAG(s) 'tutorial_dag' retrieved from /home/airflow/.local/lib/python3.12/site-packages/airflow/example_dags/tutorial_dag.py
[2026-05-01T13:44:53.995+0000] {logging_mixin.py:188} INFO - [2026-05-01T13:44:53.995+0000] {dag.py:3089} INFO - Sync 1 DAGs
[2026-05-01T13:44:54.029+0000] {logging_mixin.py:188} INFO - [2026-05-01T13:44:54.029+0000] {dag.py:3947} INFO - Setting next_dagrun for tutorial_dag to None, run_after=None
[2026-05-01T13:44:54.096+0000] {processor.py:183} INFO - Processing /home/airflow/.local/lib/python3.12/site-packages/airflow/example_dags/tutorial_dag.py took 0.215 seconds
[2026-05-01T13:45:24.610+0000] {processor.py:161} INFO - Started process (PID=363) to work on /home/airflow/.local/lib/python3.12/site-packages/airflow/example_dags/tutorial_dag.py
[2026-05-01T13:45:24.616+0000] {processor.py:830} INFO - Processing file /home/airflow/.local/lib/python3.12/site-packages/airflow/example_dags/tutorial_dag.py for tasks to queue
[2026-05-01T13:45:24.623+0000] {logging_mixin.py:188} INFO - [2026-05-01T13:45:24.623+0000] {dagbag.py:545} INFO - Filling up the DagBag from /home/airflow/.local/lib/python3.12/site-packages/airflow/example_dags/tutorial_dag.py
[2026-05-01T13:45:24.641+0000] {processor.py:840} INFO - DAG(s) 'tutorial_dag' retrieved from /home/airflow/.local/lib/python3.12/site-packages/airflow/example_dags/tutorial_dag.py
[2026-05-01T13:45:24.695+0000] {logging_mixin.py:188} INFO - [2026-05-01T13:45:24.695+0000] {dag.py:3089} INFO - Sync 1 DAGs
[2026-05-01T13:45:24.725+0000] {logging_mixin.py:188} INFO - [2026-05-01T13:45:24.724+0000] {dag.py:3947} INFO - Setting next_dagrun for tutorial_dag to None, run_after=None
[2026-05-01T13:45:24.788+0000] {processor.py:183} INFO - Processing /home/airflow/.local/lib/python3.12/site-packages/airflow/example_dags/tutorial_dag.py took 0.197 seconds
[2026-05-01T13:45:55.276+0000] {processor.py:161} INFO - Started process (PID=421) to work on /home/airflow/.local/lib/python3.12/site-packages/airflow/example_dags/tutorial_dag.py
[2026-05-01T13:45:55.279+0000] {processor.py:830} INFO - Processing file /home/airflow/.local/lib/python3.12/site-packages/airflow/example_dags/tutorial_dag.py for tasks to queue
[2026-05-01T13:45:55.284+0000] {logging_mixin.py:188} INFO - [2026-05-01T13:45:55.283+0000] {dagbag.py:545} INFO - Filling up the DagBag from /home/airflow/.local/lib/python3.12/site-packages/airflow/example_dags/tutorial_dag.py
[2026-05-01T13:45:55.295+0000] {processor.py:840} INFO - DAG(s) 'tutorial_dag' retrieved from /home/airflow/.local/lib/python3.12/site-packages/airflow/example_dags/tutorial_dag.py
[2026-05-01T13:45:55.321+0000] {logging_mixin.py:188} INFO - [2026-05-01T13:45:55.321+0000] {dag.py:3089} INFO - Sync 1 DAGs
[2026-05-01T13:45:55.342+0000] {logging_mixin.py:188} INFO - [2026-05-01T13:45:55.341+0000] {dag.py:3947} INFO - Setting next_dagrun for tutorial_dag to None, run_after=None
[2026-05-01T13:45:55.373+0000] {processor.py:183} INFO - Processing /home/airflow/.local/lib/python3.12/site-packages/airflow/example_dags/tutorial_dag.py took 0.106 seconds
[2026-05-01T13:46:26.227+0000] {processor.py:161} INFO - Started process (PID=479) to work on /home/airflow/.local/lib/python3.12/site-packages/airflow/example_dags/tutorial_dag.py
[2026-05-01T13:46:26.229+0000] {processor.py:830} INFO - Processing file /home/airflow/.local/lib/python3.12/site-packages/airflow/example_dags/tutorial_dag.py for tasks to queue
[2026-05-01T13:46:26.235+0000] {logging_mixin.py:188} INFO - [2026-05-01T13:46:26.234+0000] {dagbag.py:545} INFO - Filling up the DagBag from /home/airflow/.local/lib/python3.12/site-packages/airflow/example_dags/tutorial_dag.py
[2026-05-01T13:46:26.247+0000] {processor.py:840} INFO - DAG(s) 'tutorial_dag' retrieved from /home/airflow/.local/lib/python3.12/site-packages/airflow/example_dags/tutorial_dag.py
[2026-05-01T13:46:26.278+0000] {logging_mixin.py:188} INFO - [2026-05-01T13:46:26.278+0000] {dag.py:3089} INFO - Sync 1 DAGs
[2026-05-01T13:46:26.303+0000] {logging_mixin.py:188} INFO - [2026-05-01T13:46:26.302+0000] {dag.py:3947} INFO - Setting next_dagrun for tutorial_dag to None, run_after=None
[2026-05-01T13:46:26.353+0000] {processor.py:183} INFO - Processing /home/airflow/.local/lib/python3.12/site-packages/airflow/example_dags/tutorial_dag.py took 0.140 seconds
[2026-05-01T13:46:57.239+0000] {processor.py:161} INFO - Started process (PID=537) to work on /home/airflow/.local/lib/python3.12/site-packages/airflow/example_dags/tutorial_dag.py
[2026-05-01T13:46:57.366+0000] {processor.py:830} INFO - Processing file /home/airflow/.local/lib/python3.12/site-packages/airflow/example_dags/tutorial_dag.py for tasks to queue
[2026-05-01T13:46:57.395+0000] {logging_mixin.py:188} INFO - [2026-05-01T13:46:57.389+0000] {dagbag.py:545} INFO - Filling up the DagBag from /home/airflow/.local/lib/python3.12/site-packages/airflow/example_dags/tutorial_dag.py
[2026-05-01T13:46:57.454+0000] {processor.py:840} INFO - DAG(s) 'tutorial_dag' retrieved from /home/airflow/.local/lib/python3.12/site-packages/airflow/example_dags/tutorial_dag.py
[2026-05-01T13:46:57.792+0000] {logging_mixin.py:188} INFO - [2026-05-01T13:46:57.791+0000] {dag.py:3089} INFO - Sync 1 DAGs
[2026-05-01T13:46:57.860+0000] {logging_mixin.py:188} INFO - [2026-05-01T13:46:57.860+0000] {dag.py:3947} INFO - Setting next_dagrun for tutorial_dag to None, run_after=None
[2026-05-01T13:46:57.953+0000] {processor.py:183} INFO - Processing /home/airflow/.local/lib/python3.12/site-packages/airflow/example_dags/tutorial_dag.py took 0.833 seconds
[2026-05-01T13:47:28.334+0000] {processor.py:161} INFO - Started process (PID=595) to work on /home/airflow/.local/lib/python3.12/site-packages/airflow/example_dags/tutorial_dag.py
[2026-05-01T13:47:28.339+0000] {processor.py:830} INFO - Processing file /home/airflow/.local/lib/python3.12/site-packages/airflow/example_dags/tutorial_dag.py for tasks to queue
[2026-05-01T13:47:28.350+0000] {logging_mixin.py:188} INFO - [2026-05-01T13:47:28.349+0000] {dagbag.py:545} INFO - Filling up the DagBag from /home/airflow/.local/lib/python3.12/site-packages/airflow/example_dags/tutorial_dag.py
[2026-05-01T13:47:28.358+0000] {processor.py:840} INFO - DAG(s) 'tutorial_dag' retrieved from /home/airflow/.local/lib/python3.12/site-packages/airflow/example_dags/tutorial_dag.py
[2026-05-01T13:47:28.402+0000] {logging_mixin.py:188} INFO - [2026-05-01T13:47:28.398+0000] {dag.py:3089} INFO - Sync 1 DAGs
[2026-05-01T13:47:28.453+0000] {logging_mixin.py:188} INFO - [2026-05-01T13:47:28.453+0000] {dag.py:3947} INFO - Setting next_dagrun for tutorial_dag to None, run_after=None
[2026-05-01T13:47:28.510+0000] {processor.py:183} INFO - Processing /home/airflow/.local/lib/python3.12/site-packages/airflow/example_dags/tutorial_dag.py took 0.197 seconds
[2026-05-01T13:47:59.239+0000] {processor.py:161} INFO - Started process (PID=652) to work on /home/airflow/.local/lib/python3.12/site-packages/airflow/example_dags/tutorial_dag.py
[2026-05-01T13:47:59.242+0000] {processor.py:830} INFO - Processing file /home/airflow/.local/lib/python3.12/site-packages/airflow/example_dags/tutorial_dag.py for tasks to queue
[2026-05-01T13:47:59.250+0000] {logging_mixin.py:188} INFO - [2026-05-01T13:47:59.249+0000] {dagbag.py:545} INFO - Filling up the DagBag from /home/airflow/.local/lib/python3.12/site-packages/airflow/example_dags/tutorial_dag.py
[2026-05-01T13:47:59.261+0000] {processor.py:840} INFO - DAG(s) 'tutorial_dag' retrieved from /home/airflow/.local/lib/python3.12/site-packages/airflow/example_dags/tutorial_dag.py
[2026-05-01T13:47:59.299+0000] {logging_mixin.py:188} INFO - [2026-05-01T13:47:59.299+0000] {dag.py:3089} INFO - Sync 1 DAGs
[2026-05-01T13:47:59.328+0000] {logging_mixin.py:188} INFO - [2026-05-01T13:47:59.327+0000] {dag.py:3947} INFO - Setting next_dagrun for tutorial_dag to None, run_after=None
[2026-05-01T13:47:59.366+0000] {processor.py:183} INFO - Processing /home/airflow/.local/lib/python3.12/site-packages/airflow/example_dags/tutorial_dag.py took 0.141 seconds
[2026-05-01T13:48:29.896+0000] {processor.py:161} INFO - Started process (PID=709) to work on /home/airflow/.local/lib/python3.12/site-packages/airflow/example_dags/tutorial_dag.py
[2026-05-01T13:48:29.898+0000] {processor.py:830} INFO - Processing file /home/airflow/.local/lib/python3.12/site-packages/airflow/example_dags/tutorial_dag.py for tasks to queue
[2026-05-01T13:48:29.903+0000] {logging_mixin.py:188} INFO - [2026-05-01T13:48:29.902+0000] {dagbag.py:545} INFO - Filling up the DagBag from /home/airflow/.local/lib/python3.12/site-packages/airflow/example_dags/tutorial_dag.py
[2026-05-01T13:48:29.925+0000] {processor.py:840} INFO - DAG(s) 'tutorial_dag' retrieved from /home/airflow/.local/lib/python3.12/site-packages/airflow/example_dags/tutorial_dag.py
[2026-05-01T13:48:29.964+0000] {logging_mixin.py:188} INFO - [2026-05-01T13:48:29.963+0000] {dag.py:3089} INFO - Sync 1 DAGs
[2026-05-01T13:48:29.985+0000] {logging_mixin.py:188} INFO - [2026-05-01T13:48:29.984+0000] {dag.py:3947} INFO - Setting next_dagrun for tutorial_dag to None, run_after=None
[2026-05-01T13:48:30.022+0000] {processor.py:183} INFO - Processing /home/airflow/.local/lib/python3.12/site-packages/airflow/example_dags/tutorial_dag.py took 0.138 seconds
[2026-05-01T13:49:00.494+0000] {processor.py:161} INFO - Started process (PID=767) to work on /home/airflow/.local/lib/python3.12/site-packages/airflow/example_dags/tutorial_dag.py
[2026-05-01T13:49:00.497+0000] {processor.py:830} INFO - Processing file /home/airflow/.local/lib/python3.12/site-packages/airflow/example_dags/tutorial_dag.py for tasks to queue
[2026-05-01T13:49:00.502+0000] {logging_mixin.py:188} INFO - [2026-05-01T13:49:00.501+0000] {dagbag.py:545} INFO - Filling up the DagBag from /home/airflow/.local/lib/python3.12/site-packages/airflow/example_dags/tutorial_dag.py
[2026-05-01T13:49:00.514+0000] {processor.py:840} INFO - DAG(s) 'tutorial_dag' retrieved from /home/airflow/.local/lib/python3.12/site-packages/airflow/example_dags/tutorial_dag.py
[2026-05-01T13:49:00.542+0000] {logging_mixin.py:188} INFO - [2026-05-01T13:49:00.542+0000] {dag.py:3089} INFO - Sync 1 DAGs
[2026-05-01T13:49:00.567+0000] {logging_mixin.py:188} INFO - [2026-05-01T13:49:00.567+0000] {dag.py:3947} INFO - Setting next_dagrun for tutorial_dag to None, run_after=None
[2026-05-01T13:49:00.601+0000] {processor.py:183} INFO - Processing /home/airflow/.local/lib/python3.12/site-packages/airflow/example_dags/tutorial_dag.py took 0.118 seconds
[2026-05-01T13:49:30.777+0000] {processor.py:161} INFO - Started process (PID=825) to work on /home/airflow/.local/lib/python3.12/site-packages/airflow/example_dags/tutorial_dag.py
[2026-05-01T13:49:30.785+0000] {processor.py:830} INFO - Processing file /home/airflow/.local/lib/python3.12/site-packages/airflow/example_dags/tutorial_dag.py for tasks to queue
[2026-05-01T13:49:30.796+0000] {logging_mixin.py:188} INFO - [2026-05-01T13:49:30.794+0000] {dagbag.py:545} INFO - Filling up the DagBag from /home/airflow/.local/lib/python3.12/site-packages/airflow/example_dags/tutorial_dag.py
[2026-05-01T13:49:30.811+0000] {processor.py:840} INFO - DAG(s) 'tutorial_dag' retrieved from /home/airflow/.local/lib/python3.12/site-packages/airflow/example_dags/tutorial_dag.py
[2026-05-01T13:49:30.857+0000] {logging_mixin.py:188} INFO - [2026-05-01T13:49:30.857+0000] {dag.py:3089} INFO - Sync 1 DAGs
[2026-05-01T13:49:30.886+0000] {logging_mixin.py:188} INFO - [2026-05-01T13:49:30.886+0000] {dag.py:3947} INFO - Setting next_dagrun for tutorial_dag to None, run_after=None
[2026-05-01T13:49:30.923+0000] {processor.py:183} INFO - Processing /home/airflow/.local/lib/python3.12/site-packages/airflow/example_dags/tutorial_dag.py took 0.164 seconds
[2026-05-01T13:50:01.593+0000] {processor.py:161} INFO - Started process (PID=882) to work on /home/airflow/.local/lib/python3.12/site-packages/airflow/example_dags/tutorial_dag.py
[2026-05-01T13:50:01.597+0000] {processor.py:830} INFO - Processing file /home/airflow/.local/lib/python3.12/site-packages/airflow/example_dags/tutorial_dag.py for tasks to queue
[2026-05-01T13:50:01.609+0000] {logging_mixin.py:188} INFO - [2026-05-01T13:50:01.608+0000] {dagbag.py:545} INFO - Filling up the DagBag from /home/airflow/.local/lib/python3.12/site-packages/airflow/example_dags/tutorial_dag.py
[2026-05-01T13:50:01.627+0000] {processor.py:840} INFO - DAG(s) 'tutorial_dag' retrieved from /home/airflow/.local/lib/python3.12/site-packages/airflow/example_dags/tutorial_dag.py
[2026-05-01T13:50:01.742+0000] {logging_mixin.py:188} INFO - [2026-05-01T13:50:01.741+0000] {dag.py:3089} INFO - Sync 1 DAGs
[2026-05-01T13:50:01.862+0000] {logging_mixin.py:188} INFO - [2026-05-01T13:50:01.861+0000] {dag.py:3947} INFO - Setting next_dagrun for tutorial_dag to None, run_after=None
[2026-05-01T13:50:01.954+0000] {processor.py:183} INFO - Processing /home/airflow/.local/lib/python3.12/site-packages/airflow/example_dags/tutorial_dag.py took 0.381 seconds
[2026-05-01T13:50:32.594+0000] {processor.py:161} INFO - Started process (PID=939) to work on /home/airflow/.local/lib/python3.12/site-packages/airflow/example_dags/tutorial_dag.py
[2026-05-01T13:50:32.597+0000] {processor.py:830} INFO - Processing file /home/airflow/.local/lib/python3.12/site-packages/airflow/example_dags/tutorial_dag.py for tasks to queue
[2026-05-01T13:50:32.610+0000] {logging_mixin.py:188} INFO - [2026-05-01T13:50:32.608+0000] {dagbag.py:545} INFO - Filling up the DagBag from /home/airflow/.local/lib/python3.12/site-packages/airflow/example_dags/tutorial_dag.py
[2026-05-01T13:50:32.632+0000] {processor.py:840} INFO - DAG(s) 'tutorial_dag' retrieved from /home/airflow/.local/lib/python3.12/site-packages/airflow/example_dags/tutorial_dag.py
[2026-05-01T13:50:32.718+0000] {logging_mixin.py:188} INFO - [2026-05-01T13:50:32.717+0000] {dag.py:3089} INFO - Sync 1 DAGs
[2026-05-01T13:50:32.756+0000] {logging_mixin.py:188} INFO - [2026-05-01T13:50:32.755+0000] {dag.py:3947} INFO - Setting next_dagrun for tutorial_dag to None, run_after=None
[2026-05-01T13:50:32.819+0000] {processor.py:183} INFO - Processing /home/airflow/.local/lib/python3.12/site-packages/airflow/example_dags/tutorial_dag.py took 0.267 seconds
[2026-05-01T13:51:03.216+0000] {processor.py:161} INFO - Started process (PID=996) to work on /home/airflow/.local/lib/python3.12/site-packages/airflow/example_dags/tutorial_dag.py
[2026-05-01T13:51:03.220+0000] {processor.py:830} INFO - Processing file /home/airflow/.local/lib/python3.12/site-packages/airflow/example_dags/tutorial_dag.py for tasks to queue
[2026-05-01T13:51:03.236+0000] {logging_mixin.py:188} INFO - [2026-05-01T13:51:03.235+0000] {dagbag.py:545} INFO - Filling up the DagBag from /home/airflow/.local/lib/python3.12/site-packages/airflow/example_dags/tutorial_dag.py
[2026-05-01T13:51:03.255+0000] {processor.py:840} INFO - DAG(s) 'tutorial_dag' retrieved from /home/airflow/.local/lib/python3.12/site-packages/airflow/example_dags/tutorial_dag.py
[2026-05-01T13:51:03.318+0000] {logging_mixin.py:188} INFO - [2026-05-01T13:51:03.318+0000] {dag.py:3089} INFO - Sync 1 DAGs
[2026-05-01T13:51:03.361+0000] {logging_mixin.py:188} INFO - [2026-05-01T13:51:03.361+0000] {dag.py:3947} INFO - Setting next_dagrun for tutorial_dag to None, run_after=None
[2026-05-01T13:51:03.443+0000] {processor.py:183} INFO - Processing /home/airflow/.local/lib/python3.12/site-packages/airflow/example_dags/tutorial_dag.py took 0.284 seconds
[2026-05-01T13:51:34.731+0000] {processor.py:161} INFO - Started process (PID=1054) to work on /home/airflow/.local/lib/python3.12/site-packages/airflow/example_dags/tutorial_dag.py
[2026-05-01T13:51:34.743+0000] {processor.py:830} INFO - Processing file /home/airflow/.local/lib/python3.12/site-packages/airflow/example_dags/tutorial_dag.py for tasks to queue
[2026-05-01T13:51:34.753+0000] {logging_mixin.py:188} INFO - [2026-05-01T13:51:34.753+0000] {dagbag.py:545} INFO - Filling up the DagBag from /home/airflow/.local/lib/python3.12/site-packages/airflow/example_dags/tutorial_dag.py
[2026-05-01T13:51:34.779+0000] {processor.py:840} INFO - DAG(s) 'tutorial_dag' retrieved from /home/airflow/.local/lib/python3.12/site-packages/airflow/example_dags/tutorial_dag.py
[2026-05-01T13:51:34.878+0000] {logging_mixin.py:188} INFO - [2026-05-01T13:51:34.874+0000] {dag.py:3089} INFO - Sync 1 DAGs
[2026-05-01T13:51:34.945+0000] {logging_mixin.py:188} INFO - [2026-05-01T13:51:34.944+0000] {dag.py:3947} INFO - Setting next_dagrun for tutorial_dag to None, run_after=None
[2026-05-01T13:51:35.030+0000] {processor.py:183} INFO - Processing /home/airflow/.local/lib/python3.12/site-packages/airflow/example_dags/tutorial_dag.py took 0.337 seconds
[2026-05-01T13:52:05.804+0000] {processor.py:161} INFO - Started process (PID=1110) to work on /home/airflow/.local/lib/python3.12/site-packages/airflow/example_dags/tutorial_dag.py
[2026-05-01T13:52:05.807+0000] {processor.py:830} INFO - Processing file /home/airflow/.local/lib/python3.12/site-packages/airflow/example_dags/tutorial_dag.py for tasks to queue
[2026-05-01T13:52:05.816+0000] {logging_mixin.py:188} INFO - [2026-05-01T13:52:05.816+0000] {dagbag.py:545} INFO - Filling up the DagBag from /home/airflow/.local/lib/python3.12/site-packages/airflow/example_dags/tutorial_dag.py
[2026-05-01T13:52:05.826+0000] {processor.py:840} INFO - DAG(s) 'tutorial_dag' retrieved from /home/airflow/.local/lib/python3.12/site-packages/airflow/example_dags/tutorial_dag.py
[2026-05-01T13:52:05.858+0000] {logging_mixin.py:188} INFO - [2026-05-01T13:52:05.857+0000] {dag.py:3089} INFO - Sync 1 DAGs
[2026-05-01T13:52:05.885+0000] {logging_mixin.py:188} INFO - [2026-05-01T13:52:05.885+0000] {dag.py:3947} INFO - Setting next_dagrun for tutorial_dag to None, run_after=None
[2026-05-01T13:52:05.917+0000] {processor.py:183} INFO - Processing /home/airflow/.local/lib/python3.12/site-packages/airflow/example_dags/tutorial_dag.py took 0.124 seconds
[2026-05-01T13:52:36.139+0000] {processor.py:161} INFO - Started process (PID=1168) to work on /home/airflow/.local/lib/python3.12/site-packages/airflow/example_dags/tutorial_dag.py
[2026-05-01T13:52:36.142+0000] {processor.py:830} INFO - Processing file /home/airflow/.local/lib/python3.12/site-packages/airflow/example_dags/tutorial_dag.py for tasks to queue
[2026-05-01T13:52:36.147+0000] {logging_mixin.py:188} INFO - [2026-05-01T13:52:36.146+0000] {dagbag.py:545} INFO - Filling up the DagBag from /home/airflow/.local/lib/python3.12/site-packages/airflow/example_dags/tutorial_dag.py
[2026-05-01T13:52:36.165+0000] {processor.py:840} INFO - DAG(s) 'tutorial_dag' retrieved from /home/airflow/.local/lib/python3.12/site-packages/airflow/example_dags/tutorial_dag.py
[2026-05-01T13:52:36.197+0000] {logging_mixin.py:188} INFO - [2026-05-01T13:52:36.197+0000] {dag.py:3089} INFO - Sync 1 DAGs
[2026-05-01T13:52:36.217+0000] {logging_mixin.py:188} INFO - [2026-05-01T13:52:36.217+0000] {dag.py:3947} INFO - Setting next_dagrun for tutorial_dag to None, run_after=None
[2026-05-01T13:52:36.248+0000] {processor.py:183} INFO - Processing /home/airflow/.local/lib/python3.12/site-packages/airflow/example_dags/tutorial_dag.py took 0.122 seconds
[2026-05-01T13:53:07.159+0000] {processor.py:161} INFO - Started process (PID=1227) to work on /home/airflow/.local/lib/python3.12/site-packages/airflow/example_dags/tutorial_dag.py
[2026-05-01T13:53:07.162+0000] {processor.py:830} INFO - Processing file /home/airflow/.local/lib/python3.12/site-packages/airflow/example_dags/tutorial_dag.py for tasks to queue
[2026-05-01T13:53:07.167+0000] {logging_mixin.py:188} INFO - [2026-05-01T13:53:07.166+0000] {dagbag.py:545} INFO - Filling up the DagBag from /home/airflow/.local/lib/python3.12/site-packages/airflow/example_dags/tutorial_dag.py
[2026-05-01T13:53:07.180+0000] {processor.py:840} INFO - DAG(s) 'tutorial_dag' retrieved from /home/airflow/.local/lib/python3.12/site-packages/airflow/example_dags/tutorial_dag.py
[2026-05-01T13:53:07.226+0000] {logging_mixin.py:188} INFO - [2026-05-01T13:53:07.226+0000] {dag.py:3089} INFO - Sync 1 DAGs
[2026-05-01T13:53:07.268+0000] {logging_mixin.py:188} INFO - [2026-05-01T13:53:07.268+0000] {dag.py:3947} INFO - Setting next_dagrun for tutorial_dag to None, run_after=None
[2026-05-01T13:53:07.301+0000] {processor.py:183} INFO - Processing /home/airflow/.local/lib/python3.12/site-packages/airflow/example_dags/tutorial_dag.py took 0.152 seconds
