[2026-05-01T13:24:57.783+0000] {processor.py:161} INFO - Started process (PID=91) to work on /home/airflow/.local/lib/python3.12/site-packages/airflow/example_dags/tutorial.py
[2026-05-01T13:24:57.806+0000] {processor.py:830} INFO - Processing file /home/airflow/.local/lib/python3.12/site-packages/airflow/example_dags/tutorial.py for tasks to queue
[2026-05-01T13:24:57.856+0000] {logging_mixin.py:188} INFO - [2026-05-01T13:24:57.855+0000] {dagbag.py:545} INFO - Filling up the DagBag from /home/airflow/.local/lib/python3.12/site-packages/airflow/example_dags/tutorial.py
[2026-05-01T13:24:57.956+0000] {processor.py:840} INFO - DAG(s) 'tutorial' retrieved from /home/airflow/.local/lib/python3.12/site-packages/airflow/example_dags/tutorial.py
[2026-05-01T13:24:58.041+0000] {logging_mixin.py:188} INFO - [2026-05-01T13:24:58.041+0000] {dag.py:3089} INFO - Sync 1 DAGs
[2026-05-01T13:24:58.236+0000] {logging_mixin.py:188} INFO - [2026-05-01T13:24:58.236+0000] {dag.py:3111} INFO - Creating ORM DAG for tutorial
[2026-05-01T13:24:58.371+0000] {logging_mixin.py:188} INFO - [2026-05-01T13:24:58.370+0000] {dag.py:3947} INFO - Setting next_dagrun for tutorial to 2026-04-30 00:00:00+00:00, run_after=2026-05-01 00:00:00+00:00
[2026-05-01T13:24:58.526+0000] {processor.py:183} INFO - Processing /home/airflow/.local/lib/python3.12/site-packages/airflow/example_dags/tutorial.py took 0.917 seconds
[2026-05-01T13:25:35.844+0000] {processor.py:161} INFO - Started process (PID=149) to work on /home/airflow/.local/lib/python3.12/site-packages/airflow/example_dags/tutorial.py
[2026-05-01T13:25:35.854+0000] {processor.py:830} INFO - Processing file /home/airflow/.local/lib/python3.12/site-packages/airflow/example_dags/tutorial.py for tasks to queue
[2026-05-01T13:25:35.867+0000] {logging_mixin.py:188} INFO - [2026-05-01T13:25:35.867+0000] {dagbag.py:545} INFO - Filling up the DagBag from /home/airflow/.local/lib/python3.12/site-packages/airflow/example_dags/tutorial.py
[2026-05-01T13:25:36.076+0000] {processor.py:840} INFO - DAG(s) 'tutorial' retrieved from /home/airflow/.local/lib/python3.12/site-packages/airflow/example_dags/tutorial.py
[2026-05-01T13:25:37.026+0000] {logging_mixin.py:188} INFO - [2026-05-01T13:25:37.026+0000] {dag.py:3089} INFO - Sync 1 DAGs
[2026-05-01T13:25:37.133+0000] {logging_mixin.py:188} INFO - [2026-05-01T13:25:37.133+0000] {dag.py:3947} INFO - Setting next_dagrun for tutorial to 2026-04-30 00:00:00+00:00, run_after=2026-05-01 00:00:00+00:00
[2026-05-01T13:25:37.190+0000] {processor.py:183} INFO - Processing /home/airflow/.local/lib/python3.12/site-packages/airflow/example_dags/tutorial.py took 1.388 seconds
[2026-05-01T13:26:07.867+0000] {processor.py:161} INFO - Started process (PID=207) to work on /home/airflow/.local/lib/python3.12/site-packages/airflow/example_dags/tutorial.py
[2026-05-01T13:26:07.873+0000] {processor.py:830} INFO - Processing file /home/airflow/.local/lib/python3.12/site-packages/airflow/example_dags/tutorial.py for tasks to queue
[2026-05-01T13:26:07.878+0000] {logging_mixin.py:188} INFO - [2026-05-01T13:26:07.877+0000] {dagbag.py:545} INFO - Filling up the DagBag from /home/airflow/.local/lib/python3.12/site-packages/airflow/example_dags/tutorial.py
[2026-05-01T13:26:07.895+0000] {processor.py:840} INFO - DAG(s) 'tutorial' retrieved from /home/airflow/.local/lib/python3.12/site-packages/airflow/example_dags/tutorial.py
[2026-05-01T13:26:07.937+0000] {logging_mixin.py:188} INFO - [2026-05-01T13:26:07.937+0000] {dag.py:3089} INFO - Sync 1 DAGs
[2026-05-01T13:26:07.982+0000] {logging_mixin.py:188} INFO - [2026-05-01T13:26:07.982+0000] {dag.py:3947} INFO - Setting next_dagrun for tutorial to 2026-04-30 00:00:00+00:00, run_after=2026-05-01 00:00:00+00:00
[2026-05-01T13:26:08.026+0000] {processor.py:183} INFO - Processing /home/airflow/.local/lib/python3.12/site-packages/airflow/example_dags/tutorial.py took 0.178 seconds
[2026-05-01T13:26:38.248+0000] {processor.py:161} INFO - Started process (PID=265) to work on /home/airflow/.local/lib/python3.12/site-packages/airflow/example_dags/tutorial.py
[2026-05-01T13:26:38.255+0000] {processor.py:830} INFO - Processing file /home/airflow/.local/lib/python3.12/site-packages/airflow/example_dags/tutorial.py for tasks to queue
[2026-05-01T13:26:38.265+0000] {logging_mixin.py:188} INFO - [2026-05-01T13:26:38.264+0000] {dagbag.py:545} INFO - Filling up the DagBag from /home/airflow/.local/lib/python3.12/site-packages/airflow/example_dags/tutorial.py
[2026-05-01T13:26:38.296+0000] {processor.py:840} INFO - DAG(s) 'tutorial' retrieved from /home/airflow/.local/lib/python3.12/site-packages/airflow/example_dags/tutorial.py
[2026-05-01T13:26:38.345+0000] {logging_mixin.py:188} INFO - [2026-05-01T13:26:38.345+0000] {dag.py:3089} INFO - Sync 1 DAGs
[2026-05-01T13:26:38.578+0000] {logging_mixin.py:188} INFO - [2026-05-01T13:26:38.577+0000] {dag.py:3947} INFO - Setting next_dagrun for tutorial to 2026-04-30 00:00:00+00:00, run_after=2026-05-01 00:00:00+00:00
[2026-05-01T13:26:38.652+0000] {processor.py:183} INFO - Processing /home/airflow/.local/lib/python3.12/site-packages/airflow/example_dags/tutorial.py took 0.469 seconds
[2026-05-01T13:27:09.000+0000] {processor.py:161} INFO - Started process (PID=323) to work on /home/airflow/.local/lib/python3.12/site-packages/airflow/example_dags/tutorial.py
[2026-05-01T13:27:09.004+0000] {processor.py:830} INFO - Processing file /home/airflow/.local/lib/python3.12/site-packages/airflow/example_dags/tutorial.py for tasks to queue
[2026-05-01T13:27:09.007+0000] {logging_mixin.py:188} INFO - [2026-05-01T13:27:09.007+0000] {dagbag.py:545} INFO - Filling up the DagBag from /home/airflow/.local/lib/python3.12/site-packages/airflow/example_dags/tutorial.py
[2026-05-01T13:27:09.016+0000] {processor.py:840} INFO - DAG(s) 'tutorial' retrieved from /home/airflow/.local/lib/python3.12/site-packages/airflow/example_dags/tutorial.py
[2026-05-01T13:27:09.044+0000] {logging_mixin.py:188} INFO - [2026-05-01T13:27:09.044+0000] {dag.py:3089} INFO - Sync 1 DAGs
[2026-05-01T13:27:09.076+0000] {logging_mixin.py:188} INFO - [2026-05-01T13:27:09.076+0000] {dag.py:3947} INFO - Setting next_dagrun for tutorial to 2026-04-30 00:00:00+00:00, run_after=2026-05-01 00:00:00+00:00
[2026-05-01T13:27:09.103+0000] {processor.py:183} INFO - Processing /home/airflow/.local/lib/python3.12/site-packages/airflow/example_dags/tutorial.py took 0.111 seconds
[2026-05-01T13:27:39.325+0000] {processor.py:161} INFO - Started process (PID=381) to work on /home/airflow/.local/lib/python3.12/site-packages/airflow/example_dags/tutorial.py
[2026-05-01T13:27:39.327+0000] {processor.py:830} INFO - Processing file /home/airflow/.local/lib/python3.12/site-packages/airflow/example_dags/tutorial.py for tasks to queue
[2026-05-01T13:27:39.330+0000] {logging_mixin.py:188} INFO - [2026-05-01T13:27:39.330+0000] {dagbag.py:545} INFO - Filling up the DagBag from /home/airflow/.local/lib/python3.12/site-packages/airflow/example_dags/tutorial.py
[2026-05-01T13:27:39.339+0000] {processor.py:840} INFO - DAG(s) 'tutorial' retrieved from /home/airflow/.local/lib/python3.12/site-packages/airflow/example_dags/tutorial.py
[2026-05-01T13:27:39.365+0000] {logging_mixin.py:188} INFO - [2026-05-01T13:27:39.364+0000] {dag.py:3089} INFO - Sync 1 DAGs
[2026-05-01T13:27:39.394+0000] {logging_mixin.py:188} INFO - [2026-05-01T13:27:39.394+0000] {dag.py:3947} INFO - Setting next_dagrun for tutorial to 2026-04-30 00:00:00+00:00, run_after=2026-05-01 00:00:00+00:00
[2026-05-01T13:27:39.423+0000] {processor.py:183} INFO - Processing /home/airflow/.local/lib/python3.12/site-packages/airflow/example_dags/tutorial.py took 0.106 seconds
[2026-05-01T13:28:10.140+0000] {processor.py:161} INFO - Started process (PID=440) to work on /home/airflow/.local/lib/python3.12/site-packages/airflow/example_dags/tutorial.py
[2026-05-01T13:28:10.143+0000] {processor.py:830} INFO - Processing file /home/airflow/.local/lib/python3.12/site-packages/airflow/example_dags/tutorial.py for tasks to queue
[2026-05-01T13:28:10.149+0000] {logging_mixin.py:188} INFO - [2026-05-01T13:28:10.148+0000] {dagbag.py:545} INFO - Filling up the DagBag from /home/airflow/.local/lib/python3.12/site-packages/airflow/example_dags/tutorial.py
[2026-05-01T13:28:10.161+0000] {processor.py:840} INFO - DAG(s) 'tutorial' retrieved from /home/airflow/.local/lib/python3.12/site-packages/airflow/example_dags/tutorial.py
[2026-05-01T13:28:10.197+0000] {logging_mixin.py:188} INFO - [2026-05-01T13:28:10.197+0000] {dag.py:3089} INFO - Sync 1 DAGs
[2026-05-01T13:28:10.237+0000] {logging_mixin.py:188} INFO - [2026-05-01T13:28:10.236+0000] {dag.py:3947} INFO - Setting next_dagrun for tutorial to 2026-04-30 00:00:00+00:00, run_after=2026-05-01 00:00:00+00:00
[2026-05-01T13:28:10.301+0000] {processor.py:183} INFO - Processing /home/airflow/.local/lib/python3.12/site-packages/airflow/example_dags/tutorial.py took 0.174 seconds
[2026-05-01T13:28:41.013+0000] {processor.py:161} INFO - Started process (PID=498) to work on /home/airflow/.local/lib/python3.12/site-packages/airflow/example_dags/tutorial.py
[2026-05-01T13:28:41.022+0000] {processor.py:830} INFO - Processing file /home/airflow/.local/lib/python3.12/site-packages/airflow/example_dags/tutorial.py for tasks to queue
[2026-05-01T13:28:41.028+0000] {logging_mixin.py:188} INFO - [2026-05-01T13:28:41.027+0000] {dagbag.py:545} INFO - Filling up the DagBag from /home/airflow/.local/lib/python3.12/site-packages/airflow/example_dags/tutorial.py
[2026-05-01T13:28:41.048+0000] {processor.py:840} INFO - DAG(s) 'tutorial' retrieved from /home/airflow/.local/lib/python3.12/site-packages/airflow/example_dags/tutorial.py
[2026-05-01T13:28:41.099+0000] {logging_mixin.py:188} INFO - [2026-05-01T13:28:41.099+0000] {dag.py:3089} INFO - Sync 1 DAGs
[2026-05-01T13:28:41.149+0000] {logging_mixin.py:188} INFO - [2026-05-01T13:28:41.148+0000] {dag.py:3947} INFO - Setting next_dagrun for tutorial to 2026-04-30 00:00:00+00:00, run_after=2026-05-01 00:00:00+00:00
[2026-05-01T13:28:41.187+0000] {processor.py:183} INFO - Processing /home/airflow/.local/lib/python3.12/site-packages/airflow/example_dags/tutorial.py took 0.199 seconds
[2026-05-01T13:29:12.071+0000] {processor.py:161} INFO - Started process (PID=556) to work on /home/airflow/.local/lib/python3.12/site-packages/airflow/example_dags/tutorial.py
[2026-05-01T13:29:12.074+0000] {processor.py:830} INFO - Processing file /home/airflow/.local/lib/python3.12/site-packages/airflow/example_dags/tutorial.py for tasks to queue
[2026-05-01T13:29:12.079+0000] {logging_mixin.py:188} INFO - [2026-05-01T13:29:12.078+0000] {dagbag.py:545} INFO - Filling up the DagBag from /home/airflow/.local/lib/python3.12/site-packages/airflow/example_dags/tutorial.py
[2026-05-01T13:29:12.089+0000] {processor.py:840} INFO - DAG(s) 'tutorial' retrieved from /home/airflow/.local/lib/python3.12/site-packages/airflow/example_dags/tutorial.py
[2026-05-01T13:29:12.119+0000] {logging_mixin.py:188} INFO - [2026-05-01T13:29:12.119+0000] {dag.py:3089} INFO - Sync 1 DAGs
[2026-05-01T13:29:12.152+0000] {logging_mixin.py:188} INFO - [2026-05-01T13:29:12.152+0000] {dag.py:3947} INFO - Setting next_dagrun for tutorial to 2026-04-30 00:00:00+00:00, run_after=2026-05-01 00:00:00+00:00
[2026-05-01T13:29:12.184+0000] {processor.py:183} INFO - Processing /home/airflow/.local/lib/python3.12/site-packages/airflow/example_dags/tutorial.py took 0.125 seconds
[2026-05-01T13:29:42.955+0000] {processor.py:161} INFO - Started process (PID=614) to work on /home/airflow/.local/lib/python3.12/site-packages/airflow/example_dags/tutorial.py
[2026-05-01T13:29:42.959+0000] {processor.py:830} INFO - Processing file /home/airflow/.local/lib/python3.12/site-packages/airflow/example_dags/tutorial.py for tasks to queue
[2026-05-01T13:29:42.964+0000] {logging_mixin.py:188} INFO - [2026-05-01T13:29:42.963+0000] {dagbag.py:545} INFO - Filling up the DagBag from /home/airflow/.local/lib/python3.12/site-packages/airflow/example_dags/tutorial.py
[2026-05-01T13:29:42.974+0000] {processor.py:840} INFO - DAG(s) 'tutorial' retrieved from /home/airflow/.local/lib/python3.12/site-packages/airflow/example_dags/tutorial.py
[2026-05-01T13:29:43.002+0000] {logging_mixin.py:188} INFO - [2026-05-01T13:29:43.002+0000] {dag.py:3089} INFO - Sync 1 DAGs
[2026-05-01T13:29:43.036+0000] {logging_mixin.py:188} INFO - [2026-05-01T13:29:43.036+0000] {dag.py:3947} INFO - Setting next_dagrun for tutorial to 2026-04-30 00:00:00+00:00, run_after=2026-05-01 00:00:00+00:00
[2026-05-01T13:29:43.063+0000] {processor.py:183} INFO - Processing /home/airflow/.local/lib/python3.12/site-packages/airflow/example_dags/tutorial.py took 0.117 seconds
[2026-05-01T13:30:13.125+0000] {processor.py:161} INFO - Started process (PID=672) to work on /home/airflow/.local/lib/python3.12/site-packages/airflow/example_dags/tutorial.py
[2026-05-01T13:30:13.128+0000] {processor.py:830} INFO - Processing file /home/airflow/.local/lib/python3.12/site-packages/airflow/example_dags/tutorial.py for tasks to queue
[2026-05-01T13:30:13.133+0000] {logging_mixin.py:188} INFO - [2026-05-01T13:30:13.132+0000] {dagbag.py:545} INFO - Filling up the DagBag from /home/airflow/.local/lib/python3.12/site-packages/airflow/example_dags/tutorial.py
[2026-05-01T13:30:13.145+0000] {processor.py:840} INFO - DAG(s) 'tutorial' retrieved from /home/airflow/.local/lib/python3.12/site-packages/airflow/example_dags/tutorial.py
[2026-05-01T13:30:13.193+0000] {logging_mixin.py:188} INFO - [2026-05-01T13:30:13.192+0000] {dag.py:3089} INFO - Sync 1 DAGs
[2026-05-01T13:30:13.266+0000] {logging_mixin.py:188} INFO - [2026-05-01T13:30:13.266+0000] {dag.py:3947} INFO - Setting next_dagrun for tutorial to 2026-04-30 00:00:00+00:00, run_after=2026-05-01 00:00:00+00:00
[2026-05-01T13:30:13.358+0000] {processor.py:183} INFO - Processing /home/airflow/.local/lib/python3.12/site-packages/airflow/example_dags/tutorial.py took 0.245 seconds
[2026-05-01T13:30:44.573+0000] {processor.py:161} INFO - Started process (PID=736) to work on /home/airflow/.local/lib/python3.12/site-packages/airflow/example_dags/tutorial.py
[2026-05-01T13:30:44.577+0000] {processor.py:830} INFO - Processing file /home/airflow/.local/lib/python3.12/site-packages/airflow/example_dags/tutorial.py for tasks to queue
[2026-05-01T13:30:44.611+0000] {logging_mixin.py:188} INFO - [2026-05-01T13:30:44.610+0000] {dagbag.py:545} INFO - Filling up the DagBag from /home/airflow/.local/lib/python3.12/site-packages/airflow/example_dags/tutorial.py
[2026-05-01T13:30:44.632+0000] {processor.py:840} INFO - DAG(s) 'tutorial' retrieved from /home/airflow/.local/lib/python3.12/site-packages/airflow/example_dags/tutorial.py
[2026-05-01T13:30:44.905+0000] {logging_mixin.py:188} INFO - [2026-05-01T13:30:44.904+0000] {dag.py:3089} INFO - Sync 1 DAGs
[2026-05-01T13:30:45.010+0000] {logging_mixin.py:188} INFO - [2026-05-01T13:30:45.009+0000] {dag.py:3947} INFO - Setting next_dagrun for tutorial to 2026-04-30 00:00:00+00:00, run_after=2026-05-01 00:00:00+00:00
[2026-05-01T13:30:45.068+0000] {processor.py:183} INFO - Processing /home/airflow/.local/lib/python3.12/site-packages/airflow/example_dags/tutorial.py took 0.528 seconds
[2026-05-01T13:31:15.578+0000] {processor.py:161} INFO - Started process (PID=794) to work on /home/airflow/.local/lib/python3.12/site-packages/airflow/example_dags/tutorial.py
[2026-05-01T13:31:15.582+0000] {processor.py:830} INFO - Processing file /home/airflow/.local/lib/python3.12/site-packages/airflow/example_dags/tutorial.py for tasks to queue
[2026-05-01T13:31:15.589+0000] {logging_mixin.py:188} INFO - [2026-05-01T13:31:15.588+0000] {dagbag.py:545} INFO - Filling up the DagBag from /home/airflow/.local/lib/python3.12/site-packages/airflow/example_dags/tutorial.py
[2026-05-01T13:31:15.603+0000] {processor.py:840} INFO - DAG(s) 'tutorial' retrieved from /home/airflow/.local/lib/python3.12/site-packages/airflow/example_dags/tutorial.py
[2026-05-01T13:31:15.652+0000] {logging_mixin.py:188} INFO - [2026-05-01T13:31:15.650+0000] {dag.py:3089} INFO - Sync 1 DAGs
[2026-05-01T13:31:15.705+0000] {logging_mixin.py:188} INFO - [2026-05-01T13:31:15.705+0000] {dag.py:3947} INFO - Setting next_dagrun for tutorial to 2026-04-30 00:00:00+00:00, run_after=2026-05-01 00:00:00+00:00
[2026-05-01T13:31:15.776+0000] {processor.py:183} INFO - Processing /home/airflow/.local/lib/python3.12/site-packages/airflow/example_dags/tutorial.py took 0.212 seconds
[2026-05-01T13:31:45.920+0000] {processor.py:161} INFO - Started process (PID=852) to work on /home/airflow/.local/lib/python3.12/site-packages/airflow/example_dags/tutorial.py
[2026-05-01T13:31:45.922+0000] {processor.py:830} INFO - Processing file /home/airflow/.local/lib/python3.12/site-packages/airflow/example_dags/tutorial.py for tasks to queue
[2026-05-01T13:31:45.926+0000] {logging_mixin.py:188} INFO - [2026-05-01T13:31:45.925+0000] {dagbag.py:545} INFO - Filling up the DagBag from /home/airflow/.local/lib/python3.12/site-packages/airflow/example_dags/tutorial.py
[2026-05-01T13:31:45.941+0000] {processor.py:840} INFO - DAG(s) 'tutorial' retrieved from /home/airflow/.local/lib/python3.12/site-packages/airflow/example_dags/tutorial.py
[2026-05-01T13:31:45.984+0000] {logging_mixin.py:188} INFO - [2026-05-01T13:31:45.984+0000] {dag.py:3089} INFO - Sync 1 DAGs
[2026-05-01T13:31:46.020+0000] {logging_mixin.py:188} INFO - [2026-05-01T13:31:46.020+0000] {dag.py:3947} INFO - Setting next_dagrun for tutorial to 2026-04-30 00:00:00+00:00, run_after=2026-05-01 00:00:00+00:00
[2026-05-01T13:31:46.056+0000] {processor.py:183} INFO - Processing /home/airflow/.local/lib/python3.12/site-packages/airflow/example_dags/tutorial.py took 0.150 seconds
[2026-05-01T13:32:17.122+0000] {processor.py:161} INFO - Started process (PID=910) to work on /home/airflow/.local/lib/python3.12/site-packages/airflow/example_dags/tutorial.py
[2026-05-01T13:32:17.124+0000] {processor.py:830} INFO - Processing file /home/airflow/.local/lib/python3.12/site-packages/airflow/example_dags/tutorial.py for tasks to queue
[2026-05-01T13:32:17.134+0000] {logging_mixin.py:188} INFO - [2026-05-01T13:32:17.134+0000] {dagbag.py:545} INFO - Filling up the DagBag from /home/airflow/.local/lib/python3.12/site-packages/airflow/example_dags/tutorial.py
[2026-05-01T13:32:17.146+0000] {processor.py:840} INFO - DAG(s) 'tutorial' retrieved from /home/airflow/.local/lib/python3.12/site-packages/airflow/example_dags/tutorial.py
[2026-05-01T13:32:17.282+0000] {logging_mixin.py:188} INFO - [2026-05-01T13:32:17.281+0000] {dag.py:3089} INFO - Sync 1 DAGs
[2026-05-01T13:32:17.394+0000] {logging_mixin.py:188} INFO - [2026-05-01T13:32:17.393+0000] {dag.py:3947} INFO - Setting next_dagrun for tutorial to 2026-04-30 00:00:00+00:00, run_after=2026-05-01 00:00:00+00:00
[2026-05-01T13:32:17.489+0000] {processor.py:183} INFO - Processing /home/airflow/.local/lib/python3.12/site-packages/airflow/example_dags/tutorial.py took 0.380 seconds
[2026-05-01T13:32:47.794+0000] {processor.py:161} INFO - Started process (PID=968) to work on /home/airflow/.local/lib/python3.12/site-packages/airflow/example_dags/tutorial.py
[2026-05-01T13:32:47.801+0000] {processor.py:830} INFO - Processing file /home/airflow/.local/lib/python3.12/site-packages/airflow/example_dags/tutorial.py for tasks to queue
[2026-05-01T13:32:47.807+0000] {logging_mixin.py:188} INFO - [2026-05-01T13:32:47.807+0000] {dagbag.py:545} INFO - Filling up the DagBag from /home/airflow/.local/lib/python3.12/site-packages/airflow/example_dags/tutorial.py
[2026-05-01T13:32:47.817+0000] {processor.py:840} INFO - DAG(s) 'tutorial' retrieved from /home/airflow/.local/lib/python3.12/site-packages/airflow/example_dags/tutorial.py
[2026-05-01T13:32:47.855+0000] {logging_mixin.py:188} INFO - [2026-05-01T13:32:47.854+0000] {dag.py:3089} INFO - Sync 1 DAGs
[2026-05-01T13:32:47.889+0000] {logging_mixin.py:188} INFO - [2026-05-01T13:32:47.889+0000] {dag.py:3947} INFO - Setting next_dagrun for tutorial to 2026-04-30 00:00:00+00:00, run_after=2026-05-01 00:00:00+00:00
[2026-05-01T13:32:47.923+0000] {processor.py:183} INFO - Processing /home/airflow/.local/lib/python3.12/site-packages/airflow/example_dags/tutorial.py took 0.154 seconds
[2026-05-01T13:33:18.543+0000] {processor.py:161} INFO - Started process (PID=1026) to work on /home/airflow/.local/lib/python3.12/site-packages/airflow/example_dags/tutorial.py
[2026-05-01T13:33:18.547+0000] {processor.py:830} INFO - Processing file /home/airflow/.local/lib/python3.12/site-packages/airflow/example_dags/tutorial.py for tasks to queue
[2026-05-01T13:33:18.554+0000] {logging_mixin.py:188} INFO - [2026-05-01T13:33:18.554+0000] {dagbag.py:545} INFO - Filling up the DagBag from /home/airflow/.local/lib/python3.12/site-packages/airflow/example_dags/tutorial.py
[2026-05-01T13:33:18.567+0000] {processor.py:840} INFO - DAG(s) 'tutorial' retrieved from /home/airflow/.local/lib/python3.12/site-packages/airflow/example_dags/tutorial.py
[2026-05-01T13:33:18.609+0000] {logging_mixin.py:188} INFO - [2026-05-01T13:33:18.608+0000] {dag.py:3089} INFO - Sync 1 DAGs
[2026-05-01T13:33:18.644+0000] {logging_mixin.py:188} INFO - [2026-05-01T13:33:18.644+0000] {dag.py:3947} INFO - Setting next_dagrun for tutorial to 2026-04-30 00:00:00+00:00, run_after=2026-05-01 00:00:00+00:00
[2026-05-01T13:33:18.674+0000] {processor.py:183} INFO - Processing /home/airflow/.local/lib/python3.12/site-packages/airflow/example_dags/tutorial.py took 0.146 seconds
[2026-05-01T13:33:49.968+0000] {processor.py:161} INFO - Started process (PID=1084) to work on /home/airflow/.local/lib/python3.12/site-packages/airflow/example_dags/tutorial.py
[2026-05-01T13:33:49.978+0000] {processor.py:830} INFO - Processing file /home/airflow/.local/lib/python3.12/site-packages/airflow/example_dags/tutorial.py for tasks to queue
[2026-05-01T13:33:49.986+0000] {logging_mixin.py:188} INFO - [2026-05-01T13:33:49.984+0000] {dagbag.py:545} INFO - Filling up the DagBag from /home/airflow/.local/lib/python3.12/site-packages/airflow/example_dags/tutorial.py
[2026-05-01T13:33:50.006+0000] {processor.py:840} INFO - DAG(s) 'tutorial' retrieved from /home/airflow/.local/lib/python3.12/site-packages/airflow/example_dags/tutorial.py
[2026-05-01T13:33:50.077+0000] {logging_mixin.py:188} INFO - [2026-05-01T13:33:50.076+0000] {dag.py:3089} INFO - Sync 1 DAGs
[2026-05-01T13:33:50.159+0000] {logging_mixin.py:188} INFO - [2026-05-01T13:33:50.159+0000] {dag.py:3947} INFO - Setting next_dagrun for tutorial to 2026-04-30 00:00:00+00:00, run_after=2026-05-01 00:00:00+00:00
[2026-05-01T13:33:50.207+0000] {processor.py:183} INFO - Processing /home/airflow/.local/lib/python3.12/site-packages/airflow/example_dags/tutorial.py took 0.267 seconds
[2026-05-01T13:34:20.610+0000] {processor.py:161} INFO - Started process (PID=1142) to work on /home/airflow/.local/lib/python3.12/site-packages/airflow/example_dags/tutorial.py
[2026-05-01T13:34:20.613+0000] {processor.py:830} INFO - Processing file /home/airflow/.local/lib/python3.12/site-packages/airflow/example_dags/tutorial.py for tasks to queue
[2026-05-01T13:34:20.618+0000] {logging_mixin.py:188} INFO - [2026-05-01T13:34:20.618+0000] {dagbag.py:545} INFO - Filling up the DagBag from /home/airflow/.local/lib/python3.12/site-packages/airflow/example_dags/tutorial.py
[2026-05-01T13:34:20.628+0000] {processor.py:840} INFO - DAG(s) 'tutorial' retrieved from /home/airflow/.local/lib/python3.12/site-packages/airflow/example_dags/tutorial.py
[2026-05-01T13:34:20.661+0000] {logging_mixin.py:188} INFO - [2026-05-01T13:34:20.660+0000] {dag.py:3089} INFO - Sync 1 DAGs
[2026-05-01T13:34:20.699+0000] {logging_mixin.py:188} INFO - [2026-05-01T13:34:20.699+0000] {dag.py:3947} INFO - Setting next_dagrun for tutorial to 2026-04-30 00:00:00+00:00, run_after=2026-05-01 00:00:00+00:00
[2026-05-01T13:34:20.734+0000] {processor.py:183} INFO - Processing /home/airflow/.local/lib/python3.12/site-packages/airflow/example_dags/tutorial.py took 0.132 seconds
[2026-05-01T13:34:51.190+0000] {processor.py:161} INFO - Started process (PID=1199) to work on /home/airflow/.local/lib/python3.12/site-packages/airflow/example_dags/tutorial.py
[2026-05-01T13:34:51.193+0000] {processor.py:830} INFO - Processing file /home/airflow/.local/lib/python3.12/site-packages/airflow/example_dags/tutorial.py for tasks to queue
[2026-05-01T13:34:51.220+0000] {logging_mixin.py:188} INFO - [2026-05-01T13:34:51.215+0000] {dagbag.py:545} INFO - Filling up the DagBag from /home/airflow/.local/lib/python3.12/site-packages/airflow/example_dags/tutorial.py
[2026-05-01T13:34:51.274+0000] {processor.py:840} INFO - DAG(s) 'tutorial' retrieved from /home/airflow/.local/lib/python3.12/site-packages/airflow/example_dags/tutorial.py
[2026-05-01T13:34:51.519+0000] {logging_mixin.py:188} INFO - [2026-05-01T13:34:51.518+0000] {dag.py:3089} INFO - Sync 1 DAGs
[2026-05-01T13:34:51.780+0000] {logging_mixin.py:188} INFO - [2026-05-01T13:34:51.780+0000] {dag.py:3947} INFO - Setting next_dagrun for tutorial to 2026-04-30 00:00:00+00:00, run_after=2026-05-01 00:00:00+00:00
[2026-05-01T13:34:51.810+0000] {processor.py:183} INFO - Processing /home/airflow/.local/lib/python3.12/site-packages/airflow/example_dags/tutorial.py took 0.649 seconds
[2026-05-01T13:35:22.717+0000] {processor.py:161} INFO - Started process (PID=1257) to work on /home/airflow/.local/lib/python3.12/site-packages/airflow/example_dags/tutorial.py
[2026-05-01T13:35:22.722+0000] {processor.py:830} INFO - Processing file /home/airflow/.local/lib/python3.12/site-packages/airflow/example_dags/tutorial.py for tasks to queue
[2026-05-01T13:35:22.727+0000] {logging_mixin.py:188} INFO - [2026-05-01T13:35:22.726+0000] {dagbag.py:545} INFO - Filling up the DagBag from /home/airflow/.local/lib/python3.12/site-packages/airflow/example_dags/tutorial.py
[2026-05-01T13:35:22.741+0000] {processor.py:840} INFO - DAG(s) 'tutorial' retrieved from /home/airflow/.local/lib/python3.12/site-packages/airflow/example_dags/tutorial.py
[2026-05-01T13:35:22.777+0000] {logging_mixin.py:188} INFO - [2026-05-01T13:35:22.777+0000] {dag.py:3089} INFO - Sync 1 DAGs
[2026-05-01T13:35:22.809+0000] {logging_mixin.py:188} INFO - [2026-05-01T13:35:22.809+0000] {dag.py:3947} INFO - Setting next_dagrun for tutorial to 2026-04-30 00:00:00+00:00, run_after=2026-05-01 00:00:00+00:00
[2026-05-01T13:35:22.840+0000] {processor.py:183} INFO - Processing /home/airflow/.local/lib/python3.12/site-packages/airflow/example_dags/tutorial.py took 0.138 seconds
[2026-05-01T13:35:53.489+0000] {processor.py:161} INFO - Started process (PID=1315) to work on /home/airflow/.local/lib/python3.12/site-packages/airflow/example_dags/tutorial.py
[2026-05-01T13:35:53.492+0000] {processor.py:830} INFO - Processing file /home/airflow/.local/lib/python3.12/site-packages/airflow/example_dags/tutorial.py for tasks to queue
[2026-05-01T13:35:53.496+0000] {logging_mixin.py:188} INFO - [2026-05-01T13:35:53.496+0000] {dagbag.py:545} INFO - Filling up the DagBag from /home/airflow/.local/lib/python3.12/site-packages/airflow/example_dags/tutorial.py
[2026-05-01T13:35:53.510+0000] {processor.py:840} INFO - DAG(s) 'tutorial' retrieved from /home/airflow/.local/lib/python3.12/site-packages/airflow/example_dags/tutorial.py
[2026-05-01T13:35:53.559+0000] {logging_mixin.py:188} INFO - [2026-05-01T13:35:53.558+0000] {dag.py:3089} INFO - Sync 1 DAGs
[2026-05-01T13:35:53.655+0000] {logging_mixin.py:188} INFO - [2026-05-01T13:35:53.654+0000] {dag.py:3947} INFO - Setting next_dagrun for tutorial to 2026-04-30 00:00:00+00:00, run_after=2026-05-01 00:00:00+00:00
[2026-05-01T13:35:53.695+0000] {processor.py:183} INFO - Processing /home/airflow/.local/lib/python3.12/site-packages/airflow/example_dags/tutorial.py took 0.217 seconds
[2026-05-01T13:36:24.043+0000] {processor.py:161} INFO - Started process (PID=1373) to work on /home/airflow/.local/lib/python3.12/site-packages/airflow/example_dags/tutorial.py
[2026-05-01T13:36:24.049+0000] {processor.py:830} INFO - Processing file /home/airflow/.local/lib/python3.12/site-packages/airflow/example_dags/tutorial.py for tasks to queue
[2026-05-01T13:36:24.064+0000] {logging_mixin.py:188} INFO - [2026-05-01T13:36:24.063+0000] {dagbag.py:545} INFO - Filling up the DagBag from /home/airflow/.local/lib/python3.12/site-packages/airflow/example_dags/tutorial.py
[2026-05-01T13:36:24.082+0000] {processor.py:840} INFO - DAG(s) 'tutorial' retrieved from /home/airflow/.local/lib/python3.12/site-packages/airflow/example_dags/tutorial.py
[2026-05-01T13:36:24.142+0000] {logging_mixin.py:188} INFO - [2026-05-01T13:36:24.141+0000] {dag.py:3089} INFO - Sync 1 DAGs
[2026-05-01T13:36:24.209+0000] {logging_mixin.py:188} INFO - [2026-05-01T13:36:24.209+0000] {dag.py:3947} INFO - Setting next_dagrun for tutorial to 2026-04-30 00:00:00+00:00, run_after=2026-05-01 00:00:00+00:00
[2026-05-01T13:36:24.312+0000] {processor.py:183} INFO - Processing /home/airflow/.local/lib/python3.12/site-packages/airflow/example_dags/tutorial.py took 0.333 seconds
[2026-05-01T13:36:55.123+0000] {processor.py:161} INFO - Started process (PID=1431) to work on /home/airflow/.local/lib/python3.12/site-packages/airflow/example_dags/tutorial.py
[2026-05-01T13:36:55.128+0000] {processor.py:830} INFO - Processing file /home/airflow/.local/lib/python3.12/site-packages/airflow/example_dags/tutorial.py for tasks to queue
[2026-05-01T13:36:55.135+0000] {logging_mixin.py:188} INFO - [2026-05-01T13:36:55.135+0000] {dagbag.py:545} INFO - Filling up the DagBag from /home/airflow/.local/lib/python3.12/site-packages/airflow/example_dags/tutorial.py
[2026-05-01T13:36:55.155+0000] {processor.py:840} INFO - DAG(s) 'tutorial' retrieved from /home/airflow/.local/lib/python3.12/site-packages/airflow/example_dags/tutorial.py
[2026-05-01T13:36:55.219+0000] {logging_mixin.py:188} INFO - [2026-05-01T13:36:55.218+0000] {dag.py:3089} INFO - Sync 1 DAGs
[2026-05-01T13:36:55.290+0000] {logging_mixin.py:188} INFO - [2026-05-01T13:36:55.290+0000] {dag.py:3947} INFO - Setting next_dagrun for tutorial to 2026-04-30 00:00:00+00:00, run_after=2026-05-01 00:00:00+00:00
[2026-05-01T13:36:55.491+0000] {processor.py:183} INFO - Processing /home/airflow/.local/lib/python3.12/site-packages/airflow/example_dags/tutorial.py took 0.385 seconds
[2026-05-01T13:37:25.586+0000] {processor.py:161} INFO - Started process (PID=1488) to work on /home/airflow/.local/lib/python3.12/site-packages/airflow/example_dags/tutorial.py
[2026-05-01T13:37:25.589+0000] {processor.py:830} INFO - Processing file /home/airflow/.local/lib/python3.12/site-packages/airflow/example_dags/tutorial.py for tasks to queue
[2026-05-01T13:37:25.594+0000] {logging_mixin.py:188} INFO - [2026-05-01T13:37:25.594+0000] {dagbag.py:545} INFO - Filling up the DagBag from /home/airflow/.local/lib/python3.12/site-packages/airflow/example_dags/tutorial.py
[2026-05-01T13:37:25.606+0000] {processor.py:840} INFO - DAG(s) 'tutorial' retrieved from /home/airflow/.local/lib/python3.12/site-packages/airflow/example_dags/tutorial.py
[2026-05-01T13:37:25.640+0000] {logging_mixin.py:188} INFO - [2026-05-01T13:37:25.640+0000] {dag.py:3089} INFO - Sync 1 DAGs
[2026-05-01T13:37:25.677+0000] {logging_mixin.py:188} INFO - [2026-05-01T13:37:25.676+0000] {dag.py:3947} INFO - Setting next_dagrun for tutorial to 2026-04-30 00:00:00+00:00, run_after=2026-05-01 00:00:00+00:00
[2026-05-01T13:37:26.026+0000] {processor.py:183} INFO - Processing /home/airflow/.local/lib/python3.12/site-packages/airflow/example_dags/tutorial.py took 0.449 seconds
[2026-05-01T13:37:56.901+0000] {processor.py:161} INFO - Started process (PID=1545) to work on /home/airflow/.local/lib/python3.12/site-packages/airflow/example_dags/tutorial.py
[2026-05-01T13:37:56.905+0000] {processor.py:830} INFO - Processing file /home/airflow/.local/lib/python3.12/site-packages/airflow/example_dags/tutorial.py for tasks to queue
[2026-05-01T13:37:56.910+0000] {logging_mixin.py:188} INFO - [2026-05-01T13:37:56.910+0000] {dagbag.py:545} INFO - Filling up the DagBag from /home/airflow/.local/lib/python3.12/site-packages/airflow/example_dags/tutorial.py
[2026-05-01T13:37:56.921+0000] {processor.py:840} INFO - DAG(s) 'tutorial' retrieved from /home/airflow/.local/lib/python3.12/site-packages/airflow/example_dags/tutorial.py
[2026-05-01T13:37:56.952+0000] {logging_mixin.py:188} INFO - [2026-05-01T13:37:56.952+0000] {dag.py:3089} INFO - Sync 1 DAGs
[2026-05-01T13:37:56.986+0000] {logging_mixin.py:188} INFO - [2026-05-01T13:37:56.985+0000] {dag.py:3947} INFO - Setting next_dagrun for tutorial to 2026-04-30 00:00:00+00:00, run_after=2026-05-01 00:00:00+00:00
[2026-05-01T13:37:57.018+0000] {processor.py:183} INFO - Processing /home/airflow/.local/lib/python3.12/site-packages/airflow/example_dags/tutorial.py took 0.128 seconds
[2026-05-01T13:38:27.759+0000] {processor.py:161} INFO - Started process (PID=1603) to work on /home/airflow/.local/lib/python3.12/site-packages/airflow/example_dags/tutorial.py
[2026-05-01T13:38:27.762+0000] {processor.py:830} INFO - Processing file /home/airflow/.local/lib/python3.12/site-packages/airflow/example_dags/tutorial.py for tasks to queue
[2026-05-01T13:38:27.768+0000] {logging_mixin.py:188} INFO - [2026-05-01T13:38:27.768+0000] {dagbag.py:545} INFO - Filling up the DagBag from /home/airflow/.local/lib/python3.12/site-packages/airflow/example_dags/tutorial.py
[2026-05-01T13:38:27.784+0000] {processor.py:840} INFO - DAG(s) 'tutorial' retrieved from /home/airflow/.local/lib/python3.12/site-packages/airflow/example_dags/tutorial.py
[2026-05-01T13:38:27.820+0000] {logging_mixin.py:188} INFO - [2026-05-01T13:38:27.819+0000] {dag.py:3089} INFO - Sync 1 DAGs
[2026-05-01T13:38:27.879+0000] {logging_mixin.py:188} INFO - [2026-05-01T13:38:27.879+0000] {dag.py:3947} INFO - Setting next_dagrun for tutorial to 2026-04-30 00:00:00+00:00, run_after=2026-05-01 00:00:00+00:00
[2026-05-01T13:38:27.906+0000] {processor.py:183} INFO - Processing /home/airflow/.local/lib/python3.12/site-packages/airflow/example_dags/tutorial.py took 0.165 seconds
[2026-05-01T13:38:58.204+0000] {processor.py:161} INFO - Started process (PID=1661) to work on /home/airflow/.local/lib/python3.12/site-packages/airflow/example_dags/tutorial.py
[2026-05-01T13:38:58.206+0000] {processor.py:830} INFO - Processing file /home/airflow/.local/lib/python3.12/site-packages/airflow/example_dags/tutorial.py for tasks to queue
[2026-05-01T13:38:58.212+0000] {logging_mixin.py:188} INFO - [2026-05-01T13:38:58.211+0000] {dagbag.py:545} INFO - Filling up the DagBag from /home/airflow/.local/lib/python3.12/site-packages/airflow/example_dags/tutorial.py
[2026-05-01T13:38:58.221+0000] {processor.py:840} INFO - DAG(s) 'tutorial' retrieved from /home/airflow/.local/lib/python3.12/site-packages/airflow/example_dags/tutorial.py
[2026-05-01T13:38:58.250+0000] {logging_mixin.py:188} INFO - [2026-05-01T13:38:58.249+0000] {dag.py:3089} INFO - Sync 1 DAGs
[2026-05-01T13:38:58.286+0000] {logging_mixin.py:188} INFO - [2026-05-01T13:38:58.286+0000] {dag.py:3947} INFO - Setting next_dagrun for tutorial to 2026-04-30 00:00:00+00:00, run_after=2026-05-01 00:00:00+00:00
[2026-05-01T13:38:58.317+0000] {processor.py:183} INFO - Processing /home/airflow/.local/lib/python3.12/site-packages/airflow/example_dags/tutorial.py took 0.122 seconds
[2026-05-01T13:39:28.485+0000] {processor.py:161} INFO - Started process (PID=1719) to work on /home/airflow/.local/lib/python3.12/site-packages/airflow/example_dags/tutorial.py
[2026-05-01T13:39:28.488+0000] {processor.py:830} INFO - Processing file /home/airflow/.local/lib/python3.12/site-packages/airflow/example_dags/tutorial.py for tasks to queue
[2026-05-01T13:39:28.493+0000] {logging_mixin.py:188} INFO - [2026-05-01T13:39:28.492+0000] {dagbag.py:545} INFO - Filling up the DagBag from /home/airflow/.local/lib/python3.12/site-packages/airflow/example_dags/tutorial.py
[2026-05-01T13:39:28.506+0000] {processor.py:840} INFO - DAG(s) 'tutorial' retrieved from /home/airflow/.local/lib/python3.12/site-packages/airflow/example_dags/tutorial.py
[2026-05-01T13:39:28.533+0000] {logging_mixin.py:188} INFO - [2026-05-01T13:39:28.533+0000] {dag.py:3089} INFO - Sync 1 DAGs
[2026-05-01T13:39:28.568+0000] {logging_mixin.py:188} INFO - [2026-05-01T13:39:28.567+0000] {dag.py:3947} INFO - Setting next_dagrun for tutorial to 2026-04-30 00:00:00+00:00, run_after=2026-05-01 00:00:00+00:00
[2026-05-01T13:39:28.597+0000] {processor.py:183} INFO - Processing /home/airflow/.local/lib/python3.12/site-packages/airflow/example_dags/tutorial.py took 0.121 seconds
[2026-05-01T13:39:59.485+0000] {processor.py:161} INFO - Started process (PID=1776) to work on /home/airflow/.local/lib/python3.12/site-packages/airflow/example_dags/tutorial.py
[2026-05-01T13:39:59.487+0000] {processor.py:830} INFO - Processing file /home/airflow/.local/lib/python3.12/site-packages/airflow/example_dags/tutorial.py for tasks to queue
[2026-05-01T13:39:59.493+0000] {logging_mixin.py:188} INFO - [2026-05-01T13:39:59.493+0000] {dagbag.py:545} INFO - Filling up the DagBag from /home/airflow/.local/lib/python3.12/site-packages/airflow/example_dags/tutorial.py
[2026-05-01T13:39:59.505+0000] {processor.py:840} INFO - DAG(s) 'tutorial' retrieved from /home/airflow/.local/lib/python3.12/site-packages/airflow/example_dags/tutorial.py
[2026-05-01T13:39:59.719+0000] {logging_mixin.py:188} INFO - [2026-05-01T13:39:59.718+0000] {dag.py:3089} INFO - Sync 1 DAGs
[2026-05-01T13:39:59.753+0000] {logging_mixin.py:188} INFO - [2026-05-01T13:39:59.753+0000] {dag.py:3947} INFO - Setting next_dagrun for tutorial to 2026-04-30 00:00:00+00:00, run_after=2026-05-01 00:00:00+00:00
[2026-05-01T13:39:59.807+0000] {processor.py:183} INFO - Processing /home/airflow/.local/lib/python3.12/site-packages/airflow/example_dags/tutorial.py took 0.332 seconds
[2026-05-01T13:42:48.505+0000] {processor.py:161} INFO - Started process (PID=81) to work on /home/airflow/.local/lib/python3.12/site-packages/airflow/example_dags/tutorial.py
[2026-05-01T13:42:48.508+0000] {processor.py:830} INFO - Processing file /home/airflow/.local/lib/python3.12/site-packages/airflow/example_dags/tutorial.py for tasks to queue
[2026-05-01T13:42:48.555+0000] {logging_mixin.py:188} INFO - [2026-05-01T13:42:48.550+0000] {dagbag.py:545} INFO - Filling up the DagBag from /home/airflow/.local/lib/python3.12/site-packages/airflow/example_dags/tutorial.py
[2026-05-01T13:42:48.589+0000] {processor.py:840} INFO - DAG(s) 'tutorial' retrieved from /home/airflow/.local/lib/python3.12/site-packages/airflow/example_dags/tutorial.py
[2026-05-01T13:42:49.094+0000] {logging_mixin.py:188} INFO - [2026-05-01T13:42:49.093+0000] {dag.py:3089} INFO - Sync 1 DAGs
[2026-05-01T13:42:49.150+0000] {logging_mixin.py:188} INFO - [2026-05-01T13:42:49.149+0000] {dag.py:3947} INFO - Setting next_dagrun for tutorial to 2026-04-30 00:00:00+00:00, run_after=2026-05-01 00:00:00+00:00
[2026-05-01T13:42:49.219+0000] {processor.py:183} INFO - Processing /home/airflow/.local/lib/python3.12/site-packages/airflow/example_dags/tutorial.py took 0.728 seconds
[2026-05-01T13:43:24.607+0000] {processor.py:161} INFO - Started process (PID=139) to work on /home/airflow/.local/lib/python3.12/site-packages/airflow/example_dags/tutorial.py
[2026-05-01T13:43:24.628+0000] {processor.py:830} INFO - Processing file /home/airflow/.local/lib/python3.12/site-packages/airflow/example_dags/tutorial.py for tasks to queue
[2026-05-01T13:43:24.644+0000] {logging_mixin.py:188} INFO - [2026-05-01T13:43:24.643+0000] {dagbag.py:545} INFO - Filling up the DagBag from /home/airflow/.local/lib/python3.12/site-packages/airflow/example_dags/tutorial.py
[2026-05-01T13:43:24.684+0000] {processor.py:840} INFO - DAG(s) 'tutorial' retrieved from /home/airflow/.local/lib/python3.12/site-packages/airflow/example_dags/tutorial.py
[2026-05-01T13:43:24.763+0000] {logging_mixin.py:188} INFO - [2026-05-01T13:43:24.762+0000] {dag.py:3089} INFO - Sync 1 DAGs
[2026-05-01T13:43:24.894+0000] {logging_mixin.py:188} INFO - [2026-05-01T13:43:24.887+0000] {dag.py:3947} INFO - Setting next_dagrun for tutorial to 2026-04-30 00:00:00+00:00, run_after=2026-05-01 00:00:00+00:00
[2026-05-01T13:43:24.978+0000] {processor.py:183} INFO - Processing /home/airflow/.local/lib/python3.12/site-packages/airflow/example_dags/tutorial.py took 0.418 seconds
[2026-05-01T13:43:56.181+0000] {processor.py:161} INFO - Started process (PID=197) to work on /home/airflow/.local/lib/python3.12/site-packages/airflow/example_dags/tutorial.py
[2026-05-01T13:43:56.187+0000] {processor.py:830} INFO - Processing file /home/airflow/.local/lib/python3.12/site-packages/airflow/example_dags/tutorial.py for tasks to queue
[2026-05-01T13:43:56.195+0000] {logging_mixin.py:188} INFO - [2026-05-01T13:43:56.195+0000] {dagbag.py:545} INFO - Filling up the DagBag from /home/airflow/.local/lib/python3.12/site-packages/airflow/example_dags/tutorial.py
[2026-05-01T13:43:56.219+0000] {processor.py:840} INFO - DAG(s) 'tutorial' retrieved from /home/airflow/.local/lib/python3.12/site-packages/airflow/example_dags/tutorial.py
[2026-05-01T13:43:56.324+0000] {logging_mixin.py:188} INFO - [2026-05-01T13:43:56.322+0000] {dag.py:3089} INFO - Sync 1 DAGs
[2026-05-01T13:43:56.398+0000] {logging_mixin.py:188} INFO - [2026-05-01T13:43:56.398+0000] {dag.py:3947} INFO - Setting next_dagrun for tutorial to 2026-04-30 00:00:00+00:00, run_after=2026-05-01 00:00:00+00:00
[2026-05-01T13:43:56.503+0000] {processor.py:183} INFO - Processing /home/airflow/.local/lib/python3.12/site-packages/airflow/example_dags/tutorial.py took 0.343 seconds
[2026-05-01T13:44:27.167+0000] {processor.py:161} INFO - Started process (PID=254) to work on /home/airflow/.local/lib/python3.12/site-packages/airflow/example_dags/tutorial.py
[2026-05-01T13:44:27.174+0000] {processor.py:830} INFO - Processing file /home/airflow/.local/lib/python3.12/site-packages/airflow/example_dags/tutorial.py for tasks to queue
[2026-05-01T13:44:27.188+0000] {logging_mixin.py:188} INFO - [2026-05-01T13:44:27.185+0000] {dagbag.py:545} INFO - Filling up the DagBag from /home/airflow/.local/lib/python3.12/site-packages/airflow/example_dags/tutorial.py
[2026-05-01T13:44:27.227+0000] {processor.py:840} INFO - DAG(s) 'tutorial' retrieved from /home/airflow/.local/lib/python3.12/site-packages/airflow/example_dags/tutorial.py
[2026-05-01T13:44:27.300+0000] {logging_mixin.py:188} INFO - [2026-05-01T13:44:27.300+0000] {dag.py:3089} INFO - Sync 1 DAGs
[2026-05-01T13:44:27.407+0000] {logging_mixin.py:188} INFO - [2026-05-01T13:44:27.406+0000] {dag.py:3947} INFO - Setting next_dagrun for tutorial to 2026-04-30 00:00:00+00:00, run_after=2026-05-01 00:00:00+00:00
[2026-05-01T13:44:27.471+0000] {processor.py:183} INFO - Processing /home/airflow/.local/lib/python3.12/site-packages/airflow/example_dags/tutorial.py took 0.337 seconds
[2026-05-01T13:44:58.370+0000] {processor.py:161} INFO - Started process (PID=313) to work on /home/airflow/.local/lib/python3.12/site-packages/airflow/example_dags/tutorial.py
[2026-05-01T13:44:58.373+0000] {processor.py:830} INFO - Processing file /home/airflow/.local/lib/python3.12/site-packages/airflow/example_dags/tutorial.py for tasks to queue
[2026-05-01T13:44:58.379+0000] {logging_mixin.py:188} INFO - [2026-05-01T13:44:58.378+0000] {dagbag.py:545} INFO - Filling up the DagBag from /home/airflow/.local/lib/python3.12/site-packages/airflow/example_dags/tutorial.py
[2026-05-01T13:44:58.395+0000] {processor.py:840} INFO - DAG(s) 'tutorial' retrieved from /home/airflow/.local/lib/python3.12/site-packages/airflow/example_dags/tutorial.py
[2026-05-01T13:44:58.443+0000] {logging_mixin.py:188} INFO - [2026-05-01T13:44:58.442+0000] {dag.py:3089} INFO - Sync 1 DAGs
[2026-05-01T13:44:58.515+0000] {logging_mixin.py:188} INFO - [2026-05-01T13:44:58.514+0000] {dag.py:3947} INFO - Setting next_dagrun for tutorial to 2026-04-30 00:00:00+00:00, run_after=2026-05-01 00:00:00+00:00
[2026-05-01T13:44:58.545+0000] {processor.py:183} INFO - Processing /home/airflow/.local/lib/python3.12/site-packages/airflow/example_dags/tutorial.py took 0.187 seconds
[2026-05-01T13:45:29.958+0000] {processor.py:161} INFO - Started process (PID=372) to work on /home/airflow/.local/lib/python3.12/site-packages/airflow/example_dags/tutorial.py
[2026-05-01T13:45:29.961+0000] {processor.py:830} INFO - Processing file /home/airflow/.local/lib/python3.12/site-packages/airflow/example_dags/tutorial.py for tasks to queue
[2026-05-01T13:45:29.971+0000] {logging_mixin.py:188} INFO - [2026-05-01T13:45:29.969+0000] {dagbag.py:545} INFO - Filling up the DagBag from /home/airflow/.local/lib/python3.12/site-packages/airflow/example_dags/tutorial.py
[2026-05-01T13:45:29.990+0000] {processor.py:840} INFO - DAG(s) 'tutorial' retrieved from /home/airflow/.local/lib/python3.12/site-packages/airflow/example_dags/tutorial.py
[2026-05-01T13:45:30.039+0000] {logging_mixin.py:188} INFO - [2026-05-01T13:45:30.039+0000] {dag.py:3089} INFO - Sync 1 DAGs
[2026-05-01T13:45:30.156+0000] {logging_mixin.py:188} INFO - [2026-05-01T13:45:30.156+0000] {dag.py:3947} INFO - Setting next_dagrun for tutorial to 2026-04-30 00:00:00+00:00, run_after=2026-05-01 00:00:00+00:00
[2026-05-01T13:45:30.326+0000] {processor.py:183} INFO - Processing /home/airflow/.local/lib/python3.12/site-packages/airflow/example_dags/tutorial.py took 0.387 seconds
[2026-05-01T13:46:00.601+0000] {processor.py:161} INFO - Started process (PID=430) to work on /home/airflow/.local/lib/python3.12/site-packages/airflow/example_dags/tutorial.py
[2026-05-01T13:46:00.604+0000] {processor.py:830} INFO - Processing file /home/airflow/.local/lib/python3.12/site-packages/airflow/example_dags/tutorial.py for tasks to queue
[2026-05-01T13:46:00.610+0000] {logging_mixin.py:188} INFO - [2026-05-01T13:46:00.609+0000] {dagbag.py:545} INFO - Filling up the DagBag from /home/airflow/.local/lib/python3.12/site-packages/airflow/example_dags/tutorial.py
[2026-05-01T13:46:00.625+0000] {processor.py:840} INFO - DAG(s) 'tutorial' retrieved from /home/airflow/.local/lib/python3.12/site-packages/airflow/example_dags/tutorial.py
[2026-05-01T13:46:00.659+0000] {logging_mixin.py:188} INFO - [2026-05-01T13:46:00.658+0000] {dag.py:3089} INFO - Sync 1 DAGs
[2026-05-01T13:46:00.695+0000] {logging_mixin.py:188} INFO - [2026-05-01T13:46:00.695+0000] {dag.py:3947} INFO - Setting next_dagrun for tutorial to 2026-04-30 00:00:00+00:00, run_after=2026-05-01 00:00:00+00:00
[2026-05-01T13:46:00.726+0000] {processor.py:183} INFO - Processing /home/airflow/.local/lib/python3.12/site-packages/airflow/example_dags/tutorial.py took 0.133 seconds
[2026-05-01T13:46:31.163+0000] {processor.py:161} INFO - Started process (PID=488) to work on /home/airflow/.local/lib/python3.12/site-packages/airflow/example_dags/tutorial.py
[2026-05-01T13:46:31.166+0000] {processor.py:830} INFO - Processing file /home/airflow/.local/lib/python3.12/site-packages/airflow/example_dags/tutorial.py for tasks to queue
[2026-05-01T13:46:31.169+0000] {logging_mixin.py:188} INFO - [2026-05-01T13:46:31.169+0000] {dagbag.py:545} INFO - Filling up the DagBag from /home/airflow/.local/lib/python3.12/site-packages/airflow/example_dags/tutorial.py
[2026-05-01T13:46:31.177+0000] {processor.py:840} INFO - DAG(s) 'tutorial' retrieved from /home/airflow/.local/lib/python3.12/site-packages/airflow/example_dags/tutorial.py
[2026-05-01T13:46:31.207+0000] {logging_mixin.py:188} INFO - [2026-05-01T13:46:31.207+0000] {dag.py:3089} INFO - Sync 1 DAGs
[2026-05-01T13:46:31.236+0000] {logging_mixin.py:188} INFO - [2026-05-01T13:46:31.236+0000] {dag.py:3947} INFO - Setting next_dagrun for tutorial to 2026-04-30 00:00:00+00:00, run_after=2026-05-01 00:00:00+00:00
[2026-05-01T13:46:31.265+0000] {processor.py:183} INFO - Processing /home/airflow/.local/lib/python3.12/site-packages/airflow/example_dags/tutorial.py took 0.109 seconds
[2026-05-01T13:47:01.759+0000] {processor.py:161} INFO - Started process (PID=546) to work on /home/airflow/.local/lib/python3.12/site-packages/airflow/example_dags/tutorial.py
[2026-05-01T13:47:01.762+0000] {processor.py:830} INFO - Processing file /home/airflow/.local/lib/python3.12/site-packages/airflow/example_dags/tutorial.py for tasks to queue
[2026-05-01T13:47:01.766+0000] {logging_mixin.py:188} INFO - [2026-05-01T13:47:01.765+0000] {dagbag.py:545} INFO - Filling up the DagBag from /home/airflow/.local/lib/python3.12/site-packages/airflow/example_dags/tutorial.py
[2026-05-01T13:47:01.775+0000] {processor.py:840} INFO - DAG(s) 'tutorial' retrieved from /home/airflow/.local/lib/python3.12/site-packages/airflow/example_dags/tutorial.py
[2026-05-01T13:47:01.802+0000] {logging_mixin.py:188} INFO - [2026-05-01T13:47:01.801+0000] {dag.py:3089} INFO - Sync 1 DAGs
[2026-05-01T13:47:01.828+0000] {logging_mixin.py:188} INFO - [2026-05-01T13:47:01.828+0000] {dag.py:3947} INFO - Setting next_dagrun for tutorial to 2026-04-30 00:00:00+00:00, run_after=2026-05-01 00:00:00+00:00
[2026-05-01T13:47:01.853+0000] {processor.py:183} INFO - Processing /home/airflow/.local/lib/python3.12/site-packages/airflow/example_dags/tutorial.py took 0.102 seconds
[2026-05-01T13:47:33.067+0000] {processor.py:161} INFO - Started process (PID=604) to work on /home/airflow/.local/lib/python3.12/site-packages/airflow/example_dags/tutorial.py
[2026-05-01T13:47:33.088+0000] {processor.py:830} INFO - Processing file /home/airflow/.local/lib/python3.12/site-packages/airflow/example_dags/tutorial.py for tasks to queue
[2026-05-01T13:47:33.096+0000] {logging_mixin.py:188} INFO - [2026-05-01T13:47:33.093+0000] {dagbag.py:545} INFO - Filling up the DagBag from /home/airflow/.local/lib/python3.12/site-packages/airflow/example_dags/tutorial.py
[2026-05-01T13:47:33.138+0000] {processor.py:840} INFO - DAG(s) 'tutorial' retrieved from /home/airflow/.local/lib/python3.12/site-packages/airflow/example_dags/tutorial.py
[2026-05-01T13:47:33.278+0000] {logging_mixin.py:188} INFO - [2026-05-01T13:47:33.278+0000] {dag.py:3089} INFO - Sync 1 DAGs
[2026-05-01T13:47:33.395+0000] {logging_mixin.py:188} INFO - [2026-05-01T13:47:33.394+0000] {dag.py:3947} INFO - Setting next_dagrun for tutorial to 2026-04-30 00:00:00+00:00, run_after=2026-05-01 00:00:00+00:00
[2026-05-01T13:47:33.503+0000] {processor.py:183} INFO - Processing /home/airflow/.local/lib/python3.12/site-packages/airflow/example_dags/tutorial.py took 0.474 seconds
[2026-05-01T13:48:04.356+0000] {processor.py:161} INFO - Started process (PID=661) to work on /home/airflow/.local/lib/python3.12/site-packages/airflow/example_dags/tutorial.py
[2026-05-01T13:48:04.359+0000] {processor.py:830} INFO - Processing file /home/airflow/.local/lib/python3.12/site-packages/airflow/example_dags/tutorial.py for tasks to queue
[2026-05-01T13:48:04.370+0000] {logging_mixin.py:188} INFO - [2026-05-01T13:48:04.368+0000] {dagbag.py:545} INFO - Filling up the DagBag from /home/airflow/.local/lib/python3.12/site-packages/airflow/example_dags/tutorial.py
[2026-05-01T13:48:04.404+0000] {processor.py:840} INFO - DAG(s) 'tutorial' retrieved from /home/airflow/.local/lib/python3.12/site-packages/airflow/example_dags/tutorial.py
[2026-05-01T13:48:04.471+0000] {logging_mixin.py:188} INFO - [2026-05-01T13:48:04.471+0000] {dag.py:3089} INFO - Sync 1 DAGs
[2026-05-01T13:48:04.511+0000] {logging_mixin.py:188} INFO - [2026-05-01T13:48:04.511+0000] {dag.py:3947} INFO - Setting next_dagrun for tutorial to 2026-04-30 00:00:00+00:00, run_after=2026-05-01 00:00:00+00:00
[2026-05-01T13:48:04.544+0000] {processor.py:183} INFO - Processing /home/airflow/.local/lib/python3.12/site-packages/airflow/example_dags/tutorial.py took 0.214 seconds
[2026-05-01T13:48:34.706+0000] {processor.py:161} INFO - Started process (PID=717) to work on /home/airflow/.local/lib/python3.12/site-packages/airflow/example_dags/tutorial.py
[2026-05-01T13:48:34.711+0000] {processor.py:830} INFO - Processing file /home/airflow/.local/lib/python3.12/site-packages/airflow/example_dags/tutorial.py for tasks to queue
[2026-05-01T13:48:34.716+0000] {logging_mixin.py:188} INFO - [2026-05-01T13:48:34.716+0000] {dagbag.py:545} INFO - Filling up the DagBag from /home/airflow/.local/lib/python3.12/site-packages/airflow/example_dags/tutorial.py
[2026-05-01T13:48:34.730+0000] {processor.py:840} INFO - DAG(s) 'tutorial' retrieved from /home/airflow/.local/lib/python3.12/site-packages/airflow/example_dags/tutorial.py
[2026-05-01T13:48:34.765+0000] {logging_mixin.py:188} INFO - [2026-05-01T13:48:34.764+0000] {dag.py:3089} INFO - Sync 1 DAGs
[2026-05-01T13:48:34.800+0000] {logging_mixin.py:188} INFO - [2026-05-01T13:48:34.799+0000] {dag.py:3947} INFO - Setting next_dagrun for tutorial to 2026-04-30 00:00:00+00:00, run_after=2026-05-01 00:00:00+00:00
[2026-05-01T13:48:34.839+0000] {processor.py:183} INFO - Processing /home/airflow/.local/lib/python3.12/site-packages/airflow/example_dags/tutorial.py took 0.141 seconds
[2026-05-01T13:49:05.820+0000] {processor.py:161} INFO - Started process (PID=779) to work on /home/airflow/.local/lib/python3.12/site-packages/airflow/example_dags/tutorial.py
[2026-05-01T13:49:05.826+0000] {processor.py:830} INFO - Processing file /home/airflow/.local/lib/python3.12/site-packages/airflow/example_dags/tutorial.py for tasks to queue
[2026-05-01T13:49:05.832+0000] {logging_mixin.py:188} INFO - [2026-05-01T13:49:05.831+0000] {dagbag.py:545} INFO - Filling up the DagBag from /home/airflow/.local/lib/python3.12/site-packages/airflow/example_dags/tutorial.py
[2026-05-01T13:49:05.843+0000] {processor.py:840} INFO - DAG(s) 'tutorial' retrieved from /home/airflow/.local/lib/python3.12/site-packages/airflow/example_dags/tutorial.py
[2026-05-01T13:49:05.879+0000] {logging_mixin.py:188} INFO - [2026-05-01T13:49:05.879+0000] {dag.py:3089} INFO - Sync 1 DAGs
[2026-05-01T13:49:05.914+0000] {logging_mixin.py:188} INFO - [2026-05-01T13:49:05.914+0000] {dag.py:3947} INFO - Setting next_dagrun for tutorial to 2026-04-30 00:00:00+00:00, run_after=2026-05-01 00:00:00+00:00
[2026-05-01T13:49:05.957+0000] {processor.py:183} INFO - Processing /home/airflow/.local/lib/python3.12/site-packages/airflow/example_dags/tutorial.py took 0.147 seconds
[2026-05-01T13:49:37.709+0000] {processor.py:161} INFO - Started process (PID=838) to work on /home/airflow/.local/lib/python3.12/site-packages/airflow/example_dags/tutorial.py
[2026-05-01T13:49:37.712+0000] {processor.py:830} INFO - Processing file /home/airflow/.local/lib/python3.12/site-packages/airflow/example_dags/tutorial.py for tasks to queue
[2026-05-01T13:49:37.717+0000] {logging_mixin.py:188} INFO - [2026-05-01T13:49:37.717+0000] {dagbag.py:545} INFO - Filling up the DagBag from /home/airflow/.local/lib/python3.12/site-packages/airflow/example_dags/tutorial.py
[2026-05-01T13:49:37.729+0000] {processor.py:840} INFO - DAG(s) 'tutorial' retrieved from /home/airflow/.local/lib/python3.12/site-packages/airflow/example_dags/tutorial.py
[2026-05-01T13:49:37.765+0000] {logging_mixin.py:188} INFO - [2026-05-01T13:49:37.765+0000] {dag.py:3089} INFO - Sync 1 DAGs
[2026-05-01T13:49:37.814+0000] {logging_mixin.py:188} INFO - [2026-05-01T13:49:37.814+0000] {dag.py:3947} INFO - Setting next_dagrun for tutorial to 2026-04-30 00:00:00+00:00, run_after=2026-05-01 00:00:00+00:00
[2026-05-01T13:49:37.848+0000] {processor.py:183} INFO - Processing /home/airflow/.local/lib/python3.12/site-packages/airflow/example_dags/tutorial.py took 0.152 seconds
[2026-05-01T13:50:10.650+0000] {processor.py:161} INFO - Started process (PID=898) to work on /home/airflow/.local/lib/python3.12/site-packages/airflow/example_dags/tutorial.py
[2026-05-01T13:50:10.655+0000] {processor.py:830} INFO - Processing file /home/airflow/.local/lib/python3.12/site-packages/airflow/example_dags/tutorial.py for tasks to queue
[2026-05-01T13:50:10.668+0000] {logging_mixin.py:188} INFO - [2026-05-01T13:50:10.667+0000] {dagbag.py:545} INFO - Filling up the DagBag from /home/airflow/.local/lib/python3.12/site-packages/airflow/example_dags/tutorial.py
[2026-05-01T13:50:10.745+0000] {processor.py:840} INFO - DAG(s) 'tutorial' retrieved from /home/airflow/.local/lib/python3.12/site-packages/airflow/example_dags/tutorial.py
[2026-05-01T13:50:11.081+0000] {logging_mixin.py:188} INFO - [2026-05-01T13:50:11.081+0000] {dag.py:3089} INFO - Sync 1 DAGs
[2026-05-01T13:50:11.351+0000] {logging_mixin.py:188} INFO - [2026-05-01T13:50:11.350+0000] {dag.py:3947} INFO - Setting next_dagrun for tutorial to 2026-04-30 00:00:00+00:00, run_after=2026-05-01 00:00:00+00:00
[2026-05-01T13:50:11.434+0000] {processor.py:183} INFO - Processing /home/airflow/.local/lib/python3.12/site-packages/airflow/example_dags/tutorial.py took 0.826 seconds
[2026-05-01T13:50:41.841+0000] {processor.py:161} INFO - Started process (PID=956) to work on /home/airflow/.local/lib/python3.12/site-packages/airflow/example_dags/tutorial.py
[2026-05-01T13:50:41.843+0000] {processor.py:830} INFO - Processing file /home/airflow/.local/lib/python3.12/site-packages/airflow/example_dags/tutorial.py for tasks to queue
[2026-05-01T13:50:41.848+0000] {logging_mixin.py:188} INFO - [2026-05-01T13:50:41.847+0000] {dagbag.py:545} INFO - Filling up the DagBag from /home/airflow/.local/lib/python3.12/site-packages/airflow/example_dags/tutorial.py
[2026-05-01T13:50:41.860+0000] {processor.py:840} INFO - DAG(s) 'tutorial' retrieved from /home/airflow/.local/lib/python3.12/site-packages/airflow/example_dags/tutorial.py
[2026-05-01T13:50:41.885+0000] {logging_mixin.py:188} INFO - [2026-05-01T13:50:41.885+0000] {dag.py:3089} INFO - Sync 1 DAGs
[2026-05-01T13:50:41.918+0000] {logging_mixin.py:188} INFO - [2026-05-01T13:50:41.917+0000] {dag.py:3947} INFO - Setting next_dagrun for tutorial to 2026-04-30 00:00:00+00:00, run_after=2026-05-01 00:00:00+00:00
[2026-05-01T13:50:41.950+0000] {processor.py:183} INFO - Processing /home/airflow/.local/lib/python3.12/site-packages/airflow/example_dags/tutorial.py took 0.127 seconds
[2026-05-01T13:51:13.307+0000] {processor.py:161} INFO - Started process (PID=1013) to work on /home/airflow/.local/lib/python3.12/site-packages/airflow/example_dags/tutorial.py
[2026-05-01T13:51:13.319+0000] {processor.py:830} INFO - Processing file /home/airflow/.local/lib/python3.12/site-packages/airflow/example_dags/tutorial.py for tasks to queue
[2026-05-01T13:51:13.335+0000] {logging_mixin.py:188} INFO - [2026-05-01T13:51:13.333+0000] {dagbag.py:545} INFO - Filling up the DagBag from /home/airflow/.local/lib/python3.12/site-packages/airflow/example_dags/tutorial.py
[2026-05-01T13:51:13.353+0000] {processor.py:840} INFO - DAG(s) 'tutorial' retrieved from /home/airflow/.local/lib/python3.12/site-packages/airflow/example_dags/tutorial.py
[2026-05-01T13:51:13.399+0000] {logging_mixin.py:188} INFO - [2026-05-01T13:51:13.398+0000] {dag.py:3089} INFO - Sync 1 DAGs
[2026-05-01T13:51:13.439+0000] {logging_mixin.py:188} INFO - [2026-05-01T13:51:13.439+0000] {dag.py:3947} INFO - Setting next_dagrun for tutorial to 2026-04-30 00:00:00+00:00, run_after=2026-05-01 00:00:00+00:00
[2026-05-01T13:51:13.468+0000] {processor.py:183} INFO - Processing /home/airflow/.local/lib/python3.12/site-packages/airflow/example_dags/tutorial.py took 0.209 seconds
[2026-05-01T13:51:44.348+0000] {processor.py:161} INFO - Started process (PID=1072) to work on /home/airflow/.local/lib/python3.12/site-packages/airflow/example_dags/tutorial.py
[2026-05-01T13:51:44.351+0000] {processor.py:830} INFO - Processing file /home/airflow/.local/lib/python3.12/site-packages/airflow/example_dags/tutorial.py for tasks to queue
[2026-05-01T13:51:44.355+0000] {logging_mixin.py:188} INFO - [2026-05-01T13:51:44.355+0000] {dagbag.py:545} INFO - Filling up the DagBag from /home/airflow/.local/lib/python3.12/site-packages/airflow/example_dags/tutorial.py
[2026-05-01T13:51:44.366+0000] {processor.py:840} INFO - DAG(s) 'tutorial' retrieved from /home/airflow/.local/lib/python3.12/site-packages/airflow/example_dags/tutorial.py
[2026-05-01T13:51:44.397+0000] {logging_mixin.py:188} INFO - [2026-05-01T13:51:44.397+0000] {dag.py:3089} INFO - Sync 1 DAGs
[2026-05-01T13:51:44.437+0000] {logging_mixin.py:188} INFO - [2026-05-01T13:51:44.436+0000] {dag.py:3947} INFO - Setting next_dagrun for tutorial to 2026-04-30 00:00:00+00:00, run_after=2026-05-01 00:00:00+00:00
[2026-05-01T13:51:44.470+0000] {processor.py:183} INFO - Processing /home/airflow/.local/lib/python3.12/site-packages/airflow/example_dags/tutorial.py took 0.131 seconds
[2026-05-01T13:52:15.980+0000] {processor.py:161} INFO - Started process (PID=1130) to work on /home/airflow/.local/lib/python3.12/site-packages/airflow/example_dags/tutorial.py
[2026-05-01T13:52:15.991+0000] {processor.py:830} INFO - Processing file /home/airflow/.local/lib/python3.12/site-packages/airflow/example_dags/tutorial.py for tasks to queue
[2026-05-01T13:52:15.999+0000] {logging_mixin.py:188} INFO - [2026-05-01T13:52:15.998+0000] {dagbag.py:545} INFO - Filling up the DagBag from /home/airflow/.local/lib/python3.12/site-packages/airflow/example_dags/tutorial.py
[2026-05-01T13:52:16.017+0000] {processor.py:840} INFO - DAG(s) 'tutorial' retrieved from /home/airflow/.local/lib/python3.12/site-packages/airflow/example_dags/tutorial.py
[2026-05-01T13:52:16.065+0000] {logging_mixin.py:188} INFO - [2026-05-01T13:52:16.065+0000] {dag.py:3089} INFO - Sync 1 DAGs
[2026-05-01T13:52:16.101+0000] {logging_mixin.py:188} INFO - [2026-05-01T13:52:16.100+0000] {dag.py:3947} INFO - Setting next_dagrun for tutorial to 2026-04-30 00:00:00+00:00, run_after=2026-05-01 00:00:00+00:00
[2026-05-01T13:52:16.134+0000] {processor.py:183} INFO - Processing /home/airflow/.local/lib/python3.12/site-packages/airflow/example_dags/tutorial.py took 0.190 seconds
[2026-05-01T13:52:46.781+0000] {processor.py:161} INFO - Started process (PID=1188) to work on /home/airflow/.local/lib/python3.12/site-packages/airflow/example_dags/tutorial.py
[2026-05-01T13:52:46.784+0000] {processor.py:830} INFO - Processing file /home/airflow/.local/lib/python3.12/site-packages/airflow/example_dags/tutorial.py for tasks to queue
[2026-05-01T13:52:46.788+0000] {logging_mixin.py:188} INFO - [2026-05-01T13:52:46.788+0000] {dagbag.py:545} INFO - Filling up the DagBag from /home/airflow/.local/lib/python3.12/site-packages/airflow/example_dags/tutorial.py
[2026-05-01T13:52:46.797+0000] {processor.py:840} INFO - DAG(s) 'tutorial' retrieved from /home/airflow/.local/lib/python3.12/site-packages/airflow/example_dags/tutorial.py
[2026-05-01T13:52:46.827+0000] {logging_mixin.py:188} INFO - [2026-05-01T13:52:46.827+0000] {dag.py:3089} INFO - Sync 1 DAGs
[2026-05-01T13:52:46.857+0000] {logging_mixin.py:188} INFO - [2026-05-01T13:52:46.856+0000] {dag.py:3947} INFO - Setting next_dagrun for tutorial to 2026-04-30 00:00:00+00:00, run_after=2026-05-01 00:00:00+00:00
[2026-05-01T13:52:46.889+0000] {processor.py:183} INFO - Processing /home/airflow/.local/lib/python3.12/site-packages/airflow/example_dags/tutorial.py took 0.116 seconds
[2026-05-01T13:53:17.331+0000] {processor.py:161} INFO - Started process (PID=1246) to work on /home/airflow/.local/lib/python3.12/site-packages/airflow/example_dags/tutorial.py
[2026-05-01T13:53:17.334+0000] {processor.py:830} INFO - Processing file /home/airflow/.local/lib/python3.12/site-packages/airflow/example_dags/tutorial.py for tasks to queue
[2026-05-01T13:53:17.339+0000] {logging_mixin.py:188} INFO - [2026-05-01T13:53:17.338+0000] {dagbag.py:545} INFO - Filling up the DagBag from /home/airflow/.local/lib/python3.12/site-packages/airflow/example_dags/tutorial.py
[2026-05-01T13:53:17.350+0000] {processor.py:840} INFO - DAG(s) 'tutorial' retrieved from /home/airflow/.local/lib/python3.12/site-packages/airflow/example_dags/tutorial.py
[2026-05-01T13:53:17.381+0000] {logging_mixin.py:188} INFO - [2026-05-01T13:53:17.381+0000] {dag.py:3089} INFO - Sync 1 DAGs
[2026-05-01T13:53:17.423+0000] {logging_mixin.py:188} INFO - [2026-05-01T13:53:17.422+0000] {dag.py:3947} INFO - Setting next_dagrun for tutorial to 2026-04-30 00:00:00+00:00, run_after=2026-05-01 00:00:00+00:00
[2026-05-01T13:53:17.474+0000] {processor.py:183} INFO - Processing /home/airflow/.local/lib/python3.12/site-packages/airflow/example_dags/tutorial.py took 0.153 seconds
