[2026-05-01T19:44:15.278+0000] {local_task_job_runner.py:120} INFO - ::group::Pre task execution logs
[2026-05-01T19:44:15.419+0000] {taskinstance.py:2076} INFO - Dependencies all met for dep_context=non-requeueable deps ti=<TaskInstance: coffee_pipeline.dbt_staging scheduled__2025-01-07T00:00:00+00:00 [queued]>
[2026-05-01T19:44:15.477+0000] {taskinstance.py:2076} INFO - Dependencies all met for dep_context=requeueable deps ti=<TaskInstance: coffee_pipeline.dbt_staging scheduled__2025-01-07T00:00:00+00:00 [queued]>
[2026-05-01T19:44:15.480+0000] {taskinstance.py:2306} INFO - Starting attempt 1 of 2
[2026-05-01T19:44:15.574+0000] {taskinstance.py:2330} INFO - Executing <Task(BashOperator): dbt_staging> on 2025-01-07 00:00:00+00:00
[2026-05-01T19:44:15.618+0000] {warnings.py:112} WARNING - /home/***/.local/lib/python3.12/site-packages/***/task/task_runner/standard_task_runner.py:62: DeprecationWarning: This process (pid=1082) is multi-threaded, use of fork() may lead to deadlocks in the child.
  pid = os.fork()

[2026-05-01T19:44:15.641+0000] {standard_task_runner.py:64} INFO - Started process 1091 to run task
[2026-05-01T19:44:15.658+0000] {standard_task_runner.py:90} INFO - Running: ['***', 'tasks', 'run', 'coffee_pipeline', 'dbt_staging', 'scheduled__2025-01-07T00:00:00+00:00', '--job-id', '43', '--raw', '--subdir', 'DAGS_FOLDER/coffee_pipeline.py', '--cfg-path', '/tmp/tmpskpaznty']
[2026-05-01T19:44:15.664+0000] {standard_task_runner.py:91} INFO - Job 43: Subtask dbt_staging
[2026-05-01T19:44:15.883+0000] {task_command.py:426} INFO - Running <TaskInstance: coffee_pipeline.dbt_staging scheduled__2025-01-07T00:00:00+00:00 [running]> on host ***-worker
[2026-05-01T19:44:16.314+0000] {taskinstance.py:2648} INFO - Exporting env vars: AIRFLOW_CTX_DAG_OWNER='Khangelani' AIRFLOW_CTX_DAG_ID='coffee_pipeline' AIRFLOW_CTX_TASK_ID='dbt_staging' AIRFLOW_CTX_EXECUTION_DATE='2025-01-07T00:00:00+00:00' AIRFLOW_CTX_TRY_NUMBER='1' AIRFLOW_CTX_DAG_RUN_ID='scheduled__2025-01-07T00:00:00+00:00'
[2026-05-01T19:44:16.333+0000] {taskinstance.py:430} INFO - ::endgroup::
[2026-05-01T19:44:16.356+0000] {subprocess.py:63} INFO - Tmp dir root location: /tmp
[2026-05-01T19:44:16.362+0000] {subprocess.py:75} INFO - Running command: ['/usr/bin/bash', '-c', '\n        cd /opt/***/project/transform/coffee_project &&\n        dbt run --select staging --target prod\n        ']
[2026-05-01T19:44:16.454+0000] {subprocess.py:86} INFO - Output:
[2026-05-01T19:44:25.622+0000] {subprocess.py:93} INFO - [0m19:44:25  Running with dbt=1.8.7
[2026-05-01T19:44:33.105+0000] {subprocess.py:93} INFO - [0m19:44:33  Registered adapter: bigquery=1.9.2
[2026-05-01T19:44:33.975+0000] {subprocess.py:93} INFO - [0m19:44:33  [[33mWARNING[0m]: Configuration paths exist in your dbt_project.yml file which do not apply to any resources.
[2026-05-01T19:44:33.977+0000] {subprocess.py:93} INFO - There are 1 unused configuration paths:
[2026-05-01T19:44:33.980+0000] {subprocess.py:93} INFO - - models.coffee_project.example
[2026-05-01T19:44:34.816+0000] {subprocess.py:93} INFO - [0m19:44:34  Found 5 models, 2 data tests, 1 source, 489 macros
[2026-05-01T19:44:34.845+0000] {subprocess.py:93} INFO - [0m19:44:34
[2026-05-01T19:44:39.447+0000] {subprocess.py:93} INFO - [0m19:44:39  Concurrency: 4 threads (target='prod')
[2026-05-01T19:44:39.462+0000] {subprocess.py:93} INFO - [0m19:44:39
[2026-05-01T19:44:39.521+0000] {subprocess.py:93} INFO - [0m19:44:39  1 of 1 START sql view model coffee_prod.staging_lower_manhattan ................ [RUN]
[2026-05-01T19:44:44.753+0000] {subprocess.py:93} INFO - [0m19:44:44  1 of 1 OK created sql view model coffee_prod.staging_lower_manhattan ........... [[32mCREATE VIEW (0 processed)[0m in 5.21s]
[2026-05-01T19:44:44.906+0000] {subprocess.py:93} INFO - [0m19:44:44
[2026-05-01T19:44:44.911+0000] {subprocess.py:93} INFO - [0m19:44:44  Finished running 1 view model in 0 hours 0 minutes and 10.05 seconds (10.05s).
[2026-05-01T19:44:45.530+0000] {subprocess.py:93} INFO - [0m19:44:45
[2026-05-01T19:44:45.539+0000] {subprocess.py:93} INFO - [0m19:44:45  [32mCompleted successfully[0m
[2026-05-01T19:44:45.549+0000] {subprocess.py:93} INFO - [0m19:44:45
[2026-05-01T19:44:45.556+0000] {subprocess.py:93} INFO - [0m19:44:45  Done. PASS=1 WARN=0 ERROR=0 SKIP=0 TOTAL=1
[2026-05-01T19:44:50.070+0000] {subprocess.py:97} INFO - Command exited with return code 0
[2026-05-01T19:44:50.082+0000] {taskinstance.py:441} INFO - ::group::Post task execution logs
[2026-05-01T19:44:50.158+0000] {taskinstance.py:1206} INFO - Marking task as SUCCESS. dag_id=coffee_pipeline, task_id=dbt_staging, run_id=scheduled__2025-01-07T00:00:00+00:00, execution_date=20250107T000000, start_date=20260501T194415, end_date=20260501T194450
[2026-05-01T19:44:50.285+0000] {local_task_job_runner.py:243} INFO - Task exited with return code 0
[2026-05-01T19:44:50.386+0000] {taskinstance.py:3503} INFO - 1 downstream tasks scheduled from follow-on schedule check
[2026-05-01T19:44:50.392+0000] {local_task_job_runner.py:222} INFO - ::endgroup::
