[2026-05-01T19:46:12.877+0000] {local_task_job_runner.py:120} INFO - ::group::Pre task execution logs
[2026-05-01T19:46:13.365+0000] {taskinstance.py:2076} INFO - Dependencies all met for dep_context=non-requeueable deps ti=<TaskInstance: coffee_pipeline.ingest_data scheduled__2025-01-08T00:00:00+00:00 [queued]>
[2026-05-01T19:46:13.483+0000] {taskinstance.py:2076} INFO - Dependencies all met for dep_context=requeueable deps ti=<TaskInstance: coffee_pipeline.ingest_data scheduled__2025-01-08T00:00:00+00:00 [queued]>
[2026-05-01T19:46:13.492+0000] {taskinstance.py:2306} INFO - Starting attempt 1 of 2
[2026-05-01T19:46:13.553+0000] {taskinstance.py:2330} INFO - Executing <Task(PythonOperator): ingest_data> on 2025-01-08 00:00:00+00:00
[2026-05-01T19:46:13.571+0000] {standard_task_runner.py:90} INFO - Running: ['***', 'tasks', 'run', 'coffee_pipeline', 'ingest_data', 'scheduled__2025-01-08T00:00:00+00:00', '--job-id', '47', '--raw', '--subdir', 'DAGS_FOLDER/coffee_pipeline.py', '--cfg-path', '/tmp/tmpleseszgc']
[2026-05-01T19:46:13.575+0000] {standard_task_runner.py:91} INFO - Job 47: Subtask ingest_data
[2026-05-01T19:46:13.574+0000] {warnings.py:112} WARNING - /home/***/.local/lib/python3.12/site-packages/***/task/task_runner/standard_task_runner.py:62: DeprecationWarning: This process (pid=1160) is multi-threaded, use of fork() may lead to deadlocks in the child.
  pid = os.fork()

[2026-05-01T19:46:13.578+0000] {standard_task_runner.py:64} INFO - Started process 1168 to run task
[2026-05-01T19:46:13.877+0000] {task_command.py:426} INFO - Running <TaskInstance: coffee_pipeline.ingest_data scheduled__2025-01-08T00:00:00+00:00 [running]> on host ***-worker
[2026-05-01T19:46:14.230+0000] {taskinstance.py:2648} INFO - Exporting env vars: AIRFLOW_CTX_DAG_OWNER='Khangelani' AIRFLOW_CTX_DAG_ID='coffee_pipeline' AIRFLOW_CTX_TASK_ID='ingest_data' AIRFLOW_CTX_EXECUTION_DATE='2025-01-08T00:00:00+00:00' AIRFLOW_CTX_TRY_NUMBER='1' AIRFLOW_CTX_DAG_RUN_ID='scheduled__2025-01-08T00:00:00+00:00'
[2026-05-01T19:46:14.233+0000] {taskinstance.py:430} INFO - ::endgroup::
[2026-05-01T19:46:14.402+0000] {logging_mixin.py:188} INFO - Processing file: /opt/***/project/data/Lower_Manhattan.csv → coffee-shop-updated.coffee_raw.raw_lower_manhattan
[2026-05-01T19:46:24.823+0000] {logging_mixin.py:188} INFO - Loaded 47781 rows into coffee-shop-updated.coffee_raw.raw_lower_manhattan
[2026-05-01T19:46:24.825+0000] {python.py:237} INFO - Done. Returned value was: None
[2026-05-01T19:46:24.827+0000] {taskinstance.py:441} INFO - ::group::Post task execution logs
[2026-05-01T19:46:24.853+0000] {taskinstance.py:1206} INFO - Marking task as SUCCESS. dag_id=coffee_pipeline, task_id=ingest_data, run_id=scheduled__2025-01-08T00:00:00+00:00, execution_date=20250108T000000, start_date=20260501T194613, end_date=20260501T194624
[2026-05-01T19:46:24.935+0000] {local_task_job_runner.py:243} INFO - Task exited with return code 0
[2026-05-01T19:46:24.961+0000] {local_task_job_runner.py:222} INFO - ::endgroup::
