[2026-05-01T19:59:25.685+0000] {local_task_job_runner.py:120} INFO - ::group::Pre task execution logs
[2026-05-01T19:59:25.711+0000] {taskinstance.py:2076} INFO - Dependencies all met for dep_context=non-requeueable deps ti=<TaskInstance: coffee_pipeline.ingest_data scheduled__2025-01-16T00:00:00+00:00 [queued]>
[2026-05-01T19:59:25.722+0000] {taskinstance.py:2076} INFO - Dependencies all met for dep_context=requeueable deps ti=<TaskInstance: coffee_pipeline.ingest_data scheduled__2025-01-16T00:00:00+00:00 [queued]>
[2026-05-01T19:59:25.723+0000] {taskinstance.py:2306} INFO - Starting attempt 1 of 2
[2026-05-01T19:59:25.742+0000] {taskinstance.py:2330} INFO - Executing <Task(PythonOperator): ingest_data> on 2025-01-16 00:00:00+00:00
[2026-05-01T19:59:25.753+0000] {warnings.py:112} WARNING - /home/***/.local/lib/python3.12/site-packages/***/task/task_runner/standard_task_runner.py:62: DeprecationWarning: This process (pid=1784) is multi-threaded, use of fork() may lead to deadlocks in the child.
  pid = os.fork()

[2026-05-01T19:59:25.756+0000] {standard_task_runner.py:64} INFO - Started process 1786 to run task
[2026-05-01T19:59:25.756+0000] {standard_task_runner.py:90} INFO - Running: ['***', 'tasks', 'run', 'coffee_pipeline', 'ingest_data', 'scheduled__2025-01-16T00:00:00+00:00', '--job-id', '87', '--raw', '--subdir', 'DAGS_FOLDER/coffee_pipeline.py', '--cfg-path', '/tmp/tmpy4m8nn77']
[2026-05-01T19:59:25.759+0000] {standard_task_runner.py:91} INFO - Job 87: Subtask ingest_data
[2026-05-01T19:59:25.824+0000] {task_command.py:426} INFO - Running <TaskInstance: coffee_pipeline.ingest_data scheduled__2025-01-16T00:00:00+00:00 [running]> on host ***-worker
[2026-05-01T19:59:25.942+0000] {taskinstance.py:2648} INFO - Exporting env vars: AIRFLOW_CTX_DAG_OWNER='Khangelani' AIRFLOW_CTX_DAG_ID='coffee_pipeline' AIRFLOW_CTX_TASK_ID='ingest_data' AIRFLOW_CTX_EXECUTION_DATE='2025-01-16T00:00:00+00:00' AIRFLOW_CTX_TRY_NUMBER='1' AIRFLOW_CTX_DAG_RUN_ID='scheduled__2025-01-16T00:00:00+00:00'
[2026-05-01T19:59:25.945+0000] {taskinstance.py:430} INFO - ::endgroup::
[2026-05-01T19:59:26.057+0000] {logging_mixin.py:188} INFO - Processing file: /opt/***/project/data/Lower_Manhattan.csv → coffee-shop-updated.coffee_raw.raw_lower_manhattan
[2026-05-01T19:59:34.482+0000] {logging_mixin.py:188} INFO - Loaded 47781 rows into coffee-shop-updated.coffee_raw.raw_lower_manhattan
[2026-05-01T19:59:34.495+0000] {python.py:237} INFO - Done. Returned value was: None
[2026-05-01T19:59:34.511+0000] {taskinstance.py:441} INFO - ::group::Post task execution logs
[2026-05-01T19:59:34.572+0000] {taskinstance.py:1206} INFO - Marking task as SUCCESS. dag_id=coffee_pipeline, task_id=ingest_data, run_id=scheduled__2025-01-16T00:00:00+00:00, execution_date=20250116T000000, start_date=20260501T195925, end_date=20260501T195934
[2026-05-01T19:59:34.717+0000] {local_task_job_runner.py:243} INFO - Task exited with return code 0
[2026-05-01T19:59:34.809+0000] {taskinstance.py:3503} INFO - 1 downstream tasks scheduled from follow-on schedule check
[2026-05-01T19:59:34.814+0000] {local_task_job_runner.py:222} INFO - ::endgroup::
