[2026-05-01T19:41:35.298+0000] {local_task_job_runner.py:120} INFO - ::group::Pre task execution logs
[2026-05-01T19:41:35.368+0000] {taskinstance.py:2076} INFO - Dependencies all met for dep_context=non-requeueable deps ti=<TaskInstance: coffee_pipeline.ingest_data manual__2026-05-01T19:40:05.950029+00:00 [queued]>
[2026-05-01T19:41:35.397+0000] {taskinstance.py:2076} INFO - Dependencies all met for dep_context=requeueable deps ti=<TaskInstance: coffee_pipeline.ingest_data manual__2026-05-01T19:40:05.950029+00:00 [queued]>
[2026-05-01T19:41:35.399+0000] {taskinstance.py:2306} INFO - Starting attempt 1 of 2
[2026-05-01T19:41:35.437+0000] {taskinstance.py:2330} INFO - Executing <Task(PythonOperator): ingest_data> on 2026-05-01 19:40:05.950029+00:00
[2026-05-01T19:41:35.456+0000] {warnings.py:112} WARNING - /home/***/.local/lib/python3.12/site-packages/***/task/task_runner/standard_task_runner.py:62: DeprecationWarning: This process (pid=992) is multi-threaded, use of fork() may lead to deadlocks in the child.
  pid = os.fork()

[2026-05-01T19:41:35.461+0000] {standard_task_runner.py:64} INFO - Started process 994 to run task
[2026-05-01T19:41:35.461+0000] {standard_task_runner.py:90} INFO - Running: ['***', 'tasks', 'run', 'coffee_pipeline', 'ingest_data', 'manual__2026-05-01T19:40:05.950029+00:00', '--job-id', '37', '--raw', '--subdir', 'DAGS_FOLDER/coffee_pipeline.py', '--cfg-path', '/tmp/tmpk50742z1']
[2026-05-01T19:41:35.467+0000] {standard_task_runner.py:91} INFO - Job 37: Subtask ingest_data
[2026-05-01T19:41:35.566+0000] {task_command.py:426} INFO - Running <TaskInstance: coffee_pipeline.ingest_data manual__2026-05-01T19:40:05.950029+00:00 [running]> on host ***-worker
[2026-05-01T19:41:35.797+0000] {taskinstance.py:2648} INFO - Exporting env vars: AIRFLOW_CTX_DAG_OWNER='Khangelani' AIRFLOW_CTX_DAG_ID='coffee_pipeline' AIRFLOW_CTX_TASK_ID='ingest_data' AIRFLOW_CTX_EXECUTION_DATE='2026-05-01T19:40:05.950029+00:00' AIRFLOW_CTX_TRY_NUMBER='1' AIRFLOW_CTX_DAG_RUN_ID='manual__2026-05-01T19:40:05.950029+00:00'
[2026-05-01T19:41:35.802+0000] {taskinstance.py:430} INFO - ::endgroup::
[2026-05-01T19:41:36.114+0000] {logging_mixin.py:188} INFO - Processing file: /opt/***/project/data/Lower_Manhattan.csv → coffee-shop-updated.coffee_raw.raw_lower_manhattan
[2026-05-01T19:41:45.730+0000] {logging_mixin.py:188} INFO - Loaded 47781 rows into coffee-shop-updated.coffee_raw.raw_lower_manhattan
[2026-05-01T19:41:45.733+0000] {python.py:237} INFO - Done. Returned value was: None
[2026-05-01T19:41:45.736+0000] {taskinstance.py:441} INFO - ::group::Post task execution logs
[2026-05-01T19:41:45.768+0000] {taskinstance.py:1206} INFO - Marking task as SUCCESS. dag_id=coffee_pipeline, task_id=ingest_data, run_id=manual__2026-05-01T19:40:05.950029+00:00, execution_date=20260501T194005, start_date=20260501T194135, end_date=20260501T194145
[2026-05-01T19:41:45.895+0000] {local_task_job_runner.py:243} INFO - Task exited with return code 0
[2026-05-01T19:41:45.968+0000] {taskinstance.py:3503} INFO - 1 downstream tasks scheduled from follow-on schedule check
[2026-05-01T19:41:45.974+0000] {local_task_job_runner.py:222} INFO - ::endgroup::
