[2026-05-01T19:16:42.424+0000] {local_task_job_runner.py:120} INFO - ::group::Pre task execution logs
[2026-05-01T19:16:42.541+0000] {taskinstance.py:2076} INFO - Dependencies all met for dep_context=non-requeueable deps ti=<TaskInstance: coffee_pipeline.dbt_staging scheduled__2025-01-03T00:00:00+00:00 [queued]>
[2026-05-01T19:16:42.591+0000] {taskinstance.py:2076} INFO - Dependencies all met for dep_context=requeueable deps ti=<TaskInstance: coffee_pipeline.dbt_staging scheduled__2025-01-03T00:00:00+00:00 [queued]>
[2026-05-01T19:16:42.593+0000] {taskinstance.py:2306} INFO - Starting attempt 2 of 2
[2026-05-01T19:16:42.660+0000] {taskinstance.py:2330} INFO - Executing <Task(BashOperator): dbt_staging> on 2025-01-03 00:00:00+00:00
[2026-05-01T19:16:42.701+0000] {warnings.py:112} WARNING - /home/***/.local/lib/python3.12/site-packages/***/task/task_runner/standard_task_runner.py:62: DeprecationWarning: This process (pid=573) is multi-threaded, use of fork() may lead to deadlocks in the child.
  pid = os.fork()

[2026-05-01T19:16:42.710+0000] {standard_task_runner.py:64} INFO - Started process 575 to run task
[2026-05-01T19:16:42.729+0000] {standard_task_runner.py:90} INFO - Running: ['***', 'tasks', 'run', 'coffee_pipeline', 'dbt_staging', 'scheduled__2025-01-03T00:00:00+00:00', '--job-id', '19', '--raw', '--subdir', 'DAGS_FOLDER/coffee_pipeline.py', '--cfg-path', '/tmp/tmpw0jonct9']
[2026-05-01T19:16:42.743+0000] {standard_task_runner.py:91} INFO - Job 19: Subtask dbt_staging
[2026-05-01T19:16:43.008+0000] {task_command.py:426} INFO - Running <TaskInstance: coffee_pipeline.dbt_staging scheduled__2025-01-03T00:00:00+00:00 [running]> on host ***-worker
[2026-05-01T19:16:43.819+0000] {taskinstance.py:2648} INFO - Exporting env vars: AIRFLOW_CTX_DAG_OWNER='Khangelani' AIRFLOW_CTX_DAG_ID='coffee_pipeline' AIRFLOW_CTX_TASK_ID='dbt_staging' AIRFLOW_CTX_EXECUTION_DATE='2025-01-03T00:00:00+00:00' AIRFLOW_CTX_TRY_NUMBER='2' AIRFLOW_CTX_DAG_RUN_ID='scheduled__2025-01-03T00:00:00+00:00'
[2026-05-01T19:16:43.836+0000] {taskinstance.py:430} INFO - ::endgroup::
[2026-05-01T19:16:43.844+0000] {subprocess.py:63} INFO - Tmp dir root location: /tmp
[2026-05-01T19:16:43.850+0000] {subprocess.py:75} INFO - Running command: ['/usr/bin/bash', '-c', '\n        cd /opt/***/project/transform/coffee_project &&\n        dbt run --select staging --target prod\n        ']
[2026-05-01T19:16:43.889+0000] {subprocess.py:86} INFO - Output:
[2026-05-01T19:16:53.943+0000] {subprocess.py:93} INFO - [0m19:16:53  Running with dbt=1.8.7
[2026-05-01T19:17:03.401+0000] {local_task_job_runner.py:313} WARNING - State of this instance has been externally set to failed. Terminating instance.
[2026-05-01T19:17:03.406+0000] {local_task_job_runner.py:222} INFO - ::endgroup::
[2026-05-01T19:17:03.417+0000] {process_utils.py:132} INFO - Sending 15 to group 575. PIDs of all processes in the group: [576, 577, 575]
[2026-05-01T19:17:03.424+0000] {process_utils.py:87} INFO - Sending the signal 15 to group 575
[2026-05-01T19:17:03.426+0000] {taskinstance.py:2611} ERROR - Received SIGTERM. Terminating subprocesses.
[2026-05-01T19:17:03.437+0000] {subprocess.py:104} INFO - Sending SIGTERM signal to process group
[2026-05-01T19:17:03.441+0000] {taskinstance.py:441} INFO - ::group::Post task execution logs
[2026-05-01T19:17:03.658+0000] {process_utils.py:80} INFO - Process psutil.Process(pid=576, status='terminated', started='19:16:43') (576) terminated with exit code None
[2026-05-01T19:17:03.769+0000] {process_utils.py:80} INFO - Process psutil.Process(pid=577, status='terminated', started='19:16:43') (577) terminated with exit code None
[2026-05-01T19:17:03.772+0000] {process_utils.py:80} INFO - Process psutil.Process(pid=575, status='terminated', exitcode=0, started='19:16:42') (575) terminated with exit code 0
