[2026-05-01T19:51:32.579+0000] {local_task_job_runner.py:120} INFO - ::group::Pre task execution logs
[2026-05-01T19:51:32.608+0000] {taskinstance.py:2076} INFO - Dependencies all met for dep_context=non-requeueable deps ti=<TaskInstance: coffee_pipeline.dbt_staging scheduled__2025-01-11T00:00:00+00:00 [queued]>
[2026-05-01T19:51:32.619+0000] {taskinstance.py:2076} INFO - Dependencies all met for dep_context=requeueable deps ti=<TaskInstance: coffee_pipeline.dbt_staging scheduled__2025-01-11T00:00:00+00:00 [queued]>
[2026-05-01T19:51:32.621+0000] {taskinstance.py:2306} INFO - Starting attempt 1 of 2
[2026-05-01T19:51:32.646+0000] {taskinstance.py:2330} INFO - Executing <Task(BashOperator): dbt_staging> on 2025-01-11 00:00:00+00:00
[2026-05-01T19:51:32.659+0000] {warnings.py:112} WARNING - /home/***/.local/lib/python3.12/site-packages/***/task/task_runner/standard_task_runner.py:62: DeprecationWarning: This process (pid=1402) is multi-threaded, use of fork() may lead to deadlocks in the child.
  pid = os.fork()

[2026-05-01T19:51:32.661+0000] {standard_task_runner.py:64} INFO - Started process 1404 to run task
[2026-05-01T19:51:32.667+0000] {standard_task_runner.py:90} INFO - Running: ['***', 'tasks', 'run', 'coffee_pipeline', 'dbt_staging', 'scheduled__2025-01-11T00:00:00+00:00', '--job-id', '63', '--raw', '--subdir', 'DAGS_FOLDER/coffee_pipeline.py', '--cfg-path', '/tmp/tmpvjwcm1ol']
[2026-05-01T19:51:32.674+0000] {standard_task_runner.py:91} INFO - Job 63: Subtask dbt_staging
[2026-05-01T19:51:32.763+0000] {task_command.py:426} INFO - Running <TaskInstance: coffee_pipeline.dbt_staging scheduled__2025-01-11T00:00:00+00:00 [running]> on host ***-worker
[2026-05-01T19:51:32.916+0000] {taskinstance.py:2648} INFO - Exporting env vars: AIRFLOW_CTX_DAG_OWNER='Khangelani' AIRFLOW_CTX_DAG_ID='coffee_pipeline' AIRFLOW_CTX_TASK_ID='dbt_staging' AIRFLOW_CTX_EXECUTION_DATE='2025-01-11T00:00:00+00:00' AIRFLOW_CTX_TRY_NUMBER='1' AIRFLOW_CTX_DAG_RUN_ID='scheduled__2025-01-11T00:00:00+00:00'
[2026-05-01T19:51:32.920+0000] {taskinstance.py:430} INFO - ::endgroup::
[2026-05-01T19:51:32.922+0000] {subprocess.py:63} INFO - Tmp dir root location: /tmp
[2026-05-01T19:51:32.925+0000] {subprocess.py:75} INFO - Running command: ['/usr/bin/bash', '-c', '\n        cd /opt/***/project/transform/coffee_project &&\n        dbt run --select staging --target prod\n        ']
[2026-05-01T19:51:32.949+0000] {subprocess.py:86} INFO - Output:
[2026-05-01T19:51:35.686+0000] {subprocess.py:93} INFO - [0m19:51:35  Running with dbt=1.8.7
[2026-05-01T19:51:39.205+0000] {subprocess.py:93} INFO - [0m19:51:39  Registered adapter: bigquery=1.9.2
[2026-05-01T19:51:39.699+0000] {subprocess.py:93} INFO - [0m19:51:39  [[33mWARNING[0m]: Configuration paths exist in your dbt_project.yml file which do not apply to any resources.
[2026-05-01T19:51:39.702+0000] {subprocess.py:93} INFO - There are 1 unused configuration paths:
[2026-05-01T19:51:39.705+0000] {subprocess.py:93} INFO - - models.coffee_project.example
[2026-05-01T19:51:40.025+0000] {subprocess.py:93} INFO - [0m19:51:40  Found 5 models, 2 data tests, 1 source, 489 macros
[2026-05-01T19:51:40.032+0000] {subprocess.py:93} INFO - [0m19:51:40
[2026-05-01T19:51:43.810+0000] {subprocess.py:93} INFO - [0m19:51:43  Concurrency: 4 threads (target='prod')
[2026-05-01T19:51:43.814+0000] {subprocess.py:93} INFO - [0m19:51:43
[2026-05-01T19:51:43.832+0000] {subprocess.py:93} INFO - [0m19:51:43  1 of 1 START sql view model coffee_prod.staging_lower_manhattan ................ [RUN]
[2026-05-01T19:51:49.294+0000] {subprocess.py:93} INFO - [0m19:51:49  1 of 1 OK created sql view model coffee_prod.staging_lower_manhattan ........... [[32mCREATE VIEW (0 processed)[0m in 5.45s]
[2026-05-01T19:51:49.368+0000] {subprocess.py:93} INFO - [0m19:51:49
[2026-05-01T19:51:49.373+0000] {subprocess.py:93} INFO - [0m19:51:49  Finished running 1 view model in 0 hours 0 minutes and 9.33 seconds (9.33s).
[2026-05-01T19:51:49.792+0000] {subprocess.py:93} INFO - [0m19:51:49
[2026-05-01T19:51:49.796+0000] {subprocess.py:93} INFO - [0m19:51:49  [32mCompleted successfully[0m
[2026-05-01T19:51:49.799+0000] {subprocess.py:93} INFO - [0m19:51:49
[2026-05-01T19:51:49.803+0000] {subprocess.py:93} INFO - [0m19:51:49  Done. PASS=1 WARN=0 ERROR=0 SKIP=0 TOTAL=1
[2026-05-01T19:51:52.370+0000] {subprocess.py:97} INFO - Command exited with return code 0
[2026-05-01T19:51:52.372+0000] {taskinstance.py:441} INFO - ::group::Post task execution logs
[2026-05-01T19:51:52.407+0000] {taskinstance.py:1206} INFO - Marking task as SUCCESS. dag_id=coffee_pipeline, task_id=dbt_staging, run_id=scheduled__2025-01-11T00:00:00+00:00, execution_date=20250111T000000, start_date=20260501T195132, end_date=20260501T195152
[2026-05-01T19:51:52.496+0000] {local_task_job_runner.py:243} INFO - Task exited with return code 0
[2026-05-01T19:51:52.535+0000] {taskinstance.py:3503} INFO - 1 downstream tasks scheduled from follow-on schedule check
[2026-05-01T19:51:52.540+0000] {local_task_job_runner.py:222} INFO - ::endgroup::
