[2026-05-01T19:49:12.417+0000] {local_task_job_runner.py:120} INFO - ::group::Pre task execution logs
[2026-05-01T19:49:12.453+0000] {taskinstance.py:2076} INFO - Dependencies all met for dep_context=non-requeueable deps ti=<TaskInstance: coffee_pipeline.dbt_marts scheduled__2025-01-09T00:00:00+00:00 [queued]>
[2026-05-01T19:49:12.466+0000] {taskinstance.py:2076} INFO - Dependencies all met for dep_context=requeueable deps ti=<TaskInstance: coffee_pipeline.dbt_marts scheduled__2025-01-09T00:00:00+00:00 [queued]>
[2026-05-01T19:49:12.467+0000] {taskinstance.py:2306} INFO - Starting attempt 1 of 2
[2026-05-01T19:49:12.487+0000] {taskinstance.py:2330} INFO - Executing <Task(BashOperator): dbt_marts> on 2025-01-09 00:00:00+00:00
[2026-05-01T19:49:12.501+0000] {warnings.py:112} WARNING - /home/***/.local/lib/python3.12/site-packages/***/task/task_runner/standard_task_runner.py:62: DeprecationWarning: This process (pid=1274) is multi-threaded, use of fork() may lead to deadlocks in the child.
  pid = os.fork()

[2026-05-01T19:49:12.504+0000] {standard_task_runner.py:90} INFO - Running: ['***', 'tasks', 'run', 'coffee_pipeline', 'dbt_marts', 'scheduled__2025-01-09T00:00:00+00:00', '--job-id', '54', '--raw', '--subdir', 'DAGS_FOLDER/coffee_pipeline.py', '--cfg-path', '/tmp/tmp_e8jdkz5']
[2026-05-01T19:49:12.505+0000] {standard_task_runner.py:64} INFO - Started process 1276 to run task
[2026-05-01T19:49:12.507+0000] {standard_task_runner.py:91} INFO - Job 54: Subtask dbt_marts
[2026-05-01T19:49:12.583+0000] {task_command.py:426} INFO - Running <TaskInstance: coffee_pipeline.dbt_marts scheduled__2025-01-09T00:00:00+00:00 [running]> on host ***-worker
[2026-05-01T19:49:12.737+0000] {taskinstance.py:2648} INFO - Exporting env vars: AIRFLOW_CTX_DAG_OWNER='Khangelani' AIRFLOW_CTX_DAG_ID='coffee_pipeline' AIRFLOW_CTX_TASK_ID='dbt_marts' AIRFLOW_CTX_EXECUTION_DATE='2025-01-09T00:00:00+00:00' AIRFLOW_CTX_TRY_NUMBER='1' AIRFLOW_CTX_DAG_RUN_ID='scheduled__2025-01-09T00:00:00+00:00'
[2026-05-01T19:49:12.742+0000] {taskinstance.py:430} INFO - ::endgroup::
[2026-05-01T19:49:12.746+0000] {subprocess.py:63} INFO - Tmp dir root location: /tmp
[2026-05-01T19:49:12.750+0000] {subprocess.py:75} INFO - Running command: ['/usr/bin/bash', '-c', '\n        cd /opt/***/project/transform/coffee_project &&\n        dbt run --select marts --target prod\n        ']
[2026-05-01T19:49:12.771+0000] {subprocess.py:86} INFO - Output:
[2026-05-01T19:49:16.068+0000] {subprocess.py:93} INFO - [0m19:49:16  Running with dbt=1.8.7
[2026-05-01T19:49:19.934+0000] {subprocess.py:93} INFO - [0m19:49:19  Registered adapter: bigquery=1.9.2
[2026-05-01T19:49:20.524+0000] {subprocess.py:93} INFO - [0m19:49:20  [[33mWARNING[0m]: Configuration paths exist in your dbt_project.yml file which do not apply to any resources.
[2026-05-01T19:49:20.526+0000] {subprocess.py:93} INFO - There are 1 unused configuration paths:
[2026-05-01T19:49:20.527+0000] {subprocess.py:93} INFO - - models.coffee_project.example
[2026-05-01T19:49:20.858+0000] {subprocess.py:93} INFO - [0m19:49:20  Found 5 models, 2 data tests, 1 source, 489 macros
[2026-05-01T19:49:20.878+0000] {subprocess.py:93} INFO - [0m19:49:20
[2026-05-01T19:49:24.541+0000] {subprocess.py:93} INFO - [0m19:49:24  Concurrency: 4 threads (target='prod')
[2026-05-01T19:49:24.544+0000] {subprocess.py:93} INFO - [0m19:49:24
[2026-05-01T19:49:24.568+0000] {subprocess.py:93} INFO - [0m19:49:24  1 of 1 START sql view model coffee_prod.sales_mart ............................. [RUN]
[2026-05-01T19:49:29.224+0000] {subprocess.py:93} INFO - [0m19:49:29  1 of 1 OK created sql view model coffee_prod.sales_mart ........................ [[32mCREATE VIEW (0 processed)[0m in 4.63s]
[2026-05-01T19:49:29.428+0000] {subprocess.py:93} INFO - [0m19:49:29
[2026-05-01T19:49:29.438+0000] {subprocess.py:93} INFO - [0m19:49:29  Finished running 1 view model in 0 hours 0 minutes and 8.54 seconds (8.54s).
[2026-05-01T19:49:30.006+0000] {subprocess.py:93} INFO - [0m19:49:30
[2026-05-01T19:49:30.010+0000] {subprocess.py:93} INFO - [0m19:49:30  [32mCompleted successfully[0m
[2026-05-01T19:49:30.014+0000] {subprocess.py:93} INFO - [0m19:49:30
[2026-05-01T19:49:30.018+0000] {subprocess.py:93} INFO - [0m19:49:30  Done. PASS=1 WARN=0 ERROR=0 SKIP=0 TOTAL=1
[2026-05-01T19:49:32.935+0000] {subprocess.py:97} INFO - Command exited with return code 0
[2026-05-01T19:49:32.938+0000] {taskinstance.py:441} INFO - ::group::Post task execution logs
[2026-05-01T19:49:32.975+0000] {taskinstance.py:1206} INFO - Marking task as SUCCESS. dag_id=coffee_pipeline, task_id=dbt_marts, run_id=scheduled__2025-01-09T00:00:00+00:00, execution_date=20250109T000000, start_date=20260501T194912, end_date=20260501T194932
[2026-05-01T19:49:33.012+0000] {local_task_job_runner.py:243} INFO - Task exited with return code 0
[2026-05-01T19:49:33.037+0000] {taskinstance.py:3503} INFO - 1 downstream tasks scheduled from follow-on schedule check
[2026-05-01T19:49:33.041+0000] {local_task_job_runner.py:222} INFO - ::endgroup::
