[2026-05-01T18:50:20.179+0000] {local_task_job_runner.py:120} INFO - ::group::Pre task execution logs
[2026-05-01T18:50:20.275+0000] {taskinstance.py:2076} INFO - Dependencies all met for dep_context=non-requeueable deps ti=<TaskInstance: coffee_pipeline.ingest_data manual__2026-05-01T18:43:41.674926+00:00 [queued]>
[2026-05-01T18:50:20.320+0000] {taskinstance.py:2076} INFO - Dependencies all met for dep_context=requeueable deps ti=<TaskInstance: coffee_pipeline.ingest_data manual__2026-05-01T18:43:41.674926+00:00 [queued]>
[2026-05-01T18:50:20.324+0000] {taskinstance.py:2306} INFO - Starting attempt 1 of 2
[2026-05-01T18:50:20.370+0000] {taskinstance.py:2330} INFO - Executing <Task(PythonOperator): ingest_data> on 2026-05-01 18:43:41.674926+00:00
[2026-05-01T18:50:20.390+0000] {warnings.py:112} WARNING - /home/***/.local/lib/python3.12/site-packages/***/task/task_runner/standard_task_runner.py:62: DeprecationWarning: This process (pid=205) is multi-threaded, use of fork() may lead to deadlocks in the child.
  pid = os.fork()

[2026-05-01T18:50:20.398+0000] {standard_task_runner.py:90} INFO - Running: ['***', 'tasks', 'run', 'coffee_pipeline', 'ingest_data', 'manual__2026-05-01T18:43:41.674926+00:00', '--job-id', '7', '--raw', '--subdir', 'DAGS_FOLDER/coffee_pipeline.py', '--cfg-path', '/tmp/tmp1tfd1c3o']
[2026-05-01T18:50:20.407+0000] {standard_task_runner.py:91} INFO - Job 7: Subtask ingest_data
[2026-05-01T18:50:20.400+0000] {standard_task_runner.py:64} INFO - Started process 207 to run task
[2026-05-01T18:50:20.558+0000] {task_command.py:426} INFO - Running <TaskInstance: coffee_pipeline.ingest_data manual__2026-05-01T18:43:41.674926+00:00 [running]> on host ***-worker
[2026-05-01T18:50:20.866+0000] {taskinstance.py:2648} INFO - Exporting env vars: AIRFLOW_CTX_DAG_OWNER='Khangelani' AIRFLOW_CTX_DAG_ID='coffee_pipeline' AIRFLOW_CTX_TASK_ID='ingest_data' AIRFLOW_CTX_EXECUTION_DATE='2026-05-01T18:43:41.674926+00:00' AIRFLOW_CTX_TRY_NUMBER='1' AIRFLOW_CTX_DAG_RUN_ID='manual__2026-05-01T18:43:41.674926+00:00'
[2026-05-01T18:50:20.881+0000] {taskinstance.py:430} INFO - ::endgroup::
[2026-05-01T18:50:21.200+0000] {logging_mixin.py:188} INFO - Processing file: /opt/***/project/data/Astoria.csv → coffee-shop-updated.coffee_raw.raw_astoria
[2026-05-01T18:50:21.567+0000] {warnings.py:112} WARNING - /opt/***/dags/coffee_pipeline.py:72: UserWarning: Could not infer format, so each element will be parsed individually, falling back to `dateutil`. To ensure parsing is consistent and as-expected, please specify a format.
  df["transaction_time"] = pd.to_datetime(df["transaction_time"]).dt.time

[2026-05-01T18:50:36.123+0000] {taskinstance.py:441} INFO - ::group::Post task execution logs
[2026-05-01T18:50:36.134+0000] {taskinstance.py:2905} ERROR - Task failed with exception
Traceback (most recent call last):
  File "/home/airflow/.local/lib/python3.12/site-packages/google/cloud/bigquery/client.py", line 2584, in load_table_from_file
    response = self._do_multipart_upload(
               ^^^^^^^^^^^^^^^^^^^^^^^^^^
  File "/home/airflow/.local/lib/python3.12/site-packages/google/cloud/bigquery/client.py", line 3148, in _do_multipart_upload
    response = upload.transmit(
               ^^^^^^^^^^^^^^^^
  File "/home/airflow/.local/lib/python3.12/site-packages/google/resumable_media/requests/upload.py", line 153, in transmit
    return _request_helpers.wait_and_retry(
           ^^^^^^^^^^^^^^^^^^^^^^^^^^^^^^^^
  File "/home/airflow/.local/lib/python3.12/site-packages/google/resumable_media/requests/_request_helpers.py", line 155, in wait_and_retry
    response = func()
               ^^^^^^
  File "/home/airflow/.local/lib/python3.12/site-packages/google/resumable_media/requests/upload.py", line 149, in retriable_request
    self._process_response(result)
  File "/home/airflow/.local/lib/python3.12/site-packages/google/resumable_media/_upload.py", line 125, in _process_response
    _helpers.require_status_code(response, (http.client.OK,), self._get_status_code)
  File "/home/airflow/.local/lib/python3.12/site-packages/google/resumable_media/_helpers.py", line 108, in require_status_code
    raise common.InvalidResponse(
google.resumable_media.common.InvalidResponse: ('Request failed with status code', 400, 'Expected one of', 200)

During handling of the above exception, another exception occurred:

Traceback (most recent call last):
  File "/home/airflow/.local/lib/python3.12/site-packages/airflow/models/taskinstance.py", line 465, in _execute_task
    result = _execute_callable(context=context, **execute_callable_kwargs)
             ^^^^^^^^^^^^^^^^^^^^^^^^^^^^^^^^^^^^^^^^^^^^^^^^^^^^^^^^^^^^^
  File "/home/airflow/.local/lib/python3.12/site-packages/airflow/models/taskinstance.py", line 432, in _execute_callable
    return execute_callable(context=context, **execute_callable_kwargs)
           ^^^^^^^^^^^^^^^^^^^^^^^^^^^^^^^^^^^^^^^^^^^^^^^^^^^^^^^^^^^^
  File "/home/airflow/.local/lib/python3.12/site-packages/airflow/models/baseoperator.py", line 401, in wrapper
    return func(self, *args, **kwargs)
           ^^^^^^^^^^^^^^^^^^^^^^^^^^^
  File "/home/airflow/.local/lib/python3.12/site-packages/airflow/operators/python.py", line 235, in execute
    return_value = self.execute_callable()
                   ^^^^^^^^^^^^^^^^^^^^^^^
  File "/home/airflow/.local/lib/python3.12/site-packages/airflow/operators/python.py", line 252, in execute_callable
    return self.python_callable(*self.op_args, **self.op_kwargs)
           ^^^^^^^^^^^^^^^^^^^^^^^^^^^^^^^^^^^^^^^^^^^^^^^^^^^^^
  File "/opt/airflow/dags/coffee_pipeline.py", line 94, in process_file
    job = client.load_table_from_dataframe(df, table_id, job_config=job_config)
          ^^^^^^^^^^^^^^^^^^^^^^^^^^^^^^^^^^^^^^^^^^^^^^^^^^^^^^^^^^^^^^^^^^^^^
  File "/home/airflow/.local/lib/python3.12/site-packages/google/cloud/bigquery/client.py", line 2824, in load_table_from_dataframe
    return self.load_table_from_file(
           ^^^^^^^^^^^^^^^^^^^^^^^^^^
  File "/home/airflow/.local/lib/python3.12/site-packages/google/cloud/bigquery/client.py", line 2588, in load_table_from_file
    raise exceptions.from_http_response(exc.response)
google.api_core.exceptions.BadRequest: 400 POST https://bigquery.googleapis.com/upload/bigquery/v2/projects/coffee-shop-updated/jobs?uploadType=multipart: Provided Schema does not match Table coffee-shop-updated:coffee_raw.raw_astoria. Field transaction_id has changed type from FLOAT to INTEGER
[2026-05-01T18:50:36.275+0000] {taskinstance.py:1206} INFO - Marking task as UP_FOR_RETRY. dag_id=coffee_pipeline, task_id=ingest_data, run_id=manual__2026-05-01T18:43:41.674926+00:00, execution_date=20260501T184341, start_date=20260501T185020, end_date=20260501T185036
[2026-05-01T18:50:36.385+0000] {standard_task_runner.py:110} ERROR - Failed to execute job 7 for task ingest_data (400 POST https://bigquery.googleapis.com/upload/bigquery/v2/projects/coffee-shop-updated/jobs?uploadType=multipart: Provided Schema does not match Table coffee-shop-updated:coffee_raw.raw_astoria. Field transaction_id has changed type from FLOAT to INTEGER; 207)
[2026-05-01T18:50:36.639+0000] {local_task_job_runner.py:243} INFO - Task exited with return code 1
[2026-05-01T18:50:36.848+0000] {taskinstance.py:3503} INFO - 0 downstream tasks scheduled from follow-on schedule check
[2026-05-01T18:50:36.856+0000] {local_task_job_runner.py:222} INFO - ::endgroup::
