[2026-05-01T19:30:24.234+0000] {local_task_job_runner.py:120} INFO - ::group::Pre task execution logs
[2026-05-01T19:30:24.405+0000] {taskinstance.py:2076} INFO - Dependencies all met for dep_context=non-requeueable deps ti=<TaskInstance: coffee_pipeline.dbt_staging scheduled__2025-01-04T00:00:00+00:00 [queued]>
[2026-05-01T19:30:24.499+0000] {taskinstance.py:2076} INFO - Dependencies all met for dep_context=requeueable deps ti=<TaskInstance: coffee_pipeline.dbt_staging scheduled__2025-01-04T00:00:00+00:00 [queued]>
[2026-05-01T19:30:24.502+0000] {taskinstance.py:2306} INFO - Starting attempt 2 of 2
[2026-05-01T19:30:24.609+0000] {taskinstance.py:2330} INFO - Executing <Task(BashOperator): dbt_staging> on 2025-01-04 00:00:00+00:00
[2026-05-01T19:30:24.635+0000] {warnings.py:112} WARNING - /home/***/.local/lib/python3.12/site-packages/***/task/task_runner/standard_task_runner.py:62: DeprecationWarning: This process (pid=800) is multi-threaded, use of fork() may lead to deadlocks in the child.
  pid = os.fork()

[2026-05-01T19:30:24.653+0000] {standard_task_runner.py:64} INFO - Started process 802 to run task
[2026-05-01T19:30:24.650+0000] {standard_task_runner.py:90} INFO - Running: ['***', 'tasks', 'run', 'coffee_pipeline', 'dbt_staging', 'scheduled__2025-01-04T00:00:00+00:00', '--job-id', '27', '--raw', '--subdir', 'DAGS_FOLDER/coffee_pipeline.py', '--cfg-path', '/tmp/tmp5qt1vdlu']
[2026-05-01T19:30:24.673+0000] {standard_task_runner.py:91} INFO - Job 27: Subtask dbt_staging
[2026-05-01T19:30:24.871+0000] {task_command.py:426} INFO - Running <TaskInstance: coffee_pipeline.dbt_staging scheduled__2025-01-04T00:00:00+00:00 [running]> on host ***-worker
[2026-05-01T19:30:25.177+0000] {taskinstance.py:2648} INFO - Exporting env vars: AIRFLOW_CTX_DAG_OWNER='Khangelani' AIRFLOW_CTX_DAG_ID='coffee_pipeline' AIRFLOW_CTX_TASK_ID='dbt_staging' AIRFLOW_CTX_EXECUTION_DATE='2025-01-04T00:00:00+00:00' AIRFLOW_CTX_TRY_NUMBER='2' AIRFLOW_CTX_DAG_RUN_ID='scheduled__2025-01-04T00:00:00+00:00'
[2026-05-01T19:30:25.189+0000] {taskinstance.py:430} INFO - ::endgroup::
[2026-05-01T19:30:25.202+0000] {subprocess.py:63} INFO - Tmp dir root location: /tmp
[2026-05-01T19:30:25.205+0000] {subprocess.py:75} INFO - Running command: ['/usr/bin/bash', '-c', '\n        cd /opt/***/project/transform/coffee_project &&\n        dbt run --select staging --target prod\n        ']
[2026-05-01T19:30:25.275+0000] {subprocess.py:86} INFO - Output:
[2026-05-01T19:30:31.310+0000] {subprocess.py:93} INFO - [0m19:30:31  Running with dbt=1.8.7
[2026-05-01T19:30:40.297+0000] {subprocess.py:93} INFO - [0m19:30:40  Registered adapter: bigquery=1.9.2
[2026-05-01T19:30:41.280+0000] {subprocess.py:93} INFO - [0m19:30:41  [[33mWARNING[0m]: Configuration paths exist in your dbt_project.yml file which do not apply to any resources.
[2026-05-01T19:30:41.283+0000] {subprocess.py:93} INFO - There are 1 unused configuration paths:
[2026-05-01T19:30:41.285+0000] {subprocess.py:93} INFO - - models.coffee_project.example
[2026-05-01T19:30:42.069+0000] {subprocess.py:93} INFO - [0m19:30:42  Found 5 models, 2 data tests, 1 source, 489 macros
[2026-05-01T19:30:42.086+0000] {subprocess.py:93} INFO - [0m19:30:42
[2026-05-01T19:30:46.217+0000] {subprocess.py:93} INFO - [0m19:30:46  Concurrency: 4 threads (target='prod')
[2026-05-01T19:30:46.230+0000] {subprocess.py:93} INFO - [0m19:30:46
[2026-05-01T19:30:46.300+0000] {subprocess.py:93} INFO - [0m19:30:46  1 of 1 START sql view model coffee_prod.staging_lower_manhattan ................ [RUN]
[2026-05-01T19:30:49.435+0000] {subprocess.py:93} INFO - [0m19:30:49  BigQuery adapter: https://console.cloud.google.com/bigquery?project=coffee-shop-updated&j=bq:US:fd1221d9-237f-4dc6-8f33-73db6741ca3c&page=queryresults
[2026-05-01T19:30:49.544+0000] {subprocess.py:93} INFO - [0m19:30:49  1 of 1 ERROR creating sql view model coffee_prod.staging_lower_manhattan ....... [[31mERROR[0m in 3.22s]
[2026-05-01T19:30:49.712+0000] {subprocess.py:93} INFO - [0m19:30:49
[2026-05-01T19:30:49.719+0000] {subprocess.py:93} INFO - [0m19:30:49  Finished running 1 view model in 0 hours 0 minutes and 7.62 seconds (7.62s).
[2026-05-01T19:30:50.404+0000] {subprocess.py:93} INFO - [0m19:30:50
[2026-05-01T19:30:50.420+0000] {subprocess.py:93} INFO - [0m19:30:50  [31mCompleted with 1 error and 0 warnings:[0m
[2026-05-01T19:30:50.452+0000] {subprocess.py:93} INFO - [0m19:30:50
[2026-05-01T19:30:50.455+0000] {subprocess.py:93} INFO - [0m19:30:50    Database Error in model staging_lower_manhattan (models/staging/staging_lower_manhattan.sql)
[2026-05-01T19:30:50.467+0000] {subprocess.py:93} INFO -   Not found: Table coffee-shop-updated:coffee_raw.raw_lower_manhattan was not found in location US
[2026-05-01T19:30:50.470+0000] {subprocess.py:93} INFO -   compiled code at target/run/coffee_project/models/staging/staging_lower_manhattan.sql
[2026-05-01T19:30:50.474+0000] {subprocess.py:93} INFO - [0m19:30:50
[2026-05-01T19:30:50.477+0000] {subprocess.py:93} INFO - [0m19:30:50  Done. PASS=0 WARN=0 ERROR=1 SKIP=0 TOTAL=1
[2026-05-01T19:30:53.694+0000] {subprocess.py:97} INFO - Command exited with return code 1
[2026-05-01T19:30:53.700+0000] {taskinstance.py:441} INFO - ::group::Post task execution logs
[2026-05-01T19:30:53.720+0000] {taskinstance.py:2905} ERROR - Task failed with exception
Traceback (most recent call last):
  File "/home/airflow/.local/lib/python3.12/site-packages/airflow/models/taskinstance.py", line 465, in _execute_task
    result = _execute_callable(context=context, **execute_callable_kwargs)
             ^^^^^^^^^^^^^^^^^^^^^^^^^^^^^^^^^^^^^^^^^^^^^^^^^^^^^^^^^^^^^
  File "/home/airflow/.local/lib/python3.12/site-packages/airflow/models/taskinstance.py", line 432, in _execute_callable
    return execute_callable(context=context, **execute_callable_kwargs)
           ^^^^^^^^^^^^^^^^^^^^^^^^^^^^^^^^^^^^^^^^^^^^^^^^^^^^^^^^^^^^
  File "/home/airflow/.local/lib/python3.12/site-packages/airflow/models/baseoperator.py", line 401, in wrapper
    return func(self, *args, **kwargs)
           ^^^^^^^^^^^^^^^^^^^^^^^^^^^
  File "/home/airflow/.local/lib/python3.12/site-packages/airflow/operators/bash.py", line 243, in execute
    raise AirflowException(
airflow.exceptions.AirflowException: Bash command failed. The command returned a non-zero exit code 1.
[2026-05-01T19:30:53.733+0000] {taskinstance.py:1206} INFO - Marking task as FAILED. dag_id=coffee_pipeline, task_id=dbt_staging, run_id=scheduled__2025-01-04T00:00:00+00:00, execution_date=20250104T000000, start_date=20260501T193024, end_date=20260501T193053
[2026-05-01T19:30:53.773+0000] {standard_task_runner.py:110} ERROR - Failed to execute job 27 for task dbt_staging (Bash command failed. The command returned a non-zero exit code 1.; 802)
[2026-05-01T19:30:53.837+0000] {local_task_job_runner.py:243} INFO - Task exited with return code 1
[2026-05-01T19:30:53.884+0000] {taskinstance.py:3503} INFO - 0 downstream tasks scheduled from follow-on schedule check
[2026-05-01T19:30:53.898+0000] {local_task_job_runner.py:222} INFO - ::endgroup::
