[2026-05-01T19:24:32.913+0000] {local_task_job_runner.py:120} INFO - ::group::Pre task execution logs
[2026-05-01T19:24:32.973+0000] {taskinstance.py:2076} INFO - Dependencies all met for dep_context=non-requeueable deps ti=<TaskInstance: coffee_pipeline.dbt_staging scheduled__2025-01-04T00:00:00+00:00 [queued]>
[2026-05-01T19:24:33.000+0000] {taskinstance.py:2076} INFO - Dependencies all met for dep_context=requeueable deps ti=<TaskInstance: coffee_pipeline.dbt_staging scheduled__2025-01-04T00:00:00+00:00 [queued]>
[2026-05-01T19:24:33.003+0000] {taskinstance.py:2306} INFO - Starting attempt 1 of 2
[2026-05-01T19:24:33.047+0000] {taskinstance.py:2330} INFO - Executing <Task(BashOperator): dbt_staging> on 2025-01-04 00:00:00+00:00
[2026-05-01T19:24:33.068+0000] {warnings.py:112} WARNING - /home/***/.local/lib/python3.12/site-packages/***/task/task_runner/standard_task_runner.py:62: DeprecationWarning: This process (pid=714) is multi-threaded, use of fork() may lead to deadlocks in the child.
  pid = os.fork()

[2026-05-01T19:24:33.094+0000] {standard_task_runner.py:64} INFO - Started process 716 to run task
[2026-05-01T19:24:33.100+0000] {standard_task_runner.py:90} INFO - Running: ['***', 'tasks', 'run', 'coffee_pipeline', 'dbt_staging', 'scheduled__2025-01-04T00:00:00+00:00', '--job-id', '26', '--raw', '--subdir', 'DAGS_FOLDER/coffee_pipeline.py', '--cfg-path', '/tmp/tmp2tuug64a']
[2026-05-01T19:24:33.108+0000] {standard_task_runner.py:91} INFO - Job 26: Subtask dbt_staging
[2026-05-01T19:24:33.233+0000] {task_command.py:426} INFO - Running <TaskInstance: coffee_pipeline.dbt_staging scheduled__2025-01-04T00:00:00+00:00 [running]> on host ***-worker
[2026-05-01T19:24:33.576+0000] {taskinstance.py:2648} INFO - Exporting env vars: AIRFLOW_CTX_DAG_OWNER='Khangelani' AIRFLOW_CTX_DAG_ID='coffee_pipeline' AIRFLOW_CTX_TASK_ID='dbt_staging' AIRFLOW_CTX_EXECUTION_DATE='2025-01-04T00:00:00+00:00' AIRFLOW_CTX_TRY_NUMBER='1' AIRFLOW_CTX_DAG_RUN_ID='scheduled__2025-01-04T00:00:00+00:00'
[2026-05-01T19:24:33.593+0000] {taskinstance.py:430} INFO - ::endgroup::
[2026-05-01T19:24:33.603+0000] {subprocess.py:63} INFO - Tmp dir root location: /tmp
[2026-05-01T19:24:33.615+0000] {subprocess.py:75} INFO - Running command: ['/usr/bin/bash', '-c', '\n        cd /opt/***/project/transform/coffee_project &&\n        dbt run --select staging --target prod\n        ']
[2026-05-01T19:24:33.719+0000] {subprocess.py:86} INFO - Output:
[2026-05-01T19:24:42.991+0000] {subprocess.py:93} INFO - [0m19:24:42  Running with dbt=1.8.7
[2026-05-01T19:24:59.902+0000] {subprocess.py:93} INFO - [0m19:24:59  Registered adapter: bigquery=1.9.2
[2026-05-01T19:25:03.915+0000] {subprocess.py:93} INFO - [0m19:25:03  [[33mWARNING[0m]: Configuration paths exist in your dbt_project.yml file which do not apply to any resources.
[2026-05-01T19:25:03.931+0000] {subprocess.py:93} INFO - There are 1 unused configuration paths:
[2026-05-01T19:25:03.935+0000] {subprocess.py:93} INFO - - models.coffee_project.example
[2026-05-01T19:25:05.820+0000] {subprocess.py:93} INFO - [0m19:25:05  Found 5 models, 2 data tests, 1 source, 489 macros
[2026-05-01T19:25:05.839+0000] {subprocess.py:93} INFO - [0m19:25:05
[2026-05-01T19:25:09.967+0000] {subprocess.py:93} INFO - [0m19:25:09  Concurrency: 4 threads (target='prod')
[2026-05-01T19:25:09.979+0000] {subprocess.py:93} INFO - [0m19:25:09
[2026-05-01T19:25:10.028+0000] {subprocess.py:93} INFO - [0m19:25:10  1 of 1 START sql view model coffee_prod.staging_lower_manhattan ................ [RUN]
[2026-05-01T19:25:13.444+0000] {subprocess.py:93} INFO - [0m19:25:13  BigQuery adapter: https://console.cloud.google.com/bigquery?project=coffee-shop-updated&j=bq:US:317ad625-0df4-4345-b64b-14338049f932&page=queryresults
[2026-05-01T19:25:13.503+0000] {subprocess.py:93} INFO - [0m19:25:13  1 of 1 ERROR creating sql view model coffee_prod.staging_lower_manhattan ....... [[31mERROR[0m in 3.45s]
[2026-05-01T19:25:13.747+0000] {subprocess.py:93} INFO - [0m19:25:13
[2026-05-01T19:25:13.769+0000] {subprocess.py:93} INFO - [0m19:25:13  Finished running 1 view model in 0 hours 0 minutes and 7.90 seconds (7.90s).
[2026-05-01T19:25:14.373+0000] {subprocess.py:93} INFO - [0m19:25:14
[2026-05-01T19:25:14.380+0000] {subprocess.py:93} INFO - [0m19:25:14  [31mCompleted with 1 error and 0 warnings:[0m
[2026-05-01T19:25:14.393+0000] {subprocess.py:93} INFO - [0m19:25:14
[2026-05-01T19:25:14.409+0000] {subprocess.py:93} INFO - [0m19:25:14    Database Error in model staging_lower_manhattan (models/staging/staging_lower_manhattan.sql)
[2026-05-01T19:25:14.415+0000] {subprocess.py:93} INFO -   No matching signature for function PARSE_DATE
[2026-05-01T19:25:14.418+0000] {subprocess.py:93} INFO -     Argument types: STRING, DATE
[2026-05-01T19:25:14.429+0000] {subprocess.py:93} INFO -     Signature: PARSE_DATE(STRING, STRING)
[2026-05-01T19:25:14.432+0000] {subprocess.py:93} INFO -       Argument 2: Unable to coerce type DATE to expected type STRING at [29:5]
[2026-05-01T19:25:14.436+0000] {subprocess.py:93} INFO -   compiled code at target/run/coffee_project/models/staging/staging_lower_manhattan.sql
[2026-05-01T19:25:14.449+0000] {subprocess.py:93} INFO - [0m19:25:14
[2026-05-01T19:25:14.461+0000] {subprocess.py:93} INFO - [0m19:25:14  Done. PASS=0 WARN=0 ERROR=1 SKIP=0 TOTAL=1
[2026-05-01T19:25:18.101+0000] {subprocess.py:97} INFO - Command exited with return code 1
[2026-05-01T19:25:18.108+0000] {taskinstance.py:441} INFO - ::group::Post task execution logs
[2026-05-01T19:25:18.156+0000] {taskinstance.py:2905} ERROR - Task failed with exception
Traceback (most recent call last):
  File "/home/airflow/.local/lib/python3.12/site-packages/airflow/models/taskinstance.py", line 465, in _execute_task
    result = _execute_callable(context=context, **execute_callable_kwargs)
             ^^^^^^^^^^^^^^^^^^^^^^^^^^^^^^^^^^^^^^^^^^^^^^^^^^^^^^^^^^^^^
  File "/home/airflow/.local/lib/python3.12/site-packages/airflow/models/taskinstance.py", line 432, in _execute_callable
    return execute_callable(context=context, **execute_callable_kwargs)
           ^^^^^^^^^^^^^^^^^^^^^^^^^^^^^^^^^^^^^^^^^^^^^^^^^^^^^^^^^^^^
  File "/home/airflow/.local/lib/python3.12/site-packages/airflow/models/baseoperator.py", line 401, in wrapper
    return func(self, *args, **kwargs)
           ^^^^^^^^^^^^^^^^^^^^^^^^^^^
  File "/home/airflow/.local/lib/python3.12/site-packages/airflow/operators/bash.py", line 243, in execute
    raise AirflowException(
airflow.exceptions.AirflowException: Bash command failed. The command returned a non-zero exit code 1.
[2026-05-01T19:25:18.195+0000] {taskinstance.py:1206} INFO - Marking task as UP_FOR_RETRY. dag_id=coffee_pipeline, task_id=dbt_staging, run_id=scheduled__2025-01-04T00:00:00+00:00, execution_date=20250104T000000, start_date=20260501T192432, end_date=20260501T192518
[2026-05-01T19:25:18.337+0000] {standard_task_runner.py:110} ERROR - Failed to execute job 26 for task dbt_staging (Bash command failed. The command returned a non-zero exit code 1.; 716)
[2026-05-01T19:25:18.446+0000] {local_task_job_runner.py:243} INFO - Task exited with return code 1
[2026-05-01T19:25:18.603+0000] {taskinstance.py:3503} INFO - 0 downstream tasks scheduled from follow-on schedule check
[2026-05-01T19:25:18.615+0000] {local_task_job_runner.py:222} INFO - ::endgroup::
