[2026-05-01T20:00:04.022+0000] {local_task_job_runner.py:120} INFO - ::group::Pre task execution logs
[2026-05-01T20:00:04.053+0000] {taskinstance.py:2076} INFO - Dependencies all met for dep_context=non-requeueable deps ti=<TaskInstance: coffee_pipeline.dbt_marts scheduled__2025-01-16T00:00:00+00:00 [queued]>
[2026-05-01T20:00:04.064+0000] {taskinstance.py:2076} INFO - Dependencies all met for dep_context=requeueable deps ti=<TaskInstance: coffee_pipeline.dbt_marts scheduled__2025-01-16T00:00:00+00:00 [queued]>
[2026-05-01T20:00:04.066+0000] {taskinstance.py:2306} INFO - Starting attempt 1 of 2
[2026-05-01T20:00:04.084+0000] {taskinstance.py:2330} INFO - Executing <Task(BashOperator): dbt_marts> on 2025-01-16 00:00:00+00:00
[2026-05-01T20:00:04.093+0000] {warnings.py:112} WARNING - /home/***/.local/lib/python3.12/site-packages/***/task/task_runner/standard_task_runner.py:62: DeprecationWarning: This process (pid=1812) is multi-threaded, use of fork() may lead to deadlocks in the child.
  pid = os.fork()

[2026-05-01T20:00:04.098+0000] {standard_task_runner.py:64} INFO - Started process 1814 to run task
[2026-05-01T20:00:04.098+0000] {standard_task_runner.py:90} INFO - Running: ['***', 'tasks', 'run', 'coffee_pipeline', 'dbt_marts', 'scheduled__2025-01-16T00:00:00+00:00', '--job-id', '89', '--raw', '--subdir', 'DAGS_FOLDER/coffee_pipeline.py', '--cfg-path', '/tmp/tmp9jr1dgmd']
[2026-05-01T20:00:04.102+0000] {standard_task_runner.py:91} INFO - Job 89: Subtask dbt_marts
[2026-05-01T20:00:04.164+0000] {task_command.py:426} INFO - Running <TaskInstance: coffee_pipeline.dbt_marts scheduled__2025-01-16T00:00:00+00:00 [running]> on host ***-worker
[2026-05-01T20:00:04.270+0000] {taskinstance.py:2648} INFO - Exporting env vars: AIRFLOW_CTX_DAG_OWNER='Khangelani' AIRFLOW_CTX_DAG_ID='coffee_pipeline' AIRFLOW_CTX_TASK_ID='dbt_marts' AIRFLOW_CTX_EXECUTION_DATE='2025-01-16T00:00:00+00:00' AIRFLOW_CTX_TRY_NUMBER='1' AIRFLOW_CTX_DAG_RUN_ID='scheduled__2025-01-16T00:00:00+00:00'
[2026-05-01T20:00:04.273+0000] {taskinstance.py:430} INFO - ::endgroup::
[2026-05-01T20:00:04.275+0000] {subprocess.py:63} INFO - Tmp dir root location: /tmp
[2026-05-01T20:00:04.280+0000] {subprocess.py:75} INFO - Running command: ['/usr/bin/bash', '-c', '\n        cd /opt/***/project/transform/coffee_project &&\n        dbt run --select marts --target prod\n        ']
[2026-05-01T20:00:04.301+0000] {subprocess.py:86} INFO - Output:
[2026-05-01T20:00:07.004+0000] {subprocess.py:93} INFO - [0m20:00:07  Running with dbt=1.8.7
[2026-05-01T20:00:10.581+0000] {subprocess.py:93} INFO - [0m20:00:10  Registered adapter: bigquery=1.9.2
[2026-05-01T20:00:11.220+0000] {subprocess.py:93} INFO - [0m20:00:11  [[33mWARNING[0m]: Configuration paths exist in your dbt_project.yml file which do not apply to any resources.
[2026-05-01T20:00:11.222+0000] {subprocess.py:93} INFO - There are 1 unused configuration paths:
[2026-05-01T20:00:11.223+0000] {subprocess.py:93} INFO - - models.coffee_project.example
[2026-05-01T20:00:11.559+0000] {subprocess.py:93} INFO - [0m20:00:11  Found 5 models, 2 data tests, 1 source, 489 macros
[2026-05-01T20:00:11.567+0000] {subprocess.py:93} INFO - [0m20:00:11
[2026-05-01T20:00:15.194+0000] {subprocess.py:93} INFO - [0m20:00:15  Concurrency: 4 threads (target='prod')
[2026-05-01T20:00:15.206+0000] {subprocess.py:93} INFO - [0m20:00:15
[2026-05-01T20:00:15.226+0000] {subprocess.py:93} INFO - [0m20:00:15  1 of 1 START sql view model coffee_prod.sales_mart ............................. [RUN]
[2026-05-01T20:00:19.948+0000] {subprocess.py:93} INFO - [0m20:00:19  1 of 1 OK created sql view model coffee_prod.sales_mart ........................ [[32mCREATE VIEW (0 processed)[0m in 4.71s]
[2026-05-01T20:00:20.047+0000] {subprocess.py:93} INFO - [0m20:00:20
[2026-05-01T20:00:20.050+0000] {subprocess.py:93} INFO - [0m20:00:20  Finished running 1 view model in 0 hours 0 minutes and 8.48 seconds (8.48s).
[2026-05-01T20:00:20.518+0000] {subprocess.py:93} INFO - [0m20:00:20
[2026-05-01T20:00:20.532+0000] {subprocess.py:93} INFO - [0m20:00:20  [32mCompleted successfully[0m
[2026-05-01T20:00:20.539+0000] {subprocess.py:93} INFO - [0m20:00:20
[2026-05-01T20:00:20.547+0000] {subprocess.py:93} INFO - [0m20:00:20  Done. PASS=1 WARN=0 ERROR=0 SKIP=0 TOTAL=1
[2026-05-01T20:00:23.240+0000] {subprocess.py:97} INFO - Command exited with return code 0
[2026-05-01T20:00:23.243+0000] {taskinstance.py:441} INFO - ::group::Post task execution logs
[2026-05-01T20:00:23.282+0000] {taskinstance.py:1206} INFO - Marking task as SUCCESS. dag_id=coffee_pipeline, task_id=dbt_marts, run_id=scheduled__2025-01-16T00:00:00+00:00, execution_date=20250116T000000, start_date=20260501T200004, end_date=20260501T200023
[2026-05-01T20:00:23.334+0000] {local_task_job_runner.py:243} INFO - Task exited with return code 0
[2026-05-01T20:00:23.359+0000] {taskinstance.py:3503} INFO - 1 downstream tasks scheduled from follow-on schedule check
[2026-05-01T20:00:23.363+0000] {local_task_job_runner.py:222} INFO - ::endgroup::
