[2026-05-01T19:41:52.434+0000] {local_task_job_runner.py:120} INFO - ::group::Pre task execution logs
[2026-05-01T19:41:52.496+0000] {taskinstance.py:2076} INFO - Dependencies all met for dep_context=non-requeueable deps ti=<TaskInstance: coffee_pipeline.dbt_staging manual__2026-05-01T19:40:05.950029+00:00 [queued]>
[2026-05-01T19:41:52.516+0000] {taskinstance.py:2076} INFO - Dependencies all met for dep_context=requeueable deps ti=<TaskInstance: coffee_pipeline.dbt_staging manual__2026-05-01T19:40:05.950029+00:00 [queued]>
[2026-05-01T19:41:52.518+0000] {taskinstance.py:2306} INFO - Starting attempt 1 of 2
[2026-05-01T19:41:52.570+0000] {taskinstance.py:2330} INFO - Executing <Task(BashOperator): dbt_staging> on 2026-05-01 19:40:05.950029+00:00
[2026-05-01T19:41:52.595+0000] {warnings.py:112} WARNING - /home/***/.local/lib/python3.12/site-packages/***/task/task_runner/standard_task_runner.py:62: DeprecationWarning: This process (pid=1002) is multi-threaded, use of fork() may lead to deadlocks in the child.
  pid = os.fork()

[2026-05-01T19:41:52.600+0000] {standard_task_runner.py:64} INFO - Started process 1004 to run task
[2026-05-01T19:41:52.606+0000] {standard_task_runner.py:90} INFO - Running: ['***', 'tasks', 'run', 'coffee_pipeline', 'dbt_staging', 'manual__2026-05-01T19:40:05.950029+00:00', '--job-id', '38', '--raw', '--subdir', 'DAGS_FOLDER/coffee_pipeline.py', '--cfg-path', '/tmp/tmpn4ca51xe']
[2026-05-01T19:41:52.616+0000] {standard_task_runner.py:91} INFO - Job 38: Subtask dbt_staging
[2026-05-01T19:41:52.770+0000] {task_command.py:426} INFO - Running <TaskInstance: coffee_pipeline.dbt_staging manual__2026-05-01T19:40:05.950029+00:00 [running]> on host ***-worker
[2026-05-01T19:41:53.056+0000] {taskinstance.py:2648} INFO - Exporting env vars: AIRFLOW_CTX_DAG_OWNER='Khangelani' AIRFLOW_CTX_DAG_ID='coffee_pipeline' AIRFLOW_CTX_TASK_ID='dbt_staging' AIRFLOW_CTX_EXECUTION_DATE='2026-05-01T19:40:05.950029+00:00' AIRFLOW_CTX_TRY_NUMBER='1' AIRFLOW_CTX_DAG_RUN_ID='manual__2026-05-01T19:40:05.950029+00:00'
[2026-05-01T19:41:53.063+0000] {taskinstance.py:430} INFO - ::endgroup::
[2026-05-01T19:41:53.069+0000] {subprocess.py:63} INFO - Tmp dir root location: /tmp
[2026-05-01T19:41:53.073+0000] {subprocess.py:75} INFO - Running command: ['/usr/bin/bash', '-c', '\n        cd /opt/***/project/transform/coffee_project &&\n        dbt run --select staging --target prod\n        ']
[2026-05-01T19:41:53.163+0000] {subprocess.py:86} INFO - Output:
[2026-05-01T19:41:59.767+0000] {subprocess.py:93} INFO - [0m19:41:59  Running with dbt=1.8.7
[2026-05-01T19:42:09.992+0000] {subprocess.py:93} INFO - [0m19:42:09  Registered adapter: bigquery=1.9.2
[2026-05-01T19:42:12.041+0000] {subprocess.py:93} INFO - [0m19:42:12  [[33mWARNING[0m]: Configuration paths exist in your dbt_project.yml file which do not apply to any resources.
[2026-05-01T19:42:12.048+0000] {subprocess.py:93} INFO - There are 1 unused configuration paths:
[2026-05-01T19:42:12.051+0000] {subprocess.py:93} INFO - - models.coffee_project.example
[2026-05-01T19:42:12.917+0000] {subprocess.py:93} INFO - [0m19:42:12  Found 5 models, 2 data tests, 1 source, 489 macros
[2026-05-01T19:42:12.938+0000] {subprocess.py:93} INFO - [0m19:42:12
[2026-05-01T19:42:17.002+0000] {subprocess.py:93} INFO - [0m19:42:17  Concurrency: 4 threads (target='prod')
[2026-05-01T19:42:17.009+0000] {subprocess.py:93} INFO - [0m19:42:17
[2026-05-01T19:42:17.083+0000] {subprocess.py:93} INFO - [0m19:42:17  1 of 1 START sql view model coffee_prod.staging_lower_manhattan ................ [RUN]
[2026-05-01T19:42:22.815+0000] {subprocess.py:93} INFO - [0m19:42:22  1 of 1 OK created sql view model coffee_prod.staging_lower_manhattan ........... [[32mCREATE VIEW (0 processed)[0m in 5.72s]
[2026-05-01T19:42:22.911+0000] {subprocess.py:93} INFO - [0m19:42:22
[2026-05-01T19:42:22.918+0000] {subprocess.py:93} INFO - [0m19:42:22  Finished running 1 view model in 0 hours 0 minutes and 9.96 seconds (9.96s).
[2026-05-01T19:42:23.466+0000] {subprocess.py:93} INFO - [0m19:42:23
[2026-05-01T19:42:23.470+0000] {subprocess.py:93} INFO - [0m19:42:23  [32mCompleted successfully[0m
[2026-05-01T19:42:23.475+0000] {subprocess.py:93} INFO - [0m19:42:23
[2026-05-01T19:42:23.481+0000] {subprocess.py:93} INFO - [0m19:42:23  Done. PASS=1 WARN=0 ERROR=0 SKIP=0 TOTAL=1
[2026-05-01T19:42:26.267+0000] {subprocess.py:97} INFO - Command exited with return code 0
[2026-05-01T19:42:26.272+0000] {taskinstance.py:441} INFO - ::group::Post task execution logs
[2026-05-01T19:42:26.350+0000] {taskinstance.py:1206} INFO - Marking task as SUCCESS. dag_id=coffee_pipeline, task_id=dbt_staging, run_id=manual__2026-05-01T19:40:05.950029+00:00, execution_date=20260501T194005, start_date=20260501T194152, end_date=20260501T194226
[2026-05-01T19:42:26.405+0000] {local_task_job_runner.py:243} INFO - Task exited with return code 0
[2026-05-01T19:42:26.461+0000] {taskinstance.py:3503} INFO - 1 downstream tasks scheduled from follow-on schedule check
[2026-05-01T19:42:26.470+0000] {local_task_job_runner.py:222} INFO - ::endgroup::
