[2026-05-01T14:03:40.225+0000] {local_task_job_runner.py:120} INFO - ::group::Pre task execution logs
[2026-05-01T14:03:40.257+0000] {taskinstance.py:2076} INFO - Dependencies all met for dep_context=non-requeueable deps ti=<TaskInstance: coffee_pipeline.detect_files scheduled__2025-01-02T00:00:00+00:00 [queued]>
[2026-05-01T14:03:40.268+0000] {taskinstance.py:2076} INFO - Dependencies all met for dep_context=requeueable deps ti=<TaskInstance: coffee_pipeline.detect_files scheduled__2025-01-02T00:00:00+00:00 [queued]>
[2026-05-01T14:03:40.270+0000] {taskinstance.py:2306} INFO - Starting attempt 1 of 2
[2026-05-01T14:03:40.286+0000] {taskinstance.py:2330} INFO - Executing <Task(PythonOperator): detect_files> on 2025-01-02 00:00:00+00:00
[2026-05-01T14:03:40.297+0000] {warnings.py:112} WARNING - /home/***/.local/lib/python3.12/site-packages/***/task/task_runner/standard_task_runner.py:62: DeprecationWarning: This process (pid=153) is multi-threaded, use of fork() may lead to deadlocks in the child.
  pid = os.fork()

[2026-05-01T14:03:40.300+0000] {standard_task_runner.py:64} INFO - Started process 155 to run task
[2026-05-01T14:03:40.300+0000] {standard_task_runner.py:90} INFO - Running: ['***', 'tasks', 'run', 'coffee_pipeline', 'detect_files', 'scheduled__2025-01-02T00:00:00+00:00', '--job-id', '10', '--raw', '--subdir', 'DAGS_FOLDER/coffee_pipeline.py', '--cfg-path', '/tmp/tmp7zw01qql']
[2026-05-01T14:03:40.303+0000] {standard_task_runner.py:91} INFO - Job 10: Subtask detect_files
[2026-05-01T14:03:40.365+0000] {task_command.py:426} INFO - Running <TaskInstance: coffee_pipeline.detect_files scheduled__2025-01-02T00:00:00+00:00 [running]> on host fae0f868be76
[2026-05-01T14:03:40.484+0000] {taskinstance.py:2648} INFO - Exporting env vars: AIRFLOW_CTX_DAG_OWNER='Khangelani' AIRFLOW_CTX_DAG_ID='coffee_pipeline' AIRFLOW_CTX_TASK_ID='detect_files' AIRFLOW_CTX_EXECUTION_DATE='2025-01-02T00:00:00+00:00' AIRFLOW_CTX_TRY_NUMBER='1' AIRFLOW_CTX_DAG_RUN_ID='scheduled__2025-01-02T00:00:00+00:00'
[2026-05-01T14:03:40.487+0000] {taskinstance.py:430} INFO - ::endgroup::
[2026-05-01T14:03:40.517+0000] {python.py:237} INFO - Done. Returned value was: None
[2026-05-01T14:03:40.518+0000] {taskinstance.py:441} INFO - ::group::Post task execution logs
[2026-05-01T14:03:40.533+0000] {taskinstance.py:1206} INFO - Marking task as SUCCESS. dag_id=coffee_pipeline, task_id=detect_files, run_id=scheduled__2025-01-02T00:00:00+00:00, execution_date=20250102T000000, start_date=20260501T140340, end_date=20260501T140340
[2026-05-01T14:03:40.600+0000] {local_task_job_runner.py:243} INFO - Task exited with return code 0
[2026-05-01T14:03:40.650+0000] {taskinstance.py:3503} INFO - 1 downstream tasks scheduled from follow-on schedule check
[2026-05-01T14:03:40.655+0000] {local_task_job_runner.py:222} INFO - ::endgroup::
[2026-05-01T14:23:47.845+0000] {local_task_job_runner.py:120} INFO - ::group::Pre task execution logs
[2026-05-01T14:23:47.876+0000] {taskinstance.py:2076} INFO - Dependencies all met for dep_context=non-requeueable deps ti=<TaskInstance: coffee_pipeline.detect_files scheduled__2025-01-02T00:00:00+00:00 [queued]>
[2026-05-01T14:23:47.889+0000] {taskinstance.py:2076} INFO - Dependencies all met for dep_context=requeueable deps ti=<TaskInstance: coffee_pipeline.detect_files scheduled__2025-01-02T00:00:00+00:00 [queued]>
[2026-05-01T14:23:47.891+0000] {taskinstance.py:2306} INFO - Starting attempt 1 of 2
[2026-05-01T14:23:47.909+0000] {taskinstance.py:2330} INFO - Executing <Task(PythonOperator): detect_files> on 2025-01-02 00:00:00+00:00
[2026-05-01T14:23:47.919+0000] {warnings.py:112} WARNING - /home/***/.local/lib/python3.12/site-packages/***/task/task_runner/standard_task_runner.py:62: DeprecationWarning: This process (pid=129) is multi-threaded, use of fork() may lead to deadlocks in the child.
  pid = os.fork()

[2026-05-01T14:23:47.921+0000] {standard_task_runner.py:64} INFO - Started process 131 to run task
[2026-05-01T14:23:47.922+0000] {standard_task_runner.py:90} INFO - Running: ['***', 'tasks', 'run', 'coffee_pipeline', 'detect_files', 'scheduled__2025-01-02T00:00:00+00:00', '--job-id', '6', '--raw', '--subdir', 'DAGS_FOLDER/coffee_pipeline.py', '--cfg-path', '/tmp/tmpic3ehozs']
[2026-05-01T14:23:47.929+0000] {standard_task_runner.py:91} INFO - Job 6: Subtask detect_files
[2026-05-01T14:23:48.006+0000] {task_command.py:426} INFO - Running <TaskInstance: coffee_pipeline.detect_files scheduled__2025-01-02T00:00:00+00:00 [running]> on host 99adfb056df4
[2026-05-01T14:23:48.126+0000] {taskinstance.py:2648} INFO - Exporting env vars: AIRFLOW_CTX_DAG_OWNER='Khangelani' AIRFLOW_CTX_DAG_ID='coffee_pipeline' AIRFLOW_CTX_TASK_ID='detect_files' AIRFLOW_CTX_EXECUTION_DATE='2025-01-02T00:00:00+00:00' AIRFLOW_CTX_TRY_NUMBER='1' AIRFLOW_CTX_DAG_RUN_ID='scheduled__2025-01-02T00:00:00+00:00'
[2026-05-01T14:23:48.129+0000] {taskinstance.py:430} INFO - ::endgroup::
[2026-05-01T14:23:48.154+0000] {python.py:237} INFO - Done. Returned value was: None
[2026-05-01T14:23:48.155+0000] {taskinstance.py:441} INFO - ::group::Post task execution logs
[2026-05-01T14:23:48.168+0000] {taskinstance.py:1206} INFO - Marking task as SUCCESS. dag_id=coffee_pipeline, task_id=detect_files, run_id=scheduled__2025-01-02T00:00:00+00:00, execution_date=20250102T000000, start_date=20260501T142347, end_date=20260501T142348
[2026-05-01T14:23:48.224+0000] {local_task_job_runner.py:243} INFO - Task exited with return code 0
[2026-05-01T14:23:48.263+0000] {taskinstance.py:3503} INFO - 1 downstream tasks scheduled from follow-on schedule check
[2026-05-01T14:23:48.268+0000] {local_task_job_runner.py:222} INFO - ::endgroup::
[2026-05-01T14:56:10.418+0000] {local_task_job_runner.py:120} INFO - ::group::Pre task execution logs
[2026-05-01T14:56:10.448+0000] {taskinstance.py:2076} INFO - Dependencies all met for dep_context=non-requeueable deps ti=<TaskInstance: coffee_pipeline.detect_files scheduled__2025-01-02T00:00:00+00:00 [queued]>
[2026-05-01T14:56:10.459+0000] {taskinstance.py:2076} INFO - Dependencies all met for dep_context=requeueable deps ti=<TaskInstance: coffee_pipeline.detect_files scheduled__2025-01-02T00:00:00+00:00 [queued]>
[2026-05-01T14:56:10.460+0000] {taskinstance.py:2306} INFO - Starting attempt 1 of 2
[2026-05-01T14:56:10.476+0000] {taskinstance.py:2330} INFO - Executing <Task(PythonOperator): detect_files> on 2025-01-02 00:00:00+00:00
[2026-05-01T14:56:10.486+0000] {warnings.py:112} WARNING - /home/***/.local/lib/python3.12/site-packages/***/task/task_runner/standard_task_runner.py:62: DeprecationWarning: This process (pid=242) is multi-threaded, use of fork() may lead to deadlocks in the child.
  pid = os.fork()

[2026-05-01T14:56:10.488+0000] {standard_task_runner.py:64} INFO - Started process 244 to run task
[2026-05-01T14:56:10.489+0000] {standard_task_runner.py:90} INFO - Running: ['***', 'tasks', 'run', 'coffee_pipeline', 'detect_files', 'scheduled__2025-01-02T00:00:00+00:00', '--job-id', '6', '--raw', '--subdir', 'DAGS_FOLDER/coffee_pipeline.py', '--cfg-path', '/tmp/tmp_983u7gj']
[2026-05-01T14:56:10.492+0000] {standard_task_runner.py:91} INFO - Job 6: Subtask detect_files
[2026-05-01T14:56:10.550+0000] {task_command.py:426} INFO - Running <TaskInstance: coffee_pipeline.detect_files scheduled__2025-01-02T00:00:00+00:00 [running]> on host d65e6a7fdfeb
[2026-05-01T14:56:10.669+0000] {taskinstance.py:2648} INFO - Exporting env vars: AIRFLOW_CTX_DAG_OWNER='Khangelani' AIRFLOW_CTX_DAG_ID='coffee_pipeline' AIRFLOW_CTX_TASK_ID='detect_files' AIRFLOW_CTX_EXECUTION_DATE='2025-01-02T00:00:00+00:00' AIRFLOW_CTX_TRY_NUMBER='1' AIRFLOW_CTX_DAG_RUN_ID='scheduled__2025-01-02T00:00:00+00:00'
[2026-05-01T14:56:10.671+0000] {taskinstance.py:430} INFO - ::endgroup::
[2026-05-01T14:56:10.693+0000] {python.py:237} INFO - Done. Returned value was: None
[2026-05-01T14:56:10.694+0000] {taskinstance.py:441} INFO - ::group::Post task execution logs
[2026-05-01T14:56:10.712+0000] {taskinstance.py:1206} INFO - Marking task as SUCCESS. dag_id=coffee_pipeline, task_id=detect_files, run_id=scheduled__2025-01-02T00:00:00+00:00, execution_date=20250102T000000, start_date=20260501T145610, end_date=20260501T145610
[2026-05-01T14:56:10.748+0000] {local_task_job_runner.py:243} INFO - Task exited with return code 0
[2026-05-01T14:56:10.779+0000] {taskinstance.py:3503} INFO - 1 downstream tasks scheduled from follow-on schedule check
[2026-05-01T14:56:10.786+0000] {local_task_job_runner.py:222} INFO - ::endgroup::
[2026-05-01T15:23:12.933+0000] {local_task_job_runner.py:120} INFO - ::group::Pre task execution logs
[2026-05-01T15:23:12.960+0000] {taskinstance.py:2076} INFO - Dependencies all met for dep_context=non-requeueable deps ti=<TaskInstance: coffee_pipeline.detect_files scheduled__2025-01-02T00:00:00+00:00 [queued]>
[2026-05-01T15:23:12.972+0000] {taskinstance.py:2076} INFO - Dependencies all met for dep_context=requeueable deps ti=<TaskInstance: coffee_pipeline.detect_files scheduled__2025-01-02T00:00:00+00:00 [queued]>
[2026-05-01T15:23:12.973+0000] {taskinstance.py:2306} INFO - Starting attempt 1 of 2
[2026-05-01T15:23:12.994+0000] {taskinstance.py:2330} INFO - Executing <Task(PythonOperator): detect_files> on 2025-01-02 00:00:00+00:00
[2026-05-01T15:23:13.005+0000] {warnings.py:112} WARNING - /home/***/.local/lib/python3.12/site-packages/***/task/task_runner/standard_task_runner.py:62: DeprecationWarning: This process (pid=172) is multi-threaded, use of fork() may lead to deadlocks in the child.
  pid = os.fork()

[2026-05-01T15:23:13.008+0000] {standard_task_runner.py:64} INFO - Started process 174 to run task
[2026-05-01T15:23:13.015+0000] {standard_task_runner.py:90} INFO - Running: ['***', 'tasks', 'run', 'coffee_pipeline', 'detect_files', 'scheduled__2025-01-02T00:00:00+00:00', '--job-id', '7', '--raw', '--subdir', 'DAGS_FOLDER/coffee_pipeline.py', '--cfg-path', '/tmp/tmpm7_ola76']
[2026-05-01T15:23:13.018+0000] {standard_task_runner.py:91} INFO - Job 7: Subtask detect_files
[2026-05-01T15:23:13.086+0000] {task_command.py:426} INFO - Running <TaskInstance: coffee_pipeline.detect_files scheduled__2025-01-02T00:00:00+00:00 [running]> on host 689d755758de
[2026-05-01T15:23:13.187+0000] {taskinstance.py:2648} INFO - Exporting env vars: AIRFLOW_CTX_DAG_OWNER='Khangelani' AIRFLOW_CTX_DAG_ID='coffee_pipeline' AIRFLOW_CTX_TASK_ID='detect_files' AIRFLOW_CTX_EXECUTION_DATE='2025-01-02T00:00:00+00:00' AIRFLOW_CTX_TRY_NUMBER='1' AIRFLOW_CTX_DAG_RUN_ID='scheduled__2025-01-02T00:00:00+00:00'
[2026-05-01T15:23:13.189+0000] {taskinstance.py:430} INFO - ::endgroup::
[2026-05-01T15:23:13.209+0000] {python.py:237} INFO - Done. Returned value was: None
[2026-05-01T15:23:13.211+0000] {taskinstance.py:441} INFO - ::group::Post task execution logs
[2026-05-01T15:23:13.222+0000] {taskinstance.py:1206} INFO - Marking task as SUCCESS. dag_id=coffee_pipeline, task_id=detect_files, run_id=scheduled__2025-01-02T00:00:00+00:00, execution_date=20250102T000000, start_date=20260501T152312, end_date=20260501T152313
[2026-05-01T15:23:13.267+0000] {local_task_job_runner.py:243} INFO - Task exited with return code 0
[2026-05-01T15:23:13.295+0000] {taskinstance.py:3503} INFO - 1 downstream tasks scheduled from follow-on schedule check
[2026-05-01T15:23:13.299+0000] {local_task_job_runner.py:222} INFO - ::endgroup::
[2026-05-01T17:08:02.039+0000] {local_task_job_runner.py:120} INFO - ::group::Pre task execution logs
[2026-05-01T17:08:02.073+0000] {taskinstance.py:2076} INFO - Dependencies all met for dep_context=non-requeueable deps ti=<TaskInstance: coffee_pipeline.detect_files scheduled__2025-01-02T00:00:00+00:00 [queued]>
[2026-05-01T17:08:02.085+0000] {taskinstance.py:2076} INFO - Dependencies all met for dep_context=requeueable deps ti=<TaskInstance: coffee_pipeline.detect_files scheduled__2025-01-02T00:00:00+00:00 [queued]>
[2026-05-01T17:08:02.087+0000] {taskinstance.py:2306} INFO - Starting attempt 1 of 2
[2026-05-01T17:08:02.115+0000] {taskinstance.py:2330} INFO - Executing <Task(PythonOperator): detect_files> on 2025-01-02 00:00:00+00:00
[2026-05-01T17:08:02.126+0000] {warnings.py:112} WARNING - /home/***/.local/lib/python3.12/site-packages/***/task/task_runner/standard_task_runner.py:62: DeprecationWarning: This process (pid=245) is multi-threaded, use of fork() may lead to deadlocks in the child.
  pid = os.fork()

[2026-05-01T17:08:02.129+0000] {standard_task_runner.py:90} INFO - Running: ['***', 'tasks', 'run', 'coffee_pipeline', 'detect_files', 'scheduled__2025-01-02T00:00:00+00:00', '--job-id', '7', '--raw', '--subdir', 'DAGS_FOLDER/coffee_pipeline.py', '--cfg-path', '/tmp/tmpe09j9n33']
[2026-05-01T17:08:02.135+0000] {standard_task_runner.py:91} INFO - Job 7: Subtask detect_files
[2026-05-01T17:08:02.134+0000] {standard_task_runner.py:64} INFO - Started process 247 to run task
[2026-05-01T17:08:02.216+0000] {task_command.py:426} INFO - Running <TaskInstance: coffee_pipeline.detect_files scheduled__2025-01-02T00:00:00+00:00 [running]> on host 1e1bd9f4f27b
[2026-05-01T17:08:02.323+0000] {taskinstance.py:2648} INFO - Exporting env vars: AIRFLOW_CTX_DAG_OWNER='Khangelani' AIRFLOW_CTX_DAG_ID='coffee_pipeline' AIRFLOW_CTX_TASK_ID='detect_files' AIRFLOW_CTX_EXECUTION_DATE='2025-01-02T00:00:00+00:00' AIRFLOW_CTX_TRY_NUMBER='1' AIRFLOW_CTX_DAG_RUN_ID='scheduled__2025-01-02T00:00:00+00:00'
[2026-05-01T17:08:02.329+0000] {taskinstance.py:430} INFO - ::endgroup::
[2026-05-01T17:08:02.352+0000] {python.py:237} INFO - Done. Returned value was: None
[2026-05-01T17:08:02.362+0000] {taskinstance.py:441} INFO - ::group::Post task execution logs
[2026-05-01T17:08:02.383+0000] {taskinstance.py:1206} INFO - Marking task as SUCCESS. dag_id=coffee_pipeline, task_id=detect_files, run_id=scheduled__2025-01-02T00:00:00+00:00, execution_date=20250102T000000, start_date=20260501T170802, end_date=20260501T170802
[2026-05-01T17:08:02.444+0000] {local_task_job_runner.py:243} INFO - Task exited with return code 0
[2026-05-01T17:08:02.474+0000] {taskinstance.py:3503} INFO - 1 downstream tasks scheduled from follow-on schedule check
[2026-05-01T17:08:02.477+0000] {local_task_job_runner.py:222} INFO - ::endgroup::
[2026-05-01T17:24:15.695+0000] {local_task_job_runner.py:120} INFO - ::group::Pre task execution logs
[2026-05-01T17:24:15.725+0000] {taskinstance.py:2076} INFO - Dependencies all met for dep_context=non-requeueable deps ti=<TaskInstance: coffee_pipeline.detect_files scheduled__2025-01-02T00:00:00+00:00 [queued]>
[2026-05-01T17:24:15.735+0000] {taskinstance.py:2076} INFO - Dependencies all met for dep_context=requeueable deps ti=<TaskInstance: coffee_pipeline.detect_files scheduled__2025-01-02T00:00:00+00:00 [queued]>
[2026-05-01T17:24:15.737+0000] {taskinstance.py:2306} INFO - Starting attempt 1 of 2
[2026-05-01T17:24:15.753+0000] {taskinstance.py:2330} INFO - Executing <Task(PythonOperator): detect_files> on 2025-01-02 00:00:00+00:00
[2026-05-01T17:24:15.761+0000] {warnings.py:112} WARNING - /home/***/.local/lib/python3.12/site-packages/***/task/task_runner/standard_task_runner.py:62: DeprecationWarning: This process (pid=252) is multi-threaded, use of fork() may lead to deadlocks in the child.
  pid = os.fork()

[2026-05-01T17:24:15.764+0000] {standard_task_runner.py:64} INFO - Started process 254 to run task
[2026-05-01T17:24:15.765+0000] {standard_task_runner.py:90} INFO - Running: ['***', 'tasks', 'run', 'coffee_pipeline', 'detect_files', 'scheduled__2025-01-02T00:00:00+00:00', '--job-id', '6', '--raw', '--subdir', 'DAGS_FOLDER/coffee_pipeline.py', '--cfg-path', '/tmp/tmphh06fnb1']
[2026-05-01T17:24:15.767+0000] {standard_task_runner.py:91} INFO - Job 6: Subtask detect_files
[2026-05-01T17:24:15.823+0000] {task_command.py:426} INFO - Running <TaskInstance: coffee_pipeline.detect_files scheduled__2025-01-02T00:00:00+00:00 [running]> on host ***-worker
[2026-05-01T17:24:15.915+0000] {taskinstance.py:2648} INFO - Exporting env vars: AIRFLOW_CTX_DAG_OWNER='Khangelani' AIRFLOW_CTX_DAG_ID='coffee_pipeline' AIRFLOW_CTX_TASK_ID='detect_files' AIRFLOW_CTX_EXECUTION_DATE='2025-01-02T00:00:00+00:00' AIRFLOW_CTX_TRY_NUMBER='1' AIRFLOW_CTX_DAG_RUN_ID='scheduled__2025-01-02T00:00:00+00:00'
[2026-05-01T17:24:15.918+0000] {taskinstance.py:430} INFO - ::endgroup::
[2026-05-01T17:24:15.936+0000] {python.py:237} INFO - Done. Returned value was: None
[2026-05-01T17:24:15.938+0000] {taskinstance.py:441} INFO - ::group::Post task execution logs
[2026-05-01T17:24:15.949+0000] {taskinstance.py:1206} INFO - Marking task as SUCCESS. dag_id=coffee_pipeline, task_id=detect_files, run_id=scheduled__2025-01-02T00:00:00+00:00, execution_date=20250102T000000, start_date=20260501T172415, end_date=20260501T172415
[2026-05-01T17:24:15.981+0000] {local_task_job_runner.py:243} INFO - Task exited with return code 0
[2026-05-01T17:24:16.011+0000] {taskinstance.py:3503} INFO - 1 downstream tasks scheduled from follow-on schedule check
[2026-05-01T17:24:16.014+0000] {local_task_job_runner.py:222} INFO - ::endgroup::
[2026-05-01T18:22:39.875+0000] {local_task_job_runner.py:120} INFO - ::group::Pre task execution logs
[2026-05-01T18:22:39.905+0000] {taskinstance.py:2076} INFO - Dependencies all met for dep_context=non-requeueable deps ti=<TaskInstance: coffee_pipeline.detect_files scheduled__2025-01-02T00:00:00+00:00 [queued]>
[2026-05-01T18:22:39.918+0000] {taskinstance.py:2076} INFO - Dependencies all met for dep_context=requeueable deps ti=<TaskInstance: coffee_pipeline.detect_files scheduled__2025-01-02T00:00:00+00:00 [queued]>
[2026-05-01T18:22:39.919+0000] {taskinstance.py:2306} INFO - Starting attempt 1 of 2
[2026-05-01T18:22:39.941+0000] {taskinstance.py:2330} INFO - Executing <Task(PythonOperator): detect_files> on 2025-01-02 00:00:00+00:00
[2026-05-01T18:22:39.951+0000] {warnings.py:112} WARNING - /home/***/.local/lib/python3.12/site-packages/***/task/task_runner/standard_task_runner.py:62: DeprecationWarning: This process (pid=260) is multi-threaded, use of fork() may lead to deadlocks in the child.
  pid = os.fork()

[2026-05-01T18:22:39.955+0000] {standard_task_runner.py:64} INFO - Started process 262 to run task
[2026-05-01T18:22:39.958+0000] {standard_task_runner.py:90} INFO - Running: ['***', 'tasks', 'run', 'coffee_pipeline', 'detect_files', 'scheduled__2025-01-02T00:00:00+00:00', '--job-id', '9', '--raw', '--subdir', 'DAGS_FOLDER/coffee_pipeline.py', '--cfg-path', '/tmp/tmp1279h5qq']
[2026-05-01T18:22:39.961+0000] {standard_task_runner.py:91} INFO - Job 9: Subtask detect_files
[2026-05-01T18:22:40.037+0000] {task_command.py:426} INFO - Running <TaskInstance: coffee_pipeline.detect_files scheduled__2025-01-02T00:00:00+00:00 [running]> on host ***-worker
[2026-05-01T18:22:40.151+0000] {taskinstance.py:2648} INFO - Exporting env vars: AIRFLOW_CTX_DAG_OWNER='Khangelani' AIRFLOW_CTX_DAG_ID='coffee_pipeline' AIRFLOW_CTX_TASK_ID='detect_files' AIRFLOW_CTX_EXECUTION_DATE='2025-01-02T00:00:00+00:00' AIRFLOW_CTX_TRY_NUMBER='1' AIRFLOW_CTX_DAG_RUN_ID='scheduled__2025-01-02T00:00:00+00:00'
[2026-05-01T18:22:40.155+0000] {taskinstance.py:430} INFO - ::endgroup::
[2026-05-01T18:22:40.181+0000] {python.py:237} INFO - Done. Returned value was: None
[2026-05-01T18:22:40.183+0000] {taskinstance.py:441} INFO - ::group::Post task execution logs
[2026-05-01T18:22:40.198+0000] {taskinstance.py:1206} INFO - Marking task as SUCCESS. dag_id=coffee_pipeline, task_id=detect_files, run_id=scheduled__2025-01-02T00:00:00+00:00, execution_date=20250102T000000, start_date=20260501T182239, end_date=20260501T182240
[2026-05-01T18:22:40.259+0000] {local_task_job_runner.py:243} INFO - Task exited with return code 0
[2026-05-01T18:22:40.321+0000] {taskinstance.py:3503} INFO - 1 downstream tasks scheduled from follow-on schedule check
[2026-05-01T18:22:40.336+0000] {local_task_job_runner.py:222} INFO - ::endgroup::
[2026-05-01T18:56:59.005+0000] {local_task_job_runner.py:120} INFO - ::group::Pre task execution logs
[2026-05-01T18:56:59.079+0000] {taskinstance.py:2076} INFO - Dependencies all met for dep_context=non-requeueable deps ti=<TaskInstance: coffee_pipeline.detect_files scheduled__2025-01-02T00:00:00+00:00 [queued]>
[2026-05-01T18:56:59.105+0000] {taskinstance.py:2076} INFO - Dependencies all met for dep_context=requeueable deps ti=<TaskInstance: coffee_pipeline.detect_files scheduled__2025-01-02T00:00:00+00:00 [queued]>
[2026-05-01T18:56:59.108+0000] {taskinstance.py:2306} INFO - Starting attempt 1 of 2
[2026-05-01T18:56:59.156+0000] {taskinstance.py:2330} INFO - Executing <Task(PythonOperator): detect_files> on 2025-01-02 00:00:00+00:00
[2026-05-01T18:56:59.187+0000] {warnings.py:112} WARNING - /home/***/.local/lib/python3.12/site-packages/***/task/task_runner/standard_task_runner.py:62: DeprecationWarning: This process (pid=279) is multi-threaded, use of fork() may lead to deadlocks in the child.
  pid = os.fork()

[2026-05-01T18:56:59.192+0000] {standard_task_runner.py:64} INFO - Started process 281 to run task
[2026-05-01T18:56:59.198+0000] {standard_task_runner.py:90} INFO - Running: ['***', 'tasks', 'run', 'coffee_pipeline', 'detect_files', 'scheduled__2025-01-02T00:00:00+00:00', '--job-id', '9', '--raw', '--subdir', 'DAGS_FOLDER/coffee_pipeline.py', '--cfg-path', '/tmp/tmpgrdfk4cg']
[2026-05-01T18:56:59.210+0000] {standard_task_runner.py:91} INFO - Job 9: Subtask detect_files
[2026-05-01T18:56:59.690+0000] {task_command.py:426} INFO - Running <TaskInstance: coffee_pipeline.detect_files scheduled__2025-01-02T00:00:00+00:00 [running]> on host ***-worker
[2026-05-01T18:56:59.955+0000] {taskinstance.py:2648} INFO - Exporting env vars: AIRFLOW_CTX_DAG_OWNER='Khangelani' AIRFLOW_CTX_DAG_ID='coffee_pipeline' AIRFLOW_CTX_TASK_ID='detect_files' AIRFLOW_CTX_EXECUTION_DATE='2025-01-02T00:00:00+00:00' AIRFLOW_CTX_TRY_NUMBER='1' AIRFLOW_CTX_DAG_RUN_ID='scheduled__2025-01-02T00:00:00+00:00'
[2026-05-01T18:56:59.961+0000] {taskinstance.py:430} INFO - ::endgroup::
[2026-05-01T18:57:00.000+0000] {python.py:237} INFO - Done. Returned value was: None
[2026-05-01T18:57:00.010+0000] {taskinstance.py:441} INFO - ::group::Post task execution logs
[2026-05-01T18:57:00.047+0000] {taskinstance.py:1206} INFO - Marking task as SUCCESS. dag_id=coffee_pipeline, task_id=detect_files, run_id=scheduled__2025-01-02T00:00:00+00:00, execution_date=20250102T000000, start_date=20260501T185659, end_date=20260501T185700
[2026-05-01T18:57:00.173+0000] {local_task_job_runner.py:243} INFO - Task exited with return code 0
[2026-05-01T18:57:00.243+0000] {taskinstance.py:3503} INFO - 1 downstream tasks scheduled from follow-on schedule check
[2026-05-01T18:57:00.257+0000] {local_task_job_runner.py:222} INFO - ::endgroup::
