[2026-05-01T19:17:26.047+0000] {local_task_job_runner.py:120} INFO - ::group::Pre task execution logs
[2026-05-01T19:17:26.103+0000] {taskinstance.py:2076} INFO - Dependencies all met for dep_context=non-requeueable deps ti=<TaskInstance: coffee_pipeline.dbt_staging manual__2026-05-01T19:16:31.718518+00:00 [queued]>
[2026-05-01T19:17:26.125+0000] {taskinstance.py:2076} INFO - Dependencies all met for dep_context=requeueable deps ti=<TaskInstance: coffee_pipeline.dbt_staging manual__2026-05-01T19:16:31.718518+00:00 [queued]>
[2026-05-01T19:17:26.131+0000] {taskinstance.py:2306} INFO - Starting attempt 1 of 2
[2026-05-01T19:17:26.170+0000] {taskinstance.py:2330} INFO - Executing <Task(BashOperator): dbt_staging> on 2026-05-01 19:16:31.718518+00:00
[2026-05-01T19:17:26.192+0000] {warnings.py:112} WARNING - /home/***/.local/lib/python3.12/site-packages/***/task/task_runner/standard_task_runner.py:62: DeprecationWarning: This process (pid=595) is multi-threaded, use of fork() may lead to deadlocks in the child.
  pid = os.fork()

[2026-05-01T19:17:26.460+0000] {standard_task_runner.py:64} INFO - Started process 597 to run task
[2026-05-01T19:17:26.206+0000] {standard_task_runner.py:90} INFO - Running: ['***', 'tasks', 'run', 'coffee_pipeline', 'dbt_staging', 'manual__2026-05-01T19:16:31.718518+00:00', '--job-id', '22', '--raw', '--subdir', 'DAGS_FOLDER/coffee_pipeline.py', '--cfg-path', '/tmp/tmpfjhkf3t9']
[2026-05-01T19:17:26.471+0000] {standard_task_runner.py:91} INFO - Job 22: Subtask dbt_staging
[2026-05-01T19:17:26.617+0000] {task_command.py:426} INFO - Running <TaskInstance: coffee_pipeline.dbt_staging manual__2026-05-01T19:16:31.718518+00:00 [running]> on host ***-worker
[2026-05-01T19:17:26.867+0000] {taskinstance.py:2648} INFO - Exporting env vars: AIRFLOW_CTX_DAG_OWNER='Khangelani' AIRFLOW_CTX_DAG_ID='coffee_pipeline' AIRFLOW_CTX_TASK_ID='dbt_staging' AIRFLOW_CTX_EXECUTION_DATE='2026-05-01T19:16:31.718518+00:00' AIRFLOW_CTX_TRY_NUMBER='1' AIRFLOW_CTX_DAG_RUN_ID='manual__2026-05-01T19:16:31.718518+00:00'
[2026-05-01T19:17:26.871+0000] {taskinstance.py:430} INFO - ::endgroup::
[2026-05-01T19:17:26.874+0000] {subprocess.py:63} INFO - Tmp dir root location: /tmp
[2026-05-01T19:17:26.878+0000] {subprocess.py:75} INFO - Running command: ['/usr/bin/bash', '-c', '\n        cd /opt/***/project/transform/coffee_project &&\n        dbt run --select staging --target prod\n        ']
[2026-05-01T19:17:26.942+0000] {subprocess.py:86} INFO - Output:
[2026-05-01T19:17:32.950+0000] {subprocess.py:93} INFO - [0m19:17:32  Running with dbt=1.8.7
[2026-05-01T19:17:41.379+0000] {subprocess.py:93} INFO - [0m19:17:41  Registered adapter: bigquery=1.9.2
[2026-05-01T19:17:43.418+0000] {subprocess.py:93} INFO - [0m19:17:43  [[33mWARNING[0m]: Configuration paths exist in your dbt_project.yml file which do not apply to any resources.
[2026-05-01T19:17:43.420+0000] {subprocess.py:93} INFO - There are 1 unused configuration paths:
[2026-05-01T19:17:43.423+0000] {subprocess.py:93} INFO - - models.coffee_project.example
[2026-05-01T19:17:44.220+0000] {subprocess.py:93} INFO - [0m19:17:44  Found 5 models, 2 data tests, 1 source, 489 macros
[2026-05-01T19:17:44.238+0000] {subprocess.py:93} INFO - [0m19:17:44
[2026-05-01T19:17:48.191+0000] {subprocess.py:93} INFO - [0m19:17:48  Concurrency: 4 threads (target='prod')
[2026-05-01T19:17:48.196+0000] {subprocess.py:93} INFO - [0m19:17:48
[2026-05-01T19:17:48.223+0000] {subprocess.py:93} INFO - [0m19:17:48  1 of 1 START sql view model coffee_prod.staging_lower_manhattan ................ [RUN]
[2026-05-01T19:17:51.803+0000] {subprocess.py:93} INFO - [0m19:17:51  BigQuery adapter: https://console.cloud.google.com/bigquery?project=coffee-shop-updated&j=bq:US:07755172-d025-4c07-a314-e6e90a6c53aa&page=queryresults
[2026-05-01T19:17:51.869+0000] {subprocess.py:93} INFO - [0m19:17:51  1 of 1 ERROR creating sql view model coffee_prod.staging_lower_manhattan ....... [[31mERROR[0m in 3.62s]
[2026-05-01T19:17:51.972+0000] {subprocess.py:93} INFO - [0m19:17:51
[2026-05-01T19:17:51.980+0000] {subprocess.py:93} INFO - [0m19:17:51  Finished running 1 view model in 0 hours 0 minutes and 7.73 seconds (7.73s).
[2026-05-01T19:17:52.571+0000] {subprocess.py:93} INFO - [0m19:17:52
[2026-05-01T19:17:52.586+0000] {subprocess.py:93} INFO - [0m19:17:52  [31mCompleted with 1 error and 0 warnings:[0m
[2026-05-01T19:17:52.601+0000] {subprocess.py:93} INFO - [0m19:17:52
[2026-05-01T19:17:52.612+0000] {subprocess.py:93} INFO - [0m19:17:52    Database Error in model staging_lower_manhattan (models/staging/staging_lower_manhattan.sql)
[2026-05-01T19:17:52.616+0000] {subprocess.py:93} INFO -   No matching signature for function PARSE_DATE
[2026-05-01T19:17:52.619+0000] {subprocess.py:93} INFO -     Argument types: STRING, DATE
[2026-05-01T19:17:52.621+0000] {subprocess.py:93} INFO -     Signature: PARSE_DATE(STRING, STRING)
[2026-05-01T19:17:52.625+0000] {subprocess.py:93} INFO -       Argument 2: Unable to coerce type DATE to expected type STRING at [29:5]
[2026-05-01T19:17:52.628+0000] {subprocess.py:93} INFO -   compiled code at target/run/coffee_project/models/staging/staging_lower_manhattan.sql
[2026-05-01T19:17:52.633+0000] {subprocess.py:93} INFO - [0m19:17:52
[2026-05-01T19:17:52.643+0000] {subprocess.py:93} INFO - [0m19:17:52  Done. PASS=0 WARN=0 ERROR=1 SKIP=0 TOTAL=1
[2026-05-01T19:17:56.801+0000] {subprocess.py:97} INFO - Command exited with return code 1
[2026-05-01T19:17:56.806+0000] {taskinstance.py:441} INFO - ::group::Post task execution logs
[2026-05-01T19:17:56.836+0000] {taskinstance.py:2905} ERROR - Task failed with exception
Traceback (most recent call last):
  File "/home/airflow/.local/lib/python3.12/site-packages/airflow/models/taskinstance.py", line 465, in _execute_task
    result = _execute_callable(context=context, **execute_callable_kwargs)
             ^^^^^^^^^^^^^^^^^^^^^^^^^^^^^^^^^^^^^^^^^^^^^^^^^^^^^^^^^^^^^
  File "/home/airflow/.local/lib/python3.12/site-packages/airflow/models/taskinstance.py", line 432, in _execute_callable
    return execute_callable(context=context, **execute_callable_kwargs)
           ^^^^^^^^^^^^^^^^^^^^^^^^^^^^^^^^^^^^^^^^^^^^^^^^^^^^^^^^^^^^
  File "/home/airflow/.local/lib/python3.12/site-packages/airflow/models/baseoperator.py", line 401, in wrapper
    return func(self, *args, **kwargs)
           ^^^^^^^^^^^^^^^^^^^^^^^^^^^
  File "/home/airflow/.local/lib/python3.12/site-packages/airflow/operators/bash.py", line 243, in execute
    raise AirflowException(
airflow.exceptions.AirflowException: Bash command failed. The command returned a non-zero exit code 1.
[2026-05-01T19:17:56.899+0000] {taskinstance.py:1206} INFO - Marking task as UP_FOR_RETRY. dag_id=coffee_pipeline, task_id=dbt_staging, run_id=manual__2026-05-01T19:16:31.718518+00:00, execution_date=20260501T191631, start_date=20260501T191726, end_date=20260501T191756
[2026-05-01T19:17:57.035+0000] {standard_task_runner.py:110} ERROR - Failed to execute job 22 for task dbt_staging (Bash command failed. The command returned a non-zero exit code 1.; 597)
[2026-05-01T19:17:57.104+0000] {local_task_job_runner.py:243} INFO - Task exited with return code 1
[2026-05-01T19:17:57.192+0000] {taskinstance.py:3503} INFO - 0 downstream tasks scheduled from follow-on schedule check
[2026-05-01T19:17:57.203+0000] {local_task_job_runner.py:222} INFO - ::endgroup::
