[2026-05-01T20:01:02.458+0000] {local_task_job_runner.py:120} INFO - ::group::Pre task execution logs
[2026-05-01T20:01:02.498+0000] {taskinstance.py:2076} INFO - Dependencies all met for dep_context=non-requeueable deps ti=<TaskInstance: coffee_pipeline.dbt_staging scheduled__2025-01-17T00:00:00+00:00 [queued]>
[2026-05-01T20:01:02.521+0000] {taskinstance.py:2076} INFO - Dependencies all met for dep_context=requeueable deps ti=<TaskInstance: coffee_pipeline.dbt_staging scheduled__2025-01-17T00:00:00+00:00 [queued]>
[2026-05-01T20:01:02.530+0000] {taskinstance.py:2306} INFO - Starting attempt 1 of 2
[2026-05-01T20:01:02.565+0000] {taskinstance.py:2330} INFO - Executing <Task(BashOperator): dbt_staging> on 2025-01-17 00:00:00+00:00
[2026-05-01T20:01:02.578+0000] {warnings.py:112} WARNING - /home/***/.local/lib/python3.12/site-packages/***/task/task_runner/standard_task_runner.py:62: DeprecationWarning: This process (pid=1866) is multi-threaded, use of fork() may lead to deadlocks in the child.
  pid = os.fork()

[2026-05-01T20:01:02.581+0000] {standard_task_runner.py:64} INFO - Started process 1868 to run task
[2026-05-01T20:01:02.587+0000] {standard_task_runner.py:90} INFO - Running: ['***', 'tasks', 'run', 'coffee_pipeline', 'dbt_staging', 'scheduled__2025-01-17T00:00:00+00:00', '--job-id', '93', '--raw', '--subdir', 'DAGS_FOLDER/coffee_pipeline.py', '--cfg-path', '/tmp/tmpykzeydow']
[2026-05-01T20:01:02.590+0000] {standard_task_runner.py:91} INFO - Job 93: Subtask dbt_staging
[2026-05-01T20:01:02.687+0000] {task_command.py:426} INFO - Running <TaskInstance: coffee_pipeline.dbt_staging scheduled__2025-01-17T00:00:00+00:00 [running]> on host ***-worker
[2026-05-01T20:01:02.841+0000] {taskinstance.py:2648} INFO - Exporting env vars: AIRFLOW_CTX_DAG_OWNER='Khangelani' AIRFLOW_CTX_DAG_ID='coffee_pipeline' AIRFLOW_CTX_TASK_ID='dbt_staging' AIRFLOW_CTX_EXECUTION_DATE='2025-01-17T00:00:00+00:00' AIRFLOW_CTX_TRY_NUMBER='1' AIRFLOW_CTX_DAG_RUN_ID='scheduled__2025-01-17T00:00:00+00:00'
[2026-05-01T20:01:02.845+0000] {taskinstance.py:430} INFO - ::endgroup::
[2026-05-01T20:01:02.849+0000] {subprocess.py:63} INFO - Tmp dir root location: /tmp
[2026-05-01T20:01:02.851+0000] {subprocess.py:75} INFO - Running command: ['/usr/bin/bash', '-c', '\n        cd /opt/***/project/transform/coffee_project &&\n        dbt run --select staging --target prod\n        ']
[2026-05-01T20:01:02.876+0000] {subprocess.py:86} INFO - Output:
[2026-05-01T20:01:08.190+0000] {subprocess.py:93} INFO - [0m20:01:08  Running with dbt=1.8.7
[2026-05-01T20:01:14.409+0000] {subprocess.py:93} INFO - [0m20:01:14  Registered adapter: bigquery=1.9.2
[2026-05-01T20:01:15.764+0000] {subprocess.py:93} INFO - [0m20:01:15  [[33mWARNING[0m]: Configuration paths exist in your dbt_project.yml file which do not apply to any resources.
[2026-05-01T20:01:15.766+0000] {subprocess.py:93} INFO - There are 1 unused configuration paths:
[2026-05-01T20:01:15.768+0000] {subprocess.py:93} INFO - - models.coffee_project.example
[2026-05-01T20:01:16.619+0000] {subprocess.py:93} INFO - [0m20:01:16  Found 5 models, 2 data tests, 1 source, 489 macros
[2026-05-01T20:01:16.639+0000] {subprocess.py:93} INFO - [0m20:01:16
[2026-05-01T20:01:20.482+0000] {subprocess.py:93} INFO - [0m20:01:20  Concurrency: 4 threads (target='prod')
[2026-05-01T20:01:20.487+0000] {subprocess.py:93} INFO - [0m20:01:20
[2026-05-01T20:01:20.513+0000] {subprocess.py:93} INFO - [0m20:01:20  1 of 1 START sql view model coffee_prod.staging_lower_manhattan ................ [RUN]
[2026-05-01T20:01:24.977+0000] {subprocess.py:93} INFO - [0m20:01:24  1 of 1 OK created sql view model coffee_prod.staging_lower_manhattan ........... [[32mCREATE VIEW (0 processed)[0m in 4.45s]
[2026-05-01T20:01:25.051+0000] {subprocess.py:93} INFO - [0m20:01:25
[2026-05-01T20:01:25.055+0000] {subprocess.py:93} INFO - [0m20:01:25  Finished running 1 view model in 0 hours 0 minutes and 8.41 seconds (8.41s).
[2026-05-01T20:01:25.793+0000] {subprocess.py:93} INFO - [0m20:01:25
[2026-05-01T20:01:25.801+0000] {subprocess.py:93} INFO - [0m20:01:25  [32mCompleted successfully[0m
[2026-05-01T20:01:25.806+0000] {subprocess.py:93} INFO - [0m20:01:25
[2026-05-01T20:01:25.810+0000] {subprocess.py:93} INFO - [0m20:01:25  Done. PASS=1 WARN=0 ERROR=0 SKIP=0 TOTAL=1
[2026-05-01T20:01:28.834+0000] {subprocess.py:97} INFO - Command exited with return code 0
[2026-05-01T20:01:28.837+0000] {taskinstance.py:441} INFO - ::group::Post task execution logs
[2026-05-01T20:01:28.923+0000] {taskinstance.py:1206} INFO - Marking task as SUCCESS. dag_id=coffee_pipeline, task_id=dbt_staging, run_id=scheduled__2025-01-17T00:00:00+00:00, execution_date=20250117T000000, start_date=20260501T200102, end_date=20260501T200128
[2026-05-01T20:01:29.047+0000] {local_task_job_runner.py:243} INFO - Task exited with return code 0
[2026-05-01T20:01:29.124+0000] {taskinstance.py:3503} INFO - 1 downstream tasks scheduled from follow-on schedule check
[2026-05-01T20:01:29.128+0000] {local_task_job_runner.py:222} INFO - ::endgroup::
