[2026-05-01T19:45:00.059+0000] {local_task_job_runner.py:120} INFO - ::group::Pre task execution logs
[2026-05-01T19:45:00.155+0000] {taskinstance.py:2076} INFO - Dependencies all met for dep_context=non-requeueable deps ti=<TaskInstance: coffee_pipeline.dbt_marts scheduled__2025-01-07T00:00:00+00:00 [queued]>
[2026-05-01T19:45:00.188+0000] {taskinstance.py:2076} INFO - Dependencies all met for dep_context=requeueable deps ti=<TaskInstance: coffee_pipeline.dbt_marts scheduled__2025-01-07T00:00:00+00:00 [queued]>
[2026-05-01T19:45:00.192+0000] {taskinstance.py:2306} INFO - Starting attempt 1 of 2
[2026-05-01T19:45:00.258+0000] {taskinstance.py:2330} INFO - Executing <Task(BashOperator): dbt_marts> on 2025-01-07 00:00:00+00:00
[2026-05-01T19:45:00.290+0000] {warnings.py:112} WARNING - /home/***/.local/lib/python3.12/site-packages/***/task/task_runner/standard_task_runner.py:62: DeprecationWarning: This process (pid=1114) is multi-threaded, use of fork() may lead to deadlocks in the child.
  pid = os.fork()

[2026-05-01T19:45:00.298+0000] {standard_task_runner.py:64} INFO - Started process 1116 to run task
[2026-05-01T19:45:00.320+0000] {standard_task_runner.py:90} INFO - Running: ['***', 'tasks', 'run', 'coffee_pipeline', 'dbt_marts', 'scheduled__2025-01-07T00:00:00+00:00', '--job-id', '44', '--raw', '--subdir', 'DAGS_FOLDER/coffee_pipeline.py', '--cfg-path', '/tmp/tmp0h1wvjbr']
[2026-05-01T19:45:00.324+0000] {standard_task_runner.py:91} INFO - Job 44: Subtask dbt_marts
[2026-05-01T19:45:00.536+0000] {task_command.py:426} INFO - Running <TaskInstance: coffee_pipeline.dbt_marts scheduled__2025-01-07T00:00:00+00:00 [running]> on host ***-worker
[2026-05-01T19:45:00.866+0000] {taskinstance.py:2648} INFO - Exporting env vars: AIRFLOW_CTX_DAG_OWNER='Khangelani' AIRFLOW_CTX_DAG_ID='coffee_pipeline' AIRFLOW_CTX_TASK_ID='dbt_marts' AIRFLOW_CTX_EXECUTION_DATE='2025-01-07T00:00:00+00:00' AIRFLOW_CTX_TRY_NUMBER='1' AIRFLOW_CTX_DAG_RUN_ID='scheduled__2025-01-07T00:00:00+00:00'
[2026-05-01T19:45:00.874+0000] {taskinstance.py:430} INFO - ::endgroup::
[2026-05-01T19:45:00.882+0000] {subprocess.py:63} INFO - Tmp dir root location: /tmp
[2026-05-01T19:45:00.887+0000] {subprocess.py:75} INFO - Running command: ['/usr/bin/bash', '-c', '\n        cd /opt/***/project/transform/coffee_project &&\n        dbt run --select marts --target prod\n        ']
[2026-05-01T19:45:00.959+0000] {subprocess.py:86} INFO - Output:
[2026-05-01T19:45:05.539+0000] {subprocess.py:93} INFO - [0m19:45:05  Running with dbt=1.8.7
[2026-05-01T19:45:11.548+0000] {subprocess.py:93} INFO - [0m19:45:11  Registered adapter: bigquery=1.9.2
[2026-05-01T19:45:12.996+0000] {subprocess.py:93} INFO - [0m19:45:12  [[33mWARNING[0m]: Configuration paths exist in your dbt_project.yml file which do not apply to any resources.
[2026-05-01T19:45:13.000+0000] {subprocess.py:93} INFO - There are 1 unused configuration paths:
[2026-05-01T19:45:13.001+0000] {subprocess.py:93} INFO - - models.coffee_project.example
[2026-05-01T19:45:13.502+0000] {subprocess.py:93} INFO - [0m19:45:13  Found 5 models, 2 data tests, 1 source, 489 macros
[2026-05-01T19:45:13.516+0000] {subprocess.py:93} INFO - [0m19:45:13
[2026-05-01T19:45:17.157+0000] {subprocess.py:93} INFO - [0m19:45:17  Concurrency: 4 threads (target='prod')
[2026-05-01T19:45:17.164+0000] {subprocess.py:93} INFO - [0m19:45:17
[2026-05-01T19:45:17.196+0000] {subprocess.py:93} INFO - [0m19:45:17  1 of 1 START sql view model coffee_prod.sales_mart ............................. [RUN]
[2026-05-01T19:45:22.234+0000] {subprocess.py:93} INFO - [0m19:45:22  1 of 1 OK created sql view model coffee_prod.sales_mart ........................ [[32mCREATE VIEW (0 processed)[0m in 5.02s]
[2026-05-01T19:45:22.516+0000] {subprocess.py:93} INFO - [0m19:45:22
[2026-05-01T19:45:22.536+0000] {subprocess.py:93} INFO - [0m19:45:22  Finished running 1 view model in 0 hours 0 minutes and 8.99 seconds (8.99s).
[2026-05-01T19:45:23.253+0000] {subprocess.py:93} INFO - [0m19:45:23
[2026-05-01T19:45:23.259+0000] {subprocess.py:93} INFO - [0m19:45:23  [32mCompleted successfully[0m
[2026-05-01T19:45:23.267+0000] {subprocess.py:93} INFO - [0m19:45:23
[2026-05-01T19:45:23.275+0000] {subprocess.py:93} INFO - [0m19:45:23  Done. PASS=1 WARN=0 ERROR=0 SKIP=0 TOTAL=1
[2026-05-01T19:45:26.126+0000] {subprocess.py:97} INFO - Command exited with return code 0
[2026-05-01T19:45:26.131+0000] {taskinstance.py:441} INFO - ::group::Post task execution logs
[2026-05-01T19:45:26.187+0000] {taskinstance.py:1206} INFO - Marking task as SUCCESS. dag_id=coffee_pipeline, task_id=dbt_marts, run_id=scheduled__2025-01-07T00:00:00+00:00, execution_date=20250107T000000, start_date=20260501T194500, end_date=20260501T194526
[2026-05-01T19:45:26.287+0000] {local_task_job_runner.py:243} INFO - Task exited with return code 0
[2026-05-01T19:45:26.339+0000] {taskinstance.py:3503} INFO - 1 downstream tasks scheduled from follow-on schedule check
[2026-05-01T19:45:26.344+0000] {local_task_job_runner.py:222} INFO - ::endgroup::
