[2026-05-01T14:08:56.674+0000] {local_task_job_runner.py:120} INFO - ::group::Pre task execution logs
[2026-05-01T14:08:56.739+0000] {taskinstance.py:2076} INFO - Dependencies all met for dep_context=non-requeueable deps ti=<TaskInstance: coffee_pipeline.ingest_data scheduled__2025-01-03T00:00:00+00:00 [queued]>
[2026-05-01T14:08:56.759+0000] {taskinstance.py:2076} INFO - Dependencies all met for dep_context=requeueable deps ti=<TaskInstance: coffee_pipeline.ingest_data scheduled__2025-01-03T00:00:00+00:00 [queued]>
[2026-05-01T14:08:56.764+0000] {taskinstance.py:2306} INFO - Starting attempt 1 of 2
[2026-05-01T14:08:56.848+0000] {taskinstance.py:2330} INFO - Executing <Task(PythonOperator): ingest_data> on 2025-01-03 00:00:00+00:00
[2026-05-01T14:08:56.907+0000] {warnings.py:112} WARNING - /home/***/.local/lib/python3.12/site-packages/***/task/task_runner/standard_task_runner.py:62: DeprecationWarning: This process (pid=220) is multi-threaded, use of fork() may lead to deadlocks in the child.
  pid = os.fork()

[2026-05-01T14:08:56.914+0000] {standard_task_runner.py:64} INFO - Started process 229 to run task
[2026-05-01T14:08:56.945+0000] {standard_task_runner.py:90} INFO - Running: ['***', 'tasks', 'run', 'coffee_pipeline', 'ingest_data', 'scheduled__2025-01-03T00:00:00+00:00', '--job-id', '14', '--raw', '--subdir', 'DAGS_FOLDER/coffee_pipeline.py', '--cfg-path', '/tmp/tmpo6v3bymp']
[2026-05-01T14:08:56.958+0000] {standard_task_runner.py:91} INFO - Job 14: Subtask ingest_data
[2026-05-01T14:08:57.154+0000] {task_command.py:426} INFO - Running <TaskInstance: coffee_pipeline.ingest_data scheduled__2025-01-03T00:00:00+00:00 [running]> on host fae0f868be76
[2026-05-01T14:08:57.363+0000] {taskinstance.py:2648} INFO - Exporting env vars: AIRFLOW_CTX_DAG_OWNER='Khangelani' AIRFLOW_CTX_DAG_ID='coffee_pipeline' AIRFLOW_CTX_TASK_ID='ingest_data' AIRFLOW_CTX_EXECUTION_DATE='2025-01-03T00:00:00+00:00' AIRFLOW_CTX_TRY_NUMBER='1' AIRFLOW_CTX_DAG_RUN_ID='scheduled__2025-01-03T00:00:00+00:00'
[2026-05-01T14:08:57.368+0000] {taskinstance.py:430} INFO - ::endgroup::
[2026-05-01T14:08:57.396+0000] {_metadata.py:139} WARNING - Compute Engine Metadata server unavailable on attempt 1 of 3. Reason: [Errno 111] Connection refused
[2026-05-01T14:08:57.400+0000] {_metadata.py:139} WARNING - Compute Engine Metadata server unavailable on attempt 2 of 3. Reason: [Errno 111] Connection refused
[2026-05-01T14:08:57.406+0000] {_metadata.py:139} WARNING - Compute Engine Metadata server unavailable on attempt 3 of 3. Reason: [Errno 111] Connection refused
[2026-05-01T14:08:57.410+0000] {_default.py:338} WARNING - Authentication failed using Compute Engine authentication due to unavailable metadata server.
[2026-05-01T14:08:57.415+0000] {taskinstance.py:441} INFO - ::group::Post task execution logs
[2026-05-01T14:08:57.421+0000] {taskinstance.py:2905} ERROR - Task failed with exception
Traceback (most recent call last):
  File "/home/airflow/.local/lib/python3.12/site-packages/airflow/models/taskinstance.py", line 465, in _execute_task
    result = _execute_callable(context=context, **execute_callable_kwargs)
             ^^^^^^^^^^^^^^^^^^^^^^^^^^^^^^^^^^^^^^^^^^^^^^^^^^^^^^^^^^^^^
  File "/home/airflow/.local/lib/python3.12/site-packages/airflow/models/taskinstance.py", line 432, in _execute_callable
    return execute_callable(context=context, **execute_callable_kwargs)
           ^^^^^^^^^^^^^^^^^^^^^^^^^^^^^^^^^^^^^^^^^^^^^^^^^^^^^^^^^^^^
  File "/home/airflow/.local/lib/python3.12/site-packages/airflow/models/baseoperator.py", line 401, in wrapper
    return func(self, *args, **kwargs)
           ^^^^^^^^^^^^^^^^^^^^^^^^^^^
  File "/home/airflow/.local/lib/python3.12/site-packages/airflow/operators/python.py", line 235, in execute
    return_value = self.execute_callable()
                   ^^^^^^^^^^^^^^^^^^^^^^^
  File "/home/airflow/.local/lib/python3.12/site-packages/airflow/operators/python.py", line 252, in execute_callable
    return self.python_callable(*self.op_args, **self.op_kwargs)
           ^^^^^^^^^^^^^^^^^^^^^^^^^^^^^^^^^^^^^^^^^^^^^^^^^^^^^
  File "/opt/airflow/dags/coffee_pipeline.py", line 30, in process_file
    client = bigquery.Client()
             ^^^^^^^^^^^^^^^^^
  File "/home/airflow/.local/lib/python3.12/site-packages/google/cloud/bigquery/client.py", line 241, in __init__
    super(Client, self).__init__(
  File "/home/airflow/.local/lib/python3.12/site-packages/google/cloud/client/__init__.py", line 320, in __init__
    _ClientProjectMixin.__init__(self, project=project, credentials=credentials)
  File "/home/airflow/.local/lib/python3.12/site-packages/google/cloud/client/__init__.py", line 268, in __init__
    project = self._determine_default(project)
              ^^^^^^^^^^^^^^^^^^^^^^^^^^^^^^^^
  File "/home/airflow/.local/lib/python3.12/site-packages/google/cloud/client/__init__.py", line 287, in _determine_default
    return _determine_default_project(project)
           ^^^^^^^^^^^^^^^^^^^^^^^^^^^^^^^^^^^
  File "/home/airflow/.local/lib/python3.12/site-packages/google/cloud/_helpers/__init__.py", line 152, in _determine_default_project
    _, project = google.auth.default()
                 ^^^^^^^^^^^^^^^^^^^^^
  File "/home/airflow/.local/lib/python3.12/site-packages/google/auth/_default.py", line 691, in default
    raise exceptions.DefaultCredentialsError(_CLOUD_SDK_MISSING_CREDENTIALS)
google.auth.exceptions.DefaultCredentialsError: Your default credentials were not found. To set up Application Default Credentials, see https://cloud.google.com/docs/authentication/external/set-up-adc for more information.
[2026-05-01T14:08:57.481+0000] {taskinstance.py:1206} INFO - Marking task as UP_FOR_RETRY. dag_id=coffee_pipeline, task_id=ingest_data, run_id=scheduled__2025-01-03T00:00:00+00:00, execution_date=20250103T000000, start_date=20260501T140856, end_date=20260501T140857
[2026-05-01T14:08:57.676+0000] {standard_task_runner.py:110} ERROR - Failed to execute job 14 for task ingest_data (Your default credentials were not found. To set up Application Default Credentials, see https://cloud.google.com/docs/authentication/external/set-up-adc for more information.; 229)
[2026-05-01T14:08:57.771+0000] {local_task_job_runner.py:243} INFO - Task exited with return code 1
[2026-05-01T14:08:57.891+0000] {taskinstance.py:3503} INFO - 0 downstream tasks scheduled from follow-on schedule check
[2026-05-01T14:08:57.899+0000] {local_task_job_runner.py:222} INFO - ::endgroup::
[2026-05-01T14:29:07.244+0000] {local_task_job_runner.py:120} INFO - ::group::Pre task execution logs
[2026-05-01T14:29:07.288+0000] {taskinstance.py:2076} INFO - Dependencies all met for dep_context=non-requeueable deps ti=<TaskInstance: coffee_pipeline.ingest_data scheduled__2025-01-03T00:00:00+00:00 [queued]>
[2026-05-01T14:29:07.310+0000] {taskinstance.py:2076} INFO - Dependencies all met for dep_context=requeueable deps ti=<TaskInstance: coffee_pipeline.ingest_data scheduled__2025-01-03T00:00:00+00:00 [queued]>
[2026-05-01T14:29:07.312+0000] {taskinstance.py:2306} INFO - Starting attempt 1 of 2
[2026-05-01T14:29:07.349+0000] {taskinstance.py:2330} INFO - Executing <Task(PythonOperator): ingest_data> on 2025-01-03 00:00:00+00:00
[2026-05-01T14:29:07.363+0000] {warnings.py:112} WARNING - /home/***/.local/lib/python3.12/site-packages/***/task/task_runner/standard_task_runner.py:62: DeprecationWarning: This process (pid=205) is multi-threaded, use of fork() may lead to deadlocks in the child.
  pid = os.fork()

[2026-05-01T14:29:07.366+0000] {standard_task_runner.py:64} INFO - Started process 207 to run task
[2026-05-01T14:29:07.373+0000] {standard_task_runner.py:90} INFO - Running: ['***', 'tasks', 'run', 'coffee_pipeline', 'ingest_data', 'scheduled__2025-01-03T00:00:00+00:00', '--job-id', '10', '--raw', '--subdir', 'DAGS_FOLDER/coffee_pipeline.py', '--cfg-path', '/tmp/tmp22c9skm1']
[2026-05-01T14:29:07.376+0000] {standard_task_runner.py:91} INFO - Job 10: Subtask ingest_data
[2026-05-01T14:29:07.456+0000] {task_command.py:426} INFO - Running <TaskInstance: coffee_pipeline.ingest_data scheduled__2025-01-03T00:00:00+00:00 [running]> on host 99adfb056df4
[2026-05-01T14:29:07.613+0000] {taskinstance.py:2648} INFO - Exporting env vars: AIRFLOW_CTX_DAG_OWNER='Khangelani' AIRFLOW_CTX_DAG_ID='coffee_pipeline' AIRFLOW_CTX_TASK_ID='ingest_data' AIRFLOW_CTX_EXECUTION_DATE='2025-01-03T00:00:00+00:00' AIRFLOW_CTX_TRY_NUMBER='1' AIRFLOW_CTX_DAG_RUN_ID='scheduled__2025-01-03T00:00:00+00:00'
[2026-05-01T14:29:07.619+0000] {taskinstance.py:430} INFO - ::endgroup::
[2026-05-01T14:29:07.634+0000] {_metadata.py:139} WARNING - Compute Engine Metadata server unavailable on attempt 1 of 3. Reason: [Errno 111] Connection refused
[2026-05-01T14:29:07.637+0000] {_metadata.py:139} WARNING - Compute Engine Metadata server unavailable on attempt 2 of 3. Reason: [Errno 111] Connection refused
[2026-05-01T14:29:07.641+0000] {_metadata.py:139} WARNING - Compute Engine Metadata server unavailable on attempt 3 of 3. Reason: [Errno 111] Connection refused
[2026-05-01T14:29:07.643+0000] {_default.py:338} WARNING - Authentication failed using Compute Engine authentication due to unavailable metadata server.
[2026-05-01T14:29:07.645+0000] {taskinstance.py:441} INFO - ::group::Post task execution logs
[2026-05-01T14:29:07.647+0000] {taskinstance.py:2905} ERROR - Task failed with exception
Traceback (most recent call last):
  File "/home/airflow/.local/lib/python3.12/site-packages/airflow/models/taskinstance.py", line 465, in _execute_task
    result = _execute_callable(context=context, **execute_callable_kwargs)
             ^^^^^^^^^^^^^^^^^^^^^^^^^^^^^^^^^^^^^^^^^^^^^^^^^^^^^^^^^^^^^
  File "/home/airflow/.local/lib/python3.12/site-packages/airflow/models/taskinstance.py", line 432, in _execute_callable
    return execute_callable(context=context, **execute_callable_kwargs)
           ^^^^^^^^^^^^^^^^^^^^^^^^^^^^^^^^^^^^^^^^^^^^^^^^^^^^^^^^^^^^
  File "/home/airflow/.local/lib/python3.12/site-packages/airflow/models/baseoperator.py", line 401, in wrapper
    return func(self, *args, **kwargs)
           ^^^^^^^^^^^^^^^^^^^^^^^^^^^
  File "/home/airflow/.local/lib/python3.12/site-packages/airflow/operators/python.py", line 235, in execute
    return_value = self.execute_callable()
                   ^^^^^^^^^^^^^^^^^^^^^^^
  File "/home/airflow/.local/lib/python3.12/site-packages/airflow/operators/python.py", line 252, in execute_callable
    return self.python_callable(*self.op_args, **self.op_kwargs)
           ^^^^^^^^^^^^^^^^^^^^^^^^^^^^^^^^^^^^^^^^^^^^^^^^^^^^^
  File "/opt/airflow/dags/coffee_pipeline.py", line 30, in process_file
    client = bigquery.Client()
             ^^^^^^^^^^^^^^^^^
  File "/home/airflow/.local/lib/python3.12/site-packages/google/cloud/bigquery/client.py", line 241, in __init__
    super(Client, self).__init__(
  File "/home/airflow/.local/lib/python3.12/site-packages/google/cloud/client/__init__.py", line 320, in __init__
    _ClientProjectMixin.__init__(self, project=project, credentials=credentials)
  File "/home/airflow/.local/lib/python3.12/site-packages/google/cloud/client/__init__.py", line 268, in __init__
    project = self._determine_default(project)
              ^^^^^^^^^^^^^^^^^^^^^^^^^^^^^^^^
  File "/home/airflow/.local/lib/python3.12/site-packages/google/cloud/client/__init__.py", line 287, in _determine_default
    return _determine_default_project(project)
           ^^^^^^^^^^^^^^^^^^^^^^^^^^^^^^^^^^^
  File "/home/airflow/.local/lib/python3.12/site-packages/google/cloud/_helpers/__init__.py", line 152, in _determine_default_project
    _, project = google.auth.default()
                 ^^^^^^^^^^^^^^^^^^^^^
  File "/home/airflow/.local/lib/python3.12/site-packages/google/auth/_default.py", line 691, in default
    raise exceptions.DefaultCredentialsError(_CLOUD_SDK_MISSING_CREDENTIALS)
google.auth.exceptions.DefaultCredentialsError: Your default credentials were not found. To set up Application Default Credentials, see https://cloud.google.com/docs/authentication/external/set-up-adc for more information.
[2026-05-01T14:29:07.668+0000] {taskinstance.py:1206} INFO - Marking task as UP_FOR_RETRY. dag_id=coffee_pipeline, task_id=ingest_data, run_id=scheduled__2025-01-03T00:00:00+00:00, execution_date=20250103T000000, start_date=20260501T142907, end_date=20260501T142907
[2026-05-01T14:29:07.693+0000] {standard_task_runner.py:110} ERROR - Failed to execute job 10 for task ingest_data (Your default credentials were not found. To set up Application Default Credentials, see https://cloud.google.com/docs/authentication/external/set-up-adc for more information.; 207)
[2026-05-01T14:29:07.754+0000] {local_task_job_runner.py:243} INFO - Task exited with return code 1
[2026-05-01T14:29:07.803+0000] {taskinstance.py:3503} INFO - 0 downstream tasks scheduled from follow-on schedule check
[2026-05-01T14:29:07.817+0000] {local_task_job_runner.py:222} INFO - ::endgroup::
[2026-05-01T15:01:22.101+0000] {local_task_job_runner.py:120} INFO - ::group::Pre task execution logs
[2026-05-01T15:01:22.135+0000] {taskinstance.py:2076} INFO - Dependencies all met for dep_context=non-requeueable deps ti=<TaskInstance: coffee_pipeline.ingest_data scheduled__2025-01-03T00:00:00+00:00 [queued]>
[2026-05-01T15:01:22.147+0000] {taskinstance.py:2076} INFO - Dependencies all met for dep_context=requeueable deps ti=<TaskInstance: coffee_pipeline.ingest_data scheduled__2025-01-03T00:00:00+00:00 [queued]>
[2026-05-01T15:01:22.149+0000] {taskinstance.py:2306} INFO - Starting attempt 1 of 2
[2026-05-01T15:01:22.168+0000] {taskinstance.py:2330} INFO - Executing <Task(PythonOperator): ingest_data> on 2025-01-03 00:00:00+00:00
[2026-05-01T15:01:22.178+0000] {warnings.py:112} WARNING - /home/***/.local/lib/python3.12/site-packages/***/task/task_runner/standard_task_runner.py:62: DeprecationWarning: This process (pid=314) is multi-threaded, use of fork() may lead to deadlocks in the child.
  pid = os.fork()

[2026-05-01T15:01:22.181+0000] {standard_task_runner.py:90} INFO - Running: ['***', 'tasks', 'run', 'coffee_pipeline', 'ingest_data', 'scheduled__2025-01-03T00:00:00+00:00', '--job-id', '10', '--raw', '--subdir', 'DAGS_FOLDER/coffee_pipeline.py', '--cfg-path', '/tmp/tmpnvz8mwim']
[2026-05-01T15:01:22.189+0000] {standard_task_runner.py:64} INFO - Started process 316 to run task
[2026-05-01T15:01:22.191+0000] {standard_task_runner.py:91} INFO - Job 10: Subtask ingest_data
[2026-05-01T15:01:22.371+0000] {task_command.py:426} INFO - Running <TaskInstance: coffee_pipeline.ingest_data scheduled__2025-01-03T00:00:00+00:00 [running]> on host d65e6a7fdfeb
[2026-05-01T15:01:22.556+0000] {taskinstance.py:2648} INFO - Exporting env vars: AIRFLOW_CTX_DAG_OWNER='Khangelani' AIRFLOW_CTX_DAG_ID='coffee_pipeline' AIRFLOW_CTX_TASK_ID='ingest_data' AIRFLOW_CTX_EXECUTION_DATE='2025-01-03T00:00:00+00:00' AIRFLOW_CTX_TRY_NUMBER='1' AIRFLOW_CTX_DAG_RUN_ID='scheduled__2025-01-03T00:00:00+00:00'
[2026-05-01T15:01:22.559+0000] {taskinstance.py:430} INFO - ::endgroup::
[2026-05-01T15:01:22.568+0000] {_metadata.py:139} WARNING - Compute Engine Metadata server unavailable on attempt 1 of 3. Reason: [Errno 111] Connection refused
[2026-05-01T15:01:22.574+0000] {_metadata.py:139} WARNING - Compute Engine Metadata server unavailable on attempt 2 of 3. Reason: [Errno 111] Connection refused
[2026-05-01T15:01:22.576+0000] {_metadata.py:139} WARNING - Compute Engine Metadata server unavailable on attempt 3 of 3. Reason: [Errno 111] Connection refused
[2026-05-01T15:01:22.577+0000] {_default.py:338} WARNING - Authentication failed using Compute Engine authentication due to unavailable metadata server.
[2026-05-01T15:01:22.578+0000] {taskinstance.py:441} INFO - ::group::Post task execution logs
[2026-05-01T15:01:22.579+0000] {taskinstance.py:2905} ERROR - Task failed with exception
Traceback (most recent call last):
  File "/home/airflow/.local/lib/python3.12/site-packages/airflow/models/taskinstance.py", line 465, in _execute_task
    result = _execute_callable(context=context, **execute_callable_kwargs)
             ^^^^^^^^^^^^^^^^^^^^^^^^^^^^^^^^^^^^^^^^^^^^^^^^^^^^^^^^^^^^^
  File "/home/airflow/.local/lib/python3.12/site-packages/airflow/models/taskinstance.py", line 432, in _execute_callable
    return execute_callable(context=context, **execute_callable_kwargs)
           ^^^^^^^^^^^^^^^^^^^^^^^^^^^^^^^^^^^^^^^^^^^^^^^^^^^^^^^^^^^^
  File "/home/airflow/.local/lib/python3.12/site-packages/airflow/models/baseoperator.py", line 401, in wrapper
    return func(self, *args, **kwargs)
           ^^^^^^^^^^^^^^^^^^^^^^^^^^^
  File "/home/airflow/.local/lib/python3.12/site-packages/airflow/operators/python.py", line 235, in execute
    return_value = self.execute_callable()
                   ^^^^^^^^^^^^^^^^^^^^^^^
  File "/home/airflow/.local/lib/python3.12/site-packages/airflow/operators/python.py", line 252, in execute_callable
    return self.python_callable(*self.op_args, **self.op_kwargs)
           ^^^^^^^^^^^^^^^^^^^^^^^^^^^^^^^^^^^^^^^^^^^^^^^^^^^^^
  File "/opt/airflow/dags/coffee_pipeline.py", line 30, in process_file
    client = bigquery.Client()
             ^^^^^^^^^^^^^^^^^
  File "/home/airflow/.local/lib/python3.12/site-packages/google/cloud/bigquery/client.py", line 241, in __init__
    super(Client, self).__init__(
  File "/home/airflow/.local/lib/python3.12/site-packages/google/cloud/client/__init__.py", line 320, in __init__
    _ClientProjectMixin.__init__(self, project=project, credentials=credentials)
  File "/home/airflow/.local/lib/python3.12/site-packages/google/cloud/client/__init__.py", line 268, in __init__
    project = self._determine_default(project)
              ^^^^^^^^^^^^^^^^^^^^^^^^^^^^^^^^
  File "/home/airflow/.local/lib/python3.12/site-packages/google/cloud/client/__init__.py", line 287, in _determine_default
    return _determine_default_project(project)
           ^^^^^^^^^^^^^^^^^^^^^^^^^^^^^^^^^^^
  File "/home/airflow/.local/lib/python3.12/site-packages/google/cloud/_helpers/__init__.py", line 152, in _determine_default_project
    _, project = google.auth.default()
                 ^^^^^^^^^^^^^^^^^^^^^
  File "/home/airflow/.local/lib/python3.12/site-packages/google/auth/_default.py", line 691, in default
    raise exceptions.DefaultCredentialsError(_CLOUD_SDK_MISSING_CREDENTIALS)
google.auth.exceptions.DefaultCredentialsError: Your default credentials were not found. To set up Application Default Credentials, see https://cloud.google.com/docs/authentication/external/set-up-adc for more information.
[2026-05-01T15:01:22.594+0000] {taskinstance.py:1206} INFO - Marking task as UP_FOR_RETRY. dag_id=coffee_pipeline, task_id=ingest_data, run_id=scheduled__2025-01-03T00:00:00+00:00, execution_date=20250103T000000, start_date=20260501T150122, end_date=20260501T150122
[2026-05-01T15:01:22.615+0000] {standard_task_runner.py:110} ERROR - Failed to execute job 10 for task ingest_data (Your default credentials were not found. To set up Application Default Credentials, see https://cloud.google.com/docs/authentication/external/set-up-adc for more information.; 316)
[2026-05-01T15:01:22.661+0000] {local_task_job_runner.py:243} INFO - Task exited with return code 1
[2026-05-01T15:01:22.690+0000] {taskinstance.py:3503} INFO - 0 downstream tasks scheduled from follow-on schedule check
[2026-05-01T15:01:22.694+0000] {local_task_job_runner.py:222} INFO - ::endgroup::
[2026-05-01T17:35:50.692+0000] {local_task_job_runner.py:120} INFO - ::group::Pre task execution logs
[2026-05-01T17:35:50.758+0000] {taskinstance.py:2076} INFO - Dependencies all met for dep_context=non-requeueable deps ti=<TaskInstance: coffee_pipeline.ingest_data scheduled__2025-01-03T00:00:00+00:00 [queued]>
[2026-05-01T17:35:50.783+0000] {taskinstance.py:2076} INFO - Dependencies all met for dep_context=requeueable deps ti=<TaskInstance: coffee_pipeline.ingest_data scheduled__2025-01-03T00:00:00+00:00 [queued]>
[2026-05-01T17:35:50.786+0000] {taskinstance.py:2306} INFO - Starting attempt 1 of 2
[2026-05-01T17:35:50.877+0000] {taskinstance.py:2330} INFO - Executing <Task(PythonOperator): ingest_data> on 2025-01-03 00:00:00+00:00
[2026-05-01T17:35:51.008+0000] {standard_task_runner.py:90} INFO - Running: ['***', 'tasks', 'run', 'coffee_pipeline', 'ingest_data', 'scheduled__2025-01-03T00:00:00+00:00', '--job-id', '12', '--raw', '--subdir', 'DAGS_FOLDER/coffee_pipeline.py', '--cfg-path', '/tmp/tmpyg04ogqz']
[2026-05-01T17:35:50.995+0000] {warnings.py:112} WARNING - /home/***/.local/lib/python3.12/site-packages/***/task/task_runner/standard_task_runner.py:62: DeprecationWarning: This process (pid=105) is multi-threaded, use of fork() may lead to deadlocks in the child.
  pid = os.fork()

[2026-05-01T17:35:51.023+0000] {standard_task_runner.py:64} INFO - Started process 108 to run task
[2026-05-01T17:35:51.024+0000] {standard_task_runner.py:91} INFO - Job 12: Subtask ingest_data
[2026-05-01T17:35:51.238+0000] {task_command.py:426} INFO - Running <TaskInstance: coffee_pipeline.ingest_data scheduled__2025-01-03T00:00:00+00:00 [running]> on host ***-worker
[2026-05-01T17:35:51.393+0000] {taskinstance.py:2648} INFO - Exporting env vars: AIRFLOW_CTX_DAG_OWNER='Khangelani' AIRFLOW_CTX_DAG_ID='coffee_pipeline' AIRFLOW_CTX_TASK_ID='ingest_data' AIRFLOW_CTX_EXECUTION_DATE='2025-01-03T00:00:00+00:00' AIRFLOW_CTX_TRY_NUMBER='1' AIRFLOW_CTX_DAG_RUN_ID='scheduled__2025-01-03T00:00:00+00:00'
[2026-05-01T17:35:51.397+0000] {taskinstance.py:430} INFO - ::endgroup::
[2026-05-01T17:36:30.453+0000] {taskinstance.py:441} INFO - ::group::Post task execution logs
[2026-05-01T17:36:30.455+0000] {taskinstance.py:2905} ERROR - Task failed with exception
Traceback (most recent call last):
  File "/home/airflow/.local/lib/python3.12/site-packages/airflow/models/taskinstance.py", line 465, in _execute_task
    result = _execute_callable(context=context, **execute_callable_kwargs)
             ^^^^^^^^^^^^^^^^^^^^^^^^^^^^^^^^^^^^^^^^^^^^^^^^^^^^^^^^^^^^^
  File "/home/airflow/.local/lib/python3.12/site-packages/airflow/models/taskinstance.py", line 432, in _execute_callable
    return execute_callable(context=context, **execute_callable_kwargs)
           ^^^^^^^^^^^^^^^^^^^^^^^^^^^^^^^^^^^^^^^^^^^^^^^^^^^^^^^^^^^^
  File "/home/airflow/.local/lib/python3.12/site-packages/airflow/models/baseoperator.py", line 401, in wrapper
    return func(self, *args, **kwargs)
           ^^^^^^^^^^^^^^^^^^^^^^^^^^^
  File "/home/airflow/.local/lib/python3.12/site-packages/airflow/operators/python.py", line 235, in execute
    return_value = self.execute_callable()
                   ^^^^^^^^^^^^^^^^^^^^^^^
  File "/home/airflow/.local/lib/python3.12/site-packages/airflow/operators/python.py", line 252, in execute_callable
    return self.python_callable(*self.op_args, **self.op_kwargs)
           ^^^^^^^^^^^^^^^^^^^^^^^^^^^^^^^^^^^^^^^^^^^^^^^^^^^^^
  File "/opt/airflow/dags/coffee_pipeline.py", line 55, in process_file
    job.result()
  File "/home/airflow/.local/lib/python3.12/site-packages/google/cloud/bigquery/job/base.py", line 971, in result
    return super(_AsyncJob, self).result(timeout=timeout, **kwargs)
           ^^^^^^^^^^^^^^^^^^^^^^^^^^^^^^^^^^^^^^^^^^^^^^^^^^^^^^^^
  File "/home/airflow/.local/lib/python3.12/site-packages/google/api_core/future/polling.py", line 261, in result
    raise self._exception
google.api_core.exceptions.BadRequest: 400 Provided Schema does not match Table coffee-shop-updated:coffee_raw.raw_lower_manhattan. Field transaction_id has changed type from INTEGER to FLOAT; reason: invalid, message: Provided Schema does not match Table coffee-shop-updated:coffee_raw.raw_lower_manhattan. Field transaction_id has changed type from INTEGER to FLOAT; reason: invalid, message: It looks like you are appending to an existing table with autodetect enabled. Disabling autodetect may resolve this.
[2026-05-01T17:36:30.477+0000] {taskinstance.py:1206} INFO - Marking task as UP_FOR_RETRY. dag_id=coffee_pipeline, task_id=ingest_data, run_id=scheduled__2025-01-03T00:00:00+00:00, execution_date=20250103T000000, start_date=20260501T173550, end_date=20260501T173630
[2026-05-01T17:36:30.515+0000] {standard_task_runner.py:110} ERROR - Failed to execute job 12 for task ingest_data (400 Provided Schema does not match Table coffee-shop-updated:coffee_raw.raw_lower_manhattan. Field transaction_id has changed type from INTEGER to FLOAT; reason: invalid, message: Provided Schema does not match Table coffee-shop-updated:coffee_raw.raw_lower_manhattan. Field transaction_id has changed type from INTEGER to FLOAT; reason: invalid, message: It looks like you are appending to an existing table with autodetect enabled. Disabling autodetect may resolve this.; 108)
[2026-05-01T17:36:30.571+0000] {local_task_job_runner.py:243} INFO - Task exited with return code 1
[2026-05-01T17:36:30.635+0000] {taskinstance.py:3503} INFO - 0 downstream tasks scheduled from follow-on schedule check
[2026-05-01T17:36:30.643+0000] {local_task_job_runner.py:222} INFO - ::endgroup::
[2026-05-01T19:10:13.246+0000] {local_task_job_runner.py:120} INFO - ::group::Pre task execution logs
[2026-05-01T19:10:13.304+0000] {taskinstance.py:2076} INFO - Dependencies all met for dep_context=non-requeueable deps ti=<TaskInstance: coffee_pipeline.ingest_data scheduled__2025-01-03T00:00:00+00:00 [queued]>
[2026-05-01T19:10:13.323+0000] {taskinstance.py:2076} INFO - Dependencies all met for dep_context=requeueable deps ti=<TaskInstance: coffee_pipeline.ingest_data scheduled__2025-01-03T00:00:00+00:00 [queued]>
[2026-05-01T19:10:13.325+0000] {taskinstance.py:2306} INFO - Starting attempt 1 of 2
[2026-05-01T19:10:13.369+0000] {taskinstance.py:2330} INFO - Executing <Task(PythonOperator): ingest_data> on 2025-01-03 00:00:00+00:00
[2026-05-01T19:10:13.390+0000] {warnings.py:112} WARNING - /home/***/.local/lib/python3.12/site-packages/***/task/task_runner/standard_task_runner.py:62: DeprecationWarning: This process (pid=486) is multi-threaded, use of fork() may lead to deadlocks in the child.
  pid = os.fork()

[2026-05-01T19:10:13.396+0000] {standard_task_runner.py:64} INFO - Started process 488 to run task
[2026-05-01T19:10:13.407+0000] {standard_task_runner.py:90} INFO - Running: ['***', 'tasks', 'run', 'coffee_pipeline', 'ingest_data', 'scheduled__2025-01-03T00:00:00+00:00', '--job-id', '17', '--raw', '--subdir', 'DAGS_FOLDER/coffee_pipeline.py', '--cfg-path', '/tmp/tmpw1t2ur4v']
[2026-05-01T19:10:13.411+0000] {standard_task_runner.py:91} INFO - Job 17: Subtask ingest_data
[2026-05-01T19:10:13.568+0000] {task_command.py:426} INFO - Running <TaskInstance: coffee_pipeline.ingest_data scheduled__2025-01-03T00:00:00+00:00 [running]> on host ***-worker
[2026-05-01T19:10:13.857+0000] {taskinstance.py:2648} INFO - Exporting env vars: AIRFLOW_CTX_DAG_OWNER='Khangelani' AIRFLOW_CTX_DAG_ID='coffee_pipeline' AIRFLOW_CTX_TASK_ID='ingest_data' AIRFLOW_CTX_EXECUTION_DATE='2025-01-03T00:00:00+00:00' AIRFLOW_CTX_TRY_NUMBER='1' AIRFLOW_CTX_DAG_RUN_ID='scheduled__2025-01-03T00:00:00+00:00'
[2026-05-01T19:10:13.870+0000] {taskinstance.py:430} INFO - ::endgroup::
[2026-05-01T19:10:14.125+0000] {logging_mixin.py:188} INFO - Processing file: /opt/***/project/data/Lower_Manhattan.csv → coffee-shop-updated.coffee_raw.raw_lower_manhattan
[2026-05-01T19:10:14.354+0000] {warnings.py:112} WARNING - /opt/***/dags/coffee_pipeline.py:72: UserWarning: Could not infer format, so each element will be parsed individually, falling back to `dateutil`. To ensure parsing is consistent and as-expected, please specify a format.
  df["transaction_time"] = pd.to_datetime(df["transaction_time"]).dt.time

[2026-05-01T19:10:28.274+0000] {logging_mixin.py:188} INFO - Loaded 47781 rows into coffee-shop-updated.coffee_raw.raw_lower_manhattan
[2026-05-01T19:10:28.278+0000] {python.py:237} INFO - Done. Returned value was: None
[2026-05-01T19:10:28.280+0000] {taskinstance.py:441} INFO - ::group::Post task execution logs
[2026-05-01T19:10:28.306+0000] {taskinstance.py:1206} INFO - Marking task as SUCCESS. dag_id=coffee_pipeline, task_id=ingest_data, run_id=scheduled__2025-01-03T00:00:00+00:00, execution_date=20250103T000000, start_date=20260501T191013, end_date=20260501T191028
[2026-05-01T19:10:28.378+0000] {local_task_job_runner.py:243} INFO - Task exited with return code 0
[2026-05-01T19:10:28.435+0000] {taskinstance.py:3503} INFO - 1 downstream tasks scheduled from follow-on schedule check
[2026-05-01T19:10:28.440+0000] {local_task_job_runner.py:222} INFO - ::endgroup::
