[2026-05-01T14:14:01.216+0000] {local_task_job_runner.py:120} INFO - ::group::Pre task execution logs
[2026-05-01T14:14:01.247+0000] {taskinstance.py:2076} INFO - Dependencies all met for dep_context=non-requeueable deps ti=<TaskInstance: coffee_pipeline.ingest_data scheduled__2025-01-03T00:00:00+00:00 [queued]>
[2026-05-01T14:14:01.267+0000] {taskinstance.py:2076} INFO - Dependencies all met for dep_context=requeueable deps ti=<TaskInstance: coffee_pipeline.ingest_data scheduled__2025-01-03T00:00:00+00:00 [queued]>
[2026-05-01T14:14:01.269+0000] {taskinstance.py:2306} INFO - Starting attempt 2 of 2
[2026-05-01T14:14:01.285+0000] {taskinstance.py:2330} INFO - Executing <Task(PythonOperator): ingest_data> on 2025-01-03 00:00:00+00:00
[2026-05-01T14:14:01.294+0000] {warnings.py:112} WARNING - /home/***/.local/lib/python3.12/site-packages/***/task/task_runner/standard_task_runner.py:62: DeprecationWarning: This process (pid=285) is multi-threaded, use of fork() may lead to deadlocks in the child.
  pid = os.fork()

[2026-05-01T14:14:01.296+0000] {standard_task_runner.py:64} INFO - Started process 287 to run task
[2026-05-01T14:14:01.297+0000] {standard_task_runner.py:90} INFO - Running: ['***', 'tasks', 'run', 'coffee_pipeline', 'ingest_data', 'scheduled__2025-01-03T00:00:00+00:00', '--job-id', '15', '--raw', '--subdir', 'DAGS_FOLDER/coffee_pipeline.py', '--cfg-path', '/tmp/tmp_7kfnavq']
[2026-05-01T14:14:01.299+0000] {standard_task_runner.py:91} INFO - Job 15: Subtask ingest_data
[2026-05-01T14:14:01.368+0000] {task_command.py:426} INFO - Running <TaskInstance: coffee_pipeline.ingest_data scheduled__2025-01-03T00:00:00+00:00 [running]> on host fae0f868be76
[2026-05-01T14:14:01.474+0000] {taskinstance.py:2648} INFO - Exporting env vars: AIRFLOW_CTX_DAG_OWNER='Khangelani' AIRFLOW_CTX_DAG_ID='coffee_pipeline' AIRFLOW_CTX_TASK_ID='ingest_data' AIRFLOW_CTX_EXECUTION_DATE='2025-01-03T00:00:00+00:00' AIRFLOW_CTX_TRY_NUMBER='2' AIRFLOW_CTX_DAG_RUN_ID='scheduled__2025-01-03T00:00:00+00:00'
[2026-05-01T14:14:01.478+0000] {taskinstance.py:430} INFO - ::endgroup::
[2026-05-01T14:14:01.484+0000] {_metadata.py:139} WARNING - Compute Engine Metadata server unavailable on attempt 1 of 3. Reason: [Errno 111] Connection refused
[2026-05-01T14:14:01.487+0000] {_metadata.py:139} WARNING - Compute Engine Metadata server unavailable on attempt 2 of 3. Reason: [Errno 111] Connection refused
[2026-05-01T14:14:01.489+0000] {_metadata.py:139} WARNING - Compute Engine Metadata server unavailable on attempt 3 of 3. Reason: [Errno 111] Connection refused
[2026-05-01T14:14:01.490+0000] {_default.py:338} WARNING - Authentication failed using Compute Engine authentication due to unavailable metadata server.
[2026-05-01T14:14:01.492+0000] {taskinstance.py:441} INFO - ::group::Post task execution logs
[2026-05-01T14:14:01.494+0000] {taskinstance.py:2905} ERROR - Task failed with exception
Traceback (most recent call last):
  File "/home/airflow/.local/lib/python3.12/site-packages/airflow/models/taskinstance.py", line 465, in _execute_task
    result = _execute_callable(context=context, **execute_callable_kwargs)
             ^^^^^^^^^^^^^^^^^^^^^^^^^^^^^^^^^^^^^^^^^^^^^^^^^^^^^^^^^^^^^
  File "/home/airflow/.local/lib/python3.12/site-packages/airflow/models/taskinstance.py", line 432, in _execute_callable
    return execute_callable(context=context, **execute_callable_kwargs)
           ^^^^^^^^^^^^^^^^^^^^^^^^^^^^^^^^^^^^^^^^^^^^^^^^^^^^^^^^^^^^
  File "/home/airflow/.local/lib/python3.12/site-packages/airflow/models/baseoperator.py", line 401, in wrapper
    return func(self, *args, **kwargs)
           ^^^^^^^^^^^^^^^^^^^^^^^^^^^
  File "/home/airflow/.local/lib/python3.12/site-packages/airflow/operators/python.py", line 235, in execute
    return_value = self.execute_callable()
                   ^^^^^^^^^^^^^^^^^^^^^^^
  File "/home/airflow/.local/lib/python3.12/site-packages/airflow/operators/python.py", line 252, in execute_callable
    return self.python_callable(*self.op_args, **self.op_kwargs)
           ^^^^^^^^^^^^^^^^^^^^^^^^^^^^^^^^^^^^^^^^^^^^^^^^^^^^^
  File "/opt/airflow/dags/coffee_pipeline.py", line 30, in process_file
    client = bigquery.Client()
             ^^^^^^^^^^^^^^^^^
  File "/home/airflow/.local/lib/python3.12/site-packages/google/cloud/bigquery/client.py", line 241, in __init__
    super(Client, self).__init__(
  File "/home/airflow/.local/lib/python3.12/site-packages/google/cloud/client/__init__.py", line 320, in __init__
    _ClientProjectMixin.__init__(self, project=project, credentials=credentials)
  File "/home/airflow/.local/lib/python3.12/site-packages/google/cloud/client/__init__.py", line 268, in __init__
    project = self._determine_default(project)
              ^^^^^^^^^^^^^^^^^^^^^^^^^^^^^^^^
  File "/home/airflow/.local/lib/python3.12/site-packages/google/cloud/client/__init__.py", line 287, in _determine_default
    return _determine_default_project(project)
           ^^^^^^^^^^^^^^^^^^^^^^^^^^^^^^^^^^^
  File "/home/airflow/.local/lib/python3.12/site-packages/google/cloud/_helpers/__init__.py", line 152, in _determine_default_project
    _, project = google.auth.default()
                 ^^^^^^^^^^^^^^^^^^^^^
  File "/home/airflow/.local/lib/python3.12/site-packages/google/auth/_default.py", line 691, in default
    raise exceptions.DefaultCredentialsError(_CLOUD_SDK_MISSING_CREDENTIALS)
google.auth.exceptions.DefaultCredentialsError: Your default credentials were not found. To set up Application Default Credentials, see https://cloud.google.com/docs/authentication/external/set-up-adc for more information.
[2026-05-01T14:14:01.510+0000] {taskinstance.py:1206} INFO - Marking task as FAILED. dag_id=coffee_pipeline, task_id=ingest_data, run_id=scheduled__2025-01-03T00:00:00+00:00, execution_date=20250103T000000, start_date=20260501T141401, end_date=20260501T141401
[2026-05-01T14:14:01.523+0000] {standard_task_runner.py:110} ERROR - Failed to execute job 15 for task ingest_data (Your default credentials were not found. To set up Application Default Credentials, see https://cloud.google.com/docs/authentication/external/set-up-adc for more information.; 287)
[2026-05-01T14:14:01.554+0000] {local_task_job_runner.py:243} INFO - Task exited with return code 1
[2026-05-01T14:14:01.581+0000] {taskinstance.py:3503} INFO - 0 downstream tasks scheduled from follow-on schedule check
[2026-05-01T14:14:01.587+0000] {local_task_job_runner.py:222} INFO - ::endgroup::
[2026-05-01T14:34:12.595+0000] {local_task_job_runner.py:120} INFO - ::group::Pre task execution logs
[2026-05-01T14:34:12.643+0000] {taskinstance.py:2076} INFO - Dependencies all met for dep_context=non-requeueable deps ti=<TaskInstance: coffee_pipeline.ingest_data scheduled__2025-01-03T00:00:00+00:00 [queued]>
[2026-05-01T14:34:12.659+0000] {taskinstance.py:2076} INFO - Dependencies all met for dep_context=requeueable deps ti=<TaskInstance: coffee_pipeline.ingest_data scheduled__2025-01-03T00:00:00+00:00 [queued]>
[2026-05-01T14:34:12.662+0000] {taskinstance.py:2306} INFO - Starting attempt 2 of 2
[2026-05-01T14:34:12.696+0000] {taskinstance.py:2330} INFO - Executing <Task(PythonOperator): ingest_data> on 2025-01-03 00:00:00+00:00
[2026-05-01T14:34:12.720+0000] {warnings.py:112} WARNING - /home/***/.local/lib/python3.12/site-packages/***/task/task_runner/standard_task_runner.py:62: DeprecationWarning: This process (pid=271) is multi-threaded, use of fork() may lead to deadlocks in the child.
  pid = os.fork()

[2026-05-01T14:34:12.752+0000] {standard_task_runner.py:64} INFO - Started process 273 to run task
[2026-05-01T14:34:12.760+0000] {standard_task_runner.py:90} INFO - Running: ['***', 'tasks', 'run', 'coffee_pipeline', 'ingest_data', 'scheduled__2025-01-03T00:00:00+00:00', '--job-id', '11', '--raw', '--subdir', 'DAGS_FOLDER/coffee_pipeline.py', '--cfg-path', '/tmp/tmp045jgvkn']
[2026-05-01T14:34:12.773+0000] {standard_task_runner.py:91} INFO - Job 11: Subtask ingest_data
[2026-05-01T14:34:12.938+0000] {task_command.py:426} INFO - Running <TaskInstance: coffee_pipeline.ingest_data scheduled__2025-01-03T00:00:00+00:00 [running]> on host 99adfb056df4
[2026-05-01T14:34:13.146+0000] {taskinstance.py:2648} INFO - Exporting env vars: AIRFLOW_CTX_DAG_OWNER='Khangelani' AIRFLOW_CTX_DAG_ID='coffee_pipeline' AIRFLOW_CTX_TASK_ID='ingest_data' AIRFLOW_CTX_EXECUTION_DATE='2025-01-03T00:00:00+00:00' AIRFLOW_CTX_TRY_NUMBER='2' AIRFLOW_CTX_DAG_RUN_ID='scheduled__2025-01-03T00:00:00+00:00'
[2026-05-01T14:34:13.157+0000] {taskinstance.py:430} INFO - ::endgroup::
[2026-05-01T14:34:13.171+0000] {_metadata.py:139} WARNING - Compute Engine Metadata server unavailable on attempt 1 of 3. Reason: [Errno 111] Connection refused
[2026-05-01T14:34:13.175+0000] {_metadata.py:139} WARNING - Compute Engine Metadata server unavailable on attempt 2 of 3. Reason: [Errno 111] Connection refused
[2026-05-01T14:34:13.185+0000] {_metadata.py:139} WARNING - Compute Engine Metadata server unavailable on attempt 3 of 3. Reason: [Errno 111] Connection refused
[2026-05-01T14:34:13.190+0000] {_default.py:338} WARNING - Authentication failed using Compute Engine authentication due to unavailable metadata server.
[2026-05-01T14:34:13.192+0000] {taskinstance.py:441} INFO - ::group::Post task execution logs
[2026-05-01T14:34:13.194+0000] {taskinstance.py:2905} ERROR - Task failed with exception
Traceback (most recent call last):
  File "/home/airflow/.local/lib/python3.12/site-packages/airflow/models/taskinstance.py", line 465, in _execute_task
    result = _execute_callable(context=context, **execute_callable_kwargs)
             ^^^^^^^^^^^^^^^^^^^^^^^^^^^^^^^^^^^^^^^^^^^^^^^^^^^^^^^^^^^^^
  File "/home/airflow/.local/lib/python3.12/site-packages/airflow/models/taskinstance.py", line 432, in _execute_callable
    return execute_callable(context=context, **execute_callable_kwargs)
           ^^^^^^^^^^^^^^^^^^^^^^^^^^^^^^^^^^^^^^^^^^^^^^^^^^^^^^^^^^^^
  File "/home/airflow/.local/lib/python3.12/site-packages/airflow/models/baseoperator.py", line 401, in wrapper
    return func(self, *args, **kwargs)
           ^^^^^^^^^^^^^^^^^^^^^^^^^^^
  File "/home/airflow/.local/lib/python3.12/site-packages/airflow/operators/python.py", line 235, in execute
    return_value = self.execute_callable()
                   ^^^^^^^^^^^^^^^^^^^^^^^
  File "/home/airflow/.local/lib/python3.12/site-packages/airflow/operators/python.py", line 252, in execute_callable
    return self.python_callable(*self.op_args, **self.op_kwargs)
           ^^^^^^^^^^^^^^^^^^^^^^^^^^^^^^^^^^^^^^^^^^^^^^^^^^^^^
  File "/opt/airflow/dags/coffee_pipeline.py", line 30, in process_file
    client = bigquery.Client()
             ^^^^^^^^^^^^^^^^^
  File "/home/airflow/.local/lib/python3.12/site-packages/google/cloud/bigquery/client.py", line 241, in __init__
    super(Client, self).__init__(
  File "/home/airflow/.local/lib/python3.12/site-packages/google/cloud/client/__init__.py", line 320, in __init__
    _ClientProjectMixin.__init__(self, project=project, credentials=credentials)
  File "/home/airflow/.local/lib/python3.12/site-packages/google/cloud/client/__init__.py", line 268, in __init__
    project = self._determine_default(project)
              ^^^^^^^^^^^^^^^^^^^^^^^^^^^^^^^^
  File "/home/airflow/.local/lib/python3.12/site-packages/google/cloud/client/__init__.py", line 287, in _determine_default
    return _determine_default_project(project)
           ^^^^^^^^^^^^^^^^^^^^^^^^^^^^^^^^^^^
  File "/home/airflow/.local/lib/python3.12/site-packages/google/cloud/_helpers/__init__.py", line 152, in _determine_default_project
    _, project = google.auth.default()
                 ^^^^^^^^^^^^^^^^^^^^^
  File "/home/airflow/.local/lib/python3.12/site-packages/google/auth/_default.py", line 691, in default
    raise exceptions.DefaultCredentialsError(_CLOUD_SDK_MISSING_CREDENTIALS)
google.auth.exceptions.DefaultCredentialsError: Your default credentials were not found. To set up Application Default Credentials, see https://cloud.google.com/docs/authentication/external/set-up-adc for more information.
[2026-05-01T14:34:13.228+0000] {taskinstance.py:1206} INFO - Marking task as FAILED. dag_id=coffee_pipeline, task_id=ingest_data, run_id=scheduled__2025-01-03T00:00:00+00:00, execution_date=20250103T000000, start_date=20260501T143412, end_date=20260501T143413
[2026-05-01T14:34:13.257+0000] {standard_task_runner.py:110} ERROR - Failed to execute job 11 for task ingest_data (Your default credentials were not found. To set up Application Default Credentials, see https://cloud.google.com/docs/authentication/external/set-up-adc for more information.; 273)
[2026-05-01T14:34:13.314+0000] {local_task_job_runner.py:243} INFO - Task exited with return code 1
[2026-05-01T14:34:13.350+0000] {taskinstance.py:3503} INFO - 0 downstream tasks scheduled from follow-on schedule check
[2026-05-01T14:34:13.357+0000] {local_task_job_runner.py:222} INFO - ::endgroup::
[2026-05-01T15:06:25.249+0000] {local_task_job_runner.py:120} INFO - ::group::Pre task execution logs
[2026-05-01T15:06:25.288+0000] {taskinstance.py:2076} INFO - Dependencies all met for dep_context=non-requeueable deps ti=<TaskInstance: coffee_pipeline.ingest_data scheduled__2025-01-03T00:00:00+00:00 [queued]>
[2026-05-01T15:06:25.303+0000] {taskinstance.py:2076} INFO - Dependencies all met for dep_context=requeueable deps ti=<TaskInstance: coffee_pipeline.ingest_data scheduled__2025-01-03T00:00:00+00:00 [queued]>
[2026-05-01T15:06:25.307+0000] {taskinstance.py:2306} INFO - Starting attempt 2 of 2
[2026-05-01T15:06:25.331+0000] {taskinstance.py:2330} INFO - Executing <Task(PythonOperator): ingest_data> on 2025-01-03 00:00:00+00:00
[2026-05-01T15:06:25.344+0000] {warnings.py:112} WARNING - /home/***/.local/lib/python3.12/site-packages/***/task/task_runner/standard_task_runner.py:62: DeprecationWarning: This process (pid=380) is multi-threaded, use of fork() may lead to deadlocks in the child.
  pid = os.fork()

[2026-05-01T15:06:25.347+0000] {standard_task_runner.py:64} INFO - Started process 382 to run task
[2026-05-01T15:06:25.347+0000] {standard_task_runner.py:90} INFO - Running: ['***', 'tasks', 'run', 'coffee_pipeline', 'ingest_data', 'scheduled__2025-01-03T00:00:00+00:00', '--job-id', '11', '--raw', '--subdir', 'DAGS_FOLDER/coffee_pipeline.py', '--cfg-path', '/tmp/tmpd5ik5me2']
[2026-05-01T15:06:25.350+0000] {standard_task_runner.py:91} INFO - Job 11: Subtask ingest_data
[2026-05-01T15:06:25.433+0000] {task_command.py:426} INFO - Running <TaskInstance: coffee_pipeline.ingest_data scheduled__2025-01-03T00:00:00+00:00 [running]> on host d65e6a7fdfeb
[2026-05-01T15:06:25.561+0000] {taskinstance.py:2648} INFO - Exporting env vars: AIRFLOW_CTX_DAG_OWNER='Khangelani' AIRFLOW_CTX_DAG_ID='coffee_pipeline' AIRFLOW_CTX_TASK_ID='ingest_data' AIRFLOW_CTX_EXECUTION_DATE='2025-01-03T00:00:00+00:00' AIRFLOW_CTX_TRY_NUMBER='2' AIRFLOW_CTX_DAG_RUN_ID='scheduled__2025-01-03T00:00:00+00:00'
[2026-05-01T15:06:25.565+0000] {taskinstance.py:430} INFO - ::endgroup::
[2026-05-01T15:06:25.575+0000] {_metadata.py:139} WARNING - Compute Engine Metadata server unavailable on attempt 1 of 3. Reason: [Errno 111] Connection refused
[2026-05-01T15:06:25.578+0000] {_metadata.py:139} WARNING - Compute Engine Metadata server unavailable on attempt 2 of 3. Reason: [Errno 111] Connection refused
[2026-05-01T15:06:25.580+0000] {_metadata.py:139} WARNING - Compute Engine Metadata server unavailable on attempt 3 of 3. Reason: [Errno 111] Connection refused
[2026-05-01T15:06:25.582+0000] {_default.py:338} WARNING - Authentication failed using Compute Engine authentication due to unavailable metadata server.
[2026-05-01T15:06:25.584+0000] {taskinstance.py:441} INFO - ::group::Post task execution logs
[2026-05-01T15:06:25.587+0000] {taskinstance.py:2905} ERROR - Task failed with exception
Traceback (most recent call last):
  File "/home/airflow/.local/lib/python3.12/site-packages/airflow/models/taskinstance.py", line 465, in _execute_task
    result = _execute_callable(context=context, **execute_callable_kwargs)
             ^^^^^^^^^^^^^^^^^^^^^^^^^^^^^^^^^^^^^^^^^^^^^^^^^^^^^^^^^^^^^
  File "/home/airflow/.local/lib/python3.12/site-packages/airflow/models/taskinstance.py", line 432, in _execute_callable
    return execute_callable(context=context, **execute_callable_kwargs)
           ^^^^^^^^^^^^^^^^^^^^^^^^^^^^^^^^^^^^^^^^^^^^^^^^^^^^^^^^^^^^
  File "/home/airflow/.local/lib/python3.12/site-packages/airflow/models/baseoperator.py", line 401, in wrapper
    return func(self, *args, **kwargs)
           ^^^^^^^^^^^^^^^^^^^^^^^^^^^
  File "/home/airflow/.local/lib/python3.12/site-packages/airflow/operators/python.py", line 235, in execute
    return_value = self.execute_callable()
                   ^^^^^^^^^^^^^^^^^^^^^^^
  File "/home/airflow/.local/lib/python3.12/site-packages/airflow/operators/python.py", line 252, in execute_callable
    return self.python_callable(*self.op_args, **self.op_kwargs)
           ^^^^^^^^^^^^^^^^^^^^^^^^^^^^^^^^^^^^^^^^^^^^^^^^^^^^^
  File "/opt/airflow/dags/coffee_pipeline.py", line 30, in process_file
    client = bigquery.Client()
             ^^^^^^^^^^^^^^^^^
  File "/home/airflow/.local/lib/python3.12/site-packages/google/cloud/bigquery/client.py", line 241, in __init__
    super(Client, self).__init__(
  File "/home/airflow/.local/lib/python3.12/site-packages/google/cloud/client/__init__.py", line 320, in __init__
    _ClientProjectMixin.__init__(self, project=project, credentials=credentials)
  File "/home/airflow/.local/lib/python3.12/site-packages/google/cloud/client/__init__.py", line 268, in __init__
    project = self._determine_default(project)
              ^^^^^^^^^^^^^^^^^^^^^^^^^^^^^^^^
  File "/home/airflow/.local/lib/python3.12/site-packages/google/cloud/client/__init__.py", line 287, in _determine_default
    return _determine_default_project(project)
           ^^^^^^^^^^^^^^^^^^^^^^^^^^^^^^^^^^^
  File "/home/airflow/.local/lib/python3.12/site-packages/google/cloud/_helpers/__init__.py", line 152, in _determine_default_project
    _, project = google.auth.default()
                 ^^^^^^^^^^^^^^^^^^^^^
  File "/home/airflow/.local/lib/python3.12/site-packages/google/auth/_default.py", line 691, in default
    raise exceptions.DefaultCredentialsError(_CLOUD_SDK_MISSING_CREDENTIALS)
google.auth.exceptions.DefaultCredentialsError: Your default credentials were not found. To set up Application Default Credentials, see https://cloud.google.com/docs/authentication/external/set-up-adc for more information.
[2026-05-01T15:06:25.612+0000] {taskinstance.py:1206} INFO - Marking task as FAILED. dag_id=coffee_pipeline, task_id=ingest_data, run_id=scheduled__2025-01-03T00:00:00+00:00, execution_date=20250103T000000, start_date=20260501T150625, end_date=20260501T150625
[2026-05-01T15:06:25.634+0000] {standard_task_runner.py:110} ERROR - Failed to execute job 11 for task ingest_data (Your default credentials were not found. To set up Application Default Credentials, see https://cloud.google.com/docs/authentication/external/set-up-adc for more information.; 382)
[2026-05-01T15:06:25.655+0000] {local_task_job_runner.py:243} INFO - Task exited with return code 1
[2026-05-01T15:06:25.682+0000] {taskinstance.py:3503} INFO - 0 downstream tasks scheduled from follow-on schedule check
[2026-05-01T15:06:25.688+0000] {local_task_job_runner.py:222} INFO - ::endgroup::
[2026-05-01T17:41:33.356+0000] {local_task_job_runner.py:120} INFO - ::group::Pre task execution logs
[2026-05-01T17:41:33.408+0000] {taskinstance.py:2076} INFO - Dependencies all met for dep_context=non-requeueable deps ti=<TaskInstance: coffee_pipeline.ingest_data scheduled__2025-01-03T00:00:00+00:00 [queued]>
[2026-05-01T17:41:33.424+0000] {taskinstance.py:2076} INFO - Dependencies all met for dep_context=requeueable deps ti=<TaskInstance: coffee_pipeline.ingest_data scheduled__2025-01-03T00:00:00+00:00 [queued]>
[2026-05-01T17:41:33.426+0000] {taskinstance.py:2306} INFO - Starting attempt 2 of 2
[2026-05-01T17:41:33.456+0000] {taskinstance.py:2330} INFO - Executing <Task(PythonOperator): ingest_data> on 2025-01-03 00:00:00+00:00
[2026-05-01T17:41:33.471+0000] {warnings.py:112} WARNING - /home/***/.local/lib/python3.12/site-packages/***/task/task_runner/standard_task_runner.py:62: DeprecationWarning: This process (pid=177) is multi-threaded, use of fork() may lead to deadlocks in the child.
  pid = os.fork()

[2026-05-01T17:41:33.479+0000] {standard_task_runner.py:64} INFO - Started process 186 to run task
[2026-05-01T17:41:33.492+0000] {standard_task_runner.py:90} INFO - Running: ['***', 'tasks', 'run', 'coffee_pipeline', 'ingest_data', 'scheduled__2025-01-03T00:00:00+00:00', '--job-id', '13', '--raw', '--subdir', 'DAGS_FOLDER/coffee_pipeline.py', '--cfg-path', '/tmp/tmpi2qd4qhz']
[2026-05-01T17:41:33.495+0000] {standard_task_runner.py:91} INFO - Job 13: Subtask ingest_data
[2026-05-01T17:41:33.569+0000] {task_command.py:426} INFO - Running <TaskInstance: coffee_pipeline.ingest_data scheduled__2025-01-03T00:00:00+00:00 [running]> on host ***-worker
[2026-05-01T17:41:33.680+0000] {taskinstance.py:2648} INFO - Exporting env vars: AIRFLOW_CTX_DAG_OWNER='Khangelani' AIRFLOW_CTX_DAG_ID='coffee_pipeline' AIRFLOW_CTX_TASK_ID='ingest_data' AIRFLOW_CTX_EXECUTION_DATE='2025-01-03T00:00:00+00:00' AIRFLOW_CTX_TRY_NUMBER='2' AIRFLOW_CTX_DAG_RUN_ID='scheduled__2025-01-03T00:00:00+00:00'
[2026-05-01T17:41:33.685+0000] {taskinstance.py:430} INFO - ::endgroup::
[2026-05-01T17:42:00.379+0000] {taskinstance.py:441} INFO - ::group::Post task execution logs
[2026-05-01T17:42:00.382+0000] {taskinstance.py:2905} ERROR - Task failed with exception
Traceback (most recent call last):
  File "/home/airflow/.local/lib/python3.12/site-packages/airflow/models/taskinstance.py", line 465, in _execute_task
    result = _execute_callable(context=context, **execute_callable_kwargs)
             ^^^^^^^^^^^^^^^^^^^^^^^^^^^^^^^^^^^^^^^^^^^^^^^^^^^^^^^^^^^^^
  File "/home/airflow/.local/lib/python3.12/site-packages/airflow/models/taskinstance.py", line 432, in _execute_callable
    return execute_callable(context=context, **execute_callable_kwargs)
           ^^^^^^^^^^^^^^^^^^^^^^^^^^^^^^^^^^^^^^^^^^^^^^^^^^^^^^^^^^^^
  File "/home/airflow/.local/lib/python3.12/site-packages/airflow/models/baseoperator.py", line 401, in wrapper
    return func(self, *args, **kwargs)
           ^^^^^^^^^^^^^^^^^^^^^^^^^^^
  File "/home/airflow/.local/lib/python3.12/site-packages/airflow/operators/python.py", line 235, in execute
    return_value = self.execute_callable()
                   ^^^^^^^^^^^^^^^^^^^^^^^
  File "/home/airflow/.local/lib/python3.12/site-packages/airflow/operators/python.py", line 252, in execute_callable
    return self.python_callable(*self.op_args, **self.op_kwargs)
           ^^^^^^^^^^^^^^^^^^^^^^^^^^^^^^^^^^^^^^^^^^^^^^^^^^^^^
  File "/opt/airflow/dags/coffee_pipeline.py", line 55, in process_file
    job.result()
  File "/home/airflow/.local/lib/python3.12/site-packages/google/cloud/bigquery/job/base.py", line 971, in result
    return super(_AsyncJob, self).result(timeout=timeout, **kwargs)
           ^^^^^^^^^^^^^^^^^^^^^^^^^^^^^^^^^^^^^^^^^^^^^^^^^^^^^^^^
  File "/home/airflow/.local/lib/python3.12/site-packages/google/api_core/future/polling.py", line 261, in result
    raise self._exception
google.api_core.exceptions.BadRequest: 400 Provided Schema does not match Table coffee-shop-updated:coffee_raw.raw_lower_manhattan. Field transaction_id has changed type from INTEGER to FLOAT; reason: invalid, message: Provided Schema does not match Table coffee-shop-updated:coffee_raw.raw_lower_manhattan. Field transaction_id has changed type from INTEGER to FLOAT; reason: invalid, message: It looks like you are appending to an existing table with autodetect enabled. Disabling autodetect may resolve this.
[2026-05-01T17:42:00.401+0000] {taskinstance.py:1206} INFO - Marking task as FAILED. dag_id=coffee_pipeline, task_id=ingest_data, run_id=scheduled__2025-01-03T00:00:00+00:00, execution_date=20250103T000000, start_date=20260501T174133, end_date=20260501T174200
[2026-05-01T17:42:00.429+0000] {standard_task_runner.py:110} ERROR - Failed to execute job 13 for task ingest_data (400 Provided Schema does not match Table coffee-shop-updated:coffee_raw.raw_lower_manhattan. Field transaction_id has changed type from INTEGER to FLOAT; reason: invalid, message: Provided Schema does not match Table coffee-shop-updated:coffee_raw.raw_lower_manhattan. Field transaction_id has changed type from INTEGER to FLOAT; reason: invalid, message: It looks like you are appending to an existing table with autodetect enabled. Disabling autodetect may resolve this.; 186)
[2026-05-01T17:42:00.458+0000] {local_task_job_runner.py:243} INFO - Task exited with return code 1
[2026-05-01T17:42:00.492+0000] {taskinstance.py:3503} INFO - 0 downstream tasks scheduled from follow-on schedule check
[2026-05-01T17:42:00.500+0000] {local_task_job_runner.py:222} INFO - ::endgroup::
