[2026-05-01T19:50:32.922+0000] {local_task_job_runner.py:120} INFO - ::group::Pre task execution logs
[2026-05-01T19:50:32.950+0000] {taskinstance.py:2076} INFO - Dependencies all met for dep_context=non-requeueable deps ti=<TaskInstance: coffee_pipeline.dbt_marts scheduled__2025-01-10T00:00:00+00:00 [queued]>
[2026-05-01T19:50:32.960+0000] {taskinstance.py:2076} INFO - Dependencies all met for dep_context=requeueable deps ti=<TaskInstance: coffee_pipeline.dbt_marts scheduled__2025-01-10T00:00:00+00:00 [queued]>
[2026-05-01T19:50:32.962+0000] {taskinstance.py:2306} INFO - Starting attempt 1 of 2
[2026-05-01T19:50:32.980+0000] {taskinstance.py:2330} INFO - Executing <Task(BashOperator): dbt_marts> on 2025-01-10 00:00:00+00:00
[2026-05-01T19:50:32.989+0000] {warnings.py:112} WARNING - /home/***/.local/lib/python3.12/site-packages/***/task/task_runner/standard_task_runner.py:62: DeprecationWarning: This process (pid=1347) is multi-threaded, use of fork() may lead to deadlocks in the child.
  pid = os.fork()

[2026-05-01T19:50:32.992+0000] {standard_task_runner.py:64} INFO - Started process 1349 to run task
[2026-05-01T19:50:32.994+0000] {standard_task_runner.py:90} INFO - Running: ['***', 'tasks', 'run', 'coffee_pipeline', 'dbt_marts', 'scheduled__2025-01-10T00:00:00+00:00', '--job-id', '59', '--raw', '--subdir', 'DAGS_FOLDER/coffee_pipeline.py', '--cfg-path', '/tmp/tmpews3s1ed']
[2026-05-01T19:50:32.998+0000] {standard_task_runner.py:91} INFO - Job 59: Subtask dbt_marts
[2026-05-01T19:50:33.071+0000] {task_command.py:426} INFO - Running <TaskInstance: coffee_pipeline.dbt_marts scheduled__2025-01-10T00:00:00+00:00 [running]> on host ***-worker
[2026-05-01T19:50:33.223+0000] {taskinstance.py:2648} INFO - Exporting env vars: AIRFLOW_CTX_DAG_OWNER='Khangelani' AIRFLOW_CTX_DAG_ID='coffee_pipeline' AIRFLOW_CTX_TASK_ID='dbt_marts' AIRFLOW_CTX_EXECUTION_DATE='2025-01-10T00:00:00+00:00' AIRFLOW_CTX_TRY_NUMBER='1' AIRFLOW_CTX_DAG_RUN_ID='scheduled__2025-01-10T00:00:00+00:00'
[2026-05-01T19:50:33.226+0000] {taskinstance.py:430} INFO - ::endgroup::
[2026-05-01T19:50:33.228+0000] {subprocess.py:63} INFO - Tmp dir root location: /tmp
[2026-05-01T19:50:33.230+0000] {subprocess.py:75} INFO - Running command: ['/usr/bin/bash', '-c', '\n        cd /opt/***/project/transform/coffee_project &&\n        dbt run --select marts --target prod\n        ']
[2026-05-01T19:50:33.249+0000] {subprocess.py:86} INFO - Output:
[2026-05-01T19:50:36.348+0000] {subprocess.py:93} INFO - [0m19:50:36  Running with dbt=1.8.7
[2026-05-01T19:50:40.794+0000] {subprocess.py:93} INFO - [0m19:50:40  Registered adapter: bigquery=1.9.2
[2026-05-01T19:50:41.304+0000] {subprocess.py:93} INFO - [0m19:50:41  [[33mWARNING[0m]: Configuration paths exist in your dbt_project.yml file which do not apply to any resources.
[2026-05-01T19:50:41.305+0000] {subprocess.py:93} INFO - There are 1 unused configuration paths:
[2026-05-01T19:50:41.307+0000] {subprocess.py:93} INFO - - models.coffee_project.example
[2026-05-01T19:50:41.648+0000] {subprocess.py:93} INFO - [0m19:50:41  Found 5 models, 2 data tests, 1 source, 489 macros
[2026-05-01T19:50:41.656+0000] {subprocess.py:93} INFO - [0m19:50:41
[2026-05-01T19:50:45.472+0000] {subprocess.py:93} INFO - [0m19:50:45  Concurrency: 4 threads (target='prod')
[2026-05-01T19:50:45.479+0000] {subprocess.py:93} INFO - [0m19:50:45
[2026-05-01T19:50:45.499+0000] {subprocess.py:93} INFO - [0m19:50:45  1 of 1 START sql view model coffee_prod.sales_mart ............................. [RUN]
[2026-05-01T19:50:50.111+0000] {subprocess.py:93} INFO - [0m19:50:50  1 of 1 OK created sql view model coffee_prod.sales_mart ........................ [[32mCREATE VIEW (0 processed)[0m in 4.59s]
[2026-05-01T19:50:50.184+0000] {subprocess.py:93} INFO - [0m19:50:50
[2026-05-01T19:50:50.188+0000] {subprocess.py:93} INFO - [0m19:50:50  Finished running 1 view model in 0 hours 0 minutes and 8.53 seconds (8.53s).
[2026-05-01T19:50:50.607+0000] {subprocess.py:93} INFO - [0m19:50:50
[2026-05-01T19:50:50.611+0000] {subprocess.py:93} INFO - [0m19:50:50  [32mCompleted successfully[0m
[2026-05-01T19:50:50.615+0000] {subprocess.py:93} INFO - [0m19:50:50
[2026-05-01T19:50:50.619+0000] {subprocess.py:93} INFO - [0m19:50:50  Done. PASS=1 WARN=0 ERROR=0 SKIP=0 TOTAL=1
[2026-05-01T19:50:53.423+0000] {subprocess.py:97} INFO - Command exited with return code 0
[2026-05-01T19:50:53.425+0000] {taskinstance.py:441} INFO - ::group::Post task execution logs
[2026-05-01T19:50:53.474+0000] {taskinstance.py:1206} INFO - Marking task as SUCCESS. dag_id=coffee_pipeline, task_id=dbt_marts, run_id=scheduled__2025-01-10T00:00:00+00:00, execution_date=20250110T000000, start_date=20260501T195032, end_date=20260501T195053
[2026-05-01T19:50:53.529+0000] {local_task_job_runner.py:243} INFO - Task exited with return code 0
[2026-05-01T19:50:53.561+0000] {taskinstance.py:3503} INFO - 1 downstream tasks scheduled from follow-on schedule check
[2026-05-01T19:50:53.575+0000] {local_task_job_runner.py:222} INFO - ::endgroup::
