[2026-05-01T19:03:05.909+0000] {local_task_job_runner.py:120} INFO - ::group::Pre task execution logs
[2026-05-01T19:03:06.023+0000] {taskinstance.py:2076} INFO - Dependencies all met for dep_context=non-requeueable deps ti=<TaskInstance: coffee_pipeline.dbt_staging manual__2026-05-01T19:01:59.431408+00:00 [queued]>
[2026-05-01T19:03:06.063+0000] {taskinstance.py:2076} INFO - Dependencies all met for dep_context=requeueable deps ti=<TaskInstance: coffee_pipeline.dbt_staging manual__2026-05-01T19:01:59.431408+00:00 [queued]>
[2026-05-01T19:03:06.065+0000] {taskinstance.py:2306} INFO - Starting attempt 1 of 2
[2026-05-01T19:03:06.122+0000] {taskinstance.py:2330} INFO - Executing <Task(BashOperator): dbt_staging> on 2026-05-01 19:01:59.431408+00:00
[2026-05-01T19:03:06.164+0000] {warnings.py:112} WARNING - /home/***/.local/lib/python3.12/site-packages/***/task/task_runner/standard_task_runner.py:62: DeprecationWarning: This process (pid=364) is multi-threaded, use of fork() may lead to deadlocks in the child.
  pid = os.fork()

[2026-05-01T19:03:06.181+0000] {standard_task_runner.py:64} INFO - Started process 372 to run task
[2026-05-01T19:03:06.193+0000] {standard_task_runner.py:90} INFO - Running: ['***', 'tasks', 'run', 'coffee_pipeline', 'dbt_staging', 'manual__2026-05-01T19:01:59.431408+00:00', '--job-id', '14', '--raw', '--subdir', 'DAGS_FOLDER/coffee_pipeline.py', '--cfg-path', '/tmp/tmpdcox97v3']
[2026-05-01T19:03:06.200+0000] {standard_task_runner.py:91} INFO - Job 14: Subtask dbt_staging
[2026-05-01T19:03:06.387+0000] {task_command.py:426} INFO - Running <TaskInstance: coffee_pipeline.dbt_staging manual__2026-05-01T19:01:59.431408+00:00 [running]> on host ***-worker
[2026-05-01T19:03:06.645+0000] {taskinstance.py:2648} INFO - Exporting env vars: AIRFLOW_CTX_DAG_OWNER='Khangelani' AIRFLOW_CTX_DAG_ID='coffee_pipeline' AIRFLOW_CTX_TASK_ID='dbt_staging' AIRFLOW_CTX_EXECUTION_DATE='2026-05-01T19:01:59.431408+00:00' AIRFLOW_CTX_TRY_NUMBER='1' AIRFLOW_CTX_DAG_RUN_ID='manual__2026-05-01T19:01:59.431408+00:00'
[2026-05-01T19:03:06.655+0000] {taskinstance.py:430} INFO - ::endgroup::
[2026-05-01T19:03:06.660+0000] {subprocess.py:63} INFO - Tmp dir root location: /tmp
[2026-05-01T19:03:06.673+0000] {subprocess.py:75} INFO - Running command: ['/usr/bin/bash', '-c', '\n        cd /opt/***/project/transform/coffee_project &&\n        dbt run --select staging --target prod\n        ']
[2026-05-01T19:03:06.758+0000] {subprocess.py:86} INFO - Output:
[2026-05-01T19:03:30.276+0000] {subprocess.py:93} INFO - [0m19:03:30  Running with dbt=1.8.7
[2026-05-01T19:03:46.268+0000] {subprocess.py:93} INFO - [0m19:03:46  Registered adapter: bigquery=1.9.2
[2026-05-01T19:03:47.243+0000] {subprocess.py:93} INFO - [0m19:03:47  Unable to do partial parsing because of a version mismatch
[2026-05-01T19:03:51.649+0000] {subprocess.py:93} INFO - [0m19:03:51  [[33mWARNING[0m]: Deprecated functionality
[2026-05-01T19:03:51.652+0000] {subprocess.py:93} INFO - The `tests` config has been renamed to `data_tests`. Please see
[2026-05-01T19:03:51.657+0000] {subprocess.py:93} INFO - https://docs.getdbt.com/docs/build/data-tests#new-data_tests-syntax for more
[2026-05-01T19:03:51.662+0000] {subprocess.py:93} INFO - information.
[2026-05-01T19:03:52.311+0000] {subprocess.py:93} INFO - [0m19:03:52  [[33mWARNING[0m]: Configuration paths exist in your dbt_project.yml file which do not apply to any resources.
[2026-05-01T19:03:52.315+0000] {subprocess.py:93} INFO - There are 1 unused configuration paths:
[2026-05-01T19:03:52.317+0000] {subprocess.py:93} INFO - - models.coffee_project.example
[2026-05-01T19:03:53.210+0000] {subprocess.py:93} INFO - [0m19:03:53  Found 5 models, 2 data tests, 1 source, 489 macros
[2026-05-01T19:03:53.262+0000] {subprocess.py:93} INFO - [0m19:03:53
[2026-05-01T19:03:57.821+0000] {subprocess.py:93} INFO - [0m19:03:57  Concurrency: 4 threads (target='prod')
[2026-05-01T19:03:57.827+0000] {subprocess.py:93} INFO - [0m19:03:57
[2026-05-01T19:03:57.868+0000] {subprocess.py:93} INFO - [0m19:03:57  1 of 1 START sql view model coffee_prod.staging_lower_manhattan ................ [RUN]
[2026-05-01T19:04:01.839+0000] {subprocess.py:93} INFO - [0m19:04:01  BigQuery adapter: https://console.cloud.google.com/bigquery?project=coffee-shop-updated&j=bq:US:c4363c80-d9b3-475d-ab28-ce9358b078cf&page=queryresults
[2026-05-01T19:04:01.901+0000] {subprocess.py:93} INFO - [0m19:04:01  1 of 1 ERROR creating sql view model coffee_prod.staging_lower_manhattan ....... [[31mERROR[0m in 4.01s]
[2026-05-01T19:04:02.004+0000] {subprocess.py:93} INFO - [0m19:04:02
[2026-05-01T19:04:02.008+0000] {subprocess.py:93} INFO - [0m19:04:02  Finished running 1 view model in 0 hours 0 minutes and 8.73 seconds (8.73s).
[2026-05-01T19:04:02.365+0000] {subprocess.py:93} INFO - [0m19:04:02
[2026-05-01T19:04:02.374+0000] {subprocess.py:93} INFO - [0m19:04:02  [31mCompleted with 1 error and 0 warnings:[0m
[2026-05-01T19:04:02.385+0000] {subprocess.py:93} INFO - [0m19:04:02
[2026-05-01T19:04:02.396+0000] {subprocess.py:93} INFO - [0m19:04:02    Database Error in model staging_lower_manhattan (models/staging/staging_lower_manhattan.sql)
[2026-05-01T19:04:02.402+0000] {subprocess.py:93} INFO -   Unrecognized name: ingestion_timestamp at [20:22]
[2026-05-01T19:04:02.408+0000] {subprocess.py:93} INFO -   compiled code at target/run/coffee_project/models/staging/staging_lower_manhattan.sql
[2026-05-01T19:04:02.412+0000] {subprocess.py:93} INFO - [0m19:04:02
[2026-05-01T19:04:02.424+0000] {subprocess.py:93} INFO - [0m19:04:02  Done. PASS=0 WARN=0 ERROR=1 SKIP=0 TOTAL=1
[2026-05-01T19:04:05.490+0000] {subprocess.py:97} INFO - Command exited with return code 1
[2026-05-01T19:04:05.495+0000] {taskinstance.py:441} INFO - ::group::Post task execution logs
[2026-05-01T19:04:05.517+0000] {taskinstance.py:2905} ERROR - Task failed with exception
Traceback (most recent call last):
  File "/home/airflow/.local/lib/python3.12/site-packages/airflow/models/taskinstance.py", line 465, in _execute_task
    result = _execute_callable(context=context, **execute_callable_kwargs)
             ^^^^^^^^^^^^^^^^^^^^^^^^^^^^^^^^^^^^^^^^^^^^^^^^^^^^^^^^^^^^^
  File "/home/airflow/.local/lib/python3.12/site-packages/airflow/models/taskinstance.py", line 432, in _execute_callable
    return execute_callable(context=context, **execute_callable_kwargs)
           ^^^^^^^^^^^^^^^^^^^^^^^^^^^^^^^^^^^^^^^^^^^^^^^^^^^^^^^^^^^^
  File "/home/airflow/.local/lib/python3.12/site-packages/airflow/models/baseoperator.py", line 401, in wrapper
    return func(self, *args, **kwargs)
           ^^^^^^^^^^^^^^^^^^^^^^^^^^^
  File "/home/airflow/.local/lib/python3.12/site-packages/airflow/operators/bash.py", line 243, in execute
    raise AirflowException(
airflow.exceptions.AirflowException: Bash command failed. The command returned a non-zero exit code 1.
[2026-05-01T19:04:05.527+0000] {taskinstance.py:1206} INFO - Marking task as UP_FOR_RETRY. dag_id=coffee_pipeline, task_id=dbt_staging, run_id=manual__2026-05-01T19:01:59.431408+00:00, execution_date=20260501T190159, start_date=20260501T190306, end_date=20260501T190405
[2026-05-01T19:04:05.556+0000] {standard_task_runner.py:110} ERROR - Failed to execute job 14 for task dbt_staging (Bash command failed. The command returned a non-zero exit code 1.; 372)
[2026-05-01T19:04:05.591+0000] {local_task_job_runner.py:243} INFO - Task exited with return code 1
[2026-05-01T19:04:05.633+0000] {taskinstance.py:3503} INFO - 0 downstream tasks scheduled from follow-on schedule check
[2026-05-01T19:04:05.637+0000] {local_task_job_runner.py:222} INFO - ::endgroup::
