[2026-05-01T19:53:00.680+0000] {local_task_job_runner.py:120} INFO - ::group::Pre task execution logs
[2026-05-01T19:53:00.729+0000] {taskinstance.py:2076} INFO - Dependencies all met for dep_context=non-requeueable deps ti=<TaskInstance: coffee_pipeline.dbt_staging scheduled__2025-01-12T00:00:00+00:00 [queued]>
[2026-05-01T19:53:00.749+0000] {taskinstance.py:2076} INFO - Dependencies all met for dep_context=requeueable deps ti=<TaskInstance: coffee_pipeline.dbt_staging scheduled__2025-01-12T00:00:00+00:00 [queued]>
[2026-05-01T19:53:00.753+0000] {taskinstance.py:2306} INFO - Starting attempt 1 of 2
[2026-05-01T19:53:00.790+0000] {taskinstance.py:2330} INFO - Executing <Task(BashOperator): dbt_staging> on 2025-01-12 00:00:00+00:00
[2026-05-01T19:53:00.813+0000] {warnings.py:112} WARNING - /home/***/.local/lib/python3.12/site-packages/***/task/task_runner/standard_task_runner.py:62: DeprecationWarning: This process (pid=1482) is multi-threaded, use of fork() may lead to deadlocks in the child.
  pid = os.fork()

[2026-05-01T19:53:00.821+0000] {standard_task_runner.py:64} INFO - Started process 1484 to run task
[2026-05-01T19:53:00.827+0000] {standard_task_runner.py:90} INFO - Running: ['***', 'tasks', 'run', 'coffee_pipeline', 'dbt_staging', 'scheduled__2025-01-12T00:00:00+00:00', '--job-id', '68', '--raw', '--subdir', 'DAGS_FOLDER/coffee_pipeline.py', '--cfg-path', '/tmp/tmp1gegzk1p']
[2026-05-01T19:53:00.829+0000] {standard_task_runner.py:91} INFO - Job 68: Subtask dbt_staging
[2026-05-01T19:53:00.953+0000] {task_command.py:426} INFO - Running <TaskInstance: coffee_pipeline.dbt_staging scheduled__2025-01-12T00:00:00+00:00 [running]> on host ***-worker
[2026-05-01T19:53:01.171+0000] {taskinstance.py:2648} INFO - Exporting env vars: AIRFLOW_CTX_DAG_OWNER='Khangelani' AIRFLOW_CTX_DAG_ID='coffee_pipeline' AIRFLOW_CTX_TASK_ID='dbt_staging' AIRFLOW_CTX_EXECUTION_DATE='2025-01-12T00:00:00+00:00' AIRFLOW_CTX_TRY_NUMBER='1' AIRFLOW_CTX_DAG_RUN_ID='scheduled__2025-01-12T00:00:00+00:00'
[2026-05-01T19:53:01.174+0000] {taskinstance.py:430} INFO - ::endgroup::
[2026-05-01T19:53:01.178+0000] {subprocess.py:63} INFO - Tmp dir root location: /tmp
[2026-05-01T19:53:01.181+0000] {subprocess.py:75} INFO - Running command: ['/usr/bin/bash', '-c', '\n        cd /opt/***/project/transform/coffee_project &&\n        dbt run --select staging --target prod\n        ']
[2026-05-01T19:53:01.237+0000] {subprocess.py:86} INFO - Output:
[2026-05-01T19:53:06.016+0000] {subprocess.py:93} INFO - [0m19:53:06  Running with dbt=1.8.7
[2026-05-01T19:53:11.225+0000] {subprocess.py:93} INFO - [0m19:53:11  Registered adapter: bigquery=1.9.2
[2026-05-01T19:53:11.738+0000] {subprocess.py:93} INFO - [0m19:53:11  [[33mWARNING[0m]: Configuration paths exist in your dbt_project.yml file which do not apply to any resources.
[2026-05-01T19:53:11.739+0000] {subprocess.py:93} INFO - There are 1 unused configuration paths:
[2026-05-01T19:53:11.741+0000] {subprocess.py:93} INFO - - models.coffee_project.example
[2026-05-01T19:53:12.093+0000] {subprocess.py:93} INFO - [0m19:53:12  Found 5 models, 2 data tests, 1 source, 489 macros
[2026-05-01T19:53:12.100+0000] {subprocess.py:93} INFO - [0m19:53:12
[2026-05-01T19:53:15.762+0000] {subprocess.py:93} INFO - [0m19:53:15  Concurrency: 4 threads (target='prod')
[2026-05-01T19:53:15.769+0000] {subprocess.py:93} INFO - [0m19:53:15
[2026-05-01T19:53:15.787+0000] {subprocess.py:93} INFO - [0m19:53:15  1 of 1 START sql view model coffee_prod.staging_lower_manhattan ................ [RUN]
[2026-05-01T19:53:20.122+0000] {subprocess.py:93} INFO - [0m19:53:20  1 of 1 OK created sql view model coffee_prod.staging_lower_manhattan ........... [[32mCREATE VIEW (0 processed)[0m in 4.32s]
[2026-05-01T19:53:20.205+0000] {subprocess.py:93} INFO - [0m19:53:20
[2026-05-01T19:53:20.208+0000] {subprocess.py:93} INFO - [0m19:53:20  Finished running 1 view model in 0 hours 0 minutes and 8.10 seconds (8.10s).
[2026-05-01T19:53:21.045+0000] {subprocess.py:93} INFO - [0m19:53:21
[2026-05-01T19:53:21.050+0000] {subprocess.py:93} INFO - [0m19:53:21  [32mCompleted successfully[0m
[2026-05-01T19:53:21.054+0000] {subprocess.py:93} INFO - [0m19:53:21
[2026-05-01T19:53:21.057+0000] {subprocess.py:93} INFO - [0m19:53:21  Done. PASS=1 WARN=0 ERROR=0 SKIP=0 TOTAL=1
[2026-05-01T19:53:25.752+0000] {subprocess.py:97} INFO - Command exited with return code 0
[2026-05-01T19:53:25.757+0000] {taskinstance.py:441} INFO - ::group::Post task execution logs
[2026-05-01T19:53:25.896+0000] {taskinstance.py:1206} INFO - Marking task as SUCCESS. dag_id=coffee_pipeline, task_id=dbt_staging, run_id=scheduled__2025-01-12T00:00:00+00:00, execution_date=20250112T000000, start_date=20260501T195300, end_date=20260501T195325
[2026-05-01T19:53:25.994+0000] {local_task_job_runner.py:243} INFO - Task exited with return code 0
[2026-05-01T19:53:26.168+0000] {taskinstance.py:3503} INFO - 1 downstream tasks scheduled from follow-on schedule check
[2026-05-01T19:53:26.274+0000] {local_task_job_runner.py:222} INFO - ::endgroup::
