[2026-05-01T14:08:51.031+0000] {local_task_job_runner.py:120} INFO - ::group::Pre task execution logs
[2026-05-01T14:08:51.078+0000] {taskinstance.py:2076} INFO - Dependencies all met for dep_context=non-requeueable deps ti=<TaskInstance: coffee_pipeline.detect_files scheduled__2025-01-03T00:00:00+00:00 [queued]>
[2026-05-01T14:08:51.101+0000] {taskinstance.py:2076} INFO - Dependencies all met for dep_context=requeueable deps ti=<TaskInstance: coffee_pipeline.detect_files scheduled__2025-01-03T00:00:00+00:00 [queued]>
[2026-05-01T14:08:51.104+0000] {taskinstance.py:2306} INFO - Starting attempt 1 of 2
[2026-05-01T14:08:51.126+0000] {taskinstance.py:2330} INFO - Executing <Task(PythonOperator): detect_files> on 2025-01-03 00:00:00+00:00
[2026-05-01T14:08:51.137+0000] {warnings.py:112} WARNING - /home/***/.local/lib/python3.12/site-packages/***/task/task_runner/standard_task_runner.py:62: DeprecationWarning: This process (pid=217) is multi-threaded, use of fork() may lead to deadlocks in the child.
  pid = os.fork()

[2026-05-01T14:08:51.142+0000] {standard_task_runner.py:64} INFO - Started process 219 to run task
[2026-05-01T14:08:51.145+0000] {standard_task_runner.py:90} INFO - Running: ['***', 'tasks', 'run', 'coffee_pipeline', 'detect_files', 'scheduled__2025-01-03T00:00:00+00:00', '--job-id', '13', '--raw', '--subdir', 'DAGS_FOLDER/coffee_pipeline.py', '--cfg-path', '/tmp/tmpc8q97r7i']
[2026-05-01T14:08:51.147+0000] {standard_task_runner.py:91} INFO - Job 13: Subtask detect_files
[2026-05-01T14:08:51.233+0000] {task_command.py:426} INFO - Running <TaskInstance: coffee_pipeline.detect_files scheduled__2025-01-03T00:00:00+00:00 [running]> on host fae0f868be76
[2026-05-01T14:08:51.383+0000] {taskinstance.py:2648} INFO - Exporting env vars: AIRFLOW_CTX_DAG_OWNER='Khangelani' AIRFLOW_CTX_DAG_ID='coffee_pipeline' AIRFLOW_CTX_TASK_ID='detect_files' AIRFLOW_CTX_EXECUTION_DATE='2025-01-03T00:00:00+00:00' AIRFLOW_CTX_TRY_NUMBER='1' AIRFLOW_CTX_DAG_RUN_ID='scheduled__2025-01-03T00:00:00+00:00'
[2026-05-01T14:08:51.388+0000] {taskinstance.py:430} INFO - ::endgroup::
[2026-05-01T14:08:51.409+0000] {python.py:237} INFO - Done. Returned value was: None
[2026-05-01T14:08:51.411+0000] {taskinstance.py:441} INFO - ::group::Post task execution logs
[2026-05-01T14:08:51.427+0000] {taskinstance.py:1206} INFO - Marking task as SUCCESS. dag_id=coffee_pipeline, task_id=detect_files, run_id=scheduled__2025-01-03T00:00:00+00:00, execution_date=20250103T000000, start_date=20260501T140851, end_date=20260501T140851
[2026-05-01T14:08:51.486+0000] {local_task_job_runner.py:243} INFO - Task exited with return code 0
[2026-05-01T14:08:51.525+0000] {taskinstance.py:3503} INFO - 1 downstream tasks scheduled from follow-on schedule check
[2026-05-01T14:08:51.534+0000] {local_task_job_runner.py:222} INFO - ::endgroup::
[2026-05-01T14:29:04.012+0000] {local_task_job_runner.py:120} INFO - ::group::Pre task execution logs
[2026-05-01T14:29:04.055+0000] {taskinstance.py:2076} INFO - Dependencies all met for dep_context=non-requeueable deps ti=<TaskInstance: coffee_pipeline.detect_files scheduled__2025-01-03T00:00:00+00:00 [queued]>
[2026-05-01T14:29:04.070+0000] {taskinstance.py:2076} INFO - Dependencies all met for dep_context=requeueable deps ti=<TaskInstance: coffee_pipeline.detect_files scheduled__2025-01-03T00:00:00+00:00 [queued]>
[2026-05-01T14:29:04.072+0000] {taskinstance.py:2306} INFO - Starting attempt 1 of 2
[2026-05-01T14:29:04.104+0000] {taskinstance.py:2330} INFO - Executing <Task(PythonOperator): detect_files> on 2025-01-03 00:00:00+00:00
[2026-05-01T14:29:04.118+0000] {warnings.py:112} WARNING - /home/***/.local/lib/python3.12/site-packages/***/task/task_runner/standard_task_runner.py:62: DeprecationWarning: This process (pid=202) is multi-threaded, use of fork() may lead to deadlocks in the child.
  pid = os.fork()

[2026-05-01T14:29:04.121+0000] {standard_task_runner.py:64} INFO - Started process 204 to run task
[2026-05-01T14:29:04.121+0000] {standard_task_runner.py:90} INFO - Running: ['***', 'tasks', 'run', 'coffee_pipeline', 'detect_files', 'scheduled__2025-01-03T00:00:00+00:00', '--job-id', '9', '--raw', '--subdir', 'DAGS_FOLDER/coffee_pipeline.py', '--cfg-path', '/tmp/tmpmc9c4uqh']
[2026-05-01T14:29:04.128+0000] {standard_task_runner.py:91} INFO - Job 9: Subtask detect_files
[2026-05-01T14:29:04.215+0000] {task_command.py:426} INFO - Running <TaskInstance: coffee_pipeline.detect_files scheduled__2025-01-03T00:00:00+00:00 [running]> on host 99adfb056df4
[2026-05-01T14:29:04.349+0000] {taskinstance.py:2648} INFO - Exporting env vars: AIRFLOW_CTX_DAG_OWNER='Khangelani' AIRFLOW_CTX_DAG_ID='coffee_pipeline' AIRFLOW_CTX_TASK_ID='detect_files' AIRFLOW_CTX_EXECUTION_DATE='2025-01-03T00:00:00+00:00' AIRFLOW_CTX_TRY_NUMBER='1' AIRFLOW_CTX_DAG_RUN_ID='scheduled__2025-01-03T00:00:00+00:00'
[2026-05-01T14:29:04.353+0000] {taskinstance.py:430} INFO - ::endgroup::
[2026-05-01T14:29:04.374+0000] {python.py:237} INFO - Done. Returned value was: None
[2026-05-01T14:29:04.376+0000] {taskinstance.py:441} INFO - ::group::Post task execution logs
[2026-05-01T14:29:04.387+0000] {taskinstance.py:1206} INFO - Marking task as SUCCESS. dag_id=coffee_pipeline, task_id=detect_files, run_id=scheduled__2025-01-03T00:00:00+00:00, execution_date=20250103T000000, start_date=20260501T142904, end_date=20260501T142904
[2026-05-01T14:29:04.430+0000] {local_task_job_runner.py:243} INFO - Task exited with return code 0
[2026-05-01T14:29:04.470+0000] {taskinstance.py:3503} INFO - 1 downstream tasks scheduled from follow-on schedule check
[2026-05-01T14:29:04.474+0000] {local_task_job_runner.py:222} INFO - ::endgroup::
[2026-05-01T15:01:20.041+0000] {local_task_job_runner.py:120} INFO - ::group::Pre task execution logs
[2026-05-01T15:01:20.068+0000] {taskinstance.py:2076} INFO - Dependencies all met for dep_context=non-requeueable deps ti=<TaskInstance: coffee_pipeline.detect_files scheduled__2025-01-03T00:00:00+00:00 [queued]>
[2026-05-01T15:01:20.078+0000] {taskinstance.py:2076} INFO - Dependencies all met for dep_context=requeueable deps ti=<TaskInstance: coffee_pipeline.detect_files scheduled__2025-01-03T00:00:00+00:00 [queued]>
[2026-05-01T15:01:20.079+0000] {taskinstance.py:2306} INFO - Starting attempt 1 of 2
[2026-05-01T15:01:20.094+0000] {taskinstance.py:2330} INFO - Executing <Task(PythonOperator): detect_files> on 2025-01-03 00:00:00+00:00
[2026-05-01T15:01:20.102+0000] {warnings.py:112} WARNING - /home/***/.local/lib/python3.12/site-packages/***/task/task_runner/standard_task_runner.py:62: DeprecationWarning: This process (pid=311) is multi-threaded, use of fork() may lead to deadlocks in the child.
  pid = os.fork()

[2026-05-01T15:01:20.105+0000] {standard_task_runner.py:64} INFO - Started process 313 to run task
[2026-05-01T15:01:20.105+0000] {standard_task_runner.py:90} INFO - Running: ['***', 'tasks', 'run', 'coffee_pipeline', 'detect_files', 'scheduled__2025-01-03T00:00:00+00:00', '--job-id', '9', '--raw', '--subdir', 'DAGS_FOLDER/coffee_pipeline.py', '--cfg-path', '/tmp/tmpaxz8ayyu']
[2026-05-01T15:01:20.107+0000] {standard_task_runner.py:91} INFO - Job 9: Subtask detect_files
[2026-05-01T15:01:20.186+0000] {task_command.py:426} INFO - Running <TaskInstance: coffee_pipeline.detect_files scheduled__2025-01-03T00:00:00+00:00 [running]> on host d65e6a7fdfeb
[2026-05-01T15:01:20.286+0000] {taskinstance.py:2648} INFO - Exporting env vars: AIRFLOW_CTX_DAG_OWNER='Khangelani' AIRFLOW_CTX_DAG_ID='coffee_pipeline' AIRFLOW_CTX_TASK_ID='detect_files' AIRFLOW_CTX_EXECUTION_DATE='2025-01-03T00:00:00+00:00' AIRFLOW_CTX_TRY_NUMBER='1' AIRFLOW_CTX_DAG_RUN_ID='scheduled__2025-01-03T00:00:00+00:00'
[2026-05-01T15:01:20.289+0000] {taskinstance.py:430} INFO - ::endgroup::
[2026-05-01T15:01:20.306+0000] {python.py:237} INFO - Done. Returned value was: None
[2026-05-01T15:01:20.308+0000] {taskinstance.py:441} INFO - ::group::Post task execution logs
[2026-05-01T15:01:20.319+0000] {taskinstance.py:1206} INFO - Marking task as SUCCESS. dag_id=coffee_pipeline, task_id=detect_files, run_id=scheduled__2025-01-03T00:00:00+00:00, execution_date=20250103T000000, start_date=20260501T150120, end_date=20260501T150120
[2026-05-01T15:01:20.365+0000] {local_task_job_runner.py:243} INFO - Task exited with return code 0
[2026-05-01T15:01:20.401+0000] {taskinstance.py:3503} INFO - 1 downstream tasks scheduled from follow-on schedule check
[2026-05-01T15:01:20.406+0000] {local_task_job_runner.py:222} INFO - ::endgroup::
[2026-05-01T17:35:46.277+0000] {local_task_job_runner.py:120} INFO - ::group::Pre task execution logs
[2026-05-01T17:35:46.307+0000] {taskinstance.py:2076} INFO - Dependencies all met for dep_context=non-requeueable deps ti=<TaskInstance: coffee_pipeline.detect_files scheduled__2025-01-03T00:00:00+00:00 [queued]>
[2026-05-01T17:35:46.317+0000] {taskinstance.py:2076} INFO - Dependencies all met for dep_context=requeueable deps ti=<TaskInstance: coffee_pipeline.detect_files scheduled__2025-01-03T00:00:00+00:00 [queued]>
[2026-05-01T17:35:46.319+0000] {taskinstance.py:2306} INFO - Starting attempt 1 of 2
[2026-05-01T17:35:46.342+0000] {taskinstance.py:2330} INFO - Executing <Task(PythonOperator): detect_files> on 2025-01-03 00:00:00+00:00
[2026-05-01T17:35:46.355+0000] {warnings.py:112} WARNING - /home/***/.local/lib/python3.12/site-packages/***/task/task_runner/standard_task_runner.py:62: DeprecationWarning: This process (pid=102) is multi-threaded, use of fork() may lead to deadlocks in the child.
  pid = os.fork()

[2026-05-01T17:35:46.358+0000] {standard_task_runner.py:64} INFO - Started process 104 to run task
[2026-05-01T17:35:46.357+0000] {standard_task_runner.py:90} INFO - Running: ['***', 'tasks', 'run', 'coffee_pipeline', 'detect_files', 'scheduled__2025-01-03T00:00:00+00:00', '--job-id', '11', '--raw', '--subdir', 'DAGS_FOLDER/coffee_pipeline.py', '--cfg-path', '/tmp/tmpjgd4n2aa']
[2026-05-01T17:35:46.361+0000] {standard_task_runner.py:91} INFO - Job 11: Subtask detect_files
[2026-05-01T17:35:47.000+0000] {task_command.py:426} INFO - Running <TaskInstance: coffee_pipeline.detect_files scheduled__2025-01-03T00:00:00+00:00 [running]> on host ***-worker
[2026-05-01T17:35:47.304+0000] {taskinstance.py:2648} INFO - Exporting env vars: AIRFLOW_CTX_DAG_OWNER='Khangelani' AIRFLOW_CTX_DAG_ID='coffee_pipeline' AIRFLOW_CTX_TASK_ID='detect_files' AIRFLOW_CTX_EXECUTION_DATE='2025-01-03T00:00:00+00:00' AIRFLOW_CTX_TRY_NUMBER='1' AIRFLOW_CTX_DAG_RUN_ID='scheduled__2025-01-03T00:00:00+00:00'
[2026-05-01T17:35:47.308+0000] {taskinstance.py:430} INFO - ::endgroup::
[2026-05-01T17:35:47.355+0000] {python.py:237} INFO - Done. Returned value was: None
[2026-05-01T17:35:47.357+0000] {taskinstance.py:441} INFO - ::group::Post task execution logs
[2026-05-01T17:35:47.386+0000] {taskinstance.py:1206} INFO - Marking task as SUCCESS. dag_id=coffee_pipeline, task_id=detect_files, run_id=scheduled__2025-01-03T00:00:00+00:00, execution_date=20250103T000000, start_date=20260501T173546, end_date=20260501T173547
[2026-05-01T17:35:47.430+0000] {local_task_job_runner.py:243} INFO - Task exited with return code 0
[2026-05-01T17:35:47.470+0000] {taskinstance.py:3503} INFO - 1 downstream tasks scheduled from follow-on schedule check
[2026-05-01T17:35:47.479+0000] {local_task_job_runner.py:222} INFO - ::endgroup::
[2026-05-01T19:10:08.194+0000] {local_task_job_runner.py:120} INFO - ::group::Pre task execution logs
[2026-05-01T19:10:08.262+0000] {taskinstance.py:2076} INFO - Dependencies all met for dep_context=non-requeueable deps ti=<TaskInstance: coffee_pipeline.detect_files scheduled__2025-01-03T00:00:00+00:00 [queued]>
[2026-05-01T19:10:08.289+0000] {taskinstance.py:2076} INFO - Dependencies all met for dep_context=requeueable deps ti=<TaskInstance: coffee_pipeline.detect_files scheduled__2025-01-03T00:00:00+00:00 [queued]>
[2026-05-01T19:10:08.291+0000] {taskinstance.py:2306} INFO - Starting attempt 1 of 2
[2026-05-01T19:10:08.333+0000] {taskinstance.py:2330} INFO - Executing <Task(PythonOperator): detect_files> on 2025-01-03 00:00:00+00:00
[2026-05-01T19:10:08.361+0000] {warnings.py:112} WARNING - /home/***/.local/lib/python3.12/site-packages/***/task/task_runner/standard_task_runner.py:62: DeprecationWarning: This process (pid=483) is multi-threaded, use of fork() may lead to deadlocks in the child.
  pid = os.fork()

[2026-05-01T19:10:08.376+0000] {standard_task_runner.py:64} INFO - Started process 485 to run task
[2026-05-01T19:10:08.383+0000] {standard_task_runner.py:90} INFO - Running: ['***', 'tasks', 'run', 'coffee_pipeline', 'detect_files', 'scheduled__2025-01-03T00:00:00+00:00', '--job-id', '16', '--raw', '--subdir', 'DAGS_FOLDER/coffee_pipeline.py', '--cfg-path', '/tmp/tmpt0m7xg1o']
[2026-05-01T19:10:08.392+0000] {standard_task_runner.py:91} INFO - Job 16: Subtask detect_files
[2026-05-01T19:10:08.589+0000] {task_command.py:426} INFO - Running <TaskInstance: coffee_pipeline.detect_files scheduled__2025-01-03T00:00:00+00:00 [running]> on host ***-worker
[2026-05-01T19:10:08.873+0000] {taskinstance.py:2648} INFO - Exporting env vars: AIRFLOW_CTX_DAG_OWNER='Khangelani' AIRFLOW_CTX_DAG_ID='coffee_pipeline' AIRFLOW_CTX_TASK_ID='detect_files' AIRFLOW_CTX_EXECUTION_DATE='2025-01-03T00:00:00+00:00' AIRFLOW_CTX_TRY_NUMBER='1' AIRFLOW_CTX_DAG_RUN_ID='scheduled__2025-01-03T00:00:00+00:00'
[2026-05-01T19:10:08.880+0000] {taskinstance.py:430} INFO - ::endgroup::
[2026-05-01T19:10:08.911+0000] {python.py:237} INFO - Done. Returned value was: None
[2026-05-01T19:10:08.915+0000] {taskinstance.py:441} INFO - ::group::Post task execution logs
[2026-05-01T19:10:08.936+0000] {taskinstance.py:1206} INFO - Marking task as SUCCESS. dag_id=coffee_pipeline, task_id=detect_files, run_id=scheduled__2025-01-03T00:00:00+00:00, execution_date=20250103T000000, start_date=20260501T191008, end_date=20260501T191008
[2026-05-01T19:10:09.018+0000] {local_task_job_runner.py:243} INFO - Task exited with return code 0
[2026-05-01T19:10:09.085+0000] {taskinstance.py:3503} INFO - 1 downstream tasks scheduled from follow-on schedule check
[2026-05-01T19:10:09.089+0000] {local_task_job_runner.py:222} INFO - ::endgroup::
