[2026-05-01T15:11:43.632+0000] {local_task_job_runner.py:120} INFO - ::group::Pre task execution logs
[2026-05-01T15:11:43.683+0000] {taskinstance.py:2076} INFO - Dependencies all met for dep_context=non-requeueable deps ti=<TaskInstance: coffee_pipeline.detect_files scheduled__2025-01-05T00:00:00+00:00 [queued]>
[2026-05-01T15:11:43.701+0000] {taskinstance.py:2076} INFO - Dependencies all met for dep_context=requeueable deps ti=<TaskInstance: coffee_pipeline.detect_files scheduled__2025-01-05T00:00:00+00:00 [queued]>
[2026-05-01T15:11:43.703+0000] {taskinstance.py:2306} INFO - Starting attempt 1 of 2
[2026-05-01T15:11:43.741+0000] {taskinstance.py:2330} INFO - Executing <Task(PythonOperator): detect_files> on 2025-01-05 00:00:00+00:00
[2026-05-01T15:11:43.753+0000] {warnings.py:112} WARNING - /home/***/.local/lib/python3.12/site-packages/***/task/task_runner/standard_task_runner.py:62: DeprecationWarning: This process (pid=454) is multi-threaded, use of fork() may lead to deadlocks in the child.
  pid = os.fork()

[2026-05-01T15:11:43.758+0000] {standard_task_runner.py:64} INFO - Started process 456 to run task
[2026-05-01T15:11:43.765+0000] {standard_task_runner.py:90} INFO - Running: ['***', 'tasks', 'run', 'coffee_pipeline', 'detect_files', 'scheduled__2025-01-05T00:00:00+00:00', '--job-id', '15', '--raw', '--subdir', 'DAGS_FOLDER/coffee_pipeline.py', '--cfg-path', '/tmp/tmpppmv3flh']
[2026-05-01T15:11:43.767+0000] {standard_task_runner.py:91} INFO - Job 15: Subtask detect_files
[2026-05-01T15:11:43.851+0000] {task_command.py:426} INFO - Running <TaskInstance: coffee_pipeline.detect_files scheduled__2025-01-05T00:00:00+00:00 [running]> on host d65e6a7fdfeb
[2026-05-01T15:11:43.972+0000] {taskinstance.py:2648} INFO - Exporting env vars: AIRFLOW_CTX_DAG_OWNER='Khangelani' AIRFLOW_CTX_DAG_ID='coffee_pipeline' AIRFLOW_CTX_TASK_ID='detect_files' AIRFLOW_CTX_EXECUTION_DATE='2025-01-05T00:00:00+00:00' AIRFLOW_CTX_TRY_NUMBER='1' AIRFLOW_CTX_DAG_RUN_ID='scheduled__2025-01-05T00:00:00+00:00'
[2026-05-01T15:11:43.975+0000] {taskinstance.py:430} INFO - ::endgroup::
[2026-05-01T15:11:43.999+0000] {python.py:237} INFO - Done. Returned value was: None
[2026-05-01T15:11:44.000+0000] {taskinstance.py:441} INFO - ::group::Post task execution logs
[2026-05-01T15:11:44.013+0000] {taskinstance.py:1206} INFO - Marking task as SUCCESS. dag_id=coffee_pipeline, task_id=detect_files, run_id=scheduled__2025-01-05T00:00:00+00:00, execution_date=20250105T000000, start_date=20260501T151143, end_date=20260501T151144
[2026-05-01T15:11:44.060+0000] {local_task_job_runner.py:243} INFO - Task exited with return code 0
[2026-05-01T15:11:44.095+0000] {taskinstance.py:3503} INFO - 1 downstream tasks scheduled from follow-on schedule check
[2026-05-01T15:11:44.098+0000] {local_task_job_runner.py:222} INFO - ::endgroup::
[2026-05-01T19:31:05.141+0000] {local_task_job_runner.py:120} INFO - ::group::Pre task execution logs
[2026-05-01T19:31:05.276+0000] {taskinstance.py:2076} INFO - Dependencies all met for dep_context=non-requeueable deps ti=<TaskInstance: coffee_pipeline.detect_files scheduled__2025-01-05T00:00:00+00:00 [queued]>
[2026-05-01T19:31:05.298+0000] {taskinstance.py:2076} INFO - Dependencies all met for dep_context=requeueable deps ti=<TaskInstance: coffee_pipeline.detect_files scheduled__2025-01-05T00:00:00+00:00 [queued]>
[2026-05-01T19:31:05.301+0000] {taskinstance.py:2306} INFO - Starting attempt 1 of 2
[2026-05-01T19:31:05.350+0000] {taskinstance.py:2330} INFO - Executing <Task(PythonOperator): detect_files> on 2025-01-05 00:00:00+00:00
[2026-05-01T19:31:05.371+0000] {warnings.py:112} WARNING - /home/***/.local/lib/python3.12/site-packages/***/task/task_runner/standard_task_runner.py:62: DeprecationWarning: This process (pid=818) is multi-threaded, use of fork() may lead to deadlocks in the child.
  pid = os.fork()

[2026-05-01T19:31:05.378+0000] {standard_task_runner.py:64} INFO - Started process 827 to run task
[2026-05-01T19:31:05.405+0000] {standard_task_runner.py:90} INFO - Running: ['***', 'tasks', 'run', 'coffee_pipeline', 'detect_files', 'scheduled__2025-01-05T00:00:00+00:00', '--job-id', '28', '--raw', '--subdir', 'DAGS_FOLDER/coffee_pipeline.py', '--cfg-path', '/tmp/tmpoevts381']
[2026-05-01T19:31:05.411+0000] {standard_task_runner.py:91} INFO - Job 28: Subtask detect_files
[2026-05-01T19:31:05.612+0000] {task_command.py:426} INFO - Running <TaskInstance: coffee_pipeline.detect_files scheduled__2025-01-05T00:00:00+00:00 [running]> on host ***-worker
[2026-05-01T19:31:05.870+0000] {taskinstance.py:2648} INFO - Exporting env vars: AIRFLOW_CTX_DAG_OWNER='Khangelani' AIRFLOW_CTX_DAG_ID='coffee_pipeline' AIRFLOW_CTX_TASK_ID='detect_files' AIRFLOW_CTX_EXECUTION_DATE='2025-01-05T00:00:00+00:00' AIRFLOW_CTX_TRY_NUMBER='1' AIRFLOW_CTX_DAG_RUN_ID='scheduled__2025-01-05T00:00:00+00:00'
[2026-05-01T19:31:05.875+0000] {taskinstance.py:430} INFO - ::endgroup::
[2026-05-01T19:31:05.911+0000] {python.py:237} INFO - Done. Returned value was: None
[2026-05-01T19:31:05.913+0000] {taskinstance.py:441} INFO - ::group::Post task execution logs
[2026-05-01T19:31:05.935+0000] {taskinstance.py:1206} INFO - Marking task as SUCCESS. dag_id=coffee_pipeline, task_id=detect_files, run_id=scheduled__2025-01-05T00:00:00+00:00, execution_date=20250105T000000, start_date=20260501T193105, end_date=20260501T193105
[2026-05-01T19:31:05.996+0000] {local_task_job_runner.py:243} INFO - Task exited with return code 0
[2026-05-01T19:31:06.055+0000] {taskinstance.py:3503} INFO - 1 downstream tasks scheduled from follow-on schedule check
[2026-05-01T19:31:06.066+0000] {local_task_job_runner.py:222} INFO - ::endgroup::
