[2026-05-01T20:02:44.923+0000] {local_task_job_runner.py:120} INFO - ::group::Pre task execution logs
[2026-05-01T20:02:45.044+0000] {taskinstance.py:2076} INFO - Dependencies all met for dep_context=non-requeueable deps ti=<TaskInstance: coffee_pipeline.dbt_staging scheduled__2025-01-18T00:00:00+00:00 [queued]>
[2026-05-01T20:02:45.076+0000] {taskinstance.py:2076} INFO - Dependencies all met for dep_context=requeueable deps ti=<TaskInstance: coffee_pipeline.dbt_staging scheduled__2025-01-18T00:00:00+00:00 [queued]>
[2026-05-01T20:02:45.078+0000] {taskinstance.py:2306} INFO - Starting attempt 1 of 2
[2026-05-01T20:02:45.136+0000] {taskinstance.py:2330} INFO - Executing <Task(BashOperator): dbt_staging> on 2025-01-18 00:00:00+00:00
[2026-05-01T20:02:45.153+0000] {warnings.py:112} WARNING - /home/***/.local/lib/python3.12/site-packages/***/task/task_runner/standard_task_runner.py:62: DeprecationWarning: This process (pid=1939) is multi-threaded, use of fork() may lead to deadlocks in the child.
  pid = os.fork()

[2026-05-01T20:02:45.157+0000] {standard_task_runner.py:64} INFO - Started process 1941 to run task
[2026-05-01T20:02:45.167+0000] {standard_task_runner.py:90} INFO - Running: ['***', 'tasks', 'run', 'coffee_pipeline', 'dbt_staging', 'scheduled__2025-01-18T00:00:00+00:00', '--job-id', '98', '--raw', '--subdir', 'DAGS_FOLDER/coffee_pipeline.py', '--cfg-path', '/tmp/tmp1la749fm']
[2026-05-01T20:02:45.169+0000] {standard_task_runner.py:91} INFO - Job 98: Subtask dbt_staging
[2026-05-01T20:02:45.339+0000] {task_command.py:426} INFO - Running <TaskInstance: coffee_pipeline.dbt_staging scheduled__2025-01-18T00:00:00+00:00 [running]> on host ***-worker
[2026-05-01T20:02:45.888+0000] {taskinstance.py:2648} INFO - Exporting env vars: AIRFLOW_CTX_DAG_OWNER='Khangelani' AIRFLOW_CTX_DAG_ID='coffee_pipeline' AIRFLOW_CTX_TASK_ID='dbt_staging' AIRFLOW_CTX_EXECUTION_DATE='2025-01-18T00:00:00+00:00' AIRFLOW_CTX_TRY_NUMBER='1' AIRFLOW_CTX_DAG_RUN_ID='scheduled__2025-01-18T00:00:00+00:00'
[2026-05-01T20:02:45.892+0000] {taskinstance.py:430} INFO - ::endgroup::
[2026-05-01T20:02:45.899+0000] {subprocess.py:63} INFO - Tmp dir root location: /tmp
[2026-05-01T20:02:45.906+0000] {subprocess.py:75} INFO - Running command: ['/usr/bin/bash', '-c', '\n        cd /opt/***/project/transform/coffee_project &&\n        dbt run --select staging --target prod\n        ']
[2026-05-01T20:02:45.959+0000] {subprocess.py:86} INFO - Output:
[2026-05-01T20:02:57.534+0000] {subprocess.py:93} INFO - [0m20:02:57  Running with dbt=1.8.7
[2026-05-01T20:03:01.206+0000] {subprocess.py:93} INFO - [0m20:03:01  Registered adapter: bigquery=1.9.2
[2026-05-01T20:03:01.686+0000] {subprocess.py:93} INFO - [0m20:03:01  [[33mWARNING[0m]: Configuration paths exist in your dbt_project.yml file which do not apply to any resources.
[2026-05-01T20:03:01.688+0000] {subprocess.py:93} INFO - There are 1 unused configuration paths:
[2026-05-01T20:03:01.690+0000] {subprocess.py:93} INFO - - models.coffee_project.example
[2026-05-01T20:03:02.045+0000] {subprocess.py:93} INFO - [0m20:03:02  Found 5 models, 2 data tests, 1 source, 489 macros
[2026-05-01T20:03:02.054+0000] {subprocess.py:93} INFO - [0m20:03:02
[2026-05-01T20:03:05.867+0000] {subprocess.py:93} INFO - [0m20:03:05  Concurrency: 4 threads (target='prod')
[2026-05-01T20:03:05.876+0000] {subprocess.py:93} INFO - [0m20:03:05
[2026-05-01T20:03:05.931+0000] {subprocess.py:93} INFO - [0m20:03:05  1 of 1 START sql view model coffee_prod.staging_lower_manhattan ................ [RUN]
[2026-05-01T20:03:10.787+0000] {subprocess.py:93} INFO - [0m20:03:10  1 of 1 OK created sql view model coffee_prod.staging_lower_manhattan ........... [[32mCREATE VIEW (0 processed)[0m in 4.81s]
[2026-05-01T20:03:11.001+0000] {subprocess.py:93} INFO - [0m20:03:11
[2026-05-01T20:03:11.010+0000] {subprocess.py:93} INFO - [0m20:03:11  Finished running 1 view model in 0 hours 0 minutes and 8.94 seconds (8.94s).
[2026-05-01T20:03:13.312+0000] {subprocess.py:93} INFO - [0m20:03:13
[2026-05-01T20:03:13.323+0000] {subprocess.py:93} INFO - [0m20:03:13  [32mCompleted successfully[0m
[2026-05-01T20:03:13.333+0000] {subprocess.py:93} INFO - [0m20:03:13
[2026-05-01T20:03:13.340+0000] {subprocess.py:93} INFO - [0m20:03:13  Done. PASS=1 WARN=0 ERROR=0 SKIP=0 TOTAL=1
[2026-05-01T20:03:16.633+0000] {subprocess.py:97} INFO - Command exited with return code 0
[2026-05-01T20:03:16.636+0000] {taskinstance.py:441} INFO - ::group::Post task execution logs
[2026-05-01T20:03:16.678+0000] {taskinstance.py:1206} INFO - Marking task as SUCCESS. dag_id=coffee_pipeline, task_id=dbt_staging, run_id=scheduled__2025-01-18T00:00:00+00:00, execution_date=20250118T000000, start_date=20260501T200245, end_date=20260501T200316
[2026-05-01T20:03:16.726+0000] {local_task_job_runner.py:243} INFO - Task exited with return code 0
[2026-05-01T20:03:16.771+0000] {taskinstance.py:3503} INFO - 1 downstream tasks scheduled from follow-on schedule check
[2026-05-01T20:03:16.780+0000] {local_task_job_runner.py:222} INFO - ::endgroup::
