[2026-05-01T19:55:08.089+0000] {local_task_job_runner.py:120} INFO - ::group::Pre task execution logs
[2026-05-01T19:55:08.122+0000] {taskinstance.py:2076} INFO - Dependencies all met for dep_context=non-requeueable deps ti=<TaskInstance: coffee_pipeline.dbt_marts scheduled__2025-01-13T00:00:00+00:00 [queued]>
[2026-05-01T19:55:08.137+0000] {taskinstance.py:2076} INFO - Dependencies all met for dep_context=requeueable deps ti=<TaskInstance: coffee_pipeline.dbt_marts scheduled__2025-01-13T00:00:00+00:00 [queued]>
[2026-05-01T19:55:08.138+0000] {taskinstance.py:2306} INFO - Starting attempt 1 of 2
[2026-05-01T19:55:08.161+0000] {taskinstance.py:2330} INFO - Executing <Task(BashOperator): dbt_marts> on 2025-01-13 00:00:00+00:00
[2026-05-01T19:55:08.172+0000] {warnings.py:112} WARNING - /home/***/.local/lib/python3.12/site-packages/***/task/task_runner/standard_task_runner.py:62: DeprecationWarning: This process (pid=1580) is multi-threaded, use of fork() may lead to deadlocks in the child.
  pid = os.fork()

[2026-05-01T19:55:08.175+0000] {standard_task_runner.py:64} INFO - Started process 1582 to run task
[2026-05-01T19:55:08.180+0000] {standard_task_runner.py:90} INFO - Running: ['***', 'tasks', 'run', 'coffee_pipeline', 'dbt_marts', 'scheduled__2025-01-13T00:00:00+00:00', '--job-id', '74', '--raw', '--subdir', 'DAGS_FOLDER/coffee_pipeline.py', '--cfg-path', '/tmp/tmpxhawpgcy']
[2026-05-01T19:55:08.183+0000] {standard_task_runner.py:91} INFO - Job 74: Subtask dbt_marts
[2026-05-01T19:55:08.251+0000] {task_command.py:426} INFO - Running <TaskInstance: coffee_pipeline.dbt_marts scheduled__2025-01-13T00:00:00+00:00 [running]> on host ***-worker
[2026-05-01T19:55:08.360+0000] {taskinstance.py:2648} INFO - Exporting env vars: AIRFLOW_CTX_DAG_OWNER='Khangelani' AIRFLOW_CTX_DAG_ID='coffee_pipeline' AIRFLOW_CTX_TASK_ID='dbt_marts' AIRFLOW_CTX_EXECUTION_DATE='2025-01-13T00:00:00+00:00' AIRFLOW_CTX_TRY_NUMBER='1' AIRFLOW_CTX_DAG_RUN_ID='scheduled__2025-01-13T00:00:00+00:00'
[2026-05-01T19:55:08.363+0000] {taskinstance.py:430} INFO - ::endgroup::
[2026-05-01T19:55:08.365+0000] {subprocess.py:63} INFO - Tmp dir root location: /tmp
[2026-05-01T19:55:08.367+0000] {subprocess.py:75} INFO - Running command: ['/usr/bin/bash', '-c', '\n        cd /opt/***/project/transform/coffee_project &&\n        dbt run --select marts --target prod\n        ']
[2026-05-01T19:55:08.384+0000] {subprocess.py:86} INFO - Output:
[2026-05-01T19:55:12.144+0000] {subprocess.py:93} INFO - [0m19:55:12  Running with dbt=1.8.7
[2026-05-01T19:55:19.703+0000] {subprocess.py:93} INFO - [0m19:55:19  Registered adapter: bigquery=1.9.2
[2026-05-01T19:55:21.543+0000] {subprocess.py:93} INFO - [0m19:55:21  [[33mWARNING[0m]: Configuration paths exist in your dbt_project.yml file which do not apply to any resources.
[2026-05-01T19:55:21.545+0000] {subprocess.py:93} INFO - There are 1 unused configuration paths:
[2026-05-01T19:55:21.547+0000] {subprocess.py:93} INFO - - models.coffee_project.example
[2026-05-01T19:55:22.027+0000] {subprocess.py:93} INFO - [0m19:55:22  Found 5 models, 2 data tests, 1 source, 489 macros
[2026-05-01T19:55:22.041+0000] {subprocess.py:93} INFO - [0m19:55:22
[2026-05-01T19:55:25.724+0000] {subprocess.py:93} INFO - [0m19:55:25  Concurrency: 4 threads (target='prod')
[2026-05-01T19:55:25.729+0000] {subprocess.py:93} INFO - [0m19:55:25
[2026-05-01T19:55:25.754+0000] {subprocess.py:93} INFO - [0m19:55:25  1 of 1 START sql view model coffee_prod.sales_mart ............................. [RUN]
[2026-05-01T19:55:30.354+0000] {subprocess.py:93} INFO - [0m19:55:30  1 of 1 OK created sql view model coffee_prod.sales_mart ........................ [[32mCREATE VIEW (0 processed)[0m in 4.58s]
[2026-05-01T19:55:30.471+0000] {subprocess.py:93} INFO - [0m19:55:30
[2026-05-01T19:55:30.474+0000] {subprocess.py:93} INFO - [0m19:55:30  Finished running 1 view model in 0 hours 0 minutes and 8.43 seconds (8.43s).
[2026-05-01T19:55:31.022+0000] {subprocess.py:93} INFO - [0m19:55:31
[2026-05-01T19:55:31.026+0000] {subprocess.py:93} INFO - [0m19:55:31  [32mCompleted successfully[0m
[2026-05-01T19:55:31.030+0000] {subprocess.py:93} INFO - [0m19:55:31
[2026-05-01T19:55:31.035+0000] {subprocess.py:93} INFO - [0m19:55:31  Done. PASS=1 WARN=0 ERROR=0 SKIP=0 TOTAL=1
[2026-05-01T19:55:34.421+0000] {subprocess.py:97} INFO - Command exited with return code 0
[2026-05-01T19:55:34.424+0000] {taskinstance.py:441} INFO - ::group::Post task execution logs
[2026-05-01T19:55:34.493+0000] {taskinstance.py:1206} INFO - Marking task as SUCCESS. dag_id=coffee_pipeline, task_id=dbt_marts, run_id=scheduled__2025-01-13T00:00:00+00:00, execution_date=20250113T000000, start_date=20260501T195508, end_date=20260501T195534
[2026-05-01T19:55:34.582+0000] {local_task_job_runner.py:243} INFO - Task exited with return code 0
[2026-05-01T19:55:34.675+0000] {taskinstance.py:3503} INFO - 1 downstream tasks scheduled from follow-on schedule check
[2026-05-01T19:55:34.686+0000] {local_task_job_runner.py:222} INFO - ::endgroup::
