[2026-05-01T14:14:08.071+0000] {local_task_job_runner.py:120} INFO - ::group::Pre task execution logs
[2026-05-01T14:14:08.109+0000] {taskinstance.py:2076} INFO - Dependencies all met for dep_context=non-requeueable deps ti=<TaskInstance: coffee_pipeline.detect_files scheduled__2025-01-04T00:00:00+00:00 [queued]>
[2026-05-01T14:14:08.121+0000] {taskinstance.py:2076} INFO - Dependencies all met for dep_context=requeueable deps ti=<TaskInstance: coffee_pipeline.detect_files scheduled__2025-01-04T00:00:00+00:00 [queued]>
[2026-05-01T14:14:08.122+0000] {taskinstance.py:2306} INFO - Starting attempt 1 of 2
[2026-05-01T14:14:08.141+0000] {taskinstance.py:2330} INFO - Executing <Task(PythonOperator): detect_files> on 2025-01-04 00:00:00+00:00
[2026-05-01T14:14:08.152+0000] {warnings.py:112} WARNING - /home/***/.local/lib/python3.12/site-packages/***/task/task_runner/standard_task_runner.py:62: DeprecationWarning: This process (pid=288) is multi-threaded, use of fork() may lead to deadlocks in the child.
  pid = os.fork()

[2026-05-01T14:14:08.156+0000] {standard_task_runner.py:64} INFO - Started process 290 to run task
[2026-05-01T14:14:08.156+0000] {standard_task_runner.py:90} INFO - Running: ['***', 'tasks', 'run', 'coffee_pipeline', 'detect_files', 'scheduled__2025-01-04T00:00:00+00:00', '--job-id', '16', '--raw', '--subdir', 'DAGS_FOLDER/coffee_pipeline.py', '--cfg-path', '/tmp/tmplnnj5rr1']
[2026-05-01T14:14:08.159+0000] {standard_task_runner.py:91} INFO - Job 16: Subtask detect_files
[2026-05-01T14:14:08.230+0000] {task_command.py:426} INFO - Running <TaskInstance: coffee_pipeline.detect_files scheduled__2025-01-04T00:00:00+00:00 [running]> on host fae0f868be76
[2026-05-01T14:14:08.348+0000] {taskinstance.py:2648} INFO - Exporting env vars: AIRFLOW_CTX_DAG_OWNER='Khangelani' AIRFLOW_CTX_DAG_ID='coffee_pipeline' AIRFLOW_CTX_TASK_ID='detect_files' AIRFLOW_CTX_EXECUTION_DATE='2025-01-04T00:00:00+00:00' AIRFLOW_CTX_TRY_NUMBER='1' AIRFLOW_CTX_DAG_RUN_ID='scheduled__2025-01-04T00:00:00+00:00'
[2026-05-01T14:14:08.351+0000] {taskinstance.py:430} INFO - ::endgroup::
[2026-05-01T14:14:08.373+0000] {python.py:237} INFO - Done. Returned value was: None
[2026-05-01T14:14:08.374+0000] {taskinstance.py:441} INFO - ::group::Post task execution logs
[2026-05-01T14:14:08.390+0000] {taskinstance.py:1206} INFO - Marking task as SUCCESS. dag_id=coffee_pipeline, task_id=detect_files, run_id=scheduled__2025-01-04T00:00:00+00:00, execution_date=20250104T000000, start_date=20260501T141408, end_date=20260501T141408
[2026-05-01T14:14:08.456+0000] {local_task_job_runner.py:243} INFO - Task exited with return code 0
[2026-05-01T14:14:08.491+0000] {taskinstance.py:3503} INFO - 1 downstream tasks scheduled from follow-on schedule check
[2026-05-01T14:14:08.499+0000] {local_task_job_runner.py:222} INFO - ::endgroup::
[2026-05-01T14:34:18.221+0000] {local_task_job_runner.py:120} INFO - ::group::Pre task execution logs
[2026-05-01T14:34:18.259+0000] {taskinstance.py:2076} INFO - Dependencies all met for dep_context=non-requeueable deps ti=<TaskInstance: coffee_pipeline.detect_files scheduled__2025-01-04T00:00:00+00:00 [queued]>
[2026-05-01T14:34:18.271+0000] {taskinstance.py:2076} INFO - Dependencies all met for dep_context=requeueable deps ti=<TaskInstance: coffee_pipeline.detect_files scheduled__2025-01-04T00:00:00+00:00 [queued]>
[2026-05-01T14:34:18.273+0000] {taskinstance.py:2306} INFO - Starting attempt 1 of 2
[2026-05-01T14:34:18.291+0000] {taskinstance.py:2330} INFO - Executing <Task(PythonOperator): detect_files> on 2025-01-04 00:00:00+00:00
[2026-05-01T14:34:18.301+0000] {warnings.py:112} WARNING - /home/***/.local/lib/python3.12/site-packages/***/task/task_runner/standard_task_runner.py:62: DeprecationWarning: This process (pid=274) is multi-threaded, use of fork() may lead to deadlocks in the child.
  pid = os.fork()

[2026-05-01T14:34:18.303+0000] {standard_task_runner.py:64} INFO - Started process 276 to run task
[2026-05-01T14:34:18.306+0000] {standard_task_runner.py:90} INFO - Running: ['***', 'tasks', 'run', 'coffee_pipeline', 'detect_files', 'scheduled__2025-01-04T00:00:00+00:00', '--job-id', '12', '--raw', '--subdir', 'DAGS_FOLDER/coffee_pipeline.py', '--cfg-path', '/tmp/tmpveby28w1']
[2026-05-01T14:34:18.309+0000] {standard_task_runner.py:91} INFO - Job 12: Subtask detect_files
[2026-05-01T14:34:18.401+0000] {task_command.py:426} INFO - Running <TaskInstance: coffee_pipeline.detect_files scheduled__2025-01-04T00:00:00+00:00 [running]> on host 99adfb056df4
[2026-05-01T14:34:18.528+0000] {taskinstance.py:2648} INFO - Exporting env vars: AIRFLOW_CTX_DAG_OWNER='Khangelani' AIRFLOW_CTX_DAG_ID='coffee_pipeline' AIRFLOW_CTX_TASK_ID='detect_files' AIRFLOW_CTX_EXECUTION_DATE='2025-01-04T00:00:00+00:00' AIRFLOW_CTX_TRY_NUMBER='1' AIRFLOW_CTX_DAG_RUN_ID='scheduled__2025-01-04T00:00:00+00:00'
[2026-05-01T14:34:18.534+0000] {taskinstance.py:430} INFO - ::endgroup::
[2026-05-01T14:34:18.562+0000] {python.py:237} INFO - Done. Returned value was: None
[2026-05-01T14:34:18.564+0000] {taskinstance.py:441} INFO - ::group::Post task execution logs
[2026-05-01T14:34:18.580+0000] {taskinstance.py:1206} INFO - Marking task as SUCCESS. dag_id=coffee_pipeline, task_id=detect_files, run_id=scheduled__2025-01-04T00:00:00+00:00, execution_date=20250104T000000, start_date=20260501T143418, end_date=20260501T143418
[2026-05-01T14:34:18.646+0000] {local_task_job_runner.py:243} INFO - Task exited with return code 0
[2026-05-01T14:34:18.693+0000] {taskinstance.py:3503} INFO - 1 downstream tasks scheduled from follow-on schedule check
[2026-05-01T14:34:18.698+0000] {local_task_job_runner.py:222} INFO - ::endgroup::
[2026-05-01T15:06:30.780+0000] {local_task_job_runner.py:120} INFO - ::group::Pre task execution logs
[2026-05-01T15:06:30.809+0000] {taskinstance.py:2076} INFO - Dependencies all met for dep_context=non-requeueable deps ti=<TaskInstance: coffee_pipeline.detect_files scheduled__2025-01-04T00:00:00+00:00 [queued]>
[2026-05-01T15:06:30.823+0000] {taskinstance.py:2076} INFO - Dependencies all met for dep_context=requeueable deps ti=<TaskInstance: coffee_pipeline.detect_files scheduled__2025-01-04T00:00:00+00:00 [queued]>
[2026-05-01T15:06:30.825+0000] {taskinstance.py:2306} INFO - Starting attempt 1 of 2
[2026-05-01T15:06:30.846+0000] {taskinstance.py:2330} INFO - Executing <Task(PythonOperator): detect_files> on 2025-01-04 00:00:00+00:00
[2026-05-01T15:06:30.857+0000] {warnings.py:112} WARNING - /home/***/.local/lib/python3.12/site-packages/***/task/task_runner/standard_task_runner.py:62: DeprecationWarning: This process (pid=383) is multi-threaded, use of fork() may lead to deadlocks in the child.
  pid = os.fork()

[2026-05-01T15:06:30.860+0000] {standard_task_runner.py:64} INFO - Started process 385 to run task
[2026-05-01T15:06:30.862+0000] {standard_task_runner.py:90} INFO - Running: ['***', 'tasks', 'run', 'coffee_pipeline', 'detect_files', 'scheduled__2025-01-04T00:00:00+00:00', '--job-id', '12', '--raw', '--subdir', 'DAGS_FOLDER/coffee_pipeline.py', '--cfg-path', '/tmp/tmpaip6f5vr']
[2026-05-01T15:06:30.865+0000] {standard_task_runner.py:91} INFO - Job 12: Subtask detect_files
[2026-05-01T15:06:30.950+0000] {task_command.py:426} INFO - Running <TaskInstance: coffee_pipeline.detect_files scheduled__2025-01-04T00:00:00+00:00 [running]> on host d65e6a7fdfeb
[2026-05-01T15:06:31.058+0000] {taskinstance.py:2648} INFO - Exporting env vars: AIRFLOW_CTX_DAG_OWNER='Khangelani' AIRFLOW_CTX_DAG_ID='coffee_pipeline' AIRFLOW_CTX_TASK_ID='detect_files' AIRFLOW_CTX_EXECUTION_DATE='2025-01-04T00:00:00+00:00' AIRFLOW_CTX_TRY_NUMBER='1' AIRFLOW_CTX_DAG_RUN_ID='scheduled__2025-01-04T00:00:00+00:00'
[2026-05-01T15:06:31.061+0000] {taskinstance.py:430} INFO - ::endgroup::
[2026-05-01T15:06:31.079+0000] {python.py:237} INFO - Done. Returned value was: None
[2026-05-01T15:06:31.080+0000] {taskinstance.py:441} INFO - ::group::Post task execution logs
[2026-05-01T15:06:31.092+0000] {taskinstance.py:1206} INFO - Marking task as SUCCESS. dag_id=coffee_pipeline, task_id=detect_files, run_id=scheduled__2025-01-04T00:00:00+00:00, execution_date=20250104T000000, start_date=20260501T150630, end_date=20260501T150631
[2026-05-01T15:06:31.122+0000] {local_task_job_runner.py:243} INFO - Task exited with return code 0
[2026-05-01T15:06:31.151+0000] {taskinstance.py:3503} INFO - 1 downstream tasks scheduled from follow-on schedule check
[2026-05-01T15:06:31.155+0000] {local_task_job_runner.py:222} INFO - ::endgroup::
[2026-05-01T17:42:05.144+0000] {local_task_job_runner.py:120} INFO - ::group::Pre task execution logs
[2026-05-01T17:42:05.181+0000] {taskinstance.py:2076} INFO - Dependencies all met for dep_context=non-requeueable deps ti=<TaskInstance: coffee_pipeline.detect_files scheduled__2025-01-04T00:00:00+00:00 [queued]>
[2026-05-01T17:42:05.197+0000] {taskinstance.py:2076} INFO - Dependencies all met for dep_context=requeueable deps ti=<TaskInstance: coffee_pipeline.detect_files scheduled__2025-01-04T00:00:00+00:00 [queued]>
[2026-05-01T17:42:05.200+0000] {taskinstance.py:2306} INFO - Starting attempt 1 of 2
[2026-05-01T17:42:05.231+0000] {taskinstance.py:2330} INFO - Executing <Task(PythonOperator): detect_files> on 2025-01-04 00:00:00+00:00
[2026-05-01T17:42:05.248+0000] {warnings.py:112} WARNING - /home/***/.local/lib/python3.12/site-packages/***/task/task_runner/standard_task_runner.py:62: DeprecationWarning: This process (pid=187) is multi-threaded, use of fork() may lead to deadlocks in the child.
  pid = os.fork()

[2026-05-01T17:42:05.251+0000] {standard_task_runner.py:64} INFO - Started process 189 to run task
[2026-05-01T17:42:05.251+0000] {standard_task_runner.py:90} INFO - Running: ['***', 'tasks', 'run', 'coffee_pipeline', 'detect_files', 'scheduled__2025-01-04T00:00:00+00:00', '--job-id', '14', '--raw', '--subdir', 'DAGS_FOLDER/coffee_pipeline.py', '--cfg-path', '/tmp/tmpknc17lle']
[2026-05-01T17:42:05.261+0000] {standard_task_runner.py:91} INFO - Job 14: Subtask detect_files
[2026-05-01T17:42:05.381+0000] {task_command.py:426} INFO - Running <TaskInstance: coffee_pipeline.detect_files scheduled__2025-01-04T00:00:00+00:00 [running]> on host ***-worker
[2026-05-01T17:42:05.570+0000] {taskinstance.py:2648} INFO - Exporting env vars: AIRFLOW_CTX_DAG_OWNER='Khangelani' AIRFLOW_CTX_DAG_ID='coffee_pipeline' AIRFLOW_CTX_TASK_ID='detect_files' AIRFLOW_CTX_EXECUTION_DATE='2025-01-04T00:00:00+00:00' AIRFLOW_CTX_TRY_NUMBER='1' AIRFLOW_CTX_DAG_RUN_ID='scheduled__2025-01-04T00:00:00+00:00'
[2026-05-01T17:42:05.580+0000] {taskinstance.py:430} INFO - ::endgroup::
[2026-05-01T17:42:05.622+0000] {python.py:237} INFO - Done. Returned value was: None
[2026-05-01T17:42:05.629+0000] {taskinstance.py:441} INFO - ::group::Post task execution logs
[2026-05-01T17:42:05.654+0000] {taskinstance.py:1206} INFO - Marking task as SUCCESS. dag_id=coffee_pipeline, task_id=detect_files, run_id=scheduled__2025-01-04T00:00:00+00:00, execution_date=20250104T000000, start_date=20260501T174205, end_date=20260501T174205
[2026-05-01T17:42:05.731+0000] {local_task_job_runner.py:243} INFO - Task exited with return code 0
[2026-05-01T17:42:05.793+0000] {taskinstance.py:3503} INFO - 1 downstream tasks scheduled from follow-on schedule check
[2026-05-01T17:42:05.797+0000] {local_task_job_runner.py:222} INFO - ::endgroup::
[2026-05-01T19:24:01.791+0000] {local_task_job_runner.py:120} INFO - ::group::Pre task execution logs
[2026-05-01T19:24:01.840+0000] {taskinstance.py:2076} INFO - Dependencies all met for dep_context=non-requeueable deps ti=<TaskInstance: coffee_pipeline.detect_files scheduled__2025-01-04T00:00:00+00:00 [queued]>
[2026-05-01T19:24:01.859+0000] {taskinstance.py:2076} INFO - Dependencies all met for dep_context=requeueable deps ti=<TaskInstance: coffee_pipeline.detect_files scheduled__2025-01-04T00:00:00+00:00 [queued]>
[2026-05-01T19:24:01.862+0000] {taskinstance.py:2306} INFO - Starting attempt 1 of 2
[2026-05-01T19:24:01.896+0000] {taskinstance.py:2330} INFO - Executing <Task(PythonOperator): detect_files> on 2025-01-04 00:00:00+00:00
[2026-05-01T19:24:01.912+0000] {warnings.py:112} WARNING - /home/***/.local/lib/python3.12/site-packages/***/task/task_runner/standard_task_runner.py:62: DeprecationWarning: This process (pid=701) is multi-threaded, use of fork() may lead to deadlocks in the child.
  pid = os.fork()

[2026-05-01T19:24:01.918+0000] {standard_task_runner.py:64} INFO - Started process 703 to run task
[2026-05-01T19:24:01.929+0000] {standard_task_runner.py:90} INFO - Running: ['***', 'tasks', 'run', 'coffee_pipeline', 'detect_files', 'scheduled__2025-01-04T00:00:00+00:00', '--job-id', '24', '--raw', '--subdir', 'DAGS_FOLDER/coffee_pipeline.py', '--cfg-path', '/tmp/tmpt9ecktu1']
[2026-05-01T19:24:01.937+0000] {standard_task_runner.py:91} INFO - Job 24: Subtask detect_files
[2026-05-01T19:24:02.070+0000] {task_command.py:426} INFO - Running <TaskInstance: coffee_pipeline.detect_files scheduled__2025-01-04T00:00:00+00:00 [running]> on host ***-worker
[2026-05-01T19:24:02.217+0000] {taskinstance.py:2648} INFO - Exporting env vars: AIRFLOW_CTX_DAG_OWNER='Khangelani' AIRFLOW_CTX_DAG_ID='coffee_pipeline' AIRFLOW_CTX_TASK_ID='detect_files' AIRFLOW_CTX_EXECUTION_DATE='2025-01-04T00:00:00+00:00' AIRFLOW_CTX_TRY_NUMBER='1' AIRFLOW_CTX_DAG_RUN_ID='scheduled__2025-01-04T00:00:00+00:00'
[2026-05-01T19:24:02.222+0000] {taskinstance.py:430} INFO - ::endgroup::
[2026-05-01T19:24:02.248+0000] {python.py:237} INFO - Done. Returned value was: None
[2026-05-01T19:24:02.249+0000] {taskinstance.py:441} INFO - ::group::Post task execution logs
[2026-05-01T19:24:02.275+0000] {taskinstance.py:1206} INFO - Marking task as SUCCESS. dag_id=coffee_pipeline, task_id=detect_files, run_id=scheduled__2025-01-04T00:00:00+00:00, execution_date=20250104T000000, start_date=20260501T192401, end_date=20260501T192402
[2026-05-01T19:24:02.351+0000] {local_task_job_runner.py:243} INFO - Task exited with return code 0
[2026-05-01T19:24:02.454+0000] {taskinstance.py:3503} INFO - 0 downstream tasks scheduled from follow-on schedule check
[2026-05-01T19:24:02.466+0000] {local_task_job_runner.py:222} INFO - ::endgroup::
