[2026-05-01T19:46:28.065+0000] {local_task_job_runner.py:120} INFO - ::group::Pre task execution logs
[2026-05-01T19:46:28.105+0000] {taskinstance.py:2076} INFO - Dependencies all met for dep_context=non-requeueable deps ti=<TaskInstance: coffee_pipeline.dbt_staging scheduled__2025-01-08T00:00:00+00:00 [queued]>
[2026-05-01T19:46:28.121+0000] {taskinstance.py:2076} INFO - Dependencies all met for dep_context=requeueable deps ti=<TaskInstance: coffee_pipeline.dbt_staging scheduled__2025-01-08T00:00:00+00:00 [queued]>
[2026-05-01T19:46:28.125+0000] {taskinstance.py:2306} INFO - Starting attempt 1 of 2
[2026-05-01T19:46:28.150+0000] {taskinstance.py:2330} INFO - Executing <Task(BashOperator): dbt_staging> on 2025-01-08 00:00:00+00:00
[2026-05-01T19:46:28.162+0000] {warnings.py:112} WARNING - /home/***/.local/lib/python3.12/site-packages/***/task/task_runner/standard_task_runner.py:62: DeprecationWarning: This process (pid=1169) is multi-threaded, use of fork() may lead to deadlocks in the child.
  pid = os.fork()

[2026-05-01T19:46:28.165+0000] {standard_task_runner.py:64} INFO - Started process 1171 to run task
[2026-05-01T19:46:28.173+0000] {standard_task_runner.py:90} INFO - Running: ['***', 'tasks', 'run', 'coffee_pipeline', 'dbt_staging', 'scheduled__2025-01-08T00:00:00+00:00', '--job-id', '48', '--raw', '--subdir', 'DAGS_FOLDER/coffee_pipeline.py', '--cfg-path', '/tmp/tmplzslnfm3']
[2026-05-01T19:46:28.178+0000] {standard_task_runner.py:91} INFO - Job 48: Subtask dbt_staging
[2026-05-01T19:46:28.264+0000] {task_command.py:426} INFO - Running <TaskInstance: coffee_pipeline.dbt_staging scheduled__2025-01-08T00:00:00+00:00 [running]> on host ***-worker
[2026-05-01T19:46:28.454+0000] {taskinstance.py:2648} INFO - Exporting env vars: AIRFLOW_CTX_DAG_OWNER='Khangelani' AIRFLOW_CTX_DAG_ID='coffee_pipeline' AIRFLOW_CTX_TASK_ID='dbt_staging' AIRFLOW_CTX_EXECUTION_DATE='2025-01-08T00:00:00+00:00' AIRFLOW_CTX_TRY_NUMBER='1' AIRFLOW_CTX_DAG_RUN_ID='scheduled__2025-01-08T00:00:00+00:00'
[2026-05-01T19:46:28.457+0000] {taskinstance.py:430} INFO - ::endgroup::
[2026-05-01T19:46:28.459+0000] {subprocess.py:63} INFO - Tmp dir root location: /tmp
[2026-05-01T19:46:28.463+0000] {subprocess.py:75} INFO - Running command: ['/usr/bin/bash', '-c', '\n        cd /opt/***/project/transform/coffee_project &&\n        dbt run --select staging --target prod\n        ']
[2026-05-01T19:46:28.486+0000] {subprocess.py:86} INFO - Output:
[2026-05-01T19:46:32.833+0000] {subprocess.py:93} INFO - [0m19:46:32  Running with dbt=1.8.7
[2026-05-01T19:46:36.798+0000] {subprocess.py:93} INFO - [0m19:46:36  Registered adapter: bigquery=1.9.2
[2026-05-01T19:46:37.495+0000] {subprocess.py:93} INFO - [0m19:46:37  [[33mWARNING[0m]: Configuration paths exist in your dbt_project.yml file which do not apply to any resources.
[2026-05-01T19:46:37.498+0000] {subprocess.py:93} INFO - There are 1 unused configuration paths:
[2026-05-01T19:46:37.499+0000] {subprocess.py:93} INFO - - models.coffee_project.example
[2026-05-01T19:46:37.846+0000] {subprocess.py:93} INFO - [0m19:46:37  Found 5 models, 2 data tests, 1 source, 489 macros
[2026-05-01T19:46:37.850+0000] {subprocess.py:93} INFO - [0m19:46:37
[2026-05-01T19:46:41.630+0000] {subprocess.py:93} INFO - [0m19:46:41  Concurrency: 4 threads (target='prod')
[2026-05-01T19:46:41.634+0000] {subprocess.py:93} INFO - [0m19:46:41
[2026-05-01T19:46:41.653+0000] {subprocess.py:93} INFO - [0m19:46:41  1 of 1 START sql view model coffee_prod.staging_lower_manhattan ................ [RUN]
[2026-05-01T19:46:46.293+0000] {subprocess.py:93} INFO - [0m19:46:46  1 of 1 OK created sql view model coffee_prod.staging_lower_manhattan ........... [[32mCREATE VIEW (0 processed)[0m in 4.63s]
[2026-05-01T19:46:46.400+0000] {subprocess.py:93} INFO - [0m19:46:46
[2026-05-01T19:46:46.408+0000] {subprocess.py:93} INFO - [0m19:46:46  Finished running 1 view model in 0 hours 0 minutes and 8.55 seconds (8.55s).
[2026-05-01T19:46:46.864+0000] {subprocess.py:93} INFO - [0m19:46:46
[2026-05-01T19:46:46.867+0000] {subprocess.py:93} INFO - [0m19:46:46  [32mCompleted successfully[0m
[2026-05-01T19:46:46.870+0000] {subprocess.py:93} INFO - [0m19:46:46
[2026-05-01T19:46:46.873+0000] {subprocess.py:93} INFO - [0m19:46:46  Done. PASS=1 WARN=0 ERROR=0 SKIP=0 TOTAL=1
[2026-05-01T19:46:50.976+0000] {subprocess.py:97} INFO - Command exited with return code 0
[2026-05-01T19:46:50.984+0000] {taskinstance.py:441} INFO - ::group::Post task execution logs
[2026-05-01T19:46:51.131+0000] {taskinstance.py:1206} INFO - Marking task as SUCCESS. dag_id=coffee_pipeline, task_id=dbt_staging, run_id=scheduled__2025-01-08T00:00:00+00:00, execution_date=20250108T000000, start_date=20260501T194628, end_date=20260501T194651
[2026-05-01T19:46:51.393+0000] {local_task_job_runner.py:243} INFO - Task exited with return code 0
[2026-05-01T19:46:51.587+0000] {taskinstance.py:3503} INFO - 1 downstream tasks scheduled from follow-on schedule check
[2026-05-01T19:46:51.602+0000] {local_task_job_runner.py:222} INFO - ::endgroup::
