[2026-05-01T19:51:55.156+0000] {local_task_job_runner.py:120} INFO - ::group::Pre task execution logs
[2026-05-01T19:51:55.191+0000] {taskinstance.py:2076} INFO - Dependencies all met for dep_context=non-requeueable deps ti=<TaskInstance: coffee_pipeline.dbt_marts scheduled__2025-01-11T00:00:00+00:00 [queued]>
[2026-05-01T19:51:55.209+0000] {taskinstance.py:2076} INFO - Dependencies all met for dep_context=requeueable deps ti=<TaskInstance: coffee_pipeline.dbt_marts scheduled__2025-01-11T00:00:00+00:00 [queued]>
[2026-05-01T19:51:55.211+0000] {taskinstance.py:2306} INFO - Starting attempt 1 of 2
[2026-05-01T19:51:55.244+0000] {taskinstance.py:2330} INFO - Executing <Task(BashOperator): dbt_marts> on 2025-01-11 00:00:00+00:00
[2026-05-01T19:51:55.262+0000] {warnings.py:112} WARNING - /home/***/.local/lib/python3.12/site-packages/***/task/task_runner/standard_task_runner.py:62: DeprecationWarning: This process (pid=1427) is multi-threaded, use of fork() may lead to deadlocks in the child.
  pid = os.fork()

[2026-05-01T19:51:55.272+0000] {standard_task_runner.py:64} INFO - Started process 1429 to run task
[2026-05-01T19:51:55.278+0000] {standard_task_runner.py:90} INFO - Running: ['***', 'tasks', 'run', 'coffee_pipeline', 'dbt_marts', 'scheduled__2025-01-11T00:00:00+00:00', '--job-id', '64', '--raw', '--subdir', 'DAGS_FOLDER/coffee_pipeline.py', '--cfg-path', '/tmp/tmp4etnhjiy']
[2026-05-01T19:51:55.282+0000] {standard_task_runner.py:91} INFO - Job 64: Subtask dbt_marts
[2026-05-01T19:51:55.378+0000] {task_command.py:426} INFO - Running <TaskInstance: coffee_pipeline.dbt_marts scheduled__2025-01-11T00:00:00+00:00 [running]> on host ***-worker
[2026-05-01T19:51:55.503+0000] {taskinstance.py:2648} INFO - Exporting env vars: AIRFLOW_CTX_DAG_OWNER='Khangelani' AIRFLOW_CTX_DAG_ID='coffee_pipeline' AIRFLOW_CTX_TASK_ID='dbt_marts' AIRFLOW_CTX_EXECUTION_DATE='2025-01-11T00:00:00+00:00' AIRFLOW_CTX_TRY_NUMBER='1' AIRFLOW_CTX_DAG_RUN_ID='scheduled__2025-01-11T00:00:00+00:00'
[2026-05-01T19:51:55.514+0000] {taskinstance.py:430} INFO - ::endgroup::
[2026-05-01T19:51:55.518+0000] {subprocess.py:63} INFO - Tmp dir root location: /tmp
[2026-05-01T19:51:55.520+0000] {subprocess.py:75} INFO - Running command: ['/usr/bin/bash', '-c', '\n        cd /opt/***/project/transform/coffee_project &&\n        dbt run --select marts --target prod\n        ']
[2026-05-01T19:51:55.555+0000] {subprocess.py:86} INFO - Output:
[2026-05-01T19:51:58.744+0000] {subprocess.py:93} INFO - [0m19:51:58  Running with dbt=1.8.7
[2026-05-01T19:52:03.970+0000] {subprocess.py:93} INFO - [0m19:52:03  Registered adapter: bigquery=1.9.2
[2026-05-01T19:52:04.749+0000] {subprocess.py:93} INFO - [0m19:52:04  [[33mWARNING[0m]: Configuration paths exist in your dbt_project.yml file which do not apply to any resources.
[2026-05-01T19:52:04.754+0000] {subprocess.py:93} INFO - There are 1 unused configuration paths:
[2026-05-01T19:52:04.757+0000] {subprocess.py:93} INFO - - models.coffee_project.example
[2026-05-01T19:52:05.749+0000] {subprocess.py:93} INFO - [0m19:52:05  Found 5 models, 2 data tests, 1 source, 489 macros
[2026-05-01T19:52:05.766+0000] {subprocess.py:93} INFO - [0m19:52:05
[2026-05-01T19:52:09.529+0000] {subprocess.py:93} INFO - [0m19:52:09  Concurrency: 4 threads (target='prod')
[2026-05-01T19:52:09.534+0000] {subprocess.py:93} INFO - [0m19:52:09
[2026-05-01T19:52:09.552+0000] {subprocess.py:93} INFO - [0m19:52:09  1 of 1 START sql view model coffee_prod.sales_mart ............................. [RUN]
[2026-05-01T19:52:14.069+0000] {subprocess.py:93} INFO - [0m19:52:14  1 of 1 OK created sql view model coffee_prod.sales_mart ........................ [[32mCREATE VIEW (0 processed)[0m in 4.51s]
[2026-05-01T19:52:14.198+0000] {subprocess.py:93} INFO - [0m19:52:14
[2026-05-01T19:52:14.205+0000] {subprocess.py:93} INFO - [0m19:52:14  Finished running 1 view model in 0 hours 0 minutes and 8.43 seconds (8.43s).
[2026-05-01T19:52:14.609+0000] {subprocess.py:93} INFO - [0m19:52:14
[2026-05-01T19:52:14.612+0000] {subprocess.py:93} INFO - [0m19:52:14  [32mCompleted successfully[0m
[2026-05-01T19:52:14.615+0000] {subprocess.py:93} INFO - [0m19:52:14
[2026-05-01T19:52:14.619+0000] {subprocess.py:93} INFO - [0m19:52:14  Done. PASS=1 WARN=0 ERROR=0 SKIP=0 TOTAL=1
[2026-05-01T19:52:17.400+0000] {subprocess.py:97} INFO - Command exited with return code 0
[2026-05-01T19:52:17.404+0000] {taskinstance.py:441} INFO - ::group::Post task execution logs
[2026-05-01T19:52:17.478+0000] {taskinstance.py:1206} INFO - Marking task as SUCCESS. dag_id=coffee_pipeline, task_id=dbt_marts, run_id=scheduled__2025-01-11T00:00:00+00:00, execution_date=20250111T000000, start_date=20260501T195155, end_date=20260501T195217
[2026-05-01T19:52:17.720+0000] {local_task_job_runner.py:243} INFO - Task exited with return code 0
[2026-05-01T19:52:17.783+0000] {taskinstance.py:3503} INFO - 1 downstream tasks scheduled from follow-on schedule check
[2026-05-01T19:52:17.790+0000] {local_task_job_runner.py:222} INFO - ::endgroup::
