[2026-05-01T15:11:37.395+0000] {local_task_job_runner.py:120} INFO - ::group::Pre task execution logs
[2026-05-01T15:11:37.427+0000] {taskinstance.py:2076} INFO - Dependencies all met for dep_context=non-requeueable deps ti=<TaskInstance: coffee_pipeline.ingest_data scheduled__2025-01-04T00:00:00+00:00 [queued]>
[2026-05-01T15:11:37.438+0000] {taskinstance.py:2076} INFO - Dependencies all met for dep_context=requeueable deps ti=<TaskInstance: coffee_pipeline.ingest_data scheduled__2025-01-04T00:00:00+00:00 [queued]>
[2026-05-01T15:11:37.440+0000] {taskinstance.py:2306} INFO - Starting attempt 2 of 2
[2026-05-01T15:11:37.459+0000] {taskinstance.py:2330} INFO - Executing <Task(PythonOperator): ingest_data> on 2025-01-04 00:00:00+00:00
[2026-05-01T15:11:37.471+0000] {warnings.py:112} WARNING - /home/***/.local/lib/python3.12/site-packages/***/task/task_runner/standard_task_runner.py:62: DeprecationWarning: This process (pid=451) is multi-threaded, use of fork() may lead to deadlocks in the child.
  pid = os.fork()

[2026-05-01T15:11:37.474+0000] {standard_task_runner.py:64} INFO - Started process 453 to run task
[2026-05-01T15:11:37.477+0000] {standard_task_runner.py:90} INFO - Running: ['***', 'tasks', 'run', 'coffee_pipeline', 'ingest_data', 'scheduled__2025-01-04T00:00:00+00:00', '--job-id', '14', '--raw', '--subdir', 'DAGS_FOLDER/coffee_pipeline.py', '--cfg-path', '/tmp/tmpu8_xtunn']
[2026-05-01T15:11:37.479+0000] {standard_task_runner.py:91} INFO - Job 14: Subtask ingest_data
[2026-05-01T15:11:37.547+0000] {task_command.py:426} INFO - Running <TaskInstance: coffee_pipeline.ingest_data scheduled__2025-01-04T00:00:00+00:00 [running]> on host d65e6a7fdfeb
[2026-05-01T15:11:37.710+0000] {taskinstance.py:2648} INFO - Exporting env vars: AIRFLOW_CTX_DAG_OWNER='Khangelani' AIRFLOW_CTX_DAG_ID='coffee_pipeline' AIRFLOW_CTX_TASK_ID='ingest_data' AIRFLOW_CTX_EXECUTION_DATE='2025-01-04T00:00:00+00:00' AIRFLOW_CTX_TRY_NUMBER='2' AIRFLOW_CTX_DAG_RUN_ID='scheduled__2025-01-04T00:00:00+00:00'
[2026-05-01T15:11:37.728+0000] {taskinstance.py:430} INFO - ::endgroup::
[2026-05-01T15:11:37.760+0000] {_metadata.py:139} WARNING - Compute Engine Metadata server unavailable on attempt 1 of 3. Reason: [Errno 111] Connection refused
[2026-05-01T15:11:37.763+0000] {_metadata.py:139} WARNING - Compute Engine Metadata server unavailable on attempt 2 of 3. Reason: [Errno 111] Connection refused
[2026-05-01T15:11:37.767+0000] {_metadata.py:139} WARNING - Compute Engine Metadata server unavailable on attempt 3 of 3. Reason: [Errno 111] Connection refused
[2026-05-01T15:11:37.770+0000] {_default.py:338} WARNING - Authentication failed using Compute Engine authentication due to unavailable metadata server.
[2026-05-01T15:11:37.775+0000] {taskinstance.py:441} INFO - ::group::Post task execution logs
[2026-05-01T15:11:37.780+0000] {taskinstance.py:2905} ERROR - Task failed with exception
Traceback (most recent call last):
  File "/home/airflow/.local/lib/python3.12/site-packages/airflow/models/taskinstance.py", line 465, in _execute_task
    result = _execute_callable(context=context, **execute_callable_kwargs)
             ^^^^^^^^^^^^^^^^^^^^^^^^^^^^^^^^^^^^^^^^^^^^^^^^^^^^^^^^^^^^^
  File "/home/airflow/.local/lib/python3.12/site-packages/airflow/models/taskinstance.py", line 432, in _execute_callable
    return execute_callable(context=context, **execute_callable_kwargs)
           ^^^^^^^^^^^^^^^^^^^^^^^^^^^^^^^^^^^^^^^^^^^^^^^^^^^^^^^^^^^^
  File "/home/airflow/.local/lib/python3.12/site-packages/airflow/models/baseoperator.py", line 401, in wrapper
    return func(self, *args, **kwargs)
           ^^^^^^^^^^^^^^^^^^^^^^^^^^^
  File "/home/airflow/.local/lib/python3.12/site-packages/airflow/operators/python.py", line 235, in execute
    return_value = self.execute_callable()
                   ^^^^^^^^^^^^^^^^^^^^^^^
  File "/home/airflow/.local/lib/python3.12/site-packages/airflow/operators/python.py", line 252, in execute_callable
    return self.python_callable(*self.op_args, **self.op_kwargs)
           ^^^^^^^^^^^^^^^^^^^^^^^^^^^^^^^^^^^^^^^^^^^^^^^^^^^^^
  File "/opt/airflow/dags/coffee_pipeline.py", line 30, in process_file
    client = bigquery.Client()
             ^^^^^^^^^^^^^^^^^
  File "/home/airflow/.local/lib/python3.12/site-packages/google/cloud/bigquery/client.py", line 241, in __init__
    super(Client, self).__init__(
  File "/home/airflow/.local/lib/python3.12/site-packages/google/cloud/client/__init__.py", line 320, in __init__
    _ClientProjectMixin.__init__(self, project=project, credentials=credentials)
  File "/home/airflow/.local/lib/python3.12/site-packages/google/cloud/client/__init__.py", line 268, in __init__
    project = self._determine_default(project)
              ^^^^^^^^^^^^^^^^^^^^^^^^^^^^^^^^
  File "/home/airflow/.local/lib/python3.12/site-packages/google/cloud/client/__init__.py", line 287, in _determine_default
    return _determine_default_project(project)
           ^^^^^^^^^^^^^^^^^^^^^^^^^^^^^^^^^^^
  File "/home/airflow/.local/lib/python3.12/site-packages/google/cloud/_helpers/__init__.py", line 152, in _determine_default_project
    _, project = google.auth.default()
                 ^^^^^^^^^^^^^^^^^^^^^
  File "/home/airflow/.local/lib/python3.12/site-packages/google/auth/_default.py", line 691, in default
    raise exceptions.DefaultCredentialsError(_CLOUD_SDK_MISSING_CREDENTIALS)
google.auth.exceptions.DefaultCredentialsError: Your default credentials were not found. To set up Application Default Credentials, see https://cloud.google.com/docs/authentication/external/set-up-adc for more information.
[2026-05-01T15:11:37.806+0000] {taskinstance.py:1206} INFO - Marking task as FAILED. dag_id=coffee_pipeline, task_id=ingest_data, run_id=scheduled__2025-01-04T00:00:00+00:00, execution_date=20250104T000000, start_date=20260501T151137, end_date=20260501T151137
[2026-05-01T15:11:37.828+0000] {standard_task_runner.py:110} ERROR - Failed to execute job 14 for task ingest_data (Your default credentials were not found. To set up Application Default Credentials, see https://cloud.google.com/docs/authentication/external/set-up-adc for more information.; 453)
[2026-05-01T15:11:37.864+0000] {local_task_job_runner.py:243} INFO - Task exited with return code 1
[2026-05-01T15:11:37.901+0000] {taskinstance.py:3503} INFO - 0 downstream tasks scheduled from follow-on schedule check
[2026-05-01T15:11:37.910+0000] {local_task_job_runner.py:222} INFO - ::endgroup::
