[0m16:57:09.470017 [debug] [MainThread]: Sending event: {'category': 'dbt', 'action': 'invocation', 'label': 'start', 'context': [<snowplow_tracker.self_describing_json.SelfDescribingJson object at 0x105560210>, <snowplow_tracker.self_describing_json.SelfDescribingJson object at 0x10555b990>, <snowplow_tracker.self_describing_json.SelfDescribingJson object at 0x10555ae10>]}


============================== 16:57:09.496240 | 6114e8c6-3bad-426c-89cd-ae399c0dd31f ==============================
[0m16:57:09.496240 [info ] [MainThread]: Running with dbt=1.11.8
[0m16:57:09.498509 [debug] [MainThread]: running dbt with arguments {'introspect': 'True', 'use_experimental_parser': 'False', 'cache_selected_only': 'False', 'write_json': 'True', 'no_print': 'None', 'send_anonymous_usage_stats': 'True', 'log_format': 'default', 'quiet': 'False', 'warn_error': 'None', 'fail_fast': 'False', 'debug': 'False', 'printer_width': '80', 'static_parser': 'True', 'log_path': 'logs', 'partial_parse': 'True', 'log_cache_events': 'False', 'invocation_command': 'dbt init coffee_project', 'empty': 'None', 'version_check': 'True', 'target_path': 'None', 'warn_error_options': 'WarnErrorOptionsV2(error=[], warn=[], silence=[])', 'use_colors': 'True', 'indirect_selection': 'eager', 'profiles_dir': '/Users/mac/.dbt'}
[0m16:57:09.568154 [info ] [MainThread]: Creating dbt configuration folder at /Users/mac/.dbt
[0m16:57:09.572491 [debug] [MainThread]: Starter project path: /Users/mac/Documents/projects/coffee_shop_sales_project/data_engineering_dbt/transform/.venv/lib/python3.11/site-packages/dbt/include/starter_project
[0m16:57:09.595594 [info ] [MainThread]: 
Your new dbt project "coffee_project" was created!

For more information on how to configure the profiles.yml file,
please consult the dbt documentation here:

  https://docs.getdbt.com/docs/configure-your-profile

One more thing:

Need help? Don't hesitate to reach out to us via GitHub issues or on Slack:

  https://community.getdbt.com/

Happy modeling!

[0m16:57:09.597595 [info ] [MainThread]: Setting up your profile.
[0m17:34:53.176362 [info ] [MainThread]: Profile coffee_project written to /Users/mac/.dbt/profiles.yml using target's profile_template.yml and your supplied values. Run 'dbt debug' to validate the connection.
[0m17:34:53.240699 [debug] [MainThread]: Resource report: {"command_name": "init", "command_success": true, "command_wall_clock_time": 2263.7542, "process_in_blocks": "0", "process_kernel_time": 1.093549, "process_mem_max_rss": "189177856", "process_out_blocks": "0", "process_user_time": 3.979156}
[0m17:34:53.241745 [debug] [MainThread]: Command `dbt init` succeeded at 17:34:53.241588 after 2263.76 seconds
[0m17:34:53.242388 [debug] [MainThread]: Sending event: {'category': 'dbt', 'action': 'invocation', 'label': 'end', 'context': [<snowplow_tracker.self_describing_json.SelfDescribingJson object at 0x105593dd0>, <snowplow_tracker.self_describing_json.SelfDescribingJson object at 0x1055937d0>, <snowplow_tracker.self_describing_json.SelfDescribingJson object at 0x1054f2910>]}
[0m17:34:53.243038 [debug] [MainThread]: Flushing usage events
[0m17:34:54.506963 [debug] [MainThread]: An error was encountered while trying to flush usage events
[0m17:39:09.122207 [debug] [MainThread]: Sending event: {'category': 'dbt', 'action': 'invocation', 'label': 'start', 'context': [<snowplow_tracker.self_describing_json.SelfDescribingJson object at 0x108a2fa50>, <snowplow_tracker.self_describing_json.SelfDescribingJson object at 0x108a4e850>, <snowplow_tracker.self_describing_json.SelfDescribingJson object at 0x108a4f1d0>]}


============================== 17:39:09.130395 | 2d0410cf-996e-43ac-bd07-9a02092c4a64 ==============================
[0m17:39:09.130395 [info ] [MainThread]: Running with dbt=1.11.8
[0m17:39:09.131441 [debug] [MainThread]: running dbt with arguments {'no_print': 'None', 'use_colors': 'True', 'write_json': 'True', 'warn_error': 'None', 'cache_selected_only': 'False', 'profiles_dir': '/Users/mac/.dbt', 'version_check': 'True', 'quiet': 'False', 'send_anonymous_usage_stats': 'True', 'invocation_command': 'dbt debug', 'warn_error_options': 'WarnErrorOptionsV2(error=[], warn=[], silence=[])', 'log_path': 'logs', 'debug': 'False', 'empty': 'None', 'printer_width': '80', 'fail_fast': 'False', 'partial_parse': 'True', 'introspect': 'True', 'log_cache_events': 'False', 'static_parser': 'True', 'log_format': 'default', 'target_path': 'None', 'indirect_selection': 'eager', 'use_experimental_parser': 'False'}
[0m17:39:09.171429 [info ] [MainThread]: dbt version: 1.11.8
[0m17:39:09.172818 [info ] [MainThread]: python version: 3.11.3
[0m17:39:09.174279 [info ] [MainThread]: python path: /Users/mac/Documents/projects/coffee_shop_sales_project/data_engineering_dbt/transform/.venv/bin/python3.11
[0m17:39:09.175269 [info ] [MainThread]: os info: macOS-13.7.8-x86_64-i386-64bit
[0m17:39:11.590427 [info ] [MainThread]: Using profiles dir at /Users/mac/.dbt
[0m17:39:11.591242 [info ] [MainThread]: Using profiles.yml file at /Users/mac/.dbt/profiles.yml
[0m17:39:11.591904 [info ] [MainThread]: Using dbt_project.yml file at /Users/mac/Documents/projects/coffee_shop_sales_project/data_engineering_dbt/transform/dbt_project.yml
[0m17:39:11.592504 [info ] [MainThread]: adapter type: bigquery
[0m17:39:11.593057 [info ] [MainThread]: adapter version: 1.11.1
[0m17:39:11.593790 [info ] [MainThread]: Configuration:
[0m17:39:11.594366 [info ] [MainThread]:   profiles.yml file [[32mOK found and valid[0m]
[0m17:39:11.594957 [info ] [MainThread]:   dbt_project.yml file [[31mERROR not found[0m]
[0m17:39:11.595523 [info ] [MainThread]: Required dependencies:
[0m17:39:11.597160 [debug] [MainThread]: Executing "git --help"
[0m17:39:11.641531 [debug] [MainThread]: STDOUT: "b"usage: git [-v | --version] [-h | --help] [-C <path>] [-c <name>=<value>]\n           [--exec-path[=<path>]] [--html-path] [--man-path] [--info-path]\n           [-p | --paginate | -P | --no-pager] [--no-replace-objects] [--bare]\n           [--git-dir=<path>] [--work-tree=<path>] [--namespace=<name>]\n           [--super-prefix=<path>] [--config-env=<name>=<envvar>]\n           <command> [<args>]\n\nThese are common Git commands used in various situations:\n\nstart a working area (see also: git help tutorial)\n   clone     Clone a repository into a new directory\n   init      Create an empty Git repository or reinitialize an existing one\n\nwork on the current change (see also: git help everyday)\n   add       Add file contents to the index\n   mv        Move or rename a file, a directory, or a symlink\n   restore   Restore working tree files\n   rm        Remove files from the working tree and from the index\n\nexamine the history and state (see also: git help revisions)\n   bisect    Use binary search to find the commit that introduced a bug\n   diff      Show changes between commits, commit and working tree, etc\n   grep      Print lines matching a pattern\n   log       Show commit logs\n   show      Show various types of objects\n   status    Show the working tree status\n\ngrow, mark and tweak your common history\n   branch    List, create, or delete branches\n   commit    Record changes to the repository\n   merge     Join two or more development histories together\n   rebase    Reapply commits on top of another base tip\n   reset     Reset current HEAD to the specified state\n   switch    Switch branches\n   tag       Create, list, delete or verify a tag object signed with GPG\n\ncollaborate (see also: git help workflows)\n   fetch     Download objects and refs from another repository\n   pull      Fetch from and integrate with another repository or a local branch\n   push      Update remote refs along with associated objects\n\n'git help -a' and 'git help -g' list available subcommands and some\nconcept guides. See 'git help <command>' or 'git help <concept>'\nto read about a specific subcommand or concept.\nSee 'git help git' for an overview of the system.\n""
[0m17:39:11.642990 [debug] [MainThread]: STDERR: "b''"
[0m17:39:11.643763 [info ] [MainThread]:  - git [[32mOK found[0m]

[0m17:39:11.644681 [info ] [MainThread]: Connection:
[0m17:39:11.645452 [info ] [MainThread]:   method: oauth
[0m17:39:11.646014 [info ] [MainThread]:   database: coffee-shop-updated
[0m17:39:11.646565 [info ] [MainThread]:   execution_project: coffee-shop-updated
[0m17:39:11.647106 [info ] [MainThread]:   schema: coffee_dev
[0m17:39:11.648077 [info ] [MainThread]:   location: US
[0m17:39:11.648649 [info ] [MainThread]:   priority: interactive
[0m17:39:11.649979 [info ] [MainThread]:   maximum_bytes_billed: None
[0m17:39:11.650857 [info ] [MainThread]:   impersonate_service_account: None
[0m17:39:11.651560 [info ] [MainThread]:   job_retry_deadline_seconds: None
[0m17:39:11.652298 [info ] [MainThread]:   job_retries: 1
[0m17:39:11.652968 [info ] [MainThread]:   job_creation_timeout_seconds: None
[0m17:39:11.653608 [info ] [MainThread]:   job_execution_timeout_seconds: 300
[0m17:39:11.654367 [info ] [MainThread]:   timeout_seconds: 300
[0m17:39:11.655980 [info ] [MainThread]:   client_id: None
[0m17:39:11.657422 [info ] [MainThread]:   token_uri: None
[0m17:39:11.658105 [info ] [MainThread]:   compute_region: None
[0m17:39:11.658717 [info ] [MainThread]:   dataproc_cluster_name: None
[0m17:39:11.659305 [info ] [MainThread]:   gcs_bucket: None
[0m17:39:11.659850 [info ] [MainThread]:   dataproc_batch: None
[0m17:39:11.661330 [info ] [MainThread]: Registered adapter: bigquery=1.11.1
[0m17:39:12.233761 [debug] [MainThread]: Acquiring new bigquery connection 'debug'
[0m17:39:12.234814 [debug] [MainThread]: On debug: select 1 as id
[0m17:39:12.235552 [debug] [MainThread]: Opening a new connection, currently in state init
[0m17:39:12.236603 [debug] [MainThread]: BigQuery adapter: Got an error when attempting to create a bigquery " "client: 'Runtime Error
  Failed to authenticate with supplied credentials
  error:
  File /absolute/path/to/key.json was not found.'
[0m17:39:12.237305 [debug] [MainThread]: BigQuery adapter: Unhandled error while running:
select 1 as id
[0m17:39:12.237842 [debug] [MainThread]: BigQuery adapter: Database Error
  Runtime Error
    Failed to authenticate with supplied credentials
    error:
    File /absolute/path/to/key.json was not found.
[0m17:39:12.238438 [info ] [MainThread]:   Connection test: [[31mERROR[0m]

[0m17:39:12.239187 [info ] [MainThread]: [31m2 checks failed:[0m
[0m17:39:12.239772 [info ] [MainThread]: Project loading failed for the following reason:
 project path </Users/mac/Documents/projects/coffee_shop_sales_project/data_engineering_dbt/transform/dbt_project.yml> not found

[0m17:39:12.240337 [info ] [MainThread]: dbt was unable to connect to the specified database.
The database returned the following error:

  >'NoneType' object has no attribute 'close'

Check your database credentials and try again. For more information, visit:
https://docs.getdbt.com/docs/configure-your-profile


[0m17:39:12.247068 [debug] [MainThread]: Resource report: {"command_name": "debug", "command_success": false, "command_wall_clock_time": 3.2415302, "process_in_blocks": "0", "process_kernel_time": 1.406216, "process_mem_max_rss": "191762432", "process_out_blocks": "0", "process_user_time": 4.177648}
[0m17:39:12.248602 [debug] [MainThread]: Command `dbt debug` failed at 17:39:12.248396 after 3.24 seconds
[0m17:39:12.249726 [debug] [MainThread]: Sending event: {'category': 'dbt', 'action': 'invocation', 'label': 'end', 'context': [<snowplow_tracker.self_describing_json.SelfDescribingJson object at 0x1088eb410>, <snowplow_tracker.self_describing_json.SelfDescribingJson object at 0x1089c6a50>, <snowplow_tracker.self_describing_json.SelfDescribingJson object at 0x1089c6850>]}
[0m17:39:12.250601 [debug] [MainThread]: Flushing usage events
[0m17:39:13.637802 [debug] [MainThread]: An error was encountered while trying to flush usage events
