[2026-05-01T19:02:39.561+0000] {local_task_job_runner.py:120} INFO - ::group::Pre task execution logs
[2026-05-01T19:02:39.616+0000] {taskinstance.py:2076} INFO - Dependencies all met for dep_context=non-requeueable deps ti=<TaskInstance: coffee_pipeline.ingest_data manual__2026-05-01T19:01:59.431408+00:00 [queued]>
[2026-05-01T19:02:39.644+0000] {taskinstance.py:2076} INFO - Dependencies all met for dep_context=requeueable deps ti=<TaskInstance: coffee_pipeline.ingest_data manual__2026-05-01T19:01:59.431408+00:00 [queued]>
[2026-05-01T19:02:39.647+0000] {taskinstance.py:2306} INFO - Starting attempt 1 of 2
[2026-05-01T19:02:39.703+0000] {taskinstance.py:2330} INFO - Executing <Task(PythonOperator): ingest_data> on 2026-05-01 19:01:59.431408+00:00
[2026-05-01T19:02:39.736+0000] {warnings.py:112} WARNING - /home/***/.local/lib/python3.12/site-packages/***/task/task_runner/standard_task_runner.py:62: DeprecationWarning: This process (pid=361) is multi-threaded, use of fork() may lead to deadlocks in the child.
  pid = os.fork()

[2026-05-01T19:02:39.750+0000] {standard_task_runner.py:64} INFO - Started process 363 to run task
[2026-05-01T19:02:39.750+0000] {standard_task_runner.py:90} INFO - Running: ['***', 'tasks', 'run', 'coffee_pipeline', 'ingest_data', 'manual__2026-05-01T19:01:59.431408+00:00', '--job-id', '13', '--raw', '--subdir', 'DAGS_FOLDER/coffee_pipeline.py', '--cfg-path', '/tmp/tmpdeyhlmm5']
[2026-05-01T19:02:39.781+0000] {standard_task_runner.py:91} INFO - Job 13: Subtask ingest_data
[2026-05-01T19:02:39.989+0000] {task_command.py:426} INFO - Running <TaskInstance: coffee_pipeline.ingest_data manual__2026-05-01T19:01:59.431408+00:00 [running]> on host ***-worker
[2026-05-01T19:02:40.175+0000] {taskinstance.py:2648} INFO - Exporting env vars: AIRFLOW_CTX_DAG_OWNER='Khangelani' AIRFLOW_CTX_DAG_ID='coffee_pipeline' AIRFLOW_CTX_TASK_ID='ingest_data' AIRFLOW_CTX_EXECUTION_DATE='2026-05-01T19:01:59.431408+00:00' AIRFLOW_CTX_TRY_NUMBER='1' AIRFLOW_CTX_DAG_RUN_ID='manual__2026-05-01T19:01:59.431408+00:00'
[2026-05-01T19:02:40.180+0000] {taskinstance.py:430} INFO - ::endgroup::
[2026-05-01T19:02:40.363+0000] {logging_mixin.py:188} INFO - Processing file: /opt/***/project/data/Lower_Manhattan.csv → coffee-shop-updated.coffee_raw.raw_lower_manhattan
[2026-05-01T19:02:41.278+0000] {warnings.py:112} WARNING - /opt/***/dags/coffee_pipeline.py:72: UserWarning: Could not infer format, so each element will be parsed individually, falling back to `dateutil`. To ensure parsing is consistent and as-expected, please specify a format.
  df["transaction_time"] = pd.to_datetime(df["transaction_time"]).dt.time

[2026-05-01T19:02:53.017+0000] {logging_mixin.py:188} INFO - Loaded 47781 rows into coffee-shop-updated.coffee_raw.raw_lower_manhattan
[2026-05-01T19:02:53.022+0000] {python.py:237} INFO - Done. Returned value was: None
[2026-05-01T19:02:53.026+0000] {taskinstance.py:441} INFO - ::group::Post task execution logs
[2026-05-01T19:02:53.065+0000] {taskinstance.py:1206} INFO - Marking task as SUCCESS. dag_id=coffee_pipeline, task_id=ingest_data, run_id=manual__2026-05-01T19:01:59.431408+00:00, execution_date=20260501T190159, start_date=20260501T190239, end_date=20260501T190253
[2026-05-01T19:02:53.190+0000] {local_task_job_runner.py:243} INFO - Task exited with return code 0
[2026-05-01T19:02:53.279+0000] {taskinstance.py:3503} INFO - 1 downstream tasks scheduled from follow-on schedule check
[2026-05-01T19:02:53.299+0000] {local_task_job_runner.py:222} INFO - ::endgroup::
