[2026-05-01T19:46:58.102+0000] {local_task_job_runner.py:120} INFO - ::group::Pre task execution logs
[2026-05-01T19:46:58.149+0000] {taskinstance.py:2076} INFO - Dependencies all met for dep_context=non-requeueable deps ti=<TaskInstance: coffee_pipeline.dbt_marts scheduled__2025-01-08T00:00:00+00:00 [queued]>
[2026-05-01T19:46:58.166+0000] {taskinstance.py:2076} INFO - Dependencies all met for dep_context=requeueable deps ti=<TaskInstance: coffee_pipeline.dbt_marts scheduled__2025-01-08T00:00:00+00:00 [queued]>
[2026-05-01T19:46:58.168+0000] {taskinstance.py:2306} INFO - Starting attempt 1 of 2
[2026-05-01T19:46:58.197+0000] {taskinstance.py:2330} INFO - Executing <Task(BashOperator): dbt_marts> on 2025-01-08 00:00:00+00:00
[2026-05-01T19:46:58.213+0000] {warnings.py:112} WARNING - /home/***/.local/lib/python3.12/site-packages/***/task/task_runner/standard_task_runner.py:62: DeprecationWarning: This process (pid=1194) is multi-threaded, use of fork() may lead to deadlocks in the child.
  pid = os.fork()

[2026-05-01T19:46:58.216+0000] {standard_task_runner.py:64} INFO - Started process 1196 to run task
[2026-05-01T19:46:58.217+0000] {standard_task_runner.py:90} INFO - Running: ['***', 'tasks', 'run', 'coffee_pipeline', 'dbt_marts', 'scheduled__2025-01-08T00:00:00+00:00', '--job-id', '49', '--raw', '--subdir', 'DAGS_FOLDER/coffee_pipeline.py', '--cfg-path', '/tmp/tmpim88gevr']
[2026-05-01T19:46:58.223+0000] {standard_task_runner.py:91} INFO - Job 49: Subtask dbt_marts
[2026-05-01T19:46:58.324+0000] {task_command.py:426} INFO - Running <TaskInstance: coffee_pipeline.dbt_marts scheduled__2025-01-08T00:00:00+00:00 [running]> on host ***-worker
[2026-05-01T19:46:58.550+0000] {taskinstance.py:2648} INFO - Exporting env vars: AIRFLOW_CTX_DAG_OWNER='Khangelani' AIRFLOW_CTX_DAG_ID='coffee_pipeline' AIRFLOW_CTX_TASK_ID='dbt_marts' AIRFLOW_CTX_EXECUTION_DATE='2025-01-08T00:00:00+00:00' AIRFLOW_CTX_TRY_NUMBER='1' AIRFLOW_CTX_DAG_RUN_ID='scheduled__2025-01-08T00:00:00+00:00'
[2026-05-01T19:46:58.560+0000] {taskinstance.py:430} INFO - ::endgroup::
[2026-05-01T19:46:58.567+0000] {subprocess.py:63} INFO - Tmp dir root location: /tmp
[2026-05-01T19:46:58.574+0000] {subprocess.py:75} INFO - Running command: ['/usr/bin/bash', '-c', '\n        cd /opt/***/project/transform/coffee_project &&\n        dbt run --select marts --target prod\n        ']
[2026-05-01T19:46:58.603+0000] {subprocess.py:86} INFO - Output:
[2026-05-01T19:47:03.524+0000] {subprocess.py:93} INFO - [0m19:47:03  Running with dbt=1.8.7
[2026-05-01T19:47:11.040+0000] {subprocess.py:93} INFO - [0m19:47:11  Registered adapter: bigquery=1.9.2
[2026-05-01T19:47:13.030+0000] {subprocess.py:93} INFO - [0m19:47:13  [[33mWARNING[0m]: Configuration paths exist in your dbt_project.yml file which do not apply to any resources.
[2026-05-01T19:47:13.031+0000] {subprocess.py:93} INFO - There are 1 unused configuration paths:
[2026-05-01T19:47:13.034+0000] {subprocess.py:93} INFO - - models.coffee_project.example
[2026-05-01T19:47:13.860+0000] {subprocess.py:93} INFO - [0m19:47:13  Found 5 models, 2 data tests, 1 source, 489 macros
[2026-05-01T19:47:13.919+0000] {subprocess.py:93} INFO - [0m19:47:13
[2026-05-01T19:47:18.346+0000] {subprocess.py:93} INFO - [0m19:47:18  Concurrency: 4 threads (target='prod')
[2026-05-01T19:47:18.360+0000] {subprocess.py:93} INFO - [0m19:47:18
[2026-05-01T19:47:18.884+0000] {subprocess.py:93} INFO - [0m19:47:18  1 of 1 START sql view model coffee_prod.sales_mart ............................. [RUN]
[2026-05-01T19:47:24.369+0000] {subprocess.py:93} INFO - [0m19:47:24  1 of 1 OK created sql view model coffee_prod.sales_mart ........................ [[32mCREATE VIEW (0 processed)[0m in 5.47s]
[2026-05-01T19:47:24.566+0000] {subprocess.py:93} INFO - [0m19:47:24
[2026-05-01T19:47:24.572+0000] {subprocess.py:93} INFO - [0m19:47:24  Finished running 1 view model in 0 hours 0 minutes and 10.64 seconds (10.64s).
[2026-05-01T19:47:25.163+0000] {subprocess.py:93} INFO - [0m19:47:25
[2026-05-01T19:47:25.170+0000] {subprocess.py:93} INFO - [0m19:47:25  [32mCompleted successfully[0m
[2026-05-01T19:47:25.175+0000] {subprocess.py:93} INFO - [0m19:47:25
[2026-05-01T19:47:25.181+0000] {subprocess.py:93} INFO - [0m19:47:25  Done. PASS=1 WARN=0 ERROR=0 SKIP=0 TOTAL=1
[2026-05-01T19:47:32.795+0000] {subprocess.py:97} INFO - Command exited with return code 0
[2026-05-01T19:47:32.807+0000] {taskinstance.py:441} INFO - ::group::Post task execution logs
[2026-05-01T19:47:33.005+0000] {taskinstance.py:1206} INFO - Marking task as SUCCESS. dag_id=coffee_pipeline, task_id=dbt_marts, run_id=scheduled__2025-01-08T00:00:00+00:00, execution_date=20250108T000000, start_date=20260501T194658, end_date=20260501T194733
[2026-05-01T19:47:33.851+0000] {local_task_job_runner.py:243} INFO - Task exited with return code 0
[2026-05-01T19:47:34.311+0000] {taskinstance.py:3503} INFO - 1 downstream tasks scheduled from follow-on schedule check
[2026-05-01T19:47:34.382+0000] {local_task_job_runner.py:222} INFO - ::endgroup::
