[2026-05-01T19:48:34.634+0000] {local_task_job_runner.py:120} INFO - ::group::Pre task execution logs
[2026-05-01T19:48:34.672+0000] {taskinstance.py:2076} INFO - Dependencies all met for dep_context=non-requeueable deps ti=<TaskInstance: coffee_pipeline.dbt_staging scheduled__2025-01-09T00:00:00+00:00 [queued]>
[2026-05-01T19:48:34.689+0000] {taskinstance.py:2076} INFO - Dependencies all met for dep_context=requeueable deps ti=<TaskInstance: coffee_pipeline.dbt_staging scheduled__2025-01-09T00:00:00+00:00 [queued]>
[2026-05-01T19:48:34.691+0000] {taskinstance.py:2306} INFO - Starting attempt 1 of 2
[2026-05-01T19:48:34.721+0000] {taskinstance.py:2330} INFO - Executing <Task(BashOperator): dbt_staging> on 2025-01-09 00:00:00+00:00
[2026-05-01T19:48:34.736+0000] {warnings.py:112} WARNING - /home/***/.local/lib/python3.12/site-packages/***/task/task_runner/standard_task_runner.py:62: DeprecationWarning: This process (pid=1249) is multi-threaded, use of fork() may lead to deadlocks in the child.
  pid = os.fork()

[2026-05-01T19:48:34.743+0000] {standard_task_runner.py:64} INFO - Started process 1251 to run task
[2026-05-01T19:48:34.755+0000] {standard_task_runner.py:90} INFO - Running: ['***', 'tasks', 'run', 'coffee_pipeline', 'dbt_staging', 'scheduled__2025-01-09T00:00:00+00:00', '--job-id', '53', '--raw', '--subdir', 'DAGS_FOLDER/coffee_pipeline.py', '--cfg-path', '/tmp/tmpebxs83t0']
[2026-05-01T19:48:34.760+0000] {standard_task_runner.py:91} INFO - Job 53: Subtask dbt_staging
[2026-05-01T19:48:34.856+0000] {task_command.py:426} INFO - Running <TaskInstance: coffee_pipeline.dbt_staging scheduled__2025-01-09T00:00:00+00:00 [running]> on host ***-worker
[2026-05-01T19:48:35.048+0000] {taskinstance.py:2648} INFO - Exporting env vars: AIRFLOW_CTX_DAG_OWNER='Khangelani' AIRFLOW_CTX_DAG_ID='coffee_pipeline' AIRFLOW_CTX_TASK_ID='dbt_staging' AIRFLOW_CTX_EXECUTION_DATE='2025-01-09T00:00:00+00:00' AIRFLOW_CTX_TRY_NUMBER='1' AIRFLOW_CTX_DAG_RUN_ID='scheduled__2025-01-09T00:00:00+00:00'
[2026-05-01T19:48:35.054+0000] {taskinstance.py:430} INFO - ::endgroup::
[2026-05-01T19:48:35.056+0000] {subprocess.py:63} INFO - Tmp dir root location: /tmp
[2026-05-01T19:48:35.059+0000] {subprocess.py:75} INFO - Running command: ['/usr/bin/bash', '-c', '\n        cd /opt/***/project/transform/coffee_project &&\n        dbt run --select staging --target prod\n        ']
[2026-05-01T19:48:35.092+0000] {subprocess.py:86} INFO - Output:
[2026-05-01T19:48:39.231+0000] {subprocess.py:93} INFO - [0m19:48:39  Running with dbt=1.8.7
[2026-05-01T19:48:53.460+0000] {subprocess.py:93} INFO - [0m19:48:53  Registered adapter: bigquery=1.9.2
[2026-05-01T19:48:55.892+0000] {subprocess.py:93} INFO - [0m19:48:55  [[33mWARNING[0m]: Configuration paths exist in your dbt_project.yml file which do not apply to any resources.
[2026-05-01T19:48:55.899+0000] {subprocess.py:93} INFO - There are 1 unused configuration paths:
[2026-05-01T19:48:55.907+0000] {subprocess.py:93} INFO - - models.coffee_project.example
[2026-05-01T19:48:57.522+0000] {subprocess.py:93} INFO - [0m19:48:57  Found 5 models, 2 data tests, 1 source, 489 macros
[2026-05-01T19:48:57.568+0000] {subprocess.py:93} INFO - [0m19:48:57
[2026-05-01T19:49:01.882+0000] {subprocess.py:93} INFO - [0m19:49:01  Concurrency: 4 threads (target='prod')
[2026-05-01T19:49:01.887+0000] {subprocess.py:93} INFO - [0m19:49:01
[2026-05-01T19:49:01.916+0000] {subprocess.py:93} INFO - [0m19:49:01  1 of 1 START sql view model coffee_prod.staging_lower_manhattan ................ [RUN]
[2026-05-01T19:49:06.688+0000] {subprocess.py:93} INFO - [0m19:49:06  1 of 1 OK created sql view model coffee_prod.staging_lower_manhattan ........... [[32mCREATE VIEW (0 processed)[0m in 4.76s]
[2026-05-01T19:49:06.789+0000] {subprocess.py:93} INFO - [0m19:49:06
[2026-05-01T19:49:06.793+0000] {subprocess.py:93} INFO - [0m19:49:06  Finished running 1 view model in 0 hours 0 minutes and 9.19 seconds (9.19s).
[2026-05-01T19:49:07.266+0000] {subprocess.py:93} INFO - [0m19:49:07
[2026-05-01T19:49:07.270+0000] {subprocess.py:93} INFO - [0m19:49:07  [32mCompleted successfully[0m
[2026-05-01T19:49:07.274+0000] {subprocess.py:93} INFO - [0m19:49:07
[2026-05-01T19:49:07.279+0000] {subprocess.py:93} INFO - [0m19:49:07  Done. PASS=1 WARN=0 ERROR=0 SKIP=0 TOTAL=1
[2026-05-01T19:49:09.722+0000] {subprocess.py:97} INFO - Command exited with return code 0
[2026-05-01T19:49:09.725+0000] {taskinstance.py:441} INFO - ::group::Post task execution logs
[2026-05-01T19:49:09.770+0000] {taskinstance.py:1206} INFO - Marking task as SUCCESS. dag_id=coffee_pipeline, task_id=dbt_staging, run_id=scheduled__2025-01-09T00:00:00+00:00, execution_date=20250109T000000, start_date=20260501T194834, end_date=20260501T194909
[2026-05-01T19:49:09.841+0000] {local_task_job_runner.py:243} INFO - Task exited with return code 0
[2026-05-01T19:49:09.875+0000] {taskinstance.py:3503} INFO - 1 downstream tasks scheduled from follow-on schedule check
[2026-05-01T19:49:09.879+0000] {local_task_job_runner.py:222} INFO - ::endgroup::
