[2026-05-01T20:03:19.148+0000] {local_task_job_runner.py:120} INFO - ::group::Pre task execution logs
[2026-05-01T20:03:19.177+0000] {taskinstance.py:2076} INFO - Dependencies all met for dep_context=non-requeueable deps ti=<TaskInstance: coffee_pipeline.dbt_marts scheduled__2025-01-18T00:00:00+00:00 [queued]>
[2026-05-01T20:03:19.189+0000] {taskinstance.py:2076} INFO - Dependencies all met for dep_context=requeueable deps ti=<TaskInstance: coffee_pipeline.dbt_marts scheduled__2025-01-18T00:00:00+00:00 [queued]>
[2026-05-01T20:03:19.191+0000] {taskinstance.py:2306} INFO - Starting attempt 1 of 2
[2026-05-01T20:03:19.211+0000] {taskinstance.py:2330} INFO - Executing <Task(BashOperator): dbt_marts> on 2025-01-18 00:00:00+00:00
[2026-05-01T20:03:19.221+0000] {warnings.py:112} WARNING - /home/***/.local/lib/python3.12/site-packages/***/task/task_runner/standard_task_runner.py:62: DeprecationWarning: This process (pid=1964) is multi-threaded, use of fork() may lead to deadlocks in the child.
  pid = os.fork()

[2026-05-01T20:03:19.224+0000] {standard_task_runner.py:64} INFO - Started process 1966 to run task
[2026-05-01T20:03:19.224+0000] {standard_task_runner.py:90} INFO - Running: ['***', 'tasks', 'run', 'coffee_pipeline', 'dbt_marts', 'scheduled__2025-01-18T00:00:00+00:00', '--job-id', '99', '--raw', '--subdir', 'DAGS_FOLDER/coffee_pipeline.py', '--cfg-path', '/tmp/tmpa44lk4kf']
[2026-05-01T20:03:19.227+0000] {standard_task_runner.py:91} INFO - Job 99: Subtask dbt_marts
[2026-05-01T20:03:19.295+0000] {task_command.py:426} INFO - Running <TaskInstance: coffee_pipeline.dbt_marts scheduled__2025-01-18T00:00:00+00:00 [running]> on host ***-worker
[2026-05-01T20:03:19.411+0000] {taskinstance.py:2648} INFO - Exporting env vars: AIRFLOW_CTX_DAG_OWNER='Khangelani' AIRFLOW_CTX_DAG_ID='coffee_pipeline' AIRFLOW_CTX_TASK_ID='dbt_marts' AIRFLOW_CTX_EXECUTION_DATE='2025-01-18T00:00:00+00:00' AIRFLOW_CTX_TRY_NUMBER='1' AIRFLOW_CTX_DAG_RUN_ID='scheduled__2025-01-18T00:00:00+00:00'
[2026-05-01T20:03:19.415+0000] {taskinstance.py:430} INFO - ::endgroup::
[2026-05-01T20:03:19.417+0000] {subprocess.py:63} INFO - Tmp dir root location: /tmp
[2026-05-01T20:03:19.419+0000] {subprocess.py:75} INFO - Running command: ['/usr/bin/bash', '-c', '\n        cd /opt/***/project/transform/coffee_project &&\n        dbt run --select marts --target prod\n        ']
[2026-05-01T20:03:19.437+0000] {subprocess.py:86} INFO - Output:
[2026-05-01T20:03:23.085+0000] {subprocess.py:93} INFO - [0m20:03:23  Running with dbt=1.8.7
[2026-05-01T20:03:28.408+0000] {subprocess.py:93} INFO - [0m20:03:28  Registered adapter: bigquery=1.9.2
[2026-05-01T20:03:29.098+0000] {subprocess.py:93} INFO - [0m20:03:29  [[33mWARNING[0m]: Configuration paths exist in your dbt_project.yml file which do not apply to any resources.
[2026-05-01T20:03:29.104+0000] {subprocess.py:93} INFO - There are 1 unused configuration paths:
[2026-05-01T20:03:29.106+0000] {subprocess.py:93} INFO - - models.coffee_project.example
[2026-05-01T20:03:29.512+0000] {subprocess.py:93} INFO - [0m20:03:29  Found 5 models, 2 data tests, 1 source, 489 macros
[2026-05-01T20:03:29.531+0000] {subprocess.py:93} INFO - [0m20:03:29
[2026-05-01T20:03:33.745+0000] {subprocess.py:93} INFO - [0m20:03:33  Concurrency: 4 threads (target='prod')
[2026-05-01T20:03:33.750+0000] {subprocess.py:93} INFO - [0m20:03:33
[2026-05-01T20:03:33.772+0000] {subprocess.py:93} INFO - [0m20:03:33  1 of 1 START sql view model coffee_prod.sales_mart ............................. [RUN]
[2026-05-01T20:03:38.536+0000] {subprocess.py:93} INFO - [0m20:03:38  1 of 1 OK created sql view model coffee_prod.sales_mart ........................ [[32mCREATE VIEW (0 processed)[0m in 4.75s]
[2026-05-01T20:03:38.593+0000] {subprocess.py:93} INFO - [0m20:03:38
[2026-05-01T20:03:38.596+0000] {subprocess.py:93} INFO - [0m20:03:38  Finished running 1 view model in 0 hours 0 minutes and 9.06 seconds (9.06s).
[2026-05-01T20:03:39.010+0000] {subprocess.py:93} INFO - [0m20:03:39
[2026-05-01T20:03:39.014+0000] {subprocess.py:93} INFO - [0m20:03:39  [32mCompleted successfully[0m
[2026-05-01T20:03:39.017+0000] {subprocess.py:93} INFO - [0m20:03:39
[2026-05-01T20:03:39.020+0000] {subprocess.py:93} INFO - [0m20:03:39  Done. PASS=1 WARN=0 ERROR=0 SKIP=0 TOTAL=1
[2026-05-01T20:03:41.839+0000] {subprocess.py:97} INFO - Command exited with return code 0
[2026-05-01T20:03:41.841+0000] {taskinstance.py:441} INFO - ::group::Post task execution logs
[2026-05-01T20:03:41.871+0000] {taskinstance.py:1206} INFO - Marking task as SUCCESS. dag_id=coffee_pipeline, task_id=dbt_marts, run_id=scheduled__2025-01-18T00:00:00+00:00, execution_date=20250118T000000, start_date=20260501T200319, end_date=20260501T200341
[2026-05-01T20:03:41.931+0000] {local_task_job_runner.py:243} INFO - Task exited with return code 0
[2026-05-01T20:03:41.971+0000] {taskinstance.py:3503} INFO - 1 downstream tasks scheduled from follow-on schedule check
[2026-05-01T20:03:41.976+0000] {local_task_job_runner.py:222} INFO - ::endgroup::
