[2026-05-01T19:37:05.799+0000] {local_task_job_runner.py:120} INFO - ::group::Pre task execution logs
[2026-05-01T19:37:05.847+0000] {taskinstance.py:2076} INFO - Dependencies all met for dep_context=non-requeueable deps ti=<TaskInstance: coffee_pipeline.dbt_staging scheduled__2025-01-05T00:00:00+00:00 [queued]>
[2026-05-01T19:37:05.865+0000] {taskinstance.py:2076} INFO - Dependencies all met for dep_context=requeueable deps ti=<TaskInstance: coffee_pipeline.dbt_staging scheduled__2025-01-05T00:00:00+00:00 [queued]>
[2026-05-01T19:37:05.866+0000] {taskinstance.py:2306} INFO - Starting attempt 2 of 2
[2026-05-01T19:37:05.892+0000] {taskinstance.py:2330} INFO - Executing <Task(BashOperator): dbt_staging> on 2025-01-05 00:00:00+00:00
[2026-05-01T19:37:05.906+0000] {warnings.py:112} WARNING - /home/***/.local/lib/python3.12/site-packages/***/task/task_runner/standard_task_runner.py:62: DeprecationWarning: This process (pid=910) is multi-threaded, use of fork() may lead to deadlocks in the child.
  pid = os.fork()

[2026-05-01T19:37:05.911+0000] {standard_task_runner.py:64} INFO - Started process 912 to run task
[2026-05-01T19:37:05.912+0000] {standard_task_runner.py:90} INFO - Running: ['***', 'tasks', 'run', 'coffee_pipeline', 'dbt_staging', 'scheduled__2025-01-05T00:00:00+00:00', '--job-id', '31', '--raw', '--subdir', 'DAGS_FOLDER/coffee_pipeline.py', '--cfg-path', '/tmp/tmpmgsbytlo']
[2026-05-01T19:37:05.915+0000] {standard_task_runner.py:91} INFO - Job 31: Subtask dbt_staging
[2026-05-01T19:37:06.016+0000] {task_command.py:426} INFO - Running <TaskInstance: coffee_pipeline.dbt_staging scheduled__2025-01-05T00:00:00+00:00 [running]> on host ***-worker
[2026-05-01T19:37:06.211+0000] {taskinstance.py:2648} INFO - Exporting env vars: AIRFLOW_CTX_DAG_OWNER='Khangelani' AIRFLOW_CTX_DAG_ID='coffee_pipeline' AIRFLOW_CTX_TASK_ID='dbt_staging' AIRFLOW_CTX_EXECUTION_DATE='2025-01-05T00:00:00+00:00' AIRFLOW_CTX_TRY_NUMBER='2' AIRFLOW_CTX_DAG_RUN_ID='scheduled__2025-01-05T00:00:00+00:00'
[2026-05-01T19:37:06.222+0000] {taskinstance.py:430} INFO - ::endgroup::
[2026-05-01T19:37:06.226+0000] {subprocess.py:63} INFO - Tmp dir root location: /tmp
[2026-05-01T19:37:06.229+0000] {subprocess.py:75} INFO - Running command: ['/usr/bin/bash', '-c', '\n        cd /opt/***/project/transform/coffee_project &&\n        dbt run --select staging --target prod\n        ']
[2026-05-01T19:37:06.272+0000] {subprocess.py:86} INFO - Output:
[2026-05-01T19:37:11.177+0000] {subprocess.py:93} INFO - [0m19:37:11  Running with dbt=1.8.7
[2026-05-01T19:37:22.493+0000] {subprocess.py:93} INFO - [0m19:37:22  Registered adapter: bigquery=1.9.2
[2026-05-01T19:37:23.989+0000] {subprocess.py:93} INFO - [0m19:37:23  [[33mWARNING[0m]: Configuration paths exist in your dbt_project.yml file which do not apply to any resources.
[2026-05-01T19:37:23.995+0000] {subprocess.py:93} INFO - There are 1 unused configuration paths:
[2026-05-01T19:37:23.997+0000] {subprocess.py:93} INFO - - models.coffee_project.example
[2026-05-01T19:37:24.696+0000] {subprocess.py:93} INFO - [0m19:37:24  Found 5 models, 2 data tests, 1 source, 489 macros
[2026-05-01T19:37:24.713+0000] {subprocess.py:93} INFO - [0m19:37:24
[2026-05-01T19:37:28.571+0000] {subprocess.py:93} INFO - [0m19:37:28  Concurrency: 4 threads (target='prod')
[2026-05-01T19:37:28.579+0000] {subprocess.py:93} INFO - [0m19:37:28
[2026-05-01T19:37:28.604+0000] {subprocess.py:93} INFO - [0m19:37:28  1 of 1 START sql view model coffee_prod.staging_lower_manhattan ................ [RUN]
[2026-05-01T19:37:31.878+0000] {subprocess.py:93} INFO - [0m19:37:31  BigQuery adapter: https://console.cloud.google.com/bigquery?project=coffee-shop-updated&j=bq:US:a951b2db-f064-4455-8835-fbd7f3460989&page=queryresults
[2026-05-01T19:37:31.919+0000] {subprocess.py:93} INFO - [0m19:37:31  1 of 1 ERROR creating sql view model coffee_prod.staging_lower_manhattan ....... [[31mERROR[0m in 3.30s]
[2026-05-01T19:37:32.071+0000] {subprocess.py:93} INFO - [0m19:37:32
[2026-05-01T19:37:32.078+0000] {subprocess.py:93} INFO - [0m19:37:32  Finished running 1 view model in 0 hours 0 minutes and 7.35 seconds (7.35s).
[2026-05-01T19:37:32.480+0000] {subprocess.py:93} INFO - [0m19:37:32
[2026-05-01T19:37:32.485+0000] {subprocess.py:93} INFO - [0m19:37:32  [31mCompleted with 1 error and 0 warnings:[0m
[2026-05-01T19:37:32.496+0000] {subprocess.py:93} INFO - [0m19:37:32
[2026-05-01T19:37:32.500+0000] {subprocess.py:93} INFO - [0m19:37:32    Database Error in model staging_lower_manhattan (models/staging/staging_lower_manhattan.sql)
[2026-05-01T19:37:32.504+0000] {subprocess.py:93} INFO -   No matching signature for function PARSE_DATE
[2026-05-01T19:37:32.510+0000] {subprocess.py:93} INFO -     Argument types: STRING, DATE
[2026-05-01T19:37:32.515+0000] {subprocess.py:93} INFO -     Signature: PARSE_DATE(STRING, STRING)
[2026-05-01T19:37:32.518+0000] {subprocess.py:93} INFO -       Argument 2: Unable to coerce type DATE to expected type STRING at [29:5]
[2026-05-01T19:37:32.522+0000] {subprocess.py:93} INFO -   compiled code at target/run/coffee_project/models/staging/staging_lower_manhattan.sql
[2026-05-01T19:37:32.527+0000] {subprocess.py:93} INFO - [0m19:37:32
[2026-05-01T19:37:32.532+0000] {subprocess.py:93} INFO - [0m19:37:32  Done. PASS=0 WARN=0 ERROR=1 SKIP=0 TOTAL=1
[2026-05-01T19:37:35.263+0000] {subprocess.py:97} INFO - Command exited with return code 1
[2026-05-01T19:37:35.267+0000] {taskinstance.py:441} INFO - ::group::Post task execution logs
[2026-05-01T19:37:35.289+0000] {taskinstance.py:2905} ERROR - Task failed with exception
Traceback (most recent call last):
  File "/home/airflow/.local/lib/python3.12/site-packages/airflow/models/taskinstance.py", line 465, in _execute_task
    result = _execute_callable(context=context, **execute_callable_kwargs)
             ^^^^^^^^^^^^^^^^^^^^^^^^^^^^^^^^^^^^^^^^^^^^^^^^^^^^^^^^^^^^^
  File "/home/airflow/.local/lib/python3.12/site-packages/airflow/models/taskinstance.py", line 432, in _execute_callable
    return execute_callable(context=context, **execute_callable_kwargs)
           ^^^^^^^^^^^^^^^^^^^^^^^^^^^^^^^^^^^^^^^^^^^^^^^^^^^^^^^^^^^^
  File "/home/airflow/.local/lib/python3.12/site-packages/airflow/models/baseoperator.py", line 401, in wrapper
    return func(self, *args, **kwargs)
           ^^^^^^^^^^^^^^^^^^^^^^^^^^^
  File "/home/airflow/.local/lib/python3.12/site-packages/airflow/operators/bash.py", line 243, in execute
    raise AirflowException(
airflow.exceptions.AirflowException: Bash command failed. The command returned a non-zero exit code 1.
[2026-05-01T19:37:35.302+0000] {taskinstance.py:1206} INFO - Marking task as FAILED. dag_id=coffee_pipeline, task_id=dbt_staging, run_id=scheduled__2025-01-05T00:00:00+00:00, execution_date=20250105T000000, start_date=20260501T193705, end_date=20260501T193735
[2026-05-01T19:37:35.331+0000] {standard_task_runner.py:110} ERROR - Failed to execute job 31 for task dbt_staging (Bash command failed. The command returned a non-zero exit code 1.; 912)
[2026-05-01T19:37:35.371+0000] {local_task_job_runner.py:243} INFO - Task exited with return code 1
[2026-05-01T19:37:35.411+0000] {taskinstance.py:3503} INFO - 0 downstream tasks scheduled from follow-on schedule check
[2026-05-01T19:37:35.421+0000] {local_task_job_runner.py:222} INFO - ::endgroup::
