[2026-05-01T19:31:28.655+0000] {local_task_job_runner.py:120} INFO - ::group::Pre task execution logs
[2026-05-01T19:31:28.701+0000] {taskinstance.py:2076} INFO - Dependencies all met for dep_context=non-requeueable deps ti=<TaskInstance: coffee_pipeline.dbt_staging scheduled__2025-01-05T00:00:00+00:00 [queued]>
[2026-05-01T19:31:28.721+0000] {taskinstance.py:2076} INFO - Dependencies all met for dep_context=requeueable deps ti=<TaskInstance: coffee_pipeline.dbt_staging scheduled__2025-01-05T00:00:00+00:00 [queued]>
[2026-05-01T19:31:28.723+0000] {taskinstance.py:2306} INFO - Starting attempt 1 of 2
[2026-05-01T19:31:28.751+0000] {taskinstance.py:2330} INFO - Executing <Task(BashOperator): dbt_staging> on 2025-01-05 00:00:00+00:00
[2026-05-01T19:31:28.765+0000] {warnings.py:112} WARNING - /home/***/.local/lib/python3.12/site-packages/***/task/task_runner/standard_task_runner.py:62: DeprecationWarning: This process (pid=831) is multi-threaded, use of fork() may lead to deadlocks in the child.
  pid = os.fork()

[2026-05-01T19:31:28.769+0000] {standard_task_runner.py:64} INFO - Started process 833 to run task
[2026-05-01T19:31:28.770+0000] {standard_task_runner.py:90} INFO - Running: ['***', 'tasks', 'run', 'coffee_pipeline', 'dbt_staging', 'scheduled__2025-01-05T00:00:00+00:00', '--job-id', '30', '--raw', '--subdir', 'DAGS_FOLDER/coffee_pipeline.py', '--cfg-path', '/tmp/tmp6hfj_vjz']
[2026-05-01T19:31:28.775+0000] {standard_task_runner.py:91} INFO - Job 30: Subtask dbt_staging
[2026-05-01T19:31:28.871+0000] {task_command.py:426} INFO - Running <TaskInstance: coffee_pipeline.dbt_staging scheduled__2025-01-05T00:00:00+00:00 [running]> on host ***-worker
[2026-05-01T19:31:29.031+0000] {taskinstance.py:2648} INFO - Exporting env vars: AIRFLOW_CTX_DAG_OWNER='Khangelani' AIRFLOW_CTX_DAG_ID='coffee_pipeline' AIRFLOW_CTX_TASK_ID='dbt_staging' AIRFLOW_CTX_EXECUTION_DATE='2025-01-05T00:00:00+00:00' AIRFLOW_CTX_TRY_NUMBER='1' AIRFLOW_CTX_DAG_RUN_ID='scheduled__2025-01-05T00:00:00+00:00'
[2026-05-01T19:31:29.036+0000] {taskinstance.py:430} INFO - ::endgroup::
[2026-05-01T19:31:29.040+0000] {subprocess.py:63} INFO - Tmp dir root location: /tmp
[2026-05-01T19:31:29.044+0000] {subprocess.py:75} INFO - Running command: ['/usr/bin/bash', '-c', '\n        cd /opt/***/project/transform/coffee_project &&\n        dbt run --select staging --target prod\n        ']
[2026-05-01T19:31:29.069+0000] {subprocess.py:86} INFO - Output:
[2026-05-01T19:31:33.408+0000] {subprocess.py:93} INFO - [0m19:31:33  Running with dbt=1.8.7
[2026-05-01T19:31:39.574+0000] {subprocess.py:93} INFO - [0m19:31:39  Registered adapter: bigquery=1.9.2
[2026-05-01T19:31:41.507+0000] {subprocess.py:93} INFO - [0m19:31:41  [[33mWARNING[0m]: Configuration paths exist in your dbt_project.yml file which do not apply to any resources.
[2026-05-01T19:31:41.512+0000] {subprocess.py:93} INFO - There are 1 unused configuration paths:
[2026-05-01T19:31:41.519+0000] {subprocess.py:93} INFO - - models.coffee_project.example
[2026-05-01T19:31:42.782+0000] {subprocess.py:93} INFO - [0m19:31:42  Found 5 models, 2 data tests, 1 source, 489 macros
[2026-05-01T19:31:42.819+0000] {subprocess.py:93} INFO - [0m19:31:42
[2026-05-01T19:31:48.701+0000] {subprocess.py:93} INFO - [0m19:31:48  Concurrency: 4 threads (target='prod')
[2026-05-01T19:31:48.708+0000] {subprocess.py:93} INFO - [0m19:31:48
[2026-05-01T19:31:48.835+0000] {subprocess.py:93} INFO - [0m19:31:48  1 of 1 START sql view model coffee_prod.staging_lower_manhattan ................ [RUN]
[2026-05-01T19:31:53.337+0000] {subprocess.py:93} INFO - [0m19:31:53  BigQuery adapter: https://console.cloud.google.com/bigquery?project=coffee-shop-updated&j=bq:US:34413293-3e04-49ae-8dff-b02fbb92259b&page=queryresults
[2026-05-01T19:31:53.600+0000] {subprocess.py:93} INFO - [0m19:31:53  1 of 1 ERROR creating sql view model coffee_prod.staging_lower_manhattan ....... [[31mERROR[0m in 4.69s]
[2026-05-01T19:31:53.910+0000] {subprocess.py:93} INFO - [0m19:31:53
[2026-05-01T19:31:53.915+0000] {subprocess.py:93} INFO - [0m19:31:53  Finished running 1 view model in 0 hours 0 minutes and 11.06 seconds (11.06s).
[2026-05-01T19:31:55.159+0000] {subprocess.py:93} INFO - [0m19:31:55
[2026-05-01T19:31:55.179+0000] {subprocess.py:93} INFO - [0m19:31:55  [31mCompleted with 1 error and 0 warnings:[0m
[2026-05-01T19:31:55.222+0000] {subprocess.py:93} INFO - [0m19:31:55
[2026-05-01T19:31:55.246+0000] {subprocess.py:93} INFO - [0m19:31:55    Database Error in model staging_lower_manhattan (models/staging/staging_lower_manhattan.sql)
[2026-05-01T19:31:55.262+0000] {subprocess.py:93} INFO -   No matching signature for function PARSE_DATE
[2026-05-01T19:31:55.286+0000] {subprocess.py:93} INFO -     Argument types: STRING, DATE
[2026-05-01T19:31:55.301+0000] {subprocess.py:93} INFO -     Signature: PARSE_DATE(STRING, STRING)
[2026-05-01T19:31:55.304+0000] {subprocess.py:93} INFO -       Argument 2: Unable to coerce type DATE to expected type STRING at [29:5]
[2026-05-01T19:31:55.308+0000] {subprocess.py:93} INFO -   compiled code at target/run/coffee_project/models/staging/staging_lower_manhattan.sql
[2026-05-01T19:31:55.316+0000] {subprocess.py:93} INFO - [0m19:31:55
[2026-05-01T19:31:55.318+0000] {subprocess.py:93} INFO - [0m19:31:55  Done. PASS=0 WARN=0 ERROR=1 SKIP=0 TOTAL=1
[2026-05-01T19:32:01.940+0000] {subprocess.py:97} INFO - Command exited with return code 1
[2026-05-01T19:32:01.947+0000] {taskinstance.py:441} INFO - ::group::Post task execution logs
[2026-05-01T19:32:01.974+0000] {taskinstance.py:2905} ERROR - Task failed with exception
Traceback (most recent call last):
  File "/home/airflow/.local/lib/python3.12/site-packages/airflow/models/taskinstance.py", line 465, in _execute_task
    result = _execute_callable(context=context, **execute_callable_kwargs)
             ^^^^^^^^^^^^^^^^^^^^^^^^^^^^^^^^^^^^^^^^^^^^^^^^^^^^^^^^^^^^^
  File "/home/airflow/.local/lib/python3.12/site-packages/airflow/models/taskinstance.py", line 432, in _execute_callable
    return execute_callable(context=context, **execute_callable_kwargs)
           ^^^^^^^^^^^^^^^^^^^^^^^^^^^^^^^^^^^^^^^^^^^^^^^^^^^^^^^^^^^^
  File "/home/airflow/.local/lib/python3.12/site-packages/airflow/models/baseoperator.py", line 401, in wrapper
    return func(self, *args, **kwargs)
           ^^^^^^^^^^^^^^^^^^^^^^^^^^^
  File "/home/airflow/.local/lib/python3.12/site-packages/airflow/operators/bash.py", line 243, in execute
    raise AirflowException(
airflow.exceptions.AirflowException: Bash command failed. The command returned a non-zero exit code 1.
[2026-05-01T19:32:02.069+0000] {taskinstance.py:1206} INFO - Marking task as UP_FOR_RETRY. dag_id=coffee_pipeline, task_id=dbt_staging, run_id=scheduled__2025-01-05T00:00:00+00:00, execution_date=20250105T000000, start_date=20260501T193128, end_date=20260501T193202
[2026-05-01T19:32:02.151+0000] {standard_task_runner.py:110} ERROR - Failed to execute job 30 for task dbt_staging (Bash command failed. The command returned a non-zero exit code 1.; 833)
[2026-05-01T19:32:02.199+0000] {local_task_job_runner.py:243} INFO - Task exited with return code 1
[2026-05-01T19:32:02.296+0000] {taskinstance.py:3503} INFO - 0 downstream tasks scheduled from follow-on schedule check
[2026-05-01T19:32:02.308+0000] {local_task_job_runner.py:222} INFO - ::endgroup::
