[2026-05-01T19:53:29.053+0000] {local_task_job_runner.py:120} INFO - ::group::Pre task execution logs
[2026-05-01T19:53:29.090+0000] {taskinstance.py:2076} INFO - Dependencies all met for dep_context=non-requeueable deps ti=<TaskInstance: coffee_pipeline.dbt_marts scheduled__2025-01-12T00:00:00+00:00 [queued]>
[2026-05-01T19:53:29.110+0000] {taskinstance.py:2076} INFO - Dependencies all met for dep_context=requeueable deps ti=<TaskInstance: coffee_pipeline.dbt_marts scheduled__2025-01-12T00:00:00+00:00 [queued]>
[2026-05-01T19:53:29.118+0000] {taskinstance.py:2306} INFO - Starting attempt 1 of 2
[2026-05-01T19:53:29.147+0000] {taskinstance.py:2330} INFO - Executing <Task(BashOperator): dbt_marts> on 2025-01-12 00:00:00+00:00
[2026-05-01T19:53:29.157+0000] {warnings.py:112} WARNING - /home/***/.local/lib/python3.12/site-packages/***/task/task_runner/standard_task_runner.py:62: DeprecationWarning: This process (pid=1500) is multi-threaded, use of fork() may lead to deadlocks in the child.
  pid = os.fork()

[2026-05-01T19:53:29.161+0000] {standard_task_runner.py:64} INFO - Started process 1509 to run task
[2026-05-01T19:53:29.172+0000] {standard_task_runner.py:90} INFO - Running: ['***', 'tasks', 'run', 'coffee_pipeline', 'dbt_marts', 'scheduled__2025-01-12T00:00:00+00:00', '--job-id', '69', '--raw', '--subdir', 'DAGS_FOLDER/coffee_pipeline.py', '--cfg-path', '/tmp/tmp2eia6151']
[2026-05-01T19:53:29.174+0000] {standard_task_runner.py:91} INFO - Job 69: Subtask dbt_marts
[2026-05-01T19:53:29.253+0000] {task_command.py:426} INFO - Running <TaskInstance: coffee_pipeline.dbt_marts scheduled__2025-01-12T00:00:00+00:00 [running]> on host ***-worker
[2026-05-01T19:53:29.401+0000] {taskinstance.py:2648} INFO - Exporting env vars: AIRFLOW_CTX_DAG_OWNER='Khangelani' AIRFLOW_CTX_DAG_ID='coffee_pipeline' AIRFLOW_CTX_TASK_ID='dbt_marts' AIRFLOW_CTX_EXECUTION_DATE='2025-01-12T00:00:00+00:00' AIRFLOW_CTX_TRY_NUMBER='1' AIRFLOW_CTX_DAG_RUN_ID='scheduled__2025-01-12T00:00:00+00:00'
[2026-05-01T19:53:29.405+0000] {taskinstance.py:430} INFO - ::endgroup::
[2026-05-01T19:53:29.407+0000] {subprocess.py:63} INFO - Tmp dir root location: /tmp
[2026-05-01T19:53:29.410+0000] {subprocess.py:75} INFO - Running command: ['/usr/bin/bash', '-c', '\n        cd /opt/***/project/transform/coffee_project &&\n        dbt run --select marts --target prod\n        ']
[2026-05-01T19:53:29.439+0000] {subprocess.py:86} INFO - Output:
[2026-05-01T19:53:34.212+0000] {subprocess.py:93} INFO - [0m19:53:34  Running with dbt=1.8.7
[2026-05-01T19:53:43.145+0000] {subprocess.py:93} INFO - [0m19:53:43  Registered adapter: bigquery=1.9.2
[2026-05-01T19:53:45.158+0000] {subprocess.py:93} INFO - [0m19:53:45  [[33mWARNING[0m]: Configuration paths exist in your dbt_project.yml file which do not apply to any resources.
[2026-05-01T19:53:45.170+0000] {subprocess.py:93} INFO - There are 1 unused configuration paths:
[2026-05-01T19:53:45.173+0000] {subprocess.py:93} INFO - - models.coffee_project.example
[2026-05-01T19:53:45.892+0000] {subprocess.py:93} INFO - [0m19:53:45  Found 5 models, 2 data tests, 1 source, 489 macros
[2026-05-01T19:53:45.902+0000] {subprocess.py:93} INFO - [0m19:53:45
[2026-05-01T19:53:49.959+0000] {subprocess.py:93} INFO - [0m19:53:49  Concurrency: 4 threads (target='prod')
[2026-05-01T19:53:49.963+0000] {subprocess.py:93} INFO - [0m19:53:49
[2026-05-01T19:53:49.988+0000] {subprocess.py:93} INFO - [0m19:53:49  1 of 1 START sql view model coffee_prod.sales_mart ............................. [RUN]
[2026-05-01T19:53:54.896+0000] {subprocess.py:93} INFO - [0m19:53:54  1 of 1 OK created sql view model coffee_prod.sales_mart ........................ [[32mCREATE VIEW (0 processed)[0m in 4.88s]
[2026-05-01T19:53:55.239+0000] {subprocess.py:93} INFO - [0m19:53:55
[2026-05-01T19:53:55.252+0000] {subprocess.py:93} INFO - [0m19:53:55  Finished running 1 view model in 0 hours 0 minutes and 9.33 seconds (9.33s).
[2026-05-01T19:53:55.909+0000] {subprocess.py:93} INFO - [0m19:53:55
[2026-05-01T19:53:55.915+0000] {subprocess.py:93} INFO - [0m19:53:55  [32mCompleted successfully[0m
[2026-05-01T19:53:55.919+0000] {subprocess.py:93} INFO - [0m19:53:55
[2026-05-01T19:53:55.924+0000] {subprocess.py:93} INFO - [0m19:53:55  Done. PASS=1 WARN=0 ERROR=0 SKIP=0 TOTAL=1
[2026-05-01T19:53:58.829+0000] {subprocess.py:97} INFO - Command exited with return code 0
[2026-05-01T19:53:58.833+0000] {taskinstance.py:441} INFO - ::group::Post task execution logs
[2026-05-01T19:53:58.888+0000] {taskinstance.py:1206} INFO - Marking task as SUCCESS. dag_id=coffee_pipeline, task_id=dbt_marts, run_id=scheduled__2025-01-12T00:00:00+00:00, execution_date=20250112T000000, start_date=20260501T195329, end_date=20260501T195358
[2026-05-01T19:53:58.975+0000] {local_task_job_runner.py:243} INFO - Task exited with return code 0
[2026-05-01T19:53:59.018+0000] {taskinstance.py:3503} INFO - 0 downstream tasks scheduled from follow-on schedule check
[2026-05-01T19:53:59.025+0000] {local_task_job_runner.py:222} INFO - ::endgroup::
